y: [[-3.01948577e-01 -1.56999201e-01 -8.37100446e-02 ... -4.71909642e-02
   2.47504022e-02  4.47161568e-07]
 [ 2.74821997e-01 -1.02294907e-01 -5.63746214e-01 ... -4.59444225e-02
  -5.64354733e-02  4.47161568e-07]
 [ 5.95149398e-02  2.33263269e-01 -3.06408316e-01 ...  2.25831587e-02
  -1.20181506e-02  4.47161568e-07]
 ...
 [ 4.42554802e-01  3.15719873e-01  2.77699292e-01 ... -3.95034067e-02
  -1.14195935e-01  4.47161568e-07]
 [ 4.53366876e-01  1.46775022e-01  2.77601451e-01 ...  6.94388151e-03
  -6.98646232e-02  4.47161568e-07]
 [ 4.41307187e-01 -6.00950122e-01 -7.07667843e-02 ... -9.30655524e-02
   9.98187251e-03  4.47161568e-07]]
Dataset loaded: N=100000 (original 100000), C=3, H=28, W=28, y_dim=26
using device: cpu
Epoch 1/1250 - train 0.358333 - val 0.313636
Epoch 2/1250 - train 0.293525 - val 0.291004
Epoch 3/1250 - train 0.270011 - val 0.273111
Epoch 4/1250 - train 0.254424 - val 0.260597
Epoch 5/1250 - train 0.244023 - val 0.256910
Epoch 6/1250 - train 0.234202 - val 0.250955
Epoch 7/1250 - train 0.226380 - val 0.244499
Epoch 8/1250 - train 0.219492 - val 0.247428
Epoch 9/1250 - train 0.212915 - val 0.236363
Epoch 10/1250 - train 0.208013 - val 0.245728
Epoch 11/1250 - train 0.202563 - val 0.236994
Epoch 12/1250 - train 0.197810 - val 0.235559
Epoch 13/1250 - train 0.192970 - val 0.236320
Epoch 14/1250 - train 0.189127 - val 0.237584
Epoch 15/1250 - train 0.185036 - val 0.238667
Epoch 16/1250 - train 0.181215 - val 0.241875
Epoch 17/1250 - train 0.177027 - val 0.241803
Epoch 18/1250 - train 0.173378 - val 0.240251
Epoch 19/1250 - train 0.169066 - val 0.243719
Epoch 20/1250 - train 0.165469 - val 0.247191
Epoch 21/1250 - train 0.161668 - val 0.244276
Epoch 22/1250 - train 0.157842 - val 0.244496
Epoch 23/1250 - train 0.152974 - val 0.249276
Epoch 24/1250 - train 0.150378 - val 0.251890
Epoch 25/1250 - train 0.146166 - val 0.251152
Epoch 26/1250 - train 0.142694 - val 0.250280
Epoch 27/1250 - train 0.138667 - val 0.254528
Epoch 28/1250 - train 0.135114 - val 0.252752
Epoch 29/1250 - train 0.133139 - val 0.257262
Epoch 30/1250 - train 0.130160 - val 0.254107
Epoch 31/1250 - train 0.127080 - val 0.257348
Epoch 32/1250 - train 0.124669 - val 0.256046
Epoch 33/1250 - train 0.122126 - val 0.258911
Epoch 34/1250 - train 0.119734 - val 0.261488
Epoch 35/1250 - train 0.117438 - val 0.260339
Epoch 36/1250 - train 0.115776 - val 0.260916
Epoch 37/1250 - train 0.113643 - val 0.258529
Epoch 38/1250 - train 0.112473 - val 0.257440
Epoch 39/1250 - train 0.110640 - val 0.264444
Epoch 40/1250 - train 0.108928 - val 0.262910
Epoch 41/1250 - train 0.107623 - val 0.264394
Epoch 42/1250 - train 0.106787 - val 0.262487
Epoch 43/1250 - train 0.105039 - val 0.263268
Epoch 44/1250 - train 0.103190 - val 0.259694
Epoch 45/1250 - train 0.101977 - val 0.262883
Epoch 46/1250 - train 0.100720 - val 0.262780
Epoch 47/1250 - train 0.100340 - val 0.265356
Epoch 48/1250 - train 0.098839 - val 0.258658
Epoch 49/1250 - train 0.097655 - val 0.263210
Epoch 50/1250 - train 0.096722 - val 0.264611
Epoch 51/1250 - train 0.095667 - val 0.265380
Epoch 52/1250 - train 0.095189 - val 0.267221
Epoch 53/1250 - train 0.094091 - val 0.263491
Epoch 54/1250 - train 0.092970 - val 0.263083
Epoch 55/1250 - train 0.092340 - val 0.264175
Epoch 56/1250 - train 0.091364 - val 0.263777
Epoch 57/1250 - train 0.090574 - val 0.266008
Epoch 58/1250 - train 0.090397 - val 0.263652
Epoch 59/1250 - train 0.090005 - val 0.264569
Epoch 60/1250 - train 0.088265 - val 0.263103
Epoch 61/1250 - train 0.088047 - val 0.268362
Epoch 62/1250 - train 0.087080 - val 0.263692
Epoch 63/1250 - train 0.086882 - val 0.265362
Epoch 64/1250 - train 0.086331 - val 0.268045
Epoch 65/1250 - train 0.085632 - val 0.263955
Epoch 66/1250 - train 0.084773 - val 0.267220
Epoch 67/1250 - train 0.083966 - val 0.265792
Epoch 68/1250 - train 0.083355 - val 0.265970
Epoch 69/1250 - train 0.083975 - val 0.262574
Epoch 70/1250 - train 0.082521 - val 0.265438
Epoch 71/1250 - train 0.081699 - val 0.263917
Epoch 72/1250 - train 0.081391 - val 0.266149
Epoch 73/1250 - train 0.080876 - val 0.265795
Epoch 74/1250 - train 0.080370 - val 0.265016
Epoch 75/1250 - train 0.080274 - val 0.267418
Epoch 76/1250 - train 0.079813 - val 0.267293
Epoch 77/1250 - train 0.078923 - val 0.265286
Epoch 78/1250 - train 0.078451 - val 0.267029
Epoch 79/1250 - train 0.078646 - val 0.266994
Epoch 80/1250 - train 0.077420 - val 0.265274
Epoch 81/1250 - train 0.077011 - val 0.267597
Epoch 82/1250 - train 0.076763 - val 0.268318
Epoch 83/1250 - train 0.076416 - val 0.266191
Epoch 84/1250 - train 0.076168 - val 0.266684
Epoch 85/1250 - train 0.075441 - val 0.267479
Epoch 86/1250 - train 0.075057 - val 0.266594
Epoch 87/1250 - train 0.075124 - val 0.265792
Epoch 88/1250 - train 0.074538 - val 0.265654
Epoch 89/1250 - train 0.074095 - val 0.266671
Epoch 90/1250 - train 0.074077 - val 0.268423
Epoch 91/1250 - train 0.073502 - val 0.266190
Epoch 92/1250 - train 0.072719 - val 0.266543
Epoch 93/1250 - train 0.072714 - val 0.267639
Epoch 94/1250 - train 0.072588 - val 0.266122
Epoch 95/1250 - train 0.071859 - val 0.268149
Epoch 96/1250 - train 0.072136 - val 0.267062
Epoch 97/1250 - train 0.071524 - val 0.267368
Epoch 98/1250 - train 0.070853 - val 0.266591
Epoch 99/1250 - train 0.070371 - val 0.267509
Epoch 100/1250 - train 0.070407 - val 0.267926
Epoch 101/1250 - train 0.070635 - val 0.267961
Epoch 102/1250 - train 0.069905 - val 0.267387
Epoch 103/1250 - train 0.069688 - val 0.269855
Epoch 104/1250 - train 0.069541 - val 0.270427
Epoch 105/1250 - train 0.069228 - val 0.269183
Epoch 106/1250 - train 0.068924 - val 0.267036
Epoch 107/1250 - train 0.068354 - val 0.267618
Epoch 108/1250 - train 0.068132 - val 0.271088
Epoch 109/1250 - train 0.067883 - val 0.267364
Epoch 110/1250 - train 0.067944 - val 0.267661
Epoch 111/1250 - train 0.067316 - val 0.268123
Epoch 112/1250 - train 0.067058 - val 0.267771
Epoch 113/1250 - train 0.066679 - val 0.270701
Epoch 114/1250 - train 0.067156 - val 0.268700
Epoch 115/1250 - train 0.066630 - val 0.269055
Epoch 116/1250 - train 0.065945 - val 0.269113
Epoch 117/1250 - train 0.065698 - val 0.270173
Epoch 118/1250 - train 0.065661 - val 0.267923
Epoch 119/1250 - train 0.065491 - val 0.269350
Epoch 120/1250 - train 0.065647 - val 0.270114
Epoch 121/1250 - train 0.065430 - val 0.267702
Epoch 122/1250 - train 0.064426 - val 0.268138
Epoch 123/1250 - train 0.064408 - val 0.268620
Epoch 124/1250 - train 0.064425 - val 0.268155
Epoch 125/1250 - train 0.064116 - val 0.270242
Epoch 126/1250 - train 0.064541 - val 0.270051
Epoch 127/1250 - train 0.063627 - val 0.271249
Epoch 128/1250 - train 0.063554 - val 0.270712
Epoch 129/1250 - train 0.063336 - val 0.269207
Epoch 130/1250 - train 0.062925 - val 0.269996
Epoch 131/1250 - train 0.063007 - val 0.271098
Epoch 132/1250 - train 0.063362 - val 0.271349
Epoch 133/1250 - train 0.062541 - val 0.270622
Epoch 134/1250 - train 0.062456 - val 0.270792
Epoch 135/1250 - train 0.062201 - val 0.269737
Epoch 136/1250 - train 0.062121 - val 0.268857
Epoch 137/1250 - train 0.061619 - val 0.270972
Epoch 138/1250 - train 0.061762 - val 0.271676
Epoch 139/1250 - train 0.061544 - val 0.272064
Epoch 140/1250 - train 0.061323 - val 0.271365
Epoch 141/1250 - train 0.061115 - val 0.268617
Epoch 142/1250 - train 0.060808 - val 0.269759
Epoch 143/1250 - train 0.060671 - val 0.271788
Epoch 144/1250 - train 0.060595 - val 0.271188
Epoch 145/1250 - train 0.060387 - val 0.270888
Epoch 146/1250 - train 0.060070 - val 0.270756
Epoch 147/1250 - train 0.060211 - val 0.272131
Epoch 148/1250 - train 0.060245 - val 0.270340
Epoch 149/1250 - train 0.059630 - val 0.270143
Epoch 150/1250 - train 0.059682 - val 0.270939
Epoch 151/1250 - train 0.059507 - val 0.274332
Epoch 152/1250 - train 0.059248 - val 0.271407
Epoch 153/1250 - train 0.058980 - val 0.271332
Epoch 154/1250 - train 0.059226 - val 0.271306
Epoch 155/1250 - train 0.058831 - val 0.273099
Epoch 156/1250 - train 0.058641 - val 0.272251
Epoch 157/1250 - train 0.058378 - val 0.271906
Epoch 158/1250 - train 0.058312 - val 0.270628
Epoch 159/1250 - train 0.058274 - val 0.270942
Epoch 160/1250 - train 0.058430 - val 0.273463
Epoch 161/1250 - train 0.057863 - val 0.273677
Epoch 162/1250 - train 0.057843 - val 0.271848
Epoch 163/1250 - train 0.057633 - val 0.274115
Epoch 164/1250 - train 0.057784 - val 0.271788
Epoch 165/1250 - train 0.057134 - val 0.272365
Epoch 166/1250 - train 0.057379 - val 0.272771
Epoch 167/1250 - train 0.057692 - val 0.272664
Epoch 168/1250 - train 0.056980 - val 0.273035
Epoch 169/1250 - train 0.056885 - val 0.272821
Epoch 170/1250 - train 0.056671 - val 0.272186
Epoch 171/1250 - train 0.056694 - val 0.273033
Epoch 172/1250 - train 0.056733 - val 0.270832
Epoch 173/1250 - train 0.056393 - val 0.273772
Epoch 174/1250 - train 0.056197 - val 0.272436
Epoch 175/1250 - train 0.056153 - val 0.272851
Epoch 176/1250 - train 0.055920 - val 0.274319
Epoch 177/1250 - train 0.056076 - val 0.274101
Epoch 178/1250 - train 0.055759 - val 0.273899
Epoch 179/1250 - train 0.055844 - val 0.274859
Epoch 180/1250 - train 0.055497 - val 0.272965
Epoch 181/1250 - train 0.055219 - val 0.272596
Epoch 182/1250 - train 0.055412 - val 0.274671
Epoch 183/1250 - train 0.055122 - val 0.274542
Epoch 184/1250 - train 0.055222 - val 0.272601
Epoch 185/1250 - train 0.055222 - val 0.274231
Epoch 186/1250 - train 0.054714 - val 0.274279
Epoch 187/1250 - train 0.054648 - val 0.273525
Epoch 188/1250 - train 0.054642 - val 0.274488
Epoch 189/1250 - train 0.054414 - val 0.273837
Epoch 190/1250 - train 0.054581 - val 0.275021
Epoch 191/1250 - train 0.054367 - val 0.274492
Epoch 192/1250 - train 0.054109 - val 0.272040
Epoch 193/1250 - train 0.053816 - val 0.276308
Epoch 194/1250 - train 0.053638 - val 0.273647
Epoch 195/1250 - train 0.054122 - val 0.275202
Epoch 196/1250 - train 0.053774 - val 0.273252
Epoch 197/1250 - train 0.053772 - val 0.274561
Epoch 198/1250 - train 0.053498 - val 0.275399
Epoch 199/1250 - train 0.053370 - val 0.274773
Epoch 200/1250 - train 0.053586 - val 0.274546
Epoch 201/1250 - train 0.053297 - val 0.274850
Epoch 202/1250 - train 0.053175 - val 0.274590
Epoch 203/1250 - train 0.053142 - val 0.274944
Epoch 204/1250 - train 0.053071 - val 0.275808
Epoch 205/1250 - train 0.052702 - val 0.274895
Epoch 206/1250 - train 0.052560 - val 0.275407
Epoch 207/1250 - train 0.052711 - val 0.275311
Epoch 208/1250 - train 0.052430 - val 0.275038
Epoch 209/1250 - train 0.052438 - val 0.272907
Epoch 210/1250 - train 0.052822 - val 0.274466
Epoch 211/1250 - train 0.052548 - val 0.276478
Epoch 212/1250 - train 0.052176 - val 0.274699
Epoch 213/1250 - train 0.051936 - val 0.275910
Epoch 214/1250 - train 0.051957 - val 0.275031
Epoch 215/1250 - train 0.051858 - val 0.275930
Epoch 216/1250 - train 0.051920 - val 0.276748
Epoch 217/1250 - train 0.051548 - val 0.274594
Epoch 218/1250 - train 0.051726 - val 0.275278
Epoch 219/1250 - train 0.051682 - val 0.275844
Epoch 220/1250 - train 0.051692 - val 0.276135
Epoch 221/1250 - train 0.051666 - val 0.278143
Epoch 222/1250 - train 0.051174 - val 0.274846
Epoch 223/1250 - train 0.051191 - val 0.276086
Epoch 224/1250 - train 0.051184 - val 0.277569
Epoch 225/1250 - train 0.050918 - val 0.275871
Epoch 226/1250 - train 0.051111 - val 0.276563
Epoch 227/1250 - train 0.050958 - val 0.275451
Epoch 228/1250 - train 0.050771 - val 0.274726
Epoch 229/1250 - train 0.050667 - val 0.276861
Epoch 230/1250 - train 0.050751 - val 0.276938
Epoch 231/1250 - train 0.050526 - val 0.277344
Epoch 232/1250 - train 0.050289 - val 0.277153
Epoch 233/1250 - train 0.050404 - val 0.275857
Epoch 234/1250 - train 0.050464 - val 0.277346
Epoch 235/1250 - train 0.050111 - val 0.277379
Epoch 236/1250 - train 0.050416 - val 0.276567
Epoch 237/1250 - train 0.050248 - val 0.276275
Epoch 238/1250 - train 0.050033 - val 0.275907
Epoch 239/1250 - train 0.050186 - val 0.277083
Epoch 240/1250 - train 0.049868 - val 0.276008
Epoch 241/1250 - train 0.049742 - val 0.275713
Epoch 242/1250 - train 0.050016 - val 0.277891
Epoch 243/1250 - train 0.049863 - val 0.277672
Epoch 244/1250 - train 0.049569 - val 0.278126
Epoch 245/1250 - train 0.049408 - val 0.277697
Epoch 246/1250 - train 0.049468 - val 0.277544
Epoch 247/1250 - train 0.049323 - val 0.275791
Epoch 248/1250 - train 0.049351 - val 0.277804
Epoch 249/1250 - train 0.049547 - val 0.275523
Epoch 250/1250 - train 0.049167 - val 0.277315
Epoch 251/1250 - train 0.049004 - val 0.277930
Epoch 252/1250 - train 0.049075 - val 0.276552
Epoch 253/1250 - train 0.049058 - val 0.278103
Epoch 254/1250 - train 0.048838 - val 0.276809
Epoch 255/1250 - train 0.048816 - val 0.276831
Epoch 256/1250 - train 0.048804 - val 0.278785
Epoch 257/1250 - train 0.048647 - val 0.278530
Epoch 258/1250 - train 0.048673 - val 0.277567
Epoch 259/1250 - train 0.048618 - val 0.276631
Epoch 260/1250 - train 0.048565 - val 0.277321
Epoch 261/1250 - train 0.048495 - val 0.277133
Epoch 262/1250 - train 0.048277 - val 0.277841
Epoch 263/1250 - train 0.048283 - val 0.278488
Epoch 264/1250 - train 0.048118 - val 0.277765
Epoch 265/1250 - train 0.048128 - val 0.279204
Epoch 266/1250 - train 0.048156 - val 0.279193
Epoch 267/1250 - train 0.048326 - val 0.277675
Epoch 268/1250 - train 0.047986 - val 0.277871
Epoch 269/1250 - train 0.047881 - val 0.277739
Epoch 270/1250 - train 0.047829 - val 0.278845
Epoch 271/1250 - train 0.047619 - val 0.278086
Epoch 272/1250 - train 0.047884 - val 0.278957
Epoch 273/1250 - train 0.047871 - val 0.278301
Epoch 274/1250 - train 0.047638 - val 0.278226
Epoch 275/1250 - train 0.047657 - val 0.277518
Epoch 276/1250 - train 0.047346 - val 0.277948
Epoch 277/1250 - train 0.047359 - val 0.278324
Epoch 278/1250 - train 0.047243 - val 0.278490
Epoch 279/1250 - train 0.047364 - val 0.277572
Epoch 280/1250 - train 0.047297 - val 0.279805
Epoch 281/1250 - train 0.047211 - val 0.277306
Epoch 282/1250 - train 0.047009 - val 0.278698
Epoch 283/1250 - train 0.047188 - val 0.279375
Epoch 284/1250 - train 0.047200 - val 0.278417
Epoch 285/1250 - train 0.046940 - val 0.280390
Epoch 286/1250 - train 0.046910 - val 0.278423
Epoch 287/1250 - train 0.046924 - val 0.278927
Epoch 288/1250 - train 0.046763 - val 0.279890
Epoch 289/1250 - train 0.046739 - val 0.277632
Epoch 290/1250 - train 0.046665 - val 0.279546
Epoch 291/1250 - train 0.046691 - val 0.279064
Epoch 292/1250 - train 0.046484 - val 0.277938
Epoch 293/1250 - train 0.046600 - val 0.280525
Epoch 294/1250 - train 0.046490 - val 0.280153
Epoch 295/1250 - train 0.046353 - val 0.278436
Epoch 296/1250 - train 0.046424 - val 0.280471
Epoch 297/1250 - train 0.046394 - val 0.279597
Epoch 298/1250 - train 0.046164 - val 0.278415
Epoch 299/1250 - train 0.046000 - val 0.279283
Epoch 300/1250 - train 0.046049 - val 0.279206
Epoch 301/1250 - train 0.046158 - val 0.278524
Epoch 302/1250 - train 0.046199 - val 0.281256
Epoch 303/1250 - train 0.046017 - val 0.279151
Epoch 304/1250 - train 0.045849 - val 0.278551
Epoch 305/1250 - train 0.045769 - val 0.279917
Epoch 306/1250 - train 0.045885 - val 0.280689
Epoch 307/1250 - train 0.045719 - val 0.280594
Epoch 308/1250 - train 0.045994 - val 0.280780
Epoch 309/1250 - train 0.045711 - val 0.278902
Epoch 310/1250 - train 0.045589 - val 0.280948
Epoch 311/1250 - train 0.045384 - val 0.279664
Epoch 312/1250 - train 0.045527 - val 0.278357
Epoch 313/1250 - train 0.045444 - val 0.279695
Epoch 314/1250 - train 0.045260 - val 0.280668
Epoch 315/1250 - train 0.045580 - val 0.279469
Epoch 316/1250 - train 0.045487 - val 0.280613
Epoch 317/1250 - train 0.045291 - val 0.280106
Epoch 318/1250 - train 0.045369 - val 0.281868
Epoch 319/1250 - train 0.044972 - val 0.279971
Epoch 320/1250 - train 0.044985 - val 0.279897
Epoch 321/1250 - train 0.045069 - val 0.278960
Epoch 322/1250 - train 0.045117 - val 0.280535
Epoch 323/1250 - train 0.044948 - val 0.281390
Epoch 324/1250 - train 0.044965 - val 0.280926
Epoch 325/1250 - train 0.044859 - val 0.281369
Epoch 326/1250 - train 0.044908 - val 0.279812
Epoch 327/1250 - train 0.044726 - val 0.281795
Epoch 328/1250 - train 0.044917 - val 0.280921
Epoch 329/1250 - train 0.044588 - val 0.280279
Epoch 330/1250 - train 0.044588 - val 0.280380
Epoch 331/1250 - train 0.044606 - val 0.280068
Epoch 332/1250 - train 0.044885 - val 0.280191
Epoch 333/1250 - train 0.044756 - val 0.282537
Epoch 334/1250 - train 0.044321 - val 0.279379
Epoch 335/1250 - train 0.044563 - val 0.279492
Epoch 336/1250 - train 0.044421 - val 0.280082
Epoch 337/1250 - train 0.044399 - val 0.281265
Epoch 338/1250 - train 0.044363 - val 0.280514
Epoch 339/1250 - train 0.044310 - val 0.281933
Epoch 340/1250 - train 0.044187 - val 0.281486
Epoch 341/1250 - train 0.044207 - val 0.279624
Epoch 342/1250 - train 0.044095 - val 0.281555
Epoch 343/1250 - train 0.044031 - val 0.280241
Epoch 344/1250 - train 0.043911 - val 0.281846
Epoch 345/1250 - train 0.043982 - val 0.281283
Epoch 346/1250 - train 0.044098 - val 0.280800
Epoch 347/1250 - train 0.043809 - val 0.282013
Epoch 348/1250 - train 0.044064 - val 0.280976
Epoch 349/1250 - train 0.043992 - val 0.282852
Epoch 350/1250 - train 0.043819 - val 0.282118
Epoch 351/1250 - train 0.043654 - val 0.282372
Epoch 352/1250 - train 0.043621 - val 0.281519
Epoch 353/1250 - train 0.043790 - val 0.283182
Epoch 354/1250 - train 0.043522 - val 0.279961
Epoch 355/1250 - train 0.043441 - val 0.280910
Epoch 356/1250 - train 0.043664 - val 0.282270
Epoch 357/1250 - train 0.043588 - val 0.282100
Epoch 358/1250 - train 0.043378 - val 0.281415
Epoch 359/1250 - train 0.043541 - val 0.282582
Epoch 360/1250 - train 0.043399 - val 0.282769
Epoch 361/1250 - train 0.043660 - val 0.281535
Epoch 362/1250 - train 0.043186 - val 0.282501
Epoch 363/1250 - train 0.043200 - val 0.281302
Epoch 364/1250 - train 0.043204 - val 0.283375
Epoch 365/1250 - train 0.042981 - val 0.281359
Epoch 366/1250 - train 0.042941 - val 0.281926
Epoch 367/1250 - train 0.043085 - val 0.282072
Epoch 368/1250 - train 0.043237 - val 0.283555
Epoch 369/1250 - train 0.042983 - val 0.282904
Epoch 370/1250 - train 0.043168 - val 0.281432
Epoch 371/1250 - train 0.042978 - val 0.282869
Epoch 372/1250 - train 0.042932 - val 0.283403
Epoch 373/1250 - train 0.043015 - val 0.283567
Epoch 374/1250 - train 0.042997 - val 0.283844
Epoch 375/1250 - train 0.042819 - val 0.282345
Epoch 376/1250 - train 0.042743 - val 0.280740
Epoch 377/1250 - train 0.042578 - val 0.282888
Epoch 378/1250 - train 0.042747 - val 0.282300
Epoch 379/1250 - train 0.042526 - val 0.282743
Epoch 380/1250 - train 0.042660 - val 0.281958
Epoch 381/1250 - train 0.042740 - val 0.282556
Epoch 382/1250 - train 0.042578 - val 0.283965
Epoch 383/1250 - train 0.042701 - val 0.282790
Epoch 384/1250 - train 0.042446 - val 0.283118
Epoch 385/1250 - train 0.042345 - val 0.282548
Epoch 386/1250 - train 0.042417 - val 0.284056
Epoch 387/1250 - train 0.042442 - val 0.282466
Epoch 388/1250 - train 0.042204 - val 0.283926
Epoch 389/1250 - train 0.042349 - val 0.283078
Epoch 390/1250 - train 0.042144 - val 0.282261
Epoch 391/1250 - train 0.042391 - val 0.283141
Epoch 392/1250 - train 0.042258 - val 0.284019
Epoch 393/1250 - train 0.042107 - val 0.282641
Epoch 394/1250 - train 0.042073 - val 0.283321
Epoch 395/1250 - train 0.042109 - val 0.282041
Epoch 396/1250 - train 0.042083 - val 0.283926
Epoch 397/1250 - train 0.041921 - val 0.281791
Epoch 398/1250 - train 0.041919 - val 0.282757
Epoch 399/1250 - train 0.042109 - val 0.282396
Epoch 400/1250 - train 0.042262 - val 0.282911
Epoch 401/1250 - train 0.041890 - val 0.283388
Epoch 402/1250 - train 0.041844 - val 0.284411
Epoch 403/1250 - train 0.041835 - val 0.282654
Epoch 404/1250 - train 0.041771 - val 0.283723
Epoch 405/1250 - train 0.041831 - val 0.282463
Epoch 406/1250 - train 0.041606 - val 0.284003
Epoch 407/1250 - train 0.041772 - val 0.283981
Epoch 408/1250 - train 0.041646 - val 0.282383
Epoch 409/1250 - train 0.041748 - val 0.284326
Epoch 410/1250 - train 0.041448 - val 0.283354
Epoch 411/1250 - train 0.041409 - val 0.284487
Epoch 412/1250 - train 0.041576 - val 0.284475
Epoch 413/1250 - train 0.041500 - val 0.284520
Epoch 414/1250 - train 0.041452 - val 0.284862
Epoch 415/1250 - train 0.041584 - val 0.283222
Epoch 416/1250 - train 0.041635 - val 0.283158
Epoch 417/1250 - train 0.041446 - val 0.282719
Epoch 418/1250 - train 0.041094 - val 0.283915
Epoch 419/1250 - train 0.041146 - val 0.284156
Epoch 420/1250 - train 0.041318 - val 0.282873
Epoch 421/1250 - train 0.041303 - val 0.283593
Epoch 422/1250 - train 0.041266 - val 0.284393
Epoch 423/1250 - train 0.041358 - val 0.283572
Epoch 424/1250 - train 0.041053 - val 0.284430
Epoch 425/1250 - train 0.040952 - val 0.284012
Epoch 426/1250 - train 0.041127 - val 0.285750
Epoch 427/1250 - train 0.041078 - val 0.284135
Epoch 428/1250 - train 0.041102 - val 0.284140
Epoch 429/1250 - train 0.041030 - val 0.283681
Epoch 430/1250 - train 0.040915 - val 0.284565
Epoch 431/1250 - train 0.040902 - val 0.283760
Epoch 432/1250 - train 0.040947 - val 0.284446
Epoch 433/1250 - train 0.040843 - val 0.285572
Epoch 434/1250 - train 0.040870 - val 0.284942
Epoch 435/1250 - train 0.040622 - val 0.283711
Epoch 436/1250 - train 0.040836 - val 0.284141
Epoch 437/1250 - train 0.040684 - val 0.284221
Epoch 438/1250 - train 0.041057 - val 0.284581
Epoch 439/1250 - train 0.040791 - val 0.284012
Epoch 440/1250 - train 0.040609 - val 0.284062
Epoch 441/1250 - train 0.040587 - val 0.286440
Epoch 442/1250 - train 0.040650 - val 0.285455
Epoch 443/1250 - train 0.040583 - val 0.284692
Epoch 444/1250 - train 0.040551 - val 0.283149
Epoch 445/1250 - train 0.040613 - val 0.285401
Epoch 446/1250 - train 0.040608 - val 0.286350
Epoch 447/1250 - train 0.040422 - val 0.283098
Epoch 448/1250 - train 0.040404 - val 0.285817
Epoch 449/1250 - train 0.040316 - val 0.285057
Epoch 450/1250 - train 0.040450 - val 0.284208
Epoch 451/1250 - train 0.040203 - val 0.284106
Epoch 452/1250 - train 0.040482 - val 0.285702
Epoch 453/1250 - train 0.040224 - val 0.285669
Epoch 454/1250 - train 0.040218 - val 0.283777
Epoch 455/1250 - train 0.040264 - val 0.284099
Epoch 456/1250 - train 0.040135 - val 0.285132
Epoch 457/1250 - train 0.040251 - val 0.285194
Epoch 458/1250 - train 0.040083 - val 0.286144
Epoch 459/1250 - train 0.040158 - val 0.284969
Epoch 460/1250 - train 0.040145 - val 0.285151
Epoch 461/1250 - train 0.040095 - val 0.283627
Epoch 462/1250 - train 0.039929 - val 0.284187
Epoch 463/1250 - train 0.039988 - val 0.285647
Epoch 464/1250 - train 0.039970 - val 0.285254
Epoch 465/1250 - train 0.039859 - val 0.286298
Epoch 466/1250 - train 0.040176 - val 0.285530
Epoch 467/1250 - train 0.039896 - val 0.285784
Epoch 468/1250 - train 0.039862 - val 0.285418
Epoch 469/1250 - train 0.039893 - val 0.285473
Epoch 470/1250 - train 0.039685 - val 0.285219
Epoch 471/1250 - train 0.039778 - val 0.285753
Epoch 472/1250 - train 0.039845 - val 0.285592
Epoch 473/1250 - train 0.039868 - val 0.283925
Epoch 474/1250 - train 0.039674 - val 0.285829
Epoch 475/1250 - train 0.039696 - val 0.286007
Epoch 476/1250 - train 0.039585 - val 0.286929
Epoch 477/1250 - train 0.039831 - val 0.284855
Epoch 478/1250 - train 0.039605 - val 0.286697
Epoch 479/1250 - train 0.039542 - val 0.286409
Epoch 480/1250 - train 0.039566 - val 0.287019
Epoch 481/1250 - train 0.039697 - val 0.284500
Epoch 482/1250 - train 0.039575 - val 0.286449
Epoch 483/1250 - train 0.039378 - val 0.284865
Epoch 484/1250 - train 0.039460 - val 0.285014
Epoch 485/1250 - train 0.039358 - val 0.285298
Epoch 486/1250 - train 0.039453 - val 0.286258
Epoch 487/1250 - train 0.039319 - val 0.286055
Epoch 488/1250 - train 0.039211 - val 0.286841
Epoch 489/1250 - train 0.039397 - val 0.285029
Epoch 490/1250 - train 0.039414 - val 0.287159
Epoch 491/1250 - train 0.039350 - val 0.284911
Epoch 492/1250 - train 0.039183 - val 0.287201
Epoch 493/1250 - train 0.039335 - val 0.287030
Epoch 494/1250 - train 0.039395 - val 0.286335
Epoch 495/1250 - train 0.039208 - val 0.285064
Epoch 496/1250 - train 0.038949 - val 0.286615
Epoch 497/1250 - train 0.039330 - val 0.285720
Epoch 498/1250 - train 0.039059 - val 0.285866
Epoch 499/1250 - train 0.038968 - val 0.285840
Epoch 500/1250 - train 0.039152 - val 0.286059
Epoch 501/1250 - train 0.038994 - val 0.286212
Epoch 502/1250 - train 0.039141 - val 0.286646
Epoch 503/1250 - train 0.039092 - val 0.285451
Epoch 504/1250 - train 0.039148 - val 0.285907
Epoch 505/1250 - train 0.038847 - val 0.285363
Epoch 506/1250 - train 0.038868 - val 0.286904
Epoch 507/1250 - train 0.038914 - val 0.286622
Epoch 508/1250 - train 0.038880 - val 0.287677
Epoch 509/1250 - train 0.038961 - val 0.286650
Epoch 510/1250 - train 0.038864 - val 0.285745
Epoch 511/1250 - train 0.039029 - val 0.286918
Epoch 512/1250 - train 0.038699 - val 0.286707
Epoch 513/1250 - train 0.038749 - val 0.285082
Epoch 514/1250 - train 0.038806 - val 0.286134
Epoch 515/1250 - train 0.038664 - val 0.286938
Epoch 516/1250 - train 0.038842 - val 0.288246
Epoch 517/1250 - train 0.038605 - val 0.286039
Epoch 518/1250 - train 0.038766 - val 0.285460
Epoch 519/1250 - train 0.038648 - val 0.286529
Epoch 520/1250 - train 0.038785 - val 0.287258
Epoch 521/1250 - train 0.038574 - val 0.287458
Epoch 522/1250 - train 0.038401 - val 0.287088
Epoch 523/1250 - train 0.038464 - val 0.286809
Epoch 524/1250 - train 0.038508 - val 0.287443
Epoch 525/1250 - train 0.038460 - val 0.287352
Epoch 526/1250 - train 0.038511 - val 0.288145
Epoch 527/1250 - train 0.038606 - val 0.287472
Epoch 528/1250 - train 0.038608 - val 0.287380
Epoch 529/1250 - train 0.038449 - val 0.285936
Epoch 530/1250 - train 0.038472 - val 0.286969
Epoch 531/1250 - train 0.038274 - val 0.287319
Epoch 532/1250 - train 0.038360 - val 0.287424
Epoch 533/1250 - train 0.038399 - val 0.286544
Epoch 534/1250 - train 0.038371 - val 0.287059
Epoch 535/1250 - train 0.038328 - val 0.286355
Epoch 536/1250 - train 0.038213 - val 0.287188
Epoch 537/1250 - train 0.038353 - val 0.287620
Epoch 538/1250 - train 0.038306 - val 0.286337
Epoch 539/1250 - train 0.038149 - val 0.288046
Epoch 540/1250 - train 0.038063 - val 0.287110
Epoch 541/1250 - train 0.038162 - val 0.287593
Epoch 542/1250 - train 0.038144 - val 0.286982
Epoch 543/1250 - train 0.038092 - val 0.289009
Epoch 544/1250 - train 0.038081 - val 0.288105
Epoch 545/1250 - train 0.038050 - val 0.286348
Epoch 546/1250 - train 0.037948 - val 0.288441
Epoch 547/1250 - train 0.038152 - val 0.288145
Epoch 548/1250 - train 0.038013 - val 0.287203
Epoch 549/1250 - train 0.038063 - val 0.286229
Epoch 550/1250 - train 0.038073 - val 0.287509
Epoch 551/1250 - train 0.037941 - val 0.288037
Epoch 552/1250 - train 0.037867 - val 0.286668
Epoch 553/1250 - train 0.037988 - val 0.287274
Epoch 554/1250 - train 0.037985 - val 0.287412
Epoch 555/1250 - train 0.037755 - val 0.287220
Epoch 556/1250 - train 0.037690 - val 0.288732
Epoch 557/1250 - train 0.038003 - val 0.288719
Epoch 558/1250 - train 0.037901 - val 0.289368
Epoch 559/1250 - train 0.037693 - val 0.287521
Epoch 560/1250 - train 0.037708 - val 0.289011
Epoch 561/1250 - train 0.037758 - val 0.287327
Epoch 562/1250 - train 0.037758 - val 0.287371
Epoch 563/1250 - train 0.037703 - val 0.287555
Epoch 564/1250 - train 0.037692 - val 0.287505
Epoch 565/1250 - train 0.037782 - val 0.288957
Epoch 566/1250 - train 0.037640 - val 0.287929
Epoch 567/1250 - train 0.037777 - val 0.287891
Epoch 568/1250 - train 0.037587 - val 0.288649
Epoch 569/1250 - train 0.037460 - val 0.288095
Epoch 570/1250 - train 0.037564 - val 0.288012
Epoch 571/1250 - train 0.037585 - val 0.287140
Epoch 572/1250 - train 0.037605 - val 0.288221
Epoch 573/1250 - train 0.037570 - val 0.287930
Epoch 574/1250 - train 0.037576 - val 0.288127
Epoch 575/1250 - train 0.037541 - val 0.288810
Epoch 576/1250 - train 0.037593 - val 0.288041
Epoch 577/1250 - train 0.037377 - val 0.288471
Epoch 578/1250 - train 0.037311 - val 0.288371
Epoch 579/1250 - train 0.037160 - val 0.288738
Epoch 580/1250 - train 0.037240 - val 0.288041
Epoch 581/1250 - train 0.037301 - val 0.288698
Epoch 582/1250 - train 0.037490 - val 0.288735
Epoch 583/1250 - train 0.037456 - val 0.288886
Epoch 584/1250 - train 0.037261 - val 0.288352
Epoch 585/1250 - train 0.037158 - val 0.288871
Epoch 586/1250 - train 0.037145 - val 0.289674
Epoch 587/1250 - train 0.037394 - val 0.288969
Epoch 588/1250 - train 0.037184 - val 0.288300
Epoch 589/1250 - train 0.037058 - val 0.289376
Epoch 590/1250 - train 0.037186 - val 0.287741
Epoch 591/1250 - train 0.037153 - val 0.288101
Epoch 592/1250 - train 0.037153 - val 0.288848
Epoch 593/1250 - train 0.037118 - val 0.288913
Epoch 594/1250 - train 0.037057 - val 0.288025
Epoch 595/1250 - train 0.037062 - val 0.288532
Epoch 596/1250 - train 0.037262 - val 0.288721
Epoch 597/1250 - train 0.037096 - val 0.287361
Epoch 598/1250 - train 0.036995 - val 0.287538
Epoch 599/1250 - train 0.037060 - val 0.287827
Epoch 600/1250 - train 0.036977 - val 0.288828
Epoch 601/1250 - train 0.037080 - val 0.288860
Epoch 602/1250 - train 0.036872 - val 0.289313
Epoch 603/1250 - train 0.036972 - val 0.287790
Epoch 604/1250 - train 0.037065 - val 0.288989
Epoch 605/1250 - train 0.036897 - val 0.288443
Epoch 606/1250 - train 0.036837 - val 0.288985
Epoch 607/1250 - train 0.036763 - val 0.290018
Epoch 608/1250 - train 0.036889 - val 0.289024
Epoch 609/1250 - train 0.036966 - val 0.289279
Epoch 610/1250 - train 0.036848 - val 0.288501
Epoch 611/1250 - train 0.036691 - val 0.289386
Epoch 612/1250 - train 0.036770 - val 0.289180
Epoch 613/1250 - train 0.036765 - val 0.289274
Epoch 614/1250 - train 0.036749 - val 0.289874
Epoch 615/1250 - train 0.036755 - val 0.288926
Epoch 616/1250 - train 0.036702 - val 0.289108
Epoch 617/1250 - train 0.036604 - val 0.289174
Epoch 618/1250 - train 0.036633 - val 0.289974
Epoch 619/1250 - train 0.036665 - val 0.288915
Epoch 620/1250 - train 0.036655 - val 0.289204
Epoch 621/1250 - train 0.036678 - val 0.289307
Epoch 622/1250 - train 0.036494 - val 0.288749
Epoch 623/1250 - train 0.036604 - val 0.289707
Epoch 624/1250 - train 0.036560 - val 0.288983
Epoch 625/1250 - train 0.036654 - val 0.289941
Epoch 626/1250 - train 0.036573 - val 0.288852
Epoch 627/1250 - train 0.036650 - val 0.289777
Epoch 628/1250 - train 0.036457 - val 0.289420
Epoch 629/1250 - train 0.036475 - val 0.288635
Epoch 630/1250 - train 0.036668 - val 0.289226
Epoch 631/1250 - train 0.036465 - val 0.290359
Epoch 632/1250 - train 0.036322 - val 0.289519
Epoch 633/1250 - train 0.036376 - val 0.289658
Epoch 634/1250 - train 0.036448 - val 0.289595
Epoch 635/1250 - train 0.036420 - val 0.290772
Epoch 636/1250 - train 0.036177 - val 0.288258
Epoch 637/1250 - train 0.036262 - val 0.288428
Epoch 638/1250 - train 0.036383 - val 0.290114
Epoch 639/1250 - train 0.036542 - val 0.288667
Epoch 640/1250 - train 0.036327 - val 0.291356
Epoch 641/1250 - train 0.036379 - val 0.290221
Epoch 642/1250 - train 0.036253 - val 0.288752
Epoch 643/1250 - train 0.036132 - val 0.289397
Epoch 644/1250 - train 0.036309 - val 0.290080
Epoch 645/1250 - train 0.036283 - val 0.289459
Epoch 646/1250 - train 0.036299 - val 0.288958
Epoch 647/1250 - train 0.036179 - val 0.288605
Epoch 648/1250 - train 0.036182 - val 0.290962
Epoch 649/1250 - train 0.036039 - val 0.290368
Epoch 650/1250 - train 0.036191 - val 0.288540
Epoch 651/1250 - train 0.036127 - val 0.290123
Epoch 652/1250 - train 0.036062 - val 0.289564
Epoch 653/1250 - train 0.036184 - val 0.290198
Epoch 654/1250 - train 0.036157 - val 0.288998
Epoch 655/1250 - train 0.035932 - val 0.290783
Epoch 656/1250 - train 0.035926 - val 0.288725
Epoch 657/1250 - train 0.036069 - val 0.289979
Epoch 658/1250 - train 0.036083 - val 0.290742
Epoch 659/1250 - train 0.035990 - val 0.289532
Epoch 660/1250 - train 0.035956 - val 0.290458
Epoch 661/1250 - train 0.035869 - val 0.289808
Epoch 662/1250 - train 0.035862 - val 0.290774
Epoch 663/1250 - train 0.035976 - val 0.289658
Epoch 664/1250 - train 0.035933 - val 0.290131
Epoch 665/1250 - train 0.035887 - val 0.289667
Epoch 666/1250 - train 0.036043 - val 0.290244
Epoch 667/1250 - train 0.035845 - val 0.290814
Epoch 668/1250 - train 0.035922 - val 0.290032
Epoch 669/1250 - train 0.035886 - val 0.290006
Epoch 670/1250 - train 0.035781 - val 0.289859
Epoch 671/1250 - train 0.035816 - val 0.289643
Epoch 672/1250 - train 0.035797 - val 0.291103
Epoch 673/1250 - train 0.035678 - val 0.290729
Epoch 674/1250 - train 0.035771 - val 0.290809
Epoch 675/1250 - train 0.035751 - val 0.290382
Epoch 676/1250 - train 0.035661 - val 0.289666
Epoch 677/1250 - train 0.035736 - val 0.290344
Epoch 678/1250 - train 0.035752 - val 0.291675
Epoch 679/1250 - train 0.035695 - val 0.289615
Epoch 680/1250 - train 0.035676 - val 0.290544
Epoch 681/1250 - train 0.035690 - val 0.290370
Epoch 682/1250 - train 0.035683 - val 0.290879
Epoch 683/1250 - train 0.035608 - val 0.290900
Epoch 684/1250 - train 0.035722 - val 0.291258
Epoch 685/1250 - train 0.035545 - val 0.290504
Epoch 686/1250 - train 0.035604 - val 0.291135
Epoch 687/1250 - train 0.035528 - val 0.291436
Epoch 688/1250 - train 0.035538 - val 0.292670
Epoch 689/1250 - train 0.035623 - val 0.290878
Epoch 690/1250 - train 0.035519 - val 0.290546
Epoch 691/1250 - train 0.035417 - val 0.291050
Epoch 692/1250 - train 0.035575 - val 0.290939
Epoch 693/1250 - train 0.035681 - val 0.289490
Epoch 694/1250 - train 0.035637 - val 0.290723
Epoch 695/1250 - train 0.035440 - val 0.291167
Epoch 696/1250 - train 0.035315 - val 0.290988
Epoch 697/1250 - train 0.035444 - val 0.290186
Epoch 698/1250 - train 0.035468 - val 0.289778
Epoch 699/1250 - train 0.035452 - val 0.290402
Epoch 700/1250 - train 0.035299 - val 0.290494
Epoch 701/1250 - train 0.035352 - val 0.291618
Epoch 702/1250 - train 0.035290 - val 0.290819
Epoch 703/1250 - train 0.035351 - val 0.290478
Epoch 704/1250 - train 0.035464 - val 0.291499
Epoch 705/1250 - train 0.035172 - val 0.291241
Epoch 706/1250 - train 0.035350 - val 0.291192
Epoch 707/1250 - train 0.035407 - val 0.289908
Epoch 708/1250 - train 0.035186 - val 0.290120
Epoch 709/1250 - train 0.035244 - val 0.291558
Epoch 710/1250 - train 0.035244 - val 0.290325
Epoch 711/1250 - train 0.035303 - val 0.290126
Epoch 712/1250 - train 0.035096 - val 0.291024
Epoch 713/1250 - train 0.035298 - val 0.290139
Epoch 714/1250 - train 0.035360 - val 0.290026
Epoch 715/1250 - train 0.035150 - val 0.290187
Epoch 716/1250 - train 0.035159 - val 0.291806
Epoch 717/1250 - train 0.035109 - val 0.290160
Epoch 718/1250 - train 0.035050 - val 0.291027
Epoch 719/1250 - train 0.035016 - val 0.292347
Epoch 720/1250 - train 0.035028 - val 0.291814
Epoch 721/1250 - train 0.034919 - val 0.290831
Epoch 722/1250 - train 0.035076 - val 0.292027
Epoch 723/1250 - train 0.034988 - val 0.292089
Epoch 724/1250 - train 0.035244 - val 0.290895
Epoch 725/1250 - train 0.035121 - val 0.291504
Epoch 726/1250 - train 0.035010 - val 0.291852
Epoch 727/1250 - train 0.034968 - val 0.292101
Epoch 728/1250 - train 0.034920 - val 0.290690
Epoch 729/1250 - train 0.035003 - val 0.291673
Epoch 730/1250 - train 0.034949 - val 0.291004
Epoch 731/1250 - train 0.034940 - val 0.291781
Epoch 732/1250 - train 0.034962 - val 0.292577
Epoch 733/1250 - train 0.034884 - val 0.291114
Epoch 734/1250 - train 0.034810 - val 0.291243
Epoch 735/1250 - train 0.034947 - val 0.291169
Epoch 736/1250 - train 0.035000 - val 0.291472
Epoch 737/1250 - train 0.034935 - val 0.292140
Epoch 738/1250 - train 0.034856 - val 0.292241
Epoch 739/1250 - train 0.034790 - val 0.290919
Epoch 740/1250 - train 0.034798 - val 0.291185
Epoch 741/1250 - train 0.034821 - val 0.290904
Epoch 742/1250 - train 0.034704 - val 0.290797
Epoch 743/1250 - train 0.034846 - val 0.292515
Epoch 744/1250 - train 0.034730 - val 0.291941
Epoch 745/1250 - train 0.034781 - val 0.291974
Epoch 746/1250 - train 0.034726 - val 0.290797
Epoch 747/1250 - train 0.034812 - val 0.291419
Epoch 748/1250 - train 0.034656 - val 0.291445
Epoch 749/1250 - train 0.034807 - val 0.291431
Epoch 750/1250 - train 0.034659 - val 0.290722
Epoch 751/1250 - train 0.034668 - val 0.291547
Epoch 752/1250 - train 0.034755 - val 0.291768
Epoch 753/1250 - train 0.034570 - val 0.290856
Epoch 754/1250 - train 0.034671 - val 0.292943
Epoch 755/1250 - train 0.034721 - val 0.292198
Epoch 756/1250 - train 0.034609 - val 0.292178
Epoch 757/1250 - train 0.034635 - val 0.292328
Epoch 758/1250 - train 0.034523 - val 0.292423
Epoch 759/1250 - train 0.034683 - val 0.291958
Epoch 760/1250 - train 0.034720 - val 0.291285
Epoch 761/1250 - train 0.034495 - val 0.292269
Epoch 762/1250 - train 0.034442 - val 0.291686
Epoch 763/1250 - train 0.034612 - val 0.292443
Epoch 764/1250 - train 0.034442 - val 0.292415
Epoch 765/1250 - train 0.034501 - val 0.291464
Epoch 766/1250 - train 0.034587 - val 0.293443
Epoch 767/1250 - train 0.034562 - val 0.294196
Epoch 768/1250 - train 0.034361 - val 0.292168
Epoch 769/1250 - train 0.034477 - val 0.292600
Epoch 770/1250 - train 0.034504 - val 0.292465
Epoch 771/1250 - train 0.034504 - val 0.292020
Epoch 772/1250 - train 0.034317 - val 0.291465
Epoch 773/1250 - train 0.034285 - val 0.292548
Epoch 774/1250 - train 0.034321 - val 0.292683
Epoch 775/1250 - train 0.034336 - val 0.292304
Epoch 776/1250 - train 0.034490 - val 0.292377
Epoch 777/1250 - train 0.034443 - val 0.292124
Epoch 778/1250 - train 0.034297 - val 0.292433
Epoch 779/1250 - train 0.034327 - val 0.291299
Epoch 780/1250 - train 0.034301 - val 0.292950
Epoch 781/1250 - train 0.034336 - val 0.291727
Epoch 782/1250 - train 0.034285 - val 0.292234
Epoch 783/1250 - train 0.034318 - val 0.292120
Epoch 784/1250 - train 0.034253 - val 0.293184
Epoch 785/1250 - train 0.034193 - val 0.292172
Epoch 786/1250 - train 0.034237 - val 0.293790
Epoch 787/1250 - train 0.034210 - val 0.292339
Epoch 788/1250 - train 0.034099 - val 0.292656
Epoch 789/1250 - train 0.034141 - val 0.292894
Epoch 790/1250 - train 0.034312 - val 0.292232
Epoch 791/1250 - train 0.034290 - val 0.292009
Epoch 792/1250 - train 0.034236 - val 0.292989
Epoch 793/1250 - train 0.034164 - val 0.292861
Epoch 794/1250 - train 0.034005 - val 0.292621
Epoch 795/1250 - train 0.034142 - val 0.293208
Epoch 796/1250 - train 0.034120 - val 0.292578
Epoch 797/1250 - train 0.034027 - val 0.292965
Epoch 798/1250 - train 0.033997 - val 0.293111
Epoch 799/1250 - train 0.034223 - val 0.294319
Epoch 800/1250 - train 0.034022 - val 0.292512
Epoch 801/1250 - train 0.034037 - val 0.291712
Epoch 802/1250 - train 0.034079 - val 0.293047
Epoch 803/1250 - train 0.034012 - val 0.292409
Epoch 804/1250 - train 0.033964 - val 0.293266
Epoch 805/1250 - train 0.034055 - val 0.293021
Epoch 806/1250 - train 0.033960 - val 0.291842
Epoch 807/1250 - train 0.033942 - val 0.293372
Epoch 808/1250 - train 0.034182 - val 0.292537
Epoch 809/1250 - train 0.034072 - val 0.292270
Epoch 810/1250 - train 0.034023 - val 0.293288
Epoch 811/1250 - train 0.033890 - val 0.292028
Epoch 812/1250 - train 0.033888 - val 0.292682
Epoch 813/1250 - train 0.033807 - val 0.293504
Epoch 814/1250 - train 0.033849 - val 0.293125
Epoch 815/1250 - train 0.033945 - val 0.293039
Epoch 816/1250 - train 0.033922 - val 0.292790
Epoch 817/1250 - train 0.033908 - val 0.292133
Epoch 818/1250 - train 0.033889 - val 0.294163
Epoch 819/1250 - train 0.033942 - val 0.293359
Epoch 820/1250 - train 0.034066 - val 0.291898
Epoch 821/1250 - train 0.033778 - val 0.293411
Epoch 822/1250 - train 0.033733 - val 0.293509
Epoch 823/1250 - train 0.033742 - val 0.292715
Epoch 824/1250 - train 0.033905 - val 0.293572
Epoch 825/1250 - train 0.033796 - val 0.293210
Epoch 826/1250 - train 0.033684 - val 0.292818
Epoch 827/1250 - train 0.033759 - val 0.293194
Epoch 828/1250 - train 0.033717 - val 0.293203
Epoch 829/1250 - train 0.033704 - val 0.293302
Epoch 830/1250 - train 0.033580 - val 0.293549
Epoch 831/1250 - train 0.033742 - val 0.293256
Epoch 832/1250 - train 0.033680 - val 0.293385
Epoch 833/1250 - train 0.033715 - val 0.294078
Epoch 834/1250 - train 0.033712 - val 0.293928
Epoch 835/1250 - train 0.033689 - val 0.292064
Epoch 836/1250 - train 0.033645 - val 0.294271
Epoch 837/1250 - train 0.033669 - val 0.292813
Epoch 838/1250 - train 0.033552 - val 0.292767
Epoch 839/1250 - train 0.033647 - val 0.292768
Epoch 840/1250 - train 0.033595 - val 0.293860
Epoch 841/1250 - train 0.033619 - val 0.293621
Epoch 842/1250 - train 0.033613 - val 0.292773
Epoch 843/1250 - train 0.033711 - val 0.293858
Epoch 844/1250 - train 0.033538 - val 0.293364
Epoch 845/1250 - train 0.033579 - val 0.293000
Epoch 846/1250 - train 0.033593 - val 0.292487
Epoch 847/1250 - train 0.033619 - val 0.293738
Epoch 848/1250 - train 0.033538 - val 0.293564
Epoch 849/1250 - train 0.033548 - val 0.293557
Epoch 850/1250 - train 0.033545 - val 0.292725
Epoch 851/1250 - train 0.033545 - val 0.292426
Epoch 852/1250 - train 0.033487 - val 0.293288
Epoch 853/1250 - train 0.033384 - val 0.293911
Epoch 854/1250 - train 0.033460 - val 0.292878
Epoch 855/1250 - train 0.033370 - val 0.292688
Epoch 856/1250 - train 0.033358 - val 0.293107
Epoch 857/1250 - train 0.033505 - val 0.294166
Epoch 858/1250 - train 0.033478 - val 0.293633
Epoch 859/1250 - train 0.033506 - val 0.293136
Epoch 860/1250 - train 0.033483 - val 0.293413
Epoch 861/1250 - train 0.033383 - val 0.293634
Epoch 862/1250 - train 0.033272 - val 0.293929
Epoch 863/1250 - train 0.033398 - val 0.294444
Epoch 864/1250 - train 0.033332 - val 0.293893
Epoch 865/1250 - train 0.033339 - val 0.293535
Epoch 866/1250 - train 0.033390 - val 0.293228
Epoch 867/1250 - train 0.033429 - val 0.293329
Epoch 868/1250 - train 0.033311 - val 0.292661
Epoch 869/1250 - train 0.033327 - val 0.293273
Epoch 870/1250 - train 0.033314 - val 0.294468
Epoch 871/1250 - train 0.033236 - val 0.293994
Epoch 872/1250 - train 0.033344 - val 0.293671
Epoch 873/1250 - train 0.033266 - val 0.293858
Epoch 874/1250 - train 0.033171 - val 0.294692
Epoch 875/1250 - train 0.033232 - val 0.293665
Epoch 876/1250 - train 0.033262 - val 0.293891
Epoch 877/1250 - train 0.033186 - val 0.292921
Epoch 878/1250 - train 0.033281 - val 0.293895
Epoch 879/1250 - train 0.033227 - val 0.293399
Epoch 880/1250 - train 0.033264 - val 0.293919
Epoch 881/1250 - train 0.033171 - val 0.293794
Epoch 882/1250 - train 0.033039 - val 0.294026
Epoch 883/1250 - train 0.033258 - val 0.294825
Epoch 884/1250 - train 0.033189 - val 0.293811
Epoch 885/1250 - train 0.033129 - val 0.293851
Epoch 886/1250 - train 0.033122 - val 0.293945
Epoch 887/1250 - train 0.033105 - val 0.293572
Epoch 888/1250 - train 0.033149 - val 0.294416
Epoch 889/1250 - train 0.033121 - val 0.293556
Epoch 890/1250 - train 0.033121 - val 0.294278
Epoch 891/1250 - train 0.033194 - val 0.294272
Epoch 892/1250 - train 0.033130 - val 0.293530
Epoch 893/1250 - train 0.033093 - val 0.293463
Epoch 894/1250 - train 0.033016 - val 0.294426
Epoch 895/1250 - train 0.033023 - val 0.293740
Epoch 896/1250 - train 0.032932 - val 0.294029
Epoch 897/1250 - train 0.033086 - val 0.294202
Epoch 898/1250 - train 0.032918 - val 0.294324
Epoch 899/1250 - train 0.033061 - val 0.294116
Epoch 900/1250 - train 0.032976 - val 0.294492
Epoch 901/1250 - train 0.033000 - val 0.294356
Epoch 902/1250 - train 0.032939 - val 0.293571
Epoch 903/1250 - train 0.032984 - val 0.294133
Epoch 904/1250 - train 0.032902 - val 0.294500
Epoch 905/1250 - train 0.032848 - val 0.295122
Epoch 906/1250 - train 0.032933 - val 0.294081
Epoch 907/1250 - train 0.032929 - val 0.294770
Epoch 908/1250 - train 0.033009 - val 0.294090
Epoch 909/1250 - train 0.032913 - val 0.294720
Epoch 910/1250 - train 0.032949 - val 0.294786
Epoch 911/1250 - train 0.033005 - val 0.294250
Epoch 912/1250 - train 0.032887 - val 0.294610
Epoch 913/1250 - train 0.032772 - val 0.295372
Epoch 914/1250 - train 0.032769 - val 0.294626
Epoch 915/1250 - train 0.032850 - val 0.294714
Epoch 916/1250 - train 0.032910 - val 0.295236
Epoch 917/1250 - train 0.032823 - val 0.293617
Epoch 918/1250 - train 0.032763 - val 0.295209
Epoch 919/1250 - train 0.032798 - val 0.294828
Epoch 920/1250 - train 0.032836 - val 0.294278
Epoch 921/1250 - train 0.032773 - val 0.293686
Epoch 922/1250 - train 0.032732 - val 0.294216
Epoch 923/1250 - train 0.032823 - val 0.294137
Epoch 924/1250 - train 0.032753 - val 0.294768
Epoch 925/1250 - train 0.032764 - val 0.294495
Epoch 926/1250 - train 0.032654 - val 0.294721
Epoch 927/1250 - train 0.032744 - val 0.294683
Epoch 928/1250 - train 0.032806 - val 0.294100
Epoch 929/1250 - train 0.032767 - val 0.294320
Epoch 930/1250 - train 0.032802 - val 0.295719
Epoch 931/1250 - train 0.032764 - val 0.295186
Epoch 932/1250 - train 0.032629 - val 0.294359
Epoch 933/1250 - train 0.032603 - val 0.295276
Epoch 934/1250 - train 0.032725 - val 0.294973
Epoch 935/1250 - train 0.032704 - val 0.294591
Epoch 936/1250 - train 0.032546 - val 0.294179
Epoch 937/1250 - train 0.032581 - val 0.295322
Epoch 938/1250 - train 0.032603 - val 0.294786
Epoch 939/1250 - train 0.032658 - val 0.294265
Epoch 940/1250 - train 0.032594 - val 0.294366
Epoch 941/1250 - train 0.032696 - val 0.294767
Epoch 942/1250 - train 0.032703 - val 0.294204
Epoch 943/1250 - train 0.032553 - val 0.295464
Epoch 944/1250 - train 0.032528 - val 0.294615
Epoch 945/1250 - train 0.032435 - val 0.294186
Epoch 946/1250 - train 0.032541 - val 0.295738
Epoch 947/1250 - train 0.032488 - val 0.295146
Epoch 948/1250 - train 0.032592 - val 0.294731
Epoch 949/1250 - train 0.032562 - val 0.294733
Epoch 950/1250 - train 0.032492 - val 0.295194
Epoch 951/1250 - train 0.032565 - val 0.295607
Epoch 952/1250 - train 0.032506 - val 0.295392
Epoch 953/1250 - train 0.032473 - val 0.294843
Epoch 954/1250 - train 0.032367 - val 0.295173
Epoch 955/1250 - train 0.032616 - val 0.295216
Epoch 956/1250 - train 0.032535 - val 0.295597
Epoch 957/1250 - train 0.032494 - val 0.295022
Epoch 958/1250 - train 0.032385 - val 0.294391
Epoch 959/1250 - train 0.032300 - val 0.294582
Epoch 960/1250 - train 0.032428 - val 0.295677
Epoch 961/1250 - train 0.032455 - val 0.295169
Epoch 962/1250 - train 0.032479 - val 0.295451
Epoch 963/1250 - train 0.032337 - val 0.296132
Epoch 964/1250 - train 0.032266 - val 0.295139
Epoch 965/1250 - train 0.032418 - val 0.294798
Epoch 966/1250 - train 0.032307 - val 0.295653
Epoch 967/1250 - train 0.032509 - val 0.293332
Epoch 968/1250 - train 0.032375 - val 0.294689
Epoch 969/1250 - train 0.032240 - val 0.296513
Epoch 970/1250 - train 0.032364 - val 0.296018
Epoch 971/1250 - train 0.032356 - val 0.295506
Epoch 972/1250 - train 0.032419 - val 0.295354
Epoch 973/1250 - train 0.032209 - val 0.295282
Epoch 974/1250 - train 0.032263 - val 0.295974
Epoch 975/1250 - train 0.032257 - val 0.295613
Epoch 976/1250 - train 0.032411 - val 0.295984
Epoch 977/1250 - train 0.032312 - val 0.295440
Epoch 978/1250 - train 0.032240 - val 0.295580
Epoch 979/1250 - train 0.032194 - val 0.295268
Epoch 980/1250 - train 0.032174 - val 0.295078
Epoch 981/1250 - train 0.032236 - val 0.295528
Epoch 982/1250 - train 0.032354 - val 0.295551
Epoch 983/1250 - train 0.032223 - val 0.295656
Epoch 984/1250 - train 0.032123 - val 0.295236
Epoch 985/1250 - train 0.032148 - val 0.294607
Epoch 986/1250 - train 0.032083 - val 0.296288
Epoch 987/1250 - train 0.032102 - val 0.295983
Epoch 988/1250 - train 0.032242 - val 0.294520
Epoch 989/1250 - train 0.032312 - val 0.295236
Epoch 990/1250 - train 0.032135 - val 0.294915
Epoch 991/1250 - train 0.032150 - val 0.295198
Epoch 992/1250 - train 0.032090 - val 0.295471
Epoch 993/1250 - train 0.032200 - val 0.295835
Epoch 994/1250 - train 0.032019 - val 0.295859
Epoch 995/1250 - train 0.032198 - val 0.295690
Epoch 996/1250 - train 0.032151 - val 0.296546
Epoch 997/1250 - train 0.032142 - val 0.295926
Epoch 998/1250 - train 0.032223 - val 0.295497
Epoch 999/1250 - train 0.032099 - val 0.296028
Epoch 1000/1250 - train 0.032121 - val 0.295695
Epoch 1001/1250 - train 0.032044 - val 0.295429
Epoch 1002/1250 - train 0.032091 - val 0.294364
Epoch 1003/1250 - train 0.032087 - val 0.296806
Epoch 1004/1250 - train 0.031951 - val 0.295674
Epoch 1005/1250 - train 0.031974 - val 0.295955
Epoch 1006/1250 - train 0.032035 - val 0.295229
Epoch 1007/1250 - train 0.031941 - val 0.296084
Epoch 1008/1250 - train 0.032064 - val 0.295842
Epoch 1009/1250 - train 0.031979 - val 0.296687
Epoch 1010/1250 - train 0.032056 - val 0.295530
Epoch 1011/1250 - train 0.031963 - val 0.296693
Epoch 1012/1250 - train 0.032068 - val 0.296143
Epoch 1013/1250 - train 0.032154 - val 0.296211
Epoch 1014/1250 - train 0.031980 - val 0.296401
Epoch 1015/1250 - train 0.031917 - val 0.295744
Epoch 1016/1250 - train 0.031938 - val 0.296196
Epoch 1017/1250 - train 0.031869 - val 0.296478
Epoch 1018/1250 - train 0.031879 - val 0.295805
Epoch 1019/1250 - train 0.031930 - val 0.295362
Epoch 1020/1250 - train 0.031914 - val 0.296131
Epoch 1021/1250 - train 0.031996 - val 0.295935
Epoch 1022/1250 - train 0.031920 - val 0.295648
Epoch 1023/1250 - train 0.031891 - val 0.295644
Epoch 1024/1250 - train 0.031799 - val 0.296568
Epoch 1025/1250 - train 0.031922 - val 0.296134
Epoch 1026/1250 - train 0.031950 - val 0.295579
Epoch 1027/1250 - train 0.031763 - val 0.296852
Epoch 1028/1250 - train 0.031795 - val 0.296791
Epoch 1029/1250 - train 0.031906 - val 0.296135
Epoch 1030/1250 - train 0.031882 - val 0.296037
Epoch 1031/1250 - train 0.031851 - val 0.295630
Epoch 1032/1250 - train 0.031787 - val 0.297226
Epoch 1033/1250 - train 0.031803 - val 0.296968
Epoch 1034/1250 - train 0.031770 - val 0.296760
Epoch 1035/1250 - train 0.031738 - val 0.297195
Epoch 1036/1250 - train 0.031822 - val 0.296112
Epoch 1037/1250 - train 0.031824 - val 0.295570
Epoch 1038/1250 - train 0.031711 - val 0.296079
Epoch 1039/1250 - train 0.031816 - val 0.296295
Epoch 1040/1250 - train 0.031714 - val 0.296929
Epoch 1041/1250 - train 0.031880 - val 0.296082
Epoch 1042/1250 - train 0.031711 - val 0.296538
Epoch 1043/1250 - train 0.031772 - val 0.297014
Epoch 1044/1250 - train 0.031760 - val 0.296600
Epoch 1045/1250 - train 0.031679 - val 0.296077
Epoch 1046/1250 - train 0.031722 - val 0.296069
Epoch 1047/1250 - train 0.031729 - val 0.295773
Epoch 1048/1250 - train 0.031642 - val 0.296703
Epoch 1049/1250 - train 0.031708 - val 0.296225
Epoch 1050/1250 - train 0.031631 - val 0.297119
Epoch 1051/1250 - train 0.031744 - val 0.297746
Epoch 1052/1250 - train 0.031603 - val 0.296272
Epoch 1053/1250 - train 0.031710 - val 0.296402
Epoch 1054/1250 - train 0.031594 - val 0.296284
Epoch 1055/1250 - train 0.031738 - val 0.296699
Epoch 1056/1250 - train 0.031624 - val 0.296469
Epoch 1057/1250 - train 0.031631 - val 0.297051
Epoch 1058/1250 - train 0.031670 - val 0.296212
Epoch 1059/1250 - train 0.031564 - val 0.296467
Epoch 1060/1250 - train 0.031654 - val 0.296274
Epoch 1061/1250 - train 0.031613 - val 0.297605
Epoch 1062/1250 - train 0.031541 - val 0.296569
Epoch 1063/1250 - train 0.031537 - val 0.296522
Epoch 1064/1250 - train 0.031595 - val 0.296911
Epoch 1065/1250 - train 0.031436 - val 0.297676
Epoch 1066/1250 - train 0.031548 - val 0.296427
Epoch 1067/1250 - train 0.031591 - val 0.296153
Epoch 1068/1250 - train 0.031653 - val 0.296649
Epoch 1069/1250 - train 0.031393 - val 0.295360
Epoch 1070/1250 - train 0.031479 - val 0.296968
Epoch 1071/1250 - train 0.031473 - val 0.296798
Epoch 1072/1250 - train 0.031573 - val 0.296500
Epoch 1073/1250 - train 0.031518 - val 0.296826
Epoch 1074/1250 - train 0.031547 - val 0.296527
Epoch 1075/1250 - train 0.031479 - val 0.296231
Epoch 1076/1250 - train 0.031418 - val 0.295860
Epoch 1077/1250 - train 0.031454 - val 0.297548
Epoch 1078/1250 - train 0.031447 - val 0.296999
Epoch 1079/1250 - train 0.031476 - val 0.297073
Epoch 1080/1250 - train 0.031433 - val 0.297158
Epoch 1081/1250 - train 0.031473 - val 0.297296
Epoch 1082/1250 - train 0.031330 - val 0.297131
Epoch 1083/1250 - train 0.031340 - val 0.297739
Epoch 1084/1250 - train 0.031416 - val 0.297304
Epoch 1085/1250 - train 0.031553 - val 0.296328
Epoch 1086/1250 - train 0.031493 - val 0.297150
Epoch 1087/1250 - train 0.031440 - val 0.297090
Epoch 1088/1250 - train 0.031306 - val 0.296244
Epoch 1089/1250 - train 0.031264 - val 0.296350
Epoch 1090/1250 - train 0.031269 - val 0.297219
Epoch 1091/1250 - train 0.031351 - val 0.297275
Epoch 1092/1250 - train 0.031377 - val 0.297306
Epoch 1093/1250 - train 0.031298 - val 0.296492
Epoch 1094/1250 - train 0.031366 - val 0.296835
Epoch 1095/1250 - train 0.031264 - val 0.297832
Epoch 1096/1250 - train 0.031308 - val 0.297328
Epoch 1097/1250 - train 0.031376 - val 0.297051
Epoch 1098/1250 - train 0.031254 - val 0.297269
Epoch 1099/1250 - train 0.031329 - val 0.297090
Epoch 1100/1250 - train 0.031294 - val 0.296874
Epoch 1101/1250 - train 0.031288 - val 0.297784
Epoch 1102/1250 - train 0.031304 - val 0.297003
Epoch 1103/1250 - train 0.031331 - val 0.297652
Epoch 1104/1250 - train 0.031316 - val 0.296519
Epoch 1105/1250 - train 0.031272 - val 0.296755
Epoch 1106/1250 - train 0.031217 - val 0.297132
Epoch 1107/1250 - train 0.031194 - val 0.296965
Epoch 1108/1250 - train 0.031140 - val 0.297612
Epoch 1109/1250 - train 0.031177 - val 0.297185
Epoch 1110/1250 - train 0.031379 - val 0.297220
Epoch 1111/1250 - train 0.031364 - val 0.297209
Epoch 1112/1250 - train 0.031175 - val 0.297699
Epoch 1113/1250 - train 0.031155 - val 0.297416
Epoch 1114/1250 - train 0.031150 - val 0.296577
Epoch 1115/1250 - train 0.031208 - val 0.297296
Epoch 1116/1250 - train 0.031183 - val 0.297343
Epoch 1117/1250 - train 0.031247 - val 0.296461
Epoch 1118/1250 - train 0.031202 - val 0.297039
Epoch 1119/1250 - train 0.031151 - val 0.298090
Epoch 1120/1250 - train 0.031168 - val 0.296604
Epoch 1121/1250 - train 0.031090 - val 0.297219
Epoch 1122/1250 - train 0.031035 - val 0.296723
Epoch 1123/1250 - train 0.031082 - val 0.296657
Epoch 1124/1250 - train 0.031166 - val 0.296848
Epoch 1125/1250 - train 0.031104 - val 0.297784
Epoch 1126/1250 - train 0.031135 - val 0.297631
Epoch 1127/1250 - train 0.031031 - val 0.297410
Epoch 1128/1250 - train 0.031095 - val 0.298053
Epoch 1129/1250 - train 0.031114 - val 0.298309
Epoch 1130/1250 - train 0.031012 - val 0.296942
Epoch 1131/1250 - train 0.031116 - val 0.298052
Epoch 1132/1250 - train 0.031011 - val 0.298118
Epoch 1133/1250 - train 0.031100 - val 0.297247
Epoch 1134/1250 - train 0.031117 - val 0.298072
Epoch 1135/1250 - train 0.031049 - val 0.296962
Epoch 1136/1250 - train 0.030930 - val 0.297277
Epoch 1137/1250 - train 0.031033 - val 0.297944
Epoch 1138/1250 - train 0.030946 - val 0.298265
Epoch 1139/1250 - train 0.031033 - val 0.297134
Epoch 1140/1250 - train 0.031077 - val 0.297782
Epoch 1141/1250 - train 0.030997 - val 0.298721
Epoch 1142/1250 - train 0.030962 - val 0.298645
Epoch 1143/1250 - train 0.030981 - val 0.298047
Epoch 1144/1250 - train 0.031018 - val 0.297731
Epoch 1145/1250 - train 0.030930 - val 0.298079
Epoch 1146/1250 - train 0.030984 - val 0.297346
Epoch 1147/1250 - train 0.030989 - val 0.297627
Epoch 1148/1250 - train 0.031002 - val 0.298338
Epoch 1149/1250 - train 0.030836 - val 0.298368
Epoch 1150/1250 - train 0.030947 - val 0.297596
Epoch 1151/1250 - train 0.030937 - val 0.298406
Epoch 1152/1250 - train 0.030894 - val 0.298085
Epoch 1153/1250 - train 0.030884 - val 0.298043
Epoch 1154/1250 - train 0.030815 - val 0.297376
Epoch 1155/1250 - train 0.030957 - val 0.298467
Epoch 1156/1250 - train 0.030949 - val 0.298176
Epoch 1157/1250 - train 0.030911 - val 0.298879
Epoch 1158/1250 - train 0.030931 - val 0.298651
Epoch 1159/1250 - train 0.030866 - val 0.298333
Epoch 1160/1250 - train 0.030851 - val 0.298827
Epoch 1161/1250 - train 0.030891 - val 0.297836
Epoch 1162/1250 - train 0.030917 - val 0.297298
Epoch 1163/1250 - train 0.030698 - val 0.298231
Epoch 1164/1250 - train 0.030818 - val 0.298908
Epoch 1165/1250 - train 0.030867 - val 0.297780
Epoch 1166/1250 - train 0.030914 - val 0.298816
Epoch 1167/1250 - train 0.030803 - val 0.297988
Epoch 1168/1250 - train 0.030806 - val 0.298927
Epoch 1169/1250 - train 0.030804 - val 0.298239
Epoch 1170/1250 - train 0.030761 - val 0.298053
Epoch 1171/1250 - train 0.030749 - val 0.298156
Epoch 1172/1250 - train 0.030858 - val 0.297545
Epoch 1173/1250 - train 0.030800 - val 0.298023
Epoch 1174/1250 - train 0.030744 - val 0.296582
Epoch 1175/1250 - train 0.030694 - val 0.298814
Epoch 1176/1250 - train 0.030821 - val 0.297717
Epoch 1177/1250 - train 0.030690 - val 0.297834
Epoch 1178/1250 - train 0.030630 - val 0.298380
Epoch 1179/1250 - train 0.030893 - val 0.298514
Epoch 1180/1250 - train 0.030765 - val 0.299022
Epoch 1181/1250 - train 0.030738 - val 0.298814
Epoch 1182/1250 - train 0.030652 - val 0.298533
Epoch 1183/1250 - train 0.030754 - val 0.298538
Epoch 1184/1250 - train 0.030632 - val 0.297690
Epoch 1185/1250 - train 0.030772 - val 0.298327
Epoch 1186/1250 - train 0.030651 - val 0.299969
Epoch 1187/1250 - train 0.030778 - val 0.297970
Epoch 1188/1250 - train 0.030725 - val 0.299341
Epoch 1189/1250 - train 0.030617 - val 0.298761
Epoch 1190/1250 - train 0.030603 - val 0.297755
Epoch 1191/1250 - train 0.030595 - val 0.298653
Epoch 1192/1250 - train 0.030639 - val 0.298606
Epoch 1193/1250 - train 0.030687 - val 0.299410
Epoch 1194/1250 - train 0.030601 - val 0.298920
Epoch 1195/1250 - train 0.030615 - val 0.298921
Epoch 1196/1250 - train 0.030583 - val 0.298878
Epoch 1197/1250 - train 0.030717 - val 0.298055
Epoch 1198/1250 - train 0.030622 - val 0.298649
Epoch 1199/1250 - train 0.030650 - val 0.297961
Epoch 1200/1250 - train 0.030497 - val 0.299602
Epoch 1201/1250 - train 0.030582 - val 0.298328
Epoch 1202/1250 - train 0.030538 - val 0.298228
Epoch 1203/1250 - train 0.030629 - val 0.298778
Epoch 1204/1250 - train 0.030633 - val 0.298553
Epoch 1205/1250 - train 0.030597 - val 0.298872
Epoch 1206/1250 - train 0.030485 - val 0.299142
Epoch 1207/1250 - train 0.030429 - val 0.298675
Epoch 1208/1250 - train 0.030563 - val 0.298404
Epoch 1209/1250 - train 0.030523 - val 0.298159
Epoch 1210/1250 - train 0.030554 - val 0.299148
Epoch 1211/1250 - train 0.030466 - val 0.298062
Epoch 1212/1250 - train 0.030532 - val 0.297842
Epoch 1213/1250 - train 0.030510 - val 0.299734
Epoch 1214/1250 - train 0.030516 - val 0.298337
Epoch 1215/1250 - train 0.030582 - val 0.298292
Epoch 1216/1250 - train 0.030521 - val 0.298417
Epoch 1217/1250 - train 0.030460 - val 0.298747
Epoch 1218/1250 - train 0.030441 - val 0.298535
Epoch 1219/1250 - train 0.030461 - val 0.298162
Epoch 1220/1250 - train 0.030420 - val 0.298906
Epoch 1221/1250 - train 0.030488 - val 0.299007
Epoch 1222/1250 - train 0.030630 - val 0.298049
Epoch 1223/1250 - train 0.030401 - val 0.298746
Epoch 1224/1250 - train 0.030369 - val 0.298317
Epoch 1225/1250 - train 0.030476 - val 0.299040
Epoch 1226/1250 - train 0.030492 - val 0.297755
Epoch 1227/1250 - train 0.030403 - val 0.299269
Epoch 1228/1250 - train 0.030383 - val 0.298167
Epoch 1229/1250 - train 0.030386 - val 0.299344
Epoch 1230/1250 - train 0.030412 - val 0.299237
Epoch 1231/1250 - train 0.030354 - val 0.299940
Epoch 1232/1250 - train 0.030411 - val 0.299151
Epoch 1233/1250 - train 0.030422 - val 0.299861
Epoch 1234/1250 - train 0.030378 - val 0.298943
Epoch 1235/1250 - train 0.030346 - val 0.298999
Epoch 1236/1250 - train 0.030434 - val 0.299194
Epoch 1237/1250 - train 0.030349 - val 0.298596
Epoch 1238/1250 - train 0.030297 - val 0.298064
Epoch 1239/1250 - train 0.030363 - val 0.299283
Epoch 1240/1250 - train 0.030333 - val 0.299371
Epoch 1241/1250 - train 0.030377 - val 0.298807
Epoch 1242/1250 - train 0.030327 - val 0.298782
Epoch 1243/1250 - train 0.030359 - val 0.299650
Epoch 1244/1250 - train 0.030356 - val 0.299940
Epoch 1245/1250 - train 0.030246 - val 0.298965
Epoch 1246/1250 - train 0.030394 - val 0.298689
Epoch 1247/1250 - train 0.030369 - val 0.299243
Epoch 1248/1250 - train 0.030348 - val 0.298628
Epoch 1249/1250 - train 0.030299 - val 0.299283
Epoch 1250/1250 - train 0.030278 - val 0.299397
Saved model to /scratch/network/ak9088/NASA-RL-Wavefront-Control/RL/jobs/20251227_000809/exp-fc1-zscore-ep1250-bs256-lr1e-3-s42-h512-256-128-images-mc0/fc1_best.pth
