y: [[-3.01948577e-01 -1.56999201e-01 -8.37100446e-02 ... -4.71909642e-02
   2.47504022e-02  4.47161568e-07]
 [ 2.74821997e-01 -1.02294907e-01 -5.63746214e-01 ... -4.59444225e-02
  -5.64354733e-02  4.47161568e-07]
 [ 5.95149398e-02  2.33263269e-01 -3.06408316e-01 ...  2.25831587e-02
  -1.20181506e-02  4.47161568e-07]
 ...
 [ 4.42554802e-01  3.15719873e-01  2.77699292e-01 ... -3.95034067e-02
  -1.14195935e-01  4.47161568e-07]
 [ 4.53366876e-01  1.46775022e-01  2.77601451e-01 ...  6.94388151e-03
  -6.98646232e-02  4.47161568e-07]
 [ 4.41307187e-01 -6.00950122e-01 -7.07667843e-02 ... -9.30655524e-02
   9.98187251e-03  4.47161568e-07]]
Dataset loaded: N=100000 (original 100000), C=3, H=28, W=28, y_dim=26
using device: cpu
Epoch 1/1250 - train 0.378296 - val 0.331227
Epoch 2/1250 - train 0.317311 - val 0.313167
Epoch 3/1250 - train 0.303099 - val 0.302834
Epoch 4/1250 - train 0.295219 - val 0.295310
Epoch 5/1250 - train 0.290881 - val 0.293220
Epoch 6/1250 - train 0.287414 - val 0.286785
Epoch 7/1250 - train 0.284497 - val 0.285635
Epoch 8/1250 - train 0.282898 - val 0.287800
Epoch 9/1250 - train 0.280142 - val 0.284202
Epoch 10/1250 - train 0.279698 - val 0.291748
Epoch 11/1250 - train 0.277137 - val 0.282059
Epoch 12/1250 - train 0.275599 - val 0.282285
Epoch 13/1250 - train 0.275022 - val 0.280169
Epoch 14/1250 - train 0.272235 - val 0.281949
Epoch 15/1250 - train 0.271554 - val 0.275930
Epoch 16/1250 - train 0.270932 - val 0.272040
Epoch 17/1250 - train 0.268969 - val 0.281066
Epoch 18/1250 - train 0.266711 - val 0.271235
Epoch 19/1250 - train 0.265948 - val 0.269302
Epoch 20/1250 - train 0.265491 - val 0.274905
Epoch 21/1250 - train 0.264720 - val 0.269288
Epoch 22/1250 - train 0.264158 - val 0.270835
Epoch 23/1250 - train 0.263192 - val 0.266550
Epoch 24/1250 - train 0.261563 - val 0.266641
Epoch 25/1250 - train 0.262124 - val 0.270869
Epoch 26/1250 - train 0.260728 - val 0.264125
Epoch 27/1250 - train 0.260175 - val 0.268449
Epoch 28/1250 - train 0.260711 - val 0.266680
Epoch 29/1250 - train 0.259332 - val 0.261376
Epoch 30/1250 - train 0.258740 - val 0.274293
Epoch 31/1250 - train 0.258110 - val 0.264754
Epoch 32/1250 - train 0.257641 - val 0.264247
Epoch 33/1250 - train 0.257478 - val 0.261189
Epoch 34/1250 - train 0.256208 - val 0.263778
Epoch 35/1250 - train 0.256271 - val 0.260840
Epoch 36/1250 - train 0.255281 - val 0.260564
Epoch 37/1250 - train 0.255309 - val 0.259178
Epoch 38/1250 - train 0.254398 - val 0.257042
Epoch 39/1250 - train 0.253807 - val 0.261557
Epoch 40/1250 - train 0.253625 - val 0.260501
Epoch 41/1250 - train 0.252923 - val 0.258306
Epoch 42/1250 - train 0.252715 - val 0.264414
Epoch 43/1250 - train 0.251998 - val 0.257998
Epoch 44/1250 - train 0.251408 - val 0.255940
Epoch 45/1250 - train 0.250461 - val 0.261110
Epoch 46/1250 - train 0.250807 - val 0.258879
Epoch 47/1250 - train 0.250221 - val 0.257322
Epoch 48/1250 - train 0.250103 - val 0.254244
Epoch 49/1250 - train 0.250147 - val 0.255968
Epoch 50/1250 - train 0.249292 - val 0.253199
Epoch 51/1250 - train 0.250064 - val 0.254639
Epoch 52/1250 - train 0.248891 - val 0.257988
Epoch 53/1250 - train 0.248698 - val 0.258411
Epoch 54/1250 - train 0.248211 - val 0.257385
Epoch 55/1250 - train 0.248842 - val 0.258607
Epoch 56/1250 - train 0.248684 - val 0.253711
Epoch 57/1250 - train 0.248331 - val 0.255064
Epoch 58/1250 - train 0.247206 - val 0.254851
Epoch 59/1250 - train 0.247622 - val 0.254653
Epoch 60/1250 - train 0.247751 - val 0.251254
Epoch 61/1250 - train 0.246668 - val 0.251997
Epoch 62/1250 - train 0.247657 - val 0.255922
Epoch 63/1250 - train 0.246889 - val 0.253049
Epoch 64/1250 - train 0.246485 - val 0.254608
Epoch 65/1250 - train 0.246558 - val 0.251884
Epoch 66/1250 - train 0.246304 - val 0.250185
Epoch 67/1250 - train 0.245896 - val 0.253892
Epoch 68/1250 - train 0.245653 - val 0.252289
Epoch 69/1250 - train 0.246485 - val 0.250592
Epoch 70/1250 - train 0.245892 - val 0.252304
Epoch 71/1250 - train 0.245149 - val 0.249850
Epoch 72/1250 - train 0.245254 - val 0.252339
Epoch 73/1250 - train 0.246054 - val 0.251822
Epoch 74/1250 - train 0.245315 - val 0.250842
Epoch 75/1250 - train 0.245460 - val 0.254812
Epoch 76/1250 - train 0.245516 - val 0.252784
Epoch 77/1250 - train 0.245296 - val 0.248517
Epoch 78/1250 - train 0.245188 - val 0.248465
Epoch 79/1250 - train 0.244520 - val 0.250550
Epoch 80/1250 - train 0.244974 - val 0.249970
Epoch 81/1250 - train 0.244467 - val 0.255602
Epoch 82/1250 - train 0.244385 - val 0.250266
Epoch 83/1250 - train 0.244159 - val 0.252477
Epoch 84/1250 - train 0.244257 - val 0.252045
Epoch 85/1250 - train 0.244924 - val 0.250496
Epoch 86/1250 - train 0.244804 - val 0.248963
Epoch 87/1250 - train 0.243838 - val 0.250320
Epoch 88/1250 - train 0.243948 - val 0.248773
Epoch 89/1250 - train 0.243605 - val 0.248502
Epoch 90/1250 - train 0.244289 - val 0.248472
Epoch 91/1250 - train 0.243391 - val 0.248964
Epoch 92/1250 - train 0.244272 - val 0.248536
Epoch 93/1250 - train 0.244041 - val 0.252145
Epoch 94/1250 - train 0.243721 - val 0.250434
Epoch 95/1250 - train 0.244056 - val 0.250088
Epoch 96/1250 - train 0.243441 - val 0.250855
Epoch 97/1250 - train 0.243412 - val 0.249350
Epoch 98/1250 - train 0.243404 - val 0.252750
Epoch 99/1250 - train 0.243936 - val 0.248666
Epoch 100/1250 - train 0.243562 - val 0.251161
Epoch 101/1250 - train 0.243366 - val 0.247821
Epoch 102/1250 - train 0.243279 - val 0.246337
Epoch 103/1250 - train 0.243399 - val 0.257759
Epoch 104/1250 - train 0.243262 - val 0.253270
Epoch 105/1250 - train 0.242971 - val 0.250027
Epoch 106/1250 - train 0.243153 - val 0.250238
Epoch 107/1250 - train 0.242958 - val 0.248785
Epoch 108/1250 - train 0.244128 - val 0.248003
Epoch 109/1250 - train 0.242359 - val 0.248893
Epoch 110/1250 - train 0.244140 - val 0.248748
Epoch 111/1250 - train 0.242850 - val 0.246908
Epoch 112/1250 - train 0.242170 - val 0.248064
Epoch 113/1250 - train 0.243656 - val 0.253008
Epoch 114/1250 - train 0.242432 - val 0.249330
Epoch 115/1250 - train 0.243192 - val 0.251164
Epoch 116/1250 - train 0.243663 - val 0.246906
Epoch 117/1250 - train 0.242534 - val 0.249995
Epoch 118/1250 - train 0.242935 - val 0.252967
Epoch 119/1250 - train 0.243777 - val 0.249046
Epoch 120/1250 - train 0.242509 - val 0.250058
Epoch 121/1250 - train 0.242864 - val 0.247289
Epoch 122/1250 - train 0.242413 - val 0.248520
Epoch 123/1250 - train 0.242670 - val 0.245238
Epoch 124/1250 - train 0.242474 - val 0.251176
Epoch 125/1250 - train 0.243284 - val 0.249781
Epoch 126/1250 - train 0.243018 - val 0.251071
Epoch 127/1250 - train 0.242509 - val 0.247902
Epoch 128/1250 - train 0.242808 - val 0.252138
Epoch 129/1250 - train 0.242547 - val 0.248384
Epoch 130/1250 - train 0.242892 - val 0.247525
Epoch 131/1250 - train 0.242044 - val 0.246939
Epoch 132/1250 - train 0.243288 - val 0.252754
Epoch 133/1250 - train 0.242814 - val 0.248626
Epoch 134/1250 - train 0.242517 - val 0.250530
Epoch 135/1250 - train 0.242819 - val 0.246123
Epoch 136/1250 - train 0.242658 - val 0.251263
Epoch 137/1250 - train 0.242348 - val 0.248910
Epoch 138/1250 - train 0.242162 - val 0.249341
Epoch 139/1250 - train 0.243507 - val 0.249923
Epoch 140/1250 - train 0.242957 - val 0.247039
Epoch 141/1250 - train 0.242233 - val 0.251801
Epoch 142/1250 - train 0.241908 - val 0.247513
Epoch 143/1250 - train 0.241780 - val 0.249264
Epoch 144/1250 - train 0.242491 - val 0.255319
Epoch 145/1250 - train 0.242595 - val 0.247844
Epoch 146/1250 - train 0.242485 - val 0.252012
Epoch 147/1250 - train 0.241938 - val 0.252961
Epoch 148/1250 - train 0.242197 - val 0.248348
Epoch 149/1250 - train 0.241909 - val 0.254267
Epoch 150/1250 - train 0.242179 - val 0.251922
Epoch 151/1250 - train 0.241844 - val 0.245704
Epoch 152/1250 - train 0.241930 - val 0.246734
Epoch 153/1250 - train 0.241794 - val 0.246709
Epoch 154/1250 - train 0.242744 - val 0.249908
Epoch 155/1250 - train 0.242276 - val 0.251564
Epoch 156/1250 - train 0.242246 - val 0.247599
Epoch 157/1250 - train 0.242514 - val 0.250378
Epoch 158/1250 - train 0.241264 - val 0.250499
Epoch 159/1250 - train 0.241595 - val 0.250028
Epoch 160/1250 - train 0.241502 - val 0.247920
Epoch 161/1250 - train 0.241764 - val 0.248268
Epoch 162/1250 - train 0.241505 - val 0.250000
Epoch 163/1250 - train 0.241337 - val 0.256759
Epoch 164/1250 - train 0.241277 - val 0.248794
Epoch 165/1250 - train 0.240983 - val 0.247005
Epoch 166/1250 - train 0.240983 - val 0.250300
Epoch 167/1250 - train 0.241295 - val 0.243497
Epoch 168/1250 - train 0.240801 - val 0.252946
Epoch 169/1250 - train 0.240352 - val 0.250075
Epoch 170/1250 - train 0.241247 - val 0.245938
Epoch 171/1250 - train 0.240175 - val 0.245491
Epoch 172/1250 - train 0.240515 - val 0.245833
Epoch 173/1250 - train 0.240779 - val 0.246889
Epoch 174/1250 - train 0.240375 - val 0.248634
Epoch 175/1250 - train 0.240550 - val 0.246169
Epoch 176/1250 - train 0.240818 - val 0.245207
Epoch 177/1250 - train 0.240003 - val 0.244747
Epoch 178/1250 - train 0.240272 - val 0.250589
Epoch 179/1250 - train 0.240322 - val 0.250388
Epoch 180/1250 - train 0.240413 - val 0.246431
Epoch 181/1250 - train 0.240043 - val 0.243570
Epoch 182/1250 - train 0.240043 - val 0.247033
Epoch 183/1250 - train 0.240093 - val 0.248559
Epoch 184/1250 - train 0.239867 - val 0.253103
Epoch 185/1250 - train 0.240096 - val 0.247038
Epoch 186/1250 - train 0.240362 - val 0.247357
Epoch 187/1250 - train 0.240352 - val 0.246673
Epoch 188/1250 - train 0.240281 - val 0.245995
Epoch 189/1250 - train 0.240534 - val 0.250461
Epoch 190/1250 - train 0.240211 - val 0.248691
Epoch 191/1250 - train 0.239988 - val 0.246624
Epoch 192/1250 - train 0.240068 - val 0.247513
Epoch 193/1250 - train 0.240034 - val 0.248736
Epoch 194/1250 - train 0.239801 - val 0.249791
Epoch 195/1250 - train 0.239877 - val 0.246532
Epoch 196/1250 - train 0.240169 - val 0.261398
Epoch 197/1250 - train 0.239785 - val 0.251922
Epoch 198/1250 - train 0.240058 - val 0.244325
Epoch 199/1250 - train 0.240517 - val 0.246234
Epoch 200/1250 - train 0.239024 - val 0.243744
Epoch 201/1250 - train 0.239512 - val 0.244883
Epoch 202/1250 - train 0.240180 - val 0.249512
Epoch 203/1250 - train 0.240216 - val 0.244129
Epoch 204/1250 - train 0.239247 - val 0.247550
Epoch 205/1250 - train 0.240042 - val 0.245396
Epoch 206/1250 - train 0.239896 - val 0.248447
Epoch 207/1250 - train 0.240023 - val 0.247768
Epoch 208/1250 - train 0.240145 - val 0.249572
Epoch 209/1250 - train 0.240230 - val 0.251522
Epoch 210/1250 - train 0.239221 - val 0.243663
Epoch 211/1250 - train 0.240107 - val 0.244779
Epoch 212/1250 - train 0.239969 - val 0.245532
Epoch 213/1250 - train 0.240416 - val 0.246041
Epoch 214/1250 - train 0.240004 - val 0.245324
Epoch 215/1250 - train 0.239644 - val 0.253857
Epoch 216/1250 - train 0.239924 - val 0.246419
Epoch 217/1250 - train 0.239899 - val 0.245822
Epoch 218/1250 - train 0.239628 - val 0.242659
Epoch 219/1250 - train 0.239690 - val 0.244236
Epoch 220/1250 - train 0.239609 - val 0.247981
Epoch 221/1250 - train 0.239441 - val 0.245843
Epoch 222/1250 - train 0.239700 - val 0.248021
Epoch 223/1250 - train 0.239956 - val 0.247998
Epoch 224/1250 - train 0.239530 - val 0.248704
Epoch 225/1250 - train 0.239742 - val 0.247968
Epoch 226/1250 - train 0.239509 - val 0.248797
Epoch 227/1250 - train 0.239650 - val 0.246408
Epoch 228/1250 - train 0.239796 - val 0.246634
Epoch 229/1250 - train 0.239531 - val 0.249384
Epoch 230/1250 - train 0.239758 - val 0.243539
Epoch 231/1250 - train 0.240005 - val 0.245713
Epoch 232/1250 - train 0.239541 - val 0.246685
Epoch 233/1250 - train 0.239991 - val 0.250962
Epoch 234/1250 - train 0.238874 - val 0.247113
Epoch 235/1250 - train 0.239265 - val 0.246316
Epoch 236/1250 - train 0.239592 - val 0.249053
Epoch 237/1250 - train 0.239679 - val 0.244322
Epoch 238/1250 - train 0.239244 - val 0.247228
Epoch 239/1250 - train 0.239371 - val 0.246021
Epoch 240/1250 - train 0.239601 - val 0.249130
Epoch 241/1250 - train 0.239263 - val 0.246646
Epoch 242/1250 - train 0.239714 - val 0.248268
Epoch 243/1250 - train 0.239221 - val 0.247076
Epoch 244/1250 - train 0.239791 - val 0.248034
Epoch 245/1250 - train 0.239657 - val 0.243736
Epoch 246/1250 - train 0.239554 - val 0.246133
Epoch 247/1250 - train 0.239671 - val 0.247454
Epoch 248/1250 - train 0.239235 - val 0.246078
Epoch 249/1250 - train 0.239561 - val 0.245130
Epoch 250/1250 - train 0.239500 - val 0.247754
Epoch 251/1250 - train 0.239261 - val 0.246138
Epoch 252/1250 - train 0.239201 - val 0.248751
Epoch 253/1250 - train 0.239604 - val 0.246562
Epoch 254/1250 - train 0.238972 - val 0.245248
Epoch 255/1250 - train 0.239682 - val 0.248935
Epoch 256/1250 - train 0.238804 - val 0.246296
Epoch 257/1250 - train 0.238947 - val 0.250148
Epoch 258/1250 - train 0.239906 - val 0.246216
Epoch 259/1250 - train 0.238938 - val 0.246548
Epoch 260/1250 - train 0.238949 - val 0.246802
Epoch 261/1250 - train 0.239430 - val 0.249047
Epoch 262/1250 - train 0.238958 - val 0.250181
Epoch 263/1250 - train 0.239052 - val 0.244273
Epoch 264/1250 - train 0.239318 - val 0.247204
Epoch 265/1250 - train 0.239195 - val 0.244955
Epoch 266/1250 - train 0.239155 - val 0.244332
Epoch 267/1250 - train 0.238989 - val 0.243401
Epoch 268/1250 - train 0.239348 - val 0.248980
Epoch 269/1250 - train 0.238802 - val 0.250417
Epoch 270/1250 - train 0.239404 - val 0.244120
Epoch 271/1250 - train 0.239345 - val 0.248036
Epoch 272/1250 - train 0.239539 - val 0.245693
Epoch 273/1250 - train 0.238882 - val 0.245469
Epoch 274/1250 - train 0.239972 - val 0.248945
Epoch 275/1250 - train 0.239049 - val 0.241676
Epoch 276/1250 - train 0.239380 - val 0.242578
Epoch 277/1250 - train 0.238779 - val 0.249586
Epoch 278/1250 - train 0.239034 - val 0.244797
Epoch 279/1250 - train 0.238742 - val 0.249256
Epoch 280/1250 - train 0.238809 - val 0.246156
Epoch 281/1250 - train 0.238735 - val 0.242801
Epoch 282/1250 - train 0.238723 - val 0.245886
Epoch 283/1250 - train 0.238939 - val 0.245170
Epoch 284/1250 - train 0.238836 - val 0.250676
Epoch 285/1250 - train 0.238998 - val 0.245233
Epoch 286/1250 - train 0.238845 - val 0.246031
Epoch 287/1250 - train 0.239278 - val 0.245212
Epoch 288/1250 - train 0.239082 - val 0.245686
Epoch 289/1250 - train 0.238562 - val 0.244418
Epoch 290/1250 - train 0.238853 - val 0.244758
Epoch 291/1250 - train 0.239571 - val 0.243893
Epoch 292/1250 - train 0.238824 - val 0.244682
Epoch 293/1250 - train 0.239212 - val 0.245323
Epoch 294/1250 - train 0.238414 - val 0.243866
Epoch 295/1250 - train 0.238531 - val 0.249512
Epoch 296/1250 - train 0.239041 - val 0.246743
Epoch 297/1250 - train 0.239522 - val 0.248654
Epoch 298/1250 - train 0.239805 - val 0.243161
Epoch 299/1250 - train 0.238123 - val 0.243476
Epoch 300/1250 - train 0.238841 - val 0.245777
Epoch 301/1250 - train 0.239321 - val 0.246289
Epoch 302/1250 - train 0.238935 - val 0.244338
Epoch 303/1250 - train 0.238806 - val 0.244954
Epoch 304/1250 - train 0.239443 - val 0.245474
Epoch 305/1250 - train 0.238596 - val 0.243370
Epoch 306/1250 - train 0.239129 - val 0.246921
Epoch 307/1250 - train 0.238644 - val 0.241646
Epoch 308/1250 - train 0.238726 - val 0.244752
Epoch 309/1250 - train 0.239027 - val 0.246783
Epoch 310/1250 - train 0.239357 - val 0.247888
Epoch 311/1250 - train 0.238944 - val 0.245267
Epoch 312/1250 - train 0.238843 - val 0.247211
Epoch 313/1250 - train 0.239332 - val 0.246028
Epoch 314/1250 - train 0.238128 - val 0.251065
Epoch 315/1250 - train 0.239425 - val 0.243444
Epoch 316/1250 - train 0.238853 - val 0.247552
Epoch 317/1250 - train 0.238461 - val 0.244960
Epoch 318/1250 - train 0.238388 - val 0.244881
Epoch 319/1250 - train 0.238855 - val 0.243982
Epoch 320/1250 - train 0.238585 - val 0.244372
Epoch 321/1250 - train 0.238844 - val 0.243044
Epoch 322/1250 - train 0.238600 - val 0.244056
Epoch 323/1250 - train 0.238462 - val 0.242895
Epoch 324/1250 - train 0.238769 - val 0.249744
Epoch 325/1250 - train 0.238169 - val 0.248713
Epoch 326/1250 - train 0.238995 - val 0.244894
Epoch 327/1250 - train 0.239276 - val 0.246427
Epoch 328/1250 - train 0.239311 - val 0.249517
Epoch 329/1250 - train 0.237931 - val 0.246215
Epoch 330/1250 - train 0.238276 - val 0.247666
Epoch 331/1250 - train 0.239192 - val 0.246085
Epoch 332/1250 - train 0.238365 - val 0.244440
Epoch 333/1250 - train 0.238899 - val 0.244398
Epoch 334/1250 - train 0.238941 - val 0.248123
Epoch 335/1250 - train 0.239109 - val 0.246957
Epoch 336/1250 - train 0.238406 - val 0.245451
Epoch 337/1250 - train 0.238743 - val 0.243886
Epoch 338/1250 - train 0.238463 - val 0.248207
Epoch 339/1250 - train 0.239110 - val 0.250429
Epoch 340/1250 - train 0.238977 - val 0.245439
Epoch 341/1250 - train 0.238529 - val 0.247870
Epoch 342/1250 - train 0.239167 - val 0.247059
Epoch 343/1250 - train 0.238627 - val 0.246040
Epoch 344/1250 - train 0.238599 - val 0.245373
Epoch 345/1250 - train 0.239184 - val 0.246475
Epoch 346/1250 - train 0.239151 - val 0.246654
Epoch 347/1250 - train 0.238678 - val 0.244994
Epoch 348/1250 - train 0.239001 - val 0.244652
Epoch 349/1250 - train 0.239263 - val 0.247355
Epoch 350/1250 - train 0.238961 - val 0.246942
Epoch 351/1250 - train 0.239045 - val 0.247123
Epoch 352/1250 - train 0.238967 - val 0.246238
Epoch 353/1250 - train 0.238497 - val 0.245595
Epoch 354/1250 - train 0.238668 - val 0.244698
Epoch 355/1250 - train 0.238574 - val 0.245003
Epoch 356/1250 - train 0.238946 - val 0.245452
Epoch 357/1250 - train 0.239065 - val 0.246614
Epoch 358/1250 - train 0.238754 - val 0.245580
Epoch 359/1250 - train 0.238850 - val 0.245989
Epoch 360/1250 - train 0.238874 - val 0.254774
Epoch 361/1250 - train 0.238887 - val 0.249566
Epoch 362/1250 - train 0.238999 - val 0.248330
Epoch 363/1250 - train 0.238780 - val 0.245124
Epoch 364/1250 - train 0.238716 - val 0.246921
Epoch 365/1250 - train 0.239100 - val 0.244284
Epoch 366/1250 - train 0.238635 - val 0.244528
Epoch 367/1250 - train 0.238331 - val 0.245224
Epoch 368/1250 - train 0.239190 - val 0.247985
Epoch 369/1250 - train 0.239108 - val 0.247339
Epoch 370/1250 - train 0.238574 - val 0.245609
Epoch 371/1250 - train 0.238521 - val 0.246810
Epoch 372/1250 - train 0.238790 - val 0.245172
Epoch 373/1250 - train 0.238880 - val 0.247546
Epoch 374/1250 - train 0.238067 - val 0.245295
Epoch 375/1250 - train 0.238849 - val 0.244500
Epoch 376/1250 - train 0.238085 - val 0.246192
Epoch 377/1250 - train 0.238197 - val 0.241471
Epoch 378/1250 - train 0.238406 - val 0.245169
Epoch 379/1250 - train 0.238327 - val 0.247506
Epoch 380/1250 - train 0.238632 - val 0.248073
Epoch 381/1250 - train 0.237725 - val 0.249683
Epoch 382/1250 - train 0.238248 - val 0.253372
Epoch 383/1250 - train 0.238840 - val 0.245787
Epoch 384/1250 - train 0.238384 - val 0.247230
Epoch 385/1250 - train 0.238253 - val 0.244406
Epoch 386/1250 - train 0.238112 - val 0.242203
Epoch 387/1250 - train 0.238884 - val 0.244961
Epoch 388/1250 - train 0.237761 - val 0.245667
Epoch 389/1250 - train 0.238480 - val 0.252150
Epoch 390/1250 - train 0.238239 - val 0.246111
Epoch 391/1250 - train 0.238321 - val 0.245185
Epoch 392/1250 - train 0.237614 - val 0.242004
Epoch 393/1250 - train 0.238489 - val 0.244473
Epoch 394/1250 - train 0.238278 - val 0.241060
Epoch 395/1250 - train 0.238293 - val 0.249024
Epoch 396/1250 - train 0.238215 - val 0.244080
Epoch 397/1250 - train 0.238409 - val 0.243734
Epoch 398/1250 - train 0.238222 - val 0.245629
Epoch 399/1250 - train 0.237664 - val 0.246215
Epoch 400/1250 - train 0.238126 - val 0.243423
Epoch 401/1250 - train 0.237572 - val 0.242473
Epoch 402/1250 - train 0.238313 - val 0.248673
Epoch 403/1250 - train 0.238501 - val 0.249392
Epoch 404/1250 - train 0.238398 - val 0.248913
Epoch 405/1250 - train 0.238170 - val 0.244930
Epoch 406/1250 - train 0.238358 - val 0.246688
Epoch 407/1250 - train 0.238242 - val 0.248696
Epoch 408/1250 - train 0.238231 - val 0.244465
Epoch 409/1250 - train 0.239107 - val 0.247367
Epoch 410/1250 - train 0.238081 - val 0.247002
Epoch 411/1250 - train 0.238027 - val 0.252499
Epoch 412/1250 - train 0.238457 - val 0.248332
Epoch 413/1250 - train 0.238602 - val 0.245593
Epoch 414/1250 - train 0.238751 - val 0.242517
Epoch 415/1250 - train 0.237525 - val 0.242685
Epoch 416/1250 - train 0.237703 - val 0.243393
Epoch 417/1250 - train 0.238217 - val 0.247148
Epoch 418/1250 - train 0.238373 - val 0.246578
Epoch 419/1250 - train 0.238154 - val 0.245809
Epoch 420/1250 - train 0.237637 - val 0.244831
Epoch 421/1250 - train 0.238225 - val 0.246146
Epoch 422/1250 - train 0.238470 - val 0.245735
Epoch 423/1250 - train 0.237847 - val 0.246699
Epoch 424/1250 - train 0.237779 - val 0.243076
Epoch 425/1250 - train 0.237806 - val 0.242137
Epoch 426/1250 - train 0.237463 - val 0.244938
Epoch 427/1250 - train 0.237725 - val 0.242827
Epoch 428/1250 - train 0.237853 - val 0.242730
Epoch 429/1250 - train 0.237894 - val 0.243805
Epoch 430/1250 - train 0.237526 - val 0.244497
Epoch 431/1250 - train 0.237464 - val 0.243797
Epoch 432/1250 - train 0.237906 - val 0.247164
Epoch 433/1250 - train 0.237297 - val 0.243542
Epoch 434/1250 - train 0.237783 - val 0.244756
Epoch 435/1250 - train 0.237806 - val 0.242276
Epoch 436/1250 - train 0.237817 - val 0.244405
Epoch 437/1250 - train 0.237334 - val 0.242089
Epoch 438/1250 - train 0.238193 - val 0.247082
Epoch 439/1250 - train 0.237543 - val 0.245437
Epoch 440/1250 - train 0.237349 - val 0.247860
Epoch 441/1250 - train 0.237340 - val 0.245087
Epoch 442/1250 - train 0.237478 - val 0.241492
Epoch 443/1250 - train 0.237615 - val 0.248933
Epoch 444/1250 - train 0.238311 - val 0.241232
Epoch 445/1250 - train 0.237510 - val 0.244747
Epoch 446/1250 - train 0.237317 - val 0.245841
Epoch 447/1250 - train 0.237727 - val 0.244560
Epoch 448/1250 - train 0.237222 - val 0.244122
Epoch 449/1250 - train 0.237441 - val 0.247872
Epoch 450/1250 - train 0.237527 - val 0.243848
Epoch 451/1250 - train 0.237813 - val 0.240433
Epoch 452/1250 - train 0.237206 - val 0.246018
Epoch 453/1250 - train 0.237522 - val 0.244106
Epoch 454/1250 - train 0.237322 - val 0.247969
Epoch 455/1250 - train 0.236898 - val 0.244599
Epoch 456/1250 - train 0.238495 - val 0.242397
Epoch 457/1250 - train 0.237976 - val 0.243008
Epoch 458/1250 - train 0.237417 - val 0.241961
Epoch 459/1250 - train 0.236536 - val 0.243337
Epoch 460/1250 - train 0.238380 - val 0.246885
Epoch 461/1250 - train 0.237278 - val 0.244412
Epoch 462/1250 - train 0.237898 - val 0.239985
Epoch 463/1250 - train 0.237289 - val 0.243261
Epoch 464/1250 - train 0.237037 - val 0.242914
Epoch 465/1250 - train 0.237715 - val 0.247947
Epoch 466/1250 - train 0.237477 - val 0.245456
Epoch 467/1250 - train 0.237838 - val 0.244800
Epoch 468/1250 - train 0.237021 - val 0.242687
Epoch 469/1250 - train 0.237709 - val 0.245461
Epoch 470/1250 - train 0.237508 - val 0.246241
Epoch 471/1250 - train 0.237007 - val 0.248014
Epoch 472/1250 - train 0.237264 - val 0.242356
Epoch 473/1250 - train 0.237357 - val 0.243075
Epoch 474/1250 - train 0.237624 - val 0.243190
Epoch 475/1250 - train 0.237242 - val 0.242337
Epoch 476/1250 - train 0.237538 - val 0.245107
Epoch 477/1250 - train 0.237659 - val 0.247510
Epoch 478/1250 - train 0.237012 - val 0.246973
Epoch 479/1250 - train 0.237758 - val 0.244417
Epoch 480/1250 - train 0.237232 - val 0.248029
Epoch 481/1250 - train 0.236861 - val 0.248266
Epoch 482/1250 - train 0.238109 - val 0.246912
Epoch 483/1250 - train 0.237621 - val 0.251354
Epoch 484/1250 - train 0.237479 - val 0.242780
Epoch 485/1250 - train 0.236910 - val 0.247134
Epoch 486/1250 - train 0.237549 - val 0.243753
Epoch 487/1250 - train 0.236386 - val 0.247577
Epoch 488/1250 - train 0.236683 - val 0.243188
Epoch 489/1250 - train 0.237851 - val 0.245837
Epoch 490/1250 - train 0.237310 - val 0.246370
Epoch 491/1250 - train 0.237689 - val 0.243838
Epoch 492/1250 - train 0.237375 - val 0.244998
Epoch 493/1250 - train 0.237774 - val 0.244773
Epoch 494/1250 - train 0.237601 - val 0.245547
Epoch 495/1250 - train 0.237273 - val 0.244158
Epoch 496/1250 - train 0.237371 - val 0.247135
Epoch 497/1250 - train 0.237452 - val 0.244567
Epoch 498/1250 - train 0.237237 - val 0.243884
Epoch 499/1250 - train 0.236880 - val 0.245500
Epoch 500/1250 - train 0.238034 - val 0.246568
Epoch 501/1250 - train 0.237505 - val 0.241760
Epoch 502/1250 - train 0.237350 - val 0.248980
Epoch 503/1250 - train 0.237582 - val 0.247223
Epoch 504/1250 - train 0.237043 - val 0.242112
Epoch 505/1250 - train 0.237539 - val 0.246192
Epoch 506/1250 - train 0.237571 - val 0.247369
Epoch 507/1250 - train 0.237240 - val 0.242730
Epoch 508/1250 - train 0.236541 - val 0.240496
Epoch 509/1250 - train 0.237442 - val 0.248110
Epoch 510/1250 - train 0.237533 - val 0.247984
Epoch 511/1250 - train 0.236669 - val 0.241789
Epoch 512/1250 - train 0.236968 - val 0.242811
Epoch 513/1250 - train 0.237467 - val 0.245776
Epoch 514/1250 - train 0.237300 - val 0.244756
Epoch 515/1250 - train 0.237622 - val 0.244069
Epoch 516/1250 - train 0.237520 - val 0.249770
Epoch 517/1250 - train 0.237144 - val 0.243213
Epoch 518/1250 - train 0.237238 - val 0.244180
Epoch 519/1250 - train 0.237904 - val 0.248116
Epoch 520/1250 - train 0.236947 - val 0.241917
Epoch 521/1250 - train 0.237277 - val 0.242546
Epoch 522/1250 - train 0.237078 - val 0.242178
Epoch 523/1250 - train 0.236616 - val 0.249432
Epoch 524/1250 - train 0.236863 - val 0.241933
Epoch 525/1250 - train 0.237135 - val 0.245398
Epoch 526/1250 - train 0.237112 - val 0.242435
Epoch 527/1250 - train 0.237004 - val 0.244082
Epoch 528/1250 - train 0.237314 - val 0.241638
Epoch 529/1250 - train 0.237870 - val 0.240756
Epoch 530/1250 - train 0.236825 - val 0.244541
Epoch 531/1250 - train 0.237016 - val 0.247359
Epoch 532/1250 - train 0.237429 - val 0.246274
Epoch 533/1250 - train 0.236937 - val 0.243657
Epoch 534/1250 - train 0.236551 - val 0.246608
Epoch 535/1250 - train 0.237254 - val 0.243814
Epoch 536/1250 - train 0.237815 - val 0.245499
Epoch 537/1250 - train 0.236734 - val 0.247163
Epoch 538/1250 - train 0.236900 - val 0.242875
Epoch 539/1250 - train 0.237591 - val 0.244204
Epoch 540/1250 - train 0.236852 - val 0.244035
Epoch 541/1250 - train 0.237030 - val 0.238425
Epoch 542/1250 - train 0.236672 - val 0.248205
Epoch 543/1250 - train 0.237941 - val 0.243466
Epoch 544/1250 - train 0.237236 - val 0.247720
Epoch 545/1250 - train 0.236505 - val 0.243966
Epoch 546/1250 - train 0.236874 - val 0.244228
Epoch 547/1250 - train 0.236570 - val 0.246587
Epoch 548/1250 - train 0.236974 - val 0.246268
Epoch 549/1250 - train 0.236888 - val 0.242441
Epoch 550/1250 - train 0.237437 - val 0.241856
Epoch 551/1250 - train 0.236453 - val 0.242194
Epoch 552/1250 - train 0.236844 - val 0.242717
Epoch 553/1250 - train 0.236533 - val 0.240800
Epoch 554/1250 - train 0.237144 - val 0.249961
Epoch 555/1250 - train 0.236921 - val 0.246720
Epoch 556/1250 - train 0.236921 - val 0.246440
Epoch 557/1250 - train 0.237177 - val 0.242395
Epoch 558/1250 - train 0.236349 - val 0.244435
Epoch 559/1250 - train 0.237486 - val 0.241518
Epoch 560/1250 - train 0.236481 - val 0.251389
Epoch 561/1250 - train 0.236553 - val 0.243916
Epoch 562/1250 - train 0.236949 - val 0.244021
Epoch 563/1250 - train 0.237093 - val 0.242926
Epoch 564/1250 - train 0.237311 - val 0.246377
Epoch 565/1250 - train 0.236872 - val 0.247717
Epoch 566/1250 - train 0.237449 - val 0.240833
Epoch 567/1250 - train 0.236620 - val 0.246455
Epoch 568/1250 - train 0.236789 - val 0.240607
Epoch 569/1250 - train 0.237025 - val 0.240123
Epoch 570/1250 - train 0.236330 - val 0.243592
Epoch 571/1250 - train 0.237143 - val 0.244614
Epoch 572/1250 - train 0.237088 - val 0.245786
Epoch 573/1250 - train 0.237093 - val 0.241296
Epoch 574/1250 - train 0.237000 - val 0.241545
Epoch 575/1250 - train 0.237181 - val 0.241304
Epoch 576/1250 - train 0.237166 - val 0.244900
Epoch 577/1250 - train 0.237040 - val 0.242055
Epoch 578/1250 - train 0.236850 - val 0.240092
Epoch 579/1250 - train 0.236565 - val 0.248467
Epoch 580/1250 - train 0.237347 - val 0.239554
Epoch 581/1250 - train 0.237002 - val 0.244185
Epoch 582/1250 - train 0.237216 - val 0.243753
Epoch 583/1250 - train 0.236357 - val 0.243075
Epoch 584/1250 - train 0.236617 - val 0.244747
Epoch 585/1250 - train 0.236818 - val 0.243638
Epoch 586/1250 - train 0.237157 - val 0.243384
Epoch 587/1250 - train 0.236678 - val 0.243330
Epoch 588/1250 - train 0.236826 - val 0.244088
Epoch 589/1250 - train 0.236983 - val 0.243225
Epoch 590/1250 - train 0.236991 - val 0.242568
Epoch 591/1250 - train 0.236815 - val 0.245916
Epoch 592/1250 - train 0.236667 - val 0.254738
Epoch 593/1250 - train 0.236744 - val 0.242646
Epoch 594/1250 - train 0.237211 - val 0.243633
Epoch 595/1250 - train 0.236004 - val 0.240356
Epoch 596/1250 - train 0.236476 - val 0.242676
Epoch 597/1250 - train 0.236750 - val 0.241500
Epoch 598/1250 - train 0.236611 - val 0.243842
Epoch 599/1250 - train 0.236954 - val 0.242078
Epoch 600/1250 - train 0.236327 - val 0.246747
Epoch 601/1250 - train 0.236848 - val 0.249437
Epoch 602/1250 - train 0.236349 - val 0.245655
Epoch 603/1250 - train 0.237099 - val 0.243335
Epoch 604/1250 - train 0.235983 - val 0.240466
Epoch 605/1250 - train 0.236833 - val 0.242222
Epoch 606/1250 - train 0.236239 - val 0.242494
Epoch 607/1250 - train 0.235915 - val 0.240462
Epoch 608/1250 - train 0.236743 - val 0.245222
Epoch 609/1250 - train 0.235917 - val 0.241739
Epoch 610/1250 - train 0.236958 - val 0.247710
Epoch 611/1250 - train 0.236892 - val 0.245061
Epoch 612/1250 - train 0.235866 - val 0.241501
Epoch 613/1250 - train 0.236782 - val 0.250840
Epoch 614/1250 - train 0.236273 - val 0.242200
Epoch 615/1250 - train 0.236468 - val 0.241782
Epoch 616/1250 - train 0.236807 - val 0.243232
Epoch 617/1250 - train 0.236570 - val 0.243229
Epoch 618/1250 - train 0.237002 - val 0.241465
Epoch 619/1250 - train 0.236806 - val 0.244784
Epoch 620/1250 - train 0.235763 - val 0.250038
Epoch 621/1250 - train 0.236517 - val 0.246581
Epoch 622/1250 - train 0.236268 - val 0.245447
Epoch 623/1250 - train 0.236602 - val 0.241364
Epoch 624/1250 - train 0.236258 - val 0.241180
Epoch 625/1250 - train 0.235941 - val 0.243634
Epoch 626/1250 - train 0.236907 - val 0.240335
Epoch 627/1250 - train 0.235394 - val 0.244522
Epoch 628/1250 - train 0.236585 - val 0.243902
Epoch 629/1250 - train 0.236957 - val 0.244424
Epoch 630/1250 - train 0.236340 - val 0.243014
Epoch 631/1250 - train 0.235971 - val 0.244569
Epoch 632/1250 - train 0.236456 - val 0.247800
Epoch 633/1250 - train 0.236255 - val 0.242143
Epoch 634/1250 - train 0.236295 - val 0.239273
Epoch 635/1250 - train 0.235769 - val 0.242868
Epoch 636/1250 - train 0.235768 - val 0.240953
Epoch 637/1250 - train 0.237286 - val 0.242306
Epoch 638/1250 - train 0.236580 - val 0.243493
Epoch 639/1250 - train 0.236842 - val 0.246872
Epoch 640/1250 - train 0.236692 - val 0.243728
Epoch 641/1250 - train 0.236506 - val 0.245624
Epoch 642/1250 - train 0.235772 - val 0.241832
Epoch 643/1250 - train 0.236644 - val 0.242447
Epoch 644/1250 - train 0.236164 - val 0.241035
Epoch 645/1250 - train 0.236380 - val 0.241482
Epoch 646/1250 - train 0.236304 - val 0.247636
Epoch 647/1250 - train 0.235892 - val 0.242620
Epoch 648/1250 - train 0.236642 - val 0.242232
Epoch 649/1250 - train 0.236308 - val 0.241435
Epoch 650/1250 - train 0.236574 - val 0.244699
Epoch 651/1250 - train 0.236982 - val 0.243701
Epoch 652/1250 - train 0.235849 - val 0.243260
Epoch 653/1250 - train 0.236421 - val 0.244638
Epoch 654/1250 - train 0.236888 - val 0.246205
Epoch 655/1250 - train 0.236949 - val 0.246847
Epoch 656/1250 - train 0.236279 - val 0.244571
Epoch 657/1250 - train 0.236451 - val 0.238695
Epoch 658/1250 - train 0.236264 - val 0.246226
Epoch 659/1250 - train 0.236315 - val 0.245789
Epoch 660/1250 - train 0.235992 - val 0.241532
Epoch 661/1250 - train 0.236940 - val 0.244805
Epoch 662/1250 - train 0.236069 - val 0.246145
Epoch 663/1250 - train 0.236596 - val 0.242262
Epoch 664/1250 - train 0.236184 - val 0.242523
Epoch 665/1250 - train 0.236328 - val 0.242124
Epoch 666/1250 - train 0.236600 - val 0.240002
Epoch 667/1250 - train 0.236626 - val 0.243776
Epoch 668/1250 - train 0.235499 - val 0.239746
Epoch 669/1250 - train 0.236231 - val 0.243166
Epoch 670/1250 - train 0.236838 - val 0.242841
Epoch 671/1250 - train 0.236084 - val 0.248554
Epoch 672/1250 - train 0.236739 - val 0.242907
Epoch 673/1250 - train 0.235768 - val 0.242284
Epoch 674/1250 - train 0.235959 - val 0.241208
Epoch 675/1250 - train 0.236957 - val 0.242630
Epoch 676/1250 - train 0.236481 - val 0.247178
Epoch 677/1250 - train 0.235989 - val 0.246043
Epoch 678/1250 - train 0.237056 - val 0.243062
Epoch 679/1250 - train 0.236374 - val 0.240332
Epoch 680/1250 - train 0.236460 - val 0.242663
Epoch 681/1250 - train 0.236287 - val 0.246639
Epoch 682/1250 - train 0.236146 - val 0.243820
Epoch 683/1250 - train 0.236363 - val 0.243375
Epoch 684/1250 - train 0.236288 - val 0.249844
Epoch 685/1250 - train 0.236412 - val 0.243008
Epoch 686/1250 - train 0.236284 - val 0.242057
Epoch 687/1250 - train 0.236446 - val 0.241810
Epoch 688/1250 - train 0.235899 - val 0.247131
Epoch 689/1250 - train 0.236736 - val 0.242243
Epoch 690/1250 - train 0.235939 - val 0.241342
Epoch 691/1250 - train 0.236759 - val 0.241010
Epoch 692/1250 - train 0.236631 - val 0.248759
Epoch 693/1250 - train 0.235771 - val 0.242477
Epoch 694/1250 - train 0.236136 - val 0.245108
Epoch 695/1250 - train 0.236135 - val 0.242122
Epoch 696/1250 - train 0.236684 - val 0.242259
Epoch 697/1250 - train 0.235872 - val 0.243583
Epoch 698/1250 - train 0.236757 - val 0.244222
Epoch 699/1250 - train 0.236430 - val 0.244944
Epoch 700/1250 - train 0.236343 - val 0.244039
Epoch 701/1250 - train 0.236313 - val 0.243045
Epoch 702/1250 - train 0.236264 - val 0.245489
Epoch 703/1250 - train 0.236525 - val 0.244481
Epoch 704/1250 - train 0.235462 - val 0.246677
Epoch 705/1250 - train 0.236371 - val 0.247460
Epoch 706/1250 - train 0.235819 - val 0.242141
Epoch 707/1250 - train 0.236259 - val 0.240711
Epoch 708/1250 - train 0.236484 - val 0.245091
Epoch 709/1250 - train 0.236394 - val 0.241984
Epoch 710/1250 - train 0.236329 - val 0.241763
Epoch 711/1250 - train 0.236551 - val 0.238953
Epoch 712/1250 - train 0.236041 - val 0.243167
Epoch 713/1250 - train 0.236757 - val 0.242311
Epoch 714/1250 - train 0.236407 - val 0.243845
Epoch 715/1250 - train 0.235589 - val 0.239534
Epoch 716/1250 - train 0.236053 - val 0.243831
Epoch 717/1250 - train 0.236570 - val 0.246385
Epoch 718/1250 - train 0.236720 - val 0.248976
Epoch 719/1250 - train 0.236562 - val 0.241019
Epoch 720/1250 - train 0.236251 - val 0.242265
Epoch 721/1250 - train 0.235895 - val 0.242710
Epoch 722/1250 - train 0.235936 - val 0.245693
Epoch 723/1250 - train 0.236293 - val 0.246518
Epoch 724/1250 - train 0.235991 - val 0.242327
Epoch 725/1250 - train 0.236546 - val 0.246158
Epoch 726/1250 - train 0.236189 - val 0.241735
Epoch 727/1250 - train 0.236516 - val 0.247655
Epoch 728/1250 - train 0.236140 - val 0.244765
Epoch 729/1250 - train 0.236112 - val 0.246437
Epoch 730/1250 - train 0.236382 - val 0.242045
Epoch 731/1250 - train 0.236324 - val 0.245253
Epoch 732/1250 - train 0.236469 - val 0.246220
Epoch 733/1250 - train 0.236567 - val 0.246050
Epoch 734/1250 - train 0.236181 - val 0.246744
Epoch 735/1250 - train 0.236179 - val 0.241584
Epoch 736/1250 - train 0.236301 - val 0.242860
Epoch 737/1250 - train 0.236471 - val 0.247317
Epoch 738/1250 - train 0.236641 - val 0.239501
Epoch 739/1250 - train 0.236122 - val 0.245101
Epoch 740/1250 - train 0.236056 - val 0.249163
Epoch 741/1250 - train 0.235846 - val 0.241727
Epoch 742/1250 - train 0.236500 - val 0.240630
Epoch 743/1250 - train 0.236135 - val 0.242849
Epoch 744/1250 - train 0.236153 - val 0.242510
Epoch 745/1250 - train 0.236404 - val 0.242061
Epoch 746/1250 - train 0.236039 - val 0.244389
Epoch 747/1250 - train 0.236100 - val 0.243661
Epoch 748/1250 - train 0.236086 - val 0.245508
Epoch 749/1250 - train 0.236155 - val 0.242424
Epoch 750/1250 - train 0.235791 - val 0.244438
Epoch 751/1250 - train 0.236734 - val 0.241103
Epoch 752/1250 - train 0.235633 - val 0.242008
Epoch 753/1250 - train 0.236279 - val 0.242901
Epoch 754/1250 - train 0.236385 - val 0.251150
Epoch 755/1250 - train 0.236223 - val 0.246103
Epoch 756/1250 - train 0.236409 - val 0.243753
Epoch 757/1250 - train 0.236242 - val 0.239646
Epoch 758/1250 - train 0.235731 - val 0.240141
Epoch 759/1250 - train 0.236026 - val 0.241680
Epoch 760/1250 - train 0.236518 - val 0.242094
Epoch 761/1250 - train 0.235650 - val 0.241750
Epoch 762/1250 - train 0.236187 - val 0.238931
Epoch 763/1250 - train 0.236392 - val 0.241191
Epoch 764/1250 - train 0.235836 - val 0.239888
Epoch 765/1250 - train 0.236563 - val 0.244296
Epoch 766/1250 - train 0.236026 - val 0.240464
Epoch 767/1250 - train 0.235937 - val 0.241745
Epoch 768/1250 - train 0.236066 - val 0.244488
Epoch 769/1250 - train 0.235757 - val 0.244517
Epoch 770/1250 - train 0.235484 - val 0.245748
Epoch 771/1250 - train 0.236795 - val 0.238969
Epoch 772/1250 - train 0.235943 - val 0.243985
Epoch 773/1250 - train 0.236312 - val 0.241971
Epoch 774/1250 - train 0.235946 - val 0.246726
Epoch 775/1250 - train 0.236117 - val 0.245125
Epoch 776/1250 - train 0.236325 - val 0.243218
Epoch 777/1250 - train 0.236357 - val 0.244531
Epoch 778/1250 - train 0.235761 - val 0.242282
Epoch 779/1250 - train 0.235751 - val 0.242136
Epoch 780/1250 - train 0.236253 - val 0.242872
Epoch 781/1250 - train 0.236430 - val 0.242438
Epoch 782/1250 - train 0.236763 - val 0.243688
Epoch 783/1250 - train 0.235649 - val 0.243791
Epoch 784/1250 - train 0.235796 - val 0.246512
Epoch 785/1250 - train 0.235904 - val 0.248626
Epoch 786/1250 - train 0.236188 - val 0.240190
Epoch 787/1250 - train 0.236293 - val 0.251091
Epoch 788/1250 - train 0.236403 - val 0.246729
Epoch 789/1250 - train 0.236328 - val 0.242351
Epoch 790/1250 - train 0.236062 - val 0.241446
Epoch 791/1250 - train 0.236748 - val 0.242478
Epoch 792/1250 - train 0.235446 - val 0.240961
Epoch 793/1250 - train 0.236079 - val 0.243762
Epoch 794/1250 - train 0.236179 - val 0.240738
Epoch 795/1250 - train 0.236704 - val 0.243232
Epoch 796/1250 - train 0.235992 - val 0.241305
Epoch 797/1250 - train 0.236115 - val 0.245026
Epoch 798/1250 - train 0.236316 - val 0.242584
Epoch 799/1250 - train 0.236404 - val 0.244475
Epoch 800/1250 - train 0.236206 - val 0.241393
Epoch 801/1250 - train 0.235948 - val 0.240097
Epoch 802/1250 - train 0.236059 - val 0.244861
Epoch 803/1250 - train 0.235933 - val 0.238864
Epoch 804/1250 - train 0.235650 - val 0.246762
Epoch 805/1250 - train 0.236216 - val 0.243136
Epoch 806/1250 - train 0.235745 - val 0.244517
Epoch 807/1250 - train 0.236350 - val 0.241874
Epoch 808/1250 - train 0.236095 - val 0.243567
Epoch 809/1250 - train 0.237314 - val 0.242528
Epoch 810/1250 - train 0.235670 - val 0.242210
Epoch 811/1250 - train 0.236096 - val 0.246945
Epoch 812/1250 - train 0.236270 - val 0.244109
Epoch 813/1250 - train 0.235684 - val 0.243665
Epoch 814/1250 - train 0.237055 - val 0.243329
Epoch 815/1250 - train 0.236351 - val 0.240482
Epoch 816/1250 - train 0.235938 - val 0.247449
Epoch 817/1250 - train 0.236304 - val 0.243012
Epoch 818/1250 - train 0.235874 - val 0.242440
Epoch 819/1250 - train 0.235980 - val 0.244149
Epoch 820/1250 - train 0.236363 - val 0.245407
Epoch 821/1250 - train 0.235878 - val 0.243698
Epoch 822/1250 - train 0.236276 - val 0.242173
Epoch 823/1250 - train 0.235525 - val 0.242012
Epoch 824/1250 - train 0.235885 - val 0.246438
Epoch 825/1250 - train 0.236350 - val 0.242123
Epoch 826/1250 - train 0.236058 - val 0.240949
Epoch 827/1250 - train 0.236802 - val 0.244690
Epoch 828/1250 - train 0.235388 - val 0.243553
Epoch 829/1250 - train 0.236090 - val 0.246058
Epoch 830/1250 - train 0.236081 - val 0.245357
Epoch 831/1250 - train 0.236461 - val 0.242838
Epoch 832/1250 - train 0.235897 - val 0.239438
Epoch 833/1250 - train 0.235574 - val 0.244212
Epoch 834/1250 - train 0.236120 - val 0.245542
Epoch 835/1250 - train 0.236066 - val 0.247973
Epoch 836/1250 - train 0.236007 - val 0.240251
Epoch 837/1250 - train 0.235551 - val 0.245505
Epoch 838/1250 - train 0.236020 - val 0.243585
Epoch 839/1250 - train 0.236784 - val 0.244954
Epoch 840/1250 - train 0.236598 - val 0.247896
Epoch 841/1250 - train 0.235286 - val 0.242945
Epoch 842/1250 - train 0.235565 - val 0.241709
Epoch 843/1250 - train 0.236170 - val 0.240206
Epoch 844/1250 - train 0.236809 - val 0.243176
Epoch 845/1250 - train 0.236155 - val 0.241701
Epoch 846/1250 - train 0.235884 - val 0.242363
Epoch 847/1250 - train 0.236571 - val 0.242117
Epoch 848/1250 - train 0.236820 - val 0.240163
Epoch 849/1250 - train 0.235681 - val 0.242642
Epoch 850/1250 - train 0.235808 - val 0.243455
Epoch 851/1250 - train 0.236435 - val 0.243296
Epoch 852/1250 - train 0.235797 - val 0.243974
Epoch 853/1250 - train 0.235651 - val 0.242846
Epoch 854/1250 - train 0.235593 - val 0.243029
Epoch 855/1250 - train 0.235991 - val 0.242498
Epoch 856/1250 - train 0.236319 - val 0.238217
Epoch 857/1250 - train 0.235649 - val 0.239307
Epoch 858/1250 - train 0.235876 - val 0.240368
Epoch 859/1250 - train 0.236599 - val 0.239956
Epoch 860/1250 - train 0.235908 - val 0.245503
Epoch 861/1250 - train 0.236305 - val 0.243943
Epoch 862/1250 - train 0.236504 - val 0.237578
Epoch 863/1250 - train 0.235857 - val 0.246053
Epoch 864/1250 - train 0.236338 - val 0.247692
Epoch 865/1250 - train 0.235875 - val 0.240434
Epoch 866/1250 - train 0.235701 - val 0.246404
Epoch 867/1250 - train 0.236321 - val 0.239880
Epoch 868/1250 - train 0.236792 - val 0.241549
Epoch 869/1250 - train 0.235815 - val 0.240761
Epoch 870/1250 - train 0.236295 - val 0.243113
Epoch 871/1250 - train 0.235722 - val 0.246210
Epoch 872/1250 - train 0.236088 - val 0.241928
Epoch 873/1250 - train 0.236297 - val 0.246804
Epoch 874/1250 - train 0.236975 - val 0.243701
Epoch 875/1250 - train 0.236054 - val 0.240223
Epoch 876/1250 - train 0.236510 - val 0.245269
Epoch 877/1250 - train 0.235768 - val 0.243077
Epoch 878/1250 - train 0.236486 - val 0.239459
Epoch 879/1250 - train 0.235244 - val 0.244180
Epoch 880/1250 - train 0.235752 - val 0.242460
Epoch 881/1250 - train 0.236437 - val 0.240423
Epoch 882/1250 - train 0.236099 - val 0.241380
Epoch 883/1250 - train 0.235780 - val 0.240318
Epoch 884/1250 - train 0.236450 - val 0.242889
Epoch 885/1250 - train 0.235946 - val 0.242426
Epoch 886/1250 - train 0.236691 - val 0.242379
Epoch 887/1250 - train 0.236037 - val 0.241306
Epoch 888/1250 - train 0.236200 - val 0.249422
Epoch 889/1250 - train 0.235892 - val 0.245275
Epoch 890/1250 - train 0.236546 - val 0.240686
Epoch 891/1250 - train 0.236077 - val 0.243208
Epoch 892/1250 - train 0.236360 - val 0.250032
Epoch 893/1250 - train 0.236018 - val 0.242806
Epoch 894/1250 - train 0.236239 - val 0.242179
Epoch 895/1250 - train 0.235645 - val 0.242756
Epoch 896/1250 - train 0.236207 - val 0.247572
Epoch 897/1250 - train 0.236238 - val 0.239394
Epoch 898/1250 - train 0.235712 - val 0.241924
Epoch 899/1250 - train 0.236201 - val 0.244279
Epoch 900/1250 - train 0.236630 - val 0.240625
Epoch 901/1250 - train 0.235843 - val 0.244638
Epoch 902/1250 - train 0.235753 - val 0.245632
Epoch 903/1250 - train 0.235967 - val 0.242078
Epoch 904/1250 - train 0.236370 - val 0.245849
Epoch 905/1250 - train 0.236022 - val 0.238641
Epoch 906/1250 - train 0.235139 - val 0.242896
Epoch 907/1250 - train 0.236575 - val 0.243793
Epoch 908/1250 - train 0.236038 - val 0.241275
Epoch 909/1250 - train 0.236239 - val 0.242658
Epoch 910/1250 - train 0.235972 - val 0.243421
Epoch 911/1250 - train 0.236251 - val 0.245292
Epoch 912/1250 - train 0.235510 - val 0.240073
Epoch 913/1250 - train 0.236020 - val 0.245404
Epoch 914/1250 - train 0.236066 - val 0.243927
Epoch 915/1250 - train 0.236183 - val 0.246200
Epoch 916/1250 - train 0.236220 - val 0.243325
Epoch 917/1250 - train 0.235964 - val 0.243559
Epoch 918/1250 - train 0.235566 - val 0.245187
Epoch 919/1250 - train 0.236103 - val 0.245499
Epoch 920/1250 - train 0.235785 - val 0.241002
Epoch 921/1250 - train 0.235311 - val 0.238718
Epoch 922/1250 - train 0.235980 - val 0.247854
Epoch 923/1250 - train 0.236855 - val 0.241806
Epoch 924/1250 - train 0.236200 - val 0.243225
Epoch 925/1250 - train 0.235751 - val 0.239473
Epoch 926/1250 - train 0.235704 - val 0.247906
Epoch 927/1250 - train 0.236373 - val 0.245447
Epoch 928/1250 - train 0.235566 - val 0.244411
Epoch 929/1250 - train 0.236010 - val 0.246863
Epoch 930/1250 - train 0.236983 - val 0.244442
Epoch 931/1250 - train 0.236601 - val 0.243634
Epoch 932/1250 - train 0.235595 - val 0.247468
Epoch 933/1250 - train 0.235708 - val 0.244427
Epoch 934/1250 - train 0.236523 - val 0.248956
Epoch 935/1250 - train 0.236439 - val 0.240514
Epoch 936/1250 - train 0.235709 - val 0.240362
Epoch 937/1250 - train 0.236243 - val 0.241679
Epoch 938/1250 - train 0.236154 - val 0.241434
Epoch 939/1250 - train 0.235445 - val 0.243932
Epoch 940/1250 - train 0.235958 - val 0.240577
Epoch 941/1250 - train 0.235962 - val 0.243532
Epoch 942/1250 - train 0.235971 - val 0.242407
Epoch 943/1250 - train 0.235986 - val 0.244799
Epoch 944/1250 - train 0.236072 - val 0.240682
Epoch 945/1250 - train 0.235437 - val 0.244218
Epoch 946/1250 - train 0.235945 - val 0.241300
Epoch 947/1250 - train 0.235893 - val 0.243290
Epoch 948/1250 - train 0.236211 - val 0.243898
Epoch 949/1250 - train 0.236022 - val 0.242399
Epoch 950/1250 - train 0.235925 - val 0.241612
Epoch 951/1250 - train 0.236038 - val 0.239767
Epoch 952/1250 - train 0.236741 - val 0.243977
Epoch 953/1250 - train 0.236768 - val 0.243419
Epoch 954/1250 - train 0.235818 - val 0.247662
Epoch 955/1250 - train 0.236150 - val 0.240122
Epoch 956/1250 - train 0.235902 - val 0.242611
Epoch 957/1250 - train 0.236498 - val 0.245797
Epoch 958/1250 - train 0.235542 - val 0.244967
Epoch 959/1250 - train 0.236095 - val 0.243517
Epoch 960/1250 - train 0.235386 - val 0.238734
Epoch 961/1250 - train 0.236330 - val 0.239804
Epoch 962/1250 - train 0.236270 - val 0.243296
Epoch 963/1250 - train 0.236370 - val 0.243598
Epoch 964/1250 - train 0.235555 - val 0.241851
Epoch 965/1250 - train 0.235934 - val 0.246202
Epoch 966/1250 - train 0.235963 - val 0.243752
Epoch 967/1250 - train 0.236493 - val 0.242371
Epoch 968/1250 - train 0.235866 - val 0.245809
Epoch 969/1250 - train 0.235657 - val 0.240863
Epoch 970/1250 - train 0.236032 - val 0.242607
Epoch 971/1250 - train 0.236256 - val 0.246028
Epoch 972/1250 - train 0.235734 - val 0.242932
Epoch 973/1250 - train 0.235794 - val 0.245173
Epoch 974/1250 - train 0.235699 - val 0.244970
Epoch 975/1250 - train 0.235540 - val 0.242513
Epoch 976/1250 - train 0.236249 - val 0.244794
Epoch 977/1250 - train 0.236255 - val 0.241538
Epoch 978/1250 - train 0.236301 - val 0.242968
Epoch 979/1250 - train 0.235801 - val 0.241624
Epoch 980/1250 - train 0.236017 - val 0.242865
Epoch 981/1250 - train 0.235868 - val 0.242735
Epoch 982/1250 - train 0.235794 - val 0.244417
Epoch 983/1250 - train 0.236314 - val 0.248191
Epoch 984/1250 - train 0.235850 - val 0.247301
Epoch 985/1250 - train 0.235917 - val 0.245213
Epoch 986/1250 - train 0.235714 - val 0.243525
Epoch 987/1250 - train 0.235820 - val 0.241208
Epoch 988/1250 - train 0.236272 - val 0.243487
Epoch 989/1250 - train 0.235502 - val 0.244701
Epoch 990/1250 - train 0.236054 - val 0.241086
Epoch 991/1250 - train 0.236037 - val 0.241175
Epoch 992/1250 - train 0.236044 - val 0.244107
Epoch 993/1250 - train 0.236094 - val 0.247051
Epoch 994/1250 - train 0.235970 - val 0.242562
Epoch 995/1250 - train 0.235179 - val 0.247212
Epoch 996/1250 - train 0.235999 - val 0.245572
Epoch 997/1250 - train 0.235202 - val 0.243789
Epoch 998/1250 - train 0.236317 - val 0.238819
Epoch 999/1250 - train 0.235692 - val 0.242098
Epoch 1000/1250 - train 0.236019 - val 0.242165
Epoch 1001/1250 - train 0.235545 - val 0.239573
Epoch 1002/1250 - train 0.235971 - val 0.241002
Epoch 1003/1250 - train 0.235584 - val 0.242761
Epoch 1004/1250 - train 0.236080 - val 0.243201
Epoch 1005/1250 - train 0.235726 - val 0.241269
Epoch 1006/1250 - train 0.235987 - val 0.241645
Epoch 1007/1250 - train 0.236022 - val 0.243469
Epoch 1008/1250 - train 0.236310 - val 0.242238
Epoch 1009/1250 - train 0.235499 - val 0.242135
Epoch 1010/1250 - train 0.235739 - val 0.245477
Epoch 1011/1250 - train 0.236308 - val 0.246610
Epoch 1012/1250 - train 0.235734 - val 0.239941
Epoch 1013/1250 - train 0.235832 - val 0.243283
Epoch 1014/1250 - train 0.235525 - val 0.242816
Epoch 1015/1250 - train 0.234785 - val 0.243608
Epoch 1016/1250 - train 0.235436 - val 0.240575
Epoch 1017/1250 - train 0.235460 - val 0.239998
Epoch 1018/1250 - train 0.236042 - val 0.242691
Epoch 1019/1250 - train 0.236127 - val 0.242871
Epoch 1020/1250 - train 0.235696 - val 0.243160
Epoch 1021/1250 - train 0.235877 - val 0.245103
Epoch 1022/1250 - train 0.235035 - val 0.244610
Epoch 1023/1250 - train 0.236102 - val 0.237661
Epoch 1024/1250 - train 0.235625 - val 0.242201
Epoch 1025/1250 - train 0.236487 - val 0.245746
Epoch 1026/1250 - train 0.235746 - val 0.248211
Epoch 1027/1250 - train 0.236226 - val 0.240222
Epoch 1028/1250 - train 0.235452 - val 0.243657
Epoch 1029/1250 - train 0.235828 - val 0.241676
Epoch 1030/1250 - train 0.235692 - val 0.240352
Epoch 1031/1250 - train 0.235263 - val 0.241797
Epoch 1032/1250 - train 0.235469 - val 0.239759
Epoch 1033/1250 - train 0.236688 - val 0.243074
Epoch 1034/1250 - train 0.235728 - val 0.238814
Epoch 1035/1250 - train 0.235419 - val 0.241175
Epoch 1036/1250 - train 0.235352 - val 0.242897
Epoch 1037/1250 - train 0.235050 - val 0.243092
Epoch 1038/1250 - train 0.235568 - val 0.243236
Epoch 1039/1250 - train 0.235788 - val 0.246380
Epoch 1040/1250 - train 0.235373 - val 0.245890
Epoch 1041/1250 - train 0.236170 - val 0.245131
Epoch 1042/1250 - train 0.235730 - val 0.238604
Epoch 1043/1250 - train 0.236006 - val 0.240953
Epoch 1044/1250 - train 0.235537 - val 0.241832
Epoch 1045/1250 - train 0.235889 - val 0.239937
Epoch 1046/1250 - train 0.235455 - val 0.245210
Epoch 1047/1250 - train 0.235944 - val 0.241893
Epoch 1048/1250 - train 0.235954 - val 0.246329
Epoch 1049/1250 - train 0.235914 - val 0.244438
Epoch 1050/1250 - train 0.236519 - val 0.243211
Epoch 1051/1250 - train 0.236033 - val 0.242733
Epoch 1052/1250 - train 0.235695 - val 0.242712
Epoch 1053/1250 - train 0.235968 - val 0.245799
Epoch 1054/1250 - train 0.235236 - val 0.241839
Epoch 1055/1250 - train 0.235778 - val 0.242553
Epoch 1056/1250 - train 0.235790 - val 0.240574
Epoch 1057/1250 - train 0.235439 - val 0.239703
Epoch 1058/1250 - train 0.235968 - val 0.242229
Epoch 1059/1250 - train 0.235270 - val 0.244650
Epoch 1060/1250 - train 0.236378 - val 0.248338
Epoch 1061/1250 - train 0.236418 - val 0.242193
Epoch 1062/1250 - train 0.235338 - val 0.243536
Epoch 1063/1250 - train 0.235375 - val 0.242953
Epoch 1064/1250 - train 0.236208 - val 0.241590
Epoch 1065/1250 - train 0.235590 - val 0.241806
Epoch 1066/1250 - train 0.235759 - val 0.242280
Epoch 1067/1250 - train 0.236133 - val 0.246286
Epoch 1068/1250 - train 0.235957 - val 0.240427
Epoch 1069/1250 - train 0.235635 - val 0.240794
Epoch 1070/1250 - train 0.236063 - val 0.241231
Epoch 1071/1250 - train 0.235719 - val 0.240753
Epoch 1072/1250 - train 0.236242 - val 0.240333
Epoch 1073/1250 - train 0.235474 - val 0.251121
Epoch 1074/1250 - train 0.235636 - val 0.245515
Epoch 1075/1250 - train 0.235557 - val 0.238696
Epoch 1076/1250 - train 0.235023 - val 0.241844
Epoch 1077/1250 - train 0.235506 - val 0.242289
Epoch 1078/1250 - train 0.236302 - val 0.241329
Epoch 1079/1250 - train 0.236197 - val 0.245841
Epoch 1080/1250 - train 0.236310 - val 0.239735
Epoch 1081/1250 - train 0.235522 - val 0.239941
Epoch 1082/1250 - train 0.235926 - val 0.245189
Epoch 1083/1250 - train 0.235261 - val 0.243452
Epoch 1084/1250 - train 0.235819 - val 0.245769
Epoch 1085/1250 - train 0.236077 - val 0.244273
Epoch 1086/1250 - train 0.235880 - val 0.246740
Epoch 1087/1250 - train 0.236082 - val 0.243269
Epoch 1088/1250 - train 0.235646 - val 0.243045
Epoch 1089/1250 - train 0.235967 - val 0.242009
Epoch 1090/1250 - train 0.235834 - val 0.246805
Epoch 1091/1250 - train 0.236365 - val 0.244545
Epoch 1092/1250 - train 0.235674 - val 0.244860
Epoch 1093/1250 - train 0.235708 - val 0.244840
Epoch 1094/1250 - train 0.235448 - val 0.240526
Epoch 1095/1250 - train 0.235960 - val 0.245738
Epoch 1096/1250 - train 0.235706 - val 0.241535
Epoch 1097/1250 - train 0.235878 - val 0.247634
Epoch 1098/1250 - train 0.236129 - val 0.240412
Epoch 1099/1250 - train 0.235243 - val 0.242504
Epoch 1100/1250 - train 0.235584 - val 0.240802
Epoch 1101/1250 - train 0.236021 - val 0.242258
Epoch 1102/1250 - train 0.236206 - val 0.241545
Epoch 1103/1250 - train 0.234890 - val 0.239786
Epoch 1104/1250 - train 0.236037 - val 0.243083
Epoch 1105/1250 - train 0.235189 - val 0.241767
Epoch 1106/1250 - train 0.235959 - val 0.241711
Epoch 1107/1250 - train 0.235600 - val 0.241111
Epoch 1108/1250 - train 0.235302 - val 0.241088
Epoch 1109/1250 - train 0.235876 - val 0.240025
Epoch 1110/1250 - train 0.235232 - val 0.242277
Epoch 1111/1250 - train 0.235601 - val 0.239657
Epoch 1112/1250 - train 0.235746 - val 0.243202
Epoch 1113/1250 - train 0.236102 - val 0.239104
Epoch 1114/1250 - train 0.235079 - val 0.240856
Epoch 1115/1250 - train 0.235548 - val 0.240505
Epoch 1116/1250 - train 0.235025 - val 0.240610
Epoch 1117/1250 - train 0.235581 - val 0.248383
Epoch 1118/1250 - train 0.235280 - val 0.244857
Epoch 1119/1250 - train 0.235984 - val 0.241822
Epoch 1120/1250 - train 0.235479 - val 0.238928
Epoch 1121/1250 - train 0.235937 - val 0.242400
Epoch 1122/1250 - train 0.235456 - val 0.246139
Epoch 1123/1250 - train 0.235765 - val 0.244430
Epoch 1124/1250 - train 0.234845 - val 0.243266
Epoch 1125/1250 - train 0.236064 - val 0.240510
Epoch 1126/1250 - train 0.235977 - val 0.243309
Epoch 1127/1250 - train 0.235358 - val 0.245396
Epoch 1128/1250 - train 0.236034 - val 0.245354
Epoch 1129/1250 - train 0.235481 - val 0.244979
Epoch 1130/1250 - train 0.235781 - val 0.245956
Epoch 1131/1250 - train 0.236256 - val 0.247130
Epoch 1132/1250 - train 0.235142 - val 0.241864
Epoch 1133/1250 - train 0.236177 - val 0.245165
Epoch 1134/1250 - train 0.235598 - val 0.240973
Epoch 1135/1250 - train 0.235964 - val 0.243602
Epoch 1136/1250 - train 0.236091 - val 0.242586
Epoch 1137/1250 - train 0.236208 - val 0.243835
Epoch 1138/1250 - train 0.235798 - val 0.243768
Epoch 1139/1250 - train 0.235581 - val 0.244412
Epoch 1140/1250 - train 0.236178 - val 0.241359
Epoch 1141/1250 - train 0.235529 - val 0.241874
Epoch 1142/1250 - train 0.235509 - val 0.240090
Epoch 1143/1250 - train 0.235516 - val 0.240949
Epoch 1144/1250 - train 0.235646 - val 0.241882
Epoch 1145/1250 - train 0.235185 - val 0.242232
Epoch 1146/1250 - train 0.235757 - val 0.241005
Epoch 1147/1250 - train 0.235752 - val 0.242759
Epoch 1148/1250 - train 0.235677 - val 0.241431
Epoch 1149/1250 - train 0.235834 - val 0.243989
Epoch 1150/1250 - train 0.235747 - val 0.242020
Epoch 1151/1250 - train 0.235965 - val 0.239406
Epoch 1152/1250 - train 0.234649 - val 0.241851
Epoch 1153/1250 - train 0.234998 - val 0.247337
Epoch 1154/1250 - train 0.235848 - val 0.243278
Epoch 1155/1250 - train 0.235598 - val 0.248079
Epoch 1156/1250 - train 0.235266 - val 0.243798
Epoch 1157/1250 - train 0.234931 - val 0.243568
Epoch 1158/1250 - train 0.235413 - val 0.244113
Epoch 1159/1250 - train 0.235717 - val 0.243047
Epoch 1160/1250 - train 0.235827 - val 0.240181
Epoch 1161/1250 - train 0.235434 - val 0.241605
Epoch 1162/1250 - train 0.235652 - val 0.240547
Epoch 1163/1250 - train 0.235569 - val 0.247463
Epoch 1164/1250 - train 0.235849 - val 0.244117
Epoch 1165/1250 - train 0.235548 - val 0.238415
Epoch 1166/1250 - train 0.235849 - val 0.241582
Epoch 1167/1250 - train 0.235443 - val 0.243172
Epoch 1168/1250 - train 0.236019 - val 0.243673
Epoch 1169/1250 - train 0.236325 - val 0.240858
Epoch 1170/1250 - train 0.234872 - val 0.245876
Epoch 1171/1250 - train 0.236108 - val 0.244887
Epoch 1172/1250 - train 0.236215 - val 0.242058
Epoch 1173/1250 - train 0.234972 - val 0.247049
Epoch 1174/1250 - train 0.235209 - val 0.241025
Epoch 1175/1250 - train 0.235638 - val 0.240011
Epoch 1176/1250 - train 0.235495 - val 0.245477
Epoch 1177/1250 - train 0.235402 - val 0.241962
Epoch 1178/1250 - train 0.235974 - val 0.241707
Epoch 1179/1250 - train 0.235227 - val 0.240470
Epoch 1180/1250 - train 0.235534 - val 0.242810
Epoch 1181/1250 - train 0.234601 - val 0.240580
Epoch 1182/1250 - train 0.236346 - val 0.241676
Epoch 1183/1250 - train 0.235483 - val 0.244961
Epoch 1184/1250 - train 0.236103 - val 0.245321
Epoch 1185/1250 - train 0.235785 - val 0.243372
Epoch 1186/1250 - train 0.235623 - val 0.241198
Epoch 1187/1250 - train 0.235381 - val 0.242719
Epoch 1188/1250 - train 0.235608 - val 0.240569
Epoch 1189/1250 - train 0.236019 - val 0.243971
Epoch 1190/1250 - train 0.235329 - val 0.243403
Epoch 1191/1250 - train 0.235443 - val 0.242137
Epoch 1192/1250 - train 0.236062 - val 0.240432
Epoch 1193/1250 - train 0.235685 - val 0.238055
Epoch 1194/1250 - train 0.235558 - val 0.238355
Epoch 1195/1250 - train 0.235251 - val 0.243286
Epoch 1196/1250 - train 0.235087 - val 0.241702
Epoch 1197/1250 - train 0.235272 - val 0.240758
Epoch 1198/1250 - train 0.236049 - val 0.246382
Epoch 1199/1250 - train 0.235884 - val 0.238863
Epoch 1200/1250 - train 0.235221 - val 0.245663
Epoch 1201/1250 - train 0.235440 - val 0.243269
Epoch 1202/1250 - train 0.236046 - val 0.244544
Epoch 1203/1250 - train 0.235561 - val 0.243362
Epoch 1204/1250 - train 0.235972 - val 0.238914
Epoch 1205/1250 - train 0.235060 - val 0.244777
Epoch 1206/1250 - train 0.235453 - val 0.240365
Epoch 1207/1250 - train 0.235457 - val 0.240592
Epoch 1208/1250 - train 0.235776 - val 0.243575
Epoch 1209/1250 - train 0.235434 - val 0.240093
Epoch 1210/1250 - train 0.235275 - val 0.242322
Epoch 1211/1250 - train 0.235364 - val 0.244934
Epoch 1212/1250 - train 0.235926 - val 0.242432
Epoch 1213/1250 - train 0.234734 - val 0.242035
Epoch 1214/1250 - train 0.236486 - val 0.241773
Epoch 1215/1250 - train 0.235476 - val 0.238587
Epoch 1216/1250 - train 0.234609 - val 0.238865
Epoch 1217/1250 - train 0.236157 - val 0.243656
Epoch 1218/1250 - train 0.235712 - val 0.245426
Epoch 1219/1250 - train 0.235898 - val 0.244608
Epoch 1220/1250 - train 0.235334 - val 0.240105
Epoch 1221/1250 - train 0.235838 - val 0.242733
Epoch 1222/1250 - train 0.235156 - val 0.242183
Epoch 1223/1250 - train 0.235389 - val 0.239606
Epoch 1224/1250 - train 0.235486 - val 0.243983
Epoch 1225/1250 - train 0.236798 - val 0.240332
Epoch 1226/1250 - train 0.235470 - val 0.243850
Epoch 1227/1250 - train 0.235146 - val 0.242278
Epoch 1228/1250 - train 0.235543 - val 0.238793
Epoch 1229/1250 - train 0.236004 - val 0.243900
Epoch 1230/1250 - train 0.235979 - val 0.245323
Epoch 1231/1250 - train 0.234923 - val 0.241582
Epoch 1232/1250 - train 0.236025 - val 0.245919
Epoch 1233/1250 - train 0.235202 - val 0.239964
Epoch 1234/1250 - train 0.235256 - val 0.241735
Epoch 1235/1250 - train 0.235310 - val 0.241771
Epoch 1236/1250 - train 0.236095 - val 0.245393
Epoch 1237/1250 - train 0.236189 - val 0.242045
Epoch 1238/1250 - train 0.235314 - val 0.239737
Epoch 1239/1250 - train 0.235520 - val 0.241391
Epoch 1240/1250 - train 0.235119 - val 0.243409
Epoch 1241/1250 - train 0.236681 - val 0.241796
Epoch 1242/1250 - train 0.235176 - val 0.240045
Epoch 1243/1250 - train 0.235487 - val 0.242863
Epoch 1244/1250 - train 0.235690 - val 0.243309
Epoch 1245/1250 - train 0.236118 - val 0.248820
Epoch 1246/1250 - train 0.235338 - val 0.243727
Epoch 1247/1250 - train 0.235090 - val 0.242625
Epoch 1248/1250 - train 0.236412 - val 0.245061
Epoch 1249/1250 - train 0.236036 - val 0.244169
Epoch 1250/1250 - train 0.235829 - val 0.237781
Saved model to /scratch/network/ak9088/NASA-RL-Wavefront-Control/RL/jobs/20251227_000809/exp-fc1-zscore-ep1250-bs256-lr1e-3-s42-h128-64-images-wd0.0005-mc0/fc1_best.pth
