y: [[-3.01948577e-01 -1.56999201e-01 -8.37100446e-02 ... -4.71909642e-02
   2.47504022e-02  4.47161568e-07]
 [ 2.74821997e-01 -1.02294907e-01 -5.63746214e-01 ... -4.59444225e-02
  -5.64354733e-02  4.47161568e-07]
 [ 5.95149398e-02  2.33263269e-01 -3.06408316e-01 ...  2.25831587e-02
  -1.20181506e-02  4.47161568e-07]
 ...
 [ 4.42554802e-01  3.15719873e-01  2.77699292e-01 ... -3.95034067e-02
  -1.14195935e-01  4.47161568e-07]
 [ 4.53366876e-01  1.46775022e-01  2.77601451e-01 ...  6.94388151e-03
  -6.98646232e-02  4.47161568e-07]
 [ 4.41307187e-01 -6.00950122e-01 -7.07667843e-02 ... -9.30655524e-02
   9.98187251e-03  4.47161568e-07]]
Dataset loaded: N=100000 (original 100000), C=3, H=28, W=28, y_dim=26
using device: cpu
Epoch 1/1250 - train 0.374824 - val 0.326609
Epoch 2/1250 - train 0.311665 - val 0.307424
Epoch 3/1250 - train 0.294390 - val 0.292045
Epoch 4/1250 - train 0.283831 - val 0.286298
Epoch 5/1250 - train 0.277006 - val 0.278137
Epoch 6/1250 - train 0.271068 - val 0.276058
Epoch 7/1250 - train 0.266814 - val 0.275029
Epoch 8/1250 - train 0.263350 - val 0.273927
Epoch 9/1250 - train 0.260083 - val 0.266465
Epoch 10/1250 - train 0.257598 - val 0.274108
Epoch 11/1250 - train 0.254839 - val 0.263718
Epoch 12/1250 - train 0.252311 - val 0.262935
Epoch 13/1250 - train 0.250513 - val 0.263185
Epoch 14/1250 - train 0.248551 - val 0.263347
Epoch 15/1250 - train 0.247189 - val 0.258147
Epoch 16/1250 - train 0.245844 - val 0.259264
Epoch 17/1250 - train 0.243372 - val 0.261711
Epoch 18/1250 - train 0.241978 - val 0.254499
Epoch 19/1250 - train 0.241061 - val 0.257060
Epoch 20/1250 - train 0.239493 - val 0.254023
Epoch 21/1250 - train 0.238765 - val 0.253376
Epoch 22/1250 - train 0.237197 - val 0.251553
Epoch 23/1250 - train 0.235907 - val 0.250640
Epoch 24/1250 - train 0.235226 - val 0.253136
Epoch 25/1250 - train 0.234287 - val 0.248626
Epoch 26/1250 - train 0.232529 - val 0.249932
Epoch 27/1250 - train 0.231784 - val 0.250956
Epoch 28/1250 - train 0.231052 - val 0.248749
Epoch 29/1250 - train 0.229916 - val 0.247237
Epoch 30/1250 - train 0.229235 - val 0.246088
Epoch 31/1250 - train 0.228152 - val 0.244997
Epoch 32/1250 - train 0.227482 - val 0.247021
Epoch 33/1250 - train 0.226818 - val 0.246336
Epoch 34/1250 - train 0.225912 - val 0.243067
Epoch 35/1250 - train 0.225138 - val 0.245548
Epoch 36/1250 - train 0.224441 - val 0.248211
Epoch 37/1250 - train 0.223565 - val 0.243535
Epoch 38/1250 - train 0.222583 - val 0.242228
Epoch 39/1250 - train 0.222241 - val 0.244402
Epoch 40/1250 - train 0.221537 - val 0.241026
Epoch 41/1250 - train 0.220493 - val 0.240996
Epoch 42/1250 - train 0.220153 - val 0.241795
Epoch 43/1250 - train 0.219788 - val 0.240840
Epoch 44/1250 - train 0.218855 - val 0.240600
Epoch 45/1250 - train 0.218371 - val 0.242543
Epoch 46/1250 - train 0.218075 - val 0.238863
Epoch 47/1250 - train 0.217018 - val 0.241061
Epoch 48/1250 - train 0.216964 - val 0.239071
Epoch 49/1250 - train 0.216147 - val 0.239303
Epoch 50/1250 - train 0.215451 - val 0.236307
Epoch 51/1250 - train 0.214818 - val 0.238400
Epoch 52/1250 - train 0.214648 - val 0.240280
Epoch 53/1250 - train 0.214062 - val 0.236821
Epoch 54/1250 - train 0.213648 - val 0.236978
Epoch 55/1250 - train 0.213216 - val 0.237156
Epoch 56/1250 - train 0.213105 - val 0.236838
Epoch 57/1250 - train 0.212143 - val 0.235909
Epoch 58/1250 - train 0.211717 - val 0.237593
Epoch 59/1250 - train 0.211561 - val 0.235984
Epoch 60/1250 - train 0.211010 - val 0.235340
Epoch 61/1250 - train 0.210262 - val 0.238159
Epoch 62/1250 - train 0.209774 - val 0.233531
Epoch 63/1250 - train 0.209666 - val 0.235185
Epoch 64/1250 - train 0.209701 - val 0.235337
Epoch 65/1250 - train 0.209216 - val 0.234601
Epoch 66/1250 - train 0.208505 - val 0.233633
Epoch 67/1250 - train 0.208174 - val 0.234157
Epoch 68/1250 - train 0.207670 - val 0.233468
Epoch 69/1250 - train 0.207653 - val 0.234152
Epoch 70/1250 - train 0.207209 - val 0.231600
Epoch 71/1250 - train 0.206484 - val 0.233761
Epoch 72/1250 - train 0.206861 - val 0.233837
Epoch 73/1250 - train 0.206197 - val 0.234687
Epoch 74/1250 - train 0.205951 - val 0.232862
Epoch 75/1250 - train 0.205510 - val 0.235104
Epoch 76/1250 - train 0.205111 - val 0.232583
Epoch 77/1250 - train 0.204809 - val 0.231345
Epoch 78/1250 - train 0.204868 - val 0.231240
Epoch 79/1250 - train 0.204162 - val 0.231419
Epoch 80/1250 - train 0.204259 - val 0.231753
Epoch 81/1250 - train 0.203795 - val 0.232394
Epoch 82/1250 - train 0.203065 - val 0.230427
Epoch 83/1250 - train 0.202767 - val 0.234271
Epoch 84/1250 - train 0.203187 - val 0.230869
Epoch 85/1250 - train 0.202278 - val 0.232480
Epoch 86/1250 - train 0.202133 - val 0.232800
Epoch 87/1250 - train 0.202016 - val 0.230904
Epoch 88/1250 - train 0.201696 - val 0.232682
Epoch 89/1250 - train 0.201334 - val 0.230308
Epoch 90/1250 - train 0.201519 - val 0.233742
Epoch 91/1250 - train 0.200751 - val 0.230732
Epoch 92/1250 - train 0.200674 - val 0.230462
Epoch 93/1250 - train 0.200921 - val 0.230497
Epoch 94/1250 - train 0.200225 - val 0.230876
Epoch 95/1250 - train 0.199777 - val 0.231888
Epoch 96/1250 - train 0.199678 - val 0.230348
Epoch 97/1250 - train 0.199750 - val 0.230920
Epoch 98/1250 - train 0.199065 - val 0.231108
Epoch 99/1250 - train 0.198860 - val 0.230752
Epoch 100/1250 - train 0.199139 - val 0.231126
Epoch 101/1250 - train 0.198483 - val 0.230484
Epoch 102/1250 - train 0.198413 - val 0.229562
Epoch 103/1250 - train 0.198019 - val 0.230629
Epoch 104/1250 - train 0.197936 - val 0.229659
Epoch 105/1250 - train 0.197661 - val 0.230883
Epoch 106/1250 - train 0.197626 - val 0.232309
Epoch 107/1250 - train 0.197286 - val 0.232888
Epoch 108/1250 - train 0.197259 - val 0.229575
Epoch 109/1250 - train 0.196812 - val 0.229104
Epoch 110/1250 - train 0.196694 - val 0.230191
Epoch 111/1250 - train 0.196241 - val 0.230964
Epoch 112/1250 - train 0.196148 - val 0.229704
Epoch 113/1250 - train 0.196292 - val 0.229687
Epoch 114/1250 - train 0.195665 - val 0.230316
Epoch 115/1250 - train 0.195655 - val 0.230665
Epoch 116/1250 - train 0.195719 - val 0.231070
Epoch 117/1250 - train 0.195345 - val 0.232963
Epoch 118/1250 - train 0.194998 - val 0.231671
Epoch 119/1250 - train 0.194769 - val 0.230678
Epoch 120/1250 - train 0.194756 - val 0.229991
Epoch 121/1250 - train 0.194619 - val 0.230293
Epoch 122/1250 - train 0.194178 - val 0.230301
Epoch 123/1250 - train 0.194187 - val 0.230282
Epoch 124/1250 - train 0.193901 - val 0.233685
Epoch 125/1250 - train 0.193802 - val 0.230961
Epoch 126/1250 - train 0.193751 - val 0.231622
Epoch 127/1250 - train 0.193509 - val 0.230040
Epoch 128/1250 - train 0.193066 - val 0.231865
Epoch 129/1250 - train 0.193189 - val 0.232206
Epoch 130/1250 - train 0.192822 - val 0.229908
Epoch 131/1250 - train 0.192351 - val 0.229945
Epoch 132/1250 - train 0.192260 - val 0.233172
Epoch 133/1250 - train 0.192465 - val 0.231163
Epoch 134/1250 - train 0.192542 - val 0.232652
Epoch 135/1250 - train 0.191894 - val 0.234137
Epoch 136/1250 - train 0.192203 - val 0.230988
Epoch 137/1250 - train 0.191499 - val 0.231211
Epoch 138/1250 - train 0.191523 - val 0.233074
Epoch 139/1250 - train 0.191314 - val 0.231320
Epoch 140/1250 - train 0.191268 - val 0.231997
Epoch 141/1250 - train 0.190749 - val 0.230479
Epoch 142/1250 - train 0.190851 - val 0.231293
Epoch 143/1250 - train 0.190489 - val 0.232892
Epoch 144/1250 - train 0.190481 - val 0.234065
Epoch 145/1250 - train 0.190305 - val 0.231692
Epoch 146/1250 - train 0.190314 - val 0.231826
Epoch 147/1250 - train 0.189674 - val 0.233766
Epoch 148/1250 - train 0.189799 - val 0.231413
Epoch 149/1250 - train 0.189532 - val 0.233210
Epoch 150/1250 - train 0.189233 - val 0.233146
Epoch 151/1250 - train 0.189239 - val 0.232589
Epoch 152/1250 - train 0.189051 - val 0.234984
Epoch 153/1250 - train 0.188880 - val 0.232362
Epoch 154/1250 - train 0.189017 - val 0.233145
Epoch 155/1250 - train 0.188590 - val 0.233451
Epoch 156/1250 - train 0.188538 - val 0.233181
Epoch 157/1250 - train 0.188544 - val 0.233868
Epoch 158/1250 - train 0.188451 - val 0.231592
Epoch 159/1250 - train 0.187897 - val 0.234871
Epoch 160/1250 - train 0.187752 - val 0.233998
Epoch 161/1250 - train 0.187617 - val 0.233604
Epoch 162/1250 - train 0.187446 - val 0.234691
Epoch 163/1250 - train 0.187447 - val 0.234796
Epoch 164/1250 - train 0.187060 - val 0.235788
Epoch 165/1250 - train 0.187172 - val 0.232981
Epoch 166/1250 - train 0.186904 - val 0.234825
Epoch 167/1250 - train 0.186647 - val 0.236150
Epoch 168/1250 - train 0.186667 - val 0.236002
Epoch 169/1250 - train 0.186429 - val 0.233213
Epoch 170/1250 - train 0.186009 - val 0.234602
Epoch 171/1250 - train 0.186264 - val 0.235547
Epoch 172/1250 - train 0.186062 - val 0.235623
Epoch 173/1250 - train 0.185496 - val 0.235801
Epoch 174/1250 - train 0.185525 - val 0.235988
Epoch 175/1250 - train 0.185497 - val 0.239392
Epoch 176/1250 - train 0.185347 - val 0.234277
Epoch 177/1250 - train 0.185014 - val 0.237159
Epoch 178/1250 - train 0.184894 - val 0.235133
Epoch 179/1250 - train 0.184737 - val 0.236041
Epoch 180/1250 - train 0.184973 - val 0.235851
Epoch 181/1250 - train 0.184594 - val 0.236381
Epoch 182/1250 - train 0.184479 - val 0.236366
Epoch 183/1250 - train 0.184020 - val 0.236706
Epoch 184/1250 - train 0.183845 - val 0.235059
Epoch 185/1250 - train 0.183930 - val 0.236155
Epoch 186/1250 - train 0.184099 - val 0.234867
Epoch 187/1250 - train 0.183502 - val 0.238246
Epoch 188/1250 - train 0.183682 - val 0.236782
Epoch 189/1250 - train 0.183614 - val 0.235741
Epoch 190/1250 - train 0.183418 - val 0.237296
Epoch 191/1250 - train 0.182504 - val 0.237167
Epoch 192/1250 - train 0.182467 - val 0.237877
Epoch 193/1250 - train 0.182733 - val 0.236479
Epoch 194/1250 - train 0.182647 - val 0.238871
Epoch 195/1250 - train 0.182627 - val 0.239402
Epoch 196/1250 - train 0.182095 - val 0.237179
Epoch 197/1250 - train 0.182187 - val 0.238133
Epoch 198/1250 - train 0.181879 - val 0.237543
Epoch 199/1250 - train 0.181389 - val 0.237249
Epoch 200/1250 - train 0.181923 - val 0.238011
Epoch 201/1250 - train 0.181628 - val 0.237542
Epoch 202/1250 - train 0.181181 - val 0.239408
Epoch 203/1250 - train 0.181263 - val 0.239640
Epoch 204/1250 - train 0.181139 - val 0.237498
Epoch 205/1250 - train 0.181142 - val 0.238766
Epoch 206/1250 - train 0.180787 - val 0.238002
Epoch 207/1250 - train 0.180817 - val 0.237367
Epoch 208/1250 - train 0.180678 - val 0.239016
Epoch 209/1250 - train 0.180311 - val 0.238541
Epoch 210/1250 - train 0.180426 - val 0.238872
Epoch 211/1250 - train 0.179913 - val 0.239111
Epoch 212/1250 - train 0.180321 - val 0.239096
Epoch 213/1250 - train 0.179629 - val 0.240693
Epoch 214/1250 - train 0.179560 - val 0.238916
Epoch 215/1250 - train 0.179551 - val 0.240053
Epoch 216/1250 - train 0.179749 - val 0.240595
Epoch 217/1250 - train 0.179524 - val 0.238335
Epoch 218/1250 - train 0.178881 - val 0.240784
Epoch 219/1250 - train 0.179173 - val 0.241492
Epoch 220/1250 - train 0.178909 - val 0.242490
Epoch 221/1250 - train 0.178917 - val 0.239178
Epoch 222/1250 - train 0.178506 - val 0.240245
Epoch 223/1250 - train 0.178625 - val 0.239073
Epoch 224/1250 - train 0.178345 - val 0.241420
Epoch 225/1250 - train 0.178310 - val 0.240933
Epoch 226/1250 - train 0.178295 - val 0.240767
Epoch 227/1250 - train 0.177947 - val 0.242492
Epoch 228/1250 - train 0.177984 - val 0.243181
Epoch 229/1250 - train 0.177619 - val 0.242093
Epoch 230/1250 - train 0.177522 - val 0.241700
Epoch 231/1250 - train 0.177407 - val 0.243138
Epoch 232/1250 - train 0.177542 - val 0.243981
Epoch 233/1250 - train 0.177256 - val 0.241762
Epoch 234/1250 - train 0.177384 - val 0.241971
Epoch 235/1250 - train 0.176699 - val 0.241746
Epoch 236/1250 - train 0.176842 - val 0.242341
Epoch 237/1250 - train 0.176337 - val 0.244737
Epoch 238/1250 - train 0.176649 - val 0.243637
Epoch 239/1250 - train 0.176316 - val 0.241919
Epoch 240/1250 - train 0.176153 - val 0.243094
Epoch 241/1250 - train 0.176168 - val 0.241470
Epoch 242/1250 - train 0.176164 - val 0.244451
Epoch 243/1250 - train 0.176198 - val 0.242321
Epoch 244/1250 - train 0.176003 - val 0.243487
Epoch 245/1250 - train 0.175535 - val 0.242680
Epoch 246/1250 - train 0.175377 - val 0.244778
Epoch 247/1250 - train 0.175368 - val 0.243698
Epoch 248/1250 - train 0.175463 - val 0.243130
Epoch 249/1250 - train 0.175127 - val 0.242688
Epoch 250/1250 - train 0.175717 - val 0.245594
Epoch 251/1250 - train 0.174634 - val 0.242000
Epoch 252/1250 - train 0.174512 - val 0.243927
Epoch 253/1250 - train 0.175098 - val 0.244892
Epoch 254/1250 - train 0.174500 - val 0.242068
Epoch 255/1250 - train 0.174893 - val 0.246576
Epoch 256/1250 - train 0.174321 - val 0.244616
Epoch 257/1250 - train 0.174033 - val 0.246596
Epoch 258/1250 - train 0.174167 - val 0.242995
Epoch 259/1250 - train 0.173844 - val 0.242800
Epoch 260/1250 - train 0.173917 - val 0.245438
Epoch 261/1250 - train 0.173766 - val 0.246737
Epoch 262/1250 - train 0.173893 - val 0.245369
Epoch 263/1250 - train 0.173641 - val 0.244888
Epoch 264/1250 - train 0.173399 - val 0.244424
Epoch 265/1250 - train 0.173111 - val 0.244001
Epoch 266/1250 - train 0.172841 - val 0.246094
Epoch 267/1250 - train 0.173293 - val 0.243673
Epoch 268/1250 - train 0.173185 - val 0.242782
Epoch 269/1250 - train 0.172541 - val 0.243863
Epoch 270/1250 - train 0.172727 - val 0.244717
Epoch 271/1250 - train 0.172722 - val 0.246683
Epoch 272/1250 - train 0.172431 - val 0.246622
Epoch 273/1250 - train 0.172476 - val 0.246746
Epoch 274/1250 - train 0.172158 - val 0.247801
Epoch 275/1250 - train 0.172725 - val 0.244942
Epoch 276/1250 - train 0.172491 - val 0.244393
Epoch 277/1250 - train 0.171796 - val 0.247541
Epoch 278/1250 - train 0.172254 - val 0.246338
Epoch 279/1250 - train 0.171679 - val 0.247005
Epoch 280/1250 - train 0.172183 - val 0.247361
Epoch 281/1250 - train 0.171739 - val 0.247358
Epoch 282/1250 - train 0.171302 - val 0.247047
Epoch 283/1250 - train 0.170933 - val 0.247209
Epoch 284/1250 - train 0.171464 - val 0.246136
Epoch 285/1250 - train 0.171183 - val 0.244573
Epoch 286/1250 - train 0.170910 - val 0.245844
Epoch 287/1250 - train 0.171111 - val 0.246349
Epoch 288/1250 - train 0.170598 - val 0.248916
Epoch 289/1250 - train 0.171049 - val 0.249309
Epoch 290/1250 - train 0.170947 - val 0.246462
Epoch 291/1250 - train 0.170280 - val 0.248161
Epoch 292/1250 - train 0.170143 - val 0.247959
Epoch 293/1250 - train 0.170564 - val 0.250931
Epoch 294/1250 - train 0.170141 - val 0.248613
Epoch 295/1250 - train 0.170537 - val 0.248528
Epoch 296/1250 - train 0.169784 - val 0.251448
Epoch 297/1250 - train 0.170215 - val 0.249497
Epoch 298/1250 - train 0.169736 - val 0.248378
Epoch 299/1250 - train 0.169522 - val 0.248956
Epoch 300/1250 - train 0.169754 - val 0.248249
Epoch 301/1250 - train 0.169372 - val 0.246791
Epoch 302/1250 - train 0.169153 - val 0.249799
Epoch 303/1250 - train 0.169349 - val 0.248999
Epoch 304/1250 - train 0.169310 - val 0.248994
Epoch 305/1250 - train 0.168758 - val 0.247225
Epoch 306/1250 - train 0.168929 - val 0.248248
Epoch 307/1250 - train 0.168741 - val 0.248028
Epoch 308/1250 - train 0.168729 - val 0.249483
Epoch 309/1250 - train 0.169340 - val 0.248447
Epoch 310/1250 - train 0.168899 - val 0.250237
Epoch 311/1250 - train 0.168527 - val 0.250656
Epoch 312/1250 - train 0.168778 - val 0.249106
Epoch 313/1250 - train 0.168237 - val 0.249422
Epoch 314/1250 - train 0.168505 - val 0.247991
Epoch 315/1250 - train 0.168061 - val 0.250467
Epoch 316/1250 - train 0.168272 - val 0.248262
Epoch 317/1250 - train 0.167717 - val 0.252916
Epoch 318/1250 - train 0.168059 - val 0.249748
Epoch 319/1250 - train 0.167544 - val 0.249446
Epoch 320/1250 - train 0.167835 - val 0.248667
Epoch 321/1250 - train 0.167413 - val 0.249411
Epoch 322/1250 - train 0.167651 - val 0.247817
Epoch 323/1250 - train 0.167386 - val 0.248113
Epoch 324/1250 - train 0.167656 - val 0.248548
Epoch 325/1250 - train 0.167670 - val 0.248626
Epoch 326/1250 - train 0.167116 - val 0.249303
Epoch 327/1250 - train 0.167403 - val 0.254614
Epoch 328/1250 - train 0.167511 - val 0.251331
Epoch 329/1250 - train 0.166993 - val 0.249978
Epoch 330/1250 - train 0.166934 - val 0.250782
Epoch 331/1250 - train 0.166811 - val 0.249420
Epoch 332/1250 - train 0.166528 - val 0.251137
Epoch 333/1250 - train 0.166485 - val 0.251383
Epoch 334/1250 - train 0.166559 - val 0.249521
Epoch 335/1250 - train 0.166077 - val 0.250459
Epoch 336/1250 - train 0.166370 - val 0.250364
Epoch 337/1250 - train 0.166439 - val 0.250409
Epoch 338/1250 - train 0.165760 - val 0.249851
Epoch 339/1250 - train 0.166745 - val 0.253697
Epoch 340/1250 - train 0.165837 - val 0.252154
Epoch 341/1250 - train 0.166142 - val 0.250168
Epoch 342/1250 - train 0.165826 - val 0.252108
Epoch 343/1250 - train 0.165578 - val 0.252880
Epoch 344/1250 - train 0.165744 - val 0.248786
Epoch 345/1250 - train 0.165615 - val 0.252864
Epoch 346/1250 - train 0.165389 - val 0.254547
Epoch 347/1250 - train 0.165653 - val 0.251605
Epoch 348/1250 - train 0.165211 - val 0.252443
Epoch 349/1250 - train 0.164848 - val 0.250812
Epoch 350/1250 - train 0.164796 - val 0.251736
Epoch 351/1250 - train 0.165223 - val 0.252686
Epoch 352/1250 - train 0.165044 - val 0.249662
Epoch 353/1250 - train 0.164942 - val 0.250009
Epoch 354/1250 - train 0.164816 - val 0.253787
Epoch 355/1250 - train 0.164886 - val 0.252809
Epoch 356/1250 - train 0.164816 - val 0.255414
Epoch 357/1250 - train 0.164701 - val 0.253462
Epoch 358/1250 - train 0.164196 - val 0.253786
Epoch 359/1250 - train 0.164597 - val 0.250286
Epoch 360/1250 - train 0.164415 - val 0.251582
Epoch 361/1250 - train 0.164217 - val 0.251572
Epoch 362/1250 - train 0.164497 - val 0.252779
Epoch 363/1250 - train 0.164531 - val 0.253053
Epoch 364/1250 - train 0.164183 - val 0.252948
Epoch 365/1250 - train 0.163791 - val 0.254491
Epoch 366/1250 - train 0.163796 - val 0.253977
Epoch 367/1250 - train 0.163526 - val 0.252516
Epoch 368/1250 - train 0.164041 - val 0.254282
Epoch 369/1250 - train 0.164231 - val 0.253531
Epoch 370/1250 - train 0.163575 - val 0.256012
Epoch 371/1250 - train 0.163712 - val 0.250488
Epoch 372/1250 - train 0.163534 - val 0.251288
Epoch 373/1250 - train 0.163981 - val 0.253331
Epoch 374/1250 - train 0.163048 - val 0.254624
Epoch 375/1250 - train 0.163175 - val 0.254700
Epoch 376/1250 - train 0.163307 - val 0.250928
Epoch 377/1250 - train 0.162971 - val 0.254787
Epoch 378/1250 - train 0.163125 - val 0.253849
Epoch 379/1250 - train 0.162951 - val 0.252748
Epoch 380/1250 - train 0.162901 - val 0.255607
Epoch 381/1250 - train 0.162948 - val 0.252573
Epoch 382/1250 - train 0.162643 - val 0.255774
Epoch 383/1250 - train 0.162515 - val 0.252808
Epoch 384/1250 - train 0.162456 - val 0.254415
Epoch 385/1250 - train 0.162866 - val 0.253756
Epoch 386/1250 - train 0.162874 - val 0.253404
Epoch 387/1250 - train 0.162303 - val 0.255807
Epoch 388/1250 - train 0.162575 - val 0.257468
Epoch 389/1250 - train 0.162427 - val 0.255280
Epoch 390/1250 - train 0.162106 - val 0.252892
Epoch 391/1250 - train 0.162255 - val 0.253455
Epoch 392/1250 - train 0.162128 - val 0.253639
Epoch 393/1250 - train 0.161959 - val 0.252519
Epoch 394/1250 - train 0.161542 - val 0.257809
Epoch 395/1250 - train 0.161884 - val 0.255670
Epoch 396/1250 - train 0.161584 - val 0.253875
Epoch 397/1250 - train 0.161556 - val 0.253377
Epoch 398/1250 - train 0.161838 - val 0.255518
Epoch 399/1250 - train 0.161819 - val 0.253894
Epoch 400/1250 - train 0.161129 - val 0.255691
Epoch 401/1250 - train 0.161062 - val 0.256186
Epoch 402/1250 - train 0.161641 - val 0.254496
Epoch 403/1250 - train 0.161446 - val 0.255125
Epoch 404/1250 - train 0.161440 - val 0.254060
Epoch 405/1250 - train 0.160967 - val 0.255561
Epoch 406/1250 - train 0.161554 - val 0.253368
Epoch 407/1250 - train 0.161016 - val 0.253896
Epoch 408/1250 - train 0.161034 - val 0.254666
Epoch 409/1250 - train 0.161347 - val 0.254362
Epoch 410/1250 - train 0.161132 - val 0.253523
Epoch 411/1250 - train 0.160996 - val 0.255837
Epoch 412/1250 - train 0.160929 - val 0.256102
Epoch 413/1250 - train 0.160838 - val 0.254777
Epoch 414/1250 - train 0.160722 - val 0.254907
Epoch 415/1250 - train 0.160417 - val 0.255822
Epoch 416/1250 - train 0.160674 - val 0.254618
Epoch 417/1250 - train 0.160587 - val 0.254247
Epoch 418/1250 - train 0.160314 - val 0.255618
Epoch 419/1250 - train 0.160115 - val 0.258125
Epoch 420/1250 - train 0.160826 - val 0.257330
Epoch 421/1250 - train 0.160107 - val 0.252303
Epoch 422/1250 - train 0.160218 - val 0.256151
Epoch 423/1250 - train 0.160196 - val 0.255709
Epoch 424/1250 - train 0.159750 - val 0.255605
Epoch 425/1250 - train 0.159920 - val 0.255706
Epoch 426/1250 - train 0.159882 - val 0.256742
Epoch 427/1250 - train 0.159544 - val 0.255135
Epoch 428/1250 - train 0.159471 - val 0.261374
Epoch 429/1250 - train 0.159543 - val 0.255626
Epoch 430/1250 - train 0.159505 - val 0.256173
Epoch 431/1250 - train 0.159554 - val 0.254317
Epoch 432/1250 - train 0.159541 - val 0.256968
Epoch 433/1250 - train 0.159323 - val 0.254278
Epoch 434/1250 - train 0.159196 - val 0.257479
Epoch 435/1250 - train 0.159289 - val 0.257699
Epoch 436/1250 - train 0.159162 - val 0.256488
Epoch 437/1250 - train 0.158908 - val 0.256388
Epoch 438/1250 - train 0.159047 - val 0.255350
Epoch 439/1250 - train 0.158842 - val 0.257461
Epoch 440/1250 - train 0.158965 - val 0.256530
Epoch 441/1250 - train 0.159184 - val 0.258224
Epoch 442/1250 - train 0.158996 - val 0.260045
Epoch 443/1250 - train 0.158892 - val 0.258319
Epoch 444/1250 - train 0.158759 - val 0.254916
Epoch 445/1250 - train 0.158604 - val 0.261215
Epoch 446/1250 - train 0.158642 - val 0.256967
Epoch 447/1250 - train 0.158640 - val 0.254385
Epoch 448/1250 - train 0.158219 - val 0.255824
Epoch 449/1250 - train 0.158537 - val 0.258967
Epoch 450/1250 - train 0.158653 - val 0.257858
Epoch 451/1250 - train 0.158312 - val 0.257315
Epoch 452/1250 - train 0.158229 - val 0.256262
Epoch 453/1250 - train 0.158406 - val 0.257583
Epoch 454/1250 - train 0.158410 - val 0.260359
Epoch 455/1250 - train 0.158120 - val 0.257055
Epoch 456/1250 - train 0.158462 - val 0.255705
Epoch 457/1250 - train 0.158185 - val 0.259162
Epoch 458/1250 - train 0.157932 - val 0.258306
Epoch 459/1250 - train 0.158042 - val 0.257387
Epoch 460/1250 - train 0.157674 - val 0.256860
Epoch 461/1250 - train 0.157852 - val 0.257164
Epoch 462/1250 - train 0.157809 - val 0.259681
Epoch 463/1250 - train 0.157846 - val 0.257386
Epoch 464/1250 - train 0.157758 - val 0.259148
Epoch 465/1250 - train 0.157509 - val 0.256388
Epoch 466/1250 - train 0.157570 - val 0.258231
Epoch 467/1250 - train 0.157479 - val 0.257270
Epoch 468/1250 - train 0.157230 - val 0.259222
Epoch 469/1250 - train 0.157513 - val 0.256144
Epoch 470/1250 - train 0.157875 - val 0.255914
Epoch 471/1250 - train 0.156930 - val 0.258463
Epoch 472/1250 - train 0.157208 - val 0.258418
Epoch 473/1250 - train 0.157270 - val 0.258110
Epoch 474/1250 - train 0.157114 - val 0.258902
Epoch 475/1250 - train 0.157406 - val 0.257752
Epoch 476/1250 - train 0.157186 - val 0.258301
Epoch 477/1250 - train 0.156657 - val 0.262544
Epoch 478/1250 - train 0.157058 - val 0.257943
Epoch 479/1250 - train 0.156944 - val 0.258646
Epoch 480/1250 - train 0.157038 - val 0.256211
Epoch 481/1250 - train 0.156688 - val 0.258526
Epoch 482/1250 - train 0.156806 - val 0.257099
Epoch 483/1250 - train 0.156205 - val 0.260184
Epoch 484/1250 - train 0.157006 - val 0.261817
Epoch 485/1250 - train 0.156592 - val 0.258479
Epoch 486/1250 - train 0.156406 - val 0.257550
Epoch 487/1250 - train 0.156566 - val 0.257918
Epoch 488/1250 - train 0.156577 - val 0.258296
Epoch 489/1250 - train 0.156394 - val 0.257681
Epoch 490/1250 - train 0.156268 - val 0.258916
Epoch 491/1250 - train 0.156408 - val 0.259093
Epoch 492/1250 - train 0.156366 - val 0.258853
Epoch 493/1250 - train 0.156948 - val 0.258736
Epoch 494/1250 - train 0.156162 - val 0.258282
Epoch 495/1250 - train 0.156023 - val 0.258253
Epoch 496/1250 - train 0.155672 - val 0.260055
Epoch 497/1250 - train 0.155842 - val 0.256749
Epoch 498/1250 - train 0.156281 - val 0.258290
Epoch 499/1250 - train 0.155679 - val 0.259795
Epoch 500/1250 - train 0.156482 - val 0.259245
Epoch 501/1250 - train 0.156016 - val 0.259266
Epoch 502/1250 - train 0.155846 - val 0.260509
Epoch 503/1250 - train 0.155642 - val 0.261928
Epoch 504/1250 - train 0.155546 - val 0.260296
Epoch 505/1250 - train 0.155263 - val 0.259192
Epoch 506/1250 - train 0.155550 - val 0.256836
Epoch 507/1250 - train 0.155461 - val 0.258088
Epoch 508/1250 - train 0.155528 - val 0.259555
Epoch 509/1250 - train 0.155393 - val 0.261186
Epoch 510/1250 - train 0.155627 - val 0.259741
Epoch 511/1250 - train 0.155318 - val 0.259321
Epoch 512/1250 - train 0.155063 - val 0.257678
Epoch 513/1250 - train 0.155470 - val 0.258739
Epoch 514/1250 - train 0.155227 - val 0.259461
Epoch 515/1250 - train 0.155231 - val 0.261325
Epoch 516/1250 - train 0.154922 - val 0.260172
Epoch 517/1250 - train 0.155363 - val 0.260177
Epoch 518/1250 - train 0.154912 - val 0.257877
Epoch 519/1250 - train 0.154884 - val 0.258469
Epoch 520/1250 - train 0.154748 - val 0.260300
Epoch 521/1250 - train 0.154969 - val 0.259546
Epoch 522/1250 - train 0.155077 - val 0.258355
Epoch 523/1250 - train 0.154857 - val 0.259475
Epoch 524/1250 - train 0.154679 - val 0.260660
Epoch 525/1250 - train 0.154418 - val 0.261369
Epoch 526/1250 - train 0.154846 - val 0.258961
Epoch 527/1250 - train 0.154669 - val 0.260614
Epoch 528/1250 - train 0.154911 - val 0.261759
Epoch 529/1250 - train 0.154496 - val 0.259741
Epoch 530/1250 - train 0.154673 - val 0.259496
Epoch 531/1250 - train 0.154302 - val 0.260188
Epoch 532/1250 - train 0.154412 - val 0.258262
Epoch 533/1250 - train 0.154501 - val 0.261662
Epoch 534/1250 - train 0.153996 - val 0.260228
Epoch 535/1250 - train 0.153893 - val 0.260044
Epoch 536/1250 - train 0.154452 - val 0.259081
Epoch 537/1250 - train 0.154111 - val 0.259570
Epoch 538/1250 - train 0.154363 - val 0.260261
Epoch 539/1250 - train 0.154122 - val 0.264799
Epoch 540/1250 - train 0.154278 - val 0.259959
Epoch 541/1250 - train 0.154052 - val 0.261760
Epoch 542/1250 - train 0.153522 - val 0.262263
Epoch 543/1250 - train 0.153591 - val 0.260193
Epoch 544/1250 - train 0.153724 - val 0.259193
Epoch 545/1250 - train 0.154133 - val 0.260851
Epoch 546/1250 - train 0.154101 - val 0.260542
Epoch 547/1250 - train 0.153873 - val 0.260783
Epoch 548/1250 - train 0.153795 - val 0.263148
Epoch 549/1250 - train 0.153521 - val 0.258556
Epoch 550/1250 - train 0.153450 - val 0.257712
Epoch 551/1250 - train 0.153409 - val 0.264402
Epoch 552/1250 - train 0.153572 - val 0.262221
Epoch 553/1250 - train 0.153450 - val 0.262776
Epoch 554/1250 - train 0.153324 - val 0.262031
Epoch 555/1250 - train 0.153492 - val 0.262442
Epoch 556/1250 - train 0.153501 - val 0.260263
Epoch 557/1250 - train 0.153315 - val 0.262966
Epoch 558/1250 - train 0.153742 - val 0.264982
Epoch 559/1250 - train 0.153181 - val 0.262521
Epoch 560/1250 - train 0.152907 - val 0.261037
Epoch 561/1250 - train 0.152855 - val 0.263011
Epoch 562/1250 - train 0.153151 - val 0.261658
Epoch 563/1250 - train 0.152993 - val 0.262758
Epoch 564/1250 - train 0.152714 - val 0.261944
Epoch 565/1250 - train 0.152874 - val 0.263486
Epoch 566/1250 - train 0.153242 - val 0.260952
Epoch 567/1250 - train 0.153138 - val 0.264289
Epoch 568/1250 - train 0.152743 - val 0.260823
Epoch 569/1250 - train 0.152583 - val 0.262533
Epoch 570/1250 - train 0.152529 - val 0.262197
Epoch 571/1250 - train 0.152936 - val 0.264360
Epoch 572/1250 - train 0.152543 - val 0.260401
Epoch 573/1250 - train 0.152655 - val 0.263465
Epoch 574/1250 - train 0.152547 - val 0.262159
Epoch 575/1250 - train 0.152400 - val 0.263690
Epoch 576/1250 - train 0.152463 - val 0.262052
Epoch 577/1250 - train 0.152453 - val 0.265044
Epoch 578/1250 - train 0.152137 - val 0.262956
Epoch 579/1250 - train 0.152622 - val 0.264493
Epoch 580/1250 - train 0.152051 - val 0.261305
Epoch 581/1250 - train 0.152600 - val 0.265351
Epoch 582/1250 - train 0.152323 - val 0.266892
Epoch 583/1250 - train 0.152325 - val 0.263296
Epoch 584/1250 - train 0.152324 - val 0.261461
Epoch 585/1250 - train 0.152598 - val 0.261561
Epoch 586/1250 - train 0.151779 - val 0.263122
Epoch 587/1250 - train 0.152370 - val 0.260684
Epoch 588/1250 - train 0.152469 - val 0.262951
Epoch 589/1250 - train 0.152100 - val 0.261910
Epoch 590/1250 - train 0.151689 - val 0.264477
Epoch 591/1250 - train 0.151713 - val 0.263062
Epoch 592/1250 - train 0.152121 - val 0.264820
Epoch 593/1250 - train 0.151740 - val 0.264315
Epoch 594/1250 - train 0.151898 - val 0.264216
Epoch 595/1250 - train 0.152005 - val 0.259470
Epoch 596/1250 - train 0.151560 - val 0.261178
Epoch 597/1250 - train 0.151831 - val 0.261247
Epoch 598/1250 - train 0.151625 - val 0.260040
Epoch 599/1250 - train 0.151603 - val 0.265079
Epoch 600/1250 - train 0.151250 - val 0.266029
Epoch 601/1250 - train 0.151798 - val 0.265950
Epoch 602/1250 - train 0.151647 - val 0.262572
Epoch 603/1250 - train 0.151469 - val 0.265023
Epoch 604/1250 - train 0.151751 - val 0.260772
Epoch 605/1250 - train 0.151577 - val 0.262350
Epoch 606/1250 - train 0.151215 - val 0.262731
Epoch 607/1250 - train 0.151365 - val 0.260047
Epoch 608/1250 - train 0.151291 - val 0.264597
Epoch 609/1250 - train 0.151503 - val 0.260977
Epoch 610/1250 - train 0.151336 - val 0.266665
Epoch 611/1250 - train 0.151417 - val 0.262181
Epoch 612/1250 - train 0.151455 - val 0.261831
Epoch 613/1250 - train 0.151367 - val 0.264103
Epoch 614/1250 - train 0.151126 - val 0.261691
Epoch 615/1250 - train 0.150846 - val 0.264724
Epoch 616/1250 - train 0.151183 - val 0.265043
Epoch 617/1250 - train 0.151162 - val 0.263853
Epoch 618/1250 - train 0.150749 - val 0.264441
Epoch 619/1250 - train 0.151120 - val 0.263238
Epoch 620/1250 - train 0.151361 - val 0.261912
Epoch 621/1250 - train 0.150647 - val 0.265405
Epoch 622/1250 - train 0.150845 - val 0.264221
Epoch 623/1250 - train 0.150531 - val 0.262158
Epoch 624/1250 - train 0.150743 - val 0.265510
Epoch 625/1250 - train 0.151187 - val 0.264436
Epoch 626/1250 - train 0.150336 - val 0.263174
Epoch 627/1250 - train 0.150790 - val 0.263818
Epoch 628/1250 - train 0.150623 - val 0.263245
Epoch 629/1250 - train 0.150642 - val 0.265362
Epoch 630/1250 - train 0.150613 - val 0.266981
Epoch 631/1250 - train 0.150385 - val 0.263840
Epoch 632/1250 - train 0.150468 - val 0.263707
Epoch 633/1250 - train 0.150393 - val 0.265527
Epoch 634/1250 - train 0.150675 - val 0.264225
Epoch 635/1250 - train 0.150480 - val 0.261774
Epoch 636/1250 - train 0.150494 - val 0.264042
Epoch 637/1250 - train 0.150513 - val 0.264489
Epoch 638/1250 - train 0.150188 - val 0.267910
Epoch 639/1250 - train 0.150498 - val 0.264668
Epoch 640/1250 - train 0.150364 - val 0.264829
Epoch 641/1250 - train 0.150012 - val 0.266630
Epoch 642/1250 - train 0.149716 - val 0.268030
Epoch 643/1250 - train 0.150105 - val 0.263801
Epoch 644/1250 - train 0.150080 - val 0.264766
Epoch 645/1250 - train 0.150013 - val 0.264877
Epoch 646/1250 - train 0.149780 - val 0.264561
Epoch 647/1250 - train 0.149878 - val 0.266653
Epoch 648/1250 - train 0.149879 - val 0.263244
Epoch 649/1250 - train 0.150067 - val 0.265354
Epoch 650/1250 - train 0.149636 - val 0.265594
Epoch 651/1250 - train 0.150158 - val 0.264534
Epoch 652/1250 - train 0.150138 - val 0.264366
Epoch 653/1250 - train 0.149888 - val 0.265559
Epoch 654/1250 - train 0.150608 - val 0.264491
Epoch 655/1250 - train 0.149571 - val 0.268256
Epoch 656/1250 - train 0.149694 - val 0.263245
Epoch 657/1250 - train 0.149450 - val 0.264117
Epoch 658/1250 - train 0.149522 - val 0.266409
Epoch 659/1250 - train 0.149602 - val 0.261874
Epoch 660/1250 - train 0.149568 - val 0.264690
Epoch 661/1250 - train 0.149952 - val 0.264075
Epoch 662/1250 - train 0.149429 - val 0.264494
Epoch 663/1250 - train 0.149302 - val 0.264920
Epoch 664/1250 - train 0.149275 - val 0.263879
Epoch 665/1250 - train 0.149635 - val 0.262691
Epoch 666/1250 - train 0.149795 - val 0.265226
Epoch 667/1250 - train 0.149043 - val 0.265394
Epoch 668/1250 - train 0.149494 - val 0.263846
Epoch 669/1250 - train 0.149397 - val 0.265143
Epoch 670/1250 - train 0.149409 - val 0.264913
Epoch 671/1250 - train 0.149143 - val 0.263847
Epoch 672/1250 - train 0.149239 - val 0.265536
Epoch 673/1250 - train 0.148744 - val 0.267026
Epoch 674/1250 - train 0.149324 - val 0.262935
Epoch 675/1250 - train 0.149165 - val 0.265053
Epoch 676/1250 - train 0.149617 - val 0.266308
Epoch 677/1250 - train 0.149007 - val 0.265936
Epoch 678/1250 - train 0.148823 - val 0.265447
Epoch 679/1250 - train 0.148861 - val 0.266863
Epoch 680/1250 - train 0.148798 - val 0.267770
Epoch 681/1250 - train 0.148902 - val 0.264129
Epoch 682/1250 - train 0.148820 - val 0.264307
Epoch 683/1250 - train 0.148810 - val 0.265733
Epoch 684/1250 - train 0.148838 - val 0.265820
Epoch 685/1250 - train 0.148875 - val 0.262803
Epoch 686/1250 - train 0.148843 - val 0.262860
Epoch 687/1250 - train 0.148987 - val 0.265387
Epoch 688/1250 - train 0.148990 - val 0.265938
Epoch 689/1250 - train 0.148427 - val 0.266065
Epoch 690/1250 - train 0.148780 - val 0.262721
Epoch 691/1250 - train 0.148918 - val 0.267288
Epoch 692/1250 - train 0.148526 - val 0.266551
Epoch 693/1250 - train 0.148737 - val 0.266366
Epoch 694/1250 - train 0.148212 - val 0.266093
Epoch 695/1250 - train 0.148335 - val 0.267322
Epoch 696/1250 - train 0.148489 - val 0.263181
Epoch 697/1250 - train 0.148500 - val 0.267412
Epoch 698/1250 - train 0.148736 - val 0.264187
Epoch 699/1250 - train 0.148182 - val 0.266392
Epoch 700/1250 - train 0.148257 - val 0.266892
Epoch 701/1250 - train 0.148659 - val 0.263877
Epoch 702/1250 - train 0.147889 - val 0.266198
Epoch 703/1250 - train 0.147972 - val 0.270159
Epoch 704/1250 - train 0.148716 - val 0.266254
Epoch 705/1250 - train 0.148227 - val 0.267071
Epoch 706/1250 - train 0.148400 - val 0.265988
Epoch 707/1250 - train 0.147975 - val 0.268542
Epoch 708/1250 - train 0.148209 - val 0.266001
Epoch 709/1250 - train 0.148584 - val 0.267417
Epoch 710/1250 - train 0.147958 - val 0.269014
Epoch 711/1250 - train 0.148122 - val 0.264427
Epoch 712/1250 - train 0.147690 - val 0.268461
Epoch 713/1250 - train 0.148112 - val 0.268215
Epoch 714/1250 - train 0.148154 - val 0.265540
Epoch 715/1250 - train 0.147620 - val 0.264418
Epoch 716/1250 - train 0.147820 - val 0.268784
Epoch 717/1250 - train 0.148109 - val 0.264336
Epoch 718/1250 - train 0.147622 - val 0.265791
Epoch 719/1250 - train 0.147792 - val 0.265702
Epoch 720/1250 - train 0.147775 - val 0.265229
Epoch 721/1250 - train 0.147889 - val 0.270043
Epoch 722/1250 - train 0.148324 - val 0.263519
Epoch 723/1250 - train 0.147551 - val 0.270176
Epoch 724/1250 - train 0.147710 - val 0.267146
Epoch 725/1250 - train 0.148066 - val 0.266199
Epoch 726/1250 - train 0.147417 - val 0.268219
Epoch 727/1250 - train 0.147472 - val 0.268942
Epoch 728/1250 - train 0.147297 - val 0.264555
Epoch 729/1250 - train 0.147520 - val 0.264957
Epoch 730/1250 - train 0.147567 - val 0.264872
Epoch 731/1250 - train 0.148066 - val 0.268662
Epoch 732/1250 - train 0.147262 - val 0.266797
Epoch 733/1250 - train 0.147393 - val 0.267555
Epoch 734/1250 - train 0.147540 - val 0.269026
Epoch 735/1250 - train 0.147286 - val 0.267360
Epoch 736/1250 - train 0.147381 - val 0.265610
Epoch 737/1250 - train 0.147749 - val 0.267138
Epoch 738/1250 - train 0.147362 - val 0.265403
Epoch 739/1250 - train 0.147457 - val 0.265979
Epoch 740/1250 - train 0.147068 - val 0.268722
Epoch 741/1250 - train 0.147401 - val 0.268150
Epoch 742/1250 - train 0.147184 - val 0.267319
Epoch 743/1250 - train 0.146966 - val 0.267191
Epoch 744/1250 - train 0.146983 - val 0.265454
Epoch 745/1250 - train 0.147259 - val 0.267608
Epoch 746/1250 - train 0.147242 - val 0.270190
Epoch 747/1250 - train 0.146941 - val 0.266980
Epoch 748/1250 - train 0.146833 - val 0.268875
Epoch 749/1250 - train 0.147083 - val 0.264997
Epoch 750/1250 - train 0.146793 - val 0.266045
Epoch 751/1250 - train 0.146895 - val 0.265473
Epoch 752/1250 - train 0.147167 - val 0.267578
Epoch 753/1250 - train 0.146858 - val 0.266727
Epoch 754/1250 - train 0.146870 - val 0.267532
Epoch 755/1250 - train 0.147297 - val 0.268293
Epoch 756/1250 - train 0.147134 - val 0.266547
Epoch 757/1250 - train 0.146985 - val 0.267027
Epoch 758/1250 - train 0.146587 - val 0.265013
Epoch 759/1250 - train 0.146891 - val 0.265140
Epoch 760/1250 - train 0.146786 - val 0.264122
Epoch 761/1250 - train 0.146487 - val 0.266463
Epoch 762/1250 - train 0.146645 - val 0.266161
Epoch 763/1250 - train 0.146720 - val 0.267451
Epoch 764/1250 - train 0.146531 - val 0.269927
Epoch 765/1250 - train 0.146744 - val 0.265834
Epoch 766/1250 - train 0.146371 - val 0.269433
Epoch 767/1250 - train 0.146311 - val 0.270583
Epoch 768/1250 - train 0.146516 - val 0.267768
Epoch 769/1250 - train 0.146670 - val 0.271631
Epoch 770/1250 - train 0.146392 - val 0.266840
Epoch 771/1250 - train 0.146312 - val 0.268990
Epoch 772/1250 - train 0.146334 - val 0.266476
Epoch 773/1250 - train 0.146577 - val 0.270537
Epoch 774/1250 - train 0.146143 - val 0.266076
Epoch 775/1250 - train 0.146209 - val 0.267503
Epoch 776/1250 - train 0.146514 - val 0.268151
Epoch 777/1250 - train 0.146724 - val 0.268685
Epoch 778/1250 - train 0.146247 - val 0.267023
Epoch 779/1250 - train 0.146007 - val 0.267524
Epoch 780/1250 - train 0.145821 - val 0.266765
Epoch 781/1250 - train 0.146360 - val 0.269293
Epoch 782/1250 - train 0.146484 - val 0.265962
Epoch 783/1250 - train 0.146025 - val 0.264100
Epoch 784/1250 - train 0.145866 - val 0.266912
Epoch 785/1250 - train 0.145903 - val 0.265883
Epoch 786/1250 - train 0.146014 - val 0.269450
Epoch 787/1250 - train 0.146021 - val 0.267929
Epoch 788/1250 - train 0.146164 - val 0.267927
Epoch 789/1250 - train 0.146122 - val 0.267317
Epoch 790/1250 - train 0.146037 - val 0.266945
Epoch 791/1250 - train 0.146280 - val 0.269603
Epoch 792/1250 - train 0.145645 - val 0.268363
Epoch 793/1250 - train 0.146285 - val 0.268525
Epoch 794/1250 - train 0.145855 - val 0.268556
Epoch 795/1250 - train 0.145864 - val 0.267741
Epoch 796/1250 - train 0.145706 - val 0.270301
Epoch 797/1250 - train 0.145505 - val 0.270029
Epoch 798/1250 - train 0.145766 - val 0.268705
Epoch 799/1250 - train 0.145714 - val 0.269018
Epoch 800/1250 - train 0.145838 - val 0.263683
Epoch 801/1250 - train 0.145820 - val 0.269950
Epoch 802/1250 - train 0.145629 - val 0.267335
Epoch 803/1250 - train 0.145791 - val 0.267632
Epoch 804/1250 - train 0.145753 - val 0.267496
Epoch 805/1250 - train 0.145413 - val 0.267631
Epoch 806/1250 - train 0.145520 - val 0.269388
Epoch 807/1250 - train 0.145830 - val 0.266957
Epoch 808/1250 - train 0.145080 - val 0.269278
Epoch 809/1250 - train 0.145817 - val 0.268015
Epoch 810/1250 - train 0.145598 - val 0.266359
Epoch 811/1250 - train 0.145379 - val 0.268841
Epoch 812/1250 - train 0.145281 - val 0.266138
Epoch 813/1250 - train 0.145527 - val 0.266181
Epoch 814/1250 - train 0.145251 - val 0.269767
Epoch 815/1250 - train 0.145268 - val 0.269381
Epoch 816/1250 - train 0.145965 - val 0.269530
Epoch 817/1250 - train 0.145152 - val 0.266829
Epoch 818/1250 - train 0.145219 - val 0.265934
Epoch 819/1250 - train 0.145412 - val 0.269095
Epoch 820/1250 - train 0.145280 - val 0.272659
Epoch 821/1250 - train 0.145356 - val 0.270023
Epoch 822/1250 - train 0.144927 - val 0.267713
Epoch 823/1250 - train 0.145390 - val 0.269200
Epoch 824/1250 - train 0.144934 - val 0.270501
Epoch 825/1250 - train 0.144773 - val 0.270503
Epoch 826/1250 - train 0.145220 - val 0.270570
Epoch 827/1250 - train 0.145141 - val 0.266446
Epoch 828/1250 - train 0.145271 - val 0.270486
Epoch 829/1250 - train 0.145086 - val 0.267788
Epoch 830/1250 - train 0.144852 - val 0.267830
Epoch 831/1250 - train 0.145276 - val 0.267664
Epoch 832/1250 - train 0.144909 - val 0.267677
Epoch 833/1250 - train 0.145287 - val 0.269171
Epoch 834/1250 - train 0.145175 - val 0.269430
Epoch 835/1250 - train 0.144689 - val 0.268135
Epoch 836/1250 - train 0.144744 - val 0.266946
Epoch 837/1250 - train 0.145065 - val 0.269595
Epoch 838/1250 - train 0.144770 - val 0.267878
Epoch 839/1250 - train 0.144760 - val 0.267874
Epoch 840/1250 - train 0.144815 - val 0.270187
Epoch 841/1250 - train 0.145012 - val 0.268017
Epoch 842/1250 - train 0.145197 - val 0.270126
Epoch 843/1250 - train 0.144393 - val 0.268767
Epoch 844/1250 - train 0.144689 - val 0.271031
Epoch 845/1250 - train 0.144508 - val 0.268376
Epoch 846/1250 - train 0.144945 - val 0.268138
Epoch 847/1250 - train 0.144755 - val 0.269890
Epoch 848/1250 - train 0.144409 - val 0.268139
Epoch 849/1250 - train 0.144730 - val 0.271726
Epoch 850/1250 - train 0.144493 - val 0.266872
Epoch 851/1250 - train 0.144473 - val 0.269010
Epoch 852/1250 - train 0.144609 - val 0.267772
Epoch 853/1250 - train 0.144858 - val 0.269027
Epoch 854/1250 - train 0.144243 - val 0.268464
Epoch 855/1250 - train 0.144440 - val 0.268723
Epoch 856/1250 - train 0.144466 - val 0.268827
Epoch 857/1250 - train 0.144285 - val 0.271061
Epoch 858/1250 - train 0.144345 - val 0.270263
Epoch 859/1250 - train 0.144593 - val 0.267535
Epoch 860/1250 - train 0.144533 - val 0.266670
Epoch 861/1250 - train 0.144298 - val 0.269279
Epoch 862/1250 - train 0.144810 - val 0.268539
Epoch 863/1250 - train 0.144022 - val 0.269737
Epoch 864/1250 - train 0.143616 - val 0.266661
Epoch 865/1250 - train 0.144628 - val 0.268425
Epoch 866/1250 - train 0.144615 - val 0.268538
Epoch 867/1250 - train 0.144877 - val 0.270437
Epoch 868/1250 - train 0.144088 - val 0.268689
Epoch 869/1250 - train 0.143595 - val 0.269201
Epoch 870/1250 - train 0.144135 - val 0.269899
Epoch 871/1250 - train 0.144235 - val 0.272407
Epoch 872/1250 - train 0.143947 - val 0.270119
Epoch 873/1250 - train 0.143903 - val 0.271861
Epoch 874/1250 - train 0.144085 - val 0.269401
Epoch 875/1250 - train 0.144170 - val 0.268069
Epoch 876/1250 - train 0.144291 - val 0.271121
Epoch 877/1250 - train 0.143941 - val 0.268220
Epoch 878/1250 - train 0.144394 - val 0.269702
Epoch 879/1250 - train 0.143654 - val 0.267219
Epoch 880/1250 - train 0.144022 - val 0.272250
Epoch 881/1250 - train 0.143643 - val 0.269333
Epoch 882/1250 - train 0.143722 - val 0.268634
Epoch 883/1250 - train 0.143703 - val 0.271312
Epoch 884/1250 - train 0.143638 - val 0.267990
Epoch 885/1250 - train 0.143883 - val 0.271266
Epoch 886/1250 - train 0.144052 - val 0.272044
Epoch 887/1250 - train 0.143692 - val 0.271970
Epoch 888/1250 - train 0.143530 - val 0.271420
Epoch 889/1250 - train 0.143852 - val 0.267175
Epoch 890/1250 - train 0.143762 - val 0.268394
Epoch 891/1250 - train 0.143685 - val 0.271366
Epoch 892/1250 - train 0.143533 - val 0.269120
Epoch 893/1250 - train 0.143794 - val 0.272080
Epoch 894/1250 - train 0.143840 - val 0.270051
Epoch 895/1250 - train 0.143290 - val 0.270031
Epoch 896/1250 - train 0.143453 - val 0.270135
Epoch 897/1250 - train 0.143103 - val 0.267249
Epoch 898/1250 - train 0.143692 - val 0.270938
Epoch 899/1250 - train 0.143592 - val 0.272954
Epoch 900/1250 - train 0.143253 - val 0.271952
Epoch 901/1250 - train 0.143829 - val 0.268909
Epoch 902/1250 - train 0.143696 - val 0.269339
Epoch 903/1250 - train 0.143495 - val 0.269189
Epoch 904/1250 - train 0.143421 - val 0.270730
Epoch 905/1250 - train 0.143401 - val 0.266798
Epoch 906/1250 - train 0.143289 - val 0.268400
Epoch 907/1250 - train 0.143232 - val 0.271916
Epoch 908/1250 - train 0.143595 - val 0.269187
Epoch 909/1250 - train 0.143405 - val 0.268689
Epoch 910/1250 - train 0.143258 - val 0.270599
Epoch 911/1250 - train 0.143512 - val 0.268576
Epoch 912/1250 - train 0.143316 - val 0.272123
Epoch 913/1250 - train 0.143440 - val 0.269175
Epoch 914/1250 - train 0.143477 - val 0.269833
Epoch 915/1250 - train 0.143029 - val 0.268528
Epoch 916/1250 - train 0.143058 - val 0.273836
Epoch 917/1250 - train 0.143119 - val 0.269100
Epoch 918/1250 - train 0.143316 - val 0.268253
Epoch 919/1250 - train 0.143219 - val 0.270446
Epoch 920/1250 - train 0.143086 - val 0.269571
Epoch 921/1250 - train 0.143142 - val 0.271810
Epoch 922/1250 - train 0.143138 - val 0.271175
Epoch 923/1250 - train 0.142894 - val 0.273461
Epoch 924/1250 - train 0.143101 - val 0.271732
Epoch 925/1250 - train 0.142976 - val 0.269954
Epoch 926/1250 - train 0.143205 - val 0.271966
Epoch 927/1250 - train 0.143250 - val 0.269952
Epoch 928/1250 - train 0.142746 - val 0.269632
Epoch 929/1250 - train 0.143048 - val 0.271973
Epoch 930/1250 - train 0.142873 - val 0.270672
Epoch 931/1250 - train 0.143079 - val 0.269220
Epoch 932/1250 - train 0.142766 - val 0.270157
Epoch 933/1250 - train 0.142772 - val 0.272978
Epoch 934/1250 - train 0.142641 - val 0.270490
Epoch 935/1250 - train 0.142776 - val 0.269982
Epoch 936/1250 - train 0.143001 - val 0.270089
Epoch 937/1250 - train 0.142912 - val 0.272269
Epoch 938/1250 - train 0.142798 - val 0.268859
Epoch 939/1250 - train 0.142921 - val 0.271182
Epoch 940/1250 - train 0.143212 - val 0.269210
Epoch 941/1250 - train 0.142547 - val 0.270069
Epoch 942/1250 - train 0.142794 - val 0.273147
Epoch 943/1250 - train 0.142571 - val 0.269266
Epoch 944/1250 - train 0.142660 - val 0.270128
Epoch 945/1250 - train 0.142903 - val 0.270074
Epoch 946/1250 - train 0.142686 - val 0.270393
Epoch 947/1250 - train 0.142405 - val 0.272842
Epoch 948/1250 - train 0.142628 - val 0.270884
Epoch 949/1250 - train 0.142922 - val 0.270327
Epoch 950/1250 - train 0.142453 - val 0.267626
Epoch 951/1250 - train 0.142618 - val 0.269964
Epoch 952/1250 - train 0.142512 - val 0.268667
Epoch 953/1250 - train 0.142439 - val 0.268883
Epoch 954/1250 - train 0.142710 - val 0.271407
Epoch 955/1250 - train 0.142529 - val 0.268521
Epoch 956/1250 - train 0.142644 - val 0.273701
Epoch 957/1250 - train 0.142306 - val 0.268737
Epoch 958/1250 - train 0.142832 - val 0.270529
Epoch 959/1250 - train 0.142494 - val 0.269601
Epoch 960/1250 - train 0.141992 - val 0.271689
Epoch 961/1250 - train 0.142002 - val 0.271731
Epoch 962/1250 - train 0.142606 - val 0.273173
Epoch 963/1250 - train 0.142607 - val 0.272884
Epoch 964/1250 - train 0.142252 - val 0.273162
Epoch 965/1250 - train 0.142377 - val 0.272089
Epoch 966/1250 - train 0.142415 - val 0.271041
Epoch 967/1250 - train 0.142195 - val 0.268259
Epoch 968/1250 - train 0.142093 - val 0.273974
Epoch 969/1250 - train 0.142227 - val 0.273590
Epoch 970/1250 - train 0.142006 - val 0.272689
Epoch 971/1250 - train 0.142021 - val 0.272706
Epoch 972/1250 - train 0.142064 - val 0.275397
Epoch 973/1250 - train 0.142349 - val 0.272243
Epoch 974/1250 - train 0.142143 - val 0.273994
Epoch 975/1250 - train 0.142346 - val 0.271440
Epoch 976/1250 - train 0.142116 - val 0.270786
Epoch 977/1250 - train 0.142051 - val 0.271677
Epoch 978/1250 - train 0.141991 - val 0.272184
Epoch 979/1250 - train 0.141690 - val 0.270110
Epoch 980/1250 - train 0.142359 - val 0.272125
Epoch 981/1250 - train 0.142450 - val 0.273097
Epoch 982/1250 - train 0.142243 - val 0.273077
Epoch 983/1250 - train 0.141966 - val 0.272721
Epoch 984/1250 - train 0.141889 - val 0.270621
Epoch 985/1250 - train 0.142190 - val 0.269463
Epoch 986/1250 - train 0.141870 - val 0.272159
Epoch 987/1250 - train 0.142103 - val 0.270673
Epoch 988/1250 - train 0.141540 - val 0.270548
Epoch 989/1250 - train 0.142161 - val 0.270049
Epoch 990/1250 - train 0.142104 - val 0.272036
Epoch 991/1250 - train 0.142008 - val 0.270900
Epoch 992/1250 - train 0.141748 - val 0.272400
Epoch 993/1250 - train 0.141889 - val 0.269373
Epoch 994/1250 - train 0.142061 - val 0.269431
Epoch 995/1250 - train 0.141590 - val 0.273568
Epoch 996/1250 - train 0.141855 - val 0.271403
Epoch 997/1250 - train 0.141494 - val 0.273487
Epoch 998/1250 - train 0.141965 - val 0.271676
Epoch 999/1250 - train 0.141775 - val 0.269718
Epoch 1000/1250 - train 0.141534 - val 0.269978
Epoch 1001/1250 - train 0.141552 - val 0.269922
Epoch 1002/1250 - train 0.141684 - val 0.272252
Epoch 1003/1250 - train 0.141698 - val 0.273860
Epoch 1004/1250 - train 0.141803 - val 0.268222
Epoch 1005/1250 - train 0.141738 - val 0.270619
Epoch 1006/1250 - train 0.141746 - val 0.272488
Epoch 1007/1250 - train 0.141610 - val 0.272293
Epoch 1008/1250 - train 0.141590 - val 0.271115
Epoch 1009/1250 - train 0.141422 - val 0.268735
Epoch 1010/1250 - train 0.141872 - val 0.273934
Epoch 1011/1250 - train 0.141503 - val 0.272560
Epoch 1012/1250 - train 0.141382 - val 0.272486
Epoch 1013/1250 - train 0.141342 - val 0.272207
Epoch 1014/1250 - train 0.141205 - val 0.271427
Epoch 1015/1250 - train 0.141664 - val 0.272208
Epoch 1016/1250 - train 0.141171 - val 0.272702
Epoch 1017/1250 - train 0.141323 - val 0.270450
Epoch 1018/1250 - train 0.141626 - val 0.271952
Epoch 1019/1250 - train 0.141376 - val 0.274931
Epoch 1020/1250 - train 0.141399 - val 0.272122
Epoch 1021/1250 - train 0.141404 - val 0.274323
Epoch 1022/1250 - train 0.141481 - val 0.274405
Epoch 1023/1250 - train 0.141102 - val 0.275395
Epoch 1024/1250 - train 0.141154 - val 0.271750
Epoch 1025/1250 - train 0.141299 - val 0.271371
Epoch 1026/1250 - train 0.141446 - val 0.273407
Epoch 1027/1250 - train 0.141007 - val 0.273588
Epoch 1028/1250 - train 0.141132 - val 0.272625
Epoch 1029/1250 - train 0.141440 - val 0.270737
Epoch 1030/1250 - train 0.141317 - val 0.272668
Epoch 1031/1250 - train 0.141249 - val 0.273280
Epoch 1032/1250 - train 0.141405 - val 0.273487
Epoch 1033/1250 - train 0.141257 - val 0.272662
Epoch 1034/1250 - train 0.141141 - val 0.270985
Epoch 1035/1250 - train 0.141142 - val 0.273149
Epoch 1036/1250 - train 0.140956 - val 0.268492
Epoch 1037/1250 - train 0.141023 - val 0.272907
Epoch 1038/1250 - train 0.141152 - val 0.272752
Epoch 1039/1250 - train 0.141074 - val 0.268985
Epoch 1040/1250 - train 0.141017 - val 0.272022
Epoch 1041/1250 - train 0.140965 - val 0.273966
Epoch 1042/1250 - train 0.140847 - val 0.273752
Epoch 1043/1250 - train 0.141054 - val 0.269920
Epoch 1044/1250 - train 0.141087 - val 0.272160
Epoch 1045/1250 - train 0.140837 - val 0.272953
Epoch 1046/1250 - train 0.141035 - val 0.270928
Epoch 1047/1250 - train 0.141137 - val 0.275347
Epoch 1048/1250 - train 0.141219 - val 0.272171
Epoch 1049/1250 - train 0.140715 - val 0.275082
Epoch 1050/1250 - train 0.140739 - val 0.272994
Epoch 1051/1250 - train 0.140696 - val 0.273130
Epoch 1052/1250 - train 0.140800 - val 0.273116
Epoch 1053/1250 - train 0.140869 - val 0.272322
Epoch 1054/1250 - train 0.140560 - val 0.273101
Epoch 1055/1250 - train 0.140753 - val 0.271915
Epoch 1056/1250 - train 0.140774 - val 0.271164
Epoch 1057/1250 - train 0.140570 - val 0.272282
Epoch 1058/1250 - train 0.140701 - val 0.275596
Epoch 1059/1250 - train 0.141010 - val 0.273092
Epoch 1060/1250 - train 0.140856 - val 0.269152
Epoch 1061/1250 - train 0.140683 - val 0.273818
Epoch 1062/1250 - train 0.141065 - val 0.270789
Epoch 1063/1250 - train 0.140577 - val 0.274034
Epoch 1064/1250 - train 0.140615 - val 0.272205
Epoch 1065/1250 - train 0.140553 - val 0.272293
Epoch 1066/1250 - train 0.140909 - val 0.274580
Epoch 1067/1250 - train 0.140396 - val 0.272610
Epoch 1068/1250 - train 0.140697 - val 0.270801
Epoch 1069/1250 - train 0.140579 - val 0.271613
Epoch 1070/1250 - train 0.140516 - val 0.276690
Epoch 1071/1250 - train 0.140660 - val 0.276937
Epoch 1072/1250 - train 0.140717 - val 0.271644
Epoch 1073/1250 - train 0.141032 - val 0.272697
Epoch 1074/1250 - train 0.140196 - val 0.272671
Epoch 1075/1250 - train 0.140441 - val 0.274074
Epoch 1076/1250 - train 0.140659 - val 0.275668
Epoch 1077/1250 - train 0.140222 - val 0.272915
Epoch 1078/1250 - train 0.140549 - val 0.272489
Epoch 1079/1250 - train 0.140769 - val 0.273549
Epoch 1080/1250 - train 0.140475 - val 0.272017
Epoch 1081/1250 - train 0.140313 - val 0.275164
Epoch 1082/1250 - train 0.140602 - val 0.273095
Epoch 1083/1250 - train 0.140605 - val 0.273091
Epoch 1084/1250 - train 0.140343 - val 0.273922
Epoch 1085/1250 - train 0.140184 - val 0.271585
Epoch 1086/1250 - train 0.140346 - val 0.272282
Epoch 1087/1250 - train 0.140051 - val 0.271880
Epoch 1088/1250 - train 0.140273 - val 0.274119
Epoch 1089/1250 - train 0.140454 - val 0.273505
Epoch 1090/1250 - train 0.140667 - val 0.272456
Epoch 1091/1250 - train 0.140403 - val 0.273052
Epoch 1092/1250 - train 0.140420 - val 0.274117
Epoch 1093/1250 - train 0.140356 - val 0.273026
Epoch 1094/1250 - train 0.140278 - val 0.274759
Epoch 1095/1250 - train 0.140399 - val 0.274358
Epoch 1096/1250 - train 0.139994 - val 0.275956
Epoch 1097/1250 - train 0.140450 - val 0.271643
Epoch 1098/1250 - train 0.140086 - val 0.273689
Epoch 1099/1250 - train 0.140102 - val 0.273401
Epoch 1100/1250 - train 0.140057 - val 0.274272
Epoch 1101/1250 - train 0.139878 - val 0.273492
Epoch 1102/1250 - train 0.140058 - val 0.276826
Epoch 1103/1250 - train 0.140249 - val 0.273105
Epoch 1104/1250 - train 0.140217 - val 0.274856
Epoch 1105/1250 - train 0.139908 - val 0.273555
Epoch 1106/1250 - train 0.140137 - val 0.271323
Epoch 1107/1250 - train 0.139729 - val 0.273155
Epoch 1108/1250 - train 0.139878 - val 0.272012
Epoch 1109/1250 - train 0.140090 - val 0.274069
Epoch 1110/1250 - train 0.139943 - val 0.272900
Epoch 1111/1250 - train 0.139643 - val 0.272385
Epoch 1112/1250 - train 0.140231 - val 0.275077
Epoch 1113/1250 - train 0.140102 - val 0.270576
Epoch 1114/1250 - train 0.139671 - val 0.271564
Epoch 1115/1250 - train 0.139760 - val 0.272763
Epoch 1116/1250 - train 0.139859 - val 0.272866
Epoch 1117/1250 - train 0.139750 - val 0.274607
Epoch 1118/1250 - train 0.139870 - val 0.270582
Epoch 1119/1250 - train 0.139835 - val 0.271444
Epoch 1120/1250 - train 0.139792 - val 0.275291
Epoch 1121/1250 - train 0.139827 - val 0.272524
Epoch 1122/1250 - train 0.139857 - val 0.277588
Epoch 1123/1250 - train 0.140174 - val 0.277477
Epoch 1124/1250 - train 0.139700 - val 0.275236
Epoch 1125/1250 - train 0.139858 - val 0.274188
Epoch 1126/1250 - train 0.139618 - val 0.272242
Epoch 1127/1250 - train 0.139763 - val 0.272646
Epoch 1128/1250 - train 0.139715 - val 0.274451
Epoch 1129/1250 - train 0.139835 - val 0.275540
Epoch 1130/1250 - train 0.139684 - val 0.273175
Epoch 1131/1250 - train 0.139456 - val 0.272590
Epoch 1132/1250 - train 0.139489 - val 0.274183
Epoch 1133/1250 - train 0.140072 - val 0.273015
Epoch 1134/1250 - train 0.139563 - val 0.273854
Epoch 1135/1250 - train 0.140057 - val 0.273820
Epoch 1136/1250 - train 0.139534 - val 0.272594
Epoch 1137/1250 - train 0.139470 - val 0.275951
Epoch 1138/1250 - train 0.139502 - val 0.272198
Epoch 1139/1250 - train 0.139562 - val 0.272970
Epoch 1140/1250 - train 0.139496 - val 0.272268
Epoch 1141/1250 - train 0.139472 - val 0.272135
Epoch 1142/1250 - train 0.139554 - val 0.274719
Epoch 1143/1250 - train 0.139643 - val 0.277361
Epoch 1144/1250 - train 0.139816 - val 0.271837
Epoch 1145/1250 - train 0.139430 - val 0.273674
Epoch 1146/1250 - train 0.139229 - val 0.273682
Epoch 1147/1250 - train 0.139472 - val 0.274138
Epoch 1148/1250 - train 0.139439 - val 0.270303
Epoch 1149/1250 - train 0.139410 - val 0.272814
Epoch 1150/1250 - train 0.139284 - val 0.271838
Epoch 1151/1250 - train 0.139440 - val 0.273604
Epoch 1152/1250 - train 0.139736 - val 0.274668
Epoch 1153/1250 - train 0.139117 - val 0.273936
Epoch 1154/1250 - train 0.139097 - val 0.271103
Epoch 1155/1250 - train 0.139270 - val 0.274372
Epoch 1156/1250 - train 0.139572 - val 0.271901
Epoch 1157/1250 - train 0.139044 - val 0.273621
Epoch 1158/1250 - train 0.139139 - val 0.272505
Epoch 1159/1250 - train 0.139280 - val 0.274050
Epoch 1160/1250 - train 0.139280 - val 0.270968
Epoch 1161/1250 - train 0.139457 - val 0.276992
Epoch 1162/1250 - train 0.139214 - val 0.274021
Epoch 1163/1250 - train 0.139403 - val 0.275780
Epoch 1164/1250 - train 0.139213 - val 0.274915
Epoch 1165/1250 - train 0.139055 - val 0.275707
Epoch 1166/1250 - train 0.138993 - val 0.272672
Epoch 1167/1250 - train 0.139236 - val 0.274670
Epoch 1168/1250 - train 0.139163 - val 0.274226
Epoch 1169/1250 - train 0.139176 - val 0.274757
Epoch 1170/1250 - train 0.139263 - val 0.276265
Epoch 1171/1250 - train 0.138829 - val 0.273486
Epoch 1172/1250 - train 0.138818 - val 0.274181
Epoch 1173/1250 - train 0.139556 - val 0.275823
Epoch 1174/1250 - train 0.138924 - val 0.274492
Epoch 1175/1250 - train 0.138793 - val 0.273985
Epoch 1176/1250 - train 0.139216 - val 0.275662
Epoch 1177/1250 - train 0.139230 - val 0.274080
Epoch 1178/1250 - train 0.139064 - val 0.277567
Epoch 1179/1250 - train 0.139051 - val 0.273653
Epoch 1180/1250 - train 0.138731 - val 0.273919
Epoch 1181/1250 - train 0.138818 - val 0.273738
Epoch 1182/1250 - train 0.138846 - val 0.273317
Epoch 1183/1250 - train 0.139011 - val 0.274687
Epoch 1184/1250 - train 0.138952 - val 0.273075
Epoch 1185/1250 - train 0.138954 - val 0.275721
Epoch 1186/1250 - train 0.139133 - val 0.273854
Epoch 1187/1250 - train 0.139015 - val 0.275875
Epoch 1188/1250 - train 0.138885 - val 0.274448
Epoch 1189/1250 - train 0.139088 - val 0.273767
Epoch 1190/1250 - train 0.138693 - val 0.275355
Epoch 1191/1250 - train 0.138997 - val 0.273790
Epoch 1192/1250 - train 0.138949 - val 0.276504
Epoch 1193/1250 - train 0.138617 - val 0.272687
Epoch 1194/1250 - train 0.138432 - val 0.272099
Epoch 1195/1250 - train 0.139065 - val 0.275190
Epoch 1196/1250 - train 0.138960 - val 0.274377
Epoch 1197/1250 - train 0.138701 - val 0.273998
Epoch 1198/1250 - train 0.138670 - val 0.274991
Epoch 1199/1250 - train 0.138903 - val 0.276465
Epoch 1200/1250 - train 0.138578 - val 0.275576
Epoch 1201/1250 - train 0.138376 - val 0.273448
Epoch 1202/1250 - train 0.138599 - val 0.275022
Epoch 1203/1250 - train 0.138851 - val 0.272685
Epoch 1204/1250 - train 0.138572 - val 0.274516
Epoch 1205/1250 - train 0.139106 - val 0.274137
Epoch 1206/1250 - train 0.138679 - val 0.275827
Epoch 1207/1250 - train 0.138689 - val 0.276078
Epoch 1208/1250 - train 0.138523 - val 0.274614
Epoch 1209/1250 - train 0.138374 - val 0.273713
Epoch 1210/1250 - train 0.138697 - val 0.273488
Epoch 1211/1250 - train 0.138712 - val 0.273241
Epoch 1212/1250 - train 0.138601 - val 0.278051
Epoch 1213/1250 - train 0.139014 - val 0.275864
Epoch 1214/1250 - train 0.138678 - val 0.273263
Epoch 1215/1250 - train 0.138425 - val 0.273588
Epoch 1216/1250 - train 0.138578 - val 0.277198
Epoch 1217/1250 - train 0.138391 - val 0.272169
Epoch 1218/1250 - train 0.138271 - val 0.277074
Epoch 1219/1250 - train 0.138651 - val 0.276140
Epoch 1220/1250 - train 0.138414 - val 0.273664
Epoch 1221/1250 - train 0.138617 - val 0.274397
Epoch 1222/1250 - train 0.138320 - val 0.274414
Epoch 1223/1250 - train 0.138700 - val 0.274303
Epoch 1224/1250 - train 0.138231 - val 0.276887
Epoch 1225/1250 - train 0.138913 - val 0.272976
Epoch 1226/1250 - train 0.138249 - val 0.272690
Epoch 1227/1250 - train 0.138577 - val 0.275351
Epoch 1228/1250 - train 0.138506 - val 0.273195
Epoch 1229/1250 - train 0.138479 - val 0.273384
Epoch 1230/1250 - train 0.138492 - val 0.275283
Epoch 1231/1250 - train 0.138339 - val 0.275949
Epoch 1232/1250 - train 0.138422 - val 0.276072
Epoch 1233/1250 - train 0.138310 - val 0.274218
Epoch 1234/1250 - train 0.138264 - val 0.275015
Epoch 1235/1250 - train 0.138108 - val 0.274907
Epoch 1236/1250 - train 0.138181 - val 0.274182
Epoch 1237/1250 - train 0.138058 - val 0.273350
Epoch 1238/1250 - train 0.138017 - val 0.279053
Epoch 1239/1250 - train 0.138484 - val 0.274259
Epoch 1240/1250 - train 0.138013 - val 0.275409
Epoch 1241/1250 - train 0.138139 - val 0.275775
Epoch 1242/1250 - train 0.138455 - val 0.277934
Epoch 1243/1250 - train 0.137852 - val 0.275572
Epoch 1244/1250 - train 0.138145 - val 0.278932
Epoch 1245/1250 - train 0.138333 - val 0.276584
Epoch 1246/1250 - train 0.138388 - val 0.272910
Epoch 1247/1250 - train 0.138235 - val 0.275790
Epoch 1248/1250 - train 0.138092 - val 0.275548
Epoch 1249/1250 - train 0.138014 - val 0.277500
Epoch 1250/1250 - train 0.138139 - val 0.278744
Saved model to /scratch/network/ak9088/NASA-RL-Wavefront-Control/RL/jobs/20251227_000809/exp-fc1-zscore-ep1250-bs256-lr1e-3-s42-h128-64-images-mc0/fc1_best.pth
