y: [[-8.89294595e-02  3.68765652e-01 -3.35200205e-02 ... -2.49889821e-01
   1.67958364e-02  4.47161561e-08]
 [-1.95354253e-01  3.17699492e-01  3.17823112e-01 ...  1.36494249e-01
  -1.03578465e-02  4.47161561e-08]
 [-2.90432423e-01 -1.80993274e-01  2.23017558e-01 ... -2.44340330e-01
  -2.15393677e-02  4.47161597e-08]
 ...
 [ 2.77905110e-02 -3.24629903e-01  2.85629988e-01 ...  5.68953492e-02
  -8.27765688e-02  4.47161561e-08]
 [-2.45659456e-01 -2.43513435e-01  6.57291114e-01 ...  1.29223362e-01
  -6.41752034e-02  4.47161597e-08]
 [-1.38641492e-01  1.17867850e-01  3.85931842e-02 ...  1.19241446e-01
  -2.43191440e-02  4.47161561e-08]]
Dataset loaded: N=100000 (original 100000), C=3, H=20, W=20, y_dim=26
using device: cpu
Epoch 1/1250 - train 0.220318 - val 0.124425
Epoch 2/1250 - train 0.113859 - val 0.094894
Epoch 3/1250 - train 0.101295 - val 0.094442
Epoch 4/1250 - train 0.094393 - val 0.098644
Epoch 5/1250 - train 0.092884 - val 0.101028
Epoch 6/1250 - train 0.088294 - val 0.092163
Epoch 7/1250 - train 0.089319 - val 0.089722
Epoch 8/1250 - train 0.087478 - val 0.080836
Epoch 9/1250 - train 0.086983 - val 0.085850
Epoch 10/1250 - train 0.085347 - val 0.080844
Epoch 11/1250 - train 0.086927 - val 0.085845
Epoch 12/1250 - train 0.084285 - val 0.082790
Epoch 13/1250 - train 0.083886 - val 0.080218
Epoch 14/1250 - train 0.081647 - val 0.081888
Epoch 15/1250 - train 0.082315 - val 0.087668
Epoch 16/1250 - train 0.082668 - val 0.088469
Epoch 17/1250 - train 0.080508 - val 0.082694
Epoch 18/1250 - train 0.081240 - val 0.081643
Epoch 19/1250 - train 0.081492 - val 0.080090
Epoch 20/1250 - train 0.080621 - val 0.079165
Epoch 21/1250 - train 0.079964 - val 0.079192
Epoch 22/1250 - train 0.079783 - val 0.087704
Epoch 23/1250 - train 0.081155 - val 0.101909
Epoch 24/1250 - train 0.079806 - val 0.085457
Epoch 25/1250 - train 0.078978 - val 0.078737
Epoch 26/1250 - train 0.079010 - val 0.078182
Epoch 27/1250 - train 0.079264 - val 0.086444
Epoch 28/1250 - train 0.078063 - val 0.082397
Epoch 29/1250 - train 0.077965 - val 0.071427
Epoch 30/1250 - train 0.077828 - val 0.077424
Epoch 31/1250 - train 0.076455 - val 0.076547
Epoch 32/1250 - train 0.078013 - val 0.079836
Epoch 33/1250 - train 0.076502 - val 0.076538
Epoch 34/1250 - train 0.077351 - val 0.076286
Epoch 35/1250 - train 0.076354 - val 0.078130
Epoch 36/1250 - train 0.077910 - val 0.081004
Epoch 37/1250 - train 0.075949 - val 0.077006
Epoch 38/1250 - train 0.076338 - val 0.080339
Epoch 39/1250 - train 0.075068 - val 0.077838
Epoch 40/1250 - train 0.074504 - val 0.070165
Epoch 41/1250 - train 0.074480 - val 0.080710
Epoch 42/1250 - train 0.075894 - val 0.084498
Epoch 43/1250 - train 0.073687 - val 0.073380
Epoch 44/1250 - train 0.075705 - val 0.075275
Epoch 45/1250 - train 0.073339 - val 0.080694
Epoch 46/1250 - train 0.073952 - val 0.073109
Epoch 47/1250 - train 0.072113 - val 0.070517
Epoch 48/1250 - train 0.072936 - val 0.080561
Epoch 49/1250 - train 0.075099 - val 0.080441
Epoch 50/1250 - train 0.071554 - val 0.068976
Epoch 51/1250 - train 0.074238 - val 0.075265
Epoch 52/1250 - train 0.072503 - val 0.070573
Epoch 53/1250 - train 0.071778 - val 0.067801
Epoch 54/1250 - train 0.073039 - val 0.076090
Epoch 55/1250 - train 0.072990 - val 0.072379
Epoch 56/1250 - train 0.070918 - val 0.087581
Epoch 57/1250 - train 0.071174 - val 0.072621
Epoch 58/1250 - train 0.070194 - val 0.074483
Epoch 59/1250 - train 0.070812 - val 0.065411
Epoch 60/1250 - train 0.071033 - val 0.093304
Epoch 61/1250 - train 0.070334 - val 0.076953
Epoch 62/1250 - train 0.071041 - val 0.075630
Epoch 63/1250 - train 0.069065 - val 0.079024
Epoch 64/1250 - train 0.068540 - val 0.069475
Epoch 65/1250 - train 0.069565 - val 0.064988
Epoch 66/1250 - train 0.070035 - val 0.071496
Epoch 67/1250 - train 0.068441 - val 0.071290
Epoch 68/1250 - train 0.066979 - val 0.069089
Epoch 69/1250 - train 0.070298 - val 0.064944
Epoch 70/1250 - train 0.067243 - val 0.070872
Epoch 71/1250 - train 0.066439 - val 0.074444
Epoch 72/1250 - train 0.066501 - val 0.075500
Epoch 73/1250 - train 0.067286 - val 0.063080
Epoch 74/1250 - train 0.067349 - val 0.069168
Epoch 75/1250 - train 0.067928 - val 0.071855
Epoch 76/1250 - train 0.065684 - val 0.075027
Epoch 77/1250 - train 0.066572 - val 0.065234
Epoch 78/1250 - train 0.066421 - val 0.071182
Epoch 79/1250 - train 0.068285 - val 0.072748
Epoch 80/1250 - train 0.068162 - val 0.070804
Epoch 81/1250 - train 0.065872 - val 0.068760
Epoch 82/1250 - train 0.065098 - val 0.069825
Epoch 83/1250 - train 0.066290 - val 0.068779
Epoch 84/1250 - train 0.064912 - val 0.072185
Epoch 85/1250 - train 0.065738 - val 0.069869
Epoch 86/1250 - train 0.065337 - val 0.066135
Epoch 87/1250 - train 0.064273 - val 0.062891
Epoch 88/1250 - train 0.066743 - val 0.070901
Epoch 89/1250 - train 0.064872 - val 0.068644
Epoch 90/1250 - train 0.065975 - val 0.063281
Epoch 91/1250 - train 0.067513 - val 0.063012
Epoch 92/1250 - train 0.064795 - val 0.070193
Epoch 93/1250 - train 0.063273 - val 0.064994
Epoch 94/1250 - train 0.063969 - val 0.069094
Epoch 95/1250 - train 0.066508 - val 0.066256
Epoch 96/1250 - train 0.062707 - val 0.062770
Epoch 97/1250 - train 0.064145 - val 0.064693
Epoch 98/1250 - train 0.064074 - val 0.061092
Epoch 99/1250 - train 0.063417 - val 0.060472
Epoch 100/1250 - train 0.062977 - val 0.073649
Epoch 101/1250 - train 0.065117 - val 0.069661
Epoch 102/1250 - train 0.061867 - val 0.073776
Epoch 103/1250 - train 0.064371 - val 0.069566
Epoch 104/1250 - train 0.061124 - val 0.059631
Epoch 105/1250 - train 0.062209 - val 0.065250
Epoch 106/1250 - train 0.061849 - val 0.058246
Epoch 107/1250 - train 0.061990 - val 0.078066
Epoch 108/1250 - train 0.065128 - val 0.061677
Epoch 109/1250 - train 0.062840 - val 0.069251
Epoch 110/1250 - train 0.061853 - val 0.064971
Epoch 111/1250 - train 0.060426 - val 0.064759
Epoch 112/1250 - train 0.061477 - val 0.061707
Epoch 113/1250 - train 0.064033 - val 0.066617
Epoch 114/1250 - train 0.061713 - val 0.067685
Epoch 115/1250 - train 0.061376 - val 0.061726
Epoch 116/1250 - train 0.060429 - val 0.057211
Epoch 117/1250 - train 0.063002 - val 0.062765
Epoch 118/1250 - train 0.061942 - val 0.059877
Epoch 119/1250 - train 0.060447 - val 0.057728
Epoch 120/1250 - train 0.061079 - val 0.071237
Epoch 121/1250 - train 0.060206 - val 0.058975
Epoch 122/1250 - train 0.060751 - val 0.060849
Epoch 123/1250 - train 0.060241 - val 0.060141
Epoch 124/1250 - train 0.061470 - val 0.068434
Epoch 125/1250 - train 0.058949 - val 0.063736
Epoch 126/1250 - train 0.061837 - val 0.071410
Epoch 127/1250 - train 0.060101 - val 0.060235
Epoch 128/1250 - train 0.060925 - val 0.064768
Epoch 129/1250 - train 0.059185 - val 0.060648
Epoch 130/1250 - train 0.059209 - val 0.063792
Epoch 131/1250 - train 0.059603 - val 0.066078
Epoch 132/1250 - train 0.061752 - val 0.073522
Epoch 133/1250 - train 0.059486 - val 0.060045
Epoch 134/1250 - train 0.059390 - val 0.060080
Epoch 135/1250 - train 0.058772 - val 0.064068
Epoch 136/1250 - train 0.062314 - val 0.061932
Epoch 137/1250 - train 0.057748 - val 0.080934
Epoch 138/1250 - train 0.062517 - val 0.109435
Epoch 139/1250 - train 0.059954 - val 0.052630
Epoch 140/1250 - train 0.061612 - val 0.057146
Epoch 141/1250 - train 0.058736 - val 0.074999
Epoch 142/1250 - train 0.059581 - val 0.064749
Epoch 143/1250 - train 0.058423 - val 0.063508
Epoch 144/1250 - train 0.060842 - val 0.070223
Epoch 145/1250 - train 0.058677 - val 0.072278
Epoch 146/1250 - train 0.058739 - val 0.066648
Epoch 147/1250 - train 0.059031 - val 0.059300
Epoch 148/1250 - train 0.057879 - val 0.062237
Epoch 149/1250 - train 0.058062 - val 0.058268
Epoch 150/1250 - train 0.058550 - val 0.063869
Epoch 151/1250 - train 0.058273 - val 0.063308
Epoch 152/1250 - train 0.058656 - val 0.062775
Epoch 153/1250 - train 0.057787 - val 0.065081
Epoch 154/1250 - train 0.058642 - val 0.053722
Epoch 155/1250 - train 0.060978 - val 0.069859
Epoch 156/1250 - train 0.056958 - val 0.057950
Epoch 157/1250 - train 0.059912 - val 0.068812
Epoch 158/1250 - train 0.058973 - val 0.058188
Epoch 159/1250 - train 0.057671 - val 0.057853
Epoch 160/1250 - train 0.059340 - val 0.067606
Epoch 161/1250 - train 0.057464 - val 0.065491
Epoch 162/1250 - train 0.057800 - val 0.062832
Epoch 163/1250 - train 0.056996 - val 0.062556
Epoch 164/1250 - train 0.059826 - val 0.062142
Epoch 165/1250 - train 0.057303 - val 0.062873
Epoch 166/1250 - train 0.060653 - val 0.064635
Epoch 167/1250 - train 0.056866 - val 0.060204
Epoch 168/1250 - train 0.059155 - val 0.072347
Epoch 169/1250 - train 0.056721 - val 0.062420
Epoch 170/1250 - train 0.057473 - val 0.060483
Epoch 171/1250 - train 0.056738 - val 0.061975
Epoch 172/1250 - train 0.057310 - val 0.069239
Epoch 173/1250 - train 0.057718 - val 0.053284
Epoch 174/1250 - train 0.057068 - val 0.062423
Epoch 175/1250 - train 0.055782 - val 0.064145
Epoch 176/1250 - train 0.057526 - val 0.058938
Epoch 177/1250 - train 0.057771 - val 0.058304
Epoch 178/1250 - train 0.059408 - val 0.057824
Epoch 179/1250 - train 0.058012 - val 0.053387
Epoch 180/1250 - train 0.056798 - val 0.056414
Epoch 181/1250 - train 0.056961 - val 0.058154
Epoch 182/1250 - train 0.056640 - val 0.054838
Epoch 183/1250 - train 0.057428 - val 0.053779
Epoch 184/1250 - train 0.054984 - val 0.053026
Epoch 185/1250 - train 0.057650 - val 0.056754
Epoch 186/1250 - train 0.058165 - val 0.052366
Epoch 187/1250 - train 0.055200 - val 0.084279
Epoch 188/1250 - train 0.056514 - val 0.056988
Epoch 189/1250 - train 0.056045 - val 0.061284
Epoch 190/1250 - train 0.057525 - val 0.062651
Epoch 191/1250 - train 0.055572 - val 0.064021
Epoch 192/1250 - train 0.055526 - val 0.054005
Epoch 193/1250 - train 0.057355 - val 0.053001
Epoch 194/1250 - train 0.058780 - val 0.066237
Epoch 195/1250 - train 0.055566 - val 0.051238
Epoch 196/1250 - train 0.055347 - val 0.069824
Epoch 197/1250 - train 0.054423 - val 0.057596
Epoch 198/1250 - train 0.060639 - val 0.061659
Epoch 199/1250 - train 0.055418 - val 0.057176
Epoch 200/1250 - train 0.053734 - val 0.060849
Epoch 201/1250 - train 0.055174 - val 0.053127
Epoch 202/1250 - train 0.056762 - val 0.058420
Epoch 203/1250 - train 0.055159 - val 0.057235
Epoch 204/1250 - train 0.055372 - val 0.064715
Epoch 205/1250 - train 0.056842 - val 0.056349
Epoch 206/1250 - train 0.055800 - val 0.074039
Epoch 207/1250 - train 0.057083 - val 0.053488
Epoch 208/1250 - train 0.055667 - val 0.057281
Epoch 209/1250 - train 0.055681 - val 0.056202
Epoch 210/1250 - train 0.054630 - val 0.078773
Epoch 211/1250 - train 0.056326 - val 0.062037
Epoch 212/1250 - train 0.054440 - val 0.058052
Epoch 213/1250 - train 0.056687 - val 0.066935
Epoch 214/1250 - train 0.053924 - val 0.058741
Epoch 215/1250 - train 0.055942 - val 0.062409
Epoch 216/1250 - train 0.054372 - val 0.059004
Epoch 217/1250 - train 0.055687 - val 0.058935
Epoch 218/1250 - train 0.056234 - val 0.054359
Epoch 219/1250 - train 0.055699 - val 0.056044
Epoch 220/1250 - train 0.054277 - val 0.056252
Epoch 221/1250 - train 0.053186 - val 0.056473
Epoch 222/1250 - train 0.055153 - val 0.070585
Epoch 223/1250 - train 0.053408 - val 0.055328
Epoch 224/1250 - train 0.054694 - val 0.054338
Epoch 225/1250 - train 0.055938 - val 0.060764
Epoch 226/1250 - train 0.055329 - val 0.066035
Epoch 227/1250 - train 0.054736 - val 0.064450
Epoch 228/1250 - train 0.056416 - val 0.064771
Epoch 229/1250 - train 0.055121 - val 0.060279
Epoch 230/1250 - train 0.056541 - val 0.053560
Epoch 231/1250 - train 0.055231 - val 0.055711
Epoch 232/1250 - train 0.054988 - val 0.052498
Epoch 233/1250 - train 0.056195 - val 0.049656
Epoch 234/1250 - train 0.054384 - val 0.055105
Epoch 235/1250 - train 0.055709 - val 0.053060
Epoch 236/1250 - train 0.053195 - val 0.056003
Epoch 237/1250 - train 0.053163 - val 0.061396
Epoch 238/1250 - train 0.053694 - val 0.054374
Epoch 239/1250 - train 0.054617 - val 0.064664
Epoch 240/1250 - train 0.054747 - val 0.056592
Epoch 241/1250 - train 0.053413 - val 0.060614
Epoch 242/1250 - train 0.054780 - val 0.054119
Epoch 243/1250 - train 0.052986 - val 0.061416
Epoch 244/1250 - train 0.054597 - val 0.056775
Epoch 245/1250 - train 0.053586 - val 0.074249
Epoch 246/1250 - train 0.053508 - val 0.053228
Epoch 247/1250 - train 0.054715 - val 0.055702
Epoch 248/1250 - train 0.052799 - val 0.061668
Epoch 249/1250 - train 0.056592 - val 0.059488
Epoch 250/1250 - train 0.055182 - val 0.064162
Epoch 251/1250 - train 0.053231 - val 0.063746
Epoch 252/1250 - train 0.052285 - val 0.054791
Epoch 253/1250 - train 0.054225 - val 0.055649
Epoch 254/1250 - train 0.053840 - val 0.061021
Epoch 255/1250 - train 0.053387 - val 0.073644
Epoch 256/1250 - train 0.054592 - val 0.063797
Epoch 257/1250 - train 0.053914 - val 0.055711
Epoch 258/1250 - train 0.054411 - val 0.050845
Epoch 259/1250 - train 0.054725 - val 0.052713
Epoch 260/1250 - train 0.053485 - val 0.060313
Epoch 261/1250 - train 0.055205 - val 0.056540
Epoch 262/1250 - train 0.053711 - val 0.053587
Epoch 263/1250 - train 0.052841 - val 0.056691
Epoch 264/1250 - train 0.055046 - val 0.055604
Epoch 265/1250 - train 0.054006 - val 0.048662
Epoch 266/1250 - train 0.052016 - val 0.056300
Epoch 267/1250 - train 0.056502 - val 0.074569
Epoch 268/1250 - train 0.056361 - val 0.056018
Epoch 269/1250 - train 0.052605 - val 0.054028
Epoch 270/1250 - train 0.053229 - val 0.051435
Epoch 271/1250 - train 0.054308 - val 0.055573
Epoch 272/1250 - train 0.053953 - val 0.061723
Epoch 273/1250 - train 0.053572 - val 0.050659
Epoch 274/1250 - train 0.053154 - val 0.050156
Epoch 275/1250 - train 0.052992 - val 0.081504
Epoch 276/1250 - train 0.054120 - val 0.055333
Epoch 277/1250 - train 0.053713 - val 0.059217
Epoch 278/1250 - train 0.051995 - val 0.050376
Epoch 279/1250 - train 0.052164 - val 0.052012
Epoch 280/1250 - train 0.052710 - val 0.053693
Epoch 281/1250 - train 0.052507 - val 0.055126
Epoch 282/1250 - train 0.053345 - val 0.055261
Epoch 283/1250 - train 0.051566 - val 0.065810
Epoch 284/1250 - train 0.052519 - val 0.054814
Epoch 285/1250 - train 0.054136 - val 0.054870
Epoch 286/1250 - train 0.052419 - val 0.053246
Epoch 287/1250 - train 0.051054 - val 0.052710
Epoch 288/1250 - train 0.054691 - val 0.056479
Epoch 289/1250 - train 0.053938 - val 0.064680
Epoch 290/1250 - train 0.053067 - val 0.063501
Epoch 291/1250 - train 0.051195 - val 0.054354
Epoch 292/1250 - train 0.053141 - val 0.058863
Epoch 293/1250 - train 0.052645 - val 0.056770
Epoch 294/1250 - train 0.050247 - val 0.058093
Epoch 295/1250 - train 0.054928 - val 0.058002
Epoch 296/1250 - train 0.051954 - val 0.054580
Epoch 297/1250 - train 0.053598 - val 0.056470
Epoch 298/1250 - train 0.052249 - val 0.059683
Epoch 299/1250 - train 0.052847 - val 0.062102
Epoch 300/1250 - train 0.052401 - val 0.052273
Epoch 301/1250 - train 0.053628 - val 0.054392
Epoch 302/1250 - train 0.052062 - val 0.055821
Epoch 303/1250 - train 0.053844 - val 0.051999
Epoch 304/1250 - train 0.052496 - val 0.076547
Epoch 305/1250 - train 0.053167 - val 0.048367
Epoch 306/1250 - train 0.052319 - val 0.055506
Epoch 307/1250 - train 0.051797 - val 0.049280
Epoch 308/1250 - train 0.051861 - val 0.052050
Epoch 309/1250 - train 0.050771 - val 0.052429
Epoch 310/1250 - train 0.053601 - val 0.060040
Epoch 311/1250 - train 0.052820 - val 0.049840
Epoch 312/1250 - train 0.050179 - val 0.056724
Epoch 313/1250 - train 0.054546 - val 0.064879
Epoch 314/1250 - train 0.052866 - val 0.052440
Epoch 315/1250 - train 0.053344 - val 0.050860
Epoch 316/1250 - train 0.052930 - val 0.052697
Epoch 317/1250 - train 0.051572 - val 0.066945
Epoch 318/1250 - train 0.053709 - val 0.050912
Epoch 319/1250 - train 0.050131 - val 0.051965
Epoch 320/1250 - train 0.052517 - val 0.053299
Epoch 321/1250 - train 0.051117 - val 0.055060
Epoch 322/1250 - train 0.052450 - val 0.054052
Epoch 323/1250 - train 0.052886 - val 0.064907
Epoch 324/1250 - train 0.051415 - val 0.050198
Epoch 325/1250 - train 0.057435 - val 0.052294
Epoch 326/1250 - train 0.051121 - val 0.053501
Epoch 327/1250 - train 0.053298 - val 0.057363
Epoch 328/1250 - train 0.050903 - val 0.061344
Epoch 329/1250 - train 0.052330 - val 0.050922
Epoch 330/1250 - train 0.052815 - val 0.060548
Epoch 331/1250 - train 0.052059 - val 0.058361
Epoch 332/1250 - train 0.053218 - val 0.052498
Epoch 333/1250 - train 0.054312 - val 0.048125
Epoch 334/1250 - train 0.050472 - val 0.055116
Epoch 335/1250 - train 0.051948 - val 0.081554
Epoch 336/1250 - train 0.050421 - val 0.056013
Epoch 337/1250 - train 0.051940 - val 0.050519
Epoch 338/1250 - train 0.052845 - val 0.065258
Epoch 339/1250 - train 0.053414 - val 0.052337
Epoch 340/1250 - train 0.050428 - val 0.055306
Epoch 341/1250 - train 0.051320 - val 0.052792
Epoch 342/1250 - train 0.050036 - val 0.059898
Epoch 343/1250 - train 0.051186 - val 0.051684
Epoch 344/1250 - train 0.051106 - val 0.060604
Epoch 345/1250 - train 0.051736 - val 0.051084
Epoch 346/1250 - train 0.050594 - val 0.052982
Epoch 347/1250 - train 0.050169 - val 0.046154
Epoch 348/1250 - train 0.051259 - val 0.055198
Epoch 349/1250 - train 0.050490 - val 0.050992
Epoch 350/1250 - train 0.052082 - val 0.052608
Epoch 351/1250 - train 0.053569 - val 0.055495
Epoch 352/1250 - train 0.051511 - val 0.058094
Epoch 353/1250 - train 0.052362 - val 0.052222
Epoch 354/1250 - train 0.050663 - val 0.070226
Epoch 355/1250 - train 0.051000 - val 0.052237
Epoch 356/1250 - train 0.050783 - val 0.051154
Epoch 357/1250 - train 0.052961 - val 0.059822
Epoch 358/1250 - train 0.051984 - val 0.065418
Epoch 359/1250 - train 0.050081 - val 0.051354
Epoch 360/1250 - train 0.051597 - val 0.051276
Epoch 361/1250 - train 0.050230 - val 0.055700
Epoch 362/1250 - train 0.051738 - val 0.052995
Epoch 363/1250 - train 0.052481 - val 0.049342
Epoch 364/1250 - train 0.051424 - val 0.056950
Epoch 365/1250 - train 0.050706 - val 0.050916
Epoch 366/1250 - train 0.051398 - val 0.050026
Epoch 367/1250 - train 0.051364 - val 0.066871
Epoch 368/1250 - train 0.051929 - val 0.051636
Epoch 369/1250 - train 0.050105 - val 0.048474
Epoch 370/1250 - train 0.052434 - val 0.053553
Epoch 371/1250 - train 0.053059 - val 0.074507
Epoch 372/1250 - train 0.051760 - val 0.056114
Epoch 373/1250 - train 0.051653 - val 0.069585
Epoch 374/1250 - train 0.051213 - val 0.051272
Epoch 375/1250 - train 0.049619 - val 0.051082
Epoch 376/1250 - train 0.051788 - val 0.053543
Epoch 377/1250 - train 0.050960 - val 0.056166
Epoch 378/1250 - train 0.052016 - val 0.053938
Epoch 379/1250 - train 0.049535 - val 0.059735
Epoch 380/1250 - train 0.051741 - val 0.056014
Epoch 381/1250 - train 0.053071 - val 0.059422
Epoch 382/1250 - train 0.050784 - val 0.058615
Epoch 383/1250 - train 0.050874 - val 0.060805
Epoch 384/1250 - train 0.050534 - val 0.054615
Epoch 385/1250 - train 0.049502 - val 0.055918
Epoch 386/1250 - train 0.051332 - val 0.053632
Epoch 387/1250 - train 0.050997 - val 0.052668
Epoch 388/1250 - train 0.051420 - val 0.054000
Epoch 389/1250 - train 0.050223 - val 0.051909
Epoch 390/1250 - train 0.050955 - val 0.051565
Epoch 391/1250 - train 0.050747 - val 0.052031
Epoch 392/1250 - train 0.050729 - val 0.051231
Epoch 393/1250 - train 0.050563 - val 0.053055
Epoch 394/1250 - train 0.050687 - val 0.057102
Epoch 395/1250 - train 0.049626 - val 0.047448
Epoch 396/1250 - train 0.051048 - val 0.050719
Epoch 397/1250 - train 0.050410 - val 0.052831
Epoch 398/1250 - train 0.049609 - val 0.046329
Epoch 399/1250 - train 0.050986 - val 0.049675
Epoch 400/1250 - train 0.051329 - val 0.083734
Epoch 401/1250 - train 0.051975 - val 0.053220
Epoch 402/1250 - train 0.051474 - val 0.058030
Epoch 403/1250 - train 0.050675 - val 0.056339
Epoch 404/1250 - train 0.051624 - val 0.059374
Epoch 405/1250 - train 0.049584 - val 0.050340
Epoch 406/1250 - train 0.052146 - val 0.045514
Epoch 407/1250 - train 0.052470 - val 0.057237
Epoch 408/1250 - train 0.050862 - val 0.059025
Epoch 409/1250 - train 0.050801 - val 0.051489
Epoch 410/1250 - train 0.050784 - val 0.048278
Epoch 411/1250 - train 0.049630 - val 0.050587
Epoch 412/1250 - train 0.054727 - val 0.048906
Epoch 413/1250 - train 0.051336 - val 0.053917
Epoch 414/1250 - train 0.050867 - val 0.049889
Epoch 415/1250 - train 0.051409 - val 0.065936
Epoch 416/1250 - train 0.050749 - val 0.055761
Epoch 417/1250 - train 0.050964 - val 0.051232
Epoch 418/1250 - train 0.051418 - val 0.055623
Epoch 419/1250 - train 0.049622 - val 0.051231
Epoch 420/1250 - train 0.051067 - val 0.052562
Epoch 421/1250 - train 0.050302 - val 0.054360
Epoch 422/1250 - train 0.048920 - val 0.048845
Epoch 423/1250 - train 0.050490 - val 0.051147
Epoch 424/1250 - train 0.052187 - val 0.051722
Epoch 425/1250 - train 0.050369 - val 0.056383
Epoch 426/1250 - train 0.049456 - val 0.055690
Epoch 427/1250 - train 0.050719 - val 0.053348
Epoch 428/1250 - train 0.048325 - val 0.049905
Epoch 429/1250 - train 0.049795 - val 0.051738
Epoch 430/1250 - train 0.053041 - val 0.062178
Epoch 431/1250 - train 0.054201 - val 0.059894
Epoch 432/1250 - train 0.052304 - val 0.064580
Epoch 433/1250 - train 0.050935 - val 0.047010
Epoch 434/1250 - train 0.050402 - val 0.068993
Epoch 435/1250 - train 0.049603 - val 0.052775
Epoch 436/1250 - train 0.051184 - val 0.057166
Epoch 437/1250 - train 0.050166 - val 0.052088
Epoch 438/1250 - train 0.048647 - val 0.054582
Epoch 439/1250 - train 0.049533 - val 0.072937
Epoch 440/1250 - train 0.050487 - val 0.047988
Epoch 441/1250 - train 0.050612 - val 0.055386
Epoch 442/1250 - train 0.051548 - val 0.057095
Epoch 443/1250 - train 0.049891 - val 0.052187
Epoch 444/1250 - train 0.050713 - val 0.051442
Epoch 445/1250 - train 0.048757 - val 0.063182
Epoch 446/1250 - train 0.051449 - val 0.057807
Epoch 447/1250 - train 0.051717 - val 0.044570
Epoch 448/1250 - train 0.049148 - val 0.052633
Epoch 449/1250 - train 0.049324 - val 0.060143
Epoch 450/1250 - train 0.049713 - val 0.050947
Epoch 451/1250 - train 0.050300 - val 0.057393
Epoch 452/1250 - train 0.051807 - val 0.048109
Epoch 453/1250 - train 0.049011 - val 0.054390
Epoch 454/1250 - train 0.050440 - val 0.090344
Epoch 455/1250 - train 0.051317 - val 0.060525
Epoch 456/1250 - train 0.049261 - val 0.048179
Epoch 457/1250 - train 0.051361 - val 0.055920
Epoch 458/1250 - train 0.052095 - val 0.053526
Epoch 459/1250 - train 0.049546 - val 0.051550
Epoch 460/1250 - train 0.050489 - val 0.047921
Epoch 461/1250 - train 0.049932 - val 0.050731
Epoch 462/1250 - train 0.049912 - val 0.048074
Epoch 463/1250 - train 0.050078 - val 0.052657
Epoch 464/1250 - train 0.051846 - val 0.050184
Epoch 465/1250 - train 0.048898 - val 0.048134
Epoch 466/1250 - train 0.048734 - val 0.046257
Epoch 467/1250 - train 0.051562 - val 0.058067
Epoch 468/1250 - train 0.048984 - val 0.047450
Epoch 469/1250 - train 0.050518 - val 0.052425
Epoch 470/1250 - train 0.049425 - val 0.046382
Epoch 471/1250 - train 0.050102 - val 0.046555
Epoch 472/1250 - train 0.051530 - val 0.049072
Epoch 473/1250 - train 0.050216 - val 0.051319
Epoch 474/1250 - train 0.048528 - val 0.049529
Epoch 475/1250 - train 0.049768 - val 0.052820
Epoch 476/1250 - train 0.049932 - val 0.046564
Epoch 477/1250 - train 0.049760 - val 0.050578
Epoch 478/1250 - train 0.050258 - val 0.047267
Epoch 479/1250 - train 0.050441 - val 0.071263
Epoch 480/1250 - train 0.048973 - val 0.052168
Epoch 481/1250 - train 0.053538 - val 0.066696
Epoch 482/1250 - train 0.050953 - val 0.055667
Epoch 483/1250 - train 0.049369 - val 0.060585
Epoch 484/1250 - train 0.049281 - val 0.047587
Epoch 485/1250 - train 0.049740 - val 0.046351
Epoch 486/1250 - train 0.050073 - val 0.063177
Epoch 487/1250 - train 0.048450 - val 0.052360
Epoch 488/1250 - train 0.050966 - val 0.053120
Epoch 489/1250 - train 0.049334 - val 0.047832
Epoch 490/1250 - train 0.048227 - val 0.047910
Epoch 491/1250 - train 0.052669 - val 0.062003
Epoch 492/1250 - train 0.048626 - val 0.049610
Epoch 493/1250 - train 0.048782 - val 0.057904
Epoch 494/1250 - train 0.050903 - val 0.059041
Epoch 495/1250 - train 0.051686 - val 0.060418
Epoch 496/1250 - train 0.050171 - val 0.053240
Epoch 497/1250 - train 0.048566 - val 0.051768
Epoch 498/1250 - train 0.050785 - val 0.049388
Epoch 499/1250 - train 0.048868 - val 0.048254
Epoch 500/1250 - train 0.049058 - val 0.050351
Epoch 501/1250 - train 0.051370 - val 0.055921
Epoch 502/1250 - train 0.050266 - val 0.050462
Epoch 503/1250 - train 0.048339 - val 0.066458
Epoch 504/1250 - train 0.050006 - val 0.047207
Epoch 505/1250 - train 0.049634 - val 0.059985
Epoch 506/1250 - train 0.049147 - val 0.050856
Epoch 507/1250 - train 0.049975 - val 0.051442
Epoch 508/1250 - train 0.049341 - val 0.046480
Epoch 509/1250 - train 0.050218 - val 0.044884
Epoch 510/1250 - train 0.050882 - val 0.051590
Epoch 511/1250 - train 0.050368 - val 0.056800
Epoch 512/1250 - train 0.048958 - val 0.045427
Epoch 513/1250 - train 0.050407 - val 0.052249
Epoch 514/1250 - train 0.049123 - val 0.059498
Epoch 515/1250 - train 0.050866 - val 0.059800
Epoch 516/1250 - train 0.049523 - val 0.059255
Epoch 517/1250 - train 0.048914 - val 0.054624
Epoch 518/1250 - train 0.049994 - val 0.049262
Epoch 519/1250 - train 0.049100 - val 0.054815
Epoch 520/1250 - train 0.050893 - val 0.056991
Epoch 521/1250 - train 0.047771 - val 0.051831
Epoch 522/1250 - train 0.047991 - val 0.048667
Epoch 523/1250 - train 0.050021 - val 0.046025
Epoch 524/1250 - train 0.050074 - val 0.057893
Epoch 525/1250 - train 0.048866 - val 0.051928
Epoch 526/1250 - train 0.050285 - val 0.049246
Epoch 527/1250 - train 0.048524 - val 0.072309
Epoch 528/1250 - train 0.049093 - val 0.043353
Epoch 529/1250 - train 0.049476 - val 0.047468
Epoch 530/1250 - train 0.048314 - val 0.048829
Epoch 531/1250 - train 0.049429 - val 0.056636
Epoch 532/1250 - train 0.050131 - val 0.050385
Epoch 533/1250 - train 0.050398 - val 0.053720
Epoch 534/1250 - train 0.049454 - val 0.044372
Epoch 535/1250 - train 0.048534 - val 0.052128
Epoch 536/1250 - train 0.051795 - val 0.051296
Epoch 537/1250 - train 0.048743 - val 0.048960
Epoch 538/1250 - train 0.048342 - val 0.045162
Epoch 539/1250 - train 0.050178 - val 0.060869
Epoch 540/1250 - train 0.049519 - val 0.046744
Epoch 541/1250 - train 0.050462 - val 0.058941
Epoch 542/1250 - train 0.048208 - val 0.048638
Epoch 543/1250 - train 0.049242 - val 0.047894
Epoch 544/1250 - train 0.051820 - val 0.051961
Epoch 545/1250 - train 0.047030 - val 0.055975
Epoch 546/1250 - train 0.051172 - val 0.047721
Epoch 547/1250 - train 0.048356 - val 0.053288
Epoch 548/1250 - train 0.049431 - val 0.046479
Epoch 549/1250 - train 0.049455 - val 0.054098
Epoch 550/1250 - train 0.047478 - val 0.050282
Epoch 551/1250 - train 0.050271 - val 0.047419
Epoch 552/1250 - train 0.049407 - val 0.073228
Epoch 553/1250 - train 0.049239 - val 0.044192
Epoch 554/1250 - train 0.047642 - val 0.045037
Epoch 555/1250 - train 0.048308 - val 0.054798
Epoch 556/1250 - train 0.049213 - val 0.045957
Epoch 557/1250 - train 0.050500 - val 0.053522
Epoch 558/1250 - train 0.050931 - val 0.059109
Epoch 559/1250 - train 0.049785 - val 0.053465
Epoch 560/1250 - train 0.049116 - val 0.050385
Epoch 561/1250 - train 0.050380 - val 0.051005
Epoch 562/1250 - train 0.050527 - val 0.053600
Epoch 563/1250 - train 0.046401 - val 0.057257
Epoch 564/1250 - train 0.050486 - val 0.059664
Epoch 565/1250 - train 0.049294 - val 0.053233
Epoch 566/1250 - train 0.049269 - val 0.048763
Epoch 567/1250 - train 0.050551 - val 0.047341
Epoch 568/1250 - train 0.049507 - val 0.051338
Epoch 569/1250 - train 0.048603 - val 0.049715
Epoch 570/1250 - train 0.049808 - val 0.054052
Epoch 571/1250 - train 0.048900 - val 0.048979
Epoch 572/1250 - train 0.048833 - val 0.059016
Epoch 573/1250 - train 0.048738 - val 0.052201
Epoch 574/1250 - train 0.051284 - val 0.056683
Epoch 575/1250 - train 0.049120 - val 0.054990
Epoch 576/1250 - train 0.049861 - val 0.056656
Epoch 577/1250 - train 0.049149 - val 0.051844
Epoch 578/1250 - train 0.049451 - val 0.061535
Epoch 579/1250 - train 0.047283 - val 0.066420
Epoch 580/1250 - train 0.051928 - val 0.048752
Epoch 581/1250 - train 0.047865 - val 0.061084
Epoch 582/1250 - train 0.049032 - val 0.050531
Epoch 583/1250 - train 0.050500 - val 0.050100
Epoch 584/1250 - train 0.049661 - val 0.048218
Epoch 585/1250 - train 0.048097 - val 0.048307
Epoch 586/1250 - train 0.047667 - val 0.052990
Epoch 587/1250 - train 0.049926 - val 0.071349
Epoch 588/1250 - train 0.050388 - val 0.048596
Epoch 589/1250 - train 0.047650 - val 0.055451
Epoch 590/1250 - train 0.050630 - val 0.049047
Epoch 591/1250 - train 0.050342 - val 0.057112
Epoch 592/1250 - train 0.047609 - val 0.061219
Epoch 593/1250 - train 0.049180 - val 0.054008
Epoch 594/1250 - train 0.048991 - val 0.047066
Epoch 595/1250 - train 0.048542 - val 0.053803
Epoch 596/1250 - train 0.047972 - val 0.049459
Epoch 597/1250 - train 0.050112 - val 0.043255
Epoch 598/1250 - train 0.049925 - val 0.053389
Epoch 599/1250 - train 0.050281 - val 0.058929
Epoch 600/1250 - train 0.049168 - val 0.050265
Epoch 601/1250 - train 0.050906 - val 0.046829
Epoch 602/1250 - train 0.047518 - val 0.052983
Epoch 603/1250 - train 0.048902 - val 0.050730
Epoch 604/1250 - train 0.050312 - val 0.057159
Epoch 605/1250 - train 0.049458 - val 0.046575
Epoch 606/1250 - train 0.047925 - val 0.049726
Epoch 607/1250 - train 0.049178 - val 0.050657
Epoch 608/1250 - train 0.048610 - val 0.046344
Epoch 609/1250 - train 0.049053 - val 0.059564
Epoch 610/1250 - train 0.047739 - val 0.050504
Epoch 611/1250 - train 0.048394 - val 0.048781
Epoch 612/1250 - train 0.051182 - val 0.049342
Epoch 613/1250 - train 0.050841 - val 0.050807
Epoch 614/1250 - train 0.048287 - val 0.050668
Epoch 615/1250 - train 0.049460 - val 0.072119
Epoch 616/1250 - train 0.049848 - val 0.050830
Epoch 617/1250 - train 0.046073 - val 0.056682
Epoch 618/1250 - train 0.049073 - val 0.049012
Epoch 619/1250 - train 0.047912 - val 0.052948
Epoch 620/1250 - train 0.048086 - val 0.047721
Epoch 621/1250 - train 0.049211 - val 0.053926
Epoch 622/1250 - train 0.052848 - val 0.044808
Epoch 623/1250 - train 0.048383 - val 0.050690
Epoch 624/1250 - train 0.047428 - val 0.049844
Epoch 625/1250 - train 0.050621 - val 0.053079
Epoch 626/1250 - train 0.049604 - val 0.049263
Epoch 627/1250 - train 0.047501 - val 0.052797
Epoch 628/1250 - train 0.050224 - val 0.051204
Epoch 629/1250 - train 0.049886 - val 0.047404
Epoch 630/1250 - train 0.048499 - val 0.088370
Epoch 631/1250 - train 0.048956 - val 0.051678
Epoch 632/1250 - train 0.050402 - val 0.056982
Epoch 633/1250 - train 0.050377 - val 0.066851
Epoch 634/1250 - train 0.049982 - val 0.048511
Epoch 635/1250 - train 0.048703 - val 0.048131
Epoch 636/1250 - train 0.046455 - val 0.047068
Epoch 637/1250 - train 0.050033 - val 0.048410
Epoch 638/1250 - train 0.048053 - val 0.050731
Epoch 639/1250 - train 0.049248 - val 0.051054
Epoch 640/1250 - train 0.047008 - val 0.043385
Epoch 641/1250 - train 0.049116 - val 0.049279
Epoch 642/1250 - train 0.049104 - val 0.049608
Epoch 643/1250 - train 0.048924 - val 0.049585
Epoch 644/1250 - train 0.048450 - val 0.043174
Epoch 645/1250 - train 0.048943 - val 0.054684
Epoch 646/1250 - train 0.047734 - val 0.044502
Epoch 647/1250 - train 0.047551 - val 0.050079
Epoch 648/1250 - train 0.048291 - val 0.065503
Epoch 649/1250 - train 0.050080 - val 0.050513
Epoch 650/1250 - train 0.049326 - val 0.059798
Epoch 651/1250 - train 0.051701 - val 0.055899
Epoch 652/1250 - train 0.048182 - val 0.056529
Epoch 653/1250 - train 0.048605 - val 0.059366
Epoch 654/1250 - train 0.047472 - val 0.056483
Epoch 655/1250 - train 0.048206 - val 0.046866
Epoch 656/1250 - train 0.049448 - val 0.055300
Epoch 657/1250 - train 0.049371 - val 0.048620
Epoch 658/1250 - train 0.048510 - val 0.053811
Epoch 659/1250 - train 0.047551 - val 0.044283
Epoch 660/1250 - train 0.048037 - val 0.057614
Epoch 661/1250 - train 0.049078 - val 0.045646
Epoch 662/1250 - train 0.049280 - val 0.051280
Epoch 663/1250 - train 0.049775 - val 0.051706
Epoch 664/1250 - train 0.048647 - val 0.054462
Epoch 665/1250 - train 0.049187 - val 0.050176
Epoch 666/1250 - train 0.048515 - val 0.051239
Epoch 667/1250 - train 0.047525 - val 0.058143
Epoch 668/1250 - train 0.049103 - val 0.049920
Epoch 669/1250 - train 0.050779 - val 0.067001
Epoch 670/1250 - train 0.046838 - val 0.046703
Epoch 671/1250 - train 0.048210 - val 0.047861
Epoch 672/1250 - train 0.048146 - val 0.045862
Epoch 673/1250 - train 0.051894 - val 0.043598
Epoch 674/1250 - train 0.046588 - val 0.056332
Epoch 675/1250 - train 0.051541 - val 0.055203
Epoch 676/1250 - train 0.048710 - val 0.064495
Epoch 677/1250 - train 0.049018 - val 0.054920
Epoch 678/1250 - train 0.048834 - val 0.043945
Epoch 679/1250 - train 0.047957 - val 0.054045
Epoch 680/1250 - train 0.054214 - val 0.064230
Epoch 681/1250 - train 0.049942 - val 0.052321
Epoch 682/1250 - train 0.049694 - val 0.046548
Epoch 683/1250 - train 0.047639 - val 0.055456
Epoch 684/1250 - train 0.049323 - val 0.058399
Epoch 685/1250 - train 0.048109 - val 0.046331
Epoch 686/1250 - train 0.048383 - val 0.050801
Epoch 687/1250 - train 0.050342 - val 0.051866
Epoch 688/1250 - train 0.047277 - val 0.046581
Epoch 689/1250 - train 0.047980 - val 0.054748
Epoch 690/1250 - train 0.048423 - val 0.056585
Epoch 691/1250 - train 0.048841 - val 0.054834
Epoch 692/1250 - train 0.048809 - val 0.048796
Epoch 693/1250 - train 0.049299 - val 0.047323
Epoch 694/1250 - train 0.047363 - val 0.054470
Epoch 695/1250 - train 0.048215 - val 0.058323
Epoch 696/1250 - train 0.049216 - val 0.050757
Epoch 697/1250 - train 0.048408 - val 0.075908
Epoch 698/1250 - train 0.049583 - val 0.054685
Epoch 699/1250 - train 0.050783 - val 0.062848
Epoch 700/1250 - train 0.047935 - val 0.047898
Epoch 701/1250 - train 0.048583 - val 0.049667
Epoch 702/1250 - train 0.050336 - val 0.051846
Epoch 703/1250 - train 0.047947 - val 0.051730
Epoch 704/1250 - train 0.048097 - val 0.054008
Epoch 705/1250 - train 0.047131 - val 0.047627
Epoch 706/1250 - train 0.047379 - val 0.051430
Epoch 707/1250 - train 0.050181 - val 0.056028
Epoch 708/1250 - train 0.047302 - val 0.051940
Epoch 709/1250 - train 0.048686 - val 0.053460
Epoch 710/1250 - train 0.048059 - val 0.046767
Epoch 711/1250 - train 0.047796 - val 0.053284
Epoch 712/1250 - train 0.047852 - val 0.044554
Epoch 713/1250 - train 0.049003 - val 0.052965
Epoch 714/1250 - train 0.047737 - val 0.047379
Epoch 715/1250 - train 0.048310 - val 0.047055
Epoch 716/1250 - train 0.047918 - val 0.051878
Epoch 717/1250 - train 0.048047 - val 0.045589
Epoch 718/1250 - train 0.047677 - val 0.045078
Epoch 719/1250 - train 0.049772 - val 0.048405
Epoch 720/1250 - train 0.048190 - val 0.065143
Epoch 721/1250 - train 0.049026 - val 0.047011
Epoch 722/1250 - train 0.048434 - val 0.051360
Epoch 723/1250 - train 0.046287 - val 0.049869
Epoch 724/1250 - train 0.048453 - val 0.046056
Epoch 725/1250 - train 0.050088 - val 0.051802
Epoch 726/1250 - train 0.045684 - val 0.046245
Epoch 727/1250 - train 0.048412 - val 0.048344
Epoch 728/1250 - train 0.049499 - val 0.052246
Epoch 729/1250 - train 0.048602 - val 0.060608
Epoch 730/1250 - train 0.049467 - val 0.060030
Epoch 731/1250 - train 0.047380 - val 0.047702
Epoch 732/1250 - train 0.047009 - val 0.047674
Epoch 733/1250 - train 0.049462 - val 0.048657
Epoch 734/1250 - train 0.048425 - val 0.057713
Epoch 735/1250 - train 0.047930 - val 0.052838
Epoch 736/1250 - train 0.047150 - val 0.048151
Epoch 737/1250 - train 0.049414 - val 0.053090
Epoch 738/1250 - train 0.048434 - val 0.051324
Epoch 739/1250 - train 0.046897 - val 0.052772
Epoch 740/1250 - train 0.046888 - val 0.054313
Epoch 741/1250 - train 0.049093 - val 0.063326
Epoch 742/1250 - train 0.048048 - val 0.048579
Epoch 743/1250 - train 0.047302 - val 0.060453
Epoch 744/1250 - train 0.048565 - val 0.045476
Epoch 745/1250 - train 0.047301 - val 0.073819
Epoch 746/1250 - train 0.049344 - val 0.053838
Epoch 747/1250 - train 0.050871 - val 0.049403
Epoch 748/1250 - train 0.045983 - val 0.045534
Epoch 749/1250 - train 0.048537 - val 0.068334
Epoch 750/1250 - train 0.048462 - val 0.066656
Epoch 751/1250 - train 0.048086 - val 0.050976
Epoch 752/1250 - train 0.049048 - val 0.056905
Epoch 753/1250 - train 0.047662 - val 0.052800
Epoch 754/1250 - train 0.050536 - val 0.049993
Epoch 755/1250 - train 0.047910 - val 0.056650
Epoch 756/1250 - train 0.047759 - val 0.051758
Epoch 757/1250 - train 0.048507 - val 0.052447
Epoch 758/1250 - train 0.045643 - val 0.063809
Epoch 759/1250 - train 0.049510 - val 0.062855
Epoch 760/1250 - train 0.048114 - val 0.051767
Epoch 761/1250 - train 0.046937 - val 0.046630
Epoch 762/1250 - train 0.047687 - val 0.053466
Epoch 763/1250 - train 0.051828 - val 0.048342
Epoch 764/1250 - train 0.048568 - val 0.047154
Epoch 765/1250 - train 0.045661 - val 0.046107
Epoch 766/1250 - train 0.047440 - val 0.053522
Epoch 767/1250 - train 0.049938 - val 0.047516
Epoch 768/1250 - train 0.047482 - val 0.051205
Epoch 769/1250 - train 0.046285 - val 0.046288
Epoch 770/1250 - train 0.050843 - val 0.049924
Epoch 771/1250 - train 0.047919 - val 0.046400
Epoch 772/1250 - train 0.048470 - val 0.050055
Epoch 773/1250 - train 0.048970 - val 0.066392
Epoch 774/1250 - train 0.047247 - val 0.049341
Epoch 775/1250 - train 0.049390 - val 0.049579
Epoch 776/1250 - train 0.048671 - val 0.047890
Epoch 777/1250 - train 0.049040 - val 0.052371
Epoch 778/1250 - train 0.046637 - val 0.067999
Epoch 779/1250 - train 0.050484 - val 0.047524
Epoch 780/1250 - train 0.047582 - val 0.047858
Epoch 781/1250 - train 0.048512 - val 0.060341
Epoch 782/1250 - train 0.047301 - val 0.048688
Epoch 783/1250 - train 0.048753 - val 0.047562
Epoch 784/1250 - train 0.046800 - val 0.044224
Epoch 785/1250 - train 0.046843 - val 0.061645
Epoch 786/1250 - train 0.048220 - val 0.048431
Epoch 787/1250 - train 0.049576 - val 0.077653
Epoch 788/1250 - train 0.048630 - val 0.055998
Epoch 789/1250 - train 0.048022 - val 0.045389
Epoch 790/1250 - train 0.049491 - val 0.047055
Epoch 791/1250 - train 0.047668 - val 0.054115
Epoch 792/1250 - train 0.049353 - val 0.050600
Epoch 793/1250 - train 0.048195 - val 0.064259
Epoch 794/1250 - train 0.048780 - val 0.044668
Epoch 795/1250 - train 0.048409 - val 0.051799
Epoch 796/1250 - train 0.047016 - val 0.055959
Epoch 797/1250 - train 0.047730 - val 0.053054
Epoch 798/1250 - train 0.047387 - val 0.048535
Epoch 799/1250 - train 0.048794 - val 0.047586
Epoch 800/1250 - train 0.049324 - val 0.048979
Epoch 801/1250 - train 0.047664 - val 0.054520
Epoch 802/1250 - train 0.046799 - val 0.044762
Epoch 803/1250 - train 0.048010 - val 0.049300
Epoch 804/1250 - train 0.047694 - val 0.049847
Epoch 805/1250 - train 0.046914 - val 0.071681
Epoch 806/1250 - train 0.047861 - val 0.051138
Epoch 807/1250 - train 0.049581 - val 0.054475
Epoch 808/1250 - train 0.047298 - val 0.050592
Epoch 809/1250 - train 0.049444 - val 0.048212
Epoch 810/1250 - train 0.048411 - val 0.049400
Epoch 811/1250 - train 0.047484 - val 0.049158
Epoch 812/1250 - train 0.048871 - val 0.045542
Epoch 813/1250 - train 0.046391 - val 0.051331
Epoch 814/1250 - train 0.048377 - val 0.050713
Epoch 815/1250 - train 0.046969 - val 0.049690
Epoch 816/1250 - train 0.047282 - val 0.052910
Epoch 817/1250 - train 0.048704 - val 0.053184
Epoch 818/1250 - train 0.048391 - val 0.048048
Epoch 819/1250 - train 0.046796 - val 0.055786
Epoch 820/1250 - train 0.047285 - val 0.046351
Epoch 821/1250 - train 0.047368 - val 0.051298
Epoch 822/1250 - train 0.049153 - val 0.043571
Epoch 823/1250 - train 0.047647 - val 0.051533
Epoch 824/1250 - train 0.047556 - val 0.046708
Epoch 825/1250 - train 0.049643 - val 0.053701
Epoch 826/1250 - train 0.050391 - val 0.051038
Epoch 827/1250 - train 0.046598 - val 0.046398
Epoch 828/1250 - train 0.046579 - val 0.055854
Epoch 829/1250 - train 0.049619 - val 0.054906
Epoch 830/1250 - train 0.047410 - val 0.054476
Epoch 831/1250 - train 0.048263 - val 0.045063
Epoch 832/1250 - train 0.047511 - val 0.049019
Epoch 833/1250 - train 0.047934 - val 0.050593
Epoch 834/1250 - train 0.048525 - val 0.055205
Epoch 835/1250 - train 0.047528 - val 0.048248
Epoch 836/1250 - train 0.046985 - val 0.051087
Epoch 837/1250 - train 0.047126 - val 0.057251
Epoch 838/1250 - train 0.049130 - val 0.060977
Epoch 839/1250 - train 0.046717 - val 0.052580
Epoch 840/1250 - train 0.050042 - val 0.053489
Epoch 841/1250 - train 0.049061 - val 0.056793
Epoch 842/1250 - train 0.047201 - val 0.043895
Epoch 843/1250 - train 0.048846 - val 0.061784
Epoch 844/1250 - train 0.045882 - val 0.045403
Epoch 845/1250 - train 0.048622 - val 0.052496
Epoch 846/1250 - train 0.048235 - val 0.048702
Epoch 847/1250 - train 0.047131 - val 0.049821
Epoch 848/1250 - train 0.046479 - val 0.106391
Epoch 849/1250 - train 0.048234 - val 0.046762
Epoch 850/1250 - train 0.048078 - val 0.051582
Epoch 851/1250 - train 0.048303 - val 0.049186
Epoch 852/1250 - train 0.047261 - val 0.046868
Epoch 853/1250 - train 0.047366 - val 0.058242
Epoch 854/1250 - train 0.047436 - val 0.055591
Epoch 855/1250 - train 0.047942 - val 0.057125
Epoch 856/1250 - train 0.049528 - val 0.047025
Epoch 857/1250 - train 0.047746 - val 0.052909
Epoch 858/1250 - train 0.050187 - val 0.062750
Epoch 859/1250 - train 0.045948 - val 0.077974
Epoch 860/1250 - train 0.048633 - val 0.057362
Epoch 861/1250 - train 0.048835 - val 0.053832
Epoch 862/1250 - train 0.047443 - val 0.069985
Epoch 863/1250 - train 0.050550 - val 0.043840
Epoch 864/1250 - train 0.046479 - val 0.044744
Epoch 865/1250 - train 0.050755 - val 0.050610
Epoch 866/1250 - train 0.047230 - val 0.049308
Epoch 867/1250 - train 0.046834 - val 0.055682
Epoch 868/1250 - train 0.048736 - val 0.044059
Epoch 869/1250 - train 0.047788 - val 0.052073
Epoch 870/1250 - train 0.048198 - val 0.060280
Epoch 871/1250 - train 0.048525 - val 0.050532
Epoch 872/1250 - train 0.048540 - val 0.041170
Epoch 873/1250 - train 0.048867 - val 0.047594
Epoch 874/1250 - train 0.045952 - val 0.050575
Epoch 875/1250 - train 0.048645 - val 0.055257
Epoch 876/1250 - train 0.047244 - val 0.043206
Epoch 877/1250 - train 0.049499 - val 0.055951
Epoch 878/1250 - train 0.046615 - val 0.047659
Epoch 879/1250 - train 0.045778 - val 0.051925
Epoch 880/1250 - train 0.048456 - val 0.046198
Epoch 881/1250 - train 0.047860 - val 0.048797
Epoch 882/1250 - train 0.047392 - val 0.045386
Epoch 883/1250 - train 0.048223 - val 0.061029
Epoch 884/1250 - train 0.048734 - val 0.044792
Epoch 885/1250 - train 0.048158 - val 0.073462
Epoch 886/1250 - train 0.047061 - val 0.060064
Epoch 887/1250 - train 0.049497 - val 0.057624
Epoch 888/1250 - train 0.047880 - val 0.047488
Epoch 889/1250 - train 0.046854 - val 0.052502
Epoch 890/1250 - train 0.050368 - val 0.054217
Epoch 891/1250 - train 0.048493 - val 0.054346
Epoch 892/1250 - train 0.047335 - val 0.059012
Epoch 893/1250 - train 0.046009 - val 0.046707
Epoch 894/1250 - train 0.048740 - val 0.066055
Epoch 895/1250 - train 0.048101 - val 0.048295
Epoch 896/1250 - train 0.048049 - val 0.052791
Epoch 897/1250 - train 0.048520 - val 0.054790
Epoch 898/1250 - train 0.047593 - val 0.057236
Epoch 899/1250 - train 0.045697 - val 0.045574
Epoch 900/1250 - train 0.049133 - val 0.050275
Epoch 901/1250 - train 0.046424 - val 0.043793
Epoch 902/1250 - train 0.048537 - val 0.057510
Epoch 903/1250 - train 0.047198 - val 0.051758
Epoch 904/1250 - train 0.048890 - val 0.043451
Epoch 905/1250 - train 0.049565 - val 0.066537
Epoch 906/1250 - train 0.047645 - val 0.048572
Epoch 907/1250 - train 0.047701 - val 0.049984
Epoch 908/1250 - train 0.047286 - val 0.055739
Epoch 909/1250 - train 0.050347 - val 0.071311
Epoch 910/1250 - train 0.047111 - val 0.044761
Epoch 911/1250 - train 0.046065 - val 0.053727
Epoch 912/1250 - train 0.047771 - val 0.057760
Epoch 913/1250 - train 0.047233 - val 0.054421
Epoch 914/1250 - train 0.047991 - val 0.062338
Epoch 915/1250 - train 0.046918 - val 0.049473
Epoch 916/1250 - train 0.046486 - val 0.058016
Epoch 917/1250 - train 0.047543 - val 0.053683
Epoch 918/1250 - train 0.047482 - val 0.046937
Epoch 919/1250 - train 0.050940 - val 0.046974
Epoch 920/1250 - train 0.047581 - val 0.049586
Epoch 921/1250 - train 0.048460 - val 0.052562
Epoch 922/1250 - train 0.047495 - val 0.065431
Epoch 923/1250 - train 0.047599 - val 0.044944
Epoch 924/1250 - train 0.046953 - val 0.053758
Epoch 925/1250 - train 0.047300 - val 0.051424
Epoch 926/1250 - train 0.047210 - val 0.049767
Epoch 927/1250 - train 0.047355 - val 0.046998
Epoch 928/1250 - train 0.046131 - val 0.061074
Epoch 929/1250 - train 0.048060 - val 0.047571
Epoch 930/1250 - train 0.047205 - val 0.051776
Epoch 931/1250 - train 0.047496 - val 0.048292
Epoch 932/1250 - train 0.046813 - val 0.046918
Epoch 933/1250 - train 0.050613 - val 0.049460
Epoch 934/1250 - train 0.047273 - val 0.051802
Epoch 935/1250 - train 0.048325 - val 0.049377
Epoch 936/1250 - train 0.046185 - val 0.049426
Epoch 937/1250 - train 0.048439 - val 0.047040
Epoch 938/1250 - train 0.046354 - val 0.055095
Epoch 939/1250 - train 0.046654 - val 0.045530
Epoch 940/1250 - train 0.047944 - val 0.043747
Epoch 941/1250 - train 0.045855 - val 0.047393
Epoch 942/1250 - train 0.048357 - val 0.053619
Epoch 943/1250 - train 0.048763 - val 0.045044
Epoch 944/1250 - train 0.048336 - val 0.048523
Epoch 945/1250 - train 0.047380 - val 0.051599
Epoch 946/1250 - train 0.048793 - val 0.043468
Epoch 947/1250 - train 0.049582 - val 0.067615
Epoch 948/1250 - train 0.046543 - val 0.048767
Epoch 949/1250 - train 0.046231 - val 0.058271
Epoch 950/1250 - train 0.049157 - val 0.046640
Epoch 951/1250 - train 0.047338 - val 0.044012
Epoch 952/1250 - train 0.046747 - val 0.044638
Epoch 953/1250 - train 0.047305 - val 0.052573
Epoch 954/1250 - train 0.048298 - val 0.048365
Epoch 955/1250 - train 0.046563 - val 0.043512
Epoch 956/1250 - train 0.048367 - val 0.058823
Epoch 957/1250 - train 0.047461 - val 0.049287
Epoch 958/1250 - train 0.048129 - val 0.058337
Epoch 959/1250 - train 0.046554 - val 0.058674
Epoch 960/1250 - train 0.049418 - val 0.051711
Epoch 961/1250 - train 0.046238 - val 0.047828
Epoch 962/1250 - train 0.047555 - val 0.049015
Epoch 963/1250 - train 0.046856 - val 0.051849
Epoch 964/1250 - train 0.048768 - val 0.059038
Epoch 965/1250 - train 0.048685 - val 0.044461
Epoch 966/1250 - train 0.049602 - val 0.049355
Epoch 967/1250 - train 0.046218 - val 0.047514
Epoch 968/1250 - train 0.047289 - val 0.056316
Epoch 969/1250 - train 0.047248 - val 0.051510
Epoch 970/1250 - train 0.046886 - val 0.051379
Epoch 971/1250 - train 0.048303 - val 0.053102
Epoch 972/1250 - train 0.047581 - val 0.044310
Epoch 973/1250 - train 0.047327 - val 0.051837
Epoch 974/1250 - train 0.048808 - val 0.049529
Epoch 975/1250 - train 0.049628 - val 0.047690
Epoch 976/1250 - train 0.048451 - val 0.047436
Epoch 977/1250 - train 0.047539 - val 0.046932
Epoch 978/1250 - train 0.045378 - val 0.044759
Epoch 979/1250 - train 0.050580 - val 0.052353
Epoch 980/1250 - train 0.049027 - val 0.047485
Epoch 981/1250 - train 0.044951 - val 0.047684
Epoch 982/1250 - train 0.045967 - val 0.048135
Epoch 983/1250 - train 0.047575 - val 0.064588
Epoch 984/1250 - train 0.048045 - val 0.048777
Epoch 985/1250 - train 0.048120 - val 0.046593
Epoch 986/1250 - train 0.046204 - val 0.055054
Epoch 987/1250 - train 0.050161 - val 0.047371
Epoch 988/1250 - train 0.047137 - val 0.063575
Epoch 989/1250 - train 0.047212 - val 0.043705
Epoch 990/1250 - train 0.048407 - val 0.044428
Epoch 991/1250 - train 0.047165 - val 0.053136
Epoch 992/1250 - train 0.046850 - val 0.048394
Epoch 993/1250 - train 0.046033 - val 0.056188
Epoch 994/1250 - train 0.048911 - val 0.052439
Epoch 995/1250 - train 0.048149 - val 0.049041
Epoch 996/1250 - train 0.048785 - val 0.047685
Epoch 997/1250 - train 0.047666 - val 0.054948
Epoch 998/1250 - train 0.047323 - val 0.060806
Epoch 999/1250 - train 0.046024 - val 0.062436
Epoch 1000/1250 - train 0.048930 - val 0.056829
Epoch 1001/1250 - train 0.046565 - val 0.053059
Epoch 1002/1250 - train 0.047820 - val 0.054717
Epoch 1003/1250 - train 0.048948 - val 0.057106
Epoch 1004/1250 - train 0.046904 - val 0.048567
Epoch 1005/1250 - train 0.045365 - val 0.060121
Epoch 1006/1250 - train 0.048967 - val 0.042635
Epoch 1007/1250 - train 0.048304 - val 0.045225
Epoch 1008/1250 - train 0.047967 - val 0.054644
Epoch 1009/1250 - train 0.047247 - val 0.055673
Epoch 1010/1250 - train 0.046827 - val 0.049515
Epoch 1011/1250 - train 0.047054 - val 0.055875
Epoch 1012/1250 - train 0.047191 - val 0.048401
Epoch 1013/1250 - train 0.047982 - val 0.048053
Epoch 1014/1250 - train 0.047144 - val 0.046414
Epoch 1015/1250 - train 0.046764 - val 0.059078
Epoch 1016/1250 - train 0.047546 - val 0.054163
Epoch 1017/1250 - train 0.047499 - val 0.070809
Epoch 1018/1250 - train 0.047994 - val 0.047643
Epoch 1019/1250 - train 0.047718 - val 0.046861
Epoch 1020/1250 - train 0.051832 - val 0.066695
Epoch 1021/1250 - train 0.048619 - val 0.051171
Epoch 1022/1250 - train 0.046056 - val 0.052974
Epoch 1023/1250 - train 0.047928 - val 0.053710
Epoch 1024/1250 - train 0.046004 - val 0.056614
Epoch 1025/1250 - train 0.050369 - val 0.055786
Epoch 1026/1250 - train 0.047266 - val 0.048286
Epoch 1027/1250 - train 0.047477 - val 0.050849
Epoch 1028/1250 - train 0.047149 - val 0.048819
Epoch 1029/1250 - train 0.047402 - val 0.051355
Epoch 1030/1250 - train 0.046802 - val 0.049111
Epoch 1031/1250 - train 0.047060 - val 0.050259
Epoch 1032/1250 - train 0.047136 - val 0.051860
Epoch 1033/1250 - train 0.046807 - val 0.060013
Epoch 1034/1250 - train 0.047232 - val 0.049648
Epoch 1035/1250 - train 0.051472 - val 0.055887
Epoch 1036/1250 - train 0.048789 - val 0.056347
Epoch 1037/1250 - train 0.046171 - val 0.045221
Epoch 1038/1250 - train 0.046896 - val 0.045777
Epoch 1039/1250 - train 0.045390 - val 0.042808
Epoch 1040/1250 - train 0.046429 - val 0.056558
Epoch 1041/1250 - train 0.054186 - val 0.079012
Epoch 1042/1250 - train 0.047790 - val 0.046826
Epoch 1043/1250 - train 0.045779 - val 0.046342
Epoch 1044/1250 - train 0.046544 - val 0.055730
Epoch 1045/1250 - train 0.049652 - val 0.048993
Epoch 1046/1250 - train 0.047297 - val 0.058465
Epoch 1047/1250 - train 0.047446 - val 0.048752
Epoch 1048/1250 - train 0.047445 - val 0.053502
Epoch 1049/1250 - train 0.046612 - val 0.046752
Epoch 1050/1250 - train 0.049463 - val 0.046933
Epoch 1051/1250 - train 0.048088 - val 0.046470
Epoch 1052/1250 - train 0.047833 - val 0.050854
Epoch 1053/1250 - train 0.045011 - val 0.046083
Epoch 1054/1250 - train 0.046788 - val 0.049934
Epoch 1055/1250 - train 0.047054 - val 0.054314
Epoch 1056/1250 - train 0.046577 - val 0.045002
Epoch 1057/1250 - train 0.047099 - val 0.054538
Epoch 1058/1250 - train 0.047570 - val 0.051001
Epoch 1059/1250 - train 0.048489 - val 0.061354
Epoch 1060/1250 - train 0.050649 - val 0.047807
Epoch 1061/1250 - train 0.045784 - val 0.052072
Epoch 1062/1250 - train 0.048122 - val 0.052561
Epoch 1063/1250 - train 0.046987 - val 0.058636
Epoch 1064/1250 - train 0.048248 - val 0.050213
Epoch 1065/1250 - train 0.047881 - val 0.058158
Epoch 1066/1250 - train 0.048090 - val 0.041585
Epoch 1067/1250 - train 0.046282 - val 0.052259
Epoch 1068/1250 - train 0.047553 - val 0.062173
Epoch 1069/1250 - train 0.047296 - val 0.050888
Epoch 1070/1250 - train 0.047254 - val 0.042683
Epoch 1071/1250 - train 0.047260 - val 0.046344
Epoch 1072/1250 - train 0.050284 - val 0.054074
Epoch 1073/1250 - train 0.047535 - val 0.044843
Epoch 1074/1250 - train 0.046472 - val 0.046544
Epoch 1075/1250 - train 0.048507 - val 0.068003
Epoch 1076/1250 - train 0.047012 - val 0.056076
Epoch 1077/1250 - train 0.046969 - val 0.053282
Epoch 1078/1250 - train 0.046662 - val 0.052152
Epoch 1079/1250 - train 0.047287 - val 0.054826
Epoch 1080/1250 - train 0.047534 - val 0.048329
Epoch 1081/1250 - train 0.045104 - val 0.048413
Epoch 1082/1250 - train 0.052079 - val 0.054158
Epoch 1083/1250 - train 0.048821 - val 0.048300
Epoch 1084/1250 - train 0.047520 - val 0.047473
Epoch 1085/1250 - train 0.049187 - val 0.070713
Epoch 1086/1250 - train 0.046858 - val 0.051146
Epoch 1087/1250 - train 0.047123 - val 0.055635
Epoch 1088/1250 - train 0.047401 - val 0.063367
Epoch 1089/1250 - train 0.047290 - val 0.048849
Epoch 1090/1250 - train 0.048108 - val 0.047079
Epoch 1091/1250 - train 0.047116 - val 0.056693
Epoch 1092/1250 - train 0.046075 - val 0.066505
Epoch 1093/1250 - train 0.046517 - val 0.051457
Epoch 1094/1250 - train 0.047869 - val 0.045908
Epoch 1095/1250 - train 0.047046 - val 0.059049
Epoch 1096/1250 - train 0.049056 - val 0.050735
Epoch 1097/1250 - train 0.046142 - val 0.055834
Epoch 1098/1250 - train 0.045593 - val 0.049883
Epoch 1099/1250 - train 0.047721 - val 0.056183
Epoch 1100/1250 - train 0.048790 - val 0.052147
Epoch 1101/1250 - train 0.045672 - val 0.049140
Epoch 1102/1250 - train 0.046056 - val 0.046482
Epoch 1103/1250 - train 0.050970 - val 0.047689
Epoch 1104/1250 - train 0.046133 - val 0.058890
Epoch 1105/1250 - train 0.046828 - val 0.044336
Epoch 1106/1250 - train 0.046615 - val 0.048746
Epoch 1107/1250 - train 0.048565 - val 0.074624
Epoch 1108/1250 - train 0.045861 - val 0.050055
Epoch 1109/1250 - train 0.047821 - val 0.045936
Epoch 1110/1250 - train 0.048630 - val 0.043975
Epoch 1111/1250 - train 0.047476 - val 0.045084
Epoch 1112/1250 - train 0.048609 - val 0.045192
Epoch 1113/1250 - train 0.045950 - val 0.047609
Epoch 1114/1250 - train 0.047139 - val 0.056630
Epoch 1115/1250 - train 0.046393 - val 0.045971
Epoch 1116/1250 - train 0.047087 - val 0.047442
Epoch 1117/1250 - train 0.047708 - val 0.053602
Epoch 1118/1250 - train 0.047536 - val 0.053115
Epoch 1119/1250 - train 0.048733 - val 0.048985
Epoch 1120/1250 - train 0.047239 - val 0.043249
Epoch 1121/1250 - train 0.047904 - val 0.043053
Epoch 1122/1250 - train 0.046269 - val 0.057977
Epoch 1123/1250 - train 0.046272 - val 0.060637
Epoch 1124/1250 - train 0.047432 - val 0.045577
Epoch 1125/1250 - train 0.049309 - val 0.062208
Epoch 1126/1250 - train 0.046165 - val 0.053195
Epoch 1127/1250 - train 0.046147 - val 0.047120
Epoch 1128/1250 - train 0.046642 - val 0.050845
Epoch 1129/1250 - train 0.046848 - val 0.066374
Epoch 1130/1250 - train 0.048317 - val 0.057041
Epoch 1131/1250 - train 0.045786 - val 0.048670
Epoch 1132/1250 - train 0.046989 - val 0.064103
Epoch 1133/1250 - train 0.047064 - val 0.088660
Epoch 1134/1250 - train 0.045924 - val 0.054566
Epoch 1135/1250 - train 0.047458 - val 0.054731
Epoch 1136/1250 - train 0.047644 - val 0.048348
Epoch 1137/1250 - train 0.046720 - val 0.052218
Epoch 1138/1250 - train 0.046053 - val 0.048686
Epoch 1139/1250 - train 0.048529 - val 0.046638
Epoch 1140/1250 - train 0.049285 - val 0.049639
Epoch 1141/1250 - train 0.049791 - val 0.058535
Epoch 1142/1250 - train 0.045154 - val 0.046834
Epoch 1143/1250 - train 0.046727 - val 0.045409
Epoch 1144/1250 - train 0.045786 - val 0.051104
Epoch 1145/1250 - train 0.049642 - val 0.045225
Epoch 1146/1250 - train 0.045388 - val 0.049962
Epoch 1147/1250 - train 0.048168 - val 0.050615
Epoch 1148/1250 - train 0.045942 - val 0.048115
Epoch 1149/1250 - train 0.047266 - val 0.058422
Epoch 1150/1250 - train 0.047010 - val 0.052347
Epoch 1151/1250 - train 0.048834 - val 0.048371
Epoch 1152/1250 - train 0.045562 - val 0.043919
Epoch 1153/1250 - train 0.047164 - val 0.046580
Epoch 1154/1250 - train 0.047719 - val 0.045839
Epoch 1155/1250 - train 0.045390 - val 0.047785
Epoch 1156/1250 - train 0.048007 - val 0.047490
Epoch 1157/1250 - train 0.046526 - val 0.056564
Epoch 1158/1250 - train 0.047483 - val 0.046990
Epoch 1159/1250 - train 0.046784 - val 0.048506
Epoch 1160/1250 - train 0.046439 - val 0.062427
Epoch 1161/1250 - train 0.047359 - val 0.064440
Epoch 1162/1250 - train 0.048620 - val 0.053235
Epoch 1163/1250 - train 0.048814 - val 0.054335
Epoch 1164/1250 - train 0.048310 - val 0.063751
Epoch 1165/1250 - train 0.046611 - val 0.054771
Epoch 1166/1250 - train 0.047115 - val 0.048223
Epoch 1167/1250 - train 0.046475 - val 0.056487
Epoch 1168/1250 - train 0.050532 - val 0.047055
Epoch 1169/1250 - train 0.048091 - val 0.043050
Epoch 1170/1250 - train 0.045997 - val 0.055970
Epoch 1171/1250 - train 0.046425 - val 0.056075
Epoch 1172/1250 - train 0.047263 - val 0.042979
Epoch 1173/1250 - train 0.048532 - val 0.049528
Epoch 1174/1250 - train 0.047362 - val 0.049334
Epoch 1175/1250 - train 0.047412 - val 0.042580
Epoch 1176/1250 - train 0.048099 - val 0.045496
Epoch 1177/1250 - train 0.047889 - val 0.060981
Epoch 1178/1250 - train 0.046502 - val 0.055264
Epoch 1179/1250 - train 0.048249 - val 0.055710
Epoch 1180/1250 - train 0.050253 - val 0.058831
Epoch 1181/1250 - train 0.045420 - val 0.047453
Epoch 1182/1250 - train 0.046540 - val 0.056049
Epoch 1183/1250 - train 0.046697 - val 0.045256
Epoch 1184/1250 - train 0.045449 - val 0.048469
Epoch 1185/1250 - train 0.048760 - val 0.045047
Epoch 1186/1250 - train 0.051047 - val 0.047669
Epoch 1187/1250 - train 0.047291 - val 0.046237
Epoch 1188/1250 - train 0.045774 - val 0.047175
Epoch 1189/1250 - train 0.045615 - val 0.045861
Epoch 1190/1250 - train 0.047750 - val 0.054287
Epoch 1191/1250 - train 0.048182 - val 0.050791
Epoch 1192/1250 - train 0.046510 - val 0.056381
Epoch 1193/1250 - train 0.046302 - val 0.047137
Epoch 1194/1250 - train 0.046649 - val 0.068702
Epoch 1195/1250 - train 0.051732 - val 0.045942
Epoch 1196/1250 - train 0.044954 - val 0.044689
Epoch 1197/1250 - train 0.048531 - val 0.053969
Epoch 1198/1250 - train 0.046192 - val 0.051702
Epoch 1199/1250 - train 0.047529 - val 0.043756
Epoch 1200/1250 - train 0.045572 - val 0.054243
Epoch 1201/1250 - train 0.047178 - val 0.047355
Epoch 1202/1250 - train 0.047229 - val 0.053090
Epoch 1203/1250 - train 0.047369 - val 0.058880
Epoch 1204/1250 - train 0.045217 - val 0.057451
Epoch 1205/1250 - train 0.046773 - val 0.065390
Epoch 1206/1250 - train 0.046174 - val 0.057315
Epoch 1207/1250 - train 0.047781 - val 0.045551
Epoch 1208/1250 - train 0.048734 - val 0.052557
Epoch 1209/1250 - train 0.047443 - val 0.048178
Epoch 1210/1250 - train 0.047883 - val 0.048552
Epoch 1211/1250 - train 0.048613 - val 0.082305
Epoch 1212/1250 - train 0.047463 - val 0.063105
Epoch 1213/1250 - train 0.047607 - val 0.044182
Epoch 1214/1250 - train 0.046265 - val 0.067004
Epoch 1215/1250 - train 0.046443 - val 0.050717
Epoch 1216/1250 - train 0.047876 - val 0.046211
Epoch 1217/1250 - train 0.046879 - val 0.048527
Epoch 1218/1250 - train 0.045442 - val 0.053600
Epoch 1219/1250 - train 0.045392 - val 0.053042
Epoch 1220/1250 - train 0.046294 - val 0.047477
Epoch 1221/1250 - train 0.046181 - val 0.049298
Epoch 1222/1250 - train 0.048025 - val 0.075090
Epoch 1223/1250 - train 0.046368 - val 0.048175
Epoch 1224/1250 - train 0.050395 - val 0.055941
Epoch 1225/1250 - train 0.047464 - val 0.055222
Epoch 1226/1250 - train 0.045456 - val 0.046069
Epoch 1227/1250 - train 0.048055 - val 0.053194
Epoch 1228/1250 - train 0.046764 - val 0.050658
Epoch 1229/1250 - train 0.046688 - val 0.057693
Epoch 1230/1250 - train 0.046944 - val 0.047910
Epoch 1231/1250 - train 0.045699 - val 0.045940
Epoch 1232/1250 - train 0.047182 - val 0.047314
Epoch 1233/1250 - train 0.045981 - val 0.045259
Epoch 1234/1250 - train 0.045712 - val 0.048692
Epoch 1235/1250 - train 0.050852 - val 0.044857
Epoch 1236/1250 - train 0.048137 - val 0.055648
Epoch 1237/1250 - train 0.046093 - val 0.043379
Epoch 1238/1250 - train 0.047247 - val 0.051846
Epoch 1239/1250 - train 0.049465 - val 0.045657
Epoch 1240/1250 - train 0.046561 - val 0.049445
Epoch 1241/1250 - train 0.046971 - val 0.046552
Epoch 1242/1250 - train 0.046680 - val 0.044217
Epoch 1243/1250 - train 0.046344 - val 0.047129
Epoch 1244/1250 - train 0.047886 - val 0.043463
Epoch 1245/1250 - train 0.045968 - val 0.045282
Epoch 1246/1250 - train 0.048754 - val 0.052049
Epoch 1247/1250 - train 0.048250 - val 0.047123
Epoch 1248/1250 - train 0.046115 - val 0.046299
Epoch 1249/1250 - train 0.045531 - val 0.042651
Epoch 1250/1250 - train 0.045891 - val 0.044378
Saved model to /scratch/network/ak9088/NASA-RL-Wavefront-Control/RL/jobs/20251227_000745/exp-fc1-zscore-ep1250-bs256-lr1e-3-s42-h512-256-128-images-wd0.0005-mc0/fc1_best.pth
