y: [[-8.89294595e-02  3.68765652e-01 -3.35200205e-02 ... -2.49889821e-01
   1.67958364e-02  4.47161561e-08]
 [-1.95354253e-01  3.17699492e-01  3.17823112e-01 ...  1.36494249e-01
  -1.03578465e-02  4.47161561e-08]
 [-2.90432423e-01 -1.80993274e-01  2.23017558e-01 ... -2.44340330e-01
  -2.15393677e-02  4.47161597e-08]
 ...
 [ 2.77905110e-02 -3.24629903e-01  2.85629988e-01 ...  5.68953492e-02
  -8.27765688e-02  4.47161561e-08]
 [-2.45659456e-01 -2.43513435e-01  6.57291114e-01 ...  1.29223362e-01
  -6.41752034e-02  4.47161597e-08]
 [-1.38641492e-01  1.17867850e-01  3.85931842e-02 ...  1.19241446e-01
  -2.43191440e-02  4.47161561e-08]]
Dataset loaded: N=100000 (original 100000), C=3, H=20, W=20, y_dim=26
using device: cpu
Epoch 1/1250 - train 0.284591 - val 0.145770
Epoch 2/1250 - train 0.165846 - val 0.113357
Epoch 3/1250 - train 0.142263 - val 0.097810
Epoch 4/1250 - train 0.131359 - val 0.095035
Epoch 5/1250 - train 0.126973 - val 0.085818
Epoch 6/1250 - train 0.122633 - val 0.084671
Epoch 7/1250 - train 0.119920 - val 0.086950
Epoch 8/1250 - train 0.117484 - val 0.081303
Epoch 9/1250 - train 0.116211 - val 0.079015
Epoch 10/1250 - train 0.114360 - val 0.079688
Epoch 11/1250 - train 0.113475 - val 0.085991
Epoch 12/1250 - train 0.112467 - val 0.077054
Epoch 13/1250 - train 0.111280 - val 0.082735
Epoch 14/1250 - train 0.111220 - val 0.075586
Epoch 15/1250 - train 0.109644 - val 0.076057
Epoch 16/1250 - train 0.108820 - val 0.074441
Epoch 17/1250 - train 0.107950 - val 0.073481
Epoch 18/1250 - train 0.107188 - val 0.072418
Epoch 19/1250 - train 0.106651 - val 0.080877
Epoch 20/1250 - train 0.105907 - val 0.078708
Epoch 21/1250 - train 0.105242 - val 0.079988
Epoch 22/1250 - train 0.104029 - val 0.071603
Epoch 23/1250 - train 0.102913 - val 0.074366
Epoch 24/1250 - train 0.103224 - val 0.067413
Epoch 25/1250 - train 0.101401 - val 0.066990
Epoch 26/1250 - train 0.100553 - val 0.070920
Epoch 27/1250 - train 0.099731 - val 0.069020
Epoch 28/1250 - train 0.099302 - val 0.069149
Epoch 29/1250 - train 0.099347 - val 0.065400
Epoch 30/1250 - train 0.097369 - val 0.065619
Epoch 31/1250 - train 0.097540 - val 0.063016
Epoch 32/1250 - train 0.096894 - val 0.063595
Epoch 33/1250 - train 0.094218 - val 0.070812
Epoch 34/1250 - train 0.094361 - val 0.073394
Epoch 35/1250 - train 0.095611 - val 0.069178
Epoch 36/1250 - train 0.094235 - val 0.065267
Epoch 37/1250 - train 0.092892 - val 0.069546
Epoch 38/1250 - train 0.091991 - val 0.060453
Epoch 39/1250 - train 0.091654 - val 0.056590
Epoch 40/1250 - train 0.089731 - val 0.056288
Epoch 41/1250 - train 0.089699 - val 0.058220
Epoch 42/1250 - train 0.089870 - val 0.057754
Epoch 43/1250 - train 0.088877 - val 0.053070
Epoch 44/1250 - train 0.088930 - val 0.058713
Epoch 45/1250 - train 0.088007 - val 0.061166
Epoch 46/1250 - train 0.088098 - val 0.058128
Epoch 47/1250 - train 0.085779 - val 0.053053
Epoch 48/1250 - train 0.086692 - val 0.053261
Epoch 49/1250 - train 0.085815 - val 0.053083
Epoch 50/1250 - train 0.087469 - val 0.053813
Epoch 51/1250 - train 0.084576 - val 0.062401
Epoch 52/1250 - train 0.084448 - val 0.052809
Epoch 53/1250 - train 0.084403 - val 0.048312
Epoch 54/1250 - train 0.082744 - val 0.056173
Epoch 55/1250 - train 0.083073 - val 0.051098
Epoch 56/1250 - train 0.083394 - val 0.058932
Epoch 57/1250 - train 0.082411 - val 0.049951
Epoch 58/1250 - train 0.083079 - val 0.050298
Epoch 59/1250 - train 0.081956 - val 0.051393
Epoch 60/1250 - train 0.081071 - val 0.047663
Epoch 61/1250 - train 0.080797 - val 0.052621
Epoch 62/1250 - train 0.081394 - val 0.056117
Epoch 63/1250 - train 0.081549 - val 0.047991
Epoch 64/1250 - train 0.079287 - val 0.052322
Epoch 65/1250 - train 0.078835 - val 0.047791
Epoch 66/1250 - train 0.080486 - val 0.047003
Epoch 67/1250 - train 0.079225 - val 0.049657
Epoch 68/1250 - train 0.078315 - val 0.057051
Epoch 69/1250 - train 0.078829 - val 0.048705
Epoch 70/1250 - train 0.078433 - val 0.045773
Epoch 71/1250 - train 0.078408 - val 0.048210
Epoch 72/1250 - train 0.077332 - val 0.049139
Epoch 73/1250 - train 0.078738 - val 0.045003
Epoch 74/1250 - train 0.075577 - val 0.044520
Epoch 75/1250 - train 0.076180 - val 0.055050
Epoch 76/1250 - train 0.076810 - val 0.049760
Epoch 77/1250 - train 0.076987 - val 0.049591
Epoch 78/1250 - train 0.075853 - val 0.046262
Epoch 79/1250 - train 0.076064 - val 0.049624
Epoch 80/1250 - train 0.076104 - val 0.044996
Epoch 81/1250 - train 0.074680 - val 0.042962
Epoch 82/1250 - train 0.075781 - val 0.045026
Epoch 83/1250 - train 0.076093 - val 0.043671
Epoch 84/1250 - train 0.073653 - val 0.042039
Epoch 85/1250 - train 0.074270 - val 0.044952
Epoch 86/1250 - train 0.073660 - val 0.043250
Epoch 87/1250 - train 0.074412 - val 0.044292
Epoch 88/1250 - train 0.074295 - val 0.051008
Epoch 89/1250 - train 0.074308 - val 0.049611
Epoch 90/1250 - train 0.073411 - val 0.040817
Epoch 91/1250 - train 0.073727 - val 0.044236
Epoch 92/1250 - train 0.072324 - val 0.047261
Epoch 93/1250 - train 0.072442 - val 0.049391
Epoch 94/1250 - train 0.072541 - val 0.051676
Epoch 95/1250 - train 0.073503 - val 0.042406
Epoch 96/1250 - train 0.071338 - val 0.048674
Epoch 97/1250 - train 0.071672 - val 0.042884
Epoch 98/1250 - train 0.071207 - val 0.041116
Epoch 99/1250 - train 0.071248 - val 0.041341
Epoch 100/1250 - train 0.071682 - val 0.040313
Epoch 101/1250 - train 0.072206 - val 0.044905
Epoch 102/1250 - train 0.070202 - val 0.039287
Epoch 103/1250 - train 0.070390 - val 0.044410
Epoch 104/1250 - train 0.071979 - val 0.042595
Epoch 105/1250 - train 0.070537 - val 0.051738
Epoch 106/1250 - train 0.070688 - val 0.041098
Epoch 107/1250 - train 0.070447 - val 0.046271
Epoch 108/1250 - train 0.070875 - val 0.038703
Epoch 109/1250 - train 0.069965 - val 0.041046
Epoch 110/1250 - train 0.069689 - val 0.039772
Epoch 111/1250 - train 0.069724 - val 0.042817
Epoch 112/1250 - train 0.069542 - val 0.045600
Epoch 113/1250 - train 0.069285 - val 0.041174
Epoch 114/1250 - train 0.067560 - val 0.039574
Epoch 115/1250 - train 0.068366 - val 0.039763
Epoch 116/1250 - train 0.068959 - val 0.039851
Epoch 117/1250 - train 0.068041 - val 0.039649
Epoch 118/1250 - train 0.067877 - val 0.039438
Epoch 119/1250 - train 0.067311 - val 0.040902
Epoch 120/1250 - train 0.069164 - val 0.041661
Epoch 121/1250 - train 0.067387 - val 0.041575
Epoch 122/1250 - train 0.068399 - val 0.040283
Epoch 123/1250 - train 0.067402 - val 0.036882
Epoch 124/1250 - train 0.066892 - val 0.039664
Epoch 125/1250 - train 0.067209 - val 0.040168
Epoch 126/1250 - train 0.067020 - val 0.037833
Epoch 127/1250 - train 0.067525 - val 0.040309
Epoch 128/1250 - train 0.068252 - val 0.041028
Epoch 129/1250 - train 0.065883 - val 0.039454
Epoch 130/1250 - train 0.066607 - val 0.040330
Epoch 131/1250 - train 0.067365 - val 0.053934
Epoch 132/1250 - train 0.066783 - val 0.040788
Epoch 133/1250 - train 0.066341 - val 0.040291
Epoch 134/1250 - train 0.066089 - val 0.040028
Epoch 135/1250 - train 0.066876 - val 0.038378
Epoch 136/1250 - train 0.065657 - val 0.038115
Epoch 137/1250 - train 0.065842 - val 0.040529
Epoch 138/1250 - train 0.064374 - val 0.038255
Epoch 139/1250 - train 0.066350 - val 0.038591
Epoch 140/1250 - train 0.065874 - val 0.040227
Epoch 141/1250 - train 0.064426 - val 0.043338
Epoch 142/1250 - train 0.064891 - val 0.038653
Epoch 143/1250 - train 0.065562 - val 0.037831
Epoch 144/1250 - train 0.064212 - val 0.039945
Epoch 145/1250 - train 0.064531 - val 0.038485
Epoch 146/1250 - train 0.064252 - val 0.036853
Epoch 147/1250 - train 0.065770 - val 0.036225
Epoch 148/1250 - train 0.063554 - val 0.037580
Epoch 149/1250 - train 0.064606 - val 0.036886
Epoch 150/1250 - train 0.063595 - val 0.038849
Epoch 151/1250 - train 0.064830 - val 0.036771
Epoch 152/1250 - train 0.063324 - val 0.035944
Epoch 153/1250 - train 0.064269 - val 0.036676
Epoch 154/1250 - train 0.063777 - val 0.035937
Epoch 155/1250 - train 0.063240 - val 0.041384
Epoch 156/1250 - train 0.064067 - val 0.036255
Epoch 157/1250 - train 0.063140 - val 0.036873
Epoch 158/1250 - train 0.063748 - val 0.036154
Epoch 159/1250 - train 0.062994 - val 0.039790
Epoch 160/1250 - train 0.063611 - val 0.038038
Epoch 161/1250 - train 0.062608 - val 0.047009
Epoch 162/1250 - train 0.063400 - val 0.037595
Epoch 163/1250 - train 0.063337 - val 0.037131
Epoch 164/1250 - train 0.063401 - val 0.035328
Epoch 165/1250 - train 0.061299 - val 0.034448
Epoch 166/1250 - train 0.063548 - val 0.038481
Epoch 167/1250 - train 0.060761 - val 0.039336
Epoch 168/1250 - train 0.061486 - val 0.039003
Epoch 169/1250 - train 0.061697 - val 0.035555
Epoch 170/1250 - train 0.062414 - val 0.038446
Epoch 171/1250 - train 0.061739 - val 0.041121
Epoch 172/1250 - train 0.061797 - val 0.039393
Epoch 173/1250 - train 0.064194 - val 0.039426
Epoch 174/1250 - train 0.061423 - val 0.036536
Epoch 175/1250 - train 0.061719 - val 0.034959
Epoch 176/1250 - train 0.061756 - val 0.038379
Epoch 177/1250 - train 0.060908 - val 0.038378
Epoch 178/1250 - train 0.060410 - val 0.034056
Epoch 179/1250 - train 0.060572 - val 0.033554
Epoch 180/1250 - train 0.061551 - val 0.037546
Epoch 181/1250 - train 0.060920 - val 0.038012
Epoch 182/1250 - train 0.060894 - val 0.037519
Epoch 183/1250 - train 0.060260 - val 0.035991
Epoch 184/1250 - train 0.060176 - val 0.041417
Epoch 185/1250 - train 0.060883 - val 0.038505
Epoch 186/1250 - train 0.060293 - val 0.035595
Epoch 187/1250 - train 0.060820 - val 0.035155
Epoch 188/1250 - train 0.059795 - val 0.043387
Epoch 189/1250 - train 0.061854 - val 0.035999
Epoch 190/1250 - train 0.059999 - val 0.036445
Epoch 191/1250 - train 0.058628 - val 0.034484
Epoch 192/1250 - train 0.059974 - val 0.034547
Epoch 193/1250 - train 0.059729 - val 0.035269
Epoch 194/1250 - train 0.061155 - val 0.036344
Epoch 195/1250 - train 0.059697 - val 0.033467
Epoch 196/1250 - train 0.058790 - val 0.041831
Epoch 197/1250 - train 0.059590 - val 0.034323
Epoch 198/1250 - train 0.060155 - val 0.035566
Epoch 199/1250 - train 0.059366 - val 0.038352
Epoch 200/1250 - train 0.060324 - val 0.042271
Epoch 201/1250 - train 0.058776 - val 0.036438
Epoch 202/1250 - train 0.058933 - val 0.035439
Epoch 203/1250 - train 0.059392 - val 0.033139
Epoch 204/1250 - train 0.058440 - val 0.037444
Epoch 205/1250 - train 0.060114 - val 0.033265
Epoch 206/1250 - train 0.059069 - val 0.034113
Epoch 207/1250 - train 0.058267 - val 0.038261
Epoch 208/1250 - train 0.059926 - val 0.034551
Epoch 209/1250 - train 0.059338 - val 0.040201
Epoch 210/1250 - train 0.058501 - val 0.033263
Epoch 211/1250 - train 0.058532 - val 0.031809
Epoch 212/1250 - train 0.057673 - val 0.033596
Epoch 213/1250 - train 0.058799 - val 0.032840
Epoch 214/1250 - train 0.057918 - val 0.037025
Epoch 215/1250 - train 0.058997 - val 0.035693
Epoch 216/1250 - train 0.058918 - val 0.036016
Epoch 217/1250 - train 0.057242 - val 0.033843
Epoch 218/1250 - train 0.057954 - val 0.036203
Epoch 219/1250 - train 0.057481 - val 0.035169
Epoch 220/1250 - train 0.057518 - val 0.033129
Epoch 221/1250 - train 0.057259 - val 0.034048
Epoch 222/1250 - train 0.057700 - val 0.034171
Epoch 223/1250 - train 0.056858 - val 0.032238
Epoch 224/1250 - train 0.057088 - val 0.032324
Epoch 225/1250 - train 0.057627 - val 0.033146
Epoch 226/1250 - train 0.058199 - val 0.033666
Epoch 227/1250 - train 0.056665 - val 0.032926
Epoch 228/1250 - train 0.056749 - val 0.035080
Epoch 229/1250 - train 0.059053 - val 0.033967
Epoch 230/1250 - train 0.057101 - val 0.033792
Epoch 231/1250 - train 0.057706 - val 0.031877
Epoch 232/1250 - train 0.056580 - val 0.032847
Epoch 233/1250 - train 0.056616 - val 0.032582
Epoch 234/1250 - train 0.056010 - val 0.031432
Epoch 235/1250 - train 0.056286 - val 0.035833
Epoch 236/1250 - train 0.057245 - val 0.033547
Epoch 237/1250 - train 0.055624 - val 0.040914
Epoch 238/1250 - train 0.056581 - val 0.032927
Epoch 239/1250 - train 0.057388 - val 0.035563
Epoch 240/1250 - train 0.056004 - val 0.031964
Epoch 241/1250 - train 0.056572 - val 0.034260
Epoch 242/1250 - train 0.056013 - val 0.032137
Epoch 243/1250 - train 0.055929 - val 0.031517
Epoch 244/1250 - train 0.055871 - val 0.032480
Epoch 245/1250 - train 0.056177 - val 0.031639
Epoch 246/1250 - train 0.055209 - val 0.032705
Epoch 247/1250 - train 0.055460 - val 0.032048
Epoch 248/1250 - train 0.055379 - val 0.034399
Epoch 249/1250 - train 0.056685 - val 0.034410
Epoch 250/1250 - train 0.057018 - val 0.032976
Epoch 251/1250 - train 0.055045 - val 0.032930
Epoch 252/1250 - train 0.055438 - val 0.033757
Epoch 253/1250 - train 0.056309 - val 0.031760
Epoch 254/1250 - train 0.054589 - val 0.034255
Epoch 255/1250 - train 0.054398 - val 0.031154
Epoch 256/1250 - train 0.055494 - val 0.033447
Epoch 257/1250 - train 0.055584 - val 0.032993
Epoch 258/1250 - train 0.055174 - val 0.040993
Epoch 259/1250 - train 0.055918 - val 0.032213
Epoch 260/1250 - train 0.054548 - val 0.032828
Epoch 261/1250 - train 0.054730 - val 0.033567
Epoch 262/1250 - train 0.054647 - val 0.030897
Epoch 263/1250 - train 0.055177 - val 0.031665
Epoch 264/1250 - train 0.054232 - val 0.031050
Epoch 265/1250 - train 0.055183 - val 0.031585
Epoch 266/1250 - train 0.054711 - val 0.032160
Epoch 267/1250 - train 0.054737 - val 0.033287
Epoch 268/1250 - train 0.054458 - val 0.032425
Epoch 269/1250 - train 0.054420 - val 0.031202
Epoch 270/1250 - train 0.054299 - val 0.031136
Epoch 271/1250 - train 0.053950 - val 0.034312
Epoch 272/1250 - train 0.053761 - val 0.031096
Epoch 273/1250 - train 0.053490 - val 0.031673
Epoch 274/1250 - train 0.055847 - val 0.033569
Epoch 275/1250 - train 0.053673 - val 0.043645
Epoch 276/1250 - train 0.054633 - val 0.034848
Epoch 277/1250 - train 0.054361 - val 0.038853
Epoch 278/1250 - train 0.053535 - val 0.031182
Epoch 279/1250 - train 0.053691 - val 0.032293
Epoch 280/1250 - train 0.053604 - val 0.030746
Epoch 281/1250 - train 0.053716 - val 0.031991
Epoch 282/1250 - train 0.053401 - val 0.033996
Epoch 283/1250 - train 0.053488 - val 0.031224
Epoch 284/1250 - train 0.054330 - val 0.030316
Epoch 285/1250 - train 0.053463 - val 0.030234
Epoch 286/1250 - train 0.053444 - val 0.031771
Epoch 287/1250 - train 0.053743 - val 0.032059
Epoch 288/1250 - train 0.053282 - val 0.031116
Epoch 289/1250 - train 0.053305 - val 0.034004
Epoch 290/1250 - train 0.053020 - val 0.032966
Epoch 291/1250 - train 0.053453 - val 0.030915
Epoch 292/1250 - train 0.053405 - val 0.034595
Epoch 293/1250 - train 0.053145 - val 0.031499
Epoch 294/1250 - train 0.052671 - val 0.033751
Epoch 295/1250 - train 0.053637 - val 0.031824
Epoch 296/1250 - train 0.053464 - val 0.033549
Epoch 297/1250 - train 0.052857 - val 0.038532
Epoch 298/1250 - train 0.052719 - val 0.030211
Epoch 299/1250 - train 0.052240 - val 0.031650
Epoch 300/1250 - train 0.052790 - val 0.030264
Epoch 301/1250 - train 0.052594 - val 0.030766
Epoch 302/1250 - train 0.052767 - val 0.032506
Epoch 303/1250 - train 0.052581 - val 0.033890
Epoch 304/1250 - train 0.052283 - val 0.028840
Epoch 305/1250 - train 0.052020 - val 0.029711
Epoch 306/1250 - train 0.052484 - val 0.031464
Epoch 307/1250 - train 0.052569 - val 0.031866
Epoch 308/1250 - train 0.051718 - val 0.031125
Epoch 309/1250 - train 0.051881 - val 0.030036
Epoch 310/1250 - train 0.052103 - val 0.032278
Epoch 311/1250 - train 0.052567 - val 0.032225
Epoch 312/1250 - train 0.052618 - val 0.030415
Epoch 313/1250 - train 0.051774 - val 0.031608
Epoch 314/1250 - train 0.051582 - val 0.030957
Epoch 315/1250 - train 0.051634 - val 0.030381
Epoch 316/1250 - train 0.052364 - val 0.033180
Epoch 317/1250 - train 0.052477 - val 0.033188
Epoch 318/1250 - train 0.052152 - val 0.032046
Epoch 319/1250 - train 0.050969 - val 0.031255
Epoch 320/1250 - train 0.051763 - val 0.030330
Epoch 321/1250 - train 0.051935 - val 0.030579
Epoch 322/1250 - train 0.051671 - val 0.030007
Epoch 323/1250 - train 0.051262 - val 0.036821
Epoch 324/1250 - train 0.051997 - val 0.037410
Epoch 325/1250 - train 0.051618 - val 0.031587
Epoch 326/1250 - train 0.050885 - val 0.030076
Epoch 327/1250 - train 0.051609 - val 0.029852
Epoch 328/1250 - train 0.050692 - val 0.030507
Epoch 329/1250 - train 0.051359 - val 0.030009
Epoch 330/1250 - train 0.051185 - val 0.031172
Epoch 331/1250 - train 0.051135 - val 0.030392
Epoch 332/1250 - train 0.051949 - val 0.030809
Epoch 333/1250 - train 0.050985 - val 0.029051
Epoch 334/1250 - train 0.050772 - val 0.030002
Epoch 335/1250 - train 0.051203 - val 0.030084
Epoch 336/1250 - train 0.051335 - val 0.032320
Epoch 337/1250 - train 0.050914 - val 0.029583
Epoch 338/1250 - train 0.050353 - val 0.029188
Epoch 339/1250 - train 0.050718 - val 0.034161
Epoch 340/1250 - train 0.050640 - val 0.033998
Epoch 341/1250 - train 0.050396 - val 0.031040
Epoch 342/1250 - train 0.050598 - val 0.028190
Epoch 343/1250 - train 0.051036 - val 0.029732
Epoch 344/1250 - train 0.050562 - val 0.030752
Epoch 345/1250 - train 0.050260 - val 0.034479
Epoch 346/1250 - train 0.050124 - val 0.029728
Epoch 347/1250 - train 0.050659 - val 0.030568
Epoch 348/1250 - train 0.049794 - val 0.029866
Epoch 349/1250 - train 0.051888 - val 0.030083
Epoch 350/1250 - train 0.050508 - val 0.035941
Epoch 351/1250 - train 0.050086 - val 0.031108
Epoch 352/1250 - train 0.050344 - val 0.033801
Epoch 353/1250 - train 0.051019 - val 0.029927
Epoch 354/1250 - train 0.050235 - val 0.030212
Epoch 355/1250 - train 0.050453 - val 0.030635
Epoch 356/1250 - train 0.051184 - val 0.040628
Epoch 357/1250 - train 0.050112 - val 0.028785
Epoch 358/1250 - train 0.050125 - val 0.030100
Epoch 359/1250 - train 0.050646 - val 0.028330
Epoch 360/1250 - train 0.049895 - val 0.029171
Epoch 361/1250 - train 0.049552 - val 0.028763
Epoch 362/1250 - train 0.049659 - val 0.030018
Epoch 363/1250 - train 0.049780 - val 0.028552
Epoch 364/1250 - train 0.050445 - val 0.029889
Epoch 365/1250 - train 0.050376 - val 0.029362
Epoch 366/1250 - train 0.049237 - val 0.031096
Epoch 367/1250 - train 0.049845 - val 0.029136
Epoch 368/1250 - train 0.049853 - val 0.033506
Epoch 369/1250 - train 0.050538 - val 0.028638
Epoch 370/1250 - train 0.049697 - val 0.028654
Epoch 371/1250 - train 0.049359 - val 0.029263
Epoch 372/1250 - train 0.048675 - val 0.028166
Epoch 373/1250 - train 0.049592 - val 0.028900
Epoch 374/1250 - train 0.049638 - val 0.028888
Epoch 375/1250 - train 0.049637 - val 0.029610
Epoch 376/1250 - train 0.049317 - val 0.028107
Epoch 377/1250 - train 0.049727 - val 0.027942
Epoch 378/1250 - train 0.049764 - val 0.031836
Epoch 379/1250 - train 0.049174 - val 0.030827
Epoch 380/1250 - train 0.049545 - val 0.032665
Epoch 381/1250 - train 0.048880 - val 0.036220
Epoch 382/1250 - train 0.048897 - val 0.028634
Epoch 383/1250 - train 0.049834 - val 0.030269
Epoch 384/1250 - train 0.049634 - val 0.032357
Epoch 385/1250 - train 0.049620 - val 0.029324
Epoch 386/1250 - train 0.049579 - val 0.030062
Epoch 387/1250 - train 0.048704 - val 0.030276
Epoch 388/1250 - train 0.048795 - val 0.028218
Epoch 389/1250 - train 0.048323 - val 0.032309
Epoch 390/1250 - train 0.048639 - val 0.029682
Epoch 391/1250 - train 0.049330 - val 0.035214
Epoch 392/1250 - train 0.049027 - val 0.027396
Epoch 393/1250 - train 0.048591 - val 0.027960
Epoch 394/1250 - train 0.048460 - val 0.028509
Epoch 395/1250 - train 0.048814 - val 0.031691
Epoch 396/1250 - train 0.049011 - val 0.029184
Epoch 397/1250 - train 0.048939 - val 0.029817
Epoch 398/1250 - train 0.049412 - val 0.029026
Epoch 399/1250 - train 0.048674 - val 0.027560
Epoch 400/1250 - train 0.048385 - val 0.029547
Epoch 401/1250 - train 0.048790 - val 0.031111
Epoch 402/1250 - train 0.049221 - val 0.030830
Epoch 403/1250 - train 0.048017 - val 0.026889
Epoch 404/1250 - train 0.048100 - val 0.028368
Epoch 405/1250 - train 0.048691 - val 0.028570
Epoch 406/1250 - train 0.048736 - val 0.028052
Epoch 407/1250 - train 0.049868 - val 0.028107
Epoch 408/1250 - train 0.047716 - val 0.028690
Epoch 409/1250 - train 0.048124 - val 0.027257
Epoch 410/1250 - train 0.048076 - val 0.029251
Epoch 411/1250 - train 0.047702 - val 0.027684
Epoch 412/1250 - train 0.048818 - val 0.028521
Epoch 413/1250 - train 0.047849 - val 0.027619
Epoch 414/1250 - train 0.047898 - val 0.028211
Epoch 415/1250 - train 0.048219 - val 0.027843
Epoch 416/1250 - train 0.047775 - val 0.027837
Epoch 417/1250 - train 0.048556 - val 0.029311
Epoch 418/1250 - train 0.048125 - val 0.030991
Epoch 419/1250 - train 0.047338 - val 0.027127
Epoch 420/1250 - train 0.047751 - val 0.028922
Epoch 421/1250 - train 0.048482 - val 0.026783
Epoch 422/1250 - train 0.048970 - val 0.030120
Epoch 423/1250 - train 0.048854 - val 0.027884
Epoch 424/1250 - train 0.047259 - val 0.027803
Epoch 425/1250 - train 0.047735 - val 0.027536
Epoch 426/1250 - train 0.047930 - val 0.032059
Epoch 427/1250 - train 0.047714 - val 0.027603
Epoch 428/1250 - train 0.047708 - val 0.026949
Epoch 429/1250 - train 0.047970 - val 0.027703
Epoch 430/1250 - train 0.047626 - val 0.028006
Epoch 431/1250 - train 0.047433 - val 0.031655
Epoch 432/1250 - train 0.047572 - val 0.027123
Epoch 433/1250 - train 0.047706 - val 0.027844
Epoch 434/1250 - train 0.047581 - val 0.028827
Epoch 435/1250 - train 0.047773 - val 0.030513
Epoch 436/1250 - train 0.047555 - val 0.027616
Epoch 437/1250 - train 0.048146 - val 0.029069
Epoch 438/1250 - train 0.047819 - val 0.028051
Epoch 439/1250 - train 0.047399 - val 0.028023
Epoch 440/1250 - train 0.046974 - val 0.029758
Epoch 441/1250 - train 0.047686 - val 0.030272
Epoch 442/1250 - train 0.046903 - val 0.030142
Epoch 443/1250 - train 0.048621 - val 0.031121
Epoch 444/1250 - train 0.047139 - val 0.030565
Epoch 445/1250 - train 0.047274 - val 0.031043
Epoch 446/1250 - train 0.046924 - val 0.027345
Epoch 447/1250 - train 0.046564 - val 0.027152
Epoch 448/1250 - train 0.046962 - val 0.027616
Epoch 449/1250 - train 0.047736 - val 0.034575
Epoch 450/1250 - train 0.047512 - val 0.027545
Epoch 451/1250 - train 0.046947 - val 0.027834
Epoch 452/1250 - train 0.047197 - val 0.027397
Epoch 453/1250 - train 0.046684 - val 0.028059
Epoch 454/1250 - train 0.047575 - val 0.029650
Epoch 455/1250 - train 0.046781 - val 0.027754
Epoch 456/1250 - train 0.046634 - val 0.026659
Epoch 457/1250 - train 0.046626 - val 0.031067
Epoch 458/1250 - train 0.047050 - val 0.028198
Epoch 459/1250 - train 0.046374 - val 0.027565
Epoch 460/1250 - train 0.046538 - val 0.028202
Epoch 461/1250 - train 0.047591 - val 0.027552
Epoch 462/1250 - train 0.046750 - val 0.033305
Epoch 463/1250 - train 0.047729 - val 0.026626
Epoch 464/1250 - train 0.046057 - val 0.030208
Epoch 465/1250 - train 0.047077 - val 0.040452
Epoch 466/1250 - train 0.046976 - val 0.027613
Epoch 467/1250 - train 0.046310 - val 0.027382
Epoch 468/1250 - train 0.046502 - val 0.027549
Epoch 469/1250 - train 0.046447 - val 0.028272
Epoch 470/1250 - train 0.046675 - val 0.028832
Epoch 471/1250 - train 0.047367 - val 0.026755
Epoch 472/1250 - train 0.046205 - val 0.026369
Epoch 473/1250 - train 0.046317 - val 0.028116
Epoch 474/1250 - train 0.046516 - val 0.027157
Epoch 475/1250 - train 0.046073 - val 0.028400
Epoch 476/1250 - train 0.046444 - val 0.026918
Epoch 477/1250 - train 0.046355 - val 0.028677
Epoch 478/1250 - train 0.046245 - val 0.026200
Epoch 479/1250 - train 0.046667 - val 0.027334
Epoch 480/1250 - train 0.046544 - val 0.030686
Epoch 481/1250 - train 0.046725 - val 0.029574
Epoch 482/1250 - train 0.046755 - val 0.026163
Epoch 483/1250 - train 0.046530 - val 0.026192
Epoch 484/1250 - train 0.045673 - val 0.027683
Epoch 485/1250 - train 0.046245 - val 0.031768
Epoch 486/1250 - train 0.046956 - val 0.029060
Epoch 487/1250 - train 0.046232 - val 0.031977
Epoch 488/1250 - train 0.046882 - val 0.026518
Epoch 489/1250 - train 0.046039 - val 0.026930
Epoch 490/1250 - train 0.046170 - val 0.028059
Epoch 491/1250 - train 0.045823 - val 0.027613
Epoch 492/1250 - train 0.046072 - val 0.027945
Epoch 493/1250 - train 0.046163 - val 0.026550
Epoch 494/1250 - train 0.045643 - val 0.027501
Epoch 495/1250 - train 0.046690 - val 0.026244
Epoch 496/1250 - train 0.045741 - val 0.027643
Epoch 497/1250 - train 0.045891 - val 0.028352
Epoch 498/1250 - train 0.045799 - val 0.029464
Epoch 499/1250 - train 0.045976 - val 0.027559
Epoch 500/1250 - train 0.046186 - val 0.031612
Epoch 501/1250 - train 0.045750 - val 0.026891
Epoch 502/1250 - train 0.045543 - val 0.027658
Epoch 503/1250 - train 0.045896 - val 0.026156
Epoch 504/1250 - train 0.045696 - val 0.027020
Epoch 505/1250 - train 0.045917 - val 0.027100
Epoch 506/1250 - train 0.045971 - val 0.032221
Epoch 507/1250 - train 0.046034 - val 0.026121
Epoch 508/1250 - train 0.045857 - val 0.026915
Epoch 509/1250 - train 0.045562 - val 0.026947
Epoch 510/1250 - train 0.045565 - val 0.025966
Epoch 511/1250 - train 0.045636 - val 0.026999
Epoch 512/1250 - train 0.046105 - val 0.028433
Epoch 513/1250 - train 0.045338 - val 0.026773
Epoch 514/1250 - train 0.045531 - val 0.026682
Epoch 515/1250 - train 0.045418 - val 0.026218
Epoch 516/1250 - train 0.045702 - val 0.026417
Epoch 517/1250 - train 0.045640 - val 0.028049
Epoch 518/1250 - train 0.047038 - val 0.026952
Epoch 519/1250 - train 0.044716 - val 0.026532
Epoch 520/1250 - train 0.045316 - val 0.027078
Epoch 521/1250 - train 0.045070 - val 0.029645
Epoch 522/1250 - train 0.045655 - val 0.031944
Epoch 523/1250 - train 0.045593 - val 0.030369
Epoch 524/1250 - train 0.045671 - val 0.026332
Epoch 525/1250 - train 0.044844 - val 0.028763
Epoch 526/1250 - train 0.045320 - val 0.026579
Epoch 527/1250 - train 0.045042 - val 0.030852
Epoch 528/1250 - train 0.045900 - val 0.026993
Epoch 529/1250 - train 0.045923 - val 0.025929
Epoch 530/1250 - train 0.045296 - val 0.026990
Epoch 531/1250 - train 0.046145 - val 0.027523
Epoch 532/1250 - train 0.045117 - val 0.026537
Epoch 533/1250 - train 0.045274 - val 0.025835
Epoch 534/1250 - train 0.044972 - val 0.026152
Epoch 535/1250 - train 0.045184 - val 0.025925
Epoch 536/1250 - train 0.044924 - val 0.028756
Epoch 537/1250 - train 0.044859 - val 0.026972
Epoch 538/1250 - train 0.045790 - val 0.026566
Epoch 539/1250 - train 0.044873 - val 0.026644
Epoch 540/1250 - train 0.045103 - val 0.026839
Epoch 541/1250 - train 0.044915 - val 0.027611
Epoch 542/1250 - train 0.044808 - val 0.025863
Epoch 543/1250 - train 0.045196 - val 0.026073
Epoch 544/1250 - train 0.044984 - val 0.027193
Epoch 545/1250 - train 0.045108 - val 0.026152
Epoch 546/1250 - train 0.045268 - val 0.026692
Epoch 547/1250 - train 0.044665 - val 0.031525
Epoch 548/1250 - train 0.044942 - val 0.027150
Epoch 549/1250 - train 0.045135 - val 0.026128
Epoch 550/1250 - train 0.045044 - val 0.028273
Epoch 551/1250 - train 0.044693 - val 0.026944
Epoch 552/1250 - train 0.044340 - val 0.026346
Epoch 553/1250 - train 0.045272 - val 0.027456
Epoch 554/1250 - train 0.044734 - val 0.025931
Epoch 555/1250 - train 0.044904 - val 0.028236
Epoch 556/1250 - train 0.045764 - val 0.026318
Epoch 557/1250 - train 0.044570 - val 0.025776
Epoch 558/1250 - train 0.044423 - val 0.025484
Epoch 559/1250 - train 0.044863 - val 0.025599
Epoch 560/1250 - train 0.044242 - val 0.029324
Epoch 561/1250 - train 0.044826 - val 0.030389
Epoch 562/1250 - train 0.044844 - val 0.026840
Epoch 563/1250 - train 0.044602 - val 0.027105
Epoch 564/1250 - train 0.044389 - val 0.025702
Epoch 565/1250 - train 0.044773 - val 0.025029
Epoch 566/1250 - train 0.044279 - val 0.025140
Epoch 567/1250 - train 0.045140 - val 0.029557
Epoch 568/1250 - train 0.044491 - val 0.026013
Epoch 569/1250 - train 0.044161 - val 0.025259
Epoch 570/1250 - train 0.044362 - val 0.025878
Epoch 571/1250 - train 0.044027 - val 0.027266
Epoch 572/1250 - train 0.044051 - val 0.026391
Epoch 573/1250 - train 0.044298 - val 0.026280
Epoch 574/1250 - train 0.045181 - val 0.031077
Epoch 575/1250 - train 0.044939 - val 0.026450
Epoch 576/1250 - train 0.045236 - val 0.026309
Epoch 577/1250 - train 0.044568 - val 0.033292
Epoch 578/1250 - train 0.043796 - val 0.026429
Epoch 579/1250 - train 0.044329 - val 0.025358
Epoch 580/1250 - train 0.044323 - val 0.026446
Epoch 581/1250 - train 0.043669 - val 0.025469
Epoch 582/1250 - train 0.044496 - val 0.027924
Epoch 583/1250 - train 0.044256 - val 0.026966
Epoch 584/1250 - train 0.044150 - val 0.026673
Epoch 585/1250 - train 0.043917 - val 0.025668
Epoch 586/1250 - train 0.044169 - val 0.025683
Epoch 587/1250 - train 0.044162 - val 0.024907
Epoch 588/1250 - train 0.044539 - val 0.027634
Epoch 589/1250 - train 0.044424 - val 0.027252
Epoch 590/1250 - train 0.044613 - val 0.026898
Epoch 591/1250 - train 0.044267 - val 0.025283
Epoch 592/1250 - train 0.043711 - val 0.026090
Epoch 593/1250 - train 0.044558 - val 0.025077
Epoch 594/1250 - train 0.043904 - val 0.025129
Epoch 595/1250 - train 0.043886 - val 0.025242
Epoch 596/1250 - train 0.044418 - val 0.027003
Epoch 597/1250 - train 0.044065 - val 0.025307
Epoch 598/1250 - train 0.043799 - val 0.026134
Epoch 599/1250 - train 0.044584 - val 0.028836
Epoch 600/1250 - train 0.044034 - val 0.026748
Epoch 601/1250 - train 0.044210 - val 0.025112
Epoch 602/1250 - train 0.043199 - val 0.027335
Epoch 603/1250 - train 0.044285 - val 0.024956
Epoch 604/1250 - train 0.043938 - val 0.030589
Epoch 605/1250 - train 0.044007 - val 0.025618
Epoch 606/1250 - train 0.043882 - val 0.026726
Epoch 607/1250 - train 0.043353 - val 0.025952
Epoch 608/1250 - train 0.044094 - val 0.025462
Epoch 609/1250 - train 0.043875 - val 0.026213
Epoch 610/1250 - train 0.044063 - val 0.026826
Epoch 611/1250 - train 0.044046 - val 0.025799
Epoch 612/1250 - train 0.043491 - val 0.027009
Epoch 613/1250 - train 0.043070 - val 0.025089
Epoch 614/1250 - train 0.043996 - val 0.025413
Epoch 615/1250 - train 0.043672 - val 0.024745
Epoch 616/1250 - train 0.043385 - val 0.026440
Epoch 617/1250 - train 0.043789 - val 0.026825
Epoch 618/1250 - train 0.044125 - val 0.025626
Epoch 619/1250 - train 0.043584 - val 0.025872
Epoch 620/1250 - train 0.043725 - val 0.024291
Epoch 621/1250 - train 0.043721 - val 0.026028
Epoch 622/1250 - train 0.043257 - val 0.025262
Epoch 623/1250 - train 0.044104 - val 0.025743
Epoch 624/1250 - train 0.043705 - val 0.024774
Epoch 625/1250 - train 0.043313 - val 0.025193
Epoch 626/1250 - train 0.043875 - val 0.024408
Epoch 627/1250 - train 0.043009 - val 0.029411
Epoch 628/1250 - train 0.043462 - val 0.025778
Epoch 629/1250 - train 0.043262 - val 0.024810
Epoch 630/1250 - train 0.043464 - val 0.026901
Epoch 631/1250 - train 0.043311 - val 0.027543
Epoch 632/1250 - train 0.043412 - val 0.027843
Epoch 633/1250 - train 0.043547 - val 0.025190
Epoch 634/1250 - train 0.042963 - val 0.025273
Epoch 635/1250 - train 0.043738 - val 0.027186
Epoch 636/1250 - train 0.043457 - val 0.027664
Epoch 637/1250 - train 0.043484 - val 0.025797
Epoch 638/1250 - train 0.043161 - val 0.026050
Epoch 639/1250 - train 0.043357 - val 0.025565
Epoch 640/1250 - train 0.043212 - val 0.025807
Epoch 641/1250 - train 0.043112 - val 0.023933
Epoch 642/1250 - train 0.043204 - val 0.025089
Epoch 643/1250 - train 0.043517 - val 0.026109
Epoch 644/1250 - train 0.042857 - val 0.024851
Epoch 645/1250 - train 0.043132 - val 0.025707
Epoch 646/1250 - train 0.042969 - val 0.024612
Epoch 647/1250 - train 0.043083 - val 0.027781
Epoch 648/1250 - train 0.043638 - val 0.025525
Epoch 649/1250 - train 0.043509 - val 0.024878
Epoch 650/1250 - train 0.043686 - val 0.024820
Epoch 651/1250 - train 0.043081 - val 0.025101
Epoch 652/1250 - train 0.043195 - val 0.024556
Epoch 653/1250 - train 0.042837 - val 0.024191
Epoch 654/1250 - train 0.043175 - val 0.034694
Epoch 655/1250 - train 0.043262 - val 0.024637
Epoch 656/1250 - train 0.042897 - val 0.024212
Epoch 657/1250 - train 0.042751 - val 0.024985
Epoch 658/1250 - train 0.043351 - val 0.024836
Epoch 659/1250 - train 0.042633 - val 0.025630
Epoch 660/1250 - train 0.042887 - val 0.027060
Epoch 661/1250 - train 0.043043 - val 0.026708
Epoch 662/1250 - train 0.043276 - val 0.026786
Epoch 663/1250 - train 0.042872 - val 0.029262
Epoch 664/1250 - train 0.042943 - val 0.024491
Epoch 665/1250 - train 0.042726 - val 0.027827
Epoch 666/1250 - train 0.043201 - val 0.026313
Epoch 667/1250 - train 0.043269 - val 0.026581
Epoch 668/1250 - train 0.043035 - val 0.024277
Epoch 669/1250 - train 0.042997 - val 0.024071
Epoch 670/1250 - train 0.042747 - val 0.024214
Epoch 671/1250 - train 0.043118 - val 0.025697
Epoch 672/1250 - train 0.042955 - val 0.025049
Epoch 673/1250 - train 0.042701 - val 0.025642
Epoch 674/1250 - train 0.043173 - val 0.024233
Epoch 675/1250 - train 0.042511 - val 0.026945
Epoch 676/1250 - train 0.042425 - val 0.024838
Epoch 677/1250 - train 0.042459 - val 0.025870
Epoch 678/1250 - train 0.042978 - val 0.026088
Epoch 679/1250 - train 0.042361 - val 0.025240
Epoch 680/1250 - train 0.042866 - val 0.023853
Epoch 681/1250 - train 0.042644 - val 0.024743
Epoch 682/1250 - train 0.043109 - val 0.026877
Epoch 683/1250 - train 0.042725 - val 0.024749
Epoch 684/1250 - train 0.042555 - val 0.025081
Epoch 685/1250 - train 0.042425 - val 0.023672
Epoch 686/1250 - train 0.043165 - val 0.024823
Epoch 687/1250 - train 0.042702 - val 0.024024
Epoch 688/1250 - train 0.042616 - val 0.026769
Epoch 689/1250 - train 0.042978 - val 0.024794
Epoch 690/1250 - train 0.042242 - val 0.024231
Epoch 691/1250 - train 0.042516 - val 0.024830
Epoch 692/1250 - train 0.042417 - val 0.025077
Epoch 693/1250 - train 0.042064 - val 0.028470
Epoch 694/1250 - train 0.042401 - val 0.025978
Epoch 695/1250 - train 0.042451 - val 0.024449
Epoch 696/1250 - train 0.042236 - val 0.026426
Epoch 697/1250 - train 0.042869 - val 0.024474
Epoch 698/1250 - train 0.042626 - val 0.025223
Epoch 699/1250 - train 0.042735 - val 0.025427
Epoch 700/1250 - train 0.042702 - val 0.024532
Epoch 701/1250 - train 0.041956 - val 0.026588
Epoch 702/1250 - train 0.042082 - val 0.024848
Epoch 703/1250 - train 0.042153 - val 0.025159
Epoch 704/1250 - train 0.042381 - val 0.025072
Epoch 705/1250 - train 0.042981 - val 0.024259
Epoch 706/1250 - train 0.042347 - val 0.025126
Epoch 707/1250 - train 0.042118 - val 0.024595
Epoch 708/1250 - train 0.042146 - val 0.024217
Epoch 709/1250 - train 0.041911 - val 0.025240
Epoch 710/1250 - train 0.042472 - val 0.024143
Epoch 711/1250 - train 0.041905 - val 0.025181
Epoch 712/1250 - train 0.041950 - val 0.026512
Epoch 713/1250 - train 0.042681 - val 0.025818
Epoch 714/1250 - train 0.042306 - val 0.028589
Epoch 715/1250 - train 0.042218 - val 0.024250
Epoch 716/1250 - train 0.042368 - val 0.026036
Epoch 717/1250 - train 0.041882 - val 0.024604
Epoch 718/1250 - train 0.042121 - val 0.026193
Epoch 719/1250 - train 0.041899 - val 0.025331
Epoch 720/1250 - train 0.041986 - val 0.024833
Epoch 721/1250 - train 0.042073 - val 0.024447
Epoch 722/1250 - train 0.041874 - val 0.024699
Epoch 723/1250 - train 0.042063 - val 0.023546
Epoch 724/1250 - train 0.041874 - val 0.024442
Epoch 725/1250 - train 0.041754 - val 0.026597
Epoch 726/1250 - train 0.042098 - val 0.025627
Epoch 727/1250 - train 0.042142 - val 0.024696
Epoch 728/1250 - train 0.042361 - val 0.023981
Epoch 729/1250 - train 0.041999 - val 0.023969
Epoch 730/1250 - train 0.041910 - val 0.023948
Epoch 731/1250 - train 0.042598 - val 0.023638
Epoch 732/1250 - train 0.042108 - val 0.023839
Epoch 733/1250 - train 0.041987 - val 0.029016
Epoch 734/1250 - train 0.041503 - val 0.023748
Epoch 735/1250 - train 0.041725 - val 0.030659
Epoch 736/1250 - train 0.042093 - val 0.024483
Epoch 737/1250 - train 0.041884 - val 0.023972
Epoch 738/1250 - train 0.041858 - val 0.024974
Epoch 739/1250 - train 0.042005 - val 0.024016
Epoch 740/1250 - train 0.041678 - val 0.025218
Epoch 741/1250 - train 0.042519 - val 0.024358
Epoch 742/1250 - train 0.041846 - val 0.025871
Epoch 743/1250 - train 0.041658 - val 0.024081
Epoch 744/1250 - train 0.041290 - val 0.023618
Epoch 745/1250 - train 0.042294 - val 0.024603
Epoch 746/1250 - train 0.041648 - val 0.023547
Epoch 747/1250 - train 0.041385 - val 0.025047
Epoch 748/1250 - train 0.041464 - val 0.023832
Epoch 749/1250 - train 0.041805 - val 0.024048
Epoch 750/1250 - train 0.042404 - val 0.025428
Epoch 751/1250 - train 0.041786 - val 0.025092
Epoch 752/1250 - train 0.042115 - val 0.026427
Epoch 753/1250 - train 0.041461 - val 0.025768
Epoch 754/1250 - train 0.041494 - val 0.023730
Epoch 755/1250 - train 0.041786 - val 0.025381
Epoch 756/1250 - train 0.041612 - val 0.023630
Epoch 757/1250 - train 0.041674 - val 0.023926
Epoch 758/1250 - train 0.041855 - val 0.025088
Epoch 759/1250 - train 0.041929 - val 0.024973
Epoch 760/1250 - train 0.041411 - val 0.024660
Epoch 761/1250 - train 0.041824 - val 0.024059
Epoch 762/1250 - train 0.042116 - val 0.023800
Epoch 763/1250 - train 0.041690 - val 0.024008
Epoch 764/1250 - train 0.041892 - val 0.025142
Epoch 765/1250 - train 0.041462 - val 0.025203
Epoch 766/1250 - train 0.041863 - val 0.024024
Epoch 767/1250 - train 0.041422 - val 0.023795
Epoch 768/1250 - train 0.041264 - val 0.023499
Epoch 769/1250 - train 0.041574 - val 0.023933
Epoch 770/1250 - train 0.041382 - val 0.026705
Epoch 771/1250 - train 0.041783 - val 0.025969
Epoch 772/1250 - train 0.042170 - val 0.023887
Epoch 773/1250 - train 0.041769 - val 0.025227
Epoch 774/1250 - train 0.041186 - val 0.024802
Epoch 775/1250 - train 0.041309 - val 0.025979
Epoch 776/1250 - train 0.041354 - val 0.024015
Epoch 777/1250 - train 0.041071 - val 0.024034
Epoch 778/1250 - train 0.041729 - val 0.023089
Epoch 779/1250 - train 0.041355 - val 0.026270
Epoch 780/1250 - train 0.042005 - val 0.023623
Epoch 781/1250 - train 0.041612 - val 0.025760
Epoch 782/1250 - train 0.040997 - val 0.024994
Epoch 783/1250 - train 0.041060 - val 0.025964
Epoch 784/1250 - train 0.041474 - val 0.023361
Epoch 785/1250 - train 0.040889 - val 0.024135
Epoch 786/1250 - train 0.041291 - val 0.023197
Epoch 787/1250 - train 0.041025 - val 0.024803
Epoch 788/1250 - train 0.041664 - val 0.024288
Epoch 789/1250 - train 0.041108 - val 0.023714
Epoch 790/1250 - train 0.041607 - val 0.024975
Epoch 791/1250 - train 0.041636 - val 0.027764
Epoch 792/1250 - train 0.041191 - val 0.024244
Epoch 793/1250 - train 0.041191 - val 0.023640
Epoch 794/1250 - train 0.041076 - val 0.024467
Epoch 795/1250 - train 0.041030 - val 0.024538
Epoch 796/1250 - train 0.041557 - val 0.024322
Epoch 797/1250 - train 0.041172 - val 0.025319
Epoch 798/1250 - train 0.040666 - val 0.023354
Epoch 799/1250 - train 0.041381 - val 0.023175
Epoch 800/1250 - train 0.041615 - val 0.024050
Epoch 801/1250 - train 0.041490 - val 0.024464
Epoch 802/1250 - train 0.040717 - val 0.024478
Epoch 803/1250 - train 0.041685 - val 0.022884
Epoch 804/1250 - train 0.040913 - val 0.023553
Epoch 805/1250 - train 0.040785 - val 0.023241
Epoch 806/1250 - train 0.041670 - val 0.025229
Epoch 807/1250 - train 0.041148 - val 0.023534
Epoch 808/1250 - train 0.040868 - val 0.023505
Epoch 809/1250 - train 0.040651 - val 0.023720
Epoch 810/1250 - train 0.041174 - val 0.026808
Epoch 811/1250 - train 0.040948 - val 0.023346
Epoch 812/1250 - train 0.041007 - val 0.023907
Epoch 813/1250 - train 0.041570 - val 0.024578
Epoch 814/1250 - train 0.041191 - val 0.023643
Epoch 815/1250 - train 0.040659 - val 0.023740
Epoch 816/1250 - train 0.041174 - val 0.023878
Epoch 817/1250 - train 0.041047 - val 0.025354
Epoch 818/1250 - train 0.040458 - val 0.023352
Epoch 819/1250 - train 0.040688 - val 0.023961
Epoch 820/1250 - train 0.040920 - val 0.023399
Epoch 821/1250 - train 0.042272 - val 0.022939
Epoch 822/1250 - train 0.040726 - val 0.025130
Epoch 823/1250 - train 0.040510 - val 0.022735
Epoch 824/1250 - train 0.040505 - val 0.025489
Epoch 825/1250 - train 0.040677 - val 0.024434
Epoch 826/1250 - train 0.040946 - val 0.025278
Epoch 827/1250 - train 0.040822 - val 0.023484
Epoch 828/1250 - train 0.040814 - val 0.024250
Epoch 829/1250 - train 0.040299 - val 0.023176
Epoch 830/1250 - train 0.040425 - val 0.023345
Epoch 831/1250 - train 0.041743 - val 0.024910
Epoch 832/1250 - train 0.041000 - val 0.026644
Epoch 833/1250 - train 0.040600 - val 0.024502
Epoch 834/1250 - train 0.041088 - val 0.022980
Epoch 835/1250 - train 0.040908 - val 0.023428
Epoch 836/1250 - train 0.040960 - val 0.025272
Epoch 837/1250 - train 0.040545 - val 0.023843
Epoch 838/1250 - train 0.040665 - val 0.024113
Epoch 839/1250 - train 0.040724 - val 0.023759
Epoch 840/1250 - train 0.040604 - val 0.023144
Epoch 841/1250 - train 0.040830 - val 0.023852
Epoch 842/1250 - train 0.040493 - val 0.024335
Epoch 843/1250 - train 0.040681 - val 0.023047
Epoch 844/1250 - train 0.040864 - val 0.024890
Epoch 845/1250 - train 0.041150 - val 0.022781
Epoch 846/1250 - train 0.040607 - val 0.026934
Epoch 847/1250 - train 0.040662 - val 0.023604
Epoch 848/1250 - train 0.040566 - val 0.024494
Epoch 849/1250 - train 0.040619 - val 0.026894
Epoch 850/1250 - train 0.041154 - val 0.024124
Epoch 851/1250 - train 0.040814 - val 0.023609
Epoch 852/1250 - train 0.040452 - val 0.023730
Epoch 853/1250 - train 0.040140 - val 0.023343
Epoch 854/1250 - train 0.040530 - val 0.024190
Epoch 855/1250 - train 0.040280 - val 0.023546
Epoch 856/1250 - train 0.040299 - val 0.023674
Epoch 857/1250 - train 0.040656 - val 0.022768
Epoch 858/1250 - train 0.040742 - val 0.024149
Epoch 859/1250 - train 0.040134 - val 0.022747
Epoch 860/1250 - train 0.040667 - val 0.024230
Epoch 861/1250 - train 0.040477 - val 0.024141
Epoch 862/1250 - train 0.040963 - val 0.023782
Epoch 863/1250 - train 0.040582 - val 0.022541
Epoch 864/1250 - train 0.040309 - val 0.025849
Epoch 865/1250 - train 0.041220 - val 0.022942
Epoch 866/1250 - train 0.040602 - val 0.032003
Epoch 867/1250 - train 0.041021 - val 0.026068
Epoch 868/1250 - train 0.040235 - val 0.023305
Epoch 869/1250 - train 0.039932 - val 0.023728
Epoch 870/1250 - train 0.040605 - val 0.023960
Epoch 871/1250 - train 0.040717 - val 0.023264
Epoch 872/1250 - train 0.040006 - val 0.022798
Epoch 873/1250 - train 0.040402 - val 0.026728
Epoch 874/1250 - train 0.040459 - val 0.023078
Epoch 875/1250 - train 0.040475 - val 0.024362
Epoch 876/1250 - train 0.040136 - val 0.024526
Epoch 877/1250 - train 0.040133 - val 0.026421
Epoch 878/1250 - train 0.040448 - val 0.025091
Epoch 879/1250 - train 0.040051 - val 0.022559
Epoch 880/1250 - train 0.040117 - val 0.023790
Epoch 881/1250 - train 0.039881 - val 0.023209
Epoch 882/1250 - train 0.040404 - val 0.025708
Epoch 883/1250 - train 0.040075 - val 0.022286
Epoch 884/1250 - train 0.040610 - val 0.022797
Epoch 885/1250 - train 0.040115 - val 0.022246
Epoch 886/1250 - train 0.040414 - val 0.025726
Epoch 887/1250 - train 0.040530 - val 0.025227
Epoch 888/1250 - train 0.040121 - val 0.023494
Epoch 889/1250 - train 0.040137 - val 0.025201
Epoch 890/1250 - train 0.040350 - val 0.023271
Epoch 891/1250 - train 0.040553 - val 0.023061
Epoch 892/1250 - train 0.040766 - val 0.023349
Epoch 893/1250 - train 0.040125 - val 0.024300
Epoch 894/1250 - train 0.039712 - val 0.023178
Epoch 895/1250 - train 0.040412 - val 0.022627
Epoch 896/1250 - train 0.040193 - val 0.022962
Epoch 897/1250 - train 0.040152 - val 0.022653
Epoch 898/1250 - train 0.040195 - val 0.022952
Epoch 899/1250 - train 0.040264 - val 0.023407
Epoch 900/1250 - train 0.040361 - val 0.023535
Epoch 901/1250 - train 0.039826 - val 0.023265
Epoch 902/1250 - train 0.040061 - val 0.025964
Epoch 903/1250 - train 0.040152 - val 0.024783
Epoch 904/1250 - train 0.040123 - val 0.023287
Epoch 905/1250 - train 0.040325 - val 0.022656
Epoch 906/1250 - train 0.040089 - val 0.024936
Epoch 907/1250 - train 0.040265 - val 0.023248
Epoch 908/1250 - train 0.040118 - val 0.023910
Epoch 909/1250 - train 0.040067 - val 0.025316
Epoch 910/1250 - train 0.039875 - val 0.022432
Epoch 911/1250 - train 0.039789 - val 0.024843
Epoch 912/1250 - train 0.040073 - val 0.024489
Epoch 913/1250 - train 0.039776 - val 0.023068
Epoch 914/1250 - train 0.040253 - val 0.022696
Epoch 915/1250 - train 0.039952 - val 0.025272
Epoch 916/1250 - train 0.039932 - val 0.022918
Epoch 917/1250 - train 0.040056 - val 0.023324
Epoch 918/1250 - train 0.040097 - val 0.026830
Epoch 919/1250 - train 0.039973 - val 0.022196
Epoch 920/1250 - train 0.039784 - val 0.023115
Epoch 921/1250 - train 0.039987 - val 0.022385
Epoch 922/1250 - train 0.039968 - val 0.023631
Epoch 923/1250 - train 0.039747 - val 0.023775
Epoch 924/1250 - train 0.040334 - val 0.023544
Epoch 925/1250 - train 0.040088 - val 0.024580
Epoch 926/1250 - train 0.039696 - val 0.022517
Epoch 927/1250 - train 0.039737 - val 0.023827
Epoch 928/1250 - train 0.039738 - val 0.026170
Epoch 929/1250 - train 0.039998 - val 0.024579
Epoch 930/1250 - train 0.039582 - val 0.023406
Epoch 931/1250 - train 0.039585 - val 0.022859
Epoch 932/1250 - train 0.039566 - val 0.025126
Epoch 933/1250 - train 0.039981 - val 0.022753
Epoch 934/1250 - train 0.040193 - val 0.023995
Epoch 935/1250 - train 0.040706 - val 0.022831
Epoch 936/1250 - train 0.039532 - val 0.022723
Epoch 937/1250 - train 0.039175 - val 0.024131
Epoch 938/1250 - train 0.039578 - val 0.022697
Epoch 939/1250 - train 0.040191 - val 0.022919
Epoch 940/1250 - train 0.040158 - val 0.022804
Epoch 941/1250 - train 0.039771 - val 0.022606
Epoch 942/1250 - train 0.039245 - val 0.023220
Epoch 943/1250 - train 0.040155 - val 0.021761
Epoch 944/1250 - train 0.039761 - val 0.022810
Epoch 945/1250 - train 0.039256 - val 0.025185
Epoch 946/1250 - train 0.039696 - val 0.022460
Epoch 947/1250 - train 0.039721 - val 0.023532
Epoch 948/1250 - train 0.039307 - val 0.025659
Epoch 949/1250 - train 0.039461 - val 0.023558
Epoch 950/1250 - train 0.039710 - val 0.025678
Epoch 951/1250 - train 0.040186 - val 0.022316
Epoch 952/1250 - train 0.039931 - val 0.022364
Epoch 953/1250 - train 0.039401 - val 0.022484
Epoch 954/1250 - train 0.039842 - val 0.026223
Epoch 955/1250 - train 0.039603 - val 0.022280
Epoch 956/1250 - train 0.039415 - val 0.023967
Epoch 957/1250 - train 0.039786 - val 0.022981
Epoch 958/1250 - train 0.039346 - val 0.023399
Epoch 959/1250 - train 0.039562 - val 0.022367
Epoch 960/1250 - train 0.039295 - val 0.022238
Epoch 961/1250 - train 0.039658 - val 0.023307
Epoch 962/1250 - train 0.039831 - val 0.022125
Epoch 963/1250 - train 0.039142 - val 0.023283
Epoch 964/1250 - train 0.039750 - val 0.022826
Epoch 965/1250 - train 0.039266 - val 0.025105
Epoch 966/1250 - train 0.039796 - val 0.022946
Epoch 967/1250 - train 0.039538 - val 0.023261
Epoch 968/1250 - train 0.039659 - val 0.022290
Epoch 969/1250 - train 0.039662 - val 0.023152
Epoch 970/1250 - train 0.039471 - val 0.022433
Epoch 971/1250 - train 0.039386 - val 0.022197
Epoch 972/1250 - train 0.039569 - val 0.023706
Epoch 973/1250 - train 0.039553 - val 0.022920
Epoch 974/1250 - train 0.039392 - val 0.022631
Epoch 975/1250 - train 0.039250 - val 0.022968
Epoch 976/1250 - train 0.039661 - val 0.022704
Epoch 977/1250 - train 0.039228 - val 0.022845
Epoch 978/1250 - train 0.039157 - val 0.022368
Epoch 979/1250 - train 0.039683 - val 0.022954
Epoch 980/1250 - train 0.039394 - val 0.023206
Epoch 981/1250 - train 0.039258 - val 0.023475
Epoch 982/1250 - train 0.039590 - val 0.023155
Epoch 983/1250 - train 0.039470 - val 0.025928
Epoch 984/1250 - train 0.039129 - val 0.022550
Epoch 985/1250 - train 0.039380 - val 0.023287
Epoch 986/1250 - train 0.039041 - val 0.022527
Epoch 987/1250 - train 0.040032 - val 0.023742
Epoch 988/1250 - train 0.039055 - val 0.021174
Epoch 989/1250 - train 0.038957 - val 0.022530
Epoch 990/1250 - train 0.039016 - val 0.025149
Epoch 991/1250 - train 0.039698 - val 0.022278
Epoch 992/1250 - train 0.039326 - val 0.024817
Epoch 993/1250 - train 0.039311 - val 0.022435
Epoch 994/1250 - train 0.038762 - val 0.024864
Epoch 995/1250 - train 0.039469 - val 0.022422
Epoch 996/1250 - train 0.039695 - val 0.022327
Epoch 997/1250 - train 0.039162 - val 0.022057
Epoch 998/1250 - train 0.039026 - val 0.022215
Epoch 999/1250 - train 0.038817 - val 0.022545
Epoch 1000/1250 - train 0.039331 - val 0.023207
Epoch 1001/1250 - train 0.039386 - val 0.022987
Epoch 1002/1250 - train 0.039426 - val 0.028406
Epoch 1003/1250 - train 0.039201 - val 0.022906
Epoch 1004/1250 - train 0.039312 - val 0.022137
Epoch 1005/1250 - train 0.039258 - val 0.022296
Epoch 1006/1250 - train 0.038588 - val 0.021702
Epoch 1007/1250 - train 0.038907 - val 0.023113
Epoch 1008/1250 - train 0.039412 - val 0.022129
Epoch 1009/1250 - train 0.038633 - val 0.021913
Epoch 1010/1250 - train 0.039316 - val 0.022971
Epoch 1011/1250 - train 0.038868 - val 0.022320
Epoch 1012/1250 - train 0.039235 - val 0.022434
Epoch 1013/1250 - train 0.039103 - val 0.021811
Epoch 1014/1250 - train 0.039031 - val 0.023099
Epoch 1015/1250 - train 0.038956 - val 0.023989
Epoch 1016/1250 - train 0.039573 - val 0.022645
Epoch 1017/1250 - train 0.038808 - val 0.022200
Epoch 1018/1250 - train 0.039420 - val 0.022056
Epoch 1019/1250 - train 0.038900 - val 0.023447
Epoch 1020/1250 - train 0.038860 - val 0.021869
Epoch 1021/1250 - train 0.038924 - val 0.022985
Epoch 1022/1250 - train 0.038750 - val 0.022376
Epoch 1023/1250 - train 0.039023 - val 0.022851
Epoch 1024/1250 - train 0.038857 - val 0.023369
Epoch 1025/1250 - train 0.038959 - val 0.023293
Epoch 1026/1250 - train 0.039430 - val 0.022096
Epoch 1027/1250 - train 0.038670 - val 0.025487
Epoch 1028/1250 - train 0.038833 - val 0.022416
Epoch 1029/1250 - train 0.038979 - val 0.024352
Epoch 1030/1250 - train 0.038999 - val 0.022373
Epoch 1031/1250 - train 0.039162 - val 0.022161
Epoch 1032/1250 - train 0.038773 - val 0.022228
Epoch 1033/1250 - train 0.038716 - val 0.022818
Epoch 1034/1250 - train 0.038880 - val 0.022659
Epoch 1035/1250 - train 0.038818 - val 0.023194
Epoch 1036/1250 - train 0.039242 - val 0.022458
Epoch 1037/1250 - train 0.039154 - val 0.022488
Epoch 1038/1250 - train 0.039060 - val 0.023122
Epoch 1039/1250 - train 0.039064 - val 0.022905
Epoch 1040/1250 - train 0.038837 - val 0.023529
Epoch 1041/1250 - train 0.039091 - val 0.022603
Epoch 1042/1250 - train 0.039065 - val 0.021972
Epoch 1043/1250 - train 0.038780 - val 0.022121
Epoch 1044/1250 - train 0.038875 - val 0.024459
Epoch 1045/1250 - train 0.038891 - val 0.023294
Epoch 1046/1250 - train 0.038923 - val 0.022698
Epoch 1047/1250 - train 0.038380 - val 0.021988
Epoch 1048/1250 - train 0.038547 - val 0.022770
Epoch 1049/1250 - train 0.038716 - val 0.021795
Epoch 1050/1250 - train 0.039145 - val 0.024332
Epoch 1051/1250 - train 0.038603 - val 0.022510
Epoch 1052/1250 - train 0.039380 - val 0.023629
Epoch 1053/1250 - train 0.038591 - val 0.022762
Epoch 1054/1250 - train 0.038946 - val 0.025056
Epoch 1055/1250 - train 0.039108 - val 0.022561
Epoch 1056/1250 - train 0.038443 - val 0.023187
Epoch 1057/1250 - train 0.038847 - val 0.021698
Epoch 1058/1250 - train 0.038291 - val 0.025975
Epoch 1059/1250 - train 0.038521 - val 0.023019
Epoch 1060/1250 - train 0.038826 - val 0.022191
Epoch 1061/1250 - train 0.038699 - val 0.023184
Epoch 1062/1250 - train 0.038878 - val 0.022554
Epoch 1063/1250 - train 0.039116 - val 0.021839
Epoch 1064/1250 - train 0.038874 - val 0.024931
Epoch 1065/1250 - train 0.038440 - val 0.021305
Epoch 1066/1250 - train 0.038790 - val 0.022619
Epoch 1067/1250 - train 0.038387 - val 0.022503
Epoch 1068/1250 - train 0.038707 - val 0.022105
Epoch 1069/1250 - train 0.038611 - val 0.025241
Epoch 1070/1250 - train 0.038427 - val 0.022408
Epoch 1071/1250 - train 0.038785 - val 0.023936
Epoch 1072/1250 - train 0.038564 - val 0.022046
Epoch 1073/1250 - train 0.038720 - val 0.026746
Epoch 1074/1250 - train 0.038579 - val 0.022297
Epoch 1075/1250 - train 0.038587 - val 0.022908
Epoch 1076/1250 - train 0.038561 - val 0.023689
Epoch 1077/1250 - train 0.038688 - val 0.022309
Epoch 1078/1250 - train 0.038534 - val 0.023194
Epoch 1079/1250 - train 0.038926 - val 0.022784
Epoch 1080/1250 - train 0.038441 - val 0.022065
Epoch 1081/1250 - train 0.038417 - val 0.023535
Epoch 1082/1250 - train 0.038444 - val 0.022372
Epoch 1083/1250 - train 0.038427 - val 0.024858
Epoch 1084/1250 - train 0.038708 - val 0.022475
Epoch 1085/1250 - train 0.038165 - val 0.022938
Epoch 1086/1250 - train 0.038788 - val 0.021282
Epoch 1087/1250 - train 0.038747 - val 0.021275
Epoch 1088/1250 - train 0.038289 - val 0.022023
Epoch 1089/1250 - train 0.038627 - val 0.022416
Epoch 1090/1250 - train 0.038118 - val 0.021791
Epoch 1091/1250 - train 0.038280 - val 0.024575
Epoch 1092/1250 - train 0.038508 - val 0.022340
Epoch 1093/1250 - train 0.038381 - val 0.022551
Epoch 1094/1250 - train 0.038398 - val 0.022531
Epoch 1095/1250 - train 0.038388 - val 0.021513
Epoch 1096/1250 - train 0.038312 - val 0.023682
Epoch 1097/1250 - train 0.038499 - val 0.026091
Epoch 1098/1250 - train 0.038464 - val 0.021786
Epoch 1099/1250 - train 0.038225 - val 0.022986
Epoch 1100/1250 - train 0.038641 - val 0.023091
Epoch 1101/1250 - train 0.038721 - val 0.021329
Epoch 1102/1250 - train 0.038450 - val 0.021409
Epoch 1103/1250 - train 0.038722 - val 0.021648
Epoch 1104/1250 - train 0.038222 - val 0.021488
Epoch 1105/1250 - train 0.038373 - val 0.022018
Epoch 1106/1250 - train 0.038866 - val 0.021689
Epoch 1107/1250 - train 0.038051 - val 0.021441
Epoch 1108/1250 - train 0.037962 - val 0.022097
Epoch 1109/1250 - train 0.038970 - val 0.023654
Epoch 1110/1250 - train 0.038033 - val 0.021541
Epoch 1111/1250 - train 0.038119 - val 0.022849
Epoch 1112/1250 - train 0.038079 - val 0.025867
Epoch 1113/1250 - train 0.038625 - val 0.022070
Epoch 1114/1250 - train 0.038428 - val 0.022772
Epoch 1115/1250 - train 0.038388 - val 0.022516
Epoch 1116/1250 - train 0.038343 - val 0.021455
Epoch 1117/1250 - train 0.038194 - val 0.021572
Epoch 1118/1250 - train 0.038139 - val 0.023416
Epoch 1119/1250 - train 0.038145 - val 0.023660
Epoch 1120/1250 - train 0.038509 - val 0.021852
Epoch 1121/1250 - train 0.038260 - val 0.021996
Epoch 1122/1250 - train 0.038002 - val 0.023114
Epoch 1123/1250 - train 0.038037 - val 0.022509
Epoch 1124/1250 - train 0.038063 - val 0.023733
Epoch 1125/1250 - train 0.037986 - val 0.022301
Epoch 1126/1250 - train 0.038432 - val 0.025270
Epoch 1127/1250 - train 0.038378 - val 0.022440
Epoch 1128/1250 - train 0.038046 - val 0.022689
Epoch 1129/1250 - train 0.037908 - val 0.022194
Epoch 1130/1250 - train 0.038223 - val 0.025346
Epoch 1131/1250 - train 0.038586 - val 0.022379
Epoch 1132/1250 - train 0.037882 - val 0.021316
Epoch 1133/1250 - train 0.038207 - val 0.022782
Epoch 1134/1250 - train 0.038338 - val 0.022285
Epoch 1135/1250 - train 0.037866 - val 0.021696
Epoch 1136/1250 - train 0.038236 - val 0.021354
Epoch 1137/1250 - train 0.038089 - val 0.023630
Epoch 1138/1250 - train 0.038571 - val 0.021790
Epoch 1139/1250 - train 0.037940 - val 0.021944
Epoch 1140/1250 - train 0.038121 - val 0.021047
Epoch 1141/1250 - train 0.038462 - val 0.022020
Epoch 1142/1250 - train 0.038398 - val 0.024641
Epoch 1143/1250 - train 0.037557 - val 0.021645
Epoch 1144/1250 - train 0.037656 - val 0.022864
Epoch 1145/1250 - train 0.038013 - val 0.022278
Epoch 1146/1250 - train 0.038788 - val 0.022577
Epoch 1147/1250 - train 0.038186 - val 0.021887
Epoch 1148/1250 - train 0.038336 - val 0.021246
Epoch 1149/1250 - train 0.038068 - val 0.021733
Epoch 1150/1250 - train 0.037824 - val 0.024165
Epoch 1151/1250 - train 0.037629 - val 0.021311
Epoch 1152/1250 - train 0.037935 - val 0.022286
Epoch 1153/1250 - train 0.038524 - val 0.022455
Epoch 1154/1250 - train 0.038153 - val 0.021186
Epoch 1155/1250 - train 0.038170 - val 0.022332
Epoch 1156/1250 - train 0.038513 - val 0.023136
Epoch 1157/1250 - train 0.038048 - val 0.022737
Epoch 1158/1250 - train 0.038339 - val 0.023851
Epoch 1159/1250 - train 0.037826 - val 0.022882
Epoch 1160/1250 - train 0.037698 - val 0.020945
Epoch 1161/1250 - train 0.037566 - val 0.021086
Epoch 1162/1250 - train 0.037703 - val 0.021816
Epoch 1163/1250 - train 0.037915 - val 0.023040
Epoch 1164/1250 - train 0.038312 - val 0.021694
Epoch 1165/1250 - train 0.037654 - val 0.021614
Epoch 1166/1250 - train 0.037738 - val 0.021370
Epoch 1167/1250 - train 0.037881 - val 0.021826
Epoch 1168/1250 - train 0.038423 - val 0.021233
Epoch 1169/1250 - train 0.038044 - val 0.021462
Epoch 1170/1250 - train 0.037610 - val 0.026191
Epoch 1171/1250 - train 0.037982 - val 0.023006
Epoch 1172/1250 - train 0.037931 - val 0.022854
Epoch 1173/1250 - train 0.037993 - val 0.021726
Epoch 1174/1250 - train 0.038174 - val 0.022446
Epoch 1175/1250 - train 0.037916 - val 0.021396
Epoch 1176/1250 - train 0.037629 - val 0.021985
Epoch 1177/1250 - train 0.037739 - val 0.022986
Epoch 1178/1250 - train 0.037815 - val 0.023129
Epoch 1179/1250 - train 0.038135 - val 0.021800
Epoch 1180/1250 - train 0.038372 - val 0.025073
Epoch 1181/1250 - train 0.037422 - val 0.021721
Epoch 1182/1250 - train 0.037739 - val 0.022562
Epoch 1183/1250 - train 0.037432 - val 0.020939
Epoch 1184/1250 - train 0.037648 - val 0.021035
Epoch 1185/1250 - train 0.037879 - val 0.025411
Epoch 1186/1250 - train 0.038239 - val 0.023373
Epoch 1187/1250 - train 0.037579 - val 0.021756
Epoch 1188/1250 - train 0.037531 - val 0.021200
Epoch 1189/1250 - train 0.037605 - val 0.021078
Epoch 1190/1250 - train 0.038141 - val 0.021909
Epoch 1191/1250 - train 0.037902 - val 0.021029
Epoch 1192/1250 - train 0.037559 - val 0.021315
Epoch 1193/1250 - train 0.037345 - val 0.022633
Epoch 1194/1250 - train 0.037830 - val 0.021307
Epoch 1195/1250 - train 0.037464 - val 0.025782
Epoch 1196/1250 - train 0.037849 - val 0.021464
Epoch 1197/1250 - train 0.037414 - val 0.021982
Epoch 1198/1250 - train 0.037698 - val 0.022757
Epoch 1199/1250 - train 0.037926 - val 0.021798
Epoch 1200/1250 - train 0.037626 - val 0.021000
Epoch 1201/1250 - train 0.038029 - val 0.021344
Epoch 1202/1250 - train 0.037900 - val 0.021162
Epoch 1203/1250 - train 0.037334 - val 0.022507
Epoch 1204/1250 - train 0.038367 - val 0.022054
Epoch 1205/1250 - train 0.037570 - val 0.020968
Epoch 1206/1250 - train 0.037833 - val 0.022996
Epoch 1207/1250 - train 0.037572 - val 0.021958
Epoch 1208/1250 - train 0.037720 - val 0.022515
Epoch 1209/1250 - train 0.037442 - val 0.022342
Epoch 1210/1250 - train 0.037686 - val 0.021296
Epoch 1211/1250 - train 0.037536 - val 0.021452
Epoch 1212/1250 - train 0.037496 - val 0.021131
Epoch 1213/1250 - train 0.038010 - val 0.021404
Epoch 1214/1250 - train 0.037785 - val 0.021330
Epoch 1215/1250 - train 0.037672 - val 0.022271
Epoch 1216/1250 - train 0.037717 - val 0.022028
Epoch 1217/1250 - train 0.037287 - val 0.021787
Epoch 1218/1250 - train 0.037861 - val 0.021969
Epoch 1219/1250 - train 0.037979 - val 0.022588
Epoch 1220/1250 - train 0.037431 - val 0.021226
Epoch 1221/1250 - train 0.037642 - val 0.022299
Epoch 1222/1250 - train 0.037814 - val 0.023446
Epoch 1223/1250 - train 0.037315 - val 0.021843
Epoch 1224/1250 - train 0.037711 - val 0.021138
Epoch 1225/1250 - train 0.037633 - val 0.021791
Epoch 1226/1250 - train 0.037625 - val 0.021330
Epoch 1227/1250 - train 0.037419 - val 0.021182
Epoch 1228/1250 - train 0.037978 - val 0.022014
Epoch 1229/1250 - train 0.037990 - val 0.021412
Epoch 1230/1250 - train 0.037424 - val 0.021782
Epoch 1231/1250 - train 0.037452 - val 0.021115
Epoch 1232/1250 - train 0.037045 - val 0.021125
Epoch 1233/1250 - train 0.037795 - val 0.021370
Epoch 1234/1250 - train 0.037357 - val 0.020743
Epoch 1235/1250 - train 0.036937 - val 0.021365
Epoch 1236/1250 - train 0.037483 - val 0.021793
Epoch 1237/1250 - train 0.037648 - val 0.021637
Epoch 1238/1250 - train 0.037696 - val 0.020937
Epoch 1239/1250 - train 0.037303 - val 0.021688
Epoch 1240/1250 - train 0.037396 - val 0.021021
Epoch 1241/1250 - train 0.037391 - val 0.022510
Epoch 1242/1250 - train 0.037346 - val 0.020877
Epoch 1243/1250 - train 0.037543 - val 0.021457
Epoch 1244/1250 - train 0.037499 - val 0.021481
Epoch 1245/1250 - train 0.037522 - val 0.021227
Epoch 1246/1250 - train 0.037118 - val 0.021197
Epoch 1247/1250 - train 0.037345 - val 0.021052
Epoch 1248/1250 - train 0.037687 - val 0.022177
Epoch 1249/1250 - train 0.037315 - val 0.021921
Epoch 1250/1250 - train 0.037521 - val 0.021554
Saved model to /scratch/network/ak9088/NASA-RL-Wavefront-Control/RL/jobs/20251227_000745/exp-fc1-zscore-ep1250-bs256-lr1e-3-s42-h512-256-128-images-mc0-do0.1/fc1_best.pth
