y: [[-8.89294595e-02  3.68765652e-01 -3.35200205e-02 ... -2.49889821e-01
   1.67958364e-02  4.47161561e-08]
 [-1.95354253e-01  3.17699492e-01  3.17823112e-01 ...  1.36494249e-01
  -1.03578465e-02  4.47161561e-08]
 [-2.90432423e-01 -1.80993274e-01  2.23017558e-01 ... -2.44340330e-01
  -2.15393677e-02  4.47161597e-08]
 ...
 [ 2.77905110e-02 -3.24629903e-01  2.85629988e-01 ...  5.68953492e-02
  -8.27765688e-02  4.47161561e-08]
 [-2.45659456e-01 -2.43513435e-01  6.57291114e-01 ...  1.29223362e-01
  -6.41752034e-02  4.47161597e-08]
 [-1.38641492e-01  1.17867850e-01  3.85931842e-02 ...  1.19241446e-01
  -2.43191440e-02  4.47161561e-08]]
Dataset loaded: N=100000 (original 100000), C=3, H=20, W=20, y_dim=26
using device: cpu
Epoch 1/1250 - train 0.323918 - val 0.178026
Epoch 2/1250 - train 0.211216 - val 0.141626
Epoch 3/1250 - train 0.189500 - val 0.125386
Epoch 4/1250 - train 0.178455 - val 0.122689
Epoch 5/1250 - train 0.170628 - val 0.120023
Epoch 6/1250 - train 0.166629 - val 0.114966
Epoch 7/1250 - train 0.163607 - val 0.103063
Epoch 8/1250 - train 0.160544 - val 0.105740
Epoch 9/1250 - train 0.157438 - val 0.100750
Epoch 10/1250 - train 0.156380 - val 0.099604
Epoch 11/1250 - train 0.155201 - val 0.100817
Epoch 12/1250 - train 0.154338 - val 0.101263
Epoch 13/1250 - train 0.153118 - val 0.096383
Epoch 14/1250 - train 0.152365 - val 0.098033
Epoch 15/1250 - train 0.152060 - val 0.095863
Epoch 16/1250 - train 0.151431 - val 0.097349
Epoch 17/1250 - train 0.149961 - val 0.095148
Epoch 18/1250 - train 0.150761 - val 0.094829
Epoch 19/1250 - train 0.149794 - val 0.098985
Epoch 20/1250 - train 0.149099 - val 0.099578
Epoch 21/1250 - train 0.149187 - val 0.091736
Epoch 22/1250 - train 0.148352 - val 0.096849
Epoch 23/1250 - train 0.148469 - val 0.098262
Epoch 24/1250 - train 0.148729 - val 0.096692
Epoch 25/1250 - train 0.148135 - val 0.093839
Epoch 26/1250 - train 0.147216 - val 0.096473
Epoch 27/1250 - train 0.146854 - val 0.096859
Epoch 28/1250 - train 0.148224 - val 0.092372
Epoch 29/1250 - train 0.146259 - val 0.093563
Epoch 30/1250 - train 0.147100 - val 0.095205
Epoch 31/1250 - train 0.146430 - val 0.097229
Epoch 32/1250 - train 0.146039 - val 0.096376
Epoch 33/1250 - train 0.145627 - val 0.089787
Epoch 34/1250 - train 0.147029 - val 0.100696
Epoch 35/1250 - train 0.146710 - val 0.093752
Epoch 36/1250 - train 0.145758 - val 0.095350
Epoch 37/1250 - train 0.146140 - val 0.093188
Epoch 38/1250 - train 0.146160 - val 0.092181
Epoch 39/1250 - train 0.146660 - val 0.090699
Epoch 40/1250 - train 0.145119 - val 0.094320
Epoch 41/1250 - train 0.145627 - val 0.090142
Epoch 42/1250 - train 0.145841 - val 0.094051
Epoch 43/1250 - train 0.145867 - val 0.091206
Epoch 44/1250 - train 0.145376 - val 0.094845
Epoch 45/1250 - train 0.145270 - val 0.092984
Epoch 46/1250 - train 0.146254 - val 0.095364
Epoch 47/1250 - train 0.145542 - val 0.098714
Epoch 48/1250 - train 0.145491 - val 0.090966
Epoch 49/1250 - train 0.145649 - val 0.093039
Epoch 50/1250 - train 0.145057 - val 0.097551
Epoch 51/1250 - train 0.144516 - val 0.088725
Epoch 52/1250 - train 0.144953 - val 0.097521
Epoch 53/1250 - train 0.145855 - val 0.094231
Epoch 54/1250 - train 0.144802 - val 0.091711
Epoch 55/1250 - train 0.145376 - val 0.090140
Epoch 56/1250 - train 0.145775 - val 0.091928
Epoch 57/1250 - train 0.145001 - val 0.088596
Epoch 58/1250 - train 0.145345 - val 0.089874
Epoch 59/1250 - train 0.144753 - val 0.087835
Epoch 60/1250 - train 0.145253 - val 0.090042
Epoch 61/1250 - train 0.144614 - val 0.088770
Epoch 62/1250 - train 0.144890 - val 0.095442
Epoch 63/1250 - train 0.144659 - val 0.090473
Epoch 64/1250 - train 0.145483 - val 0.087939
Epoch 65/1250 - train 0.145005 - val 0.094568
Epoch 66/1250 - train 0.144290 - val 0.095617
Epoch 67/1250 - train 0.144961 - val 0.091389
Epoch 68/1250 - train 0.144995 - val 0.086563
Epoch 69/1250 - train 0.145145 - val 0.088131
Epoch 70/1250 - train 0.145073 - val 0.093367
Epoch 71/1250 - train 0.143856 - val 0.090198
Epoch 72/1250 - train 0.143925 - val 0.093210
Epoch 73/1250 - train 0.144464 - val 0.090878
Epoch 74/1250 - train 0.144844 - val 0.090919
Epoch 75/1250 - train 0.144496 - val 0.092819
Epoch 76/1250 - train 0.144350 - val 0.087758
Epoch 77/1250 - train 0.144823 - val 0.089586
Epoch 78/1250 - train 0.144331 - val 0.092488
Epoch 79/1250 - train 0.144578 - val 0.088645
Epoch 80/1250 - train 0.144019 - val 0.089083
Epoch 81/1250 - train 0.144446 - val 0.091859
Epoch 82/1250 - train 0.144027 - val 0.088961
Epoch 83/1250 - train 0.144572 - val 0.093407
Epoch 84/1250 - train 0.143391 - val 0.089551
Epoch 85/1250 - train 0.144893 - val 0.090428
Epoch 86/1250 - train 0.143706 - val 0.093892
Epoch 87/1250 - train 0.144363 - val 0.089915
Epoch 88/1250 - train 0.144578 - val 0.091420
Epoch 89/1250 - train 0.143943 - val 0.086310
Epoch 90/1250 - train 0.143550 - val 0.085863
Epoch 91/1250 - train 0.143606 - val 0.093779
Epoch 92/1250 - train 0.144202 - val 0.089513
Epoch 93/1250 - train 0.144472 - val 0.089925
Epoch 94/1250 - train 0.144362 - val 0.090999
Epoch 95/1250 - train 0.144802 - val 0.088047
Epoch 96/1250 - train 0.143374 - val 0.090413
Epoch 97/1250 - train 0.144023 - val 0.087628
Epoch 98/1250 - train 0.144441 - val 0.088554
Epoch 99/1250 - train 0.142921 - val 0.093094
Epoch 100/1250 - train 0.144225 - val 0.089430
Epoch 101/1250 - train 0.144389 - val 0.087497
Epoch 102/1250 - train 0.144390 - val 0.093345
Epoch 103/1250 - train 0.144749 - val 0.089715
Epoch 104/1250 - train 0.143318 - val 0.088807
Epoch 105/1250 - train 0.143136 - val 0.091937
Epoch 106/1250 - train 0.143954 - val 0.086192
Epoch 107/1250 - train 0.143524 - val 0.084958
Epoch 108/1250 - train 0.144233 - val 0.088638
Epoch 109/1250 - train 0.143521 - val 0.093787
Epoch 110/1250 - train 0.143790 - val 0.087856
Epoch 111/1250 - train 0.143672 - val 0.093602
Epoch 112/1250 - train 0.143700 - val 0.087519
Epoch 113/1250 - train 0.143439 - val 0.087778
Epoch 114/1250 - train 0.143695 - val 0.092034
Epoch 115/1250 - train 0.143108 - val 0.084488
Epoch 116/1250 - train 0.144367 - val 0.094685
Epoch 117/1250 - train 0.143450 - val 0.096535
Epoch 118/1250 - train 0.144702 - val 0.095170
Epoch 119/1250 - train 0.143263 - val 0.104546
Epoch 120/1250 - train 0.143396 - val 0.097980
Epoch 121/1250 - train 0.143608 - val 0.091327
Epoch 122/1250 - train 0.143227 - val 0.091115
Epoch 123/1250 - train 0.143498 - val 0.088948
Epoch 124/1250 - train 0.143459 - val 0.088460
Epoch 125/1250 - train 0.143105 - val 0.099452
Epoch 126/1250 - train 0.143948 - val 0.086409
Epoch 127/1250 - train 0.144213 - val 0.088142
Epoch 128/1250 - train 0.144493 - val 0.092115
Epoch 129/1250 - train 0.144952 - val 0.094200
Epoch 130/1250 - train 0.145374 - val 0.089282
Epoch 131/1250 - train 0.143954 - val 0.087273
Epoch 132/1250 - train 0.142835 - val 0.091021
Epoch 133/1250 - train 0.143286 - val 0.090058
Epoch 134/1250 - train 0.143035 - val 0.085058
Epoch 135/1250 - train 0.143551 - val 0.084370
Epoch 136/1250 - train 0.143186 - val 0.088065
Epoch 137/1250 - train 0.142953 - val 0.085459
Epoch 138/1250 - train 0.144509 - val 0.088599
Epoch 139/1250 - train 0.143974 - val 0.086613
Epoch 140/1250 - train 0.143491 - val 0.087393
Epoch 141/1250 - train 0.143299 - val 0.085028
Epoch 142/1250 - train 0.143448 - val 0.097267
Epoch 143/1250 - train 0.143611 - val 0.092782
Epoch 144/1250 - train 0.142888 - val 0.087500
Epoch 145/1250 - train 0.143819 - val 0.084761
Epoch 146/1250 - train 0.143166 - val 0.086932
Epoch 147/1250 - train 0.143941 - val 0.091766
Epoch 148/1250 - train 0.144681 - val 0.092602
Epoch 149/1250 - train 0.143498 - val 0.093382
Epoch 150/1250 - train 0.143933 - val 0.088196
Epoch 151/1250 - train 0.143616 - val 0.090547
Epoch 152/1250 - train 0.143338 - val 0.091118
Epoch 153/1250 - train 0.145188 - val 0.089839
Epoch 154/1250 - train 0.143951 - val 0.090816
Epoch 155/1250 - train 0.142660 - val 0.094077
Epoch 156/1250 - train 0.143405 - val 0.087694
Epoch 157/1250 - train 0.143373 - val 0.094542
Epoch 158/1250 - train 0.143512 - val 0.089682
Epoch 159/1250 - train 0.143000 - val 0.088323
Epoch 160/1250 - train 0.143521 - val 0.089558
Epoch 161/1250 - train 0.143970 - val 0.087193
Epoch 162/1250 - train 0.143565 - val 0.086583
Epoch 163/1250 - train 0.142774 - val 0.086897
Epoch 164/1250 - train 0.143627 - val 0.088110
Epoch 165/1250 - train 0.142803 - val 0.090776
Epoch 166/1250 - train 0.144103 - val 0.089336
Epoch 167/1250 - train 0.143335 - val 0.085432
Epoch 168/1250 - train 0.143160 - val 0.084731
Epoch 169/1250 - train 0.143512 - val 0.086666
Epoch 170/1250 - train 0.142378 - val 0.086414
Epoch 171/1250 - train 0.143424 - val 0.089243
Epoch 172/1250 - train 0.143682 - val 0.087657
Epoch 173/1250 - train 0.143076 - val 0.086686
Epoch 174/1250 - train 0.143881 - val 0.088968
Epoch 175/1250 - train 0.143242 - val 0.086796
Epoch 176/1250 - train 0.142596 - val 0.095315
Epoch 177/1250 - train 0.142863 - val 0.086423
Epoch 178/1250 - train 0.142927 - val 0.086747
Epoch 179/1250 - train 0.142712 - val 0.092150
Epoch 180/1250 - train 0.143380 - val 0.089896
Epoch 181/1250 - train 0.143433 - val 0.083495
Epoch 182/1250 - train 0.143279 - val 0.089213
Epoch 183/1250 - train 0.142972 - val 0.085897
Epoch 184/1250 - train 0.142070 - val 0.092390
Epoch 185/1250 - train 0.143086 - val 0.087514
Epoch 186/1250 - train 0.142708 - val 0.088354
Epoch 187/1250 - train 0.142827 - val 0.087686
Epoch 188/1250 - train 0.141799 - val 0.085793
Epoch 189/1250 - train 0.142890 - val 0.092253
Epoch 190/1250 - train 0.141921 - val 0.091555
Epoch 191/1250 - train 0.143255 - val 0.089867
Epoch 192/1250 - train 0.143235 - val 0.086640
Epoch 193/1250 - train 0.143196 - val 0.087384
Epoch 194/1250 - train 0.142265 - val 0.085598
Epoch 195/1250 - train 0.143042 - val 0.089608
Epoch 196/1250 - train 0.142706 - val 0.087902
Epoch 197/1250 - train 0.143021 - val 0.096805
Epoch 198/1250 - train 0.142849 - val 0.090246
Epoch 199/1250 - train 0.141936 - val 0.086822
Epoch 200/1250 - train 0.142386 - val 0.090155
Epoch 201/1250 - train 0.142908 - val 0.088392
Epoch 202/1250 - train 0.142304 - val 0.086234
Epoch 203/1250 - train 0.143090 - val 0.089502
Epoch 204/1250 - train 0.142904 - val 0.085232
Epoch 205/1250 - train 0.142292 - val 0.086630
Epoch 206/1250 - train 0.143962 - val 0.087961
Epoch 207/1250 - train 0.142321 - val 0.088766
Epoch 208/1250 - train 0.142757 - val 0.084276
Epoch 209/1250 - train 0.142404 - val 0.087175
Epoch 210/1250 - train 0.143462 - val 0.085833
Epoch 211/1250 - train 0.142244 - val 0.084655
Epoch 212/1250 - train 0.142457 - val 0.089275
Epoch 213/1250 - train 0.142329 - val 0.087835
Epoch 214/1250 - train 0.143357 - val 0.089278
Epoch 215/1250 - train 0.142202 - val 0.084368
Epoch 216/1250 - train 0.142757 - val 0.090041
Epoch 217/1250 - train 0.142343 - val 0.090323
Epoch 218/1250 - train 0.143325 - val 0.086285
Epoch 219/1250 - train 0.142748 - val 0.084633
Epoch 220/1250 - train 0.141875 - val 0.092550
Epoch 221/1250 - train 0.142219 - val 0.085679
Epoch 222/1250 - train 0.142137 - val 0.093559
Epoch 223/1250 - train 0.142968 - val 0.086041
Epoch 224/1250 - train 0.141968 - val 0.090175
Epoch 225/1250 - train 0.142775 - val 0.087659
Epoch 226/1250 - train 0.142678 - val 0.088793
Epoch 227/1250 - train 0.142410 - val 0.085722
Epoch 228/1250 - train 0.142042 - val 0.085188
Epoch 229/1250 - train 0.142293 - val 0.088573
Epoch 230/1250 - train 0.142739 - val 0.092952
Epoch 231/1250 - train 0.143139 - val 0.093466
Epoch 232/1250 - train 0.142214 - val 0.086530
Epoch 233/1250 - train 0.142445 - val 0.083391
Epoch 234/1250 - train 0.142587 - val 0.086034
Epoch 235/1250 - train 0.142067 - val 0.093217
Epoch 236/1250 - train 0.143152 - val 0.086018
Epoch 237/1250 - train 0.142155 - val 0.088896
Epoch 238/1250 - train 0.142188 - val 0.086346
Epoch 239/1250 - train 0.142758 - val 0.092853
Epoch 240/1250 - train 0.142785 - val 0.090258
Epoch 241/1250 - train 0.142932 - val 0.096002
Epoch 242/1250 - train 0.142761 - val 0.085056
Epoch 243/1250 - train 0.142097 - val 0.087747
Epoch 244/1250 - train 0.141638 - val 0.087133
Epoch 245/1250 - train 0.143309 - val 0.090040
Epoch 246/1250 - train 0.142172 - val 0.083606
Epoch 247/1250 - train 0.141685 - val 0.086562
Epoch 248/1250 - train 0.142586 - val 0.087751
Epoch 249/1250 - train 0.142131 - val 0.089762
Epoch 250/1250 - train 0.142285 - val 0.085964
Epoch 251/1250 - train 0.143013 - val 0.091715
Epoch 252/1250 - train 0.143855 - val 0.087935
Epoch 253/1250 - train 0.144161 - val 0.093712
Epoch 254/1250 - train 0.144178 - val 0.088291
Epoch 255/1250 - train 0.142185 - val 0.089609
Epoch 256/1250 - train 0.143684 - val 0.088453
Epoch 257/1250 - train 0.143362 - val 0.091878
Epoch 258/1250 - train 0.143882 - val 0.090392
Epoch 259/1250 - train 0.143736 - val 0.088695
Epoch 260/1250 - train 0.143410 - val 0.091464
Epoch 261/1250 - train 0.143261 - val 0.085269
Epoch 262/1250 - train 0.143766 - val 0.083344
Epoch 263/1250 - train 0.143024 - val 0.093440
Epoch 264/1250 - train 0.142805 - val 0.087668
Epoch 265/1250 - train 0.143999 - val 0.088610
Epoch 266/1250 - train 0.143844 - val 0.092844
Epoch 267/1250 - train 0.145311 - val 0.085611
Epoch 268/1250 - train 0.143337 - val 0.087406
Epoch 269/1250 - train 0.144057 - val 0.090003
Epoch 270/1250 - train 0.144153 - val 0.088269
Epoch 271/1250 - train 0.143499 - val 0.090164
Epoch 272/1250 - train 0.143061 - val 0.090897
Epoch 273/1250 - train 0.144127 - val 0.092402
Epoch 274/1250 - train 0.144024 - val 0.087187
Epoch 275/1250 - train 0.144259 - val 0.092967
Epoch 276/1250 - train 0.143326 - val 0.090319
Epoch 277/1250 - train 0.142943 - val 0.089457
Epoch 278/1250 - train 0.143249 - val 0.086177
Epoch 279/1250 - train 0.143492 - val 0.089292
Epoch 280/1250 - train 0.142828 - val 0.089807
Epoch 281/1250 - train 0.143885 - val 0.088666
Epoch 282/1250 - train 0.143173 - val 0.092777
Epoch 283/1250 - train 0.143784 - val 0.091731
Epoch 284/1250 - train 0.143092 - val 0.088803
Epoch 285/1250 - train 0.143082 - val 0.092422
Epoch 286/1250 - train 0.143168 - val 0.091344
Epoch 287/1250 - train 0.144348 - val 0.086953
Epoch 288/1250 - train 0.143471 - val 0.089937
Epoch 289/1250 - train 0.143310 - val 0.084106
Epoch 290/1250 - train 0.143557 - val 0.087340
Epoch 291/1250 - train 0.143301 - val 0.085147
Epoch 292/1250 - train 0.143340 - val 0.088271
Epoch 293/1250 - train 0.142929 - val 0.085745
Epoch 294/1250 - train 0.142716 - val 0.090455
Epoch 295/1250 - train 0.142902 - val 0.090472
Epoch 296/1250 - train 0.143165 - val 0.090284
Epoch 297/1250 - train 0.143247 - val 0.089614
Epoch 298/1250 - train 0.143111 - val 0.087672
Epoch 299/1250 - train 0.142606 - val 0.091557
Epoch 300/1250 - train 0.143558 - val 0.085160
Epoch 301/1250 - train 0.142179 - val 0.085393
Epoch 302/1250 - train 0.143426 - val 0.089425
Epoch 303/1250 - train 0.142848 - val 0.094265
Epoch 304/1250 - train 0.143809 - val 0.086925
Epoch 305/1250 - train 0.142739 - val 0.095585
Epoch 306/1250 - train 0.143496 - val 0.088848
Epoch 307/1250 - train 0.143365 - val 0.086054
Epoch 308/1250 - train 0.142786 - val 0.087144
Epoch 309/1250 - train 0.142768 - val 0.088415
Epoch 310/1250 - train 0.143274 - val 0.085618
Epoch 311/1250 - train 0.143040 - val 0.086931
Epoch 312/1250 - train 0.143457 - val 0.092401
Epoch 313/1250 - train 0.142556 - val 0.090409
Epoch 314/1250 - train 0.143174 - val 0.089516
Epoch 315/1250 - train 0.142384 - val 0.088727
Epoch 316/1250 - train 0.142321 - val 0.086261
Epoch 317/1250 - train 0.142196 - val 0.086423
Epoch 318/1250 - train 0.143387 - val 0.088020
Epoch 319/1250 - train 0.142036 - val 0.095243
Epoch 320/1250 - train 0.143262 - val 0.090326
Epoch 321/1250 - train 0.142139 - val 0.084172
Epoch 322/1250 - train 0.143361 - val 0.087321
Epoch 323/1250 - train 0.142289 - val 0.093364
Epoch 324/1250 - train 0.143128 - val 0.091674
Epoch 325/1250 - train 0.142666 - val 0.089447
Epoch 326/1250 - train 0.143185 - val 0.091635
Epoch 327/1250 - train 0.142331 - val 0.084468
Epoch 328/1250 - train 0.142992 - val 0.097290
Epoch 329/1250 - train 0.142190 - val 0.091554
Epoch 330/1250 - train 0.142890 - val 0.086123
Epoch 331/1250 - train 0.142910 - val 0.089155
Epoch 332/1250 - train 0.142343 - val 0.092240
Epoch 333/1250 - train 0.143551 - val 0.092499
Epoch 334/1250 - train 0.142713 - val 0.086329
Epoch 335/1250 - train 0.142583 - val 0.086764
Epoch 336/1250 - train 0.143171 - val 0.085870
Epoch 337/1250 - train 0.141882 - val 0.085961
Epoch 338/1250 - train 0.143318 - val 0.086019
Epoch 339/1250 - train 0.142002 - val 0.094397
Epoch 340/1250 - train 0.141912 - val 0.084607
Epoch 341/1250 - train 0.142596 - val 0.088285
Epoch 342/1250 - train 0.142216 - val 0.089101
Epoch 343/1250 - train 0.143204 - val 0.093121
Epoch 344/1250 - train 0.142517 - val 0.087548
Epoch 345/1250 - train 0.142084 - val 0.088551
Epoch 346/1250 - train 0.142705 - val 0.088608
Epoch 347/1250 - train 0.143065 - val 0.089825
Epoch 348/1250 - train 0.141728 - val 0.090769
Epoch 349/1250 - train 0.143142 - val 0.087087
Epoch 350/1250 - train 0.142632 - val 0.089072
Epoch 351/1250 - train 0.142461 - val 0.087844
Epoch 352/1250 - train 0.142580 - val 0.089340
Epoch 353/1250 - train 0.143584 - val 0.088166
Epoch 354/1250 - train 0.141803 - val 0.091092
Epoch 355/1250 - train 0.143036 - val 0.087185
Epoch 356/1250 - train 0.141760 - val 0.092490
Epoch 357/1250 - train 0.141589 - val 0.087417
Epoch 358/1250 - train 0.141859 - val 0.085411
Epoch 359/1250 - train 0.142511 - val 0.089995
Epoch 360/1250 - train 0.142768 - val 0.088360
Epoch 361/1250 - train 0.142270 - val 0.090133
Epoch 362/1250 - train 0.142441 - val 0.089028
Epoch 363/1250 - train 0.143005 - val 0.085479
Epoch 364/1250 - train 0.141466 - val 0.089399
Epoch 365/1250 - train 0.142302 - val 0.085458
Epoch 366/1250 - train 0.141859 - val 0.091091
Epoch 367/1250 - train 0.142375 - val 0.090821
Epoch 368/1250 - train 0.142147 - val 0.087787
Epoch 369/1250 - train 0.142418 - val 0.087934
Epoch 370/1250 - train 0.142443 - val 0.086771
Epoch 371/1250 - train 0.142175 - val 0.087846
Epoch 372/1250 - train 0.141984 - val 0.093882
Epoch 373/1250 - train 0.142248 - val 0.087349
Epoch 374/1250 - train 0.142016 - val 0.086718
Epoch 375/1250 - train 0.142029 - val 0.090851
Epoch 376/1250 - train 0.143030 - val 0.085395
Epoch 377/1250 - train 0.141766 - val 0.084821
Epoch 378/1250 - train 0.141645 - val 0.089890
Epoch 379/1250 - train 0.142226 - val 0.097514
Epoch 380/1250 - train 0.142678 - val 0.088250
Epoch 381/1250 - train 0.142546 - val 0.088705
Epoch 382/1250 - train 0.143119 - val 0.084681
Epoch 383/1250 - train 0.141562 - val 0.094848
Epoch 384/1250 - train 0.142184 - val 0.091955
Epoch 385/1250 - train 0.142142 - val 0.085626
Epoch 386/1250 - train 0.143015 - val 0.089527
Epoch 387/1250 - train 0.142081 - val 0.082666
Epoch 388/1250 - train 0.142402 - val 0.085593
Epoch 389/1250 - train 0.141615 - val 0.085355
Epoch 390/1250 - train 0.142581 - val 0.094660
Epoch 391/1250 - train 0.141968 - val 0.087214
Epoch 392/1250 - train 0.141919 - val 0.088513
Epoch 393/1250 - train 0.141410 - val 0.090366
Epoch 394/1250 - train 0.141873 - val 0.084543
Epoch 395/1250 - train 0.141833 - val 0.089535
Epoch 396/1250 - train 0.142536 - val 0.093522
Epoch 397/1250 - train 0.142206 - val 0.092642
Epoch 398/1250 - train 0.142182 - val 0.087461
Epoch 399/1250 - train 0.141939 - val 0.088070
Epoch 400/1250 - train 0.142208 - val 0.089966
Epoch 401/1250 - train 0.143454 - val 0.087181
Epoch 402/1250 - train 0.142140 - val 0.087834
Epoch 403/1250 - train 0.141612 - val 0.089051
Epoch 404/1250 - train 0.141880 - val 0.085204
Epoch 405/1250 - train 0.142210 - val 0.086244
Epoch 406/1250 - train 0.142172 - val 0.087398
Epoch 407/1250 - train 0.141930 - val 0.091100
Epoch 408/1250 - train 0.141649 - val 0.092599
Epoch 409/1250 - train 0.143184 - val 0.092893
Epoch 410/1250 - train 0.141923 - val 0.082235
Epoch 411/1250 - train 0.141395 - val 0.085285
Epoch 412/1250 - train 0.142883 - val 0.090384
Epoch 413/1250 - train 0.141750 - val 0.089162
Epoch 414/1250 - train 0.141997 - val 0.093578
Epoch 415/1250 - train 0.143196 - val 0.088986
Epoch 416/1250 - train 0.142235 - val 0.086221
Epoch 417/1250 - train 0.142494 - val 0.086203
Epoch 418/1250 - train 0.142584 - val 0.097021
Epoch 419/1250 - train 0.141868 - val 0.090116
Epoch 420/1250 - train 0.141587 - val 0.088503
Epoch 421/1250 - train 0.141637 - val 0.085280
Epoch 422/1250 - train 0.141725 - val 0.092618
Epoch 423/1250 - train 0.142386 - val 0.084583
Epoch 424/1250 - train 0.142939 - val 0.092713
Epoch 425/1250 - train 0.142489 - val 0.093375
Epoch 426/1250 - train 0.141101 - val 0.089960
Epoch 427/1250 - train 0.141948 - val 0.086009
Epoch 428/1250 - train 0.141994 - val 0.089440
Epoch 429/1250 - train 0.141517 - val 0.087841
Epoch 430/1250 - train 0.141401 - val 0.093595
Epoch 431/1250 - train 0.142394 - val 0.087926
Epoch 432/1250 - train 0.141492 - val 0.100372
Epoch 433/1250 - train 0.142105 - val 0.086823
Epoch 434/1250 - train 0.142786 - val 0.086315
Epoch 435/1250 - train 0.141668 - val 0.087347
Epoch 436/1250 - train 0.142889 - val 0.088494
Epoch 437/1250 - train 0.141429 - val 0.087324
Epoch 438/1250 - train 0.141144 - val 0.087835
Epoch 439/1250 - train 0.142011 - val 0.088422
Epoch 440/1250 - train 0.141822 - val 0.087097
Epoch 441/1250 - train 0.142162 - val 0.089333
Epoch 442/1250 - train 0.141732 - val 0.091216
Epoch 443/1250 - train 0.141664 - val 0.089640
Epoch 444/1250 - train 0.141670 - val 0.091114
Epoch 445/1250 - train 0.141969 - val 0.087792
Epoch 446/1250 - train 0.142880 - val 0.098136
Epoch 447/1250 - train 0.141227 - val 0.089182
Epoch 448/1250 - train 0.141425 - val 0.087175
Epoch 449/1250 - train 0.141611 - val 0.090899
Epoch 450/1250 - train 0.142081 - val 0.086132
Epoch 451/1250 - train 0.141597 - val 0.084985
Epoch 452/1250 - train 0.141596 - val 0.085202
Epoch 453/1250 - train 0.141407 - val 0.086554
Epoch 454/1250 - train 0.142217 - val 0.094976
Epoch 455/1250 - train 0.141981 - val 0.087341
Epoch 456/1250 - train 0.141872 - val 0.087092
Epoch 457/1250 - train 0.141463 - val 0.085406
Epoch 458/1250 - train 0.142360 - val 0.099296
Epoch 459/1250 - train 0.143009 - val 0.086539
Epoch 460/1250 - train 0.141684 - val 0.093913
Epoch 461/1250 - train 0.141373 - val 0.086519
Epoch 462/1250 - train 0.141524 - val 0.090611
Epoch 463/1250 - train 0.141687 - val 0.085204
Epoch 464/1250 - train 0.142268 - val 0.091422
Epoch 465/1250 - train 0.141971 - val 0.085917
Epoch 466/1250 - train 0.142210 - val 0.085598
Epoch 467/1250 - train 0.141877 - val 0.084430
Epoch 468/1250 - train 0.142568 - val 0.082049
Epoch 469/1250 - train 0.141760 - val 0.086708
Epoch 470/1250 - train 0.140871 - val 0.087410
Epoch 471/1250 - train 0.142125 - val 0.083540
Epoch 472/1250 - train 0.141762 - val 0.089560
Epoch 473/1250 - train 0.142214 - val 0.084667
Epoch 474/1250 - train 0.141413 - val 0.087470
Epoch 475/1250 - train 0.143769 - val 0.100463
Epoch 476/1250 - train 0.141984 - val 0.091313
Epoch 477/1250 - train 0.142447 - val 0.089930
Epoch 478/1250 - train 0.141263 - val 0.084184
Epoch 479/1250 - train 0.141861 - val 0.084625
Epoch 480/1250 - train 0.141831 - val 0.085498
Epoch 481/1250 - train 0.144511 - val 0.091392
Epoch 482/1250 - train 0.144847 - val 0.091033
Epoch 483/1250 - train 0.144997 - val 0.089252
Epoch 484/1250 - train 0.142953 - val 0.087598
Epoch 485/1250 - train 0.142220 - val 0.096772
Epoch 486/1250 - train 0.143111 - val 0.090345
Epoch 487/1250 - train 0.141996 - val 0.090994
Epoch 488/1250 - train 0.141729 - val 0.091671
Epoch 489/1250 - train 0.141605 - val 0.087577
Epoch 490/1250 - train 0.141728 - val 0.092999
Epoch 491/1250 - train 0.141793 - val 0.087330
Epoch 492/1250 - train 0.141940 - val 0.090868
Epoch 493/1250 - train 0.142626 - val 0.088252
Epoch 494/1250 - train 0.141924 - val 0.086798
Epoch 495/1250 - train 0.141611 - val 0.089588
Epoch 496/1250 - train 0.141676 - val 0.089381
Epoch 497/1250 - train 0.141534 - val 0.099592
Epoch 498/1250 - train 0.142236 - val 0.083085
Epoch 499/1250 - train 0.141709 - val 0.086098
Epoch 500/1250 - train 0.141755 - val 0.089770
Epoch 501/1250 - train 0.141569 - val 0.087235
Epoch 502/1250 - train 0.141373 - val 0.089863
Epoch 503/1250 - train 0.141876 - val 0.086269
Epoch 504/1250 - train 0.141834 - val 0.086046
Epoch 505/1250 - train 0.142970 - val 0.086487
Epoch 506/1250 - train 0.142089 - val 0.087075
Epoch 507/1250 - train 0.142215 - val 0.089751
Epoch 508/1250 - train 0.141653 - val 0.088439
Epoch 509/1250 - train 0.141615 - val 0.090435
Epoch 510/1250 - train 0.142035 - val 0.095414
Epoch 511/1250 - train 0.141978 - val 0.091878
Epoch 512/1250 - train 0.142694 - val 0.088739
Epoch 513/1250 - train 0.141104 - val 0.086008
Epoch 514/1250 - train 0.142413 - val 0.088731
Epoch 515/1250 - train 0.141635 - val 0.083787
Epoch 516/1250 - train 0.141695 - val 0.086949
Epoch 517/1250 - train 0.141820 - val 0.084076
Epoch 518/1250 - train 0.142073 - val 0.087068
Epoch 519/1250 - train 0.142205 - val 0.086307
Epoch 520/1250 - train 0.141712 - val 0.084902
Epoch 521/1250 - train 0.141899 - val 0.090086
Epoch 522/1250 - train 0.142359 - val 0.094983
Epoch 523/1250 - train 0.140786 - val 0.087002
Epoch 524/1250 - train 0.141447 - val 0.095231
Epoch 525/1250 - train 0.142056 - val 0.084665
Epoch 526/1250 - train 0.143054 - val 0.083028
Epoch 527/1250 - train 0.142009 - val 0.087679
Epoch 528/1250 - train 0.141159 - val 0.085555
Epoch 529/1250 - train 0.141614 - val 0.084718
Epoch 530/1250 - train 0.141785 - val 0.089328
Epoch 531/1250 - train 0.142020 - val 0.087804
Epoch 532/1250 - train 0.141188 - val 0.087512
Epoch 533/1250 - train 0.141729 - val 0.084832
Epoch 534/1250 - train 0.140673 - val 0.086075
Epoch 535/1250 - train 0.142076 - val 0.092259
Epoch 536/1250 - train 0.142497 - val 0.084742
Epoch 537/1250 - train 0.141911 - val 0.089995
Epoch 538/1250 - train 0.141518 - val 0.087217
Epoch 539/1250 - train 0.140826 - val 0.091275
Epoch 540/1250 - train 0.141632 - val 0.087925
Epoch 541/1250 - train 0.141767 - val 0.085423
Epoch 542/1250 - train 0.142304 - val 0.085007
Epoch 543/1250 - train 0.141669 - val 0.087574
Epoch 544/1250 - train 0.141904 - val 0.094657
Epoch 545/1250 - train 0.142412 - val 0.091081
Epoch 546/1250 - train 0.141872 - val 0.087057
Epoch 547/1250 - train 0.141749 - val 0.085334
Epoch 548/1250 - train 0.141075 - val 0.088398
Epoch 549/1250 - train 0.142734 - val 0.087135
Epoch 550/1250 - train 0.141778 - val 0.086629
Epoch 551/1250 - train 0.142571 - val 0.086912
Epoch 552/1250 - train 0.141539 - val 0.085461
Epoch 553/1250 - train 0.142429 - val 0.085836
Epoch 554/1250 - train 0.140956 - val 0.084463
Epoch 555/1250 - train 0.142286 - val 0.090890
Epoch 556/1250 - train 0.141527 - val 0.089419
Epoch 557/1250 - train 0.141429 - val 0.089715
Epoch 558/1250 - train 0.142201 - val 0.085904
Epoch 559/1250 - train 0.143523 - val 0.087546
Epoch 560/1250 - train 0.142083 - val 0.085936
Epoch 561/1250 - train 0.141470 - val 0.084930
Epoch 562/1250 - train 0.141293 - val 0.093109
Epoch 563/1250 - train 0.141720 - val 0.091198
Epoch 564/1250 - train 0.142476 - val 0.093473
Epoch 565/1250 - train 0.142009 - val 0.088107
Epoch 566/1250 - train 0.142212 - val 0.086780
Epoch 567/1250 - train 0.141659 - val 0.093657
Epoch 568/1250 - train 0.141425 - val 0.084752
Epoch 569/1250 - train 0.142223 - val 0.088774
Epoch 570/1250 - train 0.141998 - val 0.094680
Epoch 571/1250 - train 0.143688 - val 0.087845
Epoch 572/1250 - train 0.142263 - val 0.090766
Epoch 573/1250 - train 0.142551 - val 0.090253
Epoch 574/1250 - train 0.141471 - val 0.092279
Epoch 575/1250 - train 0.142609 - val 0.090126
Epoch 576/1250 - train 0.141097 - val 0.090694
Epoch 577/1250 - train 0.142205 - val 0.091020
Epoch 578/1250 - train 0.141897 - val 0.085241
Epoch 579/1250 - train 0.141065 - val 0.084845
Epoch 580/1250 - train 0.142546 - val 0.089427
Epoch 581/1250 - train 0.142455 - val 0.092805
Epoch 582/1250 - train 0.141120 - val 0.087290
Epoch 583/1250 - train 0.141163 - val 0.089787
Epoch 584/1250 - train 0.141612 - val 0.094802
Epoch 585/1250 - train 0.144023 - val 0.087012
Epoch 586/1250 - train 0.142964 - val 0.088990
Epoch 587/1250 - train 0.142945 - val 0.085644
Epoch 588/1250 - train 0.141682 - val 0.088459
Epoch 589/1250 - train 0.142213 - val 0.091623
Epoch 590/1250 - train 0.142275 - val 0.091869
Epoch 591/1250 - train 0.141725 - val 0.087907
Epoch 592/1250 - train 0.141952 - val 0.088394
Epoch 593/1250 - train 0.142177 - val 0.092824
Epoch 594/1250 - train 0.141576 - val 0.086128
Epoch 595/1250 - train 0.142069 - val 0.087860
Epoch 596/1250 - train 0.142223 - val 0.082194
Epoch 597/1250 - train 0.141611 - val 0.084218
Epoch 598/1250 - train 0.141998 - val 0.084900
Epoch 599/1250 - train 0.142853 - val 0.088421
Epoch 600/1250 - train 0.142707 - val 0.092956
Epoch 601/1250 - train 0.142047 - val 0.083644
Epoch 602/1250 - train 0.141232 - val 0.086427
Epoch 603/1250 - train 0.142596 - val 0.088373
Epoch 604/1250 - train 0.141905 - val 0.089159
Epoch 605/1250 - train 0.141307 - val 0.087325
Epoch 606/1250 - train 0.141620 - val 0.089696
Epoch 607/1250 - train 0.142224 - val 0.085585
Epoch 608/1250 - train 0.141531 - val 0.083537
Epoch 609/1250 - train 0.141729 - val 0.088787
Epoch 610/1250 - train 0.141707 - val 0.088459
Epoch 611/1250 - train 0.141913 - val 0.084591
Epoch 612/1250 - train 0.142431 - val 0.084904
Epoch 613/1250 - train 0.142241 - val 0.091294
Epoch 614/1250 - train 0.141874 - val 0.083932
Epoch 615/1250 - train 0.142060 - val 0.090121
Epoch 616/1250 - train 0.141971 - val 0.084089
Epoch 617/1250 - train 0.141924 - val 0.097434
Epoch 618/1250 - train 0.142056 - val 0.089444
Epoch 619/1250 - train 0.142585 - val 0.091293
Epoch 620/1250 - train 0.141399 - val 0.083804
Epoch 621/1250 - train 0.141393 - val 0.085913
Epoch 622/1250 - train 0.141437 - val 0.090051
Epoch 623/1250 - train 0.141005 - val 0.089384
Epoch 624/1250 - train 0.141735 - val 0.085099
Epoch 625/1250 - train 0.141990 - val 0.094530
Epoch 626/1250 - train 0.143094 - val 0.088550
Epoch 627/1250 - train 0.146312 - val 0.092106
Epoch 628/1250 - train 0.148247 - val 0.092259
Epoch 629/1250 - train 0.145882 - val 0.092293
Epoch 630/1250 - train 0.143900 - val 0.087018
Epoch 631/1250 - train 0.144342 - val 0.089422
Epoch 632/1250 - train 0.144628 - val 0.089208
Epoch 633/1250 - train 0.143317 - val 0.088721
Epoch 634/1250 - train 0.141965 - val 0.088588
Epoch 635/1250 - train 0.142539 - val 0.089467
Epoch 636/1250 - train 0.142364 - val 0.094019
Epoch 637/1250 - train 0.141862 - val 0.091574
Epoch 638/1250 - train 0.142753 - val 0.087393
Epoch 639/1250 - train 0.141585 - val 0.086022
Epoch 640/1250 - train 0.141792 - val 0.085990
Epoch 641/1250 - train 0.142246 - val 0.088300
Epoch 642/1250 - train 0.142429 - val 0.087009
Epoch 643/1250 - train 0.141591 - val 0.093437
Epoch 644/1250 - train 0.142771 - val 0.087282
Epoch 645/1250 - train 0.141497 - val 0.085897
Epoch 646/1250 - train 0.142607 - val 0.089972
Epoch 647/1250 - train 0.142262 - val 0.086661
Epoch 648/1250 - train 0.141299 - val 0.091080
Epoch 649/1250 - train 0.142175 - val 0.086306
Epoch 650/1250 - train 0.141846 - val 0.089351
Epoch 651/1250 - train 0.143120 - val 0.087425
Epoch 652/1250 - train 0.142312 - val 0.087112
Epoch 653/1250 - train 0.141141 - val 0.084659
Epoch 654/1250 - train 0.141543 - val 0.088705
Epoch 655/1250 - train 0.142165 - val 0.086885
Epoch 656/1250 - train 0.141741 - val 0.088185
Epoch 657/1250 - train 0.141869 - val 0.095778
Epoch 658/1250 - train 0.142805 - val 0.092773
Epoch 659/1250 - train 0.141621 - val 0.089478
Epoch 660/1250 - train 0.142047 - val 0.090011
Epoch 661/1250 - train 0.142617 - val 0.089001
Epoch 662/1250 - train 0.142611 - val 0.090013
Epoch 663/1250 - train 0.142740 - val 0.087581
Epoch 664/1250 - train 0.142785 - val 0.086728
Epoch 665/1250 - train 0.142355 - val 0.087227
Epoch 666/1250 - train 0.142779 - val 0.089929
Epoch 667/1250 - train 0.141613 - val 0.088962
Epoch 668/1250 - train 0.141868 - val 0.092413
Epoch 669/1250 - train 0.142133 - val 0.086430
Epoch 670/1250 - train 0.141882 - val 0.084198
Epoch 671/1250 - train 0.142545 - val 0.096934
Epoch 672/1250 - train 0.141623 - val 0.087316
Epoch 673/1250 - train 0.142380 - val 0.085376
Epoch 674/1250 - train 0.142595 - val 0.085440
Epoch 675/1250 - train 0.141731 - val 0.088160
Epoch 676/1250 - train 0.141688 - val 0.090978
Epoch 677/1250 - train 0.141886 - val 0.091400
Epoch 678/1250 - train 0.141773 - val 0.085372
Epoch 679/1250 - train 0.142864 - val 0.087803
Epoch 680/1250 - train 0.141489 - val 0.088816
Epoch 681/1250 - train 0.142414 - val 0.093599
Epoch 682/1250 - train 0.141831 - val 0.087084
Epoch 683/1250 - train 0.142002 - val 0.095351
Epoch 684/1250 - train 0.143325 - val 0.092932
Epoch 685/1250 - train 0.141489 - val 0.086760
Epoch 686/1250 - train 0.142906 - val 0.089243
Epoch 687/1250 - train 0.142168 - val 0.087234
Epoch 688/1250 - train 0.142205 - val 0.084622
Epoch 689/1250 - train 0.142347 - val 0.085611
Epoch 690/1250 - train 0.141279 - val 0.088676
Epoch 691/1250 - train 0.142975 - val 0.089718
Epoch 692/1250 - train 0.141821 - val 0.085085
Epoch 693/1250 - train 0.142056 - val 0.083716
Epoch 694/1250 - train 0.142078 - val 0.087423
Epoch 695/1250 - train 0.142441 - val 0.088626
Epoch 696/1250 - train 0.142352 - val 0.086647
Epoch 697/1250 - train 0.142441 - val 0.090581
Epoch 698/1250 - train 0.142621 - val 0.092343
Epoch 699/1250 - train 0.142275 - val 0.091583
Epoch 700/1250 - train 0.141883 - val 0.090692
Epoch 701/1250 - train 0.142431 - val 0.086570
Epoch 702/1250 - train 0.141605 - val 0.086011
Epoch 703/1250 - train 0.142046 - val 0.085773
Epoch 704/1250 - train 0.142381 - val 0.089018
Epoch 705/1250 - train 0.141829 - val 0.088679
Epoch 706/1250 - train 0.141986 - val 0.091054
Epoch 707/1250 - train 0.142918 - val 0.088465
Epoch 708/1250 - train 0.141915 - val 0.084716
Epoch 709/1250 - train 0.141836 - val 0.085536
Epoch 710/1250 - train 0.141690 - val 0.091086
Epoch 711/1250 - train 0.141765 - val 0.090944
Epoch 712/1250 - train 0.142171 - val 0.086566
Epoch 713/1250 - train 0.142338 - val 0.088077
Epoch 714/1250 - train 0.142043 - val 0.085880
Epoch 715/1250 - train 0.141311 - val 0.085461
Epoch 716/1250 - train 0.142063 - val 0.088851
Epoch 717/1250 - train 0.141353 - val 0.094303
Epoch 718/1250 - train 0.142647 - val 0.091178
Epoch 719/1250 - train 0.141015 - val 0.088010
Epoch 720/1250 - train 0.141294 - val 0.087676
Epoch 721/1250 - train 0.142775 - val 0.091545
Epoch 722/1250 - train 0.142755 - val 0.085356
Epoch 723/1250 - train 0.141105 - val 0.090930
Epoch 724/1250 - train 0.141932 - val 0.089408
Epoch 725/1250 - train 0.142127 - val 0.087112
Epoch 726/1250 - train 0.141276 - val 0.088373
Epoch 727/1250 - train 0.142269 - val 0.087662
Epoch 728/1250 - train 0.141675 - val 0.092696
Epoch 729/1250 - train 0.141973 - val 0.087386
Epoch 730/1250 - train 0.142412 - val 0.087829
Epoch 731/1250 - train 0.141268 - val 0.088535
Epoch 732/1250 - train 0.141934 - val 0.093104
Epoch 733/1250 - train 0.141867 - val 0.086056
Epoch 734/1250 - train 0.141415 - val 0.089096
Epoch 735/1250 - train 0.141954 - val 0.087035
Epoch 736/1250 - train 0.141448 - val 0.095301
Epoch 737/1250 - train 0.142443 - val 0.098439
Epoch 738/1250 - train 0.141206 - val 0.093022
Epoch 739/1250 - train 0.141719 - val 0.091228
Epoch 740/1250 - train 0.142128 - val 0.090697
Epoch 741/1250 - train 0.142263 - val 0.082292
Epoch 742/1250 - train 0.142354 - val 0.086187
Epoch 743/1250 - train 0.141963 - val 0.087316
Epoch 744/1250 - train 0.141947 - val 0.090187
Epoch 745/1250 - train 0.140755 - val 0.085718
Epoch 746/1250 - train 0.141513 - val 0.086280
Epoch 747/1250 - train 0.141283 - val 0.086949
Epoch 748/1250 - train 0.141248 - val 0.086093
Epoch 749/1250 - train 0.141465 - val 0.084872
Epoch 750/1250 - train 0.142430 - val 0.088201
Epoch 751/1250 - train 0.142050 - val 0.087615
Epoch 752/1250 - train 0.141344 - val 0.091189
Epoch 753/1250 - train 0.141672 - val 0.086834
Epoch 754/1250 - train 0.141876 - val 0.094645
Epoch 755/1250 - train 0.142381 - val 0.093943
Epoch 756/1250 - train 0.141058 - val 0.085074
Epoch 757/1250 - train 0.141830 - val 0.086254
Epoch 758/1250 - train 0.141630 - val 0.091748
Epoch 759/1250 - train 0.141245 - val 0.087337
Epoch 760/1250 - train 0.141457 - val 0.089967
Epoch 761/1250 - train 0.141729 - val 0.085908
Epoch 762/1250 - train 0.142001 - val 0.089941
Epoch 763/1250 - train 0.141491 - val 0.094058
Epoch 764/1250 - train 0.142768 - val 0.085265
Epoch 765/1250 - train 0.141112 - val 0.084023
Epoch 766/1250 - train 0.140827 - val 0.085652
Epoch 767/1250 - train 0.142042 - val 0.091973
Epoch 768/1250 - train 0.143170 - val 0.090015
Epoch 769/1250 - train 0.141455 - val 0.085679
Epoch 770/1250 - train 0.142029 - val 0.091879
Epoch 771/1250 - train 0.142044 - val 0.086875
Epoch 772/1250 - train 0.141381 - val 0.085817
Epoch 773/1250 - train 0.141355 - val 0.087180
Epoch 774/1250 - train 0.141777 - val 0.086618
Epoch 775/1250 - train 0.141566 - val 0.087502
Epoch 776/1250 - train 0.141640 - val 0.091660
Epoch 777/1250 - train 0.141999 - val 0.085566
Epoch 778/1250 - train 0.141497 - val 0.097698
Epoch 779/1250 - train 0.142441 - val 0.084602
Epoch 780/1250 - train 0.142029 - val 0.094672
Epoch 781/1250 - train 0.145068 - val 0.093809
Epoch 782/1250 - train 0.144489 - val 0.089624
Epoch 783/1250 - train 0.144370 - val 0.092021
Epoch 784/1250 - train 0.144103 - val 0.087299
Epoch 785/1250 - train 0.143553 - val 0.089113
Epoch 786/1250 - train 0.144277 - val 0.100741
Epoch 787/1250 - train 0.143415 - val 0.089459
Epoch 788/1250 - train 0.143613 - val 0.086363
Epoch 789/1250 - train 0.143508 - val 0.086675
Epoch 790/1250 - train 0.144491 - val 0.089948
Epoch 791/1250 - train 0.144987 - val 0.090585
Epoch 792/1250 - train 0.143153 - val 0.089258
Epoch 793/1250 - train 0.142767 - val 0.090601
Epoch 794/1250 - train 0.143098 - val 0.094101
Epoch 795/1250 - train 0.144080 - val 0.088559
Epoch 796/1250 - train 0.143596 - val 0.088293
Epoch 797/1250 - train 0.143240 - val 0.092042
Epoch 798/1250 - train 0.143613 - val 0.090497
Epoch 799/1250 - train 0.142948 - val 0.091680
Epoch 800/1250 - train 0.144139 - val 0.089013
Epoch 801/1250 - train 0.143018 - val 0.088389
Epoch 802/1250 - train 0.143907 - val 0.087678
Epoch 803/1250 - train 0.143667 - val 0.092623
Epoch 804/1250 - train 0.143604 - val 0.090102
Epoch 805/1250 - train 0.143668 - val 0.090036
Epoch 806/1250 - train 0.143328 - val 0.088455
Epoch 807/1250 - train 0.143193 - val 0.089270
Epoch 808/1250 - train 0.143470 - val 0.093288
Epoch 809/1250 - train 0.143265 - val 0.086737
Epoch 810/1250 - train 0.143743 - val 0.090523
Epoch 811/1250 - train 0.142918 - val 0.090254
Epoch 812/1250 - train 0.142634 - val 0.087412
Epoch 813/1250 - train 0.142740 - val 0.090465
Epoch 814/1250 - train 0.142160 - val 0.093207
Epoch 815/1250 - train 0.143304 - val 0.089664
Epoch 816/1250 - train 0.143641 - val 0.092638
Epoch 817/1250 - train 0.143868 - val 0.091439
Epoch 818/1250 - train 0.142430 - val 0.096550
Epoch 819/1250 - train 0.142939 - val 0.088305
Epoch 820/1250 - train 0.142869 - val 0.090585
Epoch 821/1250 - train 0.142713 - val 0.091067
Epoch 822/1250 - train 0.142915 - val 0.097323
Epoch 823/1250 - train 0.143830 - val 0.090711
Epoch 824/1250 - train 0.142333 - val 0.089945
Epoch 825/1250 - train 0.142367 - val 0.087102
Epoch 826/1250 - train 0.143289 - val 0.091532
Epoch 827/1250 - train 0.142705 - val 0.085800
Epoch 828/1250 - train 0.142751 - val 0.088559
Epoch 829/1250 - train 0.143076 - val 0.087382
Epoch 830/1250 - train 0.143424 - val 0.085247
Epoch 831/1250 - train 0.142518 - val 0.088929
Epoch 832/1250 - train 0.143181 - val 0.087424
Epoch 833/1250 - train 0.142596 - val 0.086372
Epoch 834/1250 - train 0.143104 - val 0.088608
Epoch 835/1250 - train 0.142584 - val 0.088647
Epoch 836/1250 - train 0.144097 - val 0.088145
Epoch 837/1250 - train 0.142770 - val 0.088473
Epoch 838/1250 - train 0.143285 - val 0.092625
Epoch 839/1250 - train 0.141887 - val 0.088847
Epoch 840/1250 - train 0.142792 - val 0.088270
Epoch 841/1250 - train 0.142912 - val 0.097851
Epoch 842/1250 - train 0.142523 - val 0.090642
Epoch 843/1250 - train 0.143077 - val 0.087326
Epoch 844/1250 - train 0.143573 - val 0.083739
Epoch 845/1250 - train 0.142542 - val 0.095670
Epoch 846/1250 - train 0.143428 - val 0.087784
Epoch 847/1250 - train 0.142036 - val 0.088041
Epoch 848/1250 - train 0.142585 - val 0.084899
Epoch 849/1250 - train 0.141676 - val 0.088014
Epoch 850/1250 - train 0.142878 - val 0.088187
Epoch 851/1250 - train 0.142463 - val 0.093040
Epoch 852/1250 - train 0.143087 - val 0.090518
Epoch 853/1250 - train 0.142660 - val 0.088596
Epoch 854/1250 - train 0.142351 - val 0.085279
Epoch 855/1250 - train 0.143116 - val 0.086860
Epoch 856/1250 - train 0.141922 - val 0.087371
Epoch 857/1250 - train 0.142458 - val 0.090435
Epoch 858/1250 - train 0.142509 - val 0.088834
Epoch 859/1250 - train 0.142620 - val 0.086729
Epoch 860/1250 - train 0.142152 - val 0.093857
Epoch 861/1250 - train 0.142649 - val 0.097058
Epoch 862/1250 - train 0.141977 - val 0.087183
Epoch 863/1250 - train 0.143047 - val 0.092005
Epoch 864/1250 - train 0.142272 - val 0.090786
Epoch 865/1250 - train 0.142258 - val 0.088954
Epoch 866/1250 - train 0.141781 - val 0.091329
Epoch 867/1250 - train 0.142557 - val 0.087732
Epoch 868/1250 - train 0.142096 - val 0.086399
Epoch 869/1250 - train 0.141885 - val 0.086480
Epoch 870/1250 - train 0.141725 - val 0.091475
Epoch 871/1250 - train 0.141700 - val 0.087021
Epoch 872/1250 - train 0.142080 - val 0.093711
Epoch 873/1250 - train 0.143466 - val 0.091515
Epoch 874/1250 - train 0.141583 - val 0.089841
Epoch 875/1250 - train 0.142784 - val 0.085310
Epoch 876/1250 - train 0.142495 - val 0.084937
Epoch 877/1250 - train 0.141826 - val 0.086341
Epoch 878/1250 - train 0.143059 - val 0.089351
Epoch 879/1250 - train 0.142193 - val 0.087416
Epoch 880/1250 - train 0.142883 - val 0.088173
Epoch 881/1250 - train 0.141889 - val 0.089811
Epoch 882/1250 - train 0.142498 - val 0.099401
Epoch 883/1250 - train 0.141784 - val 0.087913
Epoch 884/1250 - train 0.141885 - val 0.094421
Epoch 885/1250 - train 0.142099 - val 0.083515
Epoch 886/1250 - train 0.142291 - val 0.089111
Epoch 887/1250 - train 0.142228 - val 0.086309
Epoch 888/1250 - train 0.142702 - val 0.084636
Epoch 889/1250 - train 0.142064 - val 0.088694
Epoch 890/1250 - train 0.141859 - val 0.090307
Epoch 891/1250 - train 0.142599 - val 0.085805
Epoch 892/1250 - train 0.142441 - val 0.089229
Epoch 893/1250 - train 0.142007 - val 0.085950
Epoch 894/1250 - train 0.142065 - val 0.088740
Epoch 895/1250 - train 0.142685 - val 0.085835
Epoch 896/1250 - train 0.141123 - val 0.087431
Epoch 897/1250 - train 0.142452 - val 0.095161
Epoch 898/1250 - train 0.141964 - val 0.089948
Epoch 899/1250 - train 0.142397 - val 0.087317
Epoch 900/1250 - train 0.142416 - val 0.083655
Epoch 901/1250 - train 0.141917 - val 0.090332
Epoch 902/1250 - train 0.141654 - val 0.088925
Epoch 903/1250 - train 0.141758 - val 0.085671
Epoch 904/1250 - train 0.141936 - val 0.088232
Epoch 905/1250 - train 0.143483 - val 0.086457
Epoch 906/1250 - train 0.142002 - val 0.089157
Epoch 907/1250 - train 0.142017 - val 0.088019
Epoch 908/1250 - train 0.141262 - val 0.087844
Epoch 909/1250 - train 0.142141 - val 0.085362
Epoch 910/1250 - train 0.141734 - val 0.084883
Epoch 911/1250 - train 0.142512 - val 0.088677
Epoch 912/1250 - train 0.142232 - val 0.086369
Epoch 913/1250 - train 0.141715 - val 0.095239
Epoch 914/1250 - train 0.142168 - val 0.087490
Epoch 915/1250 - train 0.141969 - val 0.089807
Epoch 916/1250 - train 0.141945 - val 0.091554
Epoch 917/1250 - train 0.141700 - val 0.088274
Epoch 918/1250 - train 0.143169 - val 0.085800
Epoch 919/1250 - train 0.141140 - val 0.086923
Epoch 920/1250 - train 0.141890 - val 0.091344
Epoch 921/1250 - train 0.141734 - val 0.088391
Epoch 922/1250 - train 0.141915 - val 0.087209
Epoch 923/1250 - train 0.141866 - val 0.089030
Epoch 924/1250 - train 0.141621 - val 0.093411
Epoch 925/1250 - train 0.141969 - val 0.083097
Epoch 926/1250 - train 0.141705 - val 0.083918
Epoch 927/1250 - train 0.142141 - val 0.092940
Epoch 928/1250 - train 0.141420 - val 0.085132
Epoch 929/1250 - train 0.142738 - val 0.087259
Epoch 930/1250 - train 0.142683 - val 0.089778
Epoch 931/1250 - train 0.141278 - val 0.089013
Epoch 932/1250 - train 0.142725 - val 0.094506
Epoch 933/1250 - train 0.142758 - val 0.087651
Epoch 934/1250 - train 0.142016 - val 0.094843
Epoch 935/1250 - train 0.141843 - val 0.089769
Epoch 936/1250 - train 0.141655 - val 0.088049
Epoch 937/1250 - train 0.141787 - val 0.085569
Epoch 938/1250 - train 0.142283 - val 0.083989
Epoch 939/1250 - train 0.143229 - val 0.093164
Epoch 940/1250 - train 0.144688 - val 0.091077
Epoch 941/1250 - train 0.142363 - val 0.088902
Epoch 942/1250 - train 0.142187 - val 0.087119
Epoch 943/1250 - train 0.141589 - val 0.088314
Epoch 944/1250 - train 0.141499 - val 0.088248
Epoch 945/1250 - train 0.142624 - val 0.088775
Epoch 946/1250 - train 0.142190 - val 0.087665
Epoch 947/1250 - train 0.141438 - val 0.095542
Epoch 948/1250 - train 0.141929 - val 0.093590
Epoch 949/1250 - train 0.142130 - val 0.084528
Epoch 950/1250 - train 0.141518 - val 0.087224
Epoch 951/1250 - train 0.142148 - val 0.088618
Epoch 952/1250 - train 0.142040 - val 0.090430
Epoch 953/1250 - train 0.141974 - val 0.086459
Epoch 954/1250 - train 0.140935 - val 0.085346
Epoch 955/1250 - train 0.142132 - val 0.086086
Epoch 956/1250 - train 0.142017 - val 0.084226
Epoch 957/1250 - train 0.141105 - val 0.084802
Epoch 958/1250 - train 0.141580 - val 0.087291
Epoch 959/1250 - train 0.141149 - val 0.083564
Epoch 960/1250 - train 0.141662 - val 0.088652
Epoch 961/1250 - train 0.141134 - val 0.088160
Epoch 962/1250 - train 0.141714 - val 0.092013
Epoch 963/1250 - train 0.141984 - val 0.087464
Epoch 964/1250 - train 0.141262 - val 0.087288
Epoch 965/1250 - train 0.141812 - val 0.084788
Epoch 966/1250 - train 0.142720 - val 0.087972
Epoch 967/1250 - train 0.142168 - val 0.085948
Epoch 968/1250 - train 0.140981 - val 0.088598
Epoch 969/1250 - train 0.141103 - val 0.089067
Epoch 970/1250 - train 0.142251 - val 0.088149
Epoch 971/1250 - train 0.141843 - val 0.086142
Epoch 972/1250 - train 0.140766 - val 0.087221
Epoch 973/1250 - train 0.142392 - val 0.088598
Epoch 974/1250 - train 0.142433 - val 0.084993
Epoch 975/1250 - train 0.142011 - val 0.095000
Epoch 976/1250 - train 0.142275 - val 0.088315
Epoch 977/1250 - train 0.142419 - val 0.085702
Epoch 978/1250 - train 0.140430 - val 0.086301
Epoch 979/1250 - train 0.142310 - val 0.088216
Epoch 980/1250 - train 0.141625 - val 0.085931
Epoch 981/1250 - train 0.141304 - val 0.090068
Epoch 982/1250 - train 0.141909 - val 0.087984
Epoch 983/1250 - train 0.141796 - val 0.089813
Epoch 984/1250 - train 0.141526 - val 0.088404
Epoch 985/1250 - train 0.143305 - val 0.091689
Epoch 986/1250 - train 0.140982 - val 0.084699
Epoch 987/1250 - train 0.141188 - val 0.090245
Epoch 988/1250 - train 0.141365 - val 0.091085
Epoch 989/1250 - train 0.141632 - val 0.090616
Epoch 990/1250 - train 0.141942 - val 0.089431
Epoch 991/1250 - train 0.142226 - val 0.087706
Epoch 992/1250 - train 0.142025 - val 0.093096
Epoch 993/1250 - train 0.141665 - val 0.091941
Epoch 994/1250 - train 0.141696 - val 0.093109
Epoch 995/1250 - train 0.141719 - val 0.085911
Epoch 996/1250 - train 0.141160 - val 0.092351
Epoch 997/1250 - train 0.142208 - val 0.084347
Epoch 998/1250 - train 0.141396 - val 0.089087
Epoch 999/1250 - train 0.142055 - val 0.089649
Epoch 1000/1250 - train 0.141465 - val 0.094185
Epoch 1001/1250 - train 0.141246 - val 0.086468
Epoch 1002/1250 - train 0.142352 - val 0.086082
Epoch 1003/1250 - train 0.141390 - val 0.086532
Epoch 1004/1250 - train 0.141828 - val 0.088756
Epoch 1005/1250 - train 0.142733 - val 0.084489
Epoch 1006/1250 - train 0.141161 - val 0.088474
Epoch 1007/1250 - train 0.141014 - val 0.091230
Epoch 1008/1250 - train 0.141627 - val 0.094149
Epoch 1009/1250 - train 0.141151 - val 0.088401
Epoch 1010/1250 - train 0.141809 - val 0.087048
Epoch 1011/1250 - train 0.142588 - val 0.085713
Epoch 1012/1250 - train 0.141241 - val 0.094344
Epoch 1013/1250 - train 0.140998 - val 0.086449
Epoch 1014/1250 - train 0.142131 - val 0.095363
Epoch 1015/1250 - train 0.142672 - val 0.087799
Epoch 1016/1250 - train 0.141013 - val 0.085282
Epoch 1017/1250 - train 0.142276 - val 0.091482
Epoch 1018/1250 - train 0.141921 - val 0.092554
Epoch 1019/1250 - train 0.142048 - val 0.084581
Epoch 1020/1250 - train 0.141930 - val 0.089351
Epoch 1021/1250 - train 0.141319 - val 0.087840
Epoch 1022/1250 - train 0.141204 - val 0.089194
Epoch 1023/1250 - train 0.142536 - val 0.087851
Epoch 1024/1250 - train 0.142705 - val 0.090533
Epoch 1025/1250 - train 0.141839 - val 0.086841
Epoch 1026/1250 - train 0.141735 - val 0.089920
Epoch 1027/1250 - train 0.142280 - val 0.093133
Epoch 1028/1250 - train 0.141635 - val 0.093149
Epoch 1029/1250 - train 0.141807 - val 0.088538
Epoch 1030/1250 - train 0.142297 - val 0.090720
Epoch 1031/1250 - train 0.141102 - val 0.093949
Epoch 1032/1250 - train 0.141742 - val 0.086698
Epoch 1033/1250 - train 0.142410 - val 0.089207
Epoch 1034/1250 - train 0.141986 - val 0.085914
Epoch 1035/1250 - train 0.142622 - val 0.086154
Epoch 1036/1250 - train 0.141207 - val 0.083456
Epoch 1037/1250 - train 0.141724 - val 0.093680
Epoch 1038/1250 - train 0.141072 - val 0.086350
Epoch 1039/1250 - train 0.142268 - val 0.091245
Epoch 1040/1250 - train 0.142235 - val 0.086129
Epoch 1041/1250 - train 0.141213 - val 0.091606
Epoch 1042/1250 - train 0.141884 - val 0.088267
Epoch 1043/1250 - train 0.141518 - val 0.080484
Epoch 1044/1250 - train 0.140993 - val 0.089314
Epoch 1045/1250 - train 0.142310 - val 0.095700
Epoch 1046/1250 - train 0.142667 - val 0.090904
Epoch 1047/1250 - train 0.142088 - val 0.087889
Epoch 1048/1250 - train 0.140942 - val 0.089757
Epoch 1049/1250 - train 0.142064 - val 0.082605
Epoch 1050/1250 - train 0.140869 - val 0.094374
Epoch 1051/1250 - train 0.141515 - val 0.091832
Epoch 1052/1250 - train 0.141727 - val 0.090781
Epoch 1053/1250 - train 0.141619 - val 0.091012
Epoch 1054/1250 - train 0.142019 - val 0.088463
Epoch 1055/1250 - train 0.141926 - val 0.086754
Epoch 1056/1250 - train 0.142756 - val 0.086137
Epoch 1057/1250 - train 0.141431 - val 0.086195
Epoch 1058/1250 - train 0.142298 - val 0.091399
Epoch 1059/1250 - train 0.144133 - val 0.085998
Epoch 1060/1250 - train 0.142420 - val 0.096151
Epoch 1061/1250 - train 0.142126 - val 0.084538
Epoch 1062/1250 - train 0.141792 - val 0.094081
Epoch 1063/1250 - train 0.141933 - val 0.087563
Epoch 1064/1250 - train 0.142388 - val 0.089897
Epoch 1065/1250 - train 0.142414 - val 0.086875
Epoch 1066/1250 - train 0.141673 - val 0.087471
Epoch 1067/1250 - train 0.142353 - val 0.096817
Epoch 1068/1250 - train 0.142300 - val 0.082910
Epoch 1069/1250 - train 0.142269 - val 0.091395
Epoch 1070/1250 - train 0.142714 - val 0.092545
Epoch 1071/1250 - train 0.142076 - val 0.086982
Epoch 1072/1250 - train 0.142618 - val 0.089060
Epoch 1073/1250 - train 0.141329 - val 0.087434
Epoch 1074/1250 - train 0.142390 - val 0.090174
Epoch 1075/1250 - train 0.141420 - val 0.088039
Epoch 1076/1250 - train 0.141624 - val 0.086476
Epoch 1077/1250 - train 0.141913 - val 0.086292
Epoch 1078/1250 - train 0.141781 - val 0.091258
Epoch 1079/1250 - train 0.142818 - val 0.094974
Epoch 1080/1250 - train 0.142299 - val 0.085052
Epoch 1081/1250 - train 0.143580 - val 0.095917
Epoch 1082/1250 - train 0.142799 - val 0.087801
Epoch 1083/1250 - train 0.142957 - val 0.092699
Epoch 1084/1250 - train 0.142199 - val 0.089153
Epoch 1085/1250 - train 0.142968 - val 0.086095
Epoch 1086/1250 - train 0.142846 - val 0.093766
Epoch 1087/1250 - train 0.143079 - val 0.088630
Epoch 1088/1250 - train 0.143367 - val 0.095976
Epoch 1089/1250 - train 0.143988 - val 0.088720
Epoch 1090/1250 - train 0.141230 - val 0.088890
Epoch 1091/1250 - train 0.142186 - val 0.098232
Epoch 1092/1250 - train 0.143330 - val 0.092903
Epoch 1093/1250 - train 0.142505 - val 0.087389
Epoch 1094/1250 - train 0.142399 - val 0.088486
Epoch 1095/1250 - train 0.142602 - val 0.100296
Epoch 1096/1250 - train 0.142712 - val 0.094902
Epoch 1097/1250 - train 0.142377 - val 0.088995
Epoch 1098/1250 - train 0.142401 - val 0.089560
Epoch 1099/1250 - train 0.142106 - val 0.090197
Epoch 1100/1250 - train 0.142906 - val 0.083842
Epoch 1101/1250 - train 0.142178 - val 0.088293
Epoch 1102/1250 - train 0.141941 - val 0.086889
Epoch 1103/1250 - train 0.142786 - val 0.088141
Epoch 1104/1250 - train 0.142795 - val 0.090942
Epoch 1105/1250 - train 0.142470 - val 0.085021
Epoch 1106/1250 - train 0.142349 - val 0.087774
Epoch 1107/1250 - train 0.142732 - val 0.089654
Epoch 1108/1250 - train 0.142059 - val 0.087321
Epoch 1109/1250 - train 0.141797 - val 0.084023
Epoch 1110/1250 - train 0.141404 - val 0.089847
Epoch 1111/1250 - train 0.142552 - val 0.084481
Epoch 1112/1250 - train 0.142213 - val 0.091349
Epoch 1113/1250 - train 0.142336 - val 0.087349
Epoch 1114/1250 - train 0.141947 - val 0.090228
Epoch 1115/1250 - train 0.142132 - val 0.091154
Epoch 1116/1250 - train 0.142252 - val 0.084805
Epoch 1117/1250 - train 0.141641 - val 0.083381
Epoch 1118/1250 - train 0.141531 - val 0.090402
Epoch 1119/1250 - train 0.142749 - val 0.087697
Epoch 1120/1250 - train 0.142071 - val 0.089004
Epoch 1121/1250 - train 0.141728 - val 0.088599
Epoch 1122/1250 - train 0.142314 - val 0.090021
Epoch 1123/1250 - train 0.141488 - val 0.091352
Epoch 1124/1250 - train 0.141876 - val 0.089431
Epoch 1125/1250 - train 0.141799 - val 0.088780
Epoch 1126/1250 - train 0.142115 - val 0.091690
Epoch 1127/1250 - train 0.141912 - val 0.094671
Epoch 1128/1250 - train 0.142586 - val 0.095669
Epoch 1129/1250 - train 0.142271 - val 0.086024
Epoch 1130/1250 - train 0.142305 - val 0.092532
Epoch 1131/1250 - train 0.142259 - val 0.093900
Epoch 1132/1250 - train 0.141983 - val 0.088701
Epoch 1133/1250 - train 0.141728 - val 0.094687
Epoch 1134/1250 - train 0.142139 - val 0.089622
Epoch 1135/1250 - train 0.141067 - val 0.089376
Epoch 1136/1250 - train 0.142353 - val 0.084622
Epoch 1137/1250 - train 0.141728 - val 0.092346
Epoch 1138/1250 - train 0.142752 - val 0.086270
Epoch 1139/1250 - train 0.141653 - val 0.087713
Epoch 1140/1250 - train 0.141658 - val 0.090457
Epoch 1141/1250 - train 0.140882 - val 0.092630
Epoch 1142/1250 - train 0.141247 - val 0.086216
Epoch 1143/1250 - train 0.141700 - val 0.093229
Epoch 1144/1250 - train 0.142393 - val 0.084437
Epoch 1145/1250 - train 0.141414 - val 0.093994
Epoch 1146/1250 - train 0.141409 - val 0.084358
Epoch 1147/1250 - train 0.141962 - val 0.093774
Epoch 1148/1250 - train 0.142709 - val 0.086902
Epoch 1149/1250 - train 0.141812 - val 0.091099
Epoch 1150/1250 - train 0.142366 - val 0.087022
Epoch 1151/1250 - train 0.141291 - val 0.091688
Epoch 1152/1250 - train 0.141748 - val 0.094279
Epoch 1153/1250 - train 0.141473 - val 0.089998
Epoch 1154/1250 - train 0.141615 - val 0.085685
Epoch 1155/1250 - train 0.141440 - val 0.085891
Epoch 1156/1250 - train 0.142531 - val 0.087871
Epoch 1157/1250 - train 0.142249 - val 0.090339
Epoch 1158/1250 - train 0.141495 - val 0.084666
Epoch 1159/1250 - train 0.141328 - val 0.091996
Epoch 1160/1250 - train 0.143326 - val 0.088407
Epoch 1161/1250 - train 0.142396 - val 0.090202
Epoch 1162/1250 - train 0.141906 - val 0.094563
Epoch 1163/1250 - train 0.141317 - val 0.088825
Epoch 1164/1250 - train 0.141385 - val 0.090199
Epoch 1165/1250 - train 0.142089 - val 0.087861
Epoch 1166/1250 - train 0.142505 - val 0.085316
Epoch 1167/1250 - train 0.141349 - val 0.089318
Epoch 1168/1250 - train 0.142098 - val 0.099704
Epoch 1169/1250 - train 0.141795 - val 0.085708
Epoch 1170/1250 - train 0.140752 - val 0.089502
Epoch 1171/1250 - train 0.145753 - val 0.092023
Epoch 1172/1250 - train 0.145236 - val 0.088092
Epoch 1173/1250 - train 0.146208 - val 0.093651
Epoch 1174/1250 - train 0.144973 - val 0.092467
Epoch 1175/1250 - train 0.144103 - val 0.086327
Epoch 1176/1250 - train 0.143457 - val 0.091263
Epoch 1177/1250 - train 0.145578 - val 0.088766
Epoch 1178/1250 - train 0.143895 - val 0.086719
Epoch 1179/1250 - train 0.144320 - val 0.083194
Epoch 1180/1250 - train 0.143466 - val 0.088749
Epoch 1181/1250 - train 0.143966 - val 0.092647
Epoch 1182/1250 - train 0.143917 - val 0.088113
Epoch 1183/1250 - train 0.143605 - val 0.088679
Epoch 1184/1250 - train 0.144416 - val 0.090588
Epoch 1185/1250 - train 0.143590 - val 0.093235
Epoch 1186/1250 - train 0.143928 - val 0.089817
Epoch 1187/1250 - train 0.144431 - val 0.096041
Epoch 1188/1250 - train 0.143273 - val 0.092397
Epoch 1189/1250 - train 0.143619 - val 0.086887
Epoch 1190/1250 - train 0.143125 - val 0.089358
Epoch 1191/1250 - train 0.142755 - val 0.088412
Epoch 1192/1250 - train 0.143210 - val 0.093055
Epoch 1193/1250 - train 0.143493 - val 0.090420
Epoch 1194/1250 - train 0.143720 - val 0.090778
Epoch 1195/1250 - train 0.142750 - val 0.088997
Epoch 1196/1250 - train 0.142633 - val 0.086814
Epoch 1197/1250 - train 0.142933 - val 0.092773
Epoch 1198/1250 - train 0.143900 - val 0.089686
Epoch 1199/1250 - train 0.142402 - val 0.091089
Epoch 1200/1250 - train 0.143662 - val 0.091179
Epoch 1201/1250 - train 0.143152 - val 0.096905
Epoch 1202/1250 - train 0.142979 - val 0.087838
Epoch 1203/1250 - train 0.142697 - val 0.089356
Epoch 1204/1250 - train 0.143775 - val 0.096574
Epoch 1205/1250 - train 0.144136 - val 0.087970
Epoch 1206/1250 - train 0.142514 - val 0.086784
Epoch 1207/1250 - train 0.142620 - val 0.089840
Epoch 1208/1250 - train 0.143434 - val 0.090287
Epoch 1209/1250 - train 0.143186 - val 0.085648
Epoch 1210/1250 - train 0.142767 - val 0.090000
Epoch 1211/1250 - train 0.143680 - val 0.089396
Epoch 1212/1250 - train 0.142703 - val 0.089805
Epoch 1213/1250 - train 0.143754 - val 0.088979
Epoch 1214/1250 - train 0.142778 - val 0.085863
Epoch 1215/1250 - train 0.142525 - val 0.086030
Epoch 1216/1250 - train 0.142689 - val 0.085405
Epoch 1217/1250 - train 0.142862 - val 0.095198
Epoch 1218/1250 - train 0.142642 - val 0.088599
Epoch 1219/1250 - train 0.143302 - val 0.090407
Epoch 1220/1250 - train 0.142465 - val 0.091769
Epoch 1221/1250 - train 0.143247 - val 0.087881
Epoch 1222/1250 - train 0.142851 - val 0.091324
Epoch 1223/1250 - train 0.142196 - val 0.089603
Epoch 1224/1250 - train 0.143020 - val 0.089712
Epoch 1225/1250 - train 0.142862 - val 0.087408
Epoch 1226/1250 - train 0.143212 - val 0.084699
Epoch 1227/1250 - train 0.142408 - val 0.091260
Epoch 1228/1250 - train 0.142725 - val 0.085964
Epoch 1229/1250 - train 0.142312 - val 0.091032
Epoch 1230/1250 - train 0.141828 - val 0.091562
Epoch 1231/1250 - train 0.143511 - val 0.090028
Epoch 1232/1250 - train 0.143302 - val 0.088142
Epoch 1233/1250 - train 0.142626 - val 0.095224
Epoch 1234/1250 - train 0.142975 - val 0.088085
Epoch 1235/1250 - train 0.142168 - val 0.088312
Epoch 1236/1250 - train 0.142642 - val 0.087300
Epoch 1237/1250 - train 0.142143 - val 0.089759
Epoch 1238/1250 - train 0.143681 - val 0.087657
Epoch 1239/1250 - train 0.142559 - val 0.085246
Epoch 1240/1250 - train 0.142933 - val 0.094035
Epoch 1241/1250 - train 0.142838 - val 0.087742
Epoch 1242/1250 - train 0.141930 - val 0.087135
Epoch 1243/1250 - train 0.141976 - val 0.086308
Epoch 1244/1250 - train 0.142052 - val 0.092515
Epoch 1245/1250 - train 0.142807 - val 0.084547
Epoch 1246/1250 - train 0.142396 - val 0.089715
Epoch 1247/1250 - train 0.143191 - val 0.090492
Epoch 1248/1250 - train 0.142085 - val 0.090081
Epoch 1249/1250 - train 0.142403 - val 0.088378
Epoch 1250/1250 - train 0.142084 - val 0.085095
Saved model to /scratch/network/ak9088/NASA-RL-Wavefront-Control/RL/jobs/20251227_000745/exp-fc1-zscore-ep1250-bs256-lr1e-3-s42-h128-64-images-wd0.0005-mc0-do0.1/fc1_best.pth
