y: [[-3.01948577e-01 -1.56999201e-01 -8.37100446e-02 ... -4.71909642e-02
   2.47504022e-02  4.47161568e-07]
 [ 2.74821997e-01 -1.02294907e-01 -5.63746214e-01 ... -4.59444225e-02
  -5.64354733e-02  4.47161568e-07]
 [ 5.95149398e-02  2.33263269e-01 -3.06408316e-01 ...  2.25831587e-02
  -1.20181506e-02  4.47161568e-07]
 ...
 [ 4.42554802e-01  3.15719873e-01  2.77699292e-01 ... -3.95034067e-02
  -1.14195935e-01  4.47161568e-07]
 [ 4.53366876e-01  1.46775022e-01  2.77601451e-01 ...  6.94388151e-03
  -6.98646232e-02  4.47161568e-07]
 [ 4.41307187e-01 -6.00950122e-01 -7.07667843e-02 ... -9.30655524e-02
   9.98187251e-03  4.47161568e-07]]
Dataset loaded: N=100000 (original 100000), C=3, H=28, W=28, y_dim=26
using device: cpu
Epoch 1/1500 - train 0.522700 - val 0.385755
Epoch 2/1500 - train 0.387517 - val 0.339404
Epoch 3/1500 - train 0.354604 - val 0.326578
Epoch 4/1500 - train 0.337554 - val 0.317635
Epoch 5/1500 - train 0.326157 - val 0.306329
Epoch 6/1500 - train 0.315584 - val 0.298007
Epoch 7/1500 - train 0.307134 - val 0.292429
Epoch 8/1500 - train 0.300713 - val 0.285018
Epoch 9/1500 - train 0.294132 - val 0.280937
Epoch 10/1500 - train 0.288375 - val 0.273627
Epoch 11/1500 - train 0.283463 - val 0.274730
Epoch 12/1500 - train 0.279923 - val 0.271606
Epoch 13/1500 - train 0.275401 - val 0.270456
Epoch 14/1500 - train 0.271668 - val 0.264378
Epoch 15/1500 - train 0.266971 - val 0.261477
Epoch 16/1500 - train 0.264465 - val 0.262801
Epoch 17/1500 - train 0.261364 - val 0.258898
Epoch 18/1500 - train 0.258162 - val 0.254639
Epoch 19/1500 - train 0.255335 - val 0.260161
Epoch 20/1500 - train 0.253432 - val 0.255113
Epoch 21/1500 - train 0.250344 - val 0.251702
Epoch 22/1500 - train 0.247956 - val 0.251381
Epoch 23/1500 - train 0.245716 - val 0.251875
Epoch 24/1500 - train 0.244487 - val 0.253121
Epoch 25/1500 - train 0.242608 - val 0.250771
Epoch 26/1500 - train 0.240236 - val 0.246783
Epoch 27/1500 - train 0.238655 - val 0.250174
Epoch 28/1500 - train 0.236948 - val 0.246561
Epoch 29/1500 - train 0.233702 - val 0.245336
Epoch 30/1500 - train 0.234734 - val 0.244637
Epoch 31/1500 - train 0.231036 - val 0.251864
Epoch 32/1500 - train 0.231162 - val 0.246425
Epoch 33/1500 - train 0.228205 - val 0.247790
Epoch 34/1500 - train 0.227555 - val 0.247544
Epoch 35/1500 - train 0.226783 - val 0.249594
Epoch 36/1500 - train 0.224683 - val 0.246278
Epoch 37/1500 - train 0.223788 - val 0.245240
Epoch 38/1500 - train 0.221340 - val 0.246445
Epoch 39/1500 - train 0.220207 - val 0.245687
Epoch 40/1500 - train 0.219315 - val 0.247221
Epoch 41/1500 - train 0.218246 - val 0.247194
Epoch 42/1500 - train 0.216862 - val 0.246964
Epoch 43/1500 - train 0.214249 - val 0.250477
Epoch 44/1500 - train 0.215264 - val 0.248253
Epoch 45/1500 - train 0.214562 - val 0.246096
Epoch 46/1500 - train 0.211095 - val 0.246719
Epoch 47/1500 - train 0.209296 - val 0.249119
Epoch 48/1500 - train 0.212554 - val 0.250293
Epoch 49/1500 - train 0.208025 - val 0.246827
Epoch 50/1500 - train 0.206822 - val 0.248712
Epoch 51/1500 - train 0.204813 - val 0.246230
Epoch 52/1500 - train 0.204083 - val 0.253193
Epoch 53/1500 - train 0.203102 - val 0.251280
Epoch 54/1500 - train 0.201887 - val 0.252516
Epoch 55/1500 - train 0.202035 - val 0.249181
Epoch 56/1500 - train 0.198610 - val 0.253139
Epoch 57/1500 - train 0.198198 - val 0.249632
Epoch 58/1500 - train 0.198255 - val 0.248255
Epoch 59/1500 - train 0.197609 - val 0.249197
Epoch 60/1500 - train 0.195080 - val 0.252847
Epoch 61/1500 - train 0.195870 - val 0.249719
Epoch 62/1500 - train 0.195749 - val 0.258022
Epoch 63/1500 - train 0.198269 - val 0.248547
Epoch 64/1500 - train 0.192995 - val 0.251434
Epoch 65/1500 - train 0.193634 - val 0.253459
Epoch 66/1500 - train 0.192312 - val 0.250083
Epoch 67/1500 - train 0.189790 - val 0.248595
Epoch 68/1500 - train 0.189175 - val 0.248422
Epoch 69/1500 - train 0.187455 - val 0.247692
Epoch 70/1500 - train 0.185865 - val 0.247078
Epoch 71/1500 - train 0.186427 - val 0.249474
Epoch 72/1500 - train 0.184857 - val 0.247639
Epoch 73/1500 - train 0.184470 - val 0.250008
Epoch 74/1500 - train 0.184966 - val 0.248482
Epoch 75/1500 - train 0.182609 - val 0.251751
Epoch 76/1500 - train 0.183648 - val 0.246824
Epoch 77/1500 - train 0.181536 - val 0.248948
Epoch 78/1500 - train 0.181855 - val 0.249340
Epoch 79/1500 - train 0.183492 - val 0.249083
Epoch 80/1500 - train 0.181469 - val 0.250113
Epoch 81/1500 - train 0.180573 - val 0.252721
Epoch 82/1500 - train 0.181456 - val 0.253418
Epoch 83/1500 - train 0.180211 - val 0.247442
Epoch 84/1500 - train 0.179021 - val 0.248876
Epoch 85/1500 - train 0.176901 - val 0.247566
Epoch 86/1500 - train 0.177130 - val 0.246455
Epoch 87/1500 - train 0.176861 - val 0.248435
Epoch 88/1500 - train 0.175656 - val 0.249286
Epoch 89/1500 - train 0.175450 - val 0.247680
Epoch 90/1500 - train 0.174916 - val 0.249535
Epoch 91/1500 - train 0.175027 - val 0.249268
Epoch 92/1500 - train 0.175731 - val 0.247327
Epoch 93/1500 - train 0.178282 - val 0.249205
Epoch 94/1500 - train 0.175869 - val 0.245346
Epoch 95/1500 - train 0.173006 - val 0.245954
Epoch 96/1500 - train 0.172605 - val 0.249218
Epoch 97/1500 - train 0.172583 - val 0.245691
Epoch 98/1500 - train 0.172044 - val 0.247902
Epoch 99/1500 - train 0.171046 - val 0.248529
Epoch 100/1500 - train 0.171173 - val 0.248161
Epoch 101/1500 - train 0.171507 - val 0.245802
Epoch 102/1500 - train 0.172586 - val 0.246887
Epoch 103/1500 - train 0.169973 - val 0.250135
Epoch 104/1500 - train 0.168582 - val 0.249395
Epoch 105/1500 - train 0.171771 - val 0.244543
Epoch 106/1500 - train 0.168798 - val 0.245733
Epoch 107/1500 - train 0.169218 - val 0.244880
Epoch 108/1500 - train 0.168899 - val 0.247504
Epoch 109/1500 - train 0.169477 - val 0.243807
Epoch 110/1500 - train 0.168284 - val 0.246346
Epoch 111/1500 - train 0.167209 - val 0.249166
Epoch 112/1500 - train 0.166570 - val 0.244914
Epoch 113/1500 - train 0.165529 - val 0.244905
Epoch 114/1500 - train 0.166467 - val 0.247514
Epoch 115/1500 - train 0.173028 - val 0.248666
Epoch 116/1500 - train 0.166880 - val 0.245555
Epoch 117/1500 - train 0.166677 - val 0.244930
Epoch 118/1500 - train 0.164571 - val 0.249519
Epoch 119/1500 - train 0.166296 - val 0.246718
Epoch 120/1500 - train 0.164303 - val 0.246277
Epoch 121/1500 - train 0.164908 - val 0.244237
Epoch 122/1500 - train 0.162779 - val 0.245652
Epoch 123/1500 - train 0.164748 - val 0.249784
Epoch 124/1500 - train 0.164692 - val 0.245518
Epoch 125/1500 - train 0.163014 - val 0.246375
Epoch 126/1500 - train 0.163529 - val 0.247622
Epoch 127/1500 - train 0.162400 - val 0.243919
Epoch 128/1500 - train 0.163257 - val 0.243919
Epoch 129/1500 - train 0.163141 - val 0.248330
Epoch 130/1500 - train 0.164194 - val 0.245238
Epoch 131/1500 - train 0.162040 - val 0.243769
Epoch 132/1500 - train 0.160644 - val 0.244227
Epoch 133/1500 - train 0.159775 - val 0.243370
Epoch 134/1500 - train 0.160670 - val 0.241776
Epoch 135/1500 - train 0.159226 - val 0.243085
Epoch 136/1500 - train 0.161009 - val 0.244135
Epoch 137/1500 - train 0.159359 - val 0.245351
Epoch 138/1500 - train 0.160623 - val 0.242081
Epoch 139/1500 - train 0.159746 - val 0.243359
Epoch 140/1500 - train 0.158964 - val 0.243021
Epoch 141/1500 - train 0.158917 - val 0.254282
Epoch 142/1500 - train 0.167255 - val 0.245593
Epoch 143/1500 - train 0.163008 - val 0.249399
Epoch 144/1500 - train 0.161460 - val 0.243880
Epoch 145/1500 - train 0.158897 - val 0.240848
Epoch 146/1500 - train 0.159562 - val 0.243936
Epoch 147/1500 - train 0.158660 - val 0.243858
Epoch 148/1500 - train 0.157882 - val 0.243728
Epoch 149/1500 - train 0.158987 - val 0.242655
Epoch 150/1500 - train 0.157174 - val 0.245037
Epoch 151/1500 - train 0.157256 - val 0.241515
Epoch 152/1500 - train 0.156871 - val 0.243810
Epoch 153/1500 - train 0.156726 - val 0.244629
Epoch 154/1500 - train 0.156081 - val 0.243098
Epoch 155/1500 - train 0.155278 - val 0.244762
Epoch 156/1500 - train 0.155812 - val 0.241867
Epoch 157/1500 - train 0.155155 - val 0.243085
Epoch 158/1500 - train 0.155669 - val 0.244157
Epoch 159/1500 - train 0.154595 - val 0.241344
Epoch 160/1500 - train 0.153972 - val 0.241015
Epoch 161/1500 - train 0.154400 - val 0.239554
Epoch 162/1500 - train 0.154849 - val 0.243564
Epoch 163/1500 - train 0.154932 - val 0.240777
Epoch 164/1500 - train 0.154866 - val 0.243516
Epoch 165/1500 - train 0.154376 - val 0.243019
Epoch 166/1500 - train 0.155847 - val 0.241823
Epoch 167/1500 - train 0.154601 - val 0.239628
Epoch 168/1500 - train 0.152914 - val 0.241093
Epoch 169/1500 - train 0.153618 - val 0.243427
Epoch 170/1500 - train 0.154606 - val 0.244508
Epoch 171/1500 - train 0.154721 - val 0.240833
Epoch 172/1500 - train 0.154118 - val 0.245626
Epoch 173/1500 - train 0.157893 - val 0.244605
Epoch 174/1500 - train 0.153667 - val 0.242616
Epoch 175/1500 - train 0.152424 - val 0.242092
Epoch 176/1500 - train 0.151579 - val 0.241992
Epoch 177/1500 - train 0.151788 - val 0.239681
Epoch 178/1500 - train 0.151493 - val 0.243414
Epoch 179/1500 - train 0.150460 - val 0.241213
Epoch 180/1500 - train 0.150470 - val 0.242971
Epoch 181/1500 - train 0.151260 - val 0.242142
Epoch 182/1500 - train 0.151391 - val 0.240723
Epoch 183/1500 - train 0.151626 - val 0.239843
Epoch 184/1500 - train 0.150649 - val 0.239702
Epoch 185/1500 - train 0.151582 - val 0.239743
Epoch 186/1500 - train 0.150755 - val 0.239483
Epoch 187/1500 - train 0.149822 - val 0.238972
Epoch 188/1500 - train 0.149463 - val 0.239544
Epoch 189/1500 - train 0.149171 - val 0.237025
Epoch 190/1500 - train 0.150183 - val 0.239955
Epoch 191/1500 - train 0.149446 - val 0.240180
Epoch 192/1500 - train 0.149836 - val 0.239108
Epoch 193/1500 - train 0.149740 - val 0.236588
Epoch 194/1500 - train 0.148662 - val 0.238624
Epoch 195/1500 - train 0.149055 - val 0.240892
Epoch 196/1500 - train 0.150884 - val 0.242917
Epoch 197/1500 - train 0.150885 - val 0.237881
Epoch 198/1500 - train 0.148724 - val 0.239738
Epoch 199/1500 - train 0.148988 - val 0.245240
Epoch 200/1500 - train 0.150794 - val 0.241744
Epoch 201/1500 - train 0.150920 - val 0.239323
Epoch 202/1500 - train 0.148159 - val 0.237693
Epoch 203/1500 - train 0.147850 - val 0.239074
Epoch 204/1500 - train 0.147700 - val 0.240669
Epoch 205/1500 - train 0.147352 - val 0.240201
Epoch 206/1500 - train 0.148792 - val 0.241231
Epoch 207/1500 - train 0.147454 - val 0.240146
Epoch 208/1500 - train 0.148128 - val 0.236929
Epoch 209/1500 - train 0.147344 - val 0.239962
Epoch 210/1500 - train 0.147899 - val 0.237863
Epoch 211/1500 - train 0.146937 - val 0.238011
Epoch 212/1500 - train 0.146868 - val 0.237681
Epoch 213/1500 - train 0.146201 - val 0.238983
Epoch 214/1500 - train 0.145948 - val 0.239791
Epoch 215/1500 - train 0.147518 - val 0.238192
Epoch 216/1500 - train 0.145688 - val 0.236828
Epoch 217/1500 - train 0.146141 - val 0.238308
Epoch 218/1500 - train 0.146012 - val 0.242705
Epoch 219/1500 - train 0.148027 - val 0.239338
Epoch 220/1500 - train 0.146166 - val 0.237359
Epoch 221/1500 - train 0.145648 - val 0.238512
Epoch 222/1500 - train 0.145649 - val 0.239431
Epoch 223/1500 - train 0.146560 - val 0.239737
Epoch 224/1500 - train 0.144423 - val 0.236967
Epoch 225/1500 - train 0.144326 - val 0.237550
Epoch 226/1500 - train 0.144609 - val 0.241450
Epoch 227/1500 - train 0.150338 - val 0.239582
Epoch 228/1500 - train 0.147138 - val 0.236311
Epoch 229/1500 - train 0.145503 - val 0.235972
Epoch 230/1500 - train 0.146101 - val 0.239363
Epoch 231/1500 - train 0.151282 - val 0.235676
Epoch 232/1500 - train 0.146416 - val 0.236351
Epoch 233/1500 - train 0.144547 - val 0.235967
Epoch 234/1500 - train 0.145806 - val 0.238803
Epoch 235/1500 - train 0.144717 - val 0.240217
Epoch 236/1500 - train 0.143957 - val 0.237262
Epoch 237/1500 - train 0.143458 - val 0.238494
Epoch 238/1500 - train 0.142972 - val 0.237595
Epoch 239/1500 - train 0.142854 - val 0.236898
Epoch 240/1500 - train 0.146308 - val 0.239091
Epoch 241/1500 - train 0.144940 - val 0.237542
Epoch 242/1500 - train 0.142964 - val 0.239837
Epoch 243/1500 - train 0.143999 - val 0.236729
Epoch 244/1500 - train 0.142482 - val 0.235068
Epoch 245/1500 - train 0.142127 - val 0.235255
Epoch 246/1500 - train 0.142401 - val 0.235088
Epoch 247/1500 - train 0.142293 - val 0.237451
Epoch 248/1500 - train 0.141817 - val 0.234993
Epoch 249/1500 - train 0.141734 - val 0.237928
Epoch 250/1500 - train 0.141963 - val 0.235154
Epoch 251/1500 - train 0.141450 - val 0.239951
Epoch 252/1500 - train 0.145919 - val 0.235439
Epoch 253/1500 - train 0.142128 - val 0.235079
Epoch 254/1500 - train 0.141506 - val 0.236285
Epoch 255/1500 - train 0.141575 - val 0.237211
Epoch 256/1500 - train 0.140521 - val 0.235725
Epoch 257/1500 - train 0.142825 - val 0.239359
Epoch 258/1500 - train 0.142623 - val 0.239000
Epoch 259/1500 - train 0.142959 - val 0.237053
Epoch 260/1500 - train 0.141404 - val 0.236206
Epoch 261/1500 - train 0.141351 - val 0.237665
Epoch 262/1500 - train 0.141382 - val 0.235354
Epoch 263/1500 - train 0.140971 - val 0.234817
Epoch 264/1500 - train 0.140466 - val 0.235249
Epoch 265/1500 - train 0.139944 - val 0.234671
Epoch 266/1500 - train 0.140753 - val 0.235668
Epoch 267/1500 - train 0.141794 - val 0.236176
Epoch 268/1500 - train 0.140427 - val 0.237224
Epoch 269/1500 - train 0.140763 - val 0.236897
Epoch 270/1500 - train 0.139543 - val 0.237859
Epoch 271/1500 - train 0.140027 - val 0.236893
Epoch 272/1500 - train 0.140197 - val 0.234275
Epoch 273/1500 - train 0.141210 - val 0.235197
Epoch 274/1500 - train 0.139881 - val 0.237115
Epoch 275/1500 - train 0.138773 - val 0.235585
Epoch 276/1500 - train 0.139490 - val 0.239916
Epoch 277/1500 - train 0.139802 - val 0.237622
Epoch 278/1500 - train 0.140016 - val 0.232205
Epoch 279/1500 - train 0.139276 - val 0.234662
Epoch 280/1500 - train 0.140083 - val 0.239766
Epoch 281/1500 - train 0.141271 - val 0.236641
Epoch 282/1500 - train 0.139825 - val 0.238998
Epoch 283/1500 - train 0.142273 - val 0.234524
Epoch 284/1500 - train 0.139131 - val 0.238829
Epoch 285/1500 - train 0.140667 - val 0.235351
Epoch 286/1500 - train 0.138204 - val 0.235603
Epoch 287/1500 - train 0.138629 - val 0.234419
Epoch 288/1500 - train 0.138230 - val 0.233503
Epoch 289/1500 - train 0.138184 - val 0.237081
Epoch 290/1500 - train 0.138248 - val 0.234645
Epoch 291/1500 - train 0.137955 - val 0.233890
Epoch 292/1500 - train 0.138026 - val 0.235985
Epoch 293/1500 - train 0.138550 - val 0.236836
Epoch 294/1500 - train 0.138486 - val 0.235999
Epoch 295/1500 - train 0.137051 - val 0.234415
Epoch 296/1500 - train 0.136276 - val 0.234762
Epoch 297/1500 - train 0.137329 - val 0.235878
Epoch 298/1500 - train 0.137448 - val 0.232936
Epoch 299/1500 - train 0.138085 - val 0.234362
Epoch 300/1500 - train 0.137956 - val 0.236134
Epoch 301/1500 - train 0.137585 - val 0.234223
Epoch 302/1500 - train 0.137998 - val 0.236147
Epoch 303/1500 - train 0.137446 - val 0.237217
Epoch 304/1500 - train 0.136862 - val 0.234478
Epoch 305/1500 - train 0.137230 - val 0.234538
Epoch 306/1500 - train 0.137157 - val 0.234658
Epoch 307/1500 - train 0.137695 - val 0.234521
Epoch 308/1500 - train 0.136621 - val 0.232295
Epoch 309/1500 - train 0.135653 - val 0.236648
Epoch 310/1500 - train 0.136646 - val 0.234069
Epoch 311/1500 - train 0.135480 - val 0.234790
Epoch 312/1500 - train 0.135242 - val 0.234010
Epoch 313/1500 - train 0.135701 - val 0.237852
Epoch 314/1500 - train 0.136421 - val 0.232357
Epoch 315/1500 - train 0.136125 - val 0.234322
Epoch 316/1500 - train 0.135475 - val 0.232898
Epoch 317/1500 - train 0.134497 - val 0.232489
Epoch 318/1500 - train 0.135044 - val 0.235537
Epoch 319/1500 - train 0.136091 - val 0.232750
Epoch 320/1500 - train 0.135305 - val 0.235117
Epoch 321/1500 - train 0.137230 - val 0.233531
Epoch 322/1500 - train 0.136485 - val 0.233870
Epoch 323/1500 - train 0.135626 - val 0.236830
Epoch 324/1500 - train 0.136562 - val 0.234789
Epoch 325/1500 - train 0.136260 - val 0.235163
Epoch 326/1500 - train 0.135672 - val 0.232404
Epoch 327/1500 - train 0.134660 - val 0.236849
Epoch 328/1500 - train 0.135840 - val 0.234566
Epoch 329/1500 - train 0.135112 - val 0.238306
Epoch 330/1500 - train 0.135620 - val 0.233038
Epoch 331/1500 - train 0.134902 - val 0.233998
Epoch 332/1500 - train 0.135499 - val 0.232491
Epoch 333/1500 - train 0.134781 - val 0.233321
Epoch 334/1500 - train 0.134587 - val 0.232632
Epoch 335/1500 - train 0.134842 - val 0.232515
Epoch 336/1500 - train 0.134454 - val 0.234376
Epoch 337/1500 - train 0.134464 - val 0.233362
Epoch 338/1500 - train 0.133894 - val 0.233704
Epoch 339/1500 - train 0.133979 - val 0.234122
Epoch 340/1500 - train 0.134512 - val 0.233335
Epoch 341/1500 - train 0.133311 - val 0.231875
Epoch 342/1500 - train 0.135417 - val 0.233797
Epoch 343/1500 - train 0.134380 - val 0.232893
Epoch 344/1500 - train 0.134333 - val 0.235209
Epoch 345/1500 - train 0.133299 - val 0.232374
Epoch 346/1500 - train 0.132906 - val 0.235449
Epoch 347/1500 - train 0.133619 - val 0.235042
Epoch 348/1500 - train 0.133016 - val 0.233107
Epoch 349/1500 - train 0.132954 - val 0.232125
Epoch 350/1500 - train 0.133412 - val 0.234854
Epoch 351/1500 - train 0.133756 - val 0.232618
Epoch 352/1500 - train 0.133732 - val 0.236141
Epoch 353/1500 - train 0.134103 - val 0.235519
Epoch 354/1500 - train 0.132922 - val 0.235189
Epoch 355/1500 - train 0.133425 - val 0.235660
Epoch 356/1500 - train 0.133240 - val 0.232956
Epoch 357/1500 - train 0.133677 - val 0.232103
Epoch 358/1500 - train 0.132124 - val 0.232772
Epoch 359/1500 - train 0.133116 - val 0.232824
Epoch 360/1500 - train 0.133101 - val 0.232423
Epoch 361/1500 - train 0.132899 - val 0.234373
Epoch 362/1500 - train 0.132334 - val 0.233893
Epoch 363/1500 - train 0.132153 - val 0.231402
Epoch 364/1500 - train 0.131467 - val 0.232057
Epoch 365/1500 - train 0.132348 - val 0.234499
Epoch 366/1500 - train 0.132496 - val 0.231936
Epoch 367/1500 - train 0.132166 - val 0.232608
Epoch 368/1500 - train 0.131729 - val 0.233051
Epoch 369/1500 - train 0.132770 - val 0.233335
Epoch 370/1500 - train 0.132373 - val 0.232152
Epoch 371/1500 - train 0.131928 - val 0.231726
Epoch 372/1500 - train 0.132038 - val 0.232218
Epoch 373/1500 - train 0.132180 - val 0.232450
Epoch 374/1500 - train 0.131100 - val 0.231607
Epoch 375/1500 - train 0.131327 - val 0.232223
Epoch 376/1500 - train 0.133853 - val 0.234101
Epoch 377/1500 - train 0.132892 - val 0.232343
Epoch 378/1500 - train 0.132364 - val 0.231799
Epoch 379/1500 - train 0.131921 - val 0.233571
Epoch 380/1500 - train 0.134477 - val 0.230033
Epoch 381/1500 - train 0.131088 - val 0.230867
Epoch 382/1500 - train 0.131720 - val 0.233276
Epoch 383/1500 - train 0.131036 - val 0.233080
Epoch 384/1500 - train 0.133017 - val 0.232302
Epoch 385/1500 - train 0.130949 - val 0.232541
Epoch 386/1500 - train 0.130774 - val 0.231286
Epoch 387/1500 - train 0.130986 - val 0.231338
Epoch 388/1500 - train 0.130794 - val 0.231842
Epoch 389/1500 - train 0.130194 - val 0.232861
Epoch 390/1500 - train 0.129916 - val 0.230206
Epoch 391/1500 - train 0.131558 - val 0.230615
Epoch 392/1500 - train 0.131394 - val 0.232186
Epoch 393/1500 - train 0.131580 - val 0.234863
Epoch 394/1500 - train 0.130590 - val 0.232624
Epoch 395/1500 - train 0.130341 - val 0.232991
Epoch 396/1500 - train 0.130231 - val 0.232274
Epoch 397/1500 - train 0.129738 - val 0.230338
Epoch 398/1500 - train 0.130158 - val 0.234161
Epoch 399/1500 - train 0.129756 - val 0.230014
Epoch 400/1500 - train 0.131076 - val 0.231334
Epoch 401/1500 - train 0.130265 - val 0.231300
Epoch 402/1500 - train 0.129250 - val 0.231759
Epoch 403/1500 - train 0.129318 - val 0.231106
Epoch 404/1500 - train 0.129259 - val 0.229553
Epoch 405/1500 - train 0.130135 - val 0.231443
Epoch 406/1500 - train 0.131120 - val 0.231019
Epoch 407/1500 - train 0.129473 - val 0.231920
Epoch 408/1500 - train 0.129326 - val 0.234866
Epoch 409/1500 - train 0.131428 - val 0.229586
Epoch 410/1500 - train 0.129661 - val 0.229915
Epoch 411/1500 - train 0.129643 - val 0.231394
Epoch 412/1500 - train 0.129100 - val 0.233114
Epoch 413/1500 - train 0.128672 - val 0.232085
Epoch 414/1500 - train 0.129994 - val 0.231343
Epoch 415/1500 - train 0.129675 - val 0.230006
Epoch 416/1500 - train 0.128899 - val 0.230109
Epoch 417/1500 - train 0.129307 - val 0.230039
Epoch 418/1500 - train 0.128686 - val 0.230574
Epoch 419/1500 - train 0.129116 - val 0.230591
Epoch 420/1500 - train 0.128877 - val 0.234329
Epoch 421/1500 - train 0.130765 - val 0.231081
Epoch 422/1500 - train 0.129626 - val 0.229798
Epoch 423/1500 - train 0.129036 - val 0.231538
Epoch 424/1500 - train 0.129606 - val 0.231745
Epoch 425/1500 - train 0.128933 - val 0.229665
Epoch 426/1500 - train 0.128101 - val 0.230377
Epoch 427/1500 - train 0.129540 - val 0.233581
Epoch 428/1500 - train 0.128467 - val 0.229138
Epoch 429/1500 - train 0.128466 - val 0.231921
Epoch 430/1500 - train 0.129167 - val 0.233049
Epoch 431/1500 - train 0.129674 - val 0.232302
Epoch 432/1500 - train 0.129553 - val 0.233139
Epoch 433/1500 - train 0.127959 - val 0.230365
Epoch 434/1500 - train 0.128860 - val 0.232239
Epoch 435/1500 - train 0.128857 - val 0.232263
Epoch 436/1500 - train 0.127663 - val 0.231348
Epoch 437/1500 - train 0.128207 - val 0.232209
Epoch 438/1500 - train 0.127895 - val 0.229064
Epoch 439/1500 - train 0.128189 - val 0.233456
Epoch 440/1500 - train 0.128633 - val 0.230497
Epoch 441/1500 - train 0.127696 - val 0.232067
Epoch 442/1500 - train 0.127420 - val 0.230587
Epoch 443/1500 - train 0.126946 - val 0.228473
Epoch 444/1500 - train 0.127490 - val 0.235831
Epoch 445/1500 - train 0.129421 - val 0.234602
Epoch 446/1500 - train 0.128296 - val 0.232167
Epoch 447/1500 - train 0.127628 - val 0.230776
Epoch 448/1500 - train 0.128385 - val 0.231836
Epoch 449/1500 - train 0.127548 - val 0.228877
Epoch 450/1500 - train 0.128331 - val 0.231051
Epoch 451/1500 - train 0.127097 - val 0.229200
Epoch 452/1500 - train 0.126453 - val 0.230659
Epoch 453/1500 - train 0.127347 - val 0.231854
Epoch 454/1500 - train 0.127003 - val 0.232017
Epoch 455/1500 - train 0.128473 - val 0.229480
Epoch 456/1500 - train 0.127411 - val 0.232368
Epoch 457/1500 - train 0.129072 - val 0.229197
Epoch 458/1500 - train 0.126956 - val 0.230191
Epoch 459/1500 - train 0.126590 - val 0.231087
Epoch 460/1500 - train 0.126486 - val 0.231018
Epoch 461/1500 - train 0.126039 - val 0.230236
Epoch 462/1500 - train 0.127129 - val 0.231442
Epoch 463/1500 - train 0.126107 - val 0.230288
Epoch 464/1500 - train 0.127942 - val 0.230178
Epoch 465/1500 - train 0.126723 - val 0.232047
Epoch 466/1500 - train 0.130429 - val 0.229770
Epoch 467/1500 - train 0.126996 - val 0.230046
Epoch 468/1500 - train 0.126099 - val 0.229622
Epoch 469/1500 - train 0.126455 - val 0.230951
Epoch 470/1500 - train 0.127814 - val 0.228622
Epoch 471/1500 - train 0.126974 - val 0.231340
Epoch 472/1500 - train 0.127712 - val 0.230171
Epoch 473/1500 - train 0.126255 - val 0.231193
Epoch 474/1500 - train 0.125904 - val 0.229940
Epoch 475/1500 - train 0.126567 - val 0.229464
Epoch 476/1500 - train 0.126867 - val 0.231103
Epoch 477/1500 - train 0.126269 - val 0.229767
Epoch 478/1500 - train 0.126063 - val 0.229016
Epoch 479/1500 - train 0.126165 - val 0.229221
Epoch 480/1500 - train 0.125539 - val 0.230123
Epoch 481/1500 - train 0.125855 - val 0.228882
Epoch 482/1500 - train 0.125137 - val 0.228361
Epoch 483/1500 - train 0.125371 - val 0.229979
Epoch 484/1500 - train 0.125535 - val 0.230591
Epoch 485/1500 - train 0.125212 - val 0.229116
Epoch 486/1500 - train 0.125094 - val 0.227788
Epoch 487/1500 - train 0.126301 - val 0.231488
Epoch 488/1500 - train 0.125612 - val 0.229165
Epoch 489/1500 - train 0.126147 - val 0.230649
Epoch 490/1500 - train 0.125489 - val 0.228339
Epoch 491/1500 - train 0.125377 - val 0.229907
Epoch 492/1500 - train 0.125573 - val 0.228811
Epoch 493/1500 - train 0.125017 - val 0.229861
Epoch 494/1500 - train 0.125728 - val 0.231140
Epoch 495/1500 - train 0.127467 - val 0.230081
Epoch 496/1500 - train 0.125516 - val 0.232614
Epoch 497/1500 - train 0.125729 - val 0.230418
Epoch 498/1500 - train 0.125594 - val 0.230985
Epoch 499/1500 - train 0.125769 - val 0.229730
Epoch 500/1500 - train 0.128700 - val 0.229169
Epoch 501/1500 - train 0.125364 - val 0.227634
Epoch 502/1500 - train 0.125017 - val 0.233061
Epoch 503/1500 - train 0.126283 - val 0.229997
Epoch 504/1500 - train 0.125170 - val 0.230970
Epoch 505/1500 - train 0.125307 - val 0.230333
Epoch 506/1500 - train 0.124452 - val 0.229567
Epoch 507/1500 - train 0.124236 - val 0.230217
Epoch 508/1500 - train 0.125249 - val 0.230547
Epoch 509/1500 - train 0.125750 - val 0.228432
Epoch 510/1500 - train 0.124559 - val 0.228107
Epoch 511/1500 - train 0.124488 - val 0.229161
Epoch 512/1500 - train 0.125325 - val 0.227938
Epoch 513/1500 - train 0.123900 - val 0.228934
Epoch 514/1500 - train 0.124312 - val 0.228059
Epoch 515/1500 - train 0.126597 - val 0.227485
Epoch 516/1500 - train 0.124640 - val 0.228560
Epoch 517/1500 - train 0.123958 - val 0.230437
Epoch 518/1500 - train 0.125412 - val 0.232278
Epoch 519/1500 - train 0.124284 - val 0.232921
Epoch 520/1500 - train 0.124603 - val 0.229724
Epoch 521/1500 - train 0.124542 - val 0.231323
Epoch 522/1500 - train 0.125051 - val 0.228373
Epoch 523/1500 - train 0.123890 - val 0.229470
Epoch 524/1500 - train 0.123010 - val 0.229764
Epoch 525/1500 - train 0.123553 - val 0.229953
Epoch 526/1500 - train 0.124395 - val 0.231476
Epoch 527/1500 - train 0.123866 - val 0.229124
Epoch 528/1500 - train 0.124507 - val 0.228625
Epoch 529/1500 - train 0.124242 - val 0.229470
Epoch 530/1500 - train 0.123742 - val 0.229139
Epoch 531/1500 - train 0.124208 - val 0.229760
Epoch 532/1500 - train 0.124232 - val 0.231495
Epoch 533/1500 - train 0.124341 - val 0.230063
Epoch 534/1500 - train 0.123551 - val 0.230718
Epoch 535/1500 - train 0.123178 - val 0.229527
Epoch 536/1500 - train 0.124066 - val 0.230348
Epoch 537/1500 - train 0.124458 - val 0.228717
Epoch 538/1500 - train 0.123730 - val 0.229166
Epoch 539/1500 - train 0.123630 - val 0.229423
Epoch 540/1500 - train 0.123333 - val 0.228523
Epoch 541/1500 - train 0.122862 - val 0.227608
Epoch 542/1500 - train 0.122762 - val 0.226908
Epoch 543/1500 - train 0.122796 - val 0.228426
Epoch 544/1500 - train 0.122841 - val 0.227960
Epoch 545/1500 - train 0.123346 - val 0.227236
Epoch 546/1500 - train 0.123342 - val 0.228519
Epoch 547/1500 - train 0.123151 - val 0.229052
Epoch 548/1500 - train 0.123330 - val 0.228842
Epoch 549/1500 - train 0.123330 - val 0.225834
Epoch 550/1500 - train 0.122327 - val 0.226033
Epoch 551/1500 - train 0.123330 - val 0.228550
Epoch 552/1500 - train 0.122339 - val 0.227306
Epoch 553/1500 - train 0.122483 - val 0.229658
Epoch 554/1500 - train 0.122625 - val 0.226994
Epoch 555/1500 - train 0.122245 - val 0.226896
Epoch 556/1500 - train 0.121872 - val 0.228713
Epoch 557/1500 - train 0.123073 - val 0.227819
Epoch 558/1500 - train 0.122368 - val 0.227336
Epoch 559/1500 - train 0.123037 - val 0.229219
Epoch 560/1500 - train 0.122831 - val 0.229205
Epoch 561/1500 - train 0.123685 - val 0.228784
Epoch 562/1500 - train 0.123033 - val 0.228473
Epoch 563/1500 - train 0.122656 - val 0.228650
Epoch 564/1500 - train 0.121832 - val 0.229287
Epoch 565/1500 - train 0.122026 - val 0.229596
Epoch 566/1500 - train 0.122664 - val 0.231545
Epoch 567/1500 - train 0.122509 - val 0.227283
Epoch 568/1500 - train 0.122288 - val 0.229223
Epoch 569/1500 - train 0.121843 - val 0.229170
Epoch 570/1500 - train 0.122247 - val 0.229031
Epoch 571/1500 - train 0.122158 - val 0.228307
Epoch 572/1500 - train 0.122075 - val 0.227764
Epoch 573/1500 - train 0.122336 - val 0.229020
Epoch 574/1500 - train 0.121727 - val 0.229400
Epoch 575/1500 - train 0.122173 - val 0.227259
Epoch 576/1500 - train 0.121846 - val 0.227579
Epoch 577/1500 - train 0.121652 - val 0.228015
Epoch 578/1500 - train 0.121084 - val 0.228214
Epoch 579/1500 - train 0.121852 - val 0.227430
Epoch 580/1500 - train 0.121598 - val 0.228493
Epoch 581/1500 - train 0.121437 - val 0.229209
Epoch 582/1500 - train 0.121306 - val 0.227484
Epoch 583/1500 - train 0.121306 - val 0.230052
Epoch 584/1500 - train 0.121461 - val 0.229281
Epoch 585/1500 - train 0.123585 - val 0.227047
Epoch 586/1500 - train 0.121470 - val 0.227268
Epoch 587/1500 - train 0.121292 - val 0.228394
Epoch 588/1500 - train 0.122007 - val 0.228009
Epoch 589/1500 - train 0.123009 - val 0.226232
Epoch 590/1500 - train 0.121579 - val 0.230509
Epoch 591/1500 - train 0.122038 - val 0.226559
Epoch 592/1500 - train 0.121681 - val 0.227362
Epoch 593/1500 - train 0.120946 - val 0.226241
Epoch 594/1500 - train 0.120313 - val 0.228142
Epoch 595/1500 - train 0.120745 - val 0.227984
Epoch 596/1500 - train 0.121735 - val 0.228374
Epoch 597/1500 - train 0.121096 - val 0.228575
Epoch 598/1500 - train 0.121190 - val 0.228025
Epoch 599/1500 - train 0.120988 - val 0.229902
Epoch 600/1500 - train 0.122631 - val 0.227099
Epoch 601/1500 - train 0.122525 - val 0.229632
Epoch 602/1500 - train 0.121650 - val 0.230470
Epoch 603/1500 - train 0.121444 - val 0.229202
Epoch 604/1500 - train 0.120738 - val 0.227373
Epoch 605/1500 - train 0.120632 - val 0.226761
Epoch 606/1500 - train 0.121855 - val 0.228116
Epoch 607/1500 - train 0.120880 - val 0.227220
Epoch 608/1500 - train 0.120811 - val 0.229178
Epoch 609/1500 - train 0.120428 - val 0.228631
Epoch 610/1500 - train 0.121529 - val 0.229353
Epoch 611/1500 - train 0.120859 - val 0.226704
Epoch 612/1500 - train 0.120414 - val 0.228121
Epoch 613/1500 - train 0.120816 - val 0.226478
Epoch 614/1500 - train 0.120940 - val 0.226462
Epoch 615/1500 - train 0.120863 - val 0.226459
Epoch 616/1500 - train 0.119930 - val 0.227646
Epoch 617/1500 - train 0.119882 - val 0.227122
Epoch 618/1500 - train 0.120176 - val 0.226608
Epoch 619/1500 - train 0.119623 - val 0.224159
Epoch 620/1500 - train 0.120605 - val 0.226110
Epoch 621/1500 - train 0.120444 - val 0.228755
Epoch 622/1500 - train 0.121531 - val 0.225240
Epoch 623/1500 - train 0.120615 - val 0.225845
Epoch 624/1500 - train 0.119654 - val 0.226003
Epoch 625/1500 - train 0.120406 - val 0.228776
Epoch 626/1500 - train 0.120193 - val 0.226747
Epoch 627/1500 - train 0.119239 - val 0.229601
Epoch 628/1500 - train 0.124315 - val 0.226564
Epoch 629/1500 - train 0.122340 - val 0.227420
Epoch 630/1500 - train 0.120538 - val 0.229283
Epoch 631/1500 - train 0.120091 - val 0.228083
Epoch 632/1500 - train 0.120340 - val 0.227570
Epoch 633/1500 - train 0.120346 - val 0.227506
Epoch 634/1500 - train 0.119386 - val 0.227926
Epoch 635/1500 - train 0.120083 - val 0.227348
Epoch 636/1500 - train 0.119871 - val 0.227888
Epoch 637/1500 - train 0.119690 - val 0.226399
Epoch 638/1500 - train 0.120051 - val 0.227236
Epoch 639/1500 - train 0.121042 - val 0.229020
Epoch 640/1500 - train 0.119656 - val 0.227288
Epoch 641/1500 - train 0.120716 - val 0.226250
Epoch 642/1500 - train 0.120898 - val 0.227023
Epoch 643/1500 - train 0.119597 - val 0.227967
Epoch 644/1500 - train 0.119408 - val 0.226591
Epoch 645/1500 - train 0.119538 - val 0.226881
Epoch 646/1500 - train 0.119886 - val 0.227253
Epoch 647/1500 - train 0.120110 - val 0.226577
Epoch 648/1500 - train 0.120155 - val 0.227252
Epoch 649/1500 - train 0.119501 - val 0.226511
Epoch 650/1500 - train 0.119835 - val 0.228389
Epoch 651/1500 - train 0.119984 - val 0.226606
Epoch 652/1500 - train 0.121323 - val 0.229091
Epoch 653/1500 - train 0.120464 - val 0.226592
Epoch 654/1500 - train 0.119190 - val 0.225965
Epoch 655/1500 - train 0.118648 - val 0.225602
Epoch 656/1500 - train 0.118988 - val 0.226318
Epoch 657/1500 - train 0.119224 - val 0.227603
Epoch 658/1500 - train 0.118715 - val 0.227931
Epoch 659/1500 - train 0.119801 - val 0.226996
Epoch 660/1500 - train 0.120270 - val 0.228559
Epoch 661/1500 - train 0.119643 - val 0.226432
Epoch 662/1500 - train 0.119983 - val 0.229847
Epoch 663/1500 - train 0.121514 - val 0.226638
Epoch 664/1500 - train 0.119152 - val 0.226760
Epoch 665/1500 - train 0.119619 - val 0.227661
Epoch 666/1500 - train 0.119024 - val 0.227769
Epoch 667/1500 - train 0.118441 - val 0.227408
Epoch 668/1500 - train 0.118415 - val 0.226667
Epoch 669/1500 - train 0.119281 - val 0.227395
Epoch 670/1500 - train 0.119592 - val 0.225214
Epoch 671/1500 - train 0.119064 - val 0.226440
Epoch 672/1500 - train 0.119629 - val 0.228195
Epoch 673/1500 - train 0.118921 - val 0.228109
Epoch 674/1500 - train 0.119854 - val 0.226523
Epoch 675/1500 - train 0.119790 - val 0.226726
Epoch 676/1500 - train 0.118778 - val 0.225605
Epoch 677/1500 - train 0.118572 - val 0.228870
Epoch 678/1500 - train 0.119228 - val 0.225854
Epoch 679/1500 - train 0.118227 - val 0.225427
Epoch 680/1500 - train 0.119014 - val 0.225751
Epoch 681/1500 - train 0.119320 - val 0.226110
Epoch 682/1500 - train 0.119613 - val 0.225394
Epoch 683/1500 - train 0.118261 - val 0.225538
Epoch 684/1500 - train 0.118643 - val 0.225292
Epoch 685/1500 - train 0.118255 - val 0.225949
Epoch 686/1500 - train 0.118312 - val 0.226570
Epoch 687/1500 - train 0.118032 - val 0.226096
Epoch 688/1500 - train 0.118842 - val 0.228286
Epoch 689/1500 - train 0.118086 - val 0.226839
Epoch 690/1500 - train 0.117983 - val 0.227089
Epoch 691/1500 - train 0.118727 - val 0.226545
Epoch 692/1500 - train 0.118559 - val 0.227610
Epoch 693/1500 - train 0.118462 - val 0.226565
Epoch 694/1500 - train 0.118790 - val 0.225945
Epoch 695/1500 - train 0.118808 - val 0.228025
Epoch 696/1500 - train 0.117748 - val 0.228446
Epoch 697/1500 - train 0.118613 - val 0.226968
Epoch 698/1500 - train 0.117887 - val 0.226050
Epoch 699/1500 - train 0.118186 - val 0.224275
Epoch 700/1500 - train 0.118411 - val 0.229455
Epoch 701/1500 - train 0.118929 - val 0.226634
Epoch 702/1500 - train 0.117694 - val 0.228518
Epoch 703/1500 - train 0.117798 - val 0.226172
Epoch 704/1500 - train 0.117192 - val 0.224533
Epoch 705/1500 - train 0.117367 - val 0.226122
Epoch 706/1500 - train 0.117361 - val 0.226366
Epoch 707/1500 - train 0.117471 - val 0.228702
Epoch 708/1500 - train 0.120155 - val 0.224544
Epoch 709/1500 - train 0.118195 - val 0.225637
Epoch 710/1500 - train 0.117775 - val 0.225813
Epoch 711/1500 - train 0.118373 - val 0.226963
Epoch 712/1500 - train 0.118173 - val 0.226509
Epoch 713/1500 - train 0.117242 - val 0.226185
Epoch 714/1500 - train 0.118688 - val 0.227924
Epoch 715/1500 - train 0.117049 - val 0.225178
Epoch 716/1500 - train 0.118581 - val 0.225390
Epoch 717/1500 - train 0.118052 - val 0.226863
Epoch 718/1500 - train 0.117296 - val 0.225103
Epoch 719/1500 - train 0.117927 - val 0.225810
Epoch 720/1500 - train 0.118010 - val 0.225820
Epoch 721/1500 - train 0.116925 - val 0.225374
Epoch 722/1500 - train 0.118038 - val 0.226568
Epoch 723/1500 - train 0.117516 - val 0.224534
Epoch 724/1500 - train 0.116440 - val 0.225510
Epoch 725/1500 - train 0.117230 - val 0.226095
Epoch 726/1500 - train 0.117595 - val 0.226059
Epoch 727/1500 - train 0.117084 - val 0.227095
Epoch 728/1500 - train 0.117684 - val 0.225538
Epoch 729/1500 - train 0.116470 - val 0.225006
Epoch 730/1500 - train 0.117949 - val 0.226310
Epoch 731/1500 - train 0.118152 - val 0.227957
Epoch 732/1500 - train 0.117667 - val 0.228050
Epoch 733/1500 - train 0.117316 - val 0.226012
Epoch 734/1500 - train 0.116984 - val 0.225811
Epoch 735/1500 - train 0.116547 - val 0.227689
Epoch 736/1500 - train 0.116930 - val 0.225803
Epoch 737/1500 - train 0.116611 - val 0.225167
Epoch 738/1500 - train 0.116940 - val 0.224489
Epoch 739/1500 - train 0.117161 - val 0.227326
Epoch 740/1500 - train 0.116672 - val 0.228747
Epoch 741/1500 - train 0.117112 - val 0.226030
Epoch 742/1500 - train 0.116968 - val 0.225534
Epoch 743/1500 - train 0.117094 - val 0.224615
Epoch 744/1500 - train 0.116499 - val 0.225829
Epoch 745/1500 - train 0.116976 - val 0.227496
Epoch 746/1500 - train 0.117206 - val 0.225851
Epoch 747/1500 - train 0.116581 - val 0.226494
Epoch 748/1500 - train 0.116414 - val 0.224406
Epoch 749/1500 - train 0.116560 - val 0.224999
Epoch 750/1500 - train 0.117007 - val 0.223780
Epoch 751/1500 - train 0.116380 - val 0.226380
Epoch 752/1500 - train 0.116485 - val 0.227409
Epoch 753/1500 - train 0.116925 - val 0.226710
Epoch 754/1500 - train 0.115868 - val 0.225287
Epoch 755/1500 - train 0.116019 - val 0.225577
Epoch 756/1500 - train 0.116149 - val 0.226450
Epoch 757/1500 - train 0.116508 - val 0.225946
Epoch 758/1500 - train 0.116066 - val 0.226262
Epoch 759/1500 - train 0.117580 - val 0.225991
Epoch 760/1500 - train 0.116691 - val 0.224784
Epoch 761/1500 - train 0.115803 - val 0.225165
Epoch 762/1500 - train 0.116070 - val 0.226215
Epoch 763/1500 - train 0.116757 - val 0.227220
Epoch 764/1500 - train 0.116315 - val 0.226923
Epoch 765/1500 - train 0.116665 - val 0.225866
Epoch 766/1500 - train 0.115573 - val 0.225027
Epoch 767/1500 - train 0.116393 - val 0.224970
Epoch 768/1500 - train 0.118640 - val 0.226707
Epoch 769/1500 - train 0.118447 - val 0.225695
Epoch 770/1500 - train 0.116881 - val 0.228081
Epoch 771/1500 - train 0.116400 - val 0.224215
Epoch 772/1500 - train 0.116470 - val 0.225699
Epoch 773/1500 - train 0.116678 - val 0.225201
Epoch 774/1500 - train 0.116164 - val 0.224154
Epoch 775/1500 - train 0.116418 - val 0.226092
Epoch 776/1500 - train 0.115306 - val 0.226036
Epoch 777/1500 - train 0.117379 - val 0.224485
Epoch 778/1500 - train 0.117063 - val 0.226918
Epoch 779/1500 - train 0.116441 - val 0.226147
Epoch 780/1500 - train 0.116809 - val 0.226373
Epoch 781/1500 - train 0.117321 - val 0.226071
Epoch 782/1500 - train 0.116396 - val 0.224031
Epoch 783/1500 - train 0.115648 - val 0.225100
Epoch 784/1500 - train 0.115457 - val 0.225356
Epoch 785/1500 - train 0.115854 - val 0.227565
Epoch 786/1500 - train 0.115287 - val 0.225431
Epoch 787/1500 - train 0.116511 - val 0.224102
Epoch 788/1500 - train 0.116291 - val 0.224850
Epoch 789/1500 - train 0.115561 - val 0.227775
Epoch 790/1500 - train 0.116191 - val 0.225446
Epoch 791/1500 - train 0.115058 - val 0.226699
Epoch 792/1500 - train 0.115685 - val 0.224784
Epoch 793/1500 - train 0.116229 - val 0.225362
Epoch 794/1500 - train 0.115870 - val 0.224472
Epoch 795/1500 - train 0.115472 - val 0.224159
Epoch 796/1500 - train 0.115138 - val 0.224610
Epoch 797/1500 - train 0.115250 - val 0.224328
Epoch 798/1500 - train 0.116754 - val 0.226267
Epoch 799/1500 - train 0.118058 - val 0.225084
Epoch 800/1500 - train 0.115883 - val 0.223988
Epoch 801/1500 - train 0.114893 - val 0.226969
Epoch 802/1500 - train 0.115329 - val 0.226993
Epoch 803/1500 - train 0.115653 - val 0.226140
Epoch 804/1500 - train 0.115124 - val 0.225534
Epoch 805/1500 - train 0.114837 - val 0.225823
Epoch 806/1500 - train 0.115488 - val 0.223760
Epoch 807/1500 - train 0.116639 - val 0.225529
Epoch 808/1500 - train 0.115954 - val 0.225514
Epoch 809/1500 - train 0.115700 - val 0.224480
Epoch 810/1500 - train 0.115075 - val 0.223652
Epoch 811/1500 - train 0.114685 - val 0.224752
Epoch 812/1500 - train 0.115789 - val 0.223517
Epoch 813/1500 - train 0.115303 - val 0.226442
Epoch 814/1500 - train 0.115195 - val 0.224813
Epoch 815/1500 - train 0.113797 - val 0.225241
Epoch 816/1500 - train 0.114835 - val 0.225535
Epoch 817/1500 - train 0.114056 - val 0.225466
Epoch 818/1500 - train 0.114823 - val 0.224842
Epoch 819/1500 - train 0.114643 - val 0.227386
Epoch 820/1500 - train 0.116397 - val 0.225281
Epoch 821/1500 - train 0.115407 - val 0.222960
Epoch 822/1500 - train 0.114387 - val 0.224053
Epoch 823/1500 - train 0.114237 - val 0.223116
Epoch 824/1500 - train 0.114080 - val 0.225507
Epoch 825/1500 - train 0.114567 - val 0.224163
Epoch 826/1500 - train 0.115759 - val 0.227372
Epoch 827/1500 - train 0.115567 - val 0.226097
Epoch 828/1500 - train 0.115598 - val 0.223902
Epoch 829/1500 - train 0.114689 - val 0.227233
Epoch 830/1500 - train 0.115235 - val 0.226218
Epoch 831/1500 - train 0.115454 - val 0.224273
Epoch 832/1500 - train 0.114322 - val 0.224594
Epoch 833/1500 - train 0.113894 - val 0.224550
Epoch 834/1500 - train 0.114256 - val 0.223258
Epoch 835/1500 - train 0.114300 - val 0.224028
Epoch 836/1500 - train 0.114200 - val 0.224119
Epoch 837/1500 - train 0.115038 - val 0.224412
Epoch 838/1500 - train 0.114188 - val 0.223458
Epoch 839/1500 - train 0.113913 - val 0.224958
Epoch 840/1500 - train 0.114727 - val 0.222296
Epoch 841/1500 - train 0.113927 - val 0.224856
Epoch 842/1500 - train 0.115176 - val 0.226545
Epoch 843/1500 - train 0.114972 - val 0.225500
Epoch 844/1500 - train 0.115974 - val 0.226556
Epoch 845/1500 - train 0.114801 - val 0.224922
Epoch 846/1500 - train 0.114492 - val 0.225678
Epoch 847/1500 - train 0.115522 - val 0.224595
Epoch 848/1500 - train 0.114477 - val 0.224238
Epoch 849/1500 - train 0.116549 - val 0.223989
Epoch 850/1500 - train 0.114972 - val 0.224782
Epoch 851/1500 - train 0.115448 - val 0.224540
Epoch 852/1500 - train 0.115012 - val 0.225825
Epoch 853/1500 - train 0.114498 - val 0.225496
Epoch 854/1500 - train 0.114012 - val 0.224691
Epoch 855/1500 - train 0.114200 - val 0.225219
Epoch 856/1500 - train 0.113490 - val 0.224447
Epoch 857/1500 - train 0.113436 - val 0.223619
Epoch 858/1500 - train 0.116056 - val 0.224475
Epoch 859/1500 - train 0.114152 - val 0.223865
Epoch 860/1500 - train 0.113758 - val 0.223242
Epoch 861/1500 - train 0.114045 - val 0.223282
Epoch 862/1500 - train 0.113108 - val 0.223942
Epoch 863/1500 - train 0.113099 - val 0.222381
Epoch 864/1500 - train 0.113464 - val 0.224767
Epoch 865/1500 - train 0.113749 - val 0.224877
Epoch 866/1500 - train 0.114696 - val 0.226297
Epoch 867/1500 - train 0.114259 - val 0.226276
Epoch 868/1500 - train 0.115614 - val 0.225564
Epoch 869/1500 - train 0.114004 - val 0.225723
Epoch 870/1500 - train 0.113929 - val 0.223728
Epoch 871/1500 - train 0.113475 - val 0.224253
Epoch 872/1500 - train 0.114363 - val 0.225862
Epoch 873/1500 - train 0.115105 - val 0.225441
Epoch 874/1500 - train 0.113856 - val 0.225194
Epoch 875/1500 - train 0.113688 - val 0.220816
Epoch 876/1500 - train 0.113630 - val 0.224325
Epoch 877/1500 - train 0.113248 - val 0.225779
Epoch 878/1500 - train 0.115623 - val 0.226152
Epoch 879/1500 - train 0.114034 - val 0.224720
Epoch 880/1500 - train 0.113184 - val 0.223541
Epoch 881/1500 - train 0.114357 - val 0.223251
Epoch 882/1500 - train 0.113517 - val 0.223543
Epoch 883/1500 - train 0.113785 - val 0.224722
Epoch 884/1500 - train 0.113792 - val 0.224787
Epoch 885/1500 - train 0.113985 - val 0.223357
Epoch 886/1500 - train 0.113669 - val 0.223979
Epoch 887/1500 - train 0.113913 - val 0.225945
Epoch 888/1500 - train 0.113996 - val 0.223337
Epoch 889/1500 - train 0.114200 - val 0.223911
Epoch 890/1500 - train 0.113241 - val 0.225348
Epoch 891/1500 - train 0.114182 - val 0.222200
Epoch 892/1500 - train 0.112932 - val 0.224350
Epoch 893/1500 - train 0.114795 - val 0.222557
Epoch 894/1500 - train 0.113716 - val 0.223267
Epoch 895/1500 - train 0.113147 - val 0.223904
Epoch 896/1500 - train 0.114689 - val 0.222752
Epoch 897/1500 - train 0.114076 - val 0.223785
Epoch 898/1500 - train 0.113558 - val 0.224199
Epoch 899/1500 - train 0.113857 - val 0.222817
Epoch 900/1500 - train 0.112568 - val 0.223840
Epoch 901/1500 - train 0.112925 - val 0.224083
Epoch 902/1500 - train 0.112955 - val 0.224138
Epoch 903/1500 - train 0.113181 - val 0.224151
Epoch 904/1500 - train 0.114044 - val 0.226242
Epoch 905/1500 - train 0.114048 - val 0.223958
Epoch 906/1500 - train 0.113098 - val 0.223982
Epoch 907/1500 - train 0.112773 - val 0.222366
Epoch 908/1500 - train 0.112625 - val 0.224770
Epoch 909/1500 - train 0.113687 - val 0.225907
Epoch 910/1500 - train 0.113687 - val 0.223766
Epoch 911/1500 - train 0.112938 - val 0.224985
Epoch 912/1500 - train 0.112865 - val 0.223385
Epoch 913/1500 - train 0.113075 - val 0.223242
Epoch 914/1500 - train 0.113376 - val 0.223291
Epoch 915/1500 - train 0.112991 - val 0.222677
Epoch 916/1500 - train 0.113771 - val 0.223822
Epoch 917/1500 - train 0.112908 - val 0.225283
Epoch 918/1500 - train 0.112956 - val 0.223452
Epoch 919/1500 - train 0.112852 - val 0.223804
Epoch 920/1500 - train 0.113573 - val 0.223211
Epoch 921/1500 - train 0.113576 - val 0.224653
Epoch 922/1500 - train 0.112803 - val 0.223326
Epoch 923/1500 - train 0.112417 - val 0.224801
Epoch 924/1500 - train 0.112672 - val 0.223742
Epoch 925/1500 - train 0.112513 - val 0.224328
Epoch 926/1500 - train 0.113435 - val 0.225325
Epoch 927/1500 - train 0.112619 - val 0.223049
Epoch 928/1500 - train 0.112420 - val 0.222669
Epoch 929/1500 - train 0.112805 - val 0.222936
Epoch 930/1500 - train 0.112848 - val 0.224711
Epoch 931/1500 - train 0.113703 - val 0.225098
Epoch 932/1500 - train 0.112567 - val 0.224509
Epoch 933/1500 - train 0.112321 - val 0.223870
Epoch 934/1500 - train 0.114883 - val 0.225776
Epoch 935/1500 - train 0.114889 - val 0.226326
Epoch 936/1500 - train 0.112734 - val 0.224369
Epoch 937/1500 - train 0.111924 - val 0.225195
Epoch 938/1500 - train 0.113117 - val 0.225941
Epoch 939/1500 - train 0.112753 - val 0.224913
Epoch 940/1500 - train 0.112141 - val 0.223569
Epoch 941/1500 - train 0.113217 - val 0.223476
Epoch 942/1500 - train 0.113356 - val 0.224386
Epoch 943/1500 - train 0.112700 - val 0.222532
Epoch 944/1500 - train 0.112602 - val 0.224255
Epoch 945/1500 - train 0.112266 - val 0.223166
Epoch 946/1500 - train 0.113600 - val 0.223627
Epoch 947/1500 - train 0.111598 - val 0.222205
Epoch 948/1500 - train 0.112049 - val 0.222007
Epoch 949/1500 - train 0.112776 - val 0.222324
Epoch 950/1500 - train 0.112102 - val 0.226198
Epoch 951/1500 - train 0.113009 - val 0.222994
Epoch 952/1500 - train 0.112191 - val 0.223147
Epoch 953/1500 - train 0.113439 - val 0.224367
Epoch 954/1500 - train 0.112656 - val 0.222636
Epoch 955/1500 - train 0.111662 - val 0.224795
Epoch 956/1500 - train 0.112310 - val 0.225105
Epoch 957/1500 - train 0.111893 - val 0.225827
Epoch 958/1500 - train 0.111798 - val 0.224654
Epoch 959/1500 - train 0.112724 - val 0.224074
Epoch 960/1500 - train 0.113623 - val 0.224605
Epoch 961/1500 - train 0.111932 - val 0.225297
Epoch 962/1500 - train 0.111974 - val 0.227315
Epoch 963/1500 - train 0.114468 - val 0.222682
Epoch 964/1500 - train 0.112220 - val 0.224024
Epoch 965/1500 - train 0.112881 - val 0.225146
Epoch 966/1500 - train 0.111896 - val 0.224253
Epoch 967/1500 - train 0.111978 - val 0.224276
Epoch 968/1500 - train 0.112445 - val 0.222672
Epoch 969/1500 - train 0.111889 - val 0.224445
Epoch 970/1500 - train 0.113031 - val 0.226025
Epoch 971/1500 - train 0.112767 - val 0.222536
Epoch 972/1500 - train 0.112087 - val 0.223157
Epoch 973/1500 - train 0.111676 - val 0.225124
Epoch 974/1500 - train 0.111653 - val 0.223526
Epoch 975/1500 - train 0.111617 - val 0.223014
Epoch 976/1500 - train 0.111480 - val 0.223314
Epoch 977/1500 - train 0.111749 - val 0.224086
Epoch 978/1500 - train 0.111342 - val 0.224555
Epoch 979/1500 - train 0.112066 - val 0.223819
Epoch 980/1500 - train 0.111564 - val 0.224051
Epoch 981/1500 - train 0.111595 - val 0.223991
Epoch 982/1500 - train 0.111632 - val 0.226570
Epoch 983/1500 - train 0.111629 - val 0.223287
Epoch 984/1500 - train 0.111005 - val 0.223807
Epoch 985/1500 - train 0.111455 - val 0.223542
Epoch 986/1500 - train 0.113311 - val 0.223328
Epoch 987/1500 - train 0.111213 - val 0.222687
Epoch 988/1500 - train 0.111359 - val 0.223976
Epoch 989/1500 - train 0.110351 - val 0.224845
Epoch 990/1500 - train 0.111661 - val 0.222953
Epoch 991/1500 - train 0.111164 - val 0.223840
Epoch 992/1500 - train 0.112285 - val 0.223739
Epoch 993/1500 - train 0.112827 - val 0.224794
Epoch 994/1500 - train 0.111395 - val 0.223238
Epoch 995/1500 - train 0.112613 - val 0.223115
Epoch 996/1500 - train 0.111624 - val 0.223700
Epoch 997/1500 - train 0.111716 - val 0.223411
Epoch 998/1500 - train 0.111133 - val 0.223459
Epoch 999/1500 - train 0.111396 - val 0.226038
Epoch 1000/1500 - train 0.113373 - val 0.223423
Epoch 1001/1500 - train 0.112894 - val 0.224185
Epoch 1002/1500 - train 0.115691 - val 0.223447
Epoch 1003/1500 - train 0.112452 - val 0.224712
Epoch 1004/1500 - train 0.112250 - val 0.226087
Epoch 1005/1500 - train 0.111806 - val 0.222004
Epoch 1006/1500 - train 0.110954 - val 0.221825
Epoch 1007/1500 - train 0.111158 - val 0.221094
Epoch 1008/1500 - train 0.111004 - val 0.221935
Epoch 1009/1500 - train 0.111928 - val 0.223049
Epoch 1010/1500 - train 0.111104 - val 0.223417
Epoch 1011/1500 - train 0.111283 - val 0.225290
Epoch 1012/1500 - train 0.112692 - val 0.221072
Epoch 1013/1500 - train 0.110947 - val 0.222783
Epoch 1014/1500 - train 0.112127 - val 0.224563
Epoch 1015/1500 - train 0.112318 - val 0.222396
Epoch 1016/1500 - train 0.110977 - val 0.223904
Epoch 1017/1500 - train 0.111421 - val 0.223812
Epoch 1018/1500 - train 0.111059 - val 0.222857
Epoch 1019/1500 - train 0.110923 - val 0.223445
Epoch 1020/1500 - train 0.110737 - val 0.224303
Epoch 1021/1500 - train 0.111339 - val 0.224337
Epoch 1022/1500 - train 0.111200 - val 0.221765
Epoch 1023/1500 - train 0.112262 - val 0.225873
Epoch 1024/1500 - train 0.110581 - val 0.223034
Epoch 1025/1500 - train 0.110214 - val 0.223451
Epoch 1026/1500 - train 0.111137 - val 0.222690
Epoch 1027/1500 - train 0.112009 - val 0.222473
Epoch 1028/1500 - train 0.111613 - val 0.222681
Epoch 1029/1500 - train 0.111507 - val 0.222222
Epoch 1030/1500 - train 0.110681 - val 0.223686
Epoch 1031/1500 - train 0.110544 - val 0.221990
Epoch 1032/1500 - train 0.111237 - val 0.222636
Epoch 1033/1500 - train 0.110369 - val 0.222622
Epoch 1034/1500 - train 0.110449 - val 0.224252
Epoch 1035/1500 - train 0.110858 - val 0.223240
Epoch 1036/1500 - train 0.110062 - val 0.224714
Epoch 1037/1500 - train 0.110463 - val 0.223894
Epoch 1038/1500 - train 0.110739 - val 0.222518
Epoch 1039/1500 - train 0.110745 - val 0.222487
Epoch 1040/1500 - train 0.111104 - val 0.223711
Epoch 1041/1500 - train 0.110386 - val 0.223101
Epoch 1042/1500 - train 0.111336 - val 0.224119
Epoch 1043/1500 - train 0.110528 - val 0.222168
Epoch 1044/1500 - train 0.110506 - val 0.223427
Epoch 1045/1500 - train 0.110594 - val 0.222795
Epoch 1046/1500 - train 0.110758 - val 0.223924
Epoch 1047/1500 - train 0.110682 - val 0.223405
Epoch 1048/1500 - train 0.110168 - val 0.222795
Epoch 1049/1500 - train 0.110241 - val 0.224386
Epoch 1050/1500 - train 0.111293 - val 0.223290
Epoch 1051/1500 - train 0.110526 - val 0.223389
Epoch 1052/1500 - train 0.110377 - val 0.225869
Epoch 1053/1500 - train 0.110423 - val 0.225122
Epoch 1054/1500 - train 0.111577 - val 0.223137
Epoch 1055/1500 - train 0.110726 - val 0.221069
Epoch 1056/1500 - train 0.111242 - val 0.224902
Epoch 1057/1500 - train 0.110423 - val 0.224214
Epoch 1058/1500 - train 0.112065 - val 0.222160
Epoch 1059/1500 - train 0.110739 - val 0.225802
Epoch 1060/1500 - train 0.110975 - val 0.222297
Epoch 1061/1500 - train 0.110652 - val 0.223009
Epoch 1062/1500 - train 0.110689 - val 0.222281
Epoch 1063/1500 - train 0.111487 - val 0.222686
Epoch 1064/1500 - train 0.110189 - val 0.223152
Epoch 1065/1500 - train 0.111741 - val 0.223787
Epoch 1066/1500 - train 0.110615 - val 0.224412
Epoch 1067/1500 - train 0.110021 - val 0.222182
Epoch 1068/1500 - train 0.109905 - val 0.222164
Epoch 1069/1500 - train 0.110739 - val 0.223375
Epoch 1070/1500 - train 0.109621 - val 0.223268
Epoch 1071/1500 - train 0.111475 - val 0.224251
Epoch 1072/1500 - train 0.110396 - val 0.222107
Epoch 1073/1500 - train 0.111043 - val 0.222759
Epoch 1074/1500 - train 0.110971 - val 0.222725
Epoch 1075/1500 - train 0.110092 - val 0.222327
Epoch 1076/1500 - train 0.110760 - val 0.222613
Epoch 1077/1500 - train 0.110035 - val 0.224142
Epoch 1078/1500 - train 0.110174 - val 0.223044
Epoch 1079/1500 - train 0.109670 - val 0.222046
Epoch 1080/1500 - train 0.109662 - val 0.222196
Epoch 1081/1500 - train 0.109903 - val 0.223646
Epoch 1082/1500 - train 0.111698 - val 0.221995
Epoch 1083/1500 - train 0.110517 - val 0.222910
Epoch 1084/1500 - train 0.110794 - val 0.220867
Epoch 1085/1500 - train 0.110156 - val 0.222499
Epoch 1086/1500 - train 0.109966 - val 0.222836
Epoch 1087/1500 - train 0.110140 - val 0.225081
Epoch 1088/1500 - train 0.110194 - val 0.222143
Epoch 1089/1500 - train 0.110125 - val 0.221265
Epoch 1090/1500 - train 0.111141 - val 0.222237
Epoch 1091/1500 - train 0.109437 - val 0.225287
Epoch 1092/1500 - train 0.111766 - val 0.222550
Epoch 1093/1500 - train 0.110101 - val 0.222173
Epoch 1094/1500 - train 0.109909 - val 0.220768
Epoch 1095/1500 - train 0.109780 - val 0.224203
Epoch 1096/1500 - train 0.110453 - val 0.223190
Epoch 1097/1500 - train 0.109594 - val 0.223179
Epoch 1098/1500 - train 0.109655 - val 0.222927
Epoch 1099/1500 - train 0.109340 - val 0.221165
Epoch 1100/1500 - train 0.108625 - val 0.226218
Epoch 1101/1500 - train 0.111686 - val 0.224546
Epoch 1102/1500 - train 0.109909 - val 0.223870
Epoch 1103/1500 - train 0.109711 - val 0.221361
Epoch 1104/1500 - train 0.109937 - val 0.221377
Epoch 1105/1500 - train 0.109492 - val 0.221654
Epoch 1106/1500 - train 0.109095 - val 0.222539
Epoch 1107/1500 - train 0.109157 - val 0.223124
Epoch 1108/1500 - train 0.109966 - val 0.224082
Epoch 1109/1500 - train 0.109783 - val 0.222917
Epoch 1110/1500 - train 0.109954 - val 0.222739
Epoch 1111/1500 - train 0.109267 - val 0.222107
Epoch 1112/1500 - train 0.109502 - val 0.221144
Epoch 1113/1500 - train 0.109844 - val 0.223631
Epoch 1114/1500 - train 0.111278 - val 0.224035
Epoch 1115/1500 - train 0.109492 - val 0.222448
Epoch 1116/1500 - train 0.110011 - val 0.221361
Epoch 1117/1500 - train 0.109844 - val 0.221267
Epoch 1118/1500 - train 0.109804 - val 0.222040
Epoch 1119/1500 - train 0.109606 - val 0.222558
Epoch 1120/1500 - train 0.110189 - val 0.222641
Epoch 1121/1500 - train 0.109878 - val 0.221475
Epoch 1122/1500 - train 0.110031 - val 0.222208
Epoch 1123/1500 - train 0.109535 - val 0.222267
Epoch 1124/1500 - train 0.109148 - val 0.222663
Epoch 1125/1500 - train 0.109301 - val 0.221760
Epoch 1126/1500 - train 0.108766 - val 0.221708
Epoch 1127/1500 - train 0.108778 - val 0.222847
Epoch 1128/1500 - train 0.108970 - val 0.222147
Epoch 1129/1500 - train 0.110827 - val 0.222588
Epoch 1130/1500 - train 0.110384 - val 0.222415
Epoch 1131/1500 - train 0.109377 - val 0.223937
Epoch 1132/1500 - train 0.109561 - val 0.222078
Epoch 1133/1500 - train 0.109365 - val 0.221849
Epoch 1134/1500 - train 0.109905 - val 0.223003
Epoch 1135/1500 - train 0.109916 - val 0.223450
Epoch 1136/1500 - train 0.109012 - val 0.221466
Epoch 1137/1500 - train 0.109112 - val 0.224363
Epoch 1138/1500 - train 0.109296 - val 0.222205
Epoch 1139/1500 - train 0.109299 - val 0.222525
Epoch 1140/1500 - train 0.109450 - val 0.223672
Epoch 1141/1500 - train 0.108965 - val 0.223771
Epoch 1142/1500 - train 0.109689 - val 0.222755
Epoch 1143/1500 - train 0.109524 - val 0.223613
Epoch 1144/1500 - train 0.109383 - val 0.221798
Epoch 1145/1500 - train 0.108996 - val 0.222872
Epoch 1146/1500 - train 0.108819 - val 0.222927
Epoch 1147/1500 - train 0.108458 - val 0.222441
Epoch 1148/1500 - train 0.108841 - val 0.223314
Epoch 1149/1500 - train 0.108921 - val 0.222330
Epoch 1150/1500 - train 0.109759 - val 0.223348
Epoch 1151/1500 - train 0.109079 - val 0.226275
Epoch 1152/1500 - train 0.109774 - val 0.223662
Epoch 1153/1500 - train 0.109005 - val 0.222217
Epoch 1154/1500 - train 0.109613 - val 0.223275
Epoch 1155/1500 - train 0.108976 - val 0.221961
Epoch 1156/1500 - train 0.109214 - val 0.220805
Epoch 1157/1500 - train 0.110833 - val 0.223160
Epoch 1158/1500 - train 0.109163 - val 0.223420
Epoch 1159/1500 - train 0.109302 - val 0.223694
Epoch 1160/1500 - train 0.108783 - val 0.223316
Epoch 1161/1500 - train 0.109239 - val 0.222700
Epoch 1162/1500 - train 0.108578 - val 0.223616
Epoch 1163/1500 - train 0.108664 - val 0.225700
Epoch 1164/1500 - train 0.109538 - val 0.221437
Epoch 1165/1500 - train 0.108630 - val 0.220840
Epoch 1166/1500 - train 0.108547 - val 0.222113
Epoch 1167/1500 - train 0.108552 - val 0.223279
Epoch 1168/1500 - train 0.109621 - val 0.222325
Epoch 1169/1500 - train 0.107943 - val 0.221471
Epoch 1170/1500 - train 0.109109 - val 0.224170
Epoch 1171/1500 - train 0.109488 - val 0.222258
Epoch 1172/1500 - train 0.109152 - val 0.222518
Epoch 1173/1500 - train 0.108511 - val 0.222217
Epoch 1174/1500 - train 0.108774 - val 0.221419
Epoch 1175/1500 - train 0.108615 - val 0.222017
Epoch 1176/1500 - train 0.108105 - val 0.223389
Epoch 1177/1500 - train 0.109406 - val 0.222518
Epoch 1178/1500 - train 0.109058 - val 0.222341
Epoch 1179/1500 - train 0.109364 - val 0.222557
Epoch 1180/1500 - train 0.108585 - val 0.223690
Epoch 1181/1500 - train 0.109286 - val 0.224194
Epoch 1182/1500 - train 0.108666 - val 0.223054
Epoch 1183/1500 - train 0.109780 - val 0.223667
Epoch 1184/1500 - train 0.109448 - val 0.223051
Epoch 1185/1500 - train 0.108168 - val 0.222869
Epoch 1186/1500 - train 0.108522 - val 0.222477
Epoch 1187/1500 - train 0.107737 - val 0.222397
Epoch 1188/1500 - train 0.108414 - val 0.223911
Epoch 1189/1500 - train 0.108569 - val 0.224560
Epoch 1190/1500 - train 0.108830 - val 0.222119
Epoch 1191/1500 - train 0.108430 - val 0.221223
Epoch 1192/1500 - train 0.108222 - val 0.222996
Epoch 1193/1500 - train 0.108329 - val 0.222304
Epoch 1194/1500 - train 0.109198 - val 0.223667
Epoch 1195/1500 - train 0.108313 - val 0.224062
Epoch 1196/1500 - train 0.108641 - val 0.220962
Epoch 1197/1500 - train 0.108395 - val 0.223329
Epoch 1198/1500 - train 0.108532 - val 0.223327
Epoch 1199/1500 - train 0.109248 - val 0.224125
Epoch 1200/1500 - train 0.108536 - val 0.221965
Epoch 1201/1500 - train 0.109261 - val 0.223200
Epoch 1202/1500 - train 0.108131 - val 0.222323
Epoch 1203/1500 - train 0.108524 - val 0.223519
Epoch 1204/1500 - train 0.109360 - val 0.223783
Epoch 1205/1500 - train 0.107748 - val 0.222341
Epoch 1206/1500 - train 0.108235 - val 0.222499
Epoch 1207/1500 - train 0.108526 - val 0.222912
Epoch 1208/1500 - train 0.108045 - val 0.221457
Epoch 1209/1500 - train 0.108990 - val 0.222534
Epoch 1210/1500 - train 0.108208 - val 0.223542
Epoch 1211/1500 - train 0.108020 - val 0.221610
Epoch 1212/1500 - train 0.108178 - val 0.220680
Epoch 1213/1500 - train 0.109034 - val 0.222451
Epoch 1214/1500 - train 0.108988 - val 0.221957
Epoch 1215/1500 - train 0.107614 - val 0.222899
Epoch 1216/1500 - train 0.108388 - val 0.223857
Epoch 1217/1500 - train 0.108002 - val 0.222732
Epoch 1218/1500 - train 0.107612 - val 0.221236
Epoch 1219/1500 - train 0.107974 - val 0.222061
Epoch 1220/1500 - train 0.107939 - val 0.221451
Epoch 1221/1500 - train 0.107588 - val 0.222677
Epoch 1222/1500 - train 0.107659 - val 0.222711
Epoch 1223/1500 - train 0.109796 - val 0.223401
Epoch 1224/1500 - train 0.109013 - val 0.222131
Epoch 1225/1500 - train 0.108180 - val 0.222049
Epoch 1226/1500 - train 0.108260 - val 0.223255
Epoch 1227/1500 - train 0.108095 - val 0.222255
Epoch 1228/1500 - train 0.109160 - val 0.221948
Epoch 1229/1500 - train 0.108549 - val 0.220945
Epoch 1230/1500 - train 0.107612 - val 0.222456
Epoch 1231/1500 - train 0.108508 - val 0.222416
Epoch 1232/1500 - train 0.107784 - val 0.223290
Epoch 1233/1500 - train 0.107827 - val 0.221666
Epoch 1234/1500 - train 0.108950 - val 0.224171
Epoch 1235/1500 - train 0.108683 - val 0.221877
Epoch 1236/1500 - train 0.107709 - val 0.223353
Epoch 1237/1500 - train 0.108071 - val 0.221742
Epoch 1238/1500 - train 0.107935 - val 0.222932
Epoch 1239/1500 - train 0.107717 - val 0.223576
Epoch 1240/1500 - train 0.108197 - val 0.223166
Epoch 1241/1500 - train 0.108211 - val 0.222412
Epoch 1242/1500 - train 0.107997 - val 0.222513
Epoch 1243/1500 - train 0.108176 - val 0.222289
Epoch 1244/1500 - train 0.107912 - val 0.222329
Epoch 1245/1500 - train 0.109650 - val 0.223260
Epoch 1246/1500 - train 0.108497 - val 0.221843
Epoch 1247/1500 - train 0.107563 - val 0.220864
Epoch 1248/1500 - train 0.107679 - val 0.223568
Epoch 1249/1500 - train 0.107091 - val 0.223409
Epoch 1250/1500 - train 0.107861 - val 0.222101
Epoch 1251/1500 - train 0.107941 - val 0.223251
Epoch 1252/1500 - train 0.107650 - val 0.222565
Epoch 1253/1500 - train 0.107503 - val 0.221348
Epoch 1254/1500 - train 0.107454 - val 0.220692
Epoch 1255/1500 - train 0.107315 - val 0.220642
Epoch 1256/1500 - train 0.107710 - val 0.220021
Epoch 1257/1500 - train 0.106824 - val 0.221782
Epoch 1258/1500 - train 0.107619 - val 0.222102
Epoch 1259/1500 - train 0.107286 - val 0.229708
Epoch 1260/1500 - train 0.109537 - val 0.221265
Epoch 1261/1500 - train 0.107514 - val 0.222281
Epoch 1262/1500 - train 0.107729 - val 0.223425
Epoch 1263/1500 - train 0.107660 - val 0.221679
Epoch 1264/1500 - train 0.107299 - val 0.221851
Epoch 1265/1500 - train 0.107289 - val 0.220078
Epoch 1266/1500 - train 0.107525 - val 0.221805
Epoch 1267/1500 - train 0.108275 - val 0.223109
Epoch 1268/1500 - train 0.107430 - val 0.222147
Epoch 1269/1500 - train 0.107144 - val 0.222537
Epoch 1270/1500 - train 0.107196 - val 0.221839
Epoch 1271/1500 - train 0.107153 - val 0.222405
Epoch 1272/1500 - train 0.107439 - val 0.220892
Epoch 1273/1500 - train 0.108965 - val 0.221098
Epoch 1274/1500 - train 0.107760 - val 0.220572
Epoch 1275/1500 - train 0.107462 - val 0.221500
Epoch 1276/1500 - train 0.107977 - val 0.223226
Epoch 1277/1500 - train 0.107320 - val 0.221428
Epoch 1278/1500 - train 0.107318 - val 0.222553
Epoch 1279/1500 - train 0.107167 - val 0.221279
Epoch 1280/1500 - train 0.109149 - val 0.221376
Epoch 1281/1500 - train 0.108118 - val 0.221635
Epoch 1282/1500 - train 0.107305 - val 0.224030
Epoch 1283/1500 - train 0.107592 - val 0.222774
Epoch 1284/1500 - train 0.107688 - val 0.222747
Epoch 1285/1500 - train 0.107121 - val 0.222185
Epoch 1286/1500 - train 0.107170 - val 0.222400
Epoch 1287/1500 - train 0.106991 - val 0.221842
Epoch 1288/1500 - train 0.107790 - val 0.223132
Epoch 1289/1500 - train 0.107764 - val 0.222304
Epoch 1290/1500 - train 0.107778 - val 0.222561
Epoch 1291/1500 - train 0.108038 - val 0.222727
Epoch 1292/1500 - train 0.107961 - val 0.222399
Epoch 1293/1500 - train 0.107300 - val 0.222973
Epoch 1294/1500 - train 0.108238 - val 0.224130
Epoch 1295/1500 - train 0.107461 - val 0.220980
Epoch 1296/1500 - train 0.107274 - val 0.222499
Epoch 1297/1500 - train 0.106714 - val 0.220999
Epoch 1298/1500 - train 0.107992 - val 0.223132
Epoch 1299/1500 - train 0.107062 - val 0.223942
Epoch 1300/1500 - train 0.107011 - val 0.222695
Epoch 1301/1500 - train 0.106659 - val 0.221991
Epoch 1302/1500 - train 0.106309 - val 0.222837
Epoch 1303/1500 - train 0.106749 - val 0.222034
Epoch 1304/1500 - train 0.110493 - val 0.223252
Epoch 1305/1500 - train 0.107480 - val 0.222571
Epoch 1306/1500 - train 0.107155 - val 0.221183
Epoch 1307/1500 - train 0.106500 - val 0.221431
Epoch 1308/1500 - train 0.106452 - val 0.221860
Epoch 1309/1500 - train 0.106789 - val 0.222195
Epoch 1310/1500 - train 0.106952 - val 0.222497
Epoch 1311/1500 - train 0.106509 - val 0.223317
Epoch 1312/1500 - train 0.106223 - val 0.222838
Epoch 1313/1500 - train 0.107031 - val 0.222487
Epoch 1314/1500 - train 0.106899 - val 0.222047
Epoch 1315/1500 - train 0.106485 - val 0.222677
Epoch 1316/1500 - train 0.108057 - val 0.220556
Epoch 1317/1500 - train 0.106705 - val 0.221788
Epoch 1318/1500 - train 0.107368 - val 0.222750
Epoch 1319/1500 - train 0.106587 - val 0.220844
Epoch 1320/1500 - train 0.106626 - val 0.220931
Epoch 1321/1500 - train 0.107563 - val 0.220742
Epoch 1322/1500 - train 0.106296 - val 0.221865
Epoch 1323/1500 - train 0.108828 - val 0.221308
Epoch 1324/1500 - train 0.107245 - val 0.221046
Epoch 1325/1500 - train 0.107134 - val 0.221910
Epoch 1326/1500 - train 0.106872 - val 0.222206
Epoch 1327/1500 - train 0.106956 - val 0.223011
Epoch 1328/1500 - train 0.106512 - val 0.221303
Epoch 1329/1500 - train 0.106313 - val 0.222682
Epoch 1330/1500 - train 0.107129 - val 0.220766
Epoch 1331/1500 - train 0.106837 - val 0.224253
Epoch 1332/1500 - train 0.108339 - val 0.222583
Epoch 1333/1500 - train 0.107161 - val 0.221891
Epoch 1334/1500 - train 0.106507 - val 0.222175
Epoch 1335/1500 - train 0.107712 - val 0.222365
Epoch 1336/1500 - train 0.106845 - val 0.222173
Epoch 1337/1500 - train 0.106479 - val 0.220663
Epoch 1338/1500 - train 0.106909 - val 0.219485
Epoch 1339/1500 - train 0.106597 - val 0.225999
Epoch 1340/1500 - train 0.107841 - val 0.222146
Epoch 1341/1500 - train 0.106314 - val 0.221920
Epoch 1342/1500 - train 0.107324 - val 0.223384
Epoch 1343/1500 - train 0.107285 - val 0.222270
Epoch 1344/1500 - train 0.107639 - val 0.223431
Epoch 1345/1500 - train 0.106568 - val 0.222022
Epoch 1346/1500 - train 0.106376 - val 0.222179
Epoch 1347/1500 - train 0.107013 - val 0.221924
Epoch 1348/1500 - train 0.107184 - val 0.222350
Epoch 1349/1500 - train 0.108188 - val 0.221265
Epoch 1350/1500 - train 0.107193 - val 0.220367
Epoch 1351/1500 - train 0.105928 - val 0.221662
Epoch 1352/1500 - train 0.107300 - val 0.223122
Epoch 1353/1500 - train 0.105955 - val 0.220375
Epoch 1354/1500 - train 0.106413 - val 0.222892
Epoch 1355/1500 - train 0.107272 - val 0.222767
Epoch 1356/1500 - train 0.106001 - val 0.222279
Epoch 1357/1500 - train 0.106242 - val 0.222171
Epoch 1358/1500 - train 0.106105 - val 0.221799
Epoch 1359/1500 - train 0.106420 - val 0.221847
Epoch 1360/1500 - train 0.108368 - val 0.222646
Epoch 1361/1500 - train 0.106031 - val 0.225679
Epoch 1362/1500 - train 0.106640 - val 0.222418
Epoch 1363/1500 - train 0.105784 - val 0.221616
Epoch 1364/1500 - train 0.106329 - val 0.220920
Epoch 1365/1500 - train 0.106815 - val 0.221746
Epoch 1366/1500 - train 0.106068 - val 0.221513
Epoch 1367/1500 - train 0.105946 - val 0.223587
Epoch 1368/1500 - train 0.105963 - val 0.222468
Epoch 1369/1500 - train 0.107091 - val 0.221734
Epoch 1370/1500 - train 0.106003 - val 0.221495
Epoch 1371/1500 - train 0.105808 - val 0.221911
Epoch 1372/1500 - train 0.106815 - val 0.221810
Epoch 1373/1500 - train 0.106236 - val 0.221879
Epoch 1374/1500 - train 0.106291 - val 0.222907
Epoch 1375/1500 - train 0.105975 - val 0.222785
Epoch 1376/1500 - train 0.105973 - val 0.223298
Epoch 1377/1500 - train 0.105961 - val 0.222226
Epoch 1378/1500 - train 0.106568 - val 0.222723
Epoch 1379/1500 - train 0.106201 - val 0.220512
Epoch 1380/1500 - train 0.105964 - val 0.219339
Epoch 1381/1500 - train 0.106183 - val 0.222046
Epoch 1382/1500 - train 0.106391 - val 0.222018
Epoch 1383/1500 - train 0.106632 - val 0.221607
Epoch 1384/1500 - train 0.106466 - val 0.221190
Epoch 1385/1500 - train 0.105744 - val 0.222895
Epoch 1386/1500 - train 0.106694 - val 0.221952
Epoch 1387/1500 - train 0.105680 - val 0.220380
Epoch 1388/1500 - train 0.106123 - val 0.220825
Epoch 1389/1500 - train 0.105864 - val 0.222319
Epoch 1390/1500 - train 0.106423 - val 0.221333
Epoch 1391/1500 - train 0.106178 - val 0.221618
Epoch 1392/1500 - train 0.107846 - val 0.220834
Epoch 1393/1500 - train 0.105968 - val 0.222418
Epoch 1394/1500 - train 0.105516 - val 0.223131
Epoch 1395/1500 - train 0.105813 - val 0.220854
Epoch 1396/1500 - train 0.105740 - val 0.220736
Epoch 1397/1500 - train 0.105758 - val 0.219906
Epoch 1398/1500 - train 0.105865 - val 0.223002
Epoch 1399/1500 - train 0.106321 - val 0.221612
Epoch 1400/1500 - train 0.105988 - val 0.220899
Epoch 1401/1500 - train 0.105297 - val 0.222235
Epoch 1402/1500 - train 0.105699 - val 0.221346
Epoch 1403/1500 - train 0.106526 - val 0.221793
Epoch 1404/1500 - train 0.105827 - val 0.221075
Epoch 1405/1500 - train 0.105106 - val 0.222897
Epoch 1406/1500 - train 0.105532 - val 0.221748
Epoch 1407/1500 - train 0.105343 - val 0.222460
Epoch 1408/1500 - train 0.106263 - val 0.222348
Epoch 1409/1500 - train 0.106137 - val 0.222739
Epoch 1410/1500 - train 0.105267 - val 0.220653
Epoch 1411/1500 - train 0.106612 - val 0.219886
Epoch 1412/1500 - train 0.106042 - val 0.220924
Epoch 1413/1500 - train 0.105680 - val 0.222173
Epoch 1414/1500 - train 0.105517 - val 0.221523
Epoch 1415/1500 - train 0.105266 - val 0.223475
Epoch 1416/1500 - train 0.105997 - val 0.221406
Epoch 1417/1500 - train 0.106898 - val 0.221919
Epoch 1418/1500 - train 0.105619 - val 0.222898
Epoch 1419/1500 - train 0.106861 - val 0.221666
Epoch 1420/1500 - train 0.106151 - val 0.220182
Epoch 1421/1500 - train 0.105652 - val 0.221395
Epoch 1422/1500 - train 0.106271 - val 0.221699
Epoch 1423/1500 - train 0.105423 - val 0.220443
Epoch 1424/1500 - train 0.105488 - val 0.222035
Epoch 1425/1500 - train 0.106810 - val 0.221735
Epoch 1426/1500 - train 0.106150 - val 0.223647
Epoch 1427/1500 - train 0.105247 - val 0.221389
Epoch 1428/1500 - train 0.105742 - val 0.221344
Epoch 1429/1500 - train 0.105433 - val 0.221788
Epoch 1430/1500 - train 0.105908 - val 0.222325
Epoch 1431/1500 - train 0.107109 - val 0.222244
Epoch 1432/1500 - train 0.106677 - val 0.220266
Epoch 1433/1500 - train 0.106482 - val 0.221455
Epoch 1434/1500 - train 0.106118 - val 0.221745
Epoch 1435/1500 - train 0.105212 - val 0.220575
Epoch 1436/1500 - train 0.106015 - val 0.223291
Epoch 1437/1500 - train 0.106338 - val 0.220655
Epoch 1438/1500 - train 0.105794 - val 0.220659
Epoch 1439/1500 - train 0.105552 - val 0.221114
Epoch 1440/1500 - train 0.105944 - val 0.221608
Epoch 1441/1500 - train 0.105788 - val 0.221801
Epoch 1442/1500 - train 0.105852 - val 0.223636
Epoch 1443/1500 - train 0.106607 - val 0.220802
Epoch 1444/1500 - train 0.105770 - val 0.221042
Epoch 1445/1500 - train 0.105549 - val 0.222580
Epoch 1446/1500 - train 0.105388 - val 0.222136
Epoch 1447/1500 - train 0.105591 - val 0.221585
Epoch 1448/1500 - train 0.105701 - val 0.221532
Epoch 1449/1500 - train 0.105452 - val 0.221246
Epoch 1450/1500 - train 0.105602 - val 0.221477
Epoch 1451/1500 - train 0.105473 - val 0.224323
Epoch 1452/1500 - train 0.106021 - val 0.221040
Epoch 1453/1500 - train 0.105914 - val 0.223866
Epoch 1454/1500 - train 0.105283 - val 0.221836
Epoch 1455/1500 - train 0.105405 - val 0.221930
Epoch 1456/1500 - train 0.106117 - val 0.224046
Epoch 1457/1500 - train 0.105546 - val 0.222488
Epoch 1458/1500 - train 0.105396 - val 0.222845
Epoch 1459/1500 - train 0.104601 - val 0.221454
Epoch 1460/1500 - train 0.105295 - val 0.221579
Epoch 1461/1500 - train 0.104699 - val 0.221387
Epoch 1462/1500 - train 0.104441 - val 0.220472
Epoch 1463/1500 - train 0.105144 - val 0.222990
Epoch 1464/1500 - train 0.105952 - val 0.221826
Epoch 1465/1500 - train 0.105045 - val 0.221129
Epoch 1466/1500 - train 0.104872 - val 0.221754
Epoch 1467/1500 - train 0.105278 - val 0.221144
Epoch 1468/1500 - train 0.105209 - val 0.223031
Epoch 1469/1500 - train 0.104997 - val 0.221058
Epoch 1470/1500 - train 0.105696 - val 0.219111
Epoch 1471/1500 - train 0.105637 - val 0.220258
Epoch 1472/1500 - train 0.104378 - val 0.219949
Epoch 1473/1500 - train 0.105688 - val 0.220512
Epoch 1474/1500 - train 0.105421 - val 0.222198
Epoch 1475/1500 - train 0.105325 - val 0.220274
Epoch 1476/1500 - train 0.105597 - val 0.222693
Epoch 1477/1500 - train 0.105379 - val 0.223034
Epoch 1478/1500 - train 0.105013 - val 0.222941
Epoch 1479/1500 - train 0.104964 - val 0.222720
Epoch 1480/1500 - train 0.106283 - val 0.222589
Epoch 1481/1500 - train 0.106755 - val 0.221902
Epoch 1482/1500 - train 0.105028 - val 0.221161
Epoch 1483/1500 - train 0.104873 - val 0.220354
Epoch 1484/1500 - train 0.105101 - val 0.221955
Epoch 1485/1500 - train 0.105710 - val 0.222258
Epoch 1486/1500 - train 0.104576 - val 0.220027
Epoch 1487/1500 - train 0.104746 - val 0.221777
Epoch 1488/1500 - train 0.105447 - val 0.221263
Epoch 1489/1500 - train 0.105945 - val 0.218975
Epoch 1490/1500 - train 0.104607 - val 0.224351
Epoch 1491/1500 - train 0.106548 - val 0.223241
Epoch 1492/1500 - train 0.106204 - val 0.221685
Epoch 1493/1500 - train 0.105168 - val 0.220516
Epoch 1494/1500 - train 0.105246 - val 0.219957
Epoch 1495/1500 - train 0.104690 - val 0.220455
Epoch 1496/1500 - train 0.104823 - val 0.223161
Epoch 1497/1500 - train 0.105240 - val 0.221684
Epoch 1498/1500 - train 0.107021 - val 0.221108
Epoch 1499/1500 - train 0.104753 - val 0.222951
Epoch 1500/1500 - train 0.104791 - val 0.221936
Saved model to /scratch/network/ak9088/NASA-RL-Wavefront-Control/RL/jobs/20251224_231923/exp-fc1-zscore-ep1500-bs2048-lr1e-3-s42-h512-256-128-images-do0.1/fc1_best.pth
