y: [[-3.01948577e-01 -1.56999201e-01 -8.37100446e-02 ... -4.71909642e-02
   2.47504022e-02  4.47161568e-07]
 [ 2.74821997e-01 -1.02294907e-01 -5.63746214e-01 ... -4.59444225e-02
  -5.64354733e-02  4.47161568e-07]
 [ 5.95149398e-02  2.33263269e-01 -3.06408316e-01 ...  2.25831587e-02
  -1.20181506e-02  4.47161568e-07]
 ...
 [ 4.42554802e-01  3.15719873e-01  2.77699292e-01 ... -3.95034067e-02
  -1.14195935e-01  4.47161568e-07]
 [ 4.53366876e-01  1.46775022e-01  2.77601451e-01 ...  6.94388151e-03
  -6.98646232e-02  4.47161568e-07]
 [ 4.41307187e-01 -6.00950122e-01 -7.07667843e-02 ... -9.30655524e-02
   9.98187251e-03  4.47161568e-07]]
Dataset loaded: N=100000 (original 100000), C=3, H=28, W=28, y_dim=26
using device: cpu
Epoch 1/1500 - train 0.619533 - val 0.445014
Epoch 2/1500 - train 0.455658 - val 0.385920
Epoch 3/1500 - train 0.411226 - val 0.359765
Epoch 4/1500 - train 0.389650 - val 0.349301
Epoch 5/1500 - train 0.377564 - val 0.339733
Epoch 6/1500 - train 0.369094 - val 0.335093
Epoch 7/1500 - train 0.362684 - val 0.329111
Epoch 8/1500 - train 0.357481 - val 0.330441
Epoch 9/1500 - train 0.352896 - val 0.320787
Epoch 10/1500 - train 0.348933 - val 0.318821
Epoch 11/1500 - train 0.344878 - val 0.313550
Epoch 12/1500 - train 0.342029 - val 0.313514
Epoch 13/1500 - train 0.339377 - val 0.314117
Epoch 14/1500 - train 0.337037 - val 0.306736
Epoch 15/1500 - train 0.333109 - val 0.304379
Epoch 16/1500 - train 0.330602 - val 0.305120
Epoch 17/1500 - train 0.329006 - val 0.300123
Epoch 18/1500 - train 0.326497 - val 0.299589
Epoch 19/1500 - train 0.325178 - val 0.298667
Epoch 20/1500 - train 0.322937 - val 0.298449
Epoch 21/1500 - train 0.321216 - val 0.301589
Epoch 22/1500 - train 0.320808 - val 0.292394
Epoch 23/1500 - train 0.317802 - val 0.292710
Epoch 24/1500 - train 0.316759 - val 0.289472
Epoch 25/1500 - train 0.315125 - val 0.294462
Epoch 26/1500 - train 0.314712 - val 0.289003
Epoch 27/1500 - train 0.313171 - val 0.287220
Epoch 28/1500 - train 0.311985 - val 0.287148
Epoch 29/1500 - train 0.311568 - val 0.287463
Epoch 30/1500 - train 0.309909 - val 0.288135
Epoch 31/1500 - train 0.309667 - val 0.285825
Epoch 32/1500 - train 0.308593 - val 0.287163
Epoch 33/1500 - train 0.307720 - val 0.282341
Epoch 34/1500 - train 0.306341 - val 0.280783
Epoch 35/1500 - train 0.305107 - val 0.283692
Epoch 36/1500 - train 0.304900 - val 0.288046
Epoch 37/1500 - train 0.305794 - val 0.277426
Epoch 38/1500 - train 0.302626 - val 0.280532
Epoch 39/1500 - train 0.303275 - val 0.278341
Epoch 40/1500 - train 0.301522 - val 0.281914
Epoch 41/1500 - train 0.302078 - val 0.277489
Epoch 42/1500 - train 0.300780 - val 0.275529
Epoch 43/1500 - train 0.299708 - val 0.276742
Epoch 44/1500 - train 0.299370 - val 0.274612
Epoch 45/1500 - train 0.299030 - val 0.275876
Epoch 46/1500 - train 0.299209 - val 0.274700
Epoch 47/1500 - train 0.298200 - val 0.274478
Epoch 48/1500 - train 0.296855 - val 0.274963
Epoch 49/1500 - train 0.296548 - val 0.276082
Epoch 50/1500 - train 0.296221 - val 0.274967
Epoch 51/1500 - train 0.296534 - val 0.271401
Epoch 52/1500 - train 0.295923 - val 0.274349
Epoch 53/1500 - train 0.295063 - val 0.273971
Epoch 54/1500 - train 0.294551 - val 0.270939
Epoch 55/1500 - train 0.293662 - val 0.270456
Epoch 56/1500 - train 0.293140 - val 0.273743
Epoch 57/1500 - train 0.293486 - val 0.268755
Epoch 58/1500 - train 0.292416 - val 0.270243
Epoch 59/1500 - train 0.292965 - val 0.270892
Epoch 60/1500 - train 0.291763 - val 0.272642
Epoch 61/1500 - train 0.292015 - val 0.266616
Epoch 62/1500 - train 0.291316 - val 0.268234
Epoch 63/1500 - train 0.291160 - val 0.267237
Epoch 64/1500 - train 0.290263 - val 0.266663
Epoch 65/1500 - train 0.289804 - val 0.264837
Epoch 66/1500 - train 0.289340 - val 0.266647
Epoch 67/1500 - train 0.289289 - val 0.264234
Epoch 68/1500 - train 0.288186 - val 0.266188
Epoch 69/1500 - train 0.288753 - val 0.265055
Epoch 70/1500 - train 0.287625 - val 0.265926
Epoch 71/1500 - train 0.287889 - val 0.265416
Epoch 72/1500 - train 0.287328 - val 0.264635
Epoch 73/1500 - train 0.287191 - val 0.264275
Epoch 74/1500 - train 0.287064 - val 0.267557
Epoch 75/1500 - train 0.287025 - val 0.263333
Epoch 76/1500 - train 0.286684 - val 0.262780
Epoch 77/1500 - train 0.285937 - val 0.266367
Epoch 78/1500 - train 0.286356 - val 0.262357
Epoch 79/1500 - train 0.284763 - val 0.262105
Epoch 80/1500 - train 0.285740 - val 0.261742
Epoch 81/1500 - train 0.285645 - val 0.262908
Epoch 82/1500 - train 0.285378 - val 0.263421
Epoch 83/1500 - train 0.285043 - val 0.263415
Epoch 84/1500 - train 0.284880 - val 0.263098
Epoch 85/1500 - train 0.284103 - val 0.260799
Epoch 86/1500 - train 0.284669 - val 0.261941
Epoch 87/1500 - train 0.283695 - val 0.260751
Epoch 88/1500 - train 0.282837 - val 0.260183
Epoch 89/1500 - train 0.283744 - val 0.260421
Epoch 90/1500 - train 0.282696 - val 0.260924
Epoch 91/1500 - train 0.282328 - val 0.262809
Epoch 92/1500 - train 0.283069 - val 0.259968
Epoch 93/1500 - train 0.282379 - val 0.262569
Epoch 94/1500 - train 0.282955 - val 0.258106
Epoch 95/1500 - train 0.281720 - val 0.258328
Epoch 96/1500 - train 0.280743 - val 0.257638
Epoch 97/1500 - train 0.281333 - val 0.257228
Epoch 98/1500 - train 0.281334 - val 0.257561
Epoch 99/1500 - train 0.280743 - val 0.259194
Epoch 100/1500 - train 0.280982 - val 0.261974
Epoch 101/1500 - train 0.280704 - val 0.258203
Epoch 102/1500 - train 0.279466 - val 0.259407
Epoch 103/1500 - train 0.279656 - val 0.258053
Epoch 104/1500 - train 0.279479 - val 0.256616
Epoch 105/1500 - train 0.279337 - val 0.260865
Epoch 106/1500 - train 0.279532 - val 0.256064
Epoch 107/1500 - train 0.278720 - val 0.256710
Epoch 108/1500 - train 0.279233 - val 0.257880
Epoch 109/1500 - train 0.279070 - val 0.255187
Epoch 110/1500 - train 0.278383 - val 0.254714
Epoch 111/1500 - train 0.277975 - val 0.256586
Epoch 112/1500 - train 0.278179 - val 0.255383
Epoch 113/1500 - train 0.277648 - val 0.254864
Epoch 114/1500 - train 0.277690 - val 0.256185
Epoch 115/1500 - train 0.277718 - val 0.259326
Epoch 116/1500 - train 0.277683 - val 0.255329
Epoch 117/1500 - train 0.277554 - val 0.256787
Epoch 118/1500 - train 0.277970 - val 0.257906
Epoch 119/1500 - train 0.276846 - val 0.253493
Epoch 120/1500 - train 0.276652 - val 0.253695
Epoch 121/1500 - train 0.276588 - val 0.256584
Epoch 122/1500 - train 0.277026 - val 0.253547
Epoch 123/1500 - train 0.275524 - val 0.252826
Epoch 124/1500 - train 0.276348 - val 0.253890
Epoch 125/1500 - train 0.275616 - val 0.252006
Epoch 126/1500 - train 0.275294 - val 0.253748
Epoch 127/1500 - train 0.275237 - val 0.254059
Epoch 128/1500 - train 0.275332 - val 0.254896
Epoch 129/1500 - train 0.275677 - val 0.253637
Epoch 130/1500 - train 0.274747 - val 0.253854
Epoch 131/1500 - train 0.275342 - val 0.252143
Epoch 132/1500 - train 0.275067 - val 0.253134
Epoch 133/1500 - train 0.274296 - val 0.251948
Epoch 134/1500 - train 0.274193 - val 0.250603
Epoch 135/1500 - train 0.274169 - val 0.251022
Epoch 136/1500 - train 0.273797 - val 0.250218
Epoch 137/1500 - train 0.273616 - val 0.251406
Epoch 138/1500 - train 0.273630 - val 0.250276
Epoch 139/1500 - train 0.273031 - val 0.250603
Epoch 140/1500 - train 0.273786 - val 0.252663
Epoch 141/1500 - train 0.273706 - val 0.249552
Epoch 142/1500 - train 0.272555 - val 0.250577
Epoch 143/1500 - train 0.272735 - val 0.254747
Epoch 144/1500 - train 0.273150 - val 0.250270
Epoch 145/1500 - train 0.272750 - val 0.250072
Epoch 146/1500 - train 0.272235 - val 0.253703
Epoch 147/1500 - train 0.272834 - val 0.249538
Epoch 148/1500 - train 0.271665 - val 0.248840
Epoch 149/1500 - train 0.272233 - val 0.249935
Epoch 150/1500 - train 0.271627 - val 0.250082
Epoch 151/1500 - train 0.272062 - val 0.251602
Epoch 152/1500 - train 0.272081 - val 0.249889
Epoch 153/1500 - train 0.271276 - val 0.249018
Epoch 154/1500 - train 0.271274 - val 0.249505
Epoch 155/1500 - train 0.271529 - val 0.247953
Epoch 156/1500 - train 0.270775 - val 0.253223
Epoch 157/1500 - train 0.271161 - val 0.246160
Epoch 158/1500 - train 0.270692 - val 0.247139
Epoch 159/1500 - train 0.271145 - val 0.248521
Epoch 160/1500 - train 0.270694 - val 0.252733
Epoch 161/1500 - train 0.270785 - val 0.247855
Epoch 162/1500 - train 0.270010 - val 0.247599
Epoch 163/1500 - train 0.269721 - val 0.247995
Epoch 164/1500 - train 0.270116 - val 0.247657
Epoch 165/1500 - train 0.270328 - val 0.251411
Epoch 166/1500 - train 0.270369 - val 0.246779
Epoch 167/1500 - train 0.269658 - val 0.252359
Epoch 168/1500 - train 0.269536 - val 0.248652
Epoch 169/1500 - train 0.269825 - val 0.246656
Epoch 170/1500 - train 0.268832 - val 0.245404
Epoch 171/1500 - train 0.268725 - val 0.246225
Epoch 172/1500 - train 0.269932 - val 0.247504
Epoch 173/1500 - train 0.269180 - val 0.245658
Epoch 174/1500 - train 0.268748 - val 0.246589
Epoch 175/1500 - train 0.268530 - val 0.245127
Epoch 176/1500 - train 0.268115 - val 0.246410
Epoch 177/1500 - train 0.268226 - val 0.245145
Epoch 178/1500 - train 0.268876 - val 0.250561
Epoch 179/1500 - train 0.268544 - val 0.247384
Epoch 180/1500 - train 0.268009 - val 0.245029
Epoch 181/1500 - train 0.268037 - val 0.245242
Epoch 182/1500 - train 0.267507 - val 0.247326
Epoch 183/1500 - train 0.268149 - val 0.246605
Epoch 184/1500 - train 0.267755 - val 0.246376
Epoch 185/1500 - train 0.267371 - val 0.246694
Epoch 186/1500 - train 0.266980 - val 0.245396
Epoch 187/1500 - train 0.266786 - val 0.245677
Epoch 188/1500 - train 0.267490 - val 0.244657
Epoch 189/1500 - train 0.267031 - val 0.245537
Epoch 190/1500 - train 0.267457 - val 0.245465
Epoch 191/1500 - train 0.266641 - val 0.243824
Epoch 192/1500 - train 0.266793 - val 0.244526
Epoch 193/1500 - train 0.266556 - val 0.244880
Epoch 194/1500 - train 0.266420 - val 0.246973
Epoch 195/1500 - train 0.267120 - val 0.244483
Epoch 196/1500 - train 0.266201 - val 0.244775
Epoch 197/1500 - train 0.267103 - val 0.246421
Epoch 198/1500 - train 0.266580 - val 0.247469
Epoch 199/1500 - train 0.266717 - val 0.242441
Epoch 200/1500 - train 0.265855 - val 0.243648
Epoch 201/1500 - train 0.265060 - val 0.244000
Epoch 202/1500 - train 0.265786 - val 0.245962
Epoch 203/1500 - train 0.266501 - val 0.244158
Epoch 204/1500 - train 0.265522 - val 0.244199
Epoch 205/1500 - train 0.265525 - val 0.243417
Epoch 206/1500 - train 0.265041 - val 0.242718
Epoch 207/1500 - train 0.265220 - val 0.242447
Epoch 208/1500 - train 0.265230 - val 0.246628
Epoch 209/1500 - train 0.265615 - val 0.243318
Epoch 210/1500 - train 0.264676 - val 0.242906
Epoch 211/1500 - train 0.264616 - val 0.244491
Epoch 212/1500 - train 0.265219 - val 0.244515
Epoch 213/1500 - train 0.265022 - val 0.248932
Epoch 214/1500 - train 0.265352 - val 0.242446
Epoch 215/1500 - train 0.264653 - val 0.244506
Epoch 216/1500 - train 0.264514 - val 0.241071
Epoch 217/1500 - train 0.264154 - val 0.241877
Epoch 218/1500 - train 0.264610 - val 0.244326
Epoch 219/1500 - train 0.264297 - val 0.241626
Epoch 220/1500 - train 0.264265 - val 0.243225
Epoch 221/1500 - train 0.264338 - val 0.242216
Epoch 222/1500 - train 0.264124 - val 0.245498
Epoch 223/1500 - train 0.264018 - val 0.243654
Epoch 224/1500 - train 0.264176 - val 0.242000
Epoch 225/1500 - train 0.264171 - val 0.241956
Epoch 226/1500 - train 0.263060 - val 0.244351
Epoch 227/1500 - train 0.263729 - val 0.240954
Epoch 228/1500 - train 0.262954 - val 0.240322
Epoch 229/1500 - train 0.262858 - val 0.243125
Epoch 230/1500 - train 0.263782 - val 0.243838
Epoch 231/1500 - train 0.263589 - val 0.241545
Epoch 232/1500 - train 0.263646 - val 0.241813
Epoch 233/1500 - train 0.263208 - val 0.241177
Epoch 234/1500 - train 0.262903 - val 0.240289
Epoch 235/1500 - train 0.262536 - val 0.242298
Epoch 236/1500 - train 0.262145 - val 0.241576
Epoch 237/1500 - train 0.262543 - val 0.240203
Epoch 238/1500 - train 0.262583 - val 0.240086
Epoch 239/1500 - train 0.262502 - val 0.240198
Epoch 240/1500 - train 0.262467 - val 0.241072
Epoch 241/1500 - train 0.262020 - val 0.240388
Epoch 242/1500 - train 0.262575 - val 0.241324
Epoch 243/1500 - train 0.262689 - val 0.240705
Epoch 244/1500 - train 0.262365 - val 0.242729
Epoch 245/1500 - train 0.262359 - val 0.242439
Epoch 246/1500 - train 0.262401 - val 0.240388
Epoch 247/1500 - train 0.261879 - val 0.241117
Epoch 248/1500 - train 0.262357 - val 0.239806
Epoch 249/1500 - train 0.261717 - val 0.239668
Epoch 250/1500 - train 0.261141 - val 0.239122
Epoch 251/1500 - train 0.261648 - val 0.239488
Epoch 252/1500 - train 0.261439 - val 0.241205
Epoch 253/1500 - train 0.262247 - val 0.238961
Epoch 254/1500 - train 0.260711 - val 0.241212
Epoch 255/1500 - train 0.261075 - val 0.241544
Epoch 256/1500 - train 0.261652 - val 0.239337
Epoch 257/1500 - train 0.261315 - val 0.240084
Epoch 258/1500 - train 0.260963 - val 0.239035
Epoch 259/1500 - train 0.260730 - val 0.238363
Epoch 260/1500 - train 0.260836 - val 0.240117
Epoch 261/1500 - train 0.260908 - val 0.239048
Epoch 262/1500 - train 0.261006 - val 0.239414
Epoch 263/1500 - train 0.260710 - val 0.238440
Epoch 264/1500 - train 0.260442 - val 0.239598
Epoch 265/1500 - train 0.261269 - val 0.238596
Epoch 266/1500 - train 0.259878 - val 0.240521
Epoch 267/1500 - train 0.260503 - val 0.237885
Epoch 268/1500 - train 0.260387 - val 0.239504
Epoch 269/1500 - train 0.260391 - val 0.238519
Epoch 270/1500 - train 0.260030 - val 0.240019
Epoch 271/1500 - train 0.260159 - val 0.238802
Epoch 272/1500 - train 0.260180 - val 0.239490
Epoch 273/1500 - train 0.259855 - val 0.237137
Epoch 274/1500 - train 0.259928 - val 0.239031
Epoch 275/1500 - train 0.259789 - val 0.239018
Epoch 276/1500 - train 0.260335 - val 0.237680
Epoch 277/1500 - train 0.259159 - val 0.238660
Epoch 278/1500 - train 0.259351 - val 0.241199
Epoch 279/1500 - train 0.260517 - val 0.236974
Epoch 280/1500 - train 0.259292 - val 0.237357
Epoch 281/1500 - train 0.259201 - val 0.237865
Epoch 282/1500 - train 0.259314 - val 0.239232
Epoch 283/1500 - train 0.258883 - val 0.237215
Epoch 284/1500 - train 0.259243 - val 0.237550
Epoch 285/1500 - train 0.258868 - val 0.236749
Epoch 286/1500 - train 0.259173 - val 0.237551
Epoch 287/1500 - train 0.259209 - val 0.239367
Epoch 288/1500 - train 0.258956 - val 0.236201
Epoch 289/1500 - train 0.258590 - val 0.237678
Epoch 290/1500 - train 0.259001 - val 0.238236
Epoch 291/1500 - train 0.259160 - val 0.236991
Epoch 292/1500 - train 0.258905 - val 0.238835
Epoch 293/1500 - train 0.258451 - val 0.236903
Epoch 294/1500 - train 0.258321 - val 0.237260
Epoch 295/1500 - train 0.258246 - val 0.235703
Epoch 296/1500 - train 0.258112 - val 0.236885
Epoch 297/1500 - train 0.258228 - val 0.236193
Epoch 298/1500 - train 0.257967 - val 0.238003
Epoch 299/1500 - train 0.258477 - val 0.237144
Epoch 300/1500 - train 0.257946 - val 0.239612
Epoch 301/1500 - train 0.258336 - val 0.236176
Epoch 302/1500 - train 0.257734 - val 0.236191
Epoch 303/1500 - train 0.258296 - val 0.239651
Epoch 304/1500 - train 0.258439 - val 0.236015
Epoch 305/1500 - train 0.257425 - val 0.236392
Epoch 306/1500 - train 0.257427 - val 0.236924
Epoch 307/1500 - train 0.257836 - val 0.235855
Epoch 308/1500 - train 0.258024 - val 0.237055
Epoch 309/1500 - train 0.258219 - val 0.235432
Epoch 310/1500 - train 0.257295 - val 0.235587
Epoch 311/1500 - train 0.257822 - val 0.235681
Epoch 312/1500 - train 0.256948 - val 0.234606
Epoch 313/1500 - train 0.256877 - val 0.236916
Epoch 314/1500 - train 0.257538 - val 0.234800
Epoch 315/1500 - train 0.257249 - val 0.237765
Epoch 316/1500 - train 0.257444 - val 0.237238
Epoch 317/1500 - train 0.257160 - val 0.235287
Epoch 318/1500 - train 0.256771 - val 0.235746
Epoch 319/1500 - train 0.256839 - val 0.235298
Epoch 320/1500 - train 0.257109 - val 0.235697
Epoch 321/1500 - train 0.257374 - val 0.235274
Epoch 322/1500 - train 0.256877 - val 0.235519
Epoch 323/1500 - train 0.256771 - val 0.234441
Epoch 324/1500 - train 0.256061 - val 0.236749
Epoch 325/1500 - train 0.257204 - val 0.237177
Epoch 326/1500 - train 0.256569 - val 0.236865
Epoch 327/1500 - train 0.256101 - val 0.234397
Epoch 328/1500 - train 0.256059 - val 0.234911
Epoch 329/1500 - train 0.256608 - val 0.234782
Epoch 330/1500 - train 0.256032 - val 0.234318
Epoch 331/1500 - train 0.255655 - val 0.235240
Epoch 332/1500 - train 0.255951 - val 0.236201
Epoch 333/1500 - train 0.256051 - val 0.235123
Epoch 334/1500 - train 0.256546 - val 0.234938
Epoch 335/1500 - train 0.256417 - val 0.236424
Epoch 336/1500 - train 0.256405 - val 0.235652
Epoch 337/1500 - train 0.256006 - val 0.233998
Epoch 338/1500 - train 0.255514 - val 0.233535
Epoch 339/1500 - train 0.255414 - val 0.233789
Epoch 340/1500 - train 0.255266 - val 0.233946
Epoch 341/1500 - train 0.255696 - val 0.235760
Epoch 342/1500 - train 0.255568 - val 0.233123
Epoch 343/1500 - train 0.255174 - val 0.233760
Epoch 344/1500 - train 0.255423 - val 0.233965
Epoch 345/1500 - train 0.255074 - val 0.233151
Epoch 346/1500 - train 0.255691 - val 0.233314
Epoch 347/1500 - train 0.255105 - val 0.233503
Epoch 348/1500 - train 0.254890 - val 0.235589
Epoch 349/1500 - train 0.255394 - val 0.234542
Epoch 350/1500 - train 0.254936 - val 0.235700
Epoch 351/1500 - train 0.255589 - val 0.232942
Epoch 352/1500 - train 0.254691 - val 0.234634
Epoch 353/1500 - train 0.255091 - val 0.233257
Epoch 354/1500 - train 0.254586 - val 0.234240
Epoch 355/1500 - train 0.254954 - val 0.233366
Epoch 356/1500 - train 0.254946 - val 0.234721
Epoch 357/1500 - train 0.254705 - val 0.232942
Epoch 358/1500 - train 0.254744 - val 0.232760
Epoch 359/1500 - train 0.254774 - val 0.233053
Epoch 360/1500 - train 0.254598 - val 0.234181
Epoch 361/1500 - train 0.254579 - val 0.234035
Epoch 362/1500 - train 0.254721 - val 0.234238
Epoch 363/1500 - train 0.254243 - val 0.234247
Epoch 364/1500 - train 0.254218 - val 0.232485
Epoch 365/1500 - train 0.254598 - val 0.232943
Epoch 366/1500 - train 0.254650 - val 0.234177
Epoch 367/1500 - train 0.255079 - val 0.234011
Epoch 368/1500 - train 0.254525 - val 0.232225
Epoch 369/1500 - train 0.253795 - val 0.233839
Epoch 370/1500 - train 0.254142 - val 0.233107
Epoch 371/1500 - train 0.253716 - val 0.231930
Epoch 372/1500 - train 0.253860 - val 0.232387
Epoch 373/1500 - train 0.253769 - val 0.232518
Epoch 374/1500 - train 0.254001 - val 0.232504
Epoch 375/1500 - train 0.253384 - val 0.233392
Epoch 376/1500 - train 0.253657 - val 0.231822
Epoch 377/1500 - train 0.253161 - val 0.233292
Epoch 378/1500 - train 0.253995 - val 0.231936
Epoch 379/1500 - train 0.254284 - val 0.231990
Epoch 380/1500 - train 0.253005 - val 0.232525
Epoch 381/1500 - train 0.253927 - val 0.232221
Epoch 382/1500 - train 0.253325 - val 0.234736
Epoch 383/1500 - train 0.253574 - val 0.231580
Epoch 384/1500 - train 0.252682 - val 0.231222
Epoch 385/1500 - train 0.253147 - val 0.233538
Epoch 386/1500 - train 0.253253 - val 0.231820
Epoch 387/1500 - train 0.253076 - val 0.232139
Epoch 388/1500 - train 0.253130 - val 0.231376
Epoch 389/1500 - train 0.252845 - val 0.231768
Epoch 390/1500 - train 0.253563 - val 0.236621
Epoch 391/1500 - train 0.253992 - val 0.232128
Epoch 392/1500 - train 0.252850 - val 0.230836
Epoch 393/1500 - train 0.252845 - val 0.232332
Epoch 394/1500 - train 0.253298 - val 0.233036
Epoch 395/1500 - train 0.252853 - val 0.232658
Epoch 396/1500 - train 0.252998 - val 0.231312
Epoch 397/1500 - train 0.252825 - val 0.231627
Epoch 398/1500 - train 0.252601 - val 0.230983
Epoch 399/1500 - train 0.252434 - val 0.231410
Epoch 400/1500 - train 0.252693 - val 0.231389
Epoch 401/1500 - train 0.252369 - val 0.232177
Epoch 402/1500 - train 0.252270 - val 0.231456
Epoch 403/1500 - train 0.252865 - val 0.233041
Epoch 404/1500 - train 0.253022 - val 0.233298
Epoch 405/1500 - train 0.252155 - val 0.231515
Epoch 406/1500 - train 0.252225 - val 0.230241
Epoch 407/1500 - train 0.252126 - val 0.232538
Epoch 408/1500 - train 0.251942 - val 0.232314
Epoch 409/1500 - train 0.252344 - val 0.232856
Epoch 410/1500 - train 0.252006 - val 0.232685
Epoch 411/1500 - train 0.252829 - val 0.232547
Epoch 412/1500 - train 0.252476 - val 0.231764
Epoch 413/1500 - train 0.252080 - val 0.230845
Epoch 414/1500 - train 0.251731 - val 0.230450
Epoch 415/1500 - train 0.252345 - val 0.230364
Epoch 416/1500 - train 0.251642 - val 0.232090
Epoch 417/1500 - train 0.251973 - val 0.230513
Epoch 418/1500 - train 0.251828 - val 0.230974
Epoch 419/1500 - train 0.251385 - val 0.229969
Epoch 420/1500 - train 0.251657 - val 0.231267
Epoch 421/1500 - train 0.251852 - val 0.229165
Epoch 422/1500 - train 0.251487 - val 0.235105
Epoch 423/1500 - train 0.251653 - val 0.230201
Epoch 424/1500 - train 0.251310 - val 0.229029
Epoch 425/1500 - train 0.250932 - val 0.230707
Epoch 426/1500 - train 0.251783 - val 0.232062
Epoch 427/1500 - train 0.251093 - val 0.231804
Epoch 428/1500 - train 0.251129 - val 0.231401
Epoch 429/1500 - train 0.251404 - val 0.232784
Epoch 430/1500 - train 0.251971 - val 0.230705
Epoch 431/1500 - train 0.251270 - val 0.232897
Epoch 432/1500 - train 0.251033 - val 0.230268
Epoch 433/1500 - train 0.250823 - val 0.230734
Epoch 434/1500 - train 0.251025 - val 0.230830
Epoch 435/1500 - train 0.250518 - val 0.232169
Epoch 436/1500 - train 0.250987 - val 0.229793
Epoch 437/1500 - train 0.250413 - val 0.232438
Epoch 438/1500 - train 0.251217 - val 0.232078
Epoch 439/1500 - train 0.250992 - val 0.231576
Epoch 440/1500 - train 0.250661 - val 0.230560
Epoch 441/1500 - train 0.250671 - val 0.230620
Epoch 442/1500 - train 0.251167 - val 0.230395
Epoch 443/1500 - train 0.251095 - val 0.232266
Epoch 444/1500 - train 0.250615 - val 0.232505
Epoch 445/1500 - train 0.251058 - val 0.229389
Epoch 446/1500 - train 0.250081 - val 0.229192
Epoch 447/1500 - train 0.250351 - val 0.228687
Epoch 448/1500 - train 0.250147 - val 0.229432
Epoch 449/1500 - train 0.250465 - val 0.230009
Epoch 450/1500 - train 0.250176 - val 0.230424
Epoch 451/1500 - train 0.249941 - val 0.229958
Epoch 452/1500 - train 0.249924 - val 0.229489
Epoch 453/1500 - train 0.250511 - val 0.229356
Epoch 454/1500 - train 0.249890 - val 0.229866
Epoch 455/1500 - train 0.249879 - val 0.230541
Epoch 456/1500 - train 0.249703 - val 0.229949
Epoch 457/1500 - train 0.250185 - val 0.230227
Epoch 458/1500 - train 0.250297 - val 0.231267
Epoch 459/1500 - train 0.250341 - val 0.228957
Epoch 460/1500 - train 0.250002 - val 0.229886
Epoch 461/1500 - train 0.249473 - val 0.230663
Epoch 462/1500 - train 0.249933 - val 0.229445
Epoch 463/1500 - train 0.249769 - val 0.228339
Epoch 464/1500 - train 0.249861 - val 0.227901
Epoch 465/1500 - train 0.249279 - val 0.229290
Epoch 466/1500 - train 0.249729 - val 0.229387
Epoch 467/1500 - train 0.249879 - val 0.229455
Epoch 468/1500 - train 0.249758 - val 0.228663
Epoch 469/1500 - train 0.249712 - val 0.229044
Epoch 470/1500 - train 0.249648 - val 0.229645
Epoch 471/1500 - train 0.249849 - val 0.230168
Epoch 472/1500 - train 0.250356 - val 0.230191
Epoch 473/1500 - train 0.249982 - val 0.230694
Epoch 474/1500 - train 0.250366 - val 0.229839
Epoch 475/1500 - train 0.249476 - val 0.227873
Epoch 476/1500 - train 0.249241 - val 0.229496
Epoch 477/1500 - train 0.249300 - val 0.229270
Epoch 478/1500 - train 0.249956 - val 0.228145
Epoch 479/1500 - train 0.249022 - val 0.230322
Epoch 480/1500 - train 0.249328 - val 0.229704
Epoch 481/1500 - train 0.249123 - val 0.228463
Epoch 482/1500 - train 0.249444 - val 0.228313
Epoch 483/1500 - train 0.248812 - val 0.228713
Epoch 484/1500 - train 0.248915 - val 0.228069
Epoch 485/1500 - train 0.248821 - val 0.228210
Epoch 486/1500 - train 0.249008 - val 0.228769
Epoch 487/1500 - train 0.248789 - val 0.228905
Epoch 488/1500 - train 0.248522 - val 0.229155
Epoch 489/1500 - train 0.248545 - val 0.227833
Epoch 490/1500 - train 0.249087 - val 0.228605
Epoch 491/1500 - train 0.248239 - val 0.228903
Epoch 492/1500 - train 0.248427 - val 0.227846
Epoch 493/1500 - train 0.248934 - val 0.229053
Epoch 494/1500 - train 0.248667 - val 0.231825
Epoch 495/1500 - train 0.249696 - val 0.228164
Epoch 496/1500 - train 0.248310 - val 0.229875
Epoch 497/1500 - train 0.248989 - val 0.228785
Epoch 498/1500 - train 0.248775 - val 0.227316
Epoch 499/1500 - train 0.248438 - val 0.228949
Epoch 500/1500 - train 0.248196 - val 0.226640
Epoch 501/1500 - train 0.247981 - val 0.227103
Epoch 502/1500 - train 0.247925 - val 0.227693
Epoch 503/1500 - train 0.247762 - val 0.227438
Epoch 504/1500 - train 0.247953 - val 0.228642
Epoch 505/1500 - train 0.248339 - val 0.228023
Epoch 506/1500 - train 0.248160 - val 0.227452
Epoch 507/1500 - train 0.247938 - val 0.227869
Epoch 508/1500 - train 0.247848 - val 0.228658
Epoch 509/1500 - train 0.247755 - val 0.228864
Epoch 510/1500 - train 0.248295 - val 0.229634
Epoch 511/1500 - train 0.247845 - val 0.227714
Epoch 512/1500 - train 0.248198 - val 0.230233
Epoch 513/1500 - train 0.248595 - val 0.227074
Epoch 514/1500 - train 0.247843 - val 0.227273
Epoch 515/1500 - train 0.247712 - val 0.228006
Epoch 516/1500 - train 0.247880 - val 0.227716
Epoch 517/1500 - train 0.247983 - val 0.227673
Epoch 518/1500 - train 0.248211 - val 0.228560
Epoch 519/1500 - train 0.247572 - val 0.226028
Epoch 520/1500 - train 0.247396 - val 0.227728
Epoch 521/1500 - train 0.247568 - val 0.227634
Epoch 522/1500 - train 0.248049 - val 0.226266
Epoch 523/1500 - train 0.247720 - val 0.227709
Epoch 524/1500 - train 0.247860 - val 0.227407
Epoch 525/1500 - train 0.247169 - val 0.228037
Epoch 526/1500 - train 0.247602 - val 0.226475
Epoch 527/1500 - train 0.247497 - val 0.226720
Epoch 528/1500 - train 0.247666 - val 0.226915
Epoch 529/1500 - train 0.247511 - val 0.226768
Epoch 530/1500 - train 0.247177 - val 0.226741
Epoch 531/1500 - train 0.247448 - val 0.228288
Epoch 532/1500 - train 0.248044 - val 0.227700
Epoch 533/1500 - train 0.247661 - val 0.227318
Epoch 534/1500 - train 0.247392 - val 0.226762
Epoch 535/1500 - train 0.246938 - val 0.228733
Epoch 536/1500 - train 0.246890 - val 0.228792
Epoch 537/1500 - train 0.247146 - val 0.225568
Epoch 538/1500 - train 0.246940 - val 0.226451
Epoch 539/1500 - train 0.246585 - val 0.228734
Epoch 540/1500 - train 0.246991 - val 0.226527
Epoch 541/1500 - train 0.246853 - val 0.226326
Epoch 542/1500 - train 0.247105 - val 0.227250
Epoch 543/1500 - train 0.247061 - val 0.225530
Epoch 544/1500 - train 0.247061 - val 0.227199
Epoch 545/1500 - train 0.246845 - val 0.226024
Epoch 546/1500 - train 0.246561 - val 0.227655
Epoch 547/1500 - train 0.246852 - val 0.225936
Epoch 548/1500 - train 0.246690 - val 0.226652
Epoch 549/1500 - train 0.246261 - val 0.225838
Epoch 550/1500 - train 0.246630 - val 0.226294
Epoch 551/1500 - train 0.246658 - val 0.228363
Epoch 552/1500 - train 0.246652 - val 0.226665
Epoch 553/1500 - train 0.246604 - val 0.225640
Epoch 554/1500 - train 0.246480 - val 0.226450
Epoch 555/1500 - train 0.246489 - val 0.225595
Epoch 556/1500 - train 0.245933 - val 0.225005
Epoch 557/1500 - train 0.246173 - val 0.227198
Epoch 558/1500 - train 0.246087 - val 0.225700
Epoch 559/1500 - train 0.246525 - val 0.226784
Epoch 560/1500 - train 0.246140 - val 0.226193
Epoch 561/1500 - train 0.245988 - val 0.225523
Epoch 562/1500 - train 0.246223 - val 0.226806
Epoch 563/1500 - train 0.246022 - val 0.225418
Epoch 564/1500 - train 0.245829 - val 0.225334
Epoch 565/1500 - train 0.245871 - val 0.225807
Epoch 566/1500 - train 0.245942 - val 0.225426
Epoch 567/1500 - train 0.246127 - val 0.227320
Epoch 568/1500 - train 0.246324 - val 0.226171
Epoch 569/1500 - train 0.245785 - val 0.226831
Epoch 570/1500 - train 0.246322 - val 0.225701
Epoch 571/1500 - train 0.246328 - val 0.225803
Epoch 572/1500 - train 0.246279 - val 0.226616
Epoch 573/1500 - train 0.246155 - val 0.225472
Epoch 574/1500 - train 0.245864 - val 0.226432
Epoch 575/1500 - train 0.246306 - val 0.225920
Epoch 576/1500 - train 0.245957 - val 0.225426
Epoch 577/1500 - train 0.245411 - val 0.225619
Epoch 578/1500 - train 0.245579 - val 0.227658
Epoch 579/1500 - train 0.245744 - val 0.226549
Epoch 580/1500 - train 0.245500 - val 0.225575
Epoch 581/1500 - train 0.245594 - val 0.226069
Epoch 582/1500 - train 0.245490 - val 0.226079
Epoch 583/1500 - train 0.245696 - val 0.225960
Epoch 584/1500 - train 0.245611 - val 0.225698
Epoch 585/1500 - train 0.245645 - val 0.226932
Epoch 586/1500 - train 0.245784 - val 0.225829
Epoch 587/1500 - train 0.245827 - val 0.225527
Epoch 588/1500 - train 0.245340 - val 0.226254
Epoch 589/1500 - train 0.245572 - val 0.225793
Epoch 590/1500 - train 0.245520 - val 0.224455
Epoch 591/1500 - train 0.245437 - val 0.225658
Epoch 592/1500 - train 0.245484 - val 0.224603
Epoch 593/1500 - train 0.245424 - val 0.226996
Epoch 594/1500 - train 0.245871 - val 0.227327
Epoch 595/1500 - train 0.245281 - val 0.224288
Epoch 596/1500 - train 0.245201 - val 0.224691
Epoch 597/1500 - train 0.245232 - val 0.225998
Epoch 598/1500 - train 0.245230 - val 0.224662
Epoch 599/1500 - train 0.245122 - val 0.224786
Epoch 600/1500 - train 0.244880 - val 0.227258
Epoch 601/1500 - train 0.245429 - val 0.225929
Epoch 602/1500 - train 0.245487 - val 0.226270
Epoch 603/1500 - train 0.245045 - val 0.224520
Epoch 604/1500 - train 0.244594 - val 0.225975
Epoch 605/1500 - train 0.245085 - val 0.226181
Epoch 606/1500 - train 0.245101 - val 0.225777
Epoch 607/1500 - train 0.244934 - val 0.225093
Epoch 608/1500 - train 0.245268 - val 0.225654
Epoch 609/1500 - train 0.244831 - val 0.225155
Epoch 610/1500 - train 0.244729 - val 0.225661
Epoch 611/1500 - train 0.244402 - val 0.226024
Epoch 612/1500 - train 0.244329 - val 0.226541
Epoch 613/1500 - train 0.245389 - val 0.225379
Epoch 614/1500 - train 0.244399 - val 0.225314
Epoch 615/1500 - train 0.244846 - val 0.224877
Epoch 616/1500 - train 0.244451 - val 0.227519
Epoch 617/1500 - train 0.244697 - val 0.225237
Epoch 618/1500 - train 0.244450 - val 0.223782
Epoch 619/1500 - train 0.244342 - val 0.225967
Epoch 620/1500 - train 0.244968 - val 0.224906
Epoch 621/1500 - train 0.244352 - val 0.223769
Epoch 622/1500 - train 0.244255 - val 0.225401
Epoch 623/1500 - train 0.244904 - val 0.224059
Epoch 624/1500 - train 0.244702 - val 0.224720
Epoch 625/1500 - train 0.244369 - val 0.224119
Epoch 626/1500 - train 0.244382 - val 0.224622
Epoch 627/1500 - train 0.244775 - val 0.226980
Epoch 628/1500 - train 0.245321 - val 0.227199
Epoch 629/1500 - train 0.244187 - val 0.224040
Epoch 630/1500 - train 0.244067 - val 0.224415
Epoch 631/1500 - train 0.244567 - val 0.225427
Epoch 632/1500 - train 0.243842 - val 0.224051
Epoch 633/1500 - train 0.244448 - val 0.224299
Epoch 634/1500 - train 0.244124 - val 0.225137
Epoch 635/1500 - train 0.244436 - val 0.224030
Epoch 636/1500 - train 0.243602 - val 0.223579
Epoch 637/1500 - train 0.243768 - val 0.224312
Epoch 638/1500 - train 0.243967 - val 0.223832
Epoch 639/1500 - train 0.243515 - val 0.225225
Epoch 640/1500 - train 0.244189 - val 0.224334
Epoch 641/1500 - train 0.243306 - val 0.225068
Epoch 642/1500 - train 0.244183 - val 0.224869
Epoch 643/1500 - train 0.244359 - val 0.224322
Epoch 644/1500 - train 0.244064 - val 0.225302
Epoch 645/1500 - train 0.244194 - val 0.223873
Epoch 646/1500 - train 0.243523 - val 0.225258
Epoch 647/1500 - train 0.243487 - val 0.223951
Epoch 648/1500 - train 0.243593 - val 0.224266
Epoch 649/1500 - train 0.243617 - val 0.223630
Epoch 650/1500 - train 0.243519 - val 0.225280
Epoch 651/1500 - train 0.243854 - val 0.224265
Epoch 652/1500 - train 0.243954 - val 0.224975
Epoch 653/1500 - train 0.244402 - val 0.226639
Epoch 654/1500 - train 0.243867 - val 0.224470
Epoch 655/1500 - train 0.243034 - val 0.224812
Epoch 656/1500 - train 0.243844 - val 0.224490
Epoch 657/1500 - train 0.243585 - val 0.223837
Epoch 658/1500 - train 0.243312 - val 0.223690
Epoch 659/1500 - train 0.242931 - val 0.224975
Epoch 660/1500 - train 0.243100 - val 0.223654
Epoch 661/1500 - train 0.242954 - val 0.224915
Epoch 662/1500 - train 0.243285 - val 0.224004
Epoch 663/1500 - train 0.243246 - val 0.224459
Epoch 664/1500 - train 0.242863 - val 0.225514
Epoch 665/1500 - train 0.244024 - val 0.225276
Epoch 666/1500 - train 0.242734 - val 0.224516
Epoch 667/1500 - train 0.243457 - val 0.223765
Epoch 668/1500 - train 0.242950 - val 0.223831
Epoch 669/1500 - train 0.243047 - val 0.224183
Epoch 670/1500 - train 0.242985 - val 0.224139
Epoch 671/1500 - train 0.242953 - val 0.224167
Epoch 672/1500 - train 0.243846 - val 0.223933
Epoch 673/1500 - train 0.243156 - val 0.224350
Epoch 674/1500 - train 0.243135 - val 0.224471
Epoch 675/1500 - train 0.243707 - val 0.224654
Epoch 676/1500 - train 0.242951 - val 0.224311
Epoch 677/1500 - train 0.242826 - val 0.223202
Epoch 678/1500 - train 0.242272 - val 0.226885
Epoch 679/1500 - train 0.243222 - val 0.224768
Epoch 680/1500 - train 0.242618 - val 0.224975
Epoch 681/1500 - train 0.242863 - val 0.223799
Epoch 682/1500 - train 0.243159 - val 0.223406
Epoch 683/1500 - train 0.243284 - val 0.223056
Epoch 684/1500 - train 0.242434 - val 0.224294
Epoch 685/1500 - train 0.242689 - val 0.223544
Epoch 686/1500 - train 0.242391 - val 0.225071
Epoch 687/1500 - train 0.242854 - val 0.223841
Epoch 688/1500 - train 0.242420 - val 0.222757
Epoch 689/1500 - train 0.242263 - val 0.223651
Epoch 690/1500 - train 0.242154 - val 0.222756
Epoch 691/1500 - train 0.241874 - val 0.224735
Epoch 692/1500 - train 0.242830 - val 0.222917
Epoch 693/1500 - train 0.242190 - val 0.223603
Epoch 694/1500 - train 0.242593 - val 0.224114
Epoch 695/1500 - train 0.242534 - val 0.223469
Epoch 696/1500 - train 0.242393 - val 0.223624
Epoch 697/1500 - train 0.242517 - val 0.225757
Epoch 698/1500 - train 0.242976 - val 0.225159
Epoch 699/1500 - train 0.242578 - val 0.224047
Epoch 700/1500 - train 0.242106 - val 0.223721
Epoch 701/1500 - train 0.242595 - val 0.222575
Epoch 702/1500 - train 0.241963 - val 0.222935
Epoch 703/1500 - train 0.242201 - val 0.222732
Epoch 704/1500 - train 0.241730 - val 0.223330
Epoch 705/1500 - train 0.242179 - val 0.223996
Epoch 706/1500 - train 0.241897 - val 0.224373
Epoch 707/1500 - train 0.243106 - val 0.224238
Epoch 708/1500 - train 0.242436 - val 0.222923
Epoch 709/1500 - train 0.241648 - val 0.222704
Epoch 710/1500 - train 0.242256 - val 0.223210
Epoch 711/1500 - train 0.242329 - val 0.224904
Epoch 712/1500 - train 0.242073 - val 0.223432
Epoch 713/1500 - train 0.242504 - val 0.224399
Epoch 714/1500 - train 0.242594 - val 0.222926
Epoch 715/1500 - train 0.241978 - val 0.222993
Epoch 716/1500 - train 0.241990 - val 0.223989
Epoch 717/1500 - train 0.242274 - val 0.222888
Epoch 718/1500 - train 0.242059 - val 0.224510
Epoch 719/1500 - train 0.242206 - val 0.222776
Epoch 720/1500 - train 0.241673 - val 0.222492
Epoch 721/1500 - train 0.241661 - val 0.223910
Epoch 722/1500 - train 0.241399 - val 0.222049
Epoch 723/1500 - train 0.241726 - val 0.223863
Epoch 724/1500 - train 0.242232 - val 0.224354
Epoch 725/1500 - train 0.241640 - val 0.223650
Epoch 726/1500 - train 0.241465 - val 0.223472
Epoch 727/1500 - train 0.241823 - val 0.224026
Epoch 728/1500 - train 0.242260 - val 0.222487
Epoch 729/1500 - train 0.241518 - val 0.222659
Epoch 730/1500 - train 0.242200 - val 0.222826
Epoch 731/1500 - train 0.241459 - val 0.223120
Epoch 732/1500 - train 0.241765 - val 0.224870
Epoch 733/1500 - train 0.241821 - val 0.226474
Epoch 734/1500 - train 0.241999 - val 0.223114
Epoch 735/1500 - train 0.241145 - val 0.221739
Epoch 736/1500 - train 0.241450 - val 0.222325
Epoch 737/1500 - train 0.240684 - val 0.223436
Epoch 738/1500 - train 0.241280 - val 0.223405
Epoch 739/1500 - train 0.241343 - val 0.222795
Epoch 740/1500 - train 0.241063 - val 0.222392
Epoch 741/1500 - train 0.241194 - val 0.222539
Epoch 742/1500 - train 0.241211 - val 0.223859
Epoch 743/1500 - train 0.241198 - val 0.222934
Epoch 744/1500 - train 0.241438 - val 0.223603
Epoch 745/1500 - train 0.241447 - val 0.222876
Epoch 746/1500 - train 0.241536 - val 0.222635
Epoch 747/1500 - train 0.240985 - val 0.222822
Epoch 748/1500 - train 0.241422 - val 0.222249
Epoch 749/1500 - train 0.240711 - val 0.222822
Epoch 750/1500 - train 0.240825 - val 0.223052
Epoch 751/1500 - train 0.241627 - val 0.222654
Epoch 752/1500 - train 0.240895 - val 0.222461
Epoch 753/1500 - train 0.241141 - val 0.222609
Epoch 754/1500 - train 0.241429 - val 0.222726
Epoch 755/1500 - train 0.241619 - val 0.224450
Epoch 756/1500 - train 0.240971 - val 0.222043
Epoch 757/1500 - train 0.241130 - val 0.223575
Epoch 758/1500 - train 0.241018 - val 0.222248
Epoch 759/1500 - train 0.240970 - val 0.223559
Epoch 760/1500 - train 0.241911 - val 0.222773
Epoch 761/1500 - train 0.241161 - val 0.221542
Epoch 762/1500 - train 0.240733 - val 0.223337
Epoch 763/1500 - train 0.240653 - val 0.221991
Epoch 764/1500 - train 0.241058 - val 0.222877
Epoch 765/1500 - train 0.241180 - val 0.223025
Epoch 766/1500 - train 0.240336 - val 0.223809
Epoch 767/1500 - train 0.240638 - val 0.224182
Epoch 768/1500 - train 0.240770 - val 0.222132
Epoch 769/1500 - train 0.240658 - val 0.222969
Epoch 770/1500 - train 0.240971 - val 0.222967
Epoch 771/1500 - train 0.240701 - val 0.223311
Epoch 772/1500 - train 0.240998 - val 0.223272
Epoch 773/1500 - train 0.241360 - val 0.223408
Epoch 774/1500 - train 0.240975 - val 0.222617
Epoch 775/1500 - train 0.240532 - val 0.221546
Epoch 776/1500 - train 0.240441 - val 0.222256
Epoch 777/1500 - train 0.240252 - val 0.222501
Epoch 778/1500 - train 0.240494 - val 0.222494
Epoch 779/1500 - train 0.240262 - val 0.221953
Epoch 780/1500 - train 0.240735 - val 0.222100
Epoch 781/1500 - train 0.240399 - val 0.222090
Epoch 782/1500 - train 0.240394 - val 0.221948
Epoch 783/1500 - train 0.240807 - val 0.222161
Epoch 784/1500 - train 0.240487 - val 0.221704
Epoch 785/1500 - train 0.240114 - val 0.221104
Epoch 786/1500 - train 0.240566 - val 0.222495
Epoch 787/1500 - train 0.240276 - val 0.224542
Epoch 788/1500 - train 0.241169 - val 0.221808
Epoch 789/1500 - train 0.240342 - val 0.222810
Epoch 790/1500 - train 0.240612 - val 0.223395
Epoch 791/1500 - train 0.240703 - val 0.222361
Epoch 792/1500 - train 0.239992 - val 0.222683
Epoch 793/1500 - train 0.240131 - val 0.221470
Epoch 794/1500 - train 0.240062 - val 0.222064
Epoch 795/1500 - train 0.240577 - val 0.222874
Epoch 796/1500 - train 0.239909 - val 0.222199
Epoch 797/1500 - train 0.239797 - val 0.222433
Epoch 798/1500 - train 0.240165 - val 0.224087
Epoch 799/1500 - train 0.240524 - val 0.221295
Epoch 800/1500 - train 0.240352 - val 0.223838
Epoch 801/1500 - train 0.240345 - val 0.221825
Epoch 802/1500 - train 0.240080 - val 0.222405
Epoch 803/1500 - train 0.240441 - val 0.221103
Epoch 804/1500 - train 0.239385 - val 0.222021
Epoch 805/1500 - train 0.240174 - val 0.222347
Epoch 806/1500 - train 0.239812 - val 0.221687
Epoch 807/1500 - train 0.240188 - val 0.222858
Epoch 808/1500 - train 0.240309 - val 0.221212
Epoch 809/1500 - train 0.239655 - val 0.220928
Epoch 810/1500 - train 0.239538 - val 0.221067
Epoch 811/1500 - train 0.239914 - val 0.223653
Epoch 812/1500 - train 0.240128 - val 0.222521
Epoch 813/1500 - train 0.239991 - val 0.223441
Epoch 814/1500 - train 0.240364 - val 0.221448
Epoch 815/1500 - train 0.239698 - val 0.222105
Epoch 816/1500 - train 0.239616 - val 0.222075
Epoch 817/1500 - train 0.240265 - val 0.221270
Epoch 818/1500 - train 0.240194 - val 0.222267
Epoch 819/1500 - train 0.239911 - val 0.221932
Epoch 820/1500 - train 0.239681 - val 0.222016
Epoch 821/1500 - train 0.239917 - val 0.221798
Epoch 822/1500 - train 0.239749 - val 0.221256
Epoch 823/1500 - train 0.240143 - val 0.222269
Epoch 824/1500 - train 0.239784 - val 0.224476
Epoch 825/1500 - train 0.239961 - val 0.223111
Epoch 826/1500 - train 0.239975 - val 0.223080
Epoch 827/1500 - train 0.239860 - val 0.222234
Epoch 828/1500 - train 0.239575 - val 0.222128
Epoch 829/1500 - train 0.239456 - val 0.222534
Epoch 830/1500 - train 0.240050 - val 0.221974
Epoch 831/1500 - train 0.239275 - val 0.220740
Epoch 832/1500 - train 0.239947 - val 0.222355
Epoch 833/1500 - train 0.239223 - val 0.221345
Epoch 834/1500 - train 0.239611 - val 0.222637
Epoch 835/1500 - train 0.240013 - val 0.222918
Epoch 836/1500 - train 0.240082 - val 0.221886
Epoch 837/1500 - train 0.239494 - val 0.221853
Epoch 838/1500 - train 0.239710 - val 0.222771
Epoch 839/1500 - train 0.239407 - val 0.221671
Epoch 840/1500 - train 0.239705 - val 0.222418
Epoch 841/1500 - train 0.239733 - val 0.222467
Epoch 842/1500 - train 0.239447 - val 0.221250
Epoch 843/1500 - train 0.239208 - val 0.220254
Epoch 844/1500 - train 0.239413 - val 0.221795
Epoch 845/1500 - train 0.239242 - val 0.221057
Epoch 846/1500 - train 0.239217 - val 0.221640
Epoch 847/1500 - train 0.239519 - val 0.221923
Epoch 848/1500 - train 0.239143 - val 0.220380
Epoch 849/1500 - train 0.238976 - val 0.221088
Epoch 850/1500 - train 0.239103 - val 0.223021
Epoch 851/1500 - train 0.239605 - val 0.221983
Epoch 852/1500 - train 0.239521 - val 0.221491
Epoch 853/1500 - train 0.239436 - val 0.221952
Epoch 854/1500 - train 0.239412 - val 0.221781
Epoch 855/1500 - train 0.238934 - val 0.221661
Epoch 856/1500 - train 0.238997 - val 0.221406
Epoch 857/1500 - train 0.239188 - val 0.223114
Epoch 858/1500 - train 0.239886 - val 0.221010
Epoch 859/1500 - train 0.238869 - val 0.222572
Epoch 860/1500 - train 0.239414 - val 0.222142
Epoch 861/1500 - train 0.239106 - val 0.221619
Epoch 862/1500 - train 0.239151 - val 0.221382
Epoch 863/1500 - train 0.239693 - val 0.220827
Epoch 864/1500 - train 0.238783 - val 0.221053
Epoch 865/1500 - train 0.239080 - val 0.221605
Epoch 866/1500 - train 0.238754 - val 0.223279
Epoch 867/1500 - train 0.239072 - val 0.221216
Epoch 868/1500 - train 0.238776 - val 0.222609
Epoch 869/1500 - train 0.239193 - val 0.220185
Epoch 870/1500 - train 0.238598 - val 0.221621
Epoch 871/1500 - train 0.238728 - val 0.220875
Epoch 872/1500 - train 0.238665 - val 0.222149
Epoch 873/1500 - train 0.239090 - val 0.220710
Epoch 874/1500 - train 0.238350 - val 0.221313
Epoch 875/1500 - train 0.238407 - val 0.222180
Epoch 876/1500 - train 0.239249 - val 0.221867
Epoch 877/1500 - train 0.238227 - val 0.221998
Epoch 878/1500 - train 0.238964 - val 0.220949
Epoch 879/1500 - train 0.238808 - val 0.222353
Epoch 880/1500 - train 0.239082 - val 0.222252
Epoch 881/1500 - train 0.238780 - val 0.221519
Epoch 882/1500 - train 0.238580 - val 0.221529
Epoch 883/1500 - train 0.238725 - val 0.220980
Epoch 884/1500 - train 0.238395 - val 0.222460
Epoch 885/1500 - train 0.239024 - val 0.221572
Epoch 886/1500 - train 0.238813 - val 0.221169
Epoch 887/1500 - train 0.238281 - val 0.220909
Epoch 888/1500 - train 0.238811 - val 0.221099
Epoch 889/1500 - train 0.238429 - val 0.220949
Epoch 890/1500 - train 0.238268 - val 0.220901
Epoch 891/1500 - train 0.238050 - val 0.221452
Epoch 892/1500 - train 0.238465 - val 0.221647
Epoch 893/1500 - train 0.238581 - val 0.221450
Epoch 894/1500 - train 0.238824 - val 0.222991
Epoch 895/1500 - train 0.238779 - val 0.220453
Epoch 896/1500 - train 0.238301 - val 0.221320
Epoch 897/1500 - train 0.238447 - val 0.225094
Epoch 898/1500 - train 0.239124 - val 0.220512
Epoch 899/1500 - train 0.238446 - val 0.221174
Epoch 900/1500 - train 0.238686 - val 0.220866
Epoch 901/1500 - train 0.238361 - val 0.220727
Epoch 902/1500 - train 0.238199 - val 0.220365
Epoch 903/1500 - train 0.238029 - val 0.220761
Epoch 904/1500 - train 0.238210 - val 0.220445
Epoch 905/1500 - train 0.238170 - val 0.220594
Epoch 906/1500 - train 0.238266 - val 0.221995
Epoch 907/1500 - train 0.238542 - val 0.220352
Epoch 908/1500 - train 0.238098 - val 0.221724
Epoch 909/1500 - train 0.238584 - val 0.221240
Epoch 910/1500 - train 0.238964 - val 0.220893
Epoch 911/1500 - train 0.238320 - val 0.220779
Epoch 912/1500 - train 0.238039 - val 0.220601
Epoch 913/1500 - train 0.238331 - val 0.221113
Epoch 914/1500 - train 0.238491 - val 0.222044
Epoch 915/1500 - train 0.238037 - val 0.220168
Epoch 916/1500 - train 0.237728 - val 0.221002
Epoch 917/1500 - train 0.238925 - val 0.221538
Epoch 918/1500 - train 0.237986 - val 0.219854
Epoch 919/1500 - train 0.238361 - val 0.220561
Epoch 920/1500 - train 0.237373 - val 0.219921
Epoch 921/1500 - train 0.238128 - val 0.221285
Epoch 922/1500 - train 0.237993 - val 0.220882
Epoch 923/1500 - train 0.237875 - val 0.221043
Epoch 924/1500 - train 0.238152 - val 0.221085
Epoch 925/1500 - train 0.238232 - val 0.220562
Epoch 926/1500 - train 0.237824 - val 0.221567
Epoch 927/1500 - train 0.238240 - val 0.222982
Epoch 928/1500 - train 0.238260 - val 0.222100
Epoch 929/1500 - train 0.238835 - val 0.220835
Epoch 930/1500 - train 0.237984 - val 0.220082
Epoch 931/1500 - train 0.237700 - val 0.220354
Epoch 932/1500 - train 0.238061 - val 0.221246
Epoch 933/1500 - train 0.238065 - val 0.220767
Epoch 934/1500 - train 0.237790 - val 0.221249
Epoch 935/1500 - train 0.237816 - val 0.219812
Epoch 936/1500 - train 0.237303 - val 0.221198
Epoch 937/1500 - train 0.237963 - val 0.221478
Epoch 938/1500 - train 0.237853 - val 0.220461
Epoch 939/1500 - train 0.237881 - val 0.222378
Epoch 940/1500 - train 0.237977 - val 0.222175
Epoch 941/1500 - train 0.238691 - val 0.223854
Epoch 942/1500 - train 0.238342 - val 0.220160
Epoch 943/1500 - train 0.237429 - val 0.220450
Epoch 944/1500 - train 0.237343 - val 0.221069
Epoch 945/1500 - train 0.238073 - val 0.220886
Epoch 946/1500 - train 0.237606 - val 0.220461
Epoch 947/1500 - train 0.238043 - val 0.220553
Epoch 948/1500 - train 0.237522 - val 0.219934
Epoch 949/1500 - train 0.237750 - val 0.221878
Epoch 950/1500 - train 0.237879 - val 0.221224
Epoch 951/1500 - train 0.237791 - val 0.221021
Epoch 952/1500 - train 0.237554 - val 0.221172
Epoch 953/1500 - train 0.237541 - val 0.219759
Epoch 954/1500 - train 0.237325 - val 0.220644
Epoch 955/1500 - train 0.236925 - val 0.222408
Epoch 956/1500 - train 0.237687 - val 0.221187
Epoch 957/1500 - train 0.237205 - val 0.220997
Epoch 958/1500 - train 0.237556 - val 0.220614
Epoch 959/1500 - train 0.237735 - val 0.220450
Epoch 960/1500 - train 0.237270 - val 0.222115
Epoch 961/1500 - train 0.237410 - val 0.220397
Epoch 962/1500 - train 0.237241 - val 0.220999
Epoch 963/1500 - train 0.237136 - val 0.219873
Epoch 964/1500 - train 0.237080 - val 0.220669
Epoch 965/1500 - train 0.237003 - val 0.221125
Epoch 966/1500 - train 0.237395 - val 0.219979
Epoch 967/1500 - train 0.237553 - val 0.220073
Epoch 968/1500 - train 0.237016 - val 0.219726
Epoch 969/1500 - train 0.237086 - val 0.220951
Epoch 970/1500 - train 0.237332 - val 0.220235
Epoch 971/1500 - train 0.236604 - val 0.221517
Epoch 972/1500 - train 0.237043 - val 0.220389
Epoch 973/1500 - train 0.237064 - val 0.220572
Epoch 974/1500 - train 0.237312 - val 0.221352
Epoch 975/1500 - train 0.237138 - val 0.221395
Epoch 976/1500 - train 0.237959 - val 0.220423
Epoch 977/1500 - train 0.237503 - val 0.219653
Epoch 978/1500 - train 0.236935 - val 0.222256
Epoch 979/1500 - train 0.237042 - val 0.220558
Epoch 980/1500 - train 0.237490 - val 0.220161
Epoch 981/1500 - train 0.236869 - val 0.220565
Epoch 982/1500 - train 0.236910 - val 0.221597
Epoch 983/1500 - train 0.237647 - val 0.219919
Epoch 984/1500 - train 0.237258 - val 0.221025
Epoch 985/1500 - train 0.237972 - val 0.219825
Epoch 986/1500 - train 0.236982 - val 0.220545
Epoch 987/1500 - train 0.237053 - val 0.223682
Epoch 988/1500 - train 0.237292 - val 0.220272
Epoch 989/1500 - train 0.236632 - val 0.220367
Epoch 990/1500 - train 0.236877 - val 0.219661
Epoch 991/1500 - train 0.236923 - val 0.219815
Epoch 992/1500 - train 0.237146 - val 0.220446
Epoch 993/1500 - train 0.237078 - val 0.219998
Epoch 994/1500 - train 0.237004 - val 0.221272
Epoch 995/1500 - train 0.237190 - val 0.220188
Epoch 996/1500 - train 0.237213 - val 0.220962
Epoch 997/1500 - train 0.237046 - val 0.220308
Epoch 998/1500 - train 0.236592 - val 0.223090
Epoch 999/1500 - train 0.237454 - val 0.220834
Epoch 1000/1500 - train 0.236979 - val 0.221567
Epoch 1001/1500 - train 0.236273 - val 0.220258
Epoch 1002/1500 - train 0.236850 - val 0.220543
Epoch 1003/1500 - train 0.236791 - val 0.221724
Epoch 1004/1500 - train 0.236707 - val 0.220949
Epoch 1005/1500 - train 0.236961 - val 0.219735
Epoch 1006/1500 - train 0.236675 - val 0.220065
Epoch 1007/1500 - train 0.236280 - val 0.222417
Epoch 1008/1500 - train 0.236998 - val 0.220029
Epoch 1009/1500 - train 0.236554 - val 0.221195
Epoch 1010/1500 - train 0.236802 - val 0.220425
Epoch 1011/1500 - train 0.236377 - val 0.221317
Epoch 1012/1500 - train 0.236779 - val 0.220722
Epoch 1013/1500 - train 0.236862 - val 0.221423
Epoch 1014/1500 - train 0.237692 - val 0.219864
Epoch 1015/1500 - train 0.236685 - val 0.219591
Epoch 1016/1500 - train 0.236612 - val 0.219698
Epoch 1017/1500 - train 0.236615 - val 0.219702
Epoch 1018/1500 - train 0.236726 - val 0.221349
Epoch 1019/1500 - train 0.236771 - val 0.219999
Epoch 1020/1500 - train 0.237098 - val 0.221591
Epoch 1021/1500 - train 0.236702 - val 0.220114
Epoch 1022/1500 - train 0.236314 - val 0.219645
Epoch 1023/1500 - train 0.236618 - val 0.221363
Epoch 1024/1500 - train 0.236616 - val 0.220479
Epoch 1025/1500 - train 0.236468 - val 0.222419
Epoch 1026/1500 - train 0.237485 - val 0.220781
Epoch 1027/1500 - train 0.236689 - val 0.220734
Epoch 1028/1500 - train 0.236464 - val 0.220040
Epoch 1029/1500 - train 0.236271 - val 0.219824
Epoch 1030/1500 - train 0.236488 - val 0.219605
Epoch 1031/1500 - train 0.236533 - val 0.220118
Epoch 1032/1500 - train 0.236518 - val 0.219926
Epoch 1033/1500 - train 0.236248 - val 0.221962
Epoch 1034/1500 - train 0.236499 - val 0.221199
Epoch 1035/1500 - train 0.236346 - val 0.219828
Epoch 1036/1500 - train 0.236306 - val 0.221278
Epoch 1037/1500 - train 0.237029 - val 0.219952
Epoch 1038/1500 - train 0.236224 - val 0.220466
Epoch 1039/1500 - train 0.236307 - val 0.220188
Epoch 1040/1500 - train 0.236485 - val 0.220121
Epoch 1041/1500 - train 0.236041 - val 0.220176
Epoch 1042/1500 - train 0.236018 - val 0.220328
Epoch 1043/1500 - train 0.236275 - val 0.219954
Epoch 1044/1500 - train 0.236227 - val 0.221051
Epoch 1045/1500 - train 0.236290 - val 0.220686
Epoch 1046/1500 - train 0.236742 - val 0.219961
Epoch 1047/1500 - train 0.235871 - val 0.220402
Epoch 1048/1500 - train 0.236006 - val 0.221103
Epoch 1049/1500 - train 0.236503 - val 0.219956
Epoch 1050/1500 - train 0.235922 - val 0.220892
Epoch 1051/1500 - train 0.236024 - val 0.220690
Epoch 1052/1500 - train 0.236066 - val 0.221632
Epoch 1053/1500 - train 0.235949 - val 0.220517
Epoch 1054/1500 - train 0.236729 - val 0.223192
Epoch 1055/1500 - train 0.236692 - val 0.220740
Epoch 1056/1500 - train 0.236097 - val 0.220665
Epoch 1057/1500 - train 0.236005 - val 0.220864
Epoch 1058/1500 - train 0.236128 - val 0.221278
Epoch 1059/1500 - train 0.235816 - val 0.220902
Epoch 1060/1500 - train 0.236389 - val 0.221005
Epoch 1061/1500 - train 0.236056 - val 0.219821
Epoch 1062/1500 - train 0.236081 - val 0.220063
Epoch 1063/1500 - train 0.235622 - val 0.220061
Epoch 1064/1500 - train 0.235531 - val 0.220149
Epoch 1065/1500 - train 0.235879 - val 0.221062
Epoch 1066/1500 - train 0.236353 - val 0.220202
Epoch 1067/1500 - train 0.235545 - val 0.220040
Epoch 1068/1500 - train 0.235964 - val 0.221181
Epoch 1069/1500 - train 0.236294 - val 0.220182
Epoch 1070/1500 - train 0.235862 - val 0.220195
Epoch 1071/1500 - train 0.235263 - val 0.220448
Epoch 1072/1500 - train 0.235671 - val 0.220589
Epoch 1073/1500 - train 0.235984 - val 0.220481
Epoch 1074/1500 - train 0.235708 - val 0.220158
Epoch 1075/1500 - train 0.235515 - val 0.221017
Epoch 1076/1500 - train 0.235717 - val 0.220879
Epoch 1077/1500 - train 0.235657 - val 0.219137
Epoch 1078/1500 - train 0.235700 - val 0.219875
Epoch 1079/1500 - train 0.235844 - val 0.221109
Epoch 1080/1500 - train 0.236317 - val 0.219833
Epoch 1081/1500 - train 0.236101 - val 0.222611
Epoch 1082/1500 - train 0.235732 - val 0.220938
Epoch 1083/1500 - train 0.235359 - val 0.220071
Epoch 1084/1500 - train 0.235779 - val 0.220350
Epoch 1085/1500 - train 0.235168 - val 0.220922
Epoch 1086/1500 - train 0.236231 - val 0.221188
Epoch 1087/1500 - train 0.235362 - val 0.220230
Epoch 1088/1500 - train 0.235483 - val 0.219989
Epoch 1089/1500 - train 0.235808 - val 0.220852
Epoch 1090/1500 - train 0.235553 - val 0.220730
Epoch 1091/1500 - train 0.235460 - val 0.220434
Epoch 1092/1500 - train 0.235856 - val 0.222623
Epoch 1093/1500 - train 0.235605 - val 0.220142
Epoch 1094/1500 - train 0.235428 - val 0.220224
Epoch 1095/1500 - train 0.235193 - val 0.221896
Epoch 1096/1500 - train 0.236051 - val 0.220897
Epoch 1097/1500 - train 0.235704 - val 0.221877
Epoch 1098/1500 - train 0.235582 - val 0.220538
Epoch 1099/1500 - train 0.235383 - val 0.221825
Epoch 1100/1500 - train 0.235749 - val 0.221048
Epoch 1101/1500 - train 0.235754 - val 0.220569
Epoch 1102/1500 - train 0.235116 - val 0.220332
Epoch 1103/1500 - train 0.235746 - val 0.220028
Epoch 1104/1500 - train 0.235338 - val 0.220300
Epoch 1105/1500 - train 0.235023 - val 0.221183
Epoch 1106/1500 - train 0.235530 - val 0.220381
Epoch 1107/1500 - train 0.234925 - val 0.221854
Epoch 1108/1500 - train 0.235941 - val 0.221177
Epoch 1109/1500 - train 0.235093 - val 0.219732
Epoch 1110/1500 - train 0.234715 - val 0.221159
Epoch 1111/1500 - train 0.235717 - val 0.221801
Epoch 1112/1500 - train 0.235633 - val 0.220114
Epoch 1113/1500 - train 0.235138 - val 0.221179
Epoch 1114/1500 - train 0.235325 - val 0.220748
Epoch 1115/1500 - train 0.235396 - val 0.220237
Epoch 1116/1500 - train 0.234582 - val 0.221940
Epoch 1117/1500 - train 0.234831 - val 0.221111
Epoch 1118/1500 - train 0.235148 - val 0.220247
Epoch 1119/1500 - train 0.235032 - val 0.220419
Epoch 1120/1500 - train 0.234523 - val 0.220190
Epoch 1121/1500 - train 0.234460 - val 0.219762
Epoch 1122/1500 - train 0.234738 - val 0.220340
Epoch 1123/1500 - train 0.235277 - val 0.221239
Epoch 1124/1500 - train 0.235390 - val 0.219520
Epoch 1125/1500 - train 0.235061 - val 0.220625
Epoch 1126/1500 - train 0.234961 - val 0.222199
Epoch 1127/1500 - train 0.235174 - val 0.221409
Epoch 1128/1500 - train 0.235050 - val 0.220347
Epoch 1129/1500 - train 0.235313 - val 0.220481
Epoch 1130/1500 - train 0.234922 - val 0.220726
Epoch 1131/1500 - train 0.234900 - val 0.221530
Epoch 1132/1500 - train 0.234637 - val 0.221051
Epoch 1133/1500 - train 0.235566 - val 0.220197
Epoch 1134/1500 - train 0.235180 - val 0.220190
Epoch 1135/1500 - train 0.234727 - val 0.220545
Epoch 1136/1500 - train 0.234901 - val 0.220405
Epoch 1137/1500 - train 0.235710 - val 0.221399
Epoch 1138/1500 - train 0.235160 - val 0.221031
Epoch 1139/1500 - train 0.235028 - val 0.220461
Epoch 1140/1500 - train 0.235189 - val 0.220010
Epoch 1141/1500 - train 0.234608 - val 0.220705
Epoch 1142/1500 - train 0.234947 - val 0.220648
Epoch 1143/1500 - train 0.234997 - val 0.220163
Epoch 1144/1500 - train 0.234751 - val 0.220197
Epoch 1145/1500 - train 0.235161 - val 0.220902
Epoch 1146/1500 - train 0.235060 - val 0.220915
Epoch 1147/1500 - train 0.234579 - val 0.220456
Epoch 1148/1500 - train 0.234830 - val 0.220432
Epoch 1149/1500 - train 0.234440 - val 0.222057
Epoch 1150/1500 - train 0.235346 - val 0.221520
Epoch 1151/1500 - train 0.234869 - val 0.220221
Epoch 1152/1500 - train 0.234159 - val 0.220896
Epoch 1153/1500 - train 0.235522 - val 0.222409
Epoch 1154/1500 - train 0.234670 - val 0.221715
Epoch 1155/1500 - train 0.235497 - val 0.219924
Epoch 1156/1500 - train 0.234575 - val 0.220248
Epoch 1157/1500 - train 0.234293 - val 0.220246
Epoch 1158/1500 - train 0.234462 - val 0.220839
Epoch 1159/1500 - train 0.234339 - val 0.220255
Epoch 1160/1500 - train 0.234676 - val 0.220372
Epoch 1161/1500 - train 0.234576 - val 0.220459
Epoch 1162/1500 - train 0.234524 - val 0.220992
Epoch 1163/1500 - train 0.234196 - val 0.220613
Epoch 1164/1500 - train 0.234957 - val 0.220264
Epoch 1165/1500 - train 0.234825 - val 0.220922
Epoch 1166/1500 - train 0.234395 - val 0.222272
Epoch 1167/1500 - train 0.235237 - val 0.220385
Epoch 1168/1500 - train 0.233983 - val 0.221081
Epoch 1169/1500 - train 0.234069 - val 0.220235
Epoch 1170/1500 - train 0.234692 - val 0.221117
Epoch 1171/1500 - train 0.234834 - val 0.220805
Epoch 1172/1500 - train 0.234470 - val 0.221102
Epoch 1173/1500 - train 0.235231 - val 0.220609
Epoch 1174/1500 - train 0.234156 - val 0.220985
Epoch 1175/1500 - train 0.234249 - val 0.220530
Epoch 1176/1500 - train 0.234322 - val 0.221995
Epoch 1177/1500 - train 0.235049 - val 0.220457
Epoch 1178/1500 - train 0.234803 - val 0.221082
Epoch 1179/1500 - train 0.235149 - val 0.221046
Epoch 1180/1500 - train 0.234143 - val 0.220471
Epoch 1181/1500 - train 0.234456 - val 0.221103
Epoch 1182/1500 - train 0.234730 - val 0.222030
Epoch 1183/1500 - train 0.234740 - val 0.220604
Epoch 1184/1500 - train 0.234277 - val 0.221115
Epoch 1185/1500 - train 0.234367 - val 0.221646
Epoch 1186/1500 - train 0.233740 - val 0.221310
Epoch 1187/1500 - train 0.233913 - val 0.221170
Epoch 1188/1500 - train 0.234741 - val 0.221087
Epoch 1189/1500 - train 0.234363 - val 0.220718
Epoch 1190/1500 - train 0.234294 - val 0.221004
Epoch 1191/1500 - train 0.234389 - val 0.221070
Epoch 1192/1500 - train 0.234355 - val 0.221583
Epoch 1193/1500 - train 0.234866 - val 0.220636
Epoch 1194/1500 - train 0.234218 - val 0.220450
Epoch 1195/1500 - train 0.234132 - val 0.221540
Epoch 1196/1500 - train 0.234262 - val 0.220796
Epoch 1197/1500 - train 0.234118 - val 0.220717
Epoch 1198/1500 - train 0.233833 - val 0.219777
Epoch 1199/1500 - train 0.233880 - val 0.220337
Epoch 1200/1500 - train 0.234144 - val 0.220910
Epoch 1201/1500 - train 0.234245 - val 0.221035
Epoch 1202/1500 - train 0.233897 - val 0.221570
Epoch 1203/1500 - train 0.234569 - val 0.220356
Epoch 1204/1500 - train 0.233969 - val 0.220875
Epoch 1205/1500 - train 0.234206 - val 0.220961
Epoch 1206/1500 - train 0.233572 - val 0.221045
Epoch 1207/1500 - train 0.233895 - val 0.221083
Epoch 1208/1500 - train 0.234207 - val 0.220899
Epoch 1209/1500 - train 0.234309 - val 0.222086
Epoch 1210/1500 - train 0.234483 - val 0.222413
Epoch 1211/1500 - train 0.234771 - val 0.221805
Epoch 1212/1500 - train 0.234081 - val 0.221470
Epoch 1213/1500 - train 0.233752 - val 0.221118
Epoch 1214/1500 - train 0.233902 - val 0.221966
Epoch 1215/1500 - train 0.234476 - val 0.221553
Epoch 1216/1500 - train 0.234535 - val 0.221240
Epoch 1217/1500 - train 0.234042 - val 0.221646
Epoch 1218/1500 - train 0.234141 - val 0.221006
Epoch 1219/1500 - train 0.233695 - val 0.221645
Epoch 1220/1500 - train 0.233742 - val 0.221442
Epoch 1221/1500 - train 0.234140 - val 0.221006
Epoch 1222/1500 - train 0.234293 - val 0.220457
Epoch 1223/1500 - train 0.234161 - val 0.220885
Epoch 1224/1500 - train 0.233985 - val 0.221412
Epoch 1225/1500 - train 0.233686 - val 0.220322
Epoch 1226/1500 - train 0.233523 - val 0.221058
Epoch 1227/1500 - train 0.233736 - val 0.221080
Epoch 1228/1500 - train 0.234040 - val 0.223186
Epoch 1229/1500 - train 0.234690 - val 0.220453
Epoch 1230/1500 - train 0.233496 - val 0.220420
Epoch 1231/1500 - train 0.233820 - val 0.220781
Epoch 1232/1500 - train 0.234098 - val 0.221031
Epoch 1233/1500 - train 0.233636 - val 0.220796
Epoch 1234/1500 - train 0.233528 - val 0.220979
Epoch 1235/1500 - train 0.233775 - val 0.222261
Epoch 1236/1500 - train 0.233778 - val 0.221878
Epoch 1237/1500 - train 0.233853 - val 0.221202
Epoch 1238/1500 - train 0.233943 - val 0.222536
Epoch 1239/1500 - train 0.233451 - val 0.220836
Epoch 1240/1500 - train 0.233573 - val 0.220455
Epoch 1241/1500 - train 0.233341 - val 0.220877
Epoch 1242/1500 - train 0.234028 - val 0.221023
Epoch 1243/1500 - train 0.233459 - val 0.221899
Epoch 1244/1500 - train 0.233557 - val 0.220728
Epoch 1245/1500 - train 0.233027 - val 0.220696
Epoch 1246/1500 - train 0.233577 - val 0.220637
Epoch 1247/1500 - train 0.233942 - val 0.220696
Epoch 1248/1500 - train 0.233373 - val 0.221909
Epoch 1249/1500 - train 0.233913 - val 0.221397
Epoch 1250/1500 - train 0.233761 - val 0.221579
Epoch 1251/1500 - train 0.232850 - val 0.221273
Epoch 1252/1500 - train 0.233859 - val 0.220848
Epoch 1253/1500 - train 0.233369 - val 0.221498
Epoch 1254/1500 - train 0.233145 - val 0.220451
Epoch 1255/1500 - train 0.233112 - val 0.221819
Epoch 1256/1500 - train 0.233547 - val 0.221435
Epoch 1257/1500 - train 0.232974 - val 0.222229
Epoch 1258/1500 - train 0.233589 - val 0.221088
Epoch 1259/1500 - train 0.233311 - val 0.220293
Epoch 1260/1500 - train 0.233119 - val 0.221218
Epoch 1261/1500 - train 0.232933 - val 0.220264
Epoch 1262/1500 - train 0.232954 - val 0.220951
Epoch 1263/1500 - train 0.232667 - val 0.221301
Epoch 1264/1500 - train 0.233120 - val 0.222476
Epoch 1265/1500 - train 0.233274 - val 0.221461
Epoch 1266/1500 - train 0.233013 - val 0.220956
Epoch 1267/1500 - train 0.232995 - val 0.221832
Epoch 1268/1500 - train 0.233539 - val 0.221332
Epoch 1269/1500 - train 0.233022 - val 0.220818
Epoch 1270/1500 - train 0.233175 - val 0.221318
Epoch 1271/1500 - train 0.233000 - val 0.221492
Epoch 1272/1500 - train 0.232833 - val 0.221628
Epoch 1273/1500 - train 0.233061 - val 0.223987
Epoch 1274/1500 - train 0.233361 - val 0.221286
Epoch 1275/1500 - train 0.233137 - val 0.221036
Epoch 1276/1500 - train 0.232926 - val 0.220880
Epoch 1277/1500 - train 0.232279 - val 0.222528
Epoch 1278/1500 - train 0.233087 - val 0.222355
Epoch 1279/1500 - train 0.233098 - val 0.222019
Epoch 1280/1500 - train 0.232645 - val 0.221234
Epoch 1281/1500 - train 0.232641 - val 0.220984
Epoch 1282/1500 - train 0.232906 - val 0.221529
Epoch 1283/1500 - train 0.232648 - val 0.221338
Epoch 1284/1500 - train 0.233227 - val 0.221747
Epoch 1285/1500 - train 0.233212 - val 0.221204
Epoch 1286/1500 - train 0.232562 - val 0.221044
Epoch 1287/1500 - train 0.232474 - val 0.221486
Epoch 1288/1500 - train 0.232898 - val 0.223124
Epoch 1289/1500 - train 0.232937 - val 0.221443
Epoch 1290/1500 - train 0.232969 - val 0.222461
Epoch 1291/1500 - train 0.233233 - val 0.221721
Epoch 1292/1500 - train 0.232546 - val 0.222229
Epoch 1293/1500 - train 0.232821 - val 0.222575
Epoch 1294/1500 - train 0.232532 - val 0.222053
Epoch 1295/1500 - train 0.233032 - val 0.221985
Epoch 1296/1500 - train 0.232650 - val 0.221422
Epoch 1297/1500 - train 0.233035 - val 0.221746
Epoch 1298/1500 - train 0.232369 - val 0.221427
Epoch 1299/1500 - train 0.232871 - val 0.221841
Epoch 1300/1500 - train 0.232807 - val 0.220991
Epoch 1301/1500 - train 0.232970 - val 0.221255
Epoch 1302/1500 - train 0.232673 - val 0.220829
Epoch 1303/1500 - train 0.232105 - val 0.222305
Epoch 1304/1500 - train 0.232850 - val 0.220824
Epoch 1305/1500 - train 0.232592 - val 0.222108
Epoch 1306/1500 - train 0.232778 - val 0.222125
Epoch 1307/1500 - train 0.232777 - val 0.221606
Epoch 1308/1500 - train 0.232779 - val 0.221546
Epoch 1309/1500 - train 0.232894 - val 0.220966
Epoch 1310/1500 - train 0.232230 - val 0.222288
Epoch 1311/1500 - train 0.232499 - val 0.222256
Epoch 1312/1500 - train 0.232644 - val 0.221757
Epoch 1313/1500 - train 0.232707 - val 0.221445
Epoch 1314/1500 - train 0.232284 - val 0.222716
Epoch 1315/1500 - train 0.232615 - val 0.221289
Epoch 1316/1500 - train 0.231891 - val 0.222969
Epoch 1317/1500 - train 0.232870 - val 0.221118
Epoch 1318/1500 - train 0.232232 - val 0.222490
Epoch 1319/1500 - train 0.232794 - val 0.222393
Epoch 1320/1500 - train 0.232211 - val 0.221697
Epoch 1321/1500 - train 0.232365 - val 0.222347
Epoch 1322/1500 - train 0.232250 - val 0.221407
Epoch 1323/1500 - train 0.232734 - val 0.222479
Epoch 1324/1500 - train 0.232625 - val 0.222649
Epoch 1325/1500 - train 0.232914 - val 0.222107
Epoch 1326/1500 - train 0.232510 - val 0.223905
Epoch 1327/1500 - train 0.232135 - val 0.223078
Epoch 1328/1500 - train 0.233199 - val 0.222567
Epoch 1329/1500 - train 0.232398 - val 0.222019
Epoch 1330/1500 - train 0.231589 - val 0.221278
Epoch 1331/1500 - train 0.231744 - val 0.222583
Epoch 1332/1500 - train 0.232717 - val 0.223837
Epoch 1333/1500 - train 0.233082 - val 0.222419
Epoch 1334/1500 - train 0.232479 - val 0.222118
Epoch 1335/1500 - train 0.232454 - val 0.221176
Epoch 1336/1500 - train 0.232247 - val 0.221881
Epoch 1337/1500 - train 0.232644 - val 0.222282
Epoch 1338/1500 - train 0.231634 - val 0.221875
Epoch 1339/1500 - train 0.232057 - val 0.222087
Epoch 1340/1500 - train 0.232137 - val 0.222065
Epoch 1341/1500 - train 0.232305 - val 0.221495
Epoch 1342/1500 - train 0.231981 - val 0.222029
Epoch 1343/1500 - train 0.232274 - val 0.222211
Epoch 1344/1500 - train 0.232530 - val 0.223238
Epoch 1345/1500 - train 0.232332 - val 0.221213
Epoch 1346/1500 - train 0.232309 - val 0.222161
Epoch 1347/1500 - train 0.231669 - val 0.223392
Epoch 1348/1500 - train 0.231859 - val 0.222640
Epoch 1349/1500 - train 0.232321 - val 0.222236
Epoch 1350/1500 - train 0.231593 - val 0.221633
Epoch 1351/1500 - train 0.232736 - val 0.222283
Epoch 1352/1500 - train 0.231273 - val 0.222320
Epoch 1353/1500 - train 0.231824 - val 0.222868
Epoch 1354/1500 - train 0.232443 - val 0.222496
Epoch 1355/1500 - train 0.232263 - val 0.222324
Epoch 1356/1500 - train 0.231508 - val 0.222624
Epoch 1357/1500 - train 0.231880 - val 0.222114
Epoch 1358/1500 - train 0.231811 - val 0.221918
Epoch 1359/1500 - train 0.231590 - val 0.221995
Epoch 1360/1500 - train 0.231792 - val 0.223198
Epoch 1361/1500 - train 0.232275 - val 0.223357
Epoch 1362/1500 - train 0.232621 - val 0.223241
Epoch 1363/1500 - train 0.231932 - val 0.223555
Epoch 1364/1500 - train 0.231822 - val 0.223421
Epoch 1365/1500 - train 0.232309 - val 0.223308
Epoch 1366/1500 - train 0.231589 - val 0.221942
Epoch 1367/1500 - train 0.231726 - val 0.222866
Epoch 1368/1500 - train 0.232350 - val 0.221511
Epoch 1369/1500 - train 0.231477 - val 0.222914
Epoch 1370/1500 - train 0.231579 - val 0.221929
Epoch 1371/1500 - train 0.231252 - val 0.222155
Epoch 1372/1500 - train 0.231974 - val 0.221204
Epoch 1373/1500 - train 0.230924 - val 0.222482
Epoch 1374/1500 - train 0.231840 - val 0.222286
Epoch 1375/1500 - train 0.231899 - val 0.222637
Epoch 1376/1500 - train 0.231373 - val 0.221782
Epoch 1377/1500 - train 0.231517 - val 0.222452
Epoch 1378/1500 - train 0.231411 - val 0.222857
Epoch 1379/1500 - train 0.231717 - val 0.222883
Epoch 1380/1500 - train 0.231346 - val 0.222719
Epoch 1381/1500 - train 0.231495 - val 0.223265
Epoch 1382/1500 - train 0.230967 - val 0.223157
Epoch 1383/1500 - train 0.231389 - val 0.222888
Epoch 1384/1500 - train 0.231586 - val 0.222746
Epoch 1385/1500 - train 0.231500 - val 0.222166
Epoch 1386/1500 - train 0.230997 - val 0.222370
Epoch 1387/1500 - train 0.231005 - val 0.223344
Epoch 1388/1500 - train 0.232083 - val 0.223382
Epoch 1389/1500 - train 0.231320 - val 0.222726
Epoch 1390/1500 - train 0.231100 - val 0.222637
Epoch 1391/1500 - train 0.231226 - val 0.222147
Epoch 1392/1500 - train 0.230862 - val 0.223294
Epoch 1393/1500 - train 0.231789 - val 0.222186
Epoch 1394/1500 - train 0.231334 - val 0.222632
Epoch 1395/1500 - train 0.230935 - val 0.222238
Epoch 1396/1500 - train 0.231352 - val 0.223429
Epoch 1397/1500 - train 0.231178 - val 0.222603
Epoch 1398/1500 - train 0.231255 - val 0.223717
Epoch 1399/1500 - train 0.231176 - val 0.224300
Epoch 1400/1500 - train 0.231838 - val 0.223179
Epoch 1401/1500 - train 0.231677 - val 0.222510
Epoch 1402/1500 - train 0.231845 - val 0.223141
Epoch 1403/1500 - train 0.230890 - val 0.222056
Epoch 1404/1500 - train 0.230554 - val 0.223386
Epoch 1405/1500 - train 0.231228 - val 0.223655
Epoch 1406/1500 - train 0.231064 - val 0.223008
Epoch 1407/1500 - train 0.230865 - val 0.224277
Epoch 1408/1500 - train 0.231592 - val 0.222808
Epoch 1409/1500 - train 0.231686 - val 0.224110
Epoch 1410/1500 - train 0.231324 - val 0.222423
Epoch 1411/1500 - train 0.230911 - val 0.223130
Epoch 1412/1500 - train 0.231121 - val 0.221987
Epoch 1413/1500 - train 0.230556 - val 0.222710
Epoch 1414/1500 - train 0.230558 - val 0.224235
Epoch 1415/1500 - train 0.230835 - val 0.223671
Epoch 1416/1500 - train 0.231175 - val 0.222637
Epoch 1417/1500 - train 0.231605 - val 0.223816
Epoch 1418/1500 - train 0.231134 - val 0.224421
Epoch 1419/1500 - train 0.230913 - val 0.222640
Epoch 1420/1500 - train 0.230470 - val 0.222985
Epoch 1421/1500 - train 0.230517 - val 0.224611
Epoch 1422/1500 - train 0.231280 - val 0.222779
Epoch 1423/1500 - train 0.230509 - val 0.222583
Epoch 1424/1500 - train 0.230628 - val 0.223279
Epoch 1425/1500 - train 0.230799 - val 0.223769
Epoch 1426/1500 - train 0.231114 - val 0.222931
Epoch 1427/1500 - train 0.230907 - val 0.224059
Epoch 1428/1500 - train 0.230978 - val 0.224816
Epoch 1429/1500 - train 0.231499 - val 0.223169
Epoch 1430/1500 - train 0.230993 - val 0.223055
Epoch 1431/1500 - train 0.231305 - val 0.222957
Epoch 1432/1500 - train 0.230627 - val 0.222135
Epoch 1433/1500 - train 0.230055 - val 0.223191
Epoch 1434/1500 - train 0.231371 - val 0.223365
Epoch 1435/1500 - train 0.231070 - val 0.223416
Epoch 1436/1500 - train 0.230553 - val 0.224397
Epoch 1437/1500 - train 0.231023 - val 0.222981
Epoch 1438/1500 - train 0.230503 - val 0.223211
Epoch 1439/1500 - train 0.231139 - val 0.223101
Epoch 1440/1500 - train 0.229954 - val 0.222842
Epoch 1441/1500 - train 0.230491 - val 0.223463
Epoch 1442/1500 - train 0.230439 - val 0.223625
Epoch 1443/1500 - train 0.230199 - val 0.224291
Epoch 1444/1500 - train 0.230781 - val 0.223076
Epoch 1445/1500 - train 0.229707 - val 0.223629
Epoch 1446/1500 - train 0.231085 - val 0.222821
Epoch 1447/1500 - train 0.231959 - val 0.223587
Epoch 1448/1500 - train 0.230564 - val 0.223320
Epoch 1449/1500 - train 0.229537 - val 0.223889
Epoch 1450/1500 - train 0.230601 - val 0.224711
Epoch 1451/1500 - train 0.230896 - val 0.223881
Epoch 1452/1500 - train 0.230198 - val 0.223936
Epoch 1453/1500 - train 0.230139 - val 0.223916
Epoch 1454/1500 - train 0.230217 - val 0.223918
Epoch 1455/1500 - train 0.230183 - val 0.223497
Epoch 1456/1500 - train 0.229859 - val 0.222956
Epoch 1457/1500 - train 0.230192 - val 0.224857
Epoch 1458/1500 - train 0.231232 - val 0.223622
Epoch 1459/1500 - train 0.229908 - val 0.223634
Epoch 1460/1500 - train 0.230575 - val 0.223985
Epoch 1461/1500 - train 0.230772 - val 0.224172
Epoch 1462/1500 - train 0.229896 - val 0.223850
Epoch 1463/1500 - train 0.230059 - val 0.225141
Epoch 1464/1500 - train 0.230359 - val 0.225419
Epoch 1465/1500 - train 0.231194 - val 0.224292
Epoch 1466/1500 - train 0.230175 - val 0.223470
Epoch 1467/1500 - train 0.230143 - val 0.224021
Epoch 1468/1500 - train 0.230656 - val 0.223961
Epoch 1469/1500 - train 0.230447 - val 0.223673
Epoch 1470/1500 - train 0.230066 - val 0.224885
Epoch 1471/1500 - train 0.230636 - val 0.224766
Epoch 1472/1500 - train 0.230737 - val 0.224743
Epoch 1473/1500 - train 0.230186 - val 0.226407
Epoch 1474/1500 - train 0.230749 - val 0.224067
Epoch 1475/1500 - train 0.229981 - val 0.224178
Epoch 1476/1500 - train 0.229168 - val 0.224601
Epoch 1477/1500 - train 0.230689 - val 0.223878
Epoch 1478/1500 - train 0.230444 - val 0.223807
Epoch 1479/1500 - train 0.229989 - val 0.224271
Epoch 1480/1500 - train 0.229570 - val 0.224439
Epoch 1481/1500 - train 0.230186 - val 0.223821
Epoch 1482/1500 - train 0.230129 - val 0.224216
Epoch 1483/1500 - train 0.230054 - val 0.224795
Epoch 1484/1500 - train 0.229736 - val 0.223595
Epoch 1485/1500 - train 0.229765 - val 0.223944
Epoch 1486/1500 - train 0.229628 - val 0.224077
Epoch 1487/1500 - train 0.229839 - val 0.224130
Epoch 1488/1500 - train 0.229811 - val 0.223526
Epoch 1489/1500 - train 0.229704 - val 0.224318
Epoch 1490/1500 - train 0.229691 - val 0.225231
Epoch 1491/1500 - train 0.230770 - val 0.223879
Epoch 1492/1500 - train 0.229765 - val 0.223027
Epoch 1493/1500 - train 0.229333 - val 0.224821
Epoch 1494/1500 - train 0.229868 - val 0.224233
Epoch 1495/1500 - train 0.229440 - val 0.224707
Epoch 1496/1500 - train 0.230074 - val 0.223572
Epoch 1497/1500 - train 0.229572 - val 0.224281
Epoch 1498/1500 - train 0.229465 - val 0.223225
Epoch 1499/1500 - train 0.230005 - val 0.224721
Epoch 1500/1500 - train 0.230429 - val 0.224705
Saved model to /scratch/network/ak9088/NASA-RL-Wavefront-Control/RL/jobs/20251224_231923/exp-fc1-zscore-ep1500-bs2048-lr1e-3-s42-h128-64-images-do0.1/fc1_best.pth
