y: [[-3.01948577e-01 -1.56999201e-01 -8.37100446e-02 ... -4.71909642e-02
   2.47504022e-02  4.47161568e-07]
 [ 2.74821997e-01 -1.02294907e-01 -5.63746214e-01 ... -4.59444225e-02
  -5.64354733e-02  4.47161568e-07]
 [ 5.95149398e-02  2.33263269e-01 -3.06408316e-01 ...  2.25831587e-02
  -1.20181506e-02  4.47161568e-07]
 ...
 [ 4.42554802e-01  3.15719873e-01  2.77699292e-01 ... -3.95034067e-02
  -1.14195935e-01  4.47161568e-07]
 [ 4.53366876e-01  1.46775022e-01  2.77601451e-01 ...  6.94388151e-03
  -6.98646232e-02  4.47161568e-07]
 [ 4.41307187e-01 -6.00950122e-01 -7.07667843e-02 ... -9.30655524e-02
   9.98187251e-03  4.47161568e-07]]
Dataset loaded: N=100000 (original 100000), C=3, H=28, W=28, y_dim=26
using device: cpu
Epoch 1/1500 - train 0.468290 - val 0.380875
Epoch 2/1500 - train 0.345196 - val 0.339204
Epoch 3/1500 - train 0.315522 - val 0.319602
Epoch 4/1500 - train 0.298334 - val 0.310262
Epoch 5/1500 - train 0.286675 - val 0.308616
Epoch 6/1500 - train 0.278480 - val 0.293150
Epoch 7/1500 - train 0.269842 - val 0.296525
Epoch 8/1500 - train 0.266564 - val 0.289002
Epoch 9/1500 - train 0.260734 - val 0.277296
Epoch 10/1500 - train 0.253098 - val 0.283852
Epoch 11/1500 - train 0.251594 - val 0.273692
Epoch 12/1500 - train 0.244809 - val 0.279820
Epoch 13/1500 - train 0.244770 - val 0.263294
Epoch 14/1500 - train 0.238482 - val 0.271723
Epoch 15/1500 - train 0.237584 - val 0.258496
Epoch 16/1500 - train 0.232730 - val 0.267392
Epoch 17/1500 - train 0.229424 - val 0.266767
Epoch 18/1500 - train 0.227810 - val 0.251889
Epoch 19/1500 - train 0.222118 - val 0.265333
Epoch 20/1500 - train 0.222692 - val 0.254857
Epoch 21/1500 - train 0.219238 - val 0.268811
Epoch 22/1500 - train 0.219601 - val 0.274833
Epoch 23/1500 - train 0.218712 - val 0.252676
Epoch 24/1500 - train 0.211218 - val 0.266341
Epoch 25/1500 - train 0.213341 - val 0.250790
Epoch 26/1500 - train 0.209537 - val 0.250698
Epoch 27/1500 - train 0.207562 - val 0.258160
Epoch 28/1500 - train 0.206282 - val 0.263895
Epoch 29/1500 - train 0.205008 - val 0.251179
Epoch 30/1500 - train 0.204590 - val 0.259035
Epoch 31/1500 - train 0.203429 - val 0.252279
Epoch 32/1500 - train 0.200376 - val 0.254798
Epoch 33/1500 - train 0.198939 - val 0.264915
Epoch 34/1500 - train 0.199623 - val 0.261982
Epoch 35/1500 - train 0.197766 - val 0.253789
Epoch 36/1500 - train 0.197079 - val 0.260981
Epoch 37/1500 - train 0.196059 - val 0.253442
Epoch 38/1500 - train 0.192828 - val 0.276043
Epoch 39/1500 - train 0.196928 - val 0.254260
Epoch 40/1500 - train 0.191285 - val 0.250101
Epoch 41/1500 - train 0.190443 - val 0.267842
Epoch 42/1500 - train 0.191472 - val 0.248923
Epoch 43/1500 - train 0.188059 - val 0.243929
Epoch 44/1500 - train 0.189285 - val 0.245352
Epoch 45/1500 - train 0.185787 - val 0.246776
Epoch 46/1500 - train 0.183270 - val 0.251480
Epoch 47/1500 - train 0.185625 - val 0.251253
Epoch 48/1500 - train 0.182680 - val 0.245646
Epoch 49/1500 - train 0.185624 - val 0.247964
Epoch 50/1500 - train 0.181905 - val 0.265892
Epoch 51/1500 - train 0.184389 - val 0.258088
Epoch 52/1500 - train 0.179093 - val 0.260953
Epoch 53/1500 - train 0.180049 - val 0.260629
Epoch 54/1500 - train 0.181139 - val 0.267120
Epoch 55/1500 - train 0.179763 - val 0.252951
Epoch 56/1500 - train 0.177557 - val 0.240118
Epoch 57/1500 - train 0.171325 - val 0.255164
Epoch 58/1500 - train 0.177230 - val 0.264821
Epoch 59/1500 - train 0.175854 - val 0.250806
Epoch 60/1500 - train 0.173120 - val 0.265717
Epoch 61/1500 - train 0.174442 - val 0.245158
Epoch 62/1500 - train 0.173655 - val 0.251624
Epoch 63/1500 - train 0.171439 - val 0.253433
Epoch 64/1500 - train 0.172201 - val 0.251445
Epoch 65/1500 - train 0.170959 - val 0.282513
Epoch 66/1500 - train 0.175332 - val 0.268217
Epoch 67/1500 - train 0.172696 - val 0.252067
Epoch 68/1500 - train 0.166505 - val 0.244552
Epoch 69/1500 - train 0.163188 - val 0.255136
Epoch 70/1500 - train 0.168747 - val 0.251459
Epoch 71/1500 - train 0.165272 - val 0.252794
Epoch 72/1500 - train 0.167731 - val 0.260577
Epoch 73/1500 - train 0.171460 - val 0.246526
Epoch 74/1500 - train 0.166171 - val 0.255018
Epoch 75/1500 - train 0.164987 - val 0.253735
Epoch 76/1500 - train 0.162215 - val 0.259251
Epoch 77/1500 - train 0.168343 - val 0.252992
Epoch 78/1500 - train 0.159856 - val 0.253233
Epoch 79/1500 - train 0.161172 - val 0.260596
Epoch 80/1500 - train 0.164992 - val 0.249335
Epoch 81/1500 - train 0.164847 - val 0.250444
Epoch 82/1500 - train 0.164091 - val 0.258845
Epoch 83/1500 - train 0.163739 - val 0.258812
Epoch 84/1500 - train 0.164007 - val 0.247205
Epoch 85/1500 - train 0.159921 - val 0.259885
Epoch 86/1500 - train 0.163872 - val 0.249477
Epoch 87/1500 - train 0.157863 - val 0.250573
Epoch 88/1500 - train 0.156920 - val 0.261123
Epoch 89/1500 - train 0.169256 - val 0.264145
Epoch 90/1500 - train 0.164448 - val 0.254429
Epoch 91/1500 - train 0.158394 - val 0.251532
Epoch 92/1500 - train 0.153386 - val 0.247531
Epoch 93/1500 - train 0.160665 - val 0.256783
Epoch 94/1500 - train 0.153962 - val 0.251766
Epoch 95/1500 - train 0.158924 - val 0.250225
Epoch 96/1500 - train 0.154982 - val 0.252822
Epoch 97/1500 - train 0.156952 - val 0.246628
Epoch 98/1500 - train 0.152673 - val 0.250642
Epoch 99/1500 - train 0.154322 - val 0.264173
Epoch 100/1500 - train 0.165942 - val 0.246724
Epoch 101/1500 - train 0.156905 - val 0.251437
Epoch 102/1500 - train 0.153589 - val 0.241883
Epoch 103/1500 - train 0.153375 - val 0.269709
Epoch 104/1500 - train 0.158694 - val 0.246586
Epoch 105/1500 - train 0.152864 - val 0.251164
Epoch 106/1500 - train 0.151798 - val 0.259814
Epoch 107/1500 - train 0.161704 - val 0.254203
Epoch 108/1500 - train 0.156062 - val 0.252902
Epoch 109/1500 - train 0.154923 - val 0.259264
Epoch 110/1500 - train 0.157258 - val 0.252079
Epoch 111/1500 - train 0.154618 - val 0.265226
Epoch 112/1500 - train 0.158646 - val 0.253095
Epoch 113/1500 - train 0.156169 - val 0.246556
Epoch 114/1500 - train 0.152609 - val 0.247361
Epoch 115/1500 - train 0.151273 - val 0.250143
Epoch 116/1500 - train 0.150277 - val 0.257133
Epoch 117/1500 - train 0.148728 - val 0.252619
Epoch 118/1500 - train 0.151117 - val 0.283660
Epoch 119/1500 - train 0.159334 - val 0.251390
Epoch 120/1500 - train 0.151084 - val 0.256632
Epoch 121/1500 - train 0.151603 - val 0.259467
Epoch 122/1500 - train 0.151893 - val 0.254446
Epoch 123/1500 - train 0.150846 - val 0.262612
Epoch 124/1500 - train 0.152556 - val 0.255576
Epoch 125/1500 - train 0.152739 - val 0.246551
Epoch 126/1500 - train 0.149645 - val 0.261579
Epoch 127/1500 - train 0.146586 - val 0.262909
Epoch 128/1500 - train 0.150675 - val 0.258782
Epoch 129/1500 - train 0.160671 - val 0.249511
Epoch 130/1500 - train 0.146707 - val 0.255138
Epoch 131/1500 - train 0.149212 - val 0.256833
Epoch 132/1500 - train 0.150760 - val 0.260439
Epoch 133/1500 - train 0.147330 - val 0.253672
Epoch 134/1500 - train 0.149652 - val 0.249030
Epoch 135/1500 - train 0.144732 - val 0.255809
Epoch 136/1500 - train 0.152325 - val 0.255325
Epoch 137/1500 - train 0.154779 - val 0.265450
Epoch 138/1500 - train 0.147843 - val 0.250759
Epoch 139/1500 - train 0.146733 - val 0.277598
Epoch 140/1500 - train 0.160112 - val 0.262374
Epoch 141/1500 - train 0.150844 - val 0.259310
Epoch 142/1500 - train 0.151149 - val 0.271938
Epoch 143/1500 - train 0.159087 - val 0.257196
Epoch 144/1500 - train 0.147836 - val 0.255389
Epoch 145/1500 - train 0.148977 - val 0.254979
Epoch 146/1500 - train 0.144832 - val 0.250202
Epoch 147/1500 - train 0.147013 - val 0.257099
Epoch 148/1500 - train 0.147702 - val 0.257530
Epoch 149/1500 - train 0.146084 - val 0.269879
Epoch 150/1500 - train 0.151894 - val 0.248359
Epoch 151/1500 - train 0.145337 - val 0.248518
Epoch 152/1500 - train 0.148705 - val 0.247627
Epoch 153/1500 - train 0.143165 - val 0.270314
Epoch 154/1500 - train 0.148535 - val 0.255020
Epoch 155/1500 - train 0.149744 - val 0.248585
Epoch 156/1500 - train 0.146808 - val 0.243015
Epoch 157/1500 - train 0.149371 - val 0.251130
Epoch 158/1500 - train 0.145809 - val 0.245629
Epoch 159/1500 - train 0.144002 - val 0.248219
Epoch 160/1500 - train 0.152822 - val 0.259963
Epoch 161/1500 - train 0.149095 - val 0.269388
Epoch 162/1500 - train 0.156749 - val 0.271114
Epoch 163/1500 - train 0.154461 - val 0.267190
Epoch 164/1500 - train 0.150869 - val 0.246102
Epoch 165/1500 - train 0.145045 - val 0.245400
Epoch 166/1500 - train 0.140218 - val 0.245198
Epoch 167/1500 - train 0.144848 - val 0.255909
Epoch 168/1500 - train 0.145374 - val 0.256357
Epoch 169/1500 - train 0.144836 - val 0.256500
Epoch 170/1500 - train 0.144574 - val 0.248782
Epoch 171/1500 - train 0.153625 - val 0.252256
Epoch 172/1500 - train 0.150776 - val 0.276599
Epoch 173/1500 - train 0.154362 - val 0.238522
Epoch 174/1500 - train 0.145325 - val 0.247758
Epoch 175/1500 - train 0.148241 - val 0.248864
Epoch 176/1500 - train 0.143749 - val 0.246567
Epoch 177/1500 - train 0.142733 - val 0.246369
Epoch 178/1500 - train 0.140195 - val 0.252745
Epoch 179/1500 - train 0.140237 - val 0.268346
Epoch 180/1500 - train 0.156850 - val 0.251259
Epoch 181/1500 - train 0.163316 - val 0.246880
Epoch 182/1500 - train 0.145124 - val 0.263430
Epoch 183/1500 - train 0.148171 - val 0.270693
Epoch 184/1500 - train 0.158415 - val 0.251526
Epoch 185/1500 - train 0.144922 - val 0.251319
Epoch 186/1500 - train 0.147169 - val 0.245016
Epoch 187/1500 - train 0.150081 - val 0.251905
Epoch 188/1500 - train 0.143633 - val 0.254541
Epoch 189/1500 - train 0.148850 - val 0.244844
Epoch 190/1500 - train 0.146145 - val 0.244294
Epoch 191/1500 - train 0.142489 - val 0.248192
Epoch 192/1500 - train 0.142952 - val 0.245709
Epoch 193/1500 - train 0.146801 - val 0.254179
Epoch 194/1500 - train 0.148726 - val 0.244808
Epoch 195/1500 - train 0.146254 - val 0.244524
Epoch 196/1500 - train 0.145064 - val 0.243669
Epoch 197/1500 - train 0.141521 - val 0.242628
Epoch 198/1500 - train 0.142613 - val 0.245572
Epoch 199/1500 - train 0.144778 - val 0.254950
Epoch 200/1500 - train 0.142352 - val 0.244136
Epoch 201/1500 - train 0.147925 - val 0.246232
Epoch 202/1500 - train 0.144205 - val 0.246020
Epoch 203/1500 - train 0.147359 - val 0.253655
Epoch 204/1500 - train 0.142892 - val 0.245627
Epoch 205/1500 - train 0.142761 - val 0.260377
Epoch 206/1500 - train 0.147779 - val 0.256620
Epoch 207/1500 - train 0.148433 - val 0.262409
Epoch 208/1500 - train 0.146857 - val 0.249758
Epoch 209/1500 - train 0.150174 - val 0.250821
Epoch 210/1500 - train 0.144259 - val 0.250382
Epoch 211/1500 - train 0.146444 - val 0.250425
Epoch 212/1500 - train 0.142006 - val 0.249341
Epoch 213/1500 - train 0.139319 - val 0.242727
Epoch 214/1500 - train 0.138827 - val 0.258545
Epoch 215/1500 - train 0.146723 - val 0.266044
Epoch 216/1500 - train 0.148196 - val 0.261262
Epoch 217/1500 - train 0.148695 - val 0.250583
Epoch 218/1500 - train 0.149401 - val 0.243767
Epoch 219/1500 - train 0.164238 - val 0.243782
Epoch 220/1500 - train 0.146341 - val 0.241474
Epoch 221/1500 - train 0.143879 - val 0.241238
Epoch 222/1500 - train 0.145164 - val 0.249161
Epoch 223/1500 - train 0.144435 - val 0.246351
Epoch 224/1500 - train 0.143335 - val 0.246036
Epoch 225/1500 - train 0.144714 - val 0.250434
Epoch 226/1500 - train 0.149482 - val 0.260280
Epoch 227/1500 - train 0.150267 - val 0.243203
Epoch 228/1500 - train 0.146858 - val 0.247121
Epoch 229/1500 - train 0.144708 - val 0.247401
Epoch 230/1500 - train 0.144210 - val 0.241393
Epoch 231/1500 - train 0.141842 - val 0.249101
Epoch 232/1500 - train 0.144026 - val 0.243049
Epoch 233/1500 - train 0.141057 - val 0.241936
Epoch 234/1500 - train 0.148157 - val 0.244479
Epoch 235/1500 - train 0.144210 - val 0.251096
Epoch 236/1500 - train 0.143758 - val 0.260007
Epoch 237/1500 - train 0.150178 - val 0.254414
Epoch 238/1500 - train 0.146194 - val 0.241343
Epoch 239/1500 - train 0.139551 - val 0.251357
Epoch 240/1500 - train 0.144809 - val 0.252439
Epoch 241/1500 - train 0.141375 - val 0.251711
Epoch 242/1500 - train 0.143937 - val 0.249599
Epoch 243/1500 - train 0.150587 - val 0.244403
Epoch 244/1500 - train 0.145312 - val 0.250253
Epoch 245/1500 - train 0.145762 - val 0.254810
Epoch 246/1500 - train 0.146417 - val 0.257490
Epoch 247/1500 - train 0.152510 - val 0.246534
Epoch 248/1500 - train 0.142797 - val 0.241406
Epoch 249/1500 - train 0.143208 - val 0.246535
Epoch 250/1500 - train 0.143432 - val 0.247100
Epoch 251/1500 - train 0.147341 - val 0.246649
Epoch 252/1500 - train 0.146747 - val 0.248910
Epoch 253/1500 - train 0.144613 - val 0.253604
Epoch 254/1500 - train 0.146681 - val 0.243039
Epoch 255/1500 - train 0.139642 - val 0.245250
Epoch 256/1500 - train 0.141925 - val 0.244697
Epoch 257/1500 - train 0.141521 - val 0.241638
Epoch 258/1500 - train 0.141039 - val 0.248791
Epoch 259/1500 - train 0.145081 - val 0.246318
Epoch 260/1500 - train 0.140161 - val 0.257632
Epoch 261/1500 - train 0.146834 - val 0.249069
Epoch 262/1500 - train 0.147140 - val 0.255231
Epoch 263/1500 - train 0.145817 - val 0.255385
Epoch 264/1500 - train 0.144683 - val 0.246545
Epoch 265/1500 - train 0.143631 - val 0.248734
Epoch 266/1500 - train 0.143317 - val 0.242713
Epoch 267/1500 - train 0.142282 - val 0.238892
Epoch 268/1500 - train 0.143627 - val 0.241941
Epoch 269/1500 - train 0.140193 - val 0.255253
Epoch 270/1500 - train 0.144017 - val 0.238907
Epoch 271/1500 - train 0.139761 - val 0.250557
Epoch 272/1500 - train 0.146651 - val 0.246198
Epoch 273/1500 - train 0.141691 - val 0.246326
Epoch 274/1500 - train 0.140806 - val 0.245749
Epoch 275/1500 - train 0.145670 - val 0.245711
Epoch 276/1500 - train 0.143536 - val 0.244458
Epoch 277/1500 - train 0.143455 - val 0.257528
Epoch 278/1500 - train 0.148346 - val 0.247704
Epoch 279/1500 - train 0.143743 - val 0.252862
Epoch 280/1500 - train 0.144321 - val 0.247048
Epoch 281/1500 - train 0.140878 - val 0.250876
Epoch 282/1500 - train 0.144297 - val 0.251402
Epoch 283/1500 - train 0.142832 - val 0.251252
Epoch 284/1500 - train 0.143726 - val 0.256631
Epoch 285/1500 - train 0.144437 - val 0.246001
Epoch 286/1500 - train 0.144157 - val 0.250793
Epoch 287/1500 - train 0.146348 - val 0.240291
Epoch 288/1500 - train 0.138782 - val 0.246809
Epoch 289/1500 - train 0.146546 - val 0.245357
Epoch 290/1500 - train 0.141426 - val 0.248750
Epoch 291/1500 - train 0.144550 - val 0.255800
Epoch 292/1500 - train 0.144098 - val 0.249377
Epoch 293/1500 - train 0.142792 - val 0.241311
Epoch 294/1500 - train 0.139452 - val 0.249438
Epoch 295/1500 - train 0.141409 - val 0.242710
Epoch 296/1500 - train 0.138357 - val 0.257440
Epoch 297/1500 - train 0.148738 - val 0.252128
Epoch 298/1500 - train 0.146009 - val 0.248305
Epoch 299/1500 - train 0.146982 - val 0.240763
Epoch 300/1500 - train 0.140076 - val 0.242431
Epoch 301/1500 - train 0.139520 - val 0.242979
Epoch 302/1500 - train 0.142799 - val 0.248085
Epoch 303/1500 - train 0.150742 - val 0.239936
Epoch 304/1500 - train 0.143530 - val 0.246939
Epoch 305/1500 - train 0.141046 - val 0.255165
Epoch 306/1500 - train 0.144194 - val 0.250873
Epoch 307/1500 - train 0.140723 - val 0.248468
Epoch 308/1500 - train 0.137131 - val 0.242424
Epoch 309/1500 - train 0.145022 - val 0.251561
Epoch 310/1500 - train 0.140943 - val 0.244937
Epoch 311/1500 - train 0.138328 - val 0.251902
Epoch 312/1500 - train 0.142512 - val 0.250783
Epoch 313/1500 - train 0.138999 - val 0.244260
Epoch 314/1500 - train 0.144262 - val 0.240350
Epoch 315/1500 - train 0.141525 - val 0.239873
Epoch 316/1500 - train 0.138937 - val 0.255324
Epoch 317/1500 - train 0.149841 - val 0.248189
Epoch 318/1500 - train 0.141683 - val 0.239372
Epoch 319/1500 - train 0.142733 - val 0.247284
Epoch 320/1500 - train 0.139767 - val 0.245172
Epoch 321/1500 - train 0.140712 - val 0.245615
Epoch 322/1500 - train 0.142458 - val 0.245774
Epoch 323/1500 - train 0.142257 - val 0.247222
Epoch 324/1500 - train 0.140696 - val 0.249140
Epoch 325/1500 - train 0.143723 - val 0.249039
Epoch 326/1500 - train 0.146267 - val 0.255337
Epoch 327/1500 - train 0.148692 - val 0.244431
Epoch 328/1500 - train 0.144510 - val 0.254015
Epoch 329/1500 - train 0.144190 - val 0.252197
Epoch 330/1500 - train 0.140111 - val 0.254836
Epoch 331/1500 - train 0.143096 - val 0.238036
Epoch 332/1500 - train 0.142490 - val 0.248073
Epoch 333/1500 - train 0.143432 - val 0.244644
Epoch 334/1500 - train 0.142573 - val 0.237070
Epoch 335/1500 - train 0.139908 - val 0.254346
Epoch 336/1500 - train 0.141218 - val 0.242043
Epoch 337/1500 - train 0.136555 - val 0.249463
Epoch 338/1500 - train 0.141122 - val 0.254950
Epoch 339/1500 - train 0.144656 - val 0.260481
Epoch 340/1500 - train 0.145154 - val 0.245661
Epoch 341/1500 - train 0.139317 - val 0.253990
Epoch 342/1500 - train 0.144698 - val 0.239365
Epoch 343/1500 - train 0.138244 - val 0.248875
Epoch 344/1500 - train 0.144511 - val 0.243771
Epoch 345/1500 - train 0.142103 - val 0.257592
Epoch 346/1500 - train 0.145787 - val 0.238560
Epoch 347/1500 - train 0.141223 - val 0.244739
Epoch 348/1500 - train 0.140782 - val 0.255348
Epoch 349/1500 - train 0.152102 - val 0.251691
Epoch 350/1500 - train 0.145388 - val 0.242343
Epoch 351/1500 - train 0.141680 - val 0.240367
Epoch 352/1500 - train 0.139794 - val 0.260772
Epoch 353/1500 - train 0.145543 - val 0.238914
Epoch 354/1500 - train 0.142006 - val 0.249087
Epoch 355/1500 - train 0.139404 - val 0.243497
Epoch 356/1500 - train 0.140959 - val 0.251901
Epoch 357/1500 - train 0.143761 - val 0.251125
Epoch 358/1500 - train 0.142333 - val 0.246114
Epoch 359/1500 - train 0.146020 - val 0.251541
Epoch 360/1500 - train 0.145453 - val 0.242260
Epoch 361/1500 - train 0.140859 - val 0.246026
Epoch 362/1500 - train 0.146295 - val 0.255295
Epoch 363/1500 - train 0.147481 - val 0.243853
Epoch 364/1500 - train 0.138769 - val 0.257845
Epoch 365/1500 - train 0.140435 - val 0.245345
Epoch 366/1500 - train 0.137782 - val 0.236666
Epoch 367/1500 - train 0.139747 - val 0.246641
Epoch 368/1500 - train 0.138948 - val 0.250311
Epoch 369/1500 - train 0.141714 - val 0.241255
Epoch 370/1500 - train 0.141527 - val 0.250109
Epoch 371/1500 - train 0.141503 - val 0.253481
Epoch 372/1500 - train 0.143530 - val 0.251615
Epoch 373/1500 - train 0.146444 - val 0.254991
Epoch 374/1500 - train 0.142186 - val 0.245291
Epoch 375/1500 - train 0.139800 - val 0.255657
Epoch 376/1500 - train 0.142451 - val 0.234901
Epoch 377/1500 - train 0.139195 - val 0.238914
Epoch 378/1500 - train 0.139969 - val 0.264951
Epoch 379/1500 - train 0.146678 - val 0.251160
Epoch 380/1500 - train 0.142817 - val 0.237555
Epoch 381/1500 - train 0.143460 - val 0.244531
Epoch 382/1500 - train 0.140951 - val 0.246900
Epoch 383/1500 - train 0.139501 - val 0.245022
Epoch 384/1500 - train 0.141255 - val 0.241718
Epoch 385/1500 - train 0.144163 - val 0.243456
Epoch 386/1500 - train 0.145483 - val 0.243649
Epoch 387/1500 - train 0.138621 - val 0.248660
Epoch 388/1500 - train 0.142793 - val 0.232140
Epoch 389/1500 - train 0.143541 - val 0.255462
Epoch 390/1500 - train 0.141238 - val 0.248166
Epoch 391/1500 - train 0.136878 - val 0.247508
Epoch 392/1500 - train 0.144249 - val 0.243521
Epoch 393/1500 - train 0.143964 - val 0.250883
Epoch 394/1500 - train 0.145970 - val 0.246498
Epoch 395/1500 - train 0.146595 - val 0.250909
Epoch 396/1500 - train 0.145171 - val 0.240918
Epoch 397/1500 - train 0.148104 - val 0.248900
Epoch 398/1500 - train 0.140178 - val 0.246636
Epoch 399/1500 - train 0.139717 - val 0.241458
Epoch 400/1500 - train 0.142202 - val 0.242616
Epoch 401/1500 - train 0.141807 - val 0.245611
Epoch 402/1500 - train 0.140071 - val 0.256078
Epoch 403/1500 - train 0.141968 - val 0.237151
Epoch 404/1500 - train 0.137189 - val 0.261165
Epoch 405/1500 - train 0.140604 - val 0.236749
Epoch 406/1500 - train 0.144948 - val 0.247672
Epoch 407/1500 - train 0.143489 - val 0.240785
Epoch 408/1500 - train 0.141687 - val 0.237181
Epoch 409/1500 - train 0.135199 - val 0.238612
Epoch 410/1500 - train 0.144326 - val 0.241447
Epoch 411/1500 - train 0.137136 - val 0.244651
Epoch 412/1500 - train 0.140253 - val 0.236128
Epoch 413/1500 - train 0.138335 - val 0.265639
Epoch 414/1500 - train 0.145128 - val 0.240408
Epoch 415/1500 - train 0.138379 - val 0.255145
Epoch 416/1500 - train 0.148321 - val 0.248355
Epoch 417/1500 - train 0.144390 - val 0.252289
Epoch 418/1500 - train 0.145252 - val 0.250337
Epoch 419/1500 - train 0.138667 - val 0.245540
Epoch 420/1500 - train 0.141234 - val 0.242066
Epoch 421/1500 - train 0.138670 - val 0.240357
Epoch 422/1500 - train 0.136645 - val 0.255379
Epoch 423/1500 - train 0.135843 - val 0.237658
Epoch 424/1500 - train 0.137041 - val 0.247327
Epoch 425/1500 - train 0.147580 - val 0.238950
Epoch 426/1500 - train 0.141700 - val 0.258130
Epoch 427/1500 - train 0.148788 - val 0.240631
Epoch 428/1500 - train 0.144584 - val 0.249498
Epoch 429/1500 - train 0.140580 - val 0.252673
Epoch 430/1500 - train 0.142385 - val 0.252254
Epoch 431/1500 - train 0.140664 - val 0.251977
Epoch 432/1500 - train 0.142671 - val 0.246355
Epoch 433/1500 - train 0.142250 - val 0.246379
Epoch 434/1500 - train 0.145644 - val 0.241227
Epoch 435/1500 - train 0.146820 - val 0.234544
Epoch 436/1500 - train 0.143206 - val 0.258338
Epoch 437/1500 - train 0.149892 - val 0.242160
Epoch 438/1500 - train 0.145836 - val 0.264155
Epoch 439/1500 - train 0.152087 - val 0.250266
Epoch 440/1500 - train 0.141723 - val 0.242337
Epoch 441/1500 - train 0.147990 - val 0.247102
Epoch 442/1500 - train 0.142793 - val 0.245251
Epoch 443/1500 - train 0.146211 - val 0.247814
Epoch 444/1500 - train 0.141706 - val 0.235594
Epoch 445/1500 - train 0.139854 - val 0.257264
Epoch 446/1500 - train 0.149509 - val 0.244450
Epoch 447/1500 - train 0.145513 - val 0.251566
Epoch 448/1500 - train 0.144296 - val 0.244758
Epoch 449/1500 - train 0.141269 - val 0.236823
Epoch 450/1500 - train 0.139373 - val 0.241816
Epoch 451/1500 - train 0.141113 - val 0.237280
Epoch 452/1500 - train 0.137919 - val 0.236840
Epoch 453/1500 - train 0.138636 - val 0.249637
Epoch 454/1500 - train 0.143977 - val 0.250565
Epoch 455/1500 - train 0.145278 - val 0.241667
Epoch 456/1500 - train 0.142821 - val 0.250534
Epoch 457/1500 - train 0.143879 - val 0.240671
Epoch 458/1500 - train 0.144118 - val 0.242895
Epoch 459/1500 - train 0.146468 - val 0.244460
Epoch 460/1500 - train 0.140479 - val 0.240418
Epoch 461/1500 - train 0.137929 - val 0.244439
Epoch 462/1500 - train 0.138308 - val 0.236540
Epoch 463/1500 - train 0.141185 - val 0.254937
Epoch 464/1500 - train 0.144202 - val 0.242967
Epoch 465/1500 - train 0.140266 - val 0.242268
Epoch 466/1500 - train 0.145857 - val 0.246829
Epoch 467/1500 - train 0.146213 - val 0.231508
Epoch 468/1500 - train 0.141418 - val 0.242653
Epoch 469/1500 - train 0.143942 - val 0.247243
Epoch 470/1500 - train 0.138996 - val 0.236245
Epoch 471/1500 - train 0.137553 - val 0.249744
Epoch 472/1500 - train 0.141029 - val 0.237235
Epoch 473/1500 - train 0.139628 - val 0.255422
Epoch 474/1500 - train 0.143716 - val 0.243927
Epoch 475/1500 - train 0.141533 - val 0.236177
Epoch 476/1500 - train 0.143440 - val 0.254024
Epoch 477/1500 - train 0.149567 - val 0.240605
Epoch 478/1500 - train 0.141498 - val 0.262347
Epoch 479/1500 - train 0.143852 - val 0.244362
Epoch 480/1500 - train 0.139911 - val 0.245536
Epoch 481/1500 - train 0.143556 - val 0.241529
Epoch 482/1500 - train 0.142766 - val 0.244614
Epoch 483/1500 - train 0.141732 - val 0.257036
Epoch 484/1500 - train 0.141198 - val 0.240666
Epoch 485/1500 - train 0.139262 - val 0.253406
Epoch 486/1500 - train 0.143924 - val 0.241426
Epoch 487/1500 - train 0.137813 - val 0.243541
Epoch 488/1500 - train 0.145152 - val 0.241638
Epoch 489/1500 - train 0.144603 - val 0.240839
Epoch 490/1500 - train 0.139683 - val 0.243850
Epoch 491/1500 - train 0.139830 - val 0.235751
Epoch 492/1500 - train 0.138201 - val 0.248909
Epoch 493/1500 - train 0.138142 - val 0.242645
Epoch 494/1500 - train 0.137813 - val 0.239020
Epoch 495/1500 - train 0.142393 - val 0.242965
Epoch 496/1500 - train 0.143460 - val 0.250332
Epoch 497/1500 - train 0.145384 - val 0.247644
Epoch 498/1500 - train 0.146844 - val 0.238653
Epoch 499/1500 - train 0.145566 - val 0.235044
Epoch 500/1500 - train 0.139831 - val 0.241283
Epoch 501/1500 - train 0.139089 - val 0.244693
Epoch 502/1500 - train 0.141581 - val 0.243920
Epoch 503/1500 - train 0.139883 - val 0.242814
Epoch 504/1500 - train 0.140979 - val 0.239091
Epoch 505/1500 - train 0.144638 - val 0.250710
Epoch 506/1500 - train 0.139802 - val 0.238188
Epoch 507/1500 - train 0.144637 - val 0.242828
Epoch 508/1500 - train 0.142220 - val 0.240596
Epoch 509/1500 - train 0.141662 - val 0.242905
Epoch 510/1500 - train 0.151234 - val 0.237472
Epoch 511/1500 - train 0.139676 - val 0.241284
Epoch 512/1500 - train 0.140071 - val 0.241189
Epoch 513/1500 - train 0.140707 - val 0.257301
Epoch 514/1500 - train 0.142802 - val 0.240405
Epoch 515/1500 - train 0.134845 - val 0.248771
Epoch 516/1500 - train 0.142840 - val 0.251119
Epoch 517/1500 - train 0.140454 - val 0.238734
Epoch 518/1500 - train 0.139077 - val 0.251618
Epoch 519/1500 - train 0.154973 - val 0.255613
Epoch 520/1500 - train 0.147892 - val 0.250780
Epoch 521/1500 - train 0.146004 - val 0.248562
Epoch 522/1500 - train 0.141298 - val 0.239963
Epoch 523/1500 - train 0.140673 - val 0.243594
Epoch 524/1500 - train 0.143738 - val 0.258657
Epoch 525/1500 - train 0.143072 - val 0.248802
Epoch 526/1500 - train 0.143462 - val 0.249270
Epoch 527/1500 - train 0.144227 - val 0.242428
Epoch 528/1500 - train 0.138894 - val 0.235000
Epoch 529/1500 - train 0.138838 - val 0.241585
Epoch 530/1500 - train 0.139148 - val 0.242581
Epoch 531/1500 - train 0.141943 - val 0.242641
Epoch 532/1500 - train 0.138814 - val 0.260535
Epoch 533/1500 - train 0.141264 - val 0.239104
Epoch 534/1500 - train 0.136698 - val 0.244594
Epoch 535/1500 - train 0.144069 - val 0.242923
Epoch 536/1500 - train 0.141271 - val 0.244442
Epoch 537/1500 - train 0.142916 - val 0.240753
Epoch 538/1500 - train 0.141642 - val 0.244167
Epoch 539/1500 - train 0.150457 - val 0.250334
Epoch 540/1500 - train 0.142699 - val 0.248933
Epoch 541/1500 - train 0.144270 - val 0.236495
Epoch 542/1500 - train 0.139308 - val 0.252747
Epoch 543/1500 - train 0.142399 - val 0.248639
Epoch 544/1500 - train 0.144599 - val 0.240086
Epoch 545/1500 - train 0.138568 - val 0.239348
Epoch 546/1500 - train 0.144888 - val 0.246686
Epoch 547/1500 - train 0.141395 - val 0.249683
Epoch 548/1500 - train 0.144434 - val 0.244633
Epoch 549/1500 - train 0.136571 - val 0.241405
Epoch 550/1500 - train 0.142304 - val 0.235828
Epoch 551/1500 - train 0.140886 - val 0.238332
Epoch 552/1500 - train 0.144591 - val 0.236379
Epoch 553/1500 - train 0.139586 - val 0.246106
Epoch 554/1500 - train 0.142759 - val 0.256989
Epoch 555/1500 - train 0.139060 - val 0.257826
Epoch 556/1500 - train 0.148395 - val 0.234067
Epoch 557/1500 - train 0.137969 - val 0.245115
Epoch 558/1500 - train 0.140856 - val 0.250800
Epoch 559/1500 - train 0.143532 - val 0.237008
Epoch 560/1500 - train 0.139970 - val 0.239036
Epoch 561/1500 - train 0.137746 - val 0.243470
Epoch 562/1500 - train 0.142044 - val 0.241968
Epoch 563/1500 - train 0.147733 - val 0.239537
Epoch 564/1500 - train 0.140974 - val 0.239627
Epoch 565/1500 - train 0.140301 - val 0.242018
Epoch 566/1500 - train 0.140886 - val 0.253716
Epoch 567/1500 - train 0.145918 - val 0.240407
Epoch 568/1500 - train 0.142576 - val 0.241534
Epoch 569/1500 - train 0.138603 - val 0.254006
Epoch 570/1500 - train 0.147439 - val 0.239920
Epoch 571/1500 - train 0.138040 - val 0.239538
Epoch 572/1500 - train 0.137049 - val 0.257655
Epoch 573/1500 - train 0.148103 - val 0.242549
Epoch 574/1500 - train 0.137902 - val 0.238268
Epoch 575/1500 - train 0.139008 - val 0.240954
Epoch 576/1500 - train 0.136430 - val 0.242257
Epoch 577/1500 - train 0.146385 - val 0.238504
Epoch 578/1500 - train 0.141495 - val 0.241439
Epoch 579/1500 - train 0.139587 - val 0.254183
Epoch 580/1500 - train 0.151600 - val 0.243359
Epoch 581/1500 - train 0.144020 - val 0.233398
Epoch 582/1500 - train 0.137218 - val 0.234254
Epoch 583/1500 - train 0.144558 - val 0.252519
Epoch 584/1500 - train 0.149653 - val 0.243672
Epoch 585/1500 - train 0.142102 - val 0.234156
Epoch 586/1500 - train 0.138855 - val 0.245757
Epoch 587/1500 - train 0.141797 - val 0.236704
Epoch 588/1500 - train 0.147150 - val 0.241205
Epoch 589/1500 - train 0.140265 - val 0.240465
Epoch 590/1500 - train 0.138937 - val 0.241897
Epoch 591/1500 - train 0.139040 - val 0.238702
Epoch 592/1500 - train 0.140476 - val 0.254253
Epoch 593/1500 - train 0.143561 - val 0.237058
Epoch 594/1500 - train 0.137871 - val 0.248549
Epoch 595/1500 - train 0.140554 - val 0.243629
Epoch 596/1500 - train 0.141437 - val 0.245798
Epoch 597/1500 - train 0.142646 - val 0.235938
Epoch 598/1500 - train 0.139784 - val 0.254230
Epoch 599/1500 - train 0.141813 - val 0.244051
Epoch 600/1500 - train 0.143753 - val 0.248927
Epoch 601/1500 - train 0.142533 - val 0.238235
Epoch 602/1500 - train 0.140837 - val 0.233903
Epoch 603/1500 - train 0.137662 - val 0.245296
Epoch 604/1500 - train 0.144550 - val 0.240086
Epoch 605/1500 - train 0.144647 - val 0.239928
Epoch 606/1500 - train 0.140750 - val 0.252410
Epoch 607/1500 - train 0.141926 - val 0.244296
Epoch 608/1500 - train 0.144619 - val 0.244264
Epoch 609/1500 - train 0.138103 - val 0.248704
Epoch 610/1500 - train 0.134155 - val 0.238908
Epoch 611/1500 - train 0.136302 - val 0.240020
Epoch 612/1500 - train 0.138513 - val 0.248761
Epoch 613/1500 - train 0.146323 - val 0.245609
Epoch 614/1500 - train 0.143891 - val 0.245874
Epoch 615/1500 - train 0.144540 - val 0.243892
Epoch 616/1500 - train 0.139652 - val 0.238244
Epoch 617/1500 - train 0.141361 - val 0.237109
Epoch 618/1500 - train 0.139332 - val 0.234101
Epoch 619/1500 - train 0.140653 - val 0.244666
Epoch 620/1500 - train 0.146840 - val 0.244292
Epoch 621/1500 - train 0.140060 - val 0.247346
Epoch 622/1500 - train 0.146705 - val 0.241262
Epoch 623/1500 - train 0.141900 - val 0.237235
Epoch 624/1500 - train 0.136633 - val 0.248671
Epoch 625/1500 - train 0.144440 - val 0.242289
Epoch 626/1500 - train 0.139738 - val 0.234385
Epoch 627/1500 - train 0.138503 - val 0.252137
Epoch 628/1500 - train 0.139767 - val 0.235465
Epoch 629/1500 - train 0.141528 - val 0.242512
Epoch 630/1500 - train 0.140844 - val 0.247849
Epoch 631/1500 - train 0.137687 - val 0.243393
Epoch 632/1500 - train 0.145808 - val 0.242774
Epoch 633/1500 - train 0.136508 - val 0.234755
Epoch 634/1500 - train 0.132840 - val 0.238911
Epoch 635/1500 - train 0.137022 - val 0.254804
Epoch 636/1500 - train 0.146810 - val 0.261427
Epoch 637/1500 - train 0.151913 - val 0.234380
Epoch 638/1500 - train 0.142480 - val 0.228830
Epoch 639/1500 - train 0.134754 - val 0.243731
Epoch 640/1500 - train 0.137850 - val 0.243583
Epoch 641/1500 - train 0.137466 - val 0.239896
Epoch 642/1500 - train 0.140162 - val 0.237181
Epoch 643/1500 - train 0.136562 - val 0.240244
Epoch 644/1500 - train 0.148286 - val 0.245411
Epoch 645/1500 - train 0.140058 - val 0.239504
Epoch 646/1500 - train 0.140251 - val 0.245801
Epoch 647/1500 - train 0.139780 - val 0.237248
Epoch 648/1500 - train 0.136460 - val 0.245856
Epoch 649/1500 - train 0.141702 - val 0.244377
Epoch 650/1500 - train 0.140284 - val 0.244913
Epoch 651/1500 - train 0.134628 - val 0.243315
Epoch 652/1500 - train 0.141363 - val 0.243142
Epoch 653/1500 - train 0.141329 - val 0.243773
Epoch 654/1500 - train 0.139599 - val 0.247914
Epoch 655/1500 - train 0.140911 - val 0.253097
Epoch 656/1500 - train 0.145991 - val 0.253278
Epoch 657/1500 - train 0.143455 - val 0.239004
Epoch 658/1500 - train 0.138818 - val 0.246968
Epoch 659/1500 - train 0.141343 - val 0.252271
Epoch 660/1500 - train 0.145065 - val 0.244743
Epoch 661/1500 - train 0.144604 - val 0.239398
Epoch 662/1500 - train 0.135549 - val 0.238083
Epoch 663/1500 - train 0.136426 - val 0.241173
Epoch 664/1500 - train 0.138435 - val 0.240402
Epoch 665/1500 - train 0.137390 - val 0.245923
Epoch 666/1500 - train 0.139439 - val 0.244635
Epoch 667/1500 - train 0.181017 - val 0.242498
Epoch 668/1500 - train 0.150798 - val 0.240785
Epoch 669/1500 - train 0.141688 - val 0.248602
Epoch 670/1500 - train 0.143923 - val 0.242038
Epoch 671/1500 - train 0.142301 - val 0.238040
Epoch 672/1500 - train 0.138831 - val 0.239565
Epoch 673/1500 - train 0.140858 - val 0.251185
Epoch 674/1500 - train 0.144091 - val 0.243441
Epoch 675/1500 - train 0.143476 - val 0.250545
Epoch 676/1500 - train 0.142412 - val 0.242647
Epoch 677/1500 - train 0.140374 - val 0.242235
Epoch 678/1500 - train 0.138334 - val 0.245087
Epoch 679/1500 - train 0.140939 - val 0.236089
Epoch 680/1500 - train 0.142072 - val 0.246757
Epoch 681/1500 - train 0.140408 - val 0.241796
Epoch 682/1500 - train 0.142273 - val 0.250958
Epoch 683/1500 - train 0.142195 - val 0.241326
Epoch 684/1500 - train 0.141785 - val 0.248460
Epoch 685/1500 - train 0.143475 - val 0.243578
Epoch 686/1500 - train 0.138870 - val 0.242043
Epoch 687/1500 - train 0.139477 - val 0.243992
Epoch 688/1500 - train 0.139995 - val 0.250115
Epoch 689/1500 - train 0.143123 - val 0.239176
Epoch 690/1500 - train 0.139591 - val 0.240995
Epoch 691/1500 - train 0.138953 - val 0.247945
Epoch 692/1500 - train 0.152782 - val 0.244485
Epoch 693/1500 - train 0.143822 - val 0.234061
Epoch 694/1500 - train 0.139819 - val 0.240452
Epoch 695/1500 - train 0.144022 - val 0.241633
Epoch 696/1500 - train 0.143013 - val 0.249315
Epoch 697/1500 - train 0.143102 - val 0.266569
Epoch 698/1500 - train 0.147721 - val 0.249576
Epoch 699/1500 - train 0.137002 - val 0.238600
Epoch 700/1500 - train 0.135303 - val 0.230229
Epoch 701/1500 - train 0.139485 - val 0.244485
Epoch 702/1500 - train 0.140579 - val 0.249885
Epoch 703/1500 - train 0.142696 - val 0.244572
Epoch 704/1500 - train 0.143789 - val 0.259207
Epoch 705/1500 - train 0.149008 - val 0.242658
Epoch 706/1500 - train 0.138771 - val 0.243037
Epoch 707/1500 - train 0.138364 - val 0.248041
Epoch 708/1500 - train 0.142464 - val 0.240950
Epoch 709/1500 - train 0.139908 - val 0.242946
Epoch 710/1500 - train 0.141375 - val 0.238194
Epoch 711/1500 - train 0.137711 - val 0.235691
Epoch 712/1500 - train 0.140460 - val 0.252876
Epoch 713/1500 - train 0.140471 - val 0.243674
Epoch 714/1500 - train 0.136790 - val 0.250315
Epoch 715/1500 - train 0.141016 - val 0.238135
Epoch 716/1500 - train 0.138892 - val 0.240653
Epoch 717/1500 - train 0.139731 - val 0.247867
Epoch 718/1500 - train 0.141366 - val 0.255510
Epoch 719/1500 - train 0.146152 - val 0.241755
Epoch 720/1500 - train 0.144317 - val 0.241955
Epoch 721/1500 - train 0.144000 - val 0.244308
Epoch 722/1500 - train 0.143911 - val 0.242541
Epoch 723/1500 - train 0.141668 - val 0.248384
Epoch 724/1500 - train 0.141497 - val 0.241229
Epoch 725/1500 - train 0.139331 - val 0.237860
Epoch 726/1500 - train 0.138301 - val 0.237023
Epoch 727/1500 - train 0.142388 - val 0.242324
Epoch 728/1500 - train 0.146820 - val 0.253712
Epoch 729/1500 - train 0.146045 - val 0.240878
Epoch 730/1500 - train 0.137146 - val 0.247756
Epoch 731/1500 - train 0.137582 - val 0.248491
Epoch 732/1500 - train 0.145241 - val 0.254543
Epoch 733/1500 - train 0.140720 - val 0.249559
Epoch 734/1500 - train 0.140572 - val 0.235016
Epoch 735/1500 - train 0.140582 - val 0.251168
Epoch 736/1500 - train 0.142673 - val 0.239291
Epoch 737/1500 - train 0.134662 - val 0.256252
Epoch 738/1500 - train 0.140819 - val 0.256060
Epoch 739/1500 - train 0.141031 - val 0.244866
Epoch 740/1500 - train 0.136577 - val 0.252169
Epoch 741/1500 - train 0.138378 - val 0.238901
Epoch 742/1500 - train 0.142634 - val 0.240650
Epoch 743/1500 - train 0.142741 - val 0.251031
Epoch 744/1500 - train 0.147911 - val 0.244371
Epoch 745/1500 - train 0.138771 - val 0.247621
Epoch 746/1500 - train 0.145336 - val 0.261995
Epoch 747/1500 - train 0.145383 - val 0.240206
Epoch 748/1500 - train 0.137951 - val 0.238799
Epoch 749/1500 - train 0.138480 - val 0.239046
Epoch 750/1500 - train 0.137854 - val 0.242365
Epoch 751/1500 - train 0.137554 - val 0.254485
Epoch 752/1500 - train 0.140158 - val 0.248463
Epoch 753/1500 - train 0.137632 - val 0.242400
Epoch 754/1500 - train 0.141520 - val 0.246513
Epoch 755/1500 - train 0.140062 - val 0.246832
Epoch 756/1500 - train 0.146041 - val 0.246080
Epoch 757/1500 - train 0.139177 - val 0.243867
Epoch 758/1500 - train 0.138488 - val 0.237705
Epoch 759/1500 - train 0.135425 - val 0.243670
Epoch 760/1500 - train 0.140981 - val 0.253957
Epoch 761/1500 - train 0.141151 - val 0.241257
Epoch 762/1500 - train 0.143054 - val 0.243027
Epoch 763/1500 - train 0.140105 - val 0.251376
Epoch 764/1500 - train 0.145024 - val 0.240079
Epoch 765/1500 - train 0.148228 - val 0.255919
Epoch 766/1500 - train 0.141249 - val 0.246889
Epoch 767/1500 - train 0.138400 - val 0.242130
Epoch 768/1500 - train 0.140227 - val 0.241460
Epoch 769/1500 - train 0.140597 - val 0.234364
Epoch 770/1500 - train 0.138928 - val 0.246280
Epoch 771/1500 - train 0.138421 - val 0.236474
Epoch 772/1500 - train 0.135384 - val 0.266755
Epoch 773/1500 - train 0.144686 - val 0.241693
Epoch 774/1500 - train 0.139457 - val 0.246186
Epoch 775/1500 - train 0.137355 - val 0.236613
Epoch 776/1500 - train 0.138128 - val 0.250142
Epoch 777/1500 - train 0.144420 - val 0.239490
Epoch 778/1500 - train 0.135621 - val 0.242077
Epoch 779/1500 - train 0.136063 - val 0.244714
Epoch 780/1500 - train 0.139930 - val 0.234482
Epoch 781/1500 - train 0.141201 - val 0.249446
Epoch 782/1500 - train 0.137929 - val 0.263058
Epoch 783/1500 - train 0.146409 - val 0.243545
Epoch 784/1500 - train 0.140319 - val 0.239481
Epoch 785/1500 - train 0.136471 - val 0.244861
Epoch 786/1500 - train 0.140326 - val 0.247906
Epoch 787/1500 - train 0.142856 - val 0.257520
Epoch 788/1500 - train 0.145700 - val 0.277954
Epoch 789/1500 - train 0.151891 - val 0.240380
Epoch 790/1500 - train 0.134744 - val 0.242558
Epoch 791/1500 - train 0.136820 - val 0.249777
Epoch 792/1500 - train 0.140235 - val 0.234454
Epoch 793/1500 - train 0.133423 - val 0.238930
Epoch 794/1500 - train 0.135862 - val 0.246488
Epoch 795/1500 - train 0.144804 - val 0.268710
Epoch 796/1500 - train 0.144930 - val 0.253058
Epoch 797/1500 - train 0.138311 - val 0.248040
Epoch 798/1500 - train 0.138602 - val 0.234278
Epoch 799/1500 - train 0.136456 - val 0.240626
Epoch 800/1500 - train 0.136398 - val 0.244700
Epoch 801/1500 - train 0.139731 - val 0.237618
Epoch 802/1500 - train 0.139169 - val 0.237871
Epoch 803/1500 - train 0.140472 - val 0.234470
Epoch 804/1500 - train 0.135337 - val 0.245856
Epoch 805/1500 - train 0.139140 - val 0.236439
Epoch 806/1500 - train 0.140568 - val 0.242148
Epoch 807/1500 - train 0.138983 - val 0.246175
Epoch 808/1500 - train 0.136720 - val 0.240217
Epoch 809/1500 - train 0.138243 - val 0.251709
Epoch 810/1500 - train 0.138030 - val 0.244713
Epoch 811/1500 - train 0.140570 - val 0.238927
Epoch 812/1500 - train 0.141091 - val 0.249298
Epoch 813/1500 - train 0.143031 - val 0.246708
Epoch 814/1500 - train 0.139708 - val 0.243348
Epoch 815/1500 - train 0.137523 - val 0.252582
Epoch 816/1500 - train 0.141498 - val 0.246201
Epoch 817/1500 - train 0.142672 - val 0.237548
Epoch 818/1500 - train 0.136160 - val 0.255695
Epoch 819/1500 - train 0.141639 - val 0.241205
Epoch 820/1500 - train 0.138049 - val 0.237420
Epoch 821/1500 - train 0.137215 - val 0.251519
Epoch 822/1500 - train 0.139093 - val 0.242612
Epoch 823/1500 - train 0.143210 - val 0.237950
Epoch 824/1500 - train 0.133935 - val 0.247574
Epoch 825/1500 - train 0.145502 - val 0.248652
Epoch 826/1500 - train 0.135545 - val 0.245361
Epoch 827/1500 - train 0.136778 - val 0.233367
Epoch 828/1500 - train 0.135630 - val 0.238384
Epoch 829/1500 - train 0.142425 - val 0.240652
Epoch 830/1500 - train 0.138757 - val 0.237592
Epoch 831/1500 - train 0.137810 - val 0.243557
Epoch 832/1500 - train 0.139818 - val 0.239313
Epoch 833/1500 - train 0.136394 - val 0.244955
Epoch 834/1500 - train 0.134294 - val 0.259056
Epoch 835/1500 - train 0.143077 - val 0.240996
Epoch 836/1500 - train 0.142655 - val 0.239768
Epoch 837/1500 - train 0.147654 - val 0.261087
Epoch 838/1500 - train 0.146861 - val 0.238699
Epoch 839/1500 - train 0.138532 - val 0.265559
Epoch 840/1500 - train 0.147358 - val 0.238871
Epoch 841/1500 - train 0.139676 - val 0.243664
Epoch 842/1500 - train 0.134402 - val 0.247503
Epoch 843/1500 - train 0.137331 - val 0.245315
Epoch 844/1500 - train 0.141558 - val 0.263206
Epoch 845/1500 - train 0.144482 - val 0.243134
Epoch 846/1500 - train 0.136608 - val 0.251800
Epoch 847/1500 - train 0.145143 - val 0.254535
Epoch 848/1500 - train 0.140178 - val 0.241133
Epoch 849/1500 - train 0.137108 - val 0.243251
Epoch 850/1500 - train 0.136055 - val 0.244332
Epoch 851/1500 - train 0.135102 - val 0.244798
Epoch 852/1500 - train 0.140748 - val 0.247452
Epoch 853/1500 - train 0.139297 - val 0.251671
Epoch 854/1500 - train 0.144246 - val 0.242216
Epoch 855/1500 - train 0.137342 - val 0.242134
Epoch 856/1500 - train 0.136980 - val 0.240578
Epoch 857/1500 - train 0.138615 - val 0.238869
Epoch 858/1500 - train 0.134952 - val 0.244267
Epoch 859/1500 - train 0.135787 - val 0.250501
Epoch 860/1500 - train 0.142719 - val 0.248064
Epoch 861/1500 - train 0.138631 - val 0.244912
Epoch 862/1500 - train 0.141756 - val 0.240074
Epoch 863/1500 - train 0.144010 - val 0.240255
Epoch 864/1500 - train 0.142389 - val 0.247216
Epoch 865/1500 - train 0.135571 - val 0.240690
Epoch 866/1500 - train 0.138858 - val 0.238822
Epoch 867/1500 - train 0.136154 - val 0.250079
Epoch 868/1500 - train 0.140743 - val 0.245256
Epoch 869/1500 - train 0.141440 - val 0.240845
Epoch 870/1500 - train 0.142221 - val 0.239426
Epoch 871/1500 - train 0.137716 - val 0.242176
Epoch 872/1500 - train 0.137300 - val 0.245618
Epoch 873/1500 - train 0.143942 - val 0.244352
Epoch 874/1500 - train 0.142898 - val 0.241072
Epoch 875/1500 - train 0.138432 - val 0.249620
Epoch 876/1500 - train 0.139381 - val 0.235811
Epoch 877/1500 - train 0.138635 - val 0.250646
Epoch 878/1500 - train 0.140581 - val 0.245733
Epoch 879/1500 - train 0.140638 - val 0.248948
Epoch 880/1500 - train 0.139044 - val 0.246995
Epoch 881/1500 - train 0.142794 - val 0.245460
Epoch 882/1500 - train 0.144634 - val 0.245604
Epoch 883/1500 - train 0.137953 - val 0.241518
Epoch 884/1500 - train 0.136041 - val 0.250410
Epoch 885/1500 - train 0.138554 - val 0.246260
Epoch 886/1500 - train 0.138476 - val 0.238365
Epoch 887/1500 - train 0.137073 - val 0.237701
Epoch 888/1500 - train 0.137530 - val 0.245419
Epoch 889/1500 - train 0.140600 - val 0.251430
Epoch 890/1500 - train 0.147378 - val 0.239164
Epoch 891/1500 - train 0.139715 - val 0.245810
Epoch 892/1500 - train 0.138970 - val 0.240497
Epoch 893/1500 - train 0.134889 - val 0.243654
Epoch 894/1500 - train 0.138933 - val 0.242860
Epoch 895/1500 - train 0.139590 - val 0.235627
Epoch 896/1500 - train 0.136619 - val 0.248135
Epoch 897/1500 - train 0.138266 - val 0.244932
Epoch 898/1500 - train 0.135947 - val 0.252522
Epoch 899/1500 - train 0.142585 - val 0.251780
Epoch 900/1500 - train 0.142405 - val 0.244890
Epoch 901/1500 - train 0.142379 - val 0.240790
Epoch 902/1500 - train 0.139244 - val 0.255400
Epoch 903/1500 - train 0.144467 - val 0.235216
Epoch 904/1500 - train 0.135506 - val 0.243537
Epoch 905/1500 - train 0.139757 - val 0.243728
Epoch 906/1500 - train 0.135218 - val 0.245277
Epoch 907/1500 - train 0.139740 - val 0.244217
Epoch 908/1500 - train 0.137949 - val 0.249236
Epoch 909/1500 - train 0.140041 - val 0.248988
Epoch 910/1500 - train 0.140654 - val 0.240191
Epoch 911/1500 - train 0.134452 - val 0.240836
Epoch 912/1500 - train 0.137717 - val 0.235029
Epoch 913/1500 - train 0.144468 - val 0.252045
Epoch 914/1500 - train 0.140391 - val 0.247088
Epoch 915/1500 - train 0.141183 - val 0.251328
Epoch 916/1500 - train 0.139556 - val 0.245579
Epoch 917/1500 - train 0.143424 - val 0.239836
Epoch 918/1500 - train 0.146238 - val 0.231708
Epoch 919/1500 - train 0.140014 - val 0.247243
Epoch 920/1500 - train 0.138009 - val 0.243218
Epoch 921/1500 - train 0.144077 - val 0.242657
Epoch 922/1500 - train 0.141290 - val 0.267113
Epoch 923/1500 - train 0.141321 - val 0.244079
Epoch 924/1500 - train 0.135559 - val 0.241881
Epoch 925/1500 - train 0.136181 - val 0.249187
Epoch 926/1500 - train 0.136050 - val 0.240884
Epoch 927/1500 - train 0.138311 - val 0.240922
Epoch 928/1500 - train 0.136950 - val 0.238905
Epoch 929/1500 - train 0.136205 - val 0.246792
Epoch 930/1500 - train 0.139059 - val 0.249568
Epoch 931/1500 - train 0.138340 - val 0.238137
Epoch 932/1500 - train 0.134683 - val 0.245493
Epoch 933/1500 - train 0.139546 - val 0.241891
Epoch 934/1500 - train 0.139971 - val 0.247776
Epoch 935/1500 - train 0.136103 - val 0.237489
Epoch 936/1500 - train 0.137835 - val 0.240088
Epoch 937/1500 - train 0.145850 - val 0.248268
Epoch 938/1500 - train 0.141644 - val 0.244408
Epoch 939/1500 - train 0.140788 - val 0.238535
Epoch 940/1500 - train 0.138480 - val 0.249336
Epoch 941/1500 - train 0.144748 - val 0.242518
Epoch 942/1500 - train 0.143922 - val 0.242125
Epoch 943/1500 - train 0.138585 - val 0.238801
Epoch 944/1500 - train 0.137147 - val 0.245056
Epoch 945/1500 - train 0.137990 - val 0.242029
Epoch 946/1500 - train 0.138400 - val 0.241070
Epoch 947/1500 - train 0.136935 - val 0.245432
Epoch 948/1500 - train 0.140054 - val 0.248135
Epoch 949/1500 - train 0.142250 - val 0.249196
Epoch 950/1500 - train 0.139659 - val 0.253931
Epoch 951/1500 - train 0.147577 - val 0.238428
Epoch 952/1500 - train 0.140422 - val 0.246376
Epoch 953/1500 - train 0.139655 - val 0.245043
Epoch 954/1500 - train 0.137336 - val 0.245014
Epoch 955/1500 - train 0.134072 - val 0.236735
Epoch 956/1500 - train 0.133490 - val 0.252948
Epoch 957/1500 - train 0.138801 - val 0.241427
Epoch 958/1500 - train 0.140774 - val 0.252565
Epoch 959/1500 - train 0.142348 - val 0.236816
Epoch 960/1500 - train 0.135482 - val 0.241466
Epoch 961/1500 - train 0.137742 - val 0.247772
Epoch 962/1500 - train 0.140395 - val 0.247973
Epoch 963/1500 - train 0.141690 - val 0.256165
Epoch 964/1500 - train 0.137013 - val 0.253032
Epoch 965/1500 - train 0.140216 - val 0.236352
Epoch 966/1500 - train 0.140494 - val 0.240825
Epoch 967/1500 - train 0.135976 - val 0.236853
Epoch 968/1500 - train 0.146655 - val 0.247618
Epoch 969/1500 - train 0.138985 - val 0.242132
Epoch 970/1500 - train 0.136012 - val 0.242009
Epoch 971/1500 - train 0.138115 - val 0.244563
Epoch 972/1500 - train 0.139376 - val 0.240556
Epoch 973/1500 - train 0.135920 - val 0.243092
Epoch 974/1500 - train 0.140986 - val 0.239674
Epoch 975/1500 - train 0.136392 - val 0.253182
Epoch 976/1500 - train 0.146553 - val 0.246927
Epoch 977/1500 - train 0.141838 - val 0.248325
Epoch 978/1500 - train 0.140394 - val 0.240712
Epoch 979/1500 - train 0.138633 - val 0.242674
Epoch 980/1500 - train 0.144559 - val 0.253539
Epoch 981/1500 - train 0.140882 - val 0.246658
Epoch 982/1500 - train 0.138334 - val 0.241693
Epoch 983/1500 - train 0.145570 - val 0.254860
Epoch 984/1500 - train 0.144290 - val 0.233203
Epoch 985/1500 - train 0.138261 - val 0.237908
Epoch 986/1500 - train 0.141116 - val 0.238585
Epoch 987/1500 - train 0.136390 - val 0.234645
Epoch 988/1500 - train 0.136649 - val 0.245758
Epoch 989/1500 - train 0.140194 - val 0.242202
Epoch 990/1500 - train 0.140160 - val 0.252204
Epoch 991/1500 - train 0.139918 - val 0.246511
Epoch 992/1500 - train 0.138172 - val 0.255235
Epoch 993/1500 - train 0.146155 - val 0.248815
Epoch 994/1500 - train 0.139447 - val 0.251568
Epoch 995/1500 - train 0.143394 - val 0.237458
Epoch 996/1500 - train 0.138379 - val 0.235904
Epoch 997/1500 - train 0.136814 - val 0.242589
Epoch 998/1500 - train 0.137530 - val 0.249381
Epoch 999/1500 - train 0.138621 - val 0.236581
Epoch 1000/1500 - train 0.139851 - val 0.244572
Epoch 1001/1500 - train 0.134321 - val 0.241987
Epoch 1002/1500 - train 0.137700 - val 0.241740
Epoch 1003/1500 - train 0.138189 - val 0.234427
Epoch 1004/1500 - train 0.137978 - val 0.248971
Epoch 1005/1500 - train 0.137542 - val 0.237884
Epoch 1006/1500 - train 0.139186 - val 0.245958
Epoch 1007/1500 - train 0.142338 - val 0.246008
Epoch 1008/1500 - train 0.135684 - val 0.247741
Epoch 1009/1500 - train 0.138489 - val 0.240458
Epoch 1010/1500 - train 0.134413 - val 0.261403
Epoch 1011/1500 - train 0.146419 - val 0.252521
Epoch 1012/1500 - train 0.140738 - val 0.253982
Epoch 1013/1500 - train 0.140408 - val 0.236829
Epoch 1014/1500 - train 0.135925 - val 0.247895
Epoch 1015/1500 - train 0.139255 - val 0.241286
Epoch 1016/1500 - train 0.149617 - val 0.254364
Epoch 1017/1500 - train 0.142761 - val 0.242909
Epoch 1018/1500 - train 0.140293 - val 0.246078
Epoch 1019/1500 - train 0.139106 - val 0.242610
Epoch 1020/1500 - train 0.141052 - val 0.253080
Epoch 1021/1500 - train 0.140652 - val 0.245593
Epoch 1022/1500 - train 0.139436 - val 0.254123
Epoch 1023/1500 - train 0.144169 - val 0.245730
Epoch 1024/1500 - train 0.139464 - val 0.246198
Epoch 1025/1500 - train 0.141175 - val 0.247091
Epoch 1026/1500 - train 0.138540 - val 0.254458
Epoch 1027/1500 - train 0.148345 - val 0.244279
Epoch 1028/1500 - train 0.141332 - val 0.254348
Epoch 1029/1500 - train 0.142066 - val 0.233519
Epoch 1030/1500 - train 0.136655 - val 0.242176
Epoch 1031/1500 - train 0.138251 - val 0.239434
Epoch 1032/1500 - train 0.134653 - val 0.240841
Epoch 1033/1500 - train 0.136641 - val 0.238226
Epoch 1034/1500 - train 0.134762 - val 0.241200
Epoch 1035/1500 - train 0.134256 - val 0.256461
Epoch 1036/1500 - train 0.141039 - val 0.248591
Epoch 1037/1500 - train 0.140354 - val 0.256587
Epoch 1038/1500 - train 0.137204 - val 0.234108
Epoch 1039/1500 - train 0.135233 - val 0.255737
Epoch 1040/1500 - train 0.148774 - val 0.239852
Epoch 1041/1500 - train 0.136795 - val 0.241693
Epoch 1042/1500 - train 0.137086 - val 0.247396
Epoch 1043/1500 - train 0.138567 - val 0.250481
Epoch 1044/1500 - train 0.140573 - val 0.240469
Epoch 1045/1500 - train 0.134475 - val 0.236864
Epoch 1046/1500 - train 0.137337 - val 0.236774
Epoch 1047/1500 - train 0.139283 - val 0.243036
Epoch 1048/1500 - train 0.139644 - val 0.250057
Epoch 1049/1500 - train 0.140235 - val 0.234723
Epoch 1050/1500 - train 0.137840 - val 0.239420
Epoch 1051/1500 - train 0.138516 - val 0.236070
Epoch 1052/1500 - train 0.139703 - val 0.247167
Epoch 1053/1500 - train 0.138947 - val 0.254337
Epoch 1054/1500 - train 0.142041 - val 0.238216
Epoch 1055/1500 - train 0.139561 - val 0.245714
Epoch 1056/1500 - train 0.136748 - val 0.237472
Epoch 1057/1500 - train 0.137863 - val 0.238000
Epoch 1058/1500 - train 0.139213 - val 0.237420
Epoch 1059/1500 - train 0.136642 - val 0.239217
Epoch 1060/1500 - train 0.134680 - val 0.240739
Epoch 1061/1500 - train 0.135527 - val 0.244885
Epoch 1062/1500 - train 0.138229 - val 0.245047
Epoch 1063/1500 - train 0.140738 - val 0.235544
Epoch 1064/1500 - train 0.139015 - val 0.238064
Epoch 1065/1500 - train 0.139142 - val 0.242868
Epoch 1066/1500 - train 0.139278 - val 0.247808
Epoch 1067/1500 - train 0.146882 - val 0.241255
Epoch 1068/1500 - train 0.139211 - val 0.244662
Epoch 1069/1500 - train 0.137837 - val 0.238296
Epoch 1070/1500 - train 0.136536 - val 0.241197
Epoch 1071/1500 - train 0.140411 - val 0.242476
Epoch 1072/1500 - train 0.140104 - val 0.254149
Epoch 1073/1500 - train 0.139407 - val 0.239030
Epoch 1074/1500 - train 0.140297 - val 0.245483
Epoch 1075/1500 - train 0.142757 - val 0.242078
Epoch 1076/1500 - train 0.143626 - val 0.238297
Epoch 1077/1500 - train 0.139360 - val 0.230838
Epoch 1078/1500 - train 0.138025 - val 0.246371
Epoch 1079/1500 - train 0.139759 - val 0.235109
Epoch 1080/1500 - train 0.140315 - val 0.233496
Epoch 1081/1500 - train 0.136823 - val 0.245874
Epoch 1082/1500 - train 0.140333 - val 0.239042
Epoch 1083/1500 - train 0.136016 - val 0.239317
Epoch 1084/1500 - train 0.142876 - val 0.252603
Epoch 1085/1500 - train 0.141968 - val 0.246205
Epoch 1086/1500 - train 0.142908 - val 0.245272
Epoch 1087/1500 - train 0.138724 - val 0.247607
Epoch 1088/1500 - train 0.137368 - val 0.236302
Epoch 1089/1500 - train 0.140450 - val 0.242489
Epoch 1090/1500 - train 0.138393 - val 0.251958
Epoch 1091/1500 - train 0.139482 - val 0.235041
Epoch 1092/1500 - train 0.137640 - val 0.257179
Epoch 1093/1500 - train 0.152765 - val 0.241774
Epoch 1094/1500 - train 0.140189 - val 0.247571
Epoch 1095/1500 - train 0.152913 - val 0.246909
Epoch 1096/1500 - train 0.141246 - val 0.238958
Epoch 1097/1500 - train 0.140833 - val 0.244992
Epoch 1098/1500 - train 0.143099 - val 0.244815
Epoch 1099/1500 - train 0.136512 - val 0.238969
Epoch 1100/1500 - train 0.138454 - val 0.243600
Epoch 1101/1500 - train 0.139189 - val 0.240984
Epoch 1102/1500 - train 0.140297 - val 0.245893
Epoch 1103/1500 - train 0.141761 - val 0.238545
Epoch 1104/1500 - train 0.141536 - val 0.256198
Epoch 1105/1500 - train 0.142634 - val 0.246075
Epoch 1106/1500 - train 0.141173 - val 0.240876
Epoch 1107/1500 - train 0.135105 - val 0.243533
Epoch 1108/1500 - train 0.138590 - val 0.242478
Epoch 1109/1500 - train 0.135239 - val 0.241120
Epoch 1110/1500 - train 0.136833 - val 0.245480
Epoch 1111/1500 - train 0.141690 - val 0.249650
Epoch 1112/1500 - train 0.142836 - val 0.266041
Epoch 1113/1500 - train 0.143723 - val 0.243665
Epoch 1114/1500 - train 0.137307 - val 0.243294
Epoch 1115/1500 - train 0.139304 - val 0.243046
Epoch 1116/1500 - train 0.140018 - val 0.269526
Epoch 1117/1500 - train 0.154042 - val 0.231927
Epoch 1118/1500 - train 0.137764 - val 0.241298
Epoch 1119/1500 - train 0.142946 - val 0.238637
Epoch 1120/1500 - train 0.139889 - val 0.247210
Epoch 1121/1500 - train 0.149787 - val 0.241321
Epoch 1122/1500 - train 0.139721 - val 0.247485
Epoch 1123/1500 - train 0.139304 - val 0.238748
Epoch 1124/1500 - train 0.137212 - val 0.242990
Epoch 1125/1500 - train 0.133924 - val 0.250950
Epoch 1126/1500 - train 0.138875 - val 0.254083
Epoch 1127/1500 - train 0.139641 - val 0.244656
Epoch 1128/1500 - train 0.138417 - val 0.247697
Epoch 1129/1500 - train 0.141044 - val 0.237628
Epoch 1130/1500 - train 0.140288 - val 0.245329
Epoch 1131/1500 - train 0.138202 - val 0.245285
Epoch 1132/1500 - train 0.140484 - val 0.246294
Epoch 1133/1500 - train 0.140275 - val 0.245191
Epoch 1134/1500 - train 0.137861 - val 0.241573
Epoch 1135/1500 - train 0.145072 - val 0.252033
Epoch 1136/1500 - train 0.144637 - val 0.243727
Epoch 1137/1500 - train 0.140983 - val 0.235447
Epoch 1138/1500 - train 0.136554 - val 0.244393
Epoch 1139/1500 - train 0.140046 - val 0.239570
Epoch 1140/1500 - train 0.146265 - val 0.245718
Epoch 1141/1500 - train 0.140820 - val 0.240591
Epoch 1142/1500 - train 0.137137 - val 0.235378
Epoch 1143/1500 - train 0.139999 - val 0.238516
Epoch 1144/1500 - train 0.139199 - val 0.245492
Epoch 1145/1500 - train 0.141697 - val 0.248866
Epoch 1146/1500 - train 0.139119 - val 0.241089
Epoch 1147/1500 - train 0.139337 - val 0.233372
Epoch 1148/1500 - train 0.136073 - val 0.250485
Epoch 1149/1500 - train 0.143455 - val 0.243458
Epoch 1150/1500 - train 0.137263 - val 0.238820
Epoch 1151/1500 - train 0.135433 - val 0.246068
Epoch 1152/1500 - train 0.143330 - val 0.244426
Epoch 1153/1500 - train 0.138424 - val 0.251026
Epoch 1154/1500 - train 0.147396 - val 0.231795
Epoch 1155/1500 - train 0.142558 - val 0.238746
Epoch 1156/1500 - train 0.141676 - val 0.241379
Epoch 1157/1500 - train 0.144277 - val 0.242248
Epoch 1158/1500 - train 0.146573 - val 0.238715
Epoch 1159/1500 - train 0.138810 - val 0.238517
Epoch 1160/1500 - train 0.135216 - val 0.252572
Epoch 1161/1500 - train 0.139930 - val 0.242520
Epoch 1162/1500 - train 0.134984 - val 0.246886
Epoch 1163/1500 - train 0.141974 - val 0.246388
Epoch 1164/1500 - train 0.139088 - val 0.251737
Epoch 1165/1500 - train 0.139755 - val 0.250362
Epoch 1166/1500 - train 0.137774 - val 0.243494
Epoch 1167/1500 - train 0.138610 - val 0.244694
Epoch 1168/1500 - train 0.139115 - val 0.234741
Epoch 1169/1500 - train 0.137342 - val 0.235387
Epoch 1170/1500 - train 0.135416 - val 0.240337
Epoch 1171/1500 - train 0.138250 - val 0.235352
Epoch 1172/1500 - train 0.134522 - val 0.239342
Epoch 1173/1500 - train 0.138220 - val 0.235651
Epoch 1174/1500 - train 0.140368 - val 0.248799
Epoch 1175/1500 - train 0.143037 - val 0.245293
Epoch 1176/1500 - train 0.141674 - val 0.242194
Epoch 1177/1500 - train 0.138700 - val 0.255469
Epoch 1178/1500 - train 0.149825 - val 0.232725
Epoch 1179/1500 - train 0.141051 - val 0.242433
Epoch 1180/1500 - train 0.141143 - val 0.248671
Epoch 1181/1500 - train 0.140049 - val 0.240465
Epoch 1182/1500 - train 0.137082 - val 0.251844
Epoch 1183/1500 - train 0.138075 - val 0.235542
Epoch 1184/1500 - train 0.140811 - val 0.242339
Epoch 1185/1500 - train 0.137903 - val 0.251891
Epoch 1186/1500 - train 0.140358 - val 0.243528
Epoch 1187/1500 - train 0.143178 - val 0.252444
Epoch 1188/1500 - train 0.144373 - val 0.244582
Epoch 1189/1500 - train 0.137399 - val 0.243975
Epoch 1190/1500 - train 0.136376 - val 0.248366
Epoch 1191/1500 - train 0.147868 - val 0.245066
Epoch 1192/1500 - train 0.141346 - val 0.247729
Epoch 1193/1500 - train 0.141651 - val 0.246893
Epoch 1194/1500 - train 0.136606 - val 0.251674
Epoch 1195/1500 - train 0.140031 - val 0.240889
Epoch 1196/1500 - train 0.137546 - val 0.238925
Epoch 1197/1500 - train 0.136962 - val 0.239613
Epoch 1198/1500 - train 0.138696 - val 0.241707
Epoch 1199/1500 - train 0.136732 - val 0.247806
Epoch 1200/1500 - train 0.138758 - val 0.243373
Epoch 1201/1500 - train 0.138852 - val 0.241894
Epoch 1202/1500 - train 0.134772 - val 0.241609
Epoch 1203/1500 - train 0.140303 - val 0.258571
Epoch 1204/1500 - train 0.143001 - val 0.248091
Epoch 1205/1500 - train 0.144198 - val 0.248392
Epoch 1206/1500 - train 0.147847 - val 0.245033
Epoch 1207/1500 - train 0.143028 - val 0.246395
Epoch 1208/1500 - train 0.136570 - val 0.243960
Epoch 1209/1500 - train 0.137568 - val 0.236268
Epoch 1210/1500 - train 0.133339 - val 0.238136
Epoch 1211/1500 - train 0.136308 - val 0.241160
Epoch 1212/1500 - train 0.136254 - val 0.246483
Epoch 1213/1500 - train 0.143148 - val 0.259376
Epoch 1214/1500 - train 0.140213 - val 0.243808
Epoch 1215/1500 - train 0.139942 - val 0.244458
Epoch 1216/1500 - train 0.137111 - val 0.235771
Epoch 1217/1500 - train 0.137225 - val 0.246975
Epoch 1218/1500 - train 0.139718 - val 0.242165
Epoch 1219/1500 - train 0.138677 - val 0.244614
Epoch 1220/1500 - train 0.140363 - val 0.240263
Epoch 1221/1500 - train 0.137664 - val 0.236959
Epoch 1222/1500 - train 0.135937 - val 0.240060
Epoch 1223/1500 - train 0.137356 - val 0.248999
Epoch 1224/1500 - train 0.139114 - val 0.248312
Epoch 1225/1500 - train 0.140530 - val 0.243978
Epoch 1226/1500 - train 0.140408 - val 0.244304
Epoch 1227/1500 - train 0.141037 - val 0.236327
Epoch 1228/1500 - train 0.137969 - val 0.245672
Epoch 1229/1500 - train 0.142976 - val 0.255540
Epoch 1230/1500 - train 0.141982 - val 0.243389
Epoch 1231/1500 - train 0.139555 - val 0.239411
Epoch 1232/1500 - train 0.136015 - val 0.240604
Epoch 1233/1500 - train 0.137752 - val 0.246376
Epoch 1234/1500 - train 0.144867 - val 0.243323
Epoch 1235/1500 - train 0.138638 - val 0.240819
Epoch 1236/1500 - train 0.141098 - val 0.250398
Epoch 1237/1500 - train 0.141020 - val 0.246650
Epoch 1238/1500 - train 0.140299 - val 0.243293
Epoch 1239/1500 - train 0.136129 - val 0.236847
Epoch 1240/1500 - train 0.139102 - val 0.244461
Epoch 1241/1500 - train 0.142911 - val 0.247143
Epoch 1242/1500 - train 0.139786 - val 0.239851
Epoch 1243/1500 - train 0.141080 - val 0.242412
Epoch 1244/1500 - train 0.139287 - val 0.253917
Epoch 1245/1500 - train 0.144712 - val 0.249679
Epoch 1246/1500 - train 0.135343 - val 0.237536
Epoch 1247/1500 - train 0.135430 - val 0.245899
Epoch 1248/1500 - train 0.139706 - val 0.241710
Epoch 1249/1500 - train 0.138571 - val 0.247899
Epoch 1250/1500 - train 0.138065 - val 0.243867
Epoch 1251/1500 - train 0.137061 - val 0.235712
Epoch 1252/1500 - train 0.134337 - val 0.247463
Epoch 1253/1500 - train 0.140310 - val 0.248376
Epoch 1254/1500 - train 0.144387 - val 0.241323
Epoch 1255/1500 - train 0.139118 - val 0.239858
Epoch 1256/1500 - train 0.137342 - val 0.248267
Epoch 1257/1500 - train 0.139508 - val 0.243516
Epoch 1258/1500 - train 0.137260 - val 0.237341
Epoch 1259/1500 - train 0.136328 - val 0.243664
Epoch 1260/1500 - train 0.138957 - val 0.243716
Epoch 1261/1500 - train 0.140121 - val 0.243235
Epoch 1262/1500 - train 0.139392 - val 0.240910
Epoch 1263/1500 - train 0.140715 - val 0.244641
Epoch 1264/1500 - train 0.140401 - val 0.246878
Epoch 1265/1500 - train 0.139391 - val 0.244814
Epoch 1266/1500 - train 0.138450 - val 0.256209
Epoch 1267/1500 - train 0.141478 - val 0.237605
Epoch 1268/1500 - train 0.136551 - val 0.244994
Epoch 1269/1500 - train 0.137681 - val 0.237721
Epoch 1270/1500 - train 0.135903 - val 0.235077
Epoch 1271/1500 - train 0.139923 - val 0.241589
Epoch 1272/1500 - train 0.142620 - val 0.245230
Epoch 1273/1500 - train 0.138556 - val 0.245466
Epoch 1274/1500 - train 0.141675 - val 0.250455
Epoch 1275/1500 - train 0.138177 - val 0.245874
Epoch 1276/1500 - train 0.135678 - val 0.236085
Epoch 1277/1500 - train 0.140181 - val 0.250206
Epoch 1278/1500 - train 0.138122 - val 0.245669
Epoch 1279/1500 - train 0.141597 - val 0.250830
Epoch 1280/1500 - train 0.143306 - val 0.235930
Epoch 1281/1500 - train 0.137624 - val 0.242313
Epoch 1282/1500 - train 0.143288 - val 0.245028
Epoch 1283/1500 - train 0.142804 - val 0.235801
Epoch 1284/1500 - train 0.136781 - val 0.237658
Epoch 1285/1500 - train 0.147550 - val 0.239520
Epoch 1286/1500 - train 0.140802 - val 0.241973
Epoch 1287/1500 - train 0.136816 - val 0.243413
Epoch 1288/1500 - train 0.136696 - val 0.244898
Epoch 1289/1500 - train 0.138578 - val 0.241328
Epoch 1290/1500 - train 0.139954 - val 0.250142
Epoch 1291/1500 - train 0.136084 - val 0.233424
Epoch 1292/1500 - train 0.136723 - val 0.249534
Epoch 1293/1500 - train 0.137025 - val 0.237898
Epoch 1294/1500 - train 0.140180 - val 0.252613
Epoch 1295/1500 - train 0.137780 - val 0.249901
Epoch 1296/1500 - train 0.146133 - val 0.249900
Epoch 1297/1500 - train 0.141257 - val 0.238831
Epoch 1298/1500 - train 0.145039 - val 0.234227
Epoch 1299/1500 - train 0.137715 - val 0.243872
Epoch 1300/1500 - train 0.135506 - val 0.250185
Epoch 1301/1500 - train 0.142441 - val 0.244925
Epoch 1302/1500 - train 0.140313 - val 0.242732
Epoch 1303/1500 - train 0.139354 - val 0.244252
Epoch 1304/1500 - train 0.135091 - val 0.235814
Epoch 1305/1500 - train 0.134705 - val 0.243515
Epoch 1306/1500 - train 0.136330 - val 0.248620
Epoch 1307/1500 - train 0.149264 - val 0.247634
Epoch 1308/1500 - train 0.143455 - val 0.241514
Epoch 1309/1500 - train 0.137052 - val 0.253537
Epoch 1310/1500 - train 0.140040 - val 0.259147
Epoch 1311/1500 - train 0.144304 - val 0.247072
Epoch 1312/1500 - train 0.140511 - val 0.253232
Epoch 1313/1500 - train 0.146664 - val 0.233224
Epoch 1314/1500 - train 0.136262 - val 0.246741
Epoch 1315/1500 - train 0.136907 - val 0.237593
Epoch 1316/1500 - train 0.138285 - val 0.249529
Epoch 1317/1500 - train 0.139635 - val 0.242310
Epoch 1318/1500 - train 0.137989 - val 0.246042
Epoch 1319/1500 - train 0.139177 - val 0.237505
Epoch 1320/1500 - train 0.134251 - val 0.242453
Epoch 1321/1500 - train 0.139399 - val 0.233535
Epoch 1322/1500 - train 0.142219 - val 0.241571
Epoch 1323/1500 - train 0.136904 - val 0.254904
Epoch 1324/1500 - train 0.141709 - val 0.236325
Epoch 1325/1500 - train 0.135925 - val 0.241318
Epoch 1326/1500 - train 0.136345 - val 0.236835
Epoch 1327/1500 - train 0.136547 - val 0.242648
Epoch 1328/1500 - train 0.139408 - val 0.247157
Epoch 1329/1500 - train 0.144603 - val 0.241465
Epoch 1330/1500 - train 0.138698 - val 0.238539
Epoch 1331/1500 - train 0.135819 - val 0.251257
Epoch 1332/1500 - train 0.144873 - val 0.247154
Epoch 1333/1500 - train 0.140468 - val 0.247029
Epoch 1334/1500 - train 0.137650 - val 0.237606
Epoch 1335/1500 - train 0.138001 - val 0.241793
Epoch 1336/1500 - train 0.138784 - val 0.242721
Epoch 1337/1500 - train 0.136206 - val 0.243082
Epoch 1338/1500 - train 0.142725 - val 0.245171
Epoch 1339/1500 - train 0.139422 - val 0.263236
Epoch 1340/1500 - train 0.141640 - val 0.248417
Epoch 1341/1500 - train 0.139375 - val 0.238820
Epoch 1342/1500 - train 0.140057 - val 0.249810
Epoch 1343/1500 - train 0.137889 - val 0.248794
Epoch 1344/1500 - train 0.138794 - val 0.246013
Epoch 1345/1500 - train 0.137310 - val 0.262945
Epoch 1346/1500 - train 0.146779 - val 0.243853
Epoch 1347/1500 - train 0.141406 - val 0.236277
Epoch 1348/1500 - train 0.137154 - val 0.237216
Epoch 1349/1500 - train 0.141005 - val 0.242352
Epoch 1350/1500 - train 0.138649 - val 0.243525
Epoch 1351/1500 - train 0.139416 - val 0.253887
Epoch 1352/1500 - train 0.140377 - val 0.245629
Epoch 1353/1500 - train 0.136934 - val 0.241439
Epoch 1354/1500 - train 0.134785 - val 0.254654
Epoch 1355/1500 - train 0.141198 - val 0.249163
Epoch 1356/1500 - train 0.137958 - val 0.249363
Epoch 1357/1500 - train 0.139067 - val 0.246556
Epoch 1358/1500 - train 0.135717 - val 0.244970
Epoch 1359/1500 - train 0.138895 - val 0.245082
Epoch 1360/1500 - train 0.138877 - val 0.248339
Epoch 1361/1500 - train 0.138701 - val 0.242321
Epoch 1362/1500 - train 0.137586 - val 0.275638
Epoch 1363/1500 - train 0.151481 - val 0.246616
Epoch 1364/1500 - train 0.139983 - val 0.248680
Epoch 1365/1500 - train 0.140414 - val 0.239316
Epoch 1366/1500 - train 0.135210 - val 0.244468
Epoch 1367/1500 - train 0.137370 - val 0.268958
Epoch 1368/1500 - train 0.154261 - val 0.249273
Epoch 1369/1500 - train 0.144507 - val 0.244330
Epoch 1370/1500 - train 0.141736 - val 0.238510
Epoch 1371/1500 - train 0.133798 - val 0.239387
Epoch 1372/1500 - train 0.134727 - val 0.245319
Epoch 1373/1500 - train 0.136872 - val 0.256784
Epoch 1374/1500 - train 0.143168 - val 0.242105
Epoch 1375/1500 - train 0.138044 - val 0.246882
Epoch 1376/1500 - train 0.139760 - val 0.247868
Epoch 1377/1500 - train 0.141093 - val 0.252102
Epoch 1378/1500 - train 0.142752 - val 0.251720
Epoch 1379/1500 - train 0.147354 - val 0.239722
Epoch 1380/1500 - train 0.135730 - val 0.261042
Epoch 1381/1500 - train 0.143161 - val 0.242504
Epoch 1382/1500 - train 0.134810 - val 0.243686
Epoch 1383/1500 - train 0.136505 - val 0.250509
Epoch 1384/1500 - train 0.138332 - val 0.240792
Epoch 1385/1500 - train 0.139179 - val 0.239251
Epoch 1386/1500 - train 0.137050 - val 0.236948
Epoch 1387/1500 - train 0.140199 - val 0.245723
Epoch 1388/1500 - train 0.135510 - val 0.235493
Epoch 1389/1500 - train 0.134120 - val 0.240995
Epoch 1390/1500 - train 0.139937 - val 0.241571
Epoch 1391/1500 - train 0.142965 - val 0.243577
Epoch 1392/1500 - train 0.140042 - val 0.249839
Epoch 1393/1500 - train 0.141957 - val 0.250504
Epoch 1394/1500 - train 0.137561 - val 0.260075
Epoch 1395/1500 - train 0.137890 - val 0.238581
Epoch 1396/1500 - train 0.138656 - val 0.246855
Epoch 1397/1500 - train 0.141199 - val 0.238016
Epoch 1398/1500 - train 0.137591 - val 0.235951
Epoch 1399/1500 - train 0.135483 - val 0.238207
Epoch 1400/1500 - train 0.134119 - val 0.239326
Epoch 1401/1500 - train 0.137655 - val 0.245338
Epoch 1402/1500 - train 0.142224 - val 0.245845
Epoch 1403/1500 - train 0.141712 - val 0.246711
Epoch 1404/1500 - train 0.139814 - val 0.247063
Epoch 1405/1500 - train 0.138701 - val 0.235615
Epoch 1406/1500 - train 0.136250 - val 0.251629
Epoch 1407/1500 - train 0.142657 - val 0.239742
Epoch 1408/1500 - train 0.136152 - val 0.240579
Epoch 1409/1500 - train 0.139765 - val 0.243973
Epoch 1410/1500 - train 0.140983 - val 0.251708
Epoch 1411/1500 - train 0.138341 - val 0.247276
Epoch 1412/1500 - train 0.135729 - val 0.230305
Epoch 1413/1500 - train 0.138672 - val 0.247845
Epoch 1414/1500 - train 0.137932 - val 0.243004
Epoch 1415/1500 - train 0.133383 - val 0.237246
Epoch 1416/1500 - train 0.138709 - val 0.257055
Epoch 1417/1500 - train 0.139168 - val 0.243819
Epoch 1418/1500 - train 0.134316 - val 0.230985
Epoch 1419/1500 - train 0.144066 - val 0.244738
Epoch 1420/1500 - train 0.139646 - val 0.247779
Epoch 1421/1500 - train 0.138816 - val 0.236887
Epoch 1422/1500 - train 0.138288 - val 0.249721
Epoch 1423/1500 - train 0.139579 - val 0.245133
Epoch 1424/1500 - train 0.137430 - val 0.244323
Epoch 1425/1500 - train 0.135953 - val 0.258154
Epoch 1426/1500 - train 0.143587 - val 0.239026
Epoch 1427/1500 - train 0.138311 - val 0.244544
Epoch 1428/1500 - train 0.133148 - val 0.241461
Epoch 1429/1500 - train 0.135167 - val 0.230618
Epoch 1430/1500 - train 0.136984 - val 0.247594
Epoch 1431/1500 - train 0.146166 - val 0.241958
Epoch 1432/1500 - train 0.139588 - val 0.255737
Epoch 1433/1500 - train 0.142728 - val 0.251315
Epoch 1434/1500 - train 0.141344 - val 0.237393
Epoch 1435/1500 - train 0.141226 - val 0.248262
Epoch 1436/1500 - train 0.144433 - val 0.239802
Epoch 1437/1500 - train 0.141211 - val 0.246076
Epoch 1438/1500 - train 0.140338 - val 0.251203
Epoch 1439/1500 - train 0.141653 - val 0.243309
Epoch 1440/1500 - train 0.137211 - val 0.242376
Epoch 1441/1500 - train 0.136428 - val 0.241621
Epoch 1442/1500 - train 0.139452 - val 0.234355
Epoch 1443/1500 - train 0.140583 - val 0.253578
Epoch 1444/1500 - train 0.142145 - val 0.252928
Epoch 1445/1500 - train 0.137290 - val 0.242718
Epoch 1446/1500 - train 0.134849 - val 0.248430
Epoch 1447/1500 - train 0.140447 - val 0.238633
Epoch 1448/1500 - train 0.135807 - val 0.246011
Epoch 1449/1500 - train 0.141802 - val 0.256793
Epoch 1450/1500 - train 0.141619 - val 0.244639
Epoch 1451/1500 - train 0.139065 - val 0.242340
Epoch 1452/1500 - train 0.137591 - val 0.237075
Epoch 1453/1500 - train 0.139149 - val 0.259703
Epoch 1454/1500 - train 0.140992 - val 0.252355
Epoch 1455/1500 - train 0.138296 - val 0.237991
Epoch 1456/1500 - train 0.136439 - val 0.241119
Epoch 1457/1500 - train 0.133354 - val 0.243165
Epoch 1458/1500 - train 0.134455 - val 0.232079
Epoch 1459/1500 - train 0.132767 - val 0.239531
Epoch 1460/1500 - train 0.137786 - val 0.249145
Epoch 1461/1500 - train 0.142052 - val 0.250977
Epoch 1462/1500 - train 0.142568 - val 0.246837
Epoch 1463/1500 - train 0.140192 - val 0.240618
Epoch 1464/1500 - train 0.136255 - val 0.242060
Epoch 1465/1500 - train 0.136334 - val 0.237658
Epoch 1466/1500 - train 0.141834 - val 0.238656
Epoch 1467/1500 - train 0.137223 - val 0.248402
Epoch 1468/1500 - train 0.137819 - val 0.242647
Epoch 1469/1500 - train 0.139889 - val 0.237815
Epoch 1470/1500 - train 0.136705 - val 0.237631
Epoch 1471/1500 - train 0.134493 - val 0.240780
Epoch 1472/1500 - train 0.137038 - val 0.247151
Epoch 1473/1500 - train 0.136854 - val 0.246874
Epoch 1474/1500 - train 0.135747 - val 0.245826
Epoch 1475/1500 - train 0.139945 - val 0.245319
Epoch 1476/1500 - train 0.142120 - val 0.239130
Epoch 1477/1500 - train 0.137625 - val 0.247573
Epoch 1478/1500 - train 0.140157 - val 0.237285
Epoch 1479/1500 - train 0.136946 - val 0.249307
Epoch 1480/1500 - train 0.139016 - val 0.246466
Epoch 1481/1500 - train 0.138467 - val 0.244715
Epoch 1482/1500 - train 0.140071 - val 0.249377
Epoch 1483/1500 - train 0.140600 - val 0.243836
Epoch 1484/1500 - train 0.141256 - val 0.239461
Epoch 1485/1500 - train 0.137180 - val 0.247906
Epoch 1486/1500 - train 0.138874 - val 0.245813
Epoch 1487/1500 - train 0.137418 - val 0.244174
Epoch 1488/1500 - train 0.135378 - val 0.243208
Epoch 1489/1500 - train 0.137520 - val 0.257194
Epoch 1490/1500 - train 0.144187 - val 0.238558
Epoch 1491/1500 - train 0.139744 - val 0.237466
Epoch 1492/1500 - train 0.136351 - val 0.251371
Epoch 1493/1500 - train 0.138054 - val 0.239757
Epoch 1494/1500 - train 0.137502 - val 0.242291
Epoch 1495/1500 - train 0.134052 - val 0.240921
Epoch 1496/1500 - train 0.139464 - val 0.245839
Epoch 1497/1500 - train 0.137962 - val 0.240701
Epoch 1498/1500 - train 0.135976 - val 0.236400
Epoch 1499/1500 - train 0.139700 - val 0.250030
Epoch 1500/1500 - train 0.137745 - val 0.239145
Saved model to /scratch/network/ak9088/NASA-RL-Wavefront-Control/RL/jobs/20251224_231923/exp-fc1-zscore-ep1500-bs2048-lr1e-3-s42-h512-256-128-images-wd0.0005/fc1_best.pth
