y: [[-3.01948577e-01 -1.56999201e-01 -8.37100446e-02 ... -4.71909642e-02
   2.47504022e-02  4.47161568e-07]
 [ 2.74821997e-01 -1.02294907e-01 -5.63746214e-01 ... -4.59444225e-02
  -5.64354733e-02  4.47161568e-07]
 [ 5.95149398e-02  2.33263269e-01 -3.06408316e-01 ...  2.25831587e-02
  -1.20181506e-02  4.47161568e-07]
 ...
 [ 4.42554802e-01  3.15719873e-01  2.77699292e-01 ... -3.95034067e-02
  -1.14195935e-01  4.47161568e-07]
 [ 4.53366876e-01  1.46775022e-01  2.77601451e-01 ...  6.94388151e-03
  -6.98646232e-02  4.47161568e-07]
 [ 4.41307187e-01 -6.00950122e-01 -7.07667843e-02 ... -9.30655524e-02
   9.98187251e-03  4.47161568e-07]]
Dataset loaded: N=100000 (original 100000), C=3, H=28, W=28, y_dim=26
using device: cpu
Epoch 1/1500 - train 0.620017 - val 0.431656
Epoch 2/1500 - train 0.439614 - val 0.378797
Epoch 3/1500 - train 0.398175 - val 0.351329
Epoch 4/1500 - train 0.377150 - val 0.339557
Epoch 5/1500 - train 0.365424 - val 0.343261
Epoch 6/1500 - train 0.358386 - val 0.326352
Epoch 7/1500 - train 0.350872 - val 0.320779
Epoch 8/1500 - train 0.346910 - val 0.324224
Epoch 9/1500 - train 0.343754 - val 0.313542
Epoch 10/1500 - train 0.339590 - val 0.310370
Epoch 11/1500 - train 0.338180 - val 0.311381
Epoch 12/1500 - train 0.334752 - val 0.312096
Epoch 13/1500 - train 0.332534 - val 0.310815
Epoch 14/1500 - train 0.331219 - val 0.304521
Epoch 15/1500 - train 0.329496 - val 0.305809
Epoch 16/1500 - train 0.327624 - val 0.302320
Epoch 17/1500 - train 0.326535 - val 0.300545
Epoch 18/1500 - train 0.324612 - val 0.295428
Epoch 19/1500 - train 0.321789 - val 0.299080
Epoch 20/1500 - train 0.321407 - val 0.297765
Epoch 21/1500 - train 0.321069 - val 0.322968
Epoch 22/1500 - train 0.322691 - val 0.292078
Epoch 23/1500 - train 0.317600 - val 0.297591
Epoch 24/1500 - train 0.318550 - val 0.289422
Epoch 25/1500 - train 0.316169 - val 0.292037
Epoch 26/1500 - train 0.316118 - val 0.292753
Epoch 27/1500 - train 0.314789 - val 0.292854
Epoch 28/1500 - train 0.314739 - val 0.290365
Epoch 29/1500 - train 0.313385 - val 0.296447
Epoch 30/1500 - train 0.314388 - val 0.291620
Epoch 31/1500 - train 0.312408 - val 0.290403
Epoch 32/1500 - train 0.312309 - val 0.296722
Epoch 33/1500 - train 0.311398 - val 0.290218
Epoch 34/1500 - train 0.310075 - val 0.288115
Epoch 35/1500 - train 0.309034 - val 0.292561
Epoch 36/1500 - train 0.310255 - val 0.298248
Epoch 37/1500 - train 0.309612 - val 0.284943
Epoch 38/1500 - train 0.308022 - val 0.281425
Epoch 39/1500 - train 0.307328 - val 0.283037
Epoch 40/1500 - train 0.307255 - val 0.286537
Epoch 41/1500 - train 0.306103 - val 0.286974
Epoch 42/1500 - train 0.308045 - val 0.283096
Epoch 43/1500 - train 0.305140 - val 0.280290
Epoch 44/1500 - train 0.304230 - val 0.282295
Epoch 45/1500 - train 0.303890 - val 0.283528
Epoch 46/1500 - train 0.304748 - val 0.275287
Epoch 47/1500 - train 0.302666 - val 0.278439
Epoch 48/1500 - train 0.303381 - val 0.293005
Epoch 49/1500 - train 0.303691 - val 0.281596
Epoch 50/1500 - train 0.302808 - val 0.274305
Epoch 51/1500 - train 0.302025 - val 0.276090
Epoch 52/1500 - train 0.300665 - val 0.276986
Epoch 53/1500 - train 0.302259 - val 0.279673
Epoch 54/1500 - train 0.300497 - val 0.284382
Epoch 55/1500 - train 0.300840 - val 0.282372
Epoch 56/1500 - train 0.302419 - val 0.271074
Epoch 57/1500 - train 0.299444 - val 0.276277
Epoch 58/1500 - train 0.299195 - val 0.277483
Epoch 59/1500 - train 0.299767 - val 0.282254
Epoch 60/1500 - train 0.299649 - val 0.276231
Epoch 61/1500 - train 0.300229 - val 0.274168
Epoch 62/1500 - train 0.297333 - val 0.277954
Epoch 63/1500 - train 0.299083 - val 0.275540
Epoch 64/1500 - train 0.296689 - val 0.276816
Epoch 65/1500 - train 0.297979 - val 0.270624
Epoch 66/1500 - train 0.295226 - val 0.272596
Epoch 67/1500 - train 0.297284 - val 0.268732
Epoch 68/1500 - train 0.295997 - val 0.269791
Epoch 69/1500 - train 0.294844 - val 0.282037
Epoch 70/1500 - train 0.297070 - val 0.284466
Epoch 71/1500 - train 0.296632 - val 0.275867
Epoch 72/1500 - train 0.295138 - val 0.282139
Epoch 73/1500 - train 0.296113 - val 0.272672
Epoch 74/1500 - train 0.293465 - val 0.269150
Epoch 75/1500 - train 0.292944 - val 0.266973
Epoch 76/1500 - train 0.293141 - val 0.272095
Epoch 77/1500 - train 0.295768 - val 0.271684
Epoch 78/1500 - train 0.293049 - val 0.269468
Epoch 79/1500 - train 0.293940 - val 0.268104
Epoch 80/1500 - train 0.292045 - val 0.260054
Epoch 81/1500 - train 0.290477 - val 0.265012
Epoch 82/1500 - train 0.293137 - val 0.269863
Epoch 83/1500 - train 0.292152 - val 0.266585
Epoch 84/1500 - train 0.292065 - val 0.264523
Epoch 85/1500 - train 0.291250 - val 0.264262
Epoch 86/1500 - train 0.289843 - val 0.261922
Epoch 87/1500 - train 0.290972 - val 0.267340
Epoch 88/1500 - train 0.290093 - val 0.262980
Epoch 89/1500 - train 0.289449 - val 0.267947
Epoch 90/1500 - train 0.290357 - val 0.260191
Epoch 91/1500 - train 0.288734 - val 0.269646
Epoch 92/1500 - train 0.291810 - val 0.268290
Epoch 93/1500 - train 0.288986 - val 0.266128
Epoch 94/1500 - train 0.289285 - val 0.258556
Epoch 95/1500 - train 0.288618 - val 0.257089
Epoch 96/1500 - train 0.286534 - val 0.258899
Epoch 97/1500 - train 0.287074 - val 0.260271
Epoch 98/1500 - train 0.288722 - val 0.262217
Epoch 99/1500 - train 0.286421 - val 0.283780
Epoch 100/1500 - train 0.292279 - val 0.259342
Epoch 101/1500 - train 0.286522 - val 0.267776
Epoch 102/1500 - train 0.286978 - val 0.262294
Epoch 103/1500 - train 0.286601 - val 0.257513
Epoch 104/1500 - train 0.285535 - val 0.262952
Epoch 105/1500 - train 0.286778 - val 0.265461
Epoch 106/1500 - train 0.286422 - val 0.260521
Epoch 107/1500 - train 0.285536 - val 0.261644
Epoch 108/1500 - train 0.284941 - val 0.261207
Epoch 109/1500 - train 0.285360 - val 0.257115
Epoch 110/1500 - train 0.283842 - val 0.266111
Epoch 111/1500 - train 0.286268 - val 0.263640
Epoch 112/1500 - train 0.285246 - val 0.255565
Epoch 113/1500 - train 0.283919 - val 0.255237
Epoch 114/1500 - train 0.283964 - val 0.255925
Epoch 115/1500 - train 0.284705 - val 0.256257
Epoch 116/1500 - train 0.284867 - val 0.258897
Epoch 117/1500 - train 0.285417 - val 0.262362
Epoch 118/1500 - train 0.284583 - val 0.262118
Epoch 119/1500 - train 0.284665 - val 0.254022
Epoch 120/1500 - train 0.282469 - val 0.250112
Epoch 121/1500 - train 0.281824 - val 0.269280
Epoch 122/1500 - train 0.283656 - val 0.253699
Epoch 123/1500 - train 0.282055 - val 0.267180
Epoch 124/1500 - train 0.284118 - val 0.260983
Epoch 125/1500 - train 0.283456 - val 0.248670
Epoch 126/1500 - train 0.280769 - val 0.249894
Epoch 127/1500 - train 0.280263 - val 0.256569
Epoch 128/1500 - train 0.282266 - val 0.254819
Epoch 129/1500 - train 0.281964 - val 0.254845
Epoch 130/1500 - train 0.280800 - val 0.253137
Epoch 131/1500 - train 0.281909 - val 0.265043
Epoch 132/1500 - train 0.283764 - val 0.249686
Epoch 133/1500 - train 0.280801 - val 0.248090
Epoch 134/1500 - train 0.281026 - val 0.251180
Epoch 135/1500 - train 0.280660 - val 0.247653
Epoch 136/1500 - train 0.279960 - val 0.250243
Epoch 137/1500 - train 0.280340 - val 0.250612
Epoch 138/1500 - train 0.280519 - val 0.256495
Epoch 139/1500 - train 0.281431 - val 0.248207
Epoch 140/1500 - train 0.280003 - val 0.254356
Epoch 141/1500 - train 0.280233 - val 0.248242
Epoch 142/1500 - train 0.280997 - val 0.249832
Epoch 143/1500 - train 0.279673 - val 0.253493
Epoch 144/1500 - train 0.281054 - val 0.248878
Epoch 145/1500 - train 0.279179 - val 0.245918
Epoch 146/1500 - train 0.278764 - val 0.258639
Epoch 147/1500 - train 0.281619 - val 0.251501
Epoch 148/1500 - train 0.279944 - val 0.246976
Epoch 149/1500 - train 0.278053 - val 0.249572
Epoch 150/1500 - train 0.279685 - val 0.250926
Epoch 151/1500 - train 0.280101 - val 0.246095
Epoch 152/1500 - train 0.279365 - val 0.245928
Epoch 153/1500 - train 0.279818 - val 0.255616
Epoch 154/1500 - train 0.279074 - val 0.253945
Epoch 155/1500 - train 0.279914 - val 0.250985
Epoch 156/1500 - train 0.278862 - val 0.254934
Epoch 157/1500 - train 0.281050 - val 0.251419
Epoch 158/1500 - train 0.280281 - val 0.243563
Epoch 159/1500 - train 0.277566 - val 0.258517
Epoch 160/1500 - train 0.279368 - val 0.259676
Epoch 161/1500 - train 0.278281 - val 0.244238
Epoch 162/1500 - train 0.277512 - val 0.252250
Epoch 163/1500 - train 0.278603 - val 0.251310
Epoch 164/1500 - train 0.278920 - val 0.247139
Epoch 165/1500 - train 0.278344 - val 0.249560
Epoch 166/1500 - train 0.277866 - val 0.246153
Epoch 167/1500 - train 0.277073 - val 0.251627
Epoch 168/1500 - train 0.279120 - val 0.252651
Epoch 169/1500 - train 0.278715 - val 0.246053
Epoch 170/1500 - train 0.277435 - val 0.249087
Epoch 171/1500 - train 0.279530 - val 0.246580
Epoch 172/1500 - train 0.278045 - val 0.255897
Epoch 173/1500 - train 0.278916 - val 0.248205
Epoch 174/1500 - train 0.276989 - val 0.251331
Epoch 175/1500 - train 0.278705 - val 0.247822
Epoch 176/1500 - train 0.277566 - val 0.249106
Epoch 177/1500 - train 0.277152 - val 0.243046
Epoch 178/1500 - train 0.276022 - val 0.243361
Epoch 179/1500 - train 0.277017 - val 0.248799
Epoch 180/1500 - train 0.278315 - val 0.249061
Epoch 181/1500 - train 0.276528 - val 0.246750
Epoch 182/1500 - train 0.276203 - val 0.244440
Epoch 183/1500 - train 0.276757 - val 0.262678
Epoch 184/1500 - train 0.280344 - val 0.243797
Epoch 185/1500 - train 0.276980 - val 0.249102
Epoch 186/1500 - train 0.277056 - val 0.243801
Epoch 187/1500 - train 0.275645 - val 0.250244
Epoch 188/1500 - train 0.277288 - val 0.252252
Epoch 189/1500 - train 0.276415 - val 0.245628
Epoch 190/1500 - train 0.276384 - val 0.244922
Epoch 191/1500 - train 0.276109 - val 0.247881
Epoch 192/1500 - train 0.276325 - val 0.245821
Epoch 193/1500 - train 0.277187 - val 0.250037
Epoch 194/1500 - train 0.277028 - val 0.250132
Epoch 195/1500 - train 0.276797 - val 0.252775
Epoch 196/1500 - train 0.277842 - val 0.242164
Epoch 197/1500 - train 0.275052 - val 0.250393
Epoch 198/1500 - train 0.278161 - val 0.247261
Epoch 199/1500 - train 0.276324 - val 0.247198
Epoch 200/1500 - train 0.276680 - val 0.247834
Epoch 201/1500 - train 0.276687 - val 0.242274
Epoch 202/1500 - train 0.275607 - val 0.248030
Epoch 203/1500 - train 0.276539 - val 0.251615
Epoch 204/1500 - train 0.277273 - val 0.248622
Epoch 205/1500 - train 0.276628 - val 0.245485
Epoch 206/1500 - train 0.274944 - val 0.246261
Epoch 207/1500 - train 0.276199 - val 0.248182
Epoch 208/1500 - train 0.277125 - val 0.244431
Epoch 209/1500 - train 0.275327 - val 0.250758
Epoch 210/1500 - train 0.276706 - val 0.244877
Epoch 211/1500 - train 0.275069 - val 0.243394
Epoch 212/1500 - train 0.276499 - val 0.247087
Epoch 213/1500 - train 0.275756 - val 0.245474
Epoch 214/1500 - train 0.276621 - val 0.251762
Epoch 215/1500 - train 0.276505 - val 0.249417
Epoch 216/1500 - train 0.277497 - val 0.246885
Epoch 217/1500 - train 0.276244 - val 0.240814
Epoch 218/1500 - train 0.274691 - val 0.250126
Epoch 219/1500 - train 0.276680 - val 0.239973
Epoch 220/1500 - train 0.274217 - val 0.247258
Epoch 221/1500 - train 0.274388 - val 0.245413
Epoch 222/1500 - train 0.274713 - val 0.242118
Epoch 223/1500 - train 0.274931 - val 0.242526
Epoch 224/1500 - train 0.275118 - val 0.254505
Epoch 225/1500 - train 0.277678 - val 0.253463
Epoch 226/1500 - train 0.276369 - val 0.244925
Epoch 227/1500 - train 0.275492 - val 0.249986
Epoch 228/1500 - train 0.276092 - val 0.244449
Epoch 229/1500 - train 0.274849 - val 0.239989
Epoch 230/1500 - train 0.275029 - val 0.246812
Epoch 231/1500 - train 0.275725 - val 0.250606
Epoch 232/1500 - train 0.275721 - val 0.243729
Epoch 233/1500 - train 0.275397 - val 0.254638
Epoch 234/1500 - train 0.276672 - val 0.241354
Epoch 235/1500 - train 0.274572 - val 0.244779
Epoch 236/1500 - train 0.273938 - val 0.238949
Epoch 237/1500 - train 0.273179 - val 0.239436
Epoch 238/1500 - train 0.273770 - val 0.246366
Epoch 239/1500 - train 0.275253 - val 0.247977
Epoch 240/1500 - train 0.274827 - val 0.246063
Epoch 241/1500 - train 0.274675 - val 0.241489
Epoch 242/1500 - train 0.273898 - val 0.241204
Epoch 243/1500 - train 0.274269 - val 0.243667
Epoch 244/1500 - train 0.274090 - val 0.250465
Epoch 245/1500 - train 0.273994 - val 0.246678
Epoch 246/1500 - train 0.274720 - val 0.245044
Epoch 247/1500 - train 0.274190 - val 0.242865
Epoch 248/1500 - train 0.272916 - val 0.238865
Epoch 249/1500 - train 0.273875 - val 0.239240
Epoch 250/1500 - train 0.272388 - val 0.246744
Epoch 251/1500 - train 0.273331 - val 0.244328
Epoch 252/1500 - train 0.273759 - val 0.243069
Epoch 253/1500 - train 0.273217 - val 0.241245
Epoch 254/1500 - train 0.273320 - val 0.252214
Epoch 255/1500 - train 0.275854 - val 0.243767
Epoch 256/1500 - train 0.273388 - val 0.236972
Epoch 257/1500 - train 0.272063 - val 0.245673
Epoch 258/1500 - train 0.273879 - val 0.243559
Epoch 259/1500 - train 0.273102 - val 0.241674
Epoch 260/1500 - train 0.272524 - val 0.250770
Epoch 261/1500 - train 0.273778 - val 0.241895
Epoch 262/1500 - train 0.272858 - val 0.238276
Epoch 263/1500 - train 0.272473 - val 0.245850
Epoch 264/1500 - train 0.274106 - val 0.257209
Epoch 265/1500 - train 0.276099 - val 0.238140
Epoch 266/1500 - train 0.273245 - val 0.246562
Epoch 267/1500 - train 0.274042 - val 0.243211
Epoch 268/1500 - train 0.271757 - val 0.245327
Epoch 269/1500 - train 0.272420 - val 0.243812
Epoch 270/1500 - train 0.272836 - val 0.240249
Epoch 271/1500 - train 0.272633 - val 0.238156
Epoch 272/1500 - train 0.271435 - val 0.238043
Epoch 273/1500 - train 0.271487 - val 0.234757
Epoch 274/1500 - train 0.270818 - val 0.245861
Epoch 275/1500 - train 0.272928 - val 0.250328
Epoch 276/1500 - train 0.274249 - val 0.245302
Epoch 277/1500 - train 0.271828 - val 0.249217
Epoch 278/1500 - train 0.272771 - val 0.242564
Epoch 279/1500 - train 0.273693 - val 0.238211
Epoch 280/1500 - train 0.272239 - val 0.243175
Epoch 281/1500 - train 0.272229 - val 0.235669
Epoch 282/1500 - train 0.270444 - val 0.237702
Epoch 283/1500 - train 0.272256 - val 0.238886
Epoch 284/1500 - train 0.271322 - val 0.236184
Epoch 285/1500 - train 0.270733 - val 0.240834
Epoch 286/1500 - train 0.272598 - val 0.240413
Epoch 287/1500 - train 0.271709 - val 0.235555
Epoch 288/1500 - train 0.270061 - val 0.236671
Epoch 289/1500 - train 0.271135 - val 0.237614
Epoch 290/1500 - train 0.270715 - val 0.247680
Epoch 291/1500 - train 0.272536 - val 0.242156
Epoch 292/1500 - train 0.272709 - val 0.242330
Epoch 293/1500 - train 0.271633 - val 0.236917
Epoch 294/1500 - train 0.270720 - val 0.234607
Epoch 295/1500 - train 0.270386 - val 0.236766
Epoch 296/1500 - train 0.270064 - val 0.238221
Epoch 297/1500 - train 0.270740 - val 0.238657
Epoch 298/1500 - train 0.272375 - val 0.242211
Epoch 299/1500 - train 0.271482 - val 0.241800
Epoch 300/1500 - train 0.273005 - val 0.240342
Epoch 301/1500 - train 0.272092 - val 0.239664
Epoch 302/1500 - train 0.271932 - val 0.243126
Epoch 303/1500 - train 0.272339 - val 0.241992
Epoch 304/1500 - train 0.271633 - val 0.251076
Epoch 305/1500 - train 0.273372 - val 0.240213
Epoch 306/1500 - train 0.271836 - val 0.242352
Epoch 307/1500 - train 0.270731 - val 0.245678
Epoch 308/1500 - train 0.272631 - val 0.238785
Epoch 309/1500 - train 0.270722 - val 0.234555
Epoch 310/1500 - train 0.270677 - val 0.243489
Epoch 311/1500 - train 0.271287 - val 0.240393
Epoch 312/1500 - train 0.271475 - val 0.236337
Epoch 313/1500 - train 0.270709 - val 0.250688
Epoch 314/1500 - train 0.272927 - val 0.235316
Epoch 315/1500 - train 0.271172 - val 0.240311
Epoch 316/1500 - train 0.271119 - val 0.260228
Epoch 317/1500 - train 0.274496 - val 0.243339
Epoch 318/1500 - train 0.270525 - val 0.247387
Epoch 319/1500 - train 0.271602 - val 0.235508
Epoch 320/1500 - train 0.270690 - val 0.241319
Epoch 321/1500 - train 0.271212 - val 0.234708
Epoch 322/1500 - train 0.270372 - val 0.233107
Epoch 323/1500 - train 0.269712 - val 0.240798
Epoch 324/1500 - train 0.271961 - val 0.241205
Epoch 325/1500 - train 0.271155 - val 0.243576
Epoch 326/1500 - train 0.270485 - val 0.251850
Epoch 327/1500 - train 0.274036 - val 0.236605
Epoch 328/1500 - train 0.270652 - val 0.243742
Epoch 329/1500 - train 0.271917 - val 0.238675
Epoch 330/1500 - train 0.272142 - val 0.233037
Epoch 331/1500 - train 0.269545 - val 0.233676
Epoch 332/1500 - train 0.270835 - val 0.243384
Epoch 333/1500 - train 0.271770 - val 0.235875
Epoch 334/1500 - train 0.270763 - val 0.236968
Epoch 335/1500 - train 0.271787 - val 0.253406
Epoch 336/1500 - train 0.273833 - val 0.240316
Epoch 337/1500 - train 0.270819 - val 0.233902
Epoch 338/1500 - train 0.269730 - val 0.236366
Epoch 339/1500 - train 0.271324 - val 0.241350
Epoch 340/1500 - train 0.271475 - val 0.238142
Epoch 341/1500 - train 0.270592 - val 0.237219
Epoch 342/1500 - train 0.270766 - val 0.233340
Epoch 343/1500 - train 0.269458 - val 0.235111
Epoch 344/1500 - train 0.270792 - val 0.244446
Epoch 345/1500 - train 0.271280 - val 0.240282
Epoch 346/1500 - train 0.270997 - val 0.237721
Epoch 347/1500 - train 0.269756 - val 0.240018
Epoch 348/1500 - train 0.270382 - val 0.241204
Epoch 349/1500 - train 0.272016 - val 0.243058
Epoch 350/1500 - train 0.271312 - val 0.237572
Epoch 351/1500 - train 0.270419 - val 0.235055
Epoch 352/1500 - train 0.269878 - val 0.248583
Epoch 353/1500 - train 0.272727 - val 0.236214
Epoch 354/1500 - train 0.270877 - val 0.242768
Epoch 355/1500 - train 0.271036 - val 0.233234
Epoch 356/1500 - train 0.269015 - val 0.245587
Epoch 357/1500 - train 0.271649 - val 0.234996
Epoch 358/1500 - train 0.269777 - val 0.240546
Epoch 359/1500 - train 0.271166 - val 0.240885
Epoch 360/1500 - train 0.271224 - val 0.237263
Epoch 361/1500 - train 0.270019 - val 0.242948
Epoch 362/1500 - train 0.269864 - val 0.239535
Epoch 363/1500 - train 0.270530 - val 0.249121
Epoch 364/1500 - train 0.271839 - val 0.240692
Epoch 365/1500 - train 0.271327 - val 0.236727
Epoch 366/1500 - train 0.270573 - val 0.233259
Epoch 367/1500 - train 0.269853 - val 0.242650
Epoch 368/1500 - train 0.271009 - val 0.238802
Epoch 369/1500 - train 0.270752 - val 0.246120
Epoch 370/1500 - train 0.272674 - val 0.237492
Epoch 371/1500 - train 0.269390 - val 0.236122
Epoch 372/1500 - train 0.270164 - val 0.236326
Epoch 373/1500 - train 0.269519 - val 0.244902
Epoch 374/1500 - train 0.271623 - val 0.238425
Epoch 375/1500 - train 0.269044 - val 0.236464
Epoch 376/1500 - train 0.269103 - val 0.235764
Epoch 377/1500 - train 0.270280 - val 0.239694
Epoch 378/1500 - train 0.270406 - val 0.248149
Epoch 379/1500 - train 0.271174 - val 0.238199
Epoch 380/1500 - train 0.270238 - val 0.232286
Epoch 381/1500 - train 0.268766 - val 0.231022
Epoch 382/1500 - train 0.268352 - val 0.255354
Epoch 383/1500 - train 0.272668 - val 0.237430
Epoch 384/1500 - train 0.268911 - val 0.235292
Epoch 385/1500 - train 0.269702 - val 0.237830
Epoch 386/1500 - train 0.270370 - val 0.235302
Epoch 387/1500 - train 0.269156 - val 0.238163
Epoch 388/1500 - train 0.269204 - val 0.234902
Epoch 389/1500 - train 0.269940 - val 0.235338
Epoch 390/1500 - train 0.269213 - val 0.246709
Epoch 391/1500 - train 0.271523 - val 0.241701
Epoch 392/1500 - train 0.269936 - val 0.238181
Epoch 393/1500 - train 0.270066 - val 0.232096
Epoch 394/1500 - train 0.269068 - val 0.240049
Epoch 395/1500 - train 0.270712 - val 0.235724
Epoch 396/1500 - train 0.270324 - val 0.235954
Epoch 397/1500 - train 0.270810 - val 0.239774
Epoch 398/1500 - train 0.268929 - val 0.235372
Epoch 399/1500 - train 0.269080 - val 0.238058
Epoch 400/1500 - train 0.269254 - val 0.235936
Epoch 401/1500 - train 0.269908 - val 0.241257
Epoch 402/1500 - train 0.269215 - val 0.233064
Epoch 403/1500 - train 0.269956 - val 0.238479
Epoch 404/1500 - train 0.268406 - val 0.242350
Epoch 405/1500 - train 0.269958 - val 0.236497
Epoch 406/1500 - train 0.269610 - val 0.238200
Epoch 407/1500 - train 0.272054 - val 0.237345
Epoch 408/1500 - train 0.269850 - val 0.239571
Epoch 409/1500 - train 0.270562 - val 0.236450
Epoch 410/1500 - train 0.270224 - val 0.243853
Epoch 411/1500 - train 0.270318 - val 0.239728
Epoch 412/1500 - train 0.270258 - val 0.237617
Epoch 413/1500 - train 0.268728 - val 0.236671
Epoch 414/1500 - train 0.268453 - val 0.247707
Epoch 415/1500 - train 0.271641 - val 0.241039
Epoch 416/1500 - train 0.270993 - val 0.236438
Epoch 417/1500 - train 0.269383 - val 0.236004
Epoch 418/1500 - train 0.268999 - val 0.234194
Epoch 419/1500 - train 0.269253 - val 0.247636
Epoch 420/1500 - train 0.270995 - val 0.241618
Epoch 421/1500 - train 0.269897 - val 0.235805
Epoch 422/1500 - train 0.269021 - val 0.240639
Epoch 423/1500 - train 0.269704 - val 0.238658
Epoch 424/1500 - train 0.269636 - val 0.247822
Epoch 425/1500 - train 0.272975 - val 0.235686
Epoch 426/1500 - train 0.268370 - val 0.237928
Epoch 427/1500 - train 0.269660 - val 0.232981
Epoch 428/1500 - train 0.268756 - val 0.246024
Epoch 429/1500 - train 0.271781 - val 0.244706
Epoch 430/1500 - train 0.270437 - val 0.238169
Epoch 431/1500 - train 0.268533 - val 0.234019
Epoch 432/1500 - train 0.269401 - val 0.233169
Epoch 433/1500 - train 0.268498 - val 0.232671
Epoch 434/1500 - train 0.269487 - val 0.247484
Epoch 435/1500 - train 0.269587 - val 0.239759
Epoch 436/1500 - train 0.270187 - val 0.232975
Epoch 437/1500 - train 0.268637 - val 0.238517
Epoch 438/1500 - train 0.268323 - val 0.245835
Epoch 439/1500 - train 0.270005 - val 0.234840
Epoch 440/1500 - train 0.269167 - val 0.240995
Epoch 441/1500 - train 0.270339 - val 0.236331
Epoch 442/1500 - train 0.269754 - val 0.246296
Epoch 443/1500 - train 0.272097 - val 0.234777
Epoch 444/1500 - train 0.268066 - val 0.243320
Epoch 445/1500 - train 0.269854 - val 0.244121
Epoch 446/1500 - train 0.270932 - val 0.240594
Epoch 447/1500 - train 0.267840 - val 0.237625
Epoch 448/1500 - train 0.270100 - val 0.233672
Epoch 449/1500 - train 0.268714 - val 0.238411
Epoch 450/1500 - train 0.269622 - val 0.242171
Epoch 451/1500 - train 0.270208 - val 0.237964
Epoch 452/1500 - train 0.269947 - val 0.235674
Epoch 453/1500 - train 0.268579 - val 0.238218
Epoch 454/1500 - train 0.269497 - val 0.230986
Epoch 455/1500 - train 0.268031 - val 0.248537
Epoch 456/1500 - train 0.270591 - val 0.235958
Epoch 457/1500 - train 0.269540 - val 0.232411
Epoch 458/1500 - train 0.268674 - val 0.241856
Epoch 459/1500 - train 0.268851 - val 0.239419
Epoch 460/1500 - train 0.268875 - val 0.232306
Epoch 461/1500 - train 0.268321 - val 0.237900
Epoch 462/1500 - train 0.270118 - val 0.233865
Epoch 463/1500 - train 0.269316 - val 0.243060
Epoch 464/1500 - train 0.270123 - val 0.231116
Epoch 465/1500 - train 0.268145 - val 0.233100
Epoch 466/1500 - train 0.267046 - val 0.235380
Epoch 467/1500 - train 0.269637 - val 0.237287
Epoch 468/1500 - train 0.270079 - val 0.240055
Epoch 469/1500 - train 0.268796 - val 0.233368
Epoch 470/1500 - train 0.268465 - val 0.248286
Epoch 471/1500 - train 0.270510 - val 0.234780
Epoch 472/1500 - train 0.269790 - val 0.237811
Epoch 473/1500 - train 0.270608 - val 0.235753
Epoch 474/1500 - train 0.269519 - val 0.246325
Epoch 475/1500 - train 0.270841 - val 0.236890
Epoch 476/1500 - train 0.268978 - val 0.236053
Epoch 477/1500 - train 0.268128 - val 0.238422
Epoch 478/1500 - train 0.270730 - val 0.233106
Epoch 479/1500 - train 0.269658 - val 0.237037
Epoch 480/1500 - train 0.270115 - val 0.241625
Epoch 481/1500 - train 0.269795 - val 0.243975
Epoch 482/1500 - train 0.269598 - val 0.237895
Epoch 483/1500 - train 0.267974 - val 0.255035
Epoch 484/1500 - train 0.271214 - val 0.231841
Epoch 485/1500 - train 0.268901 - val 0.231761
Epoch 486/1500 - train 0.268523 - val 0.241953
Epoch 487/1500 - train 0.269908 - val 0.237060
Epoch 488/1500 - train 0.268887 - val 0.237707
Epoch 489/1500 - train 0.269709 - val 0.237687
Epoch 490/1500 - train 0.269645 - val 0.234208
Epoch 491/1500 - train 0.268601 - val 0.250055
Epoch 492/1500 - train 0.270572 - val 0.237443
Epoch 493/1500 - train 0.269161 - val 0.238871
Epoch 494/1500 - train 0.269716 - val 0.253698
Epoch 495/1500 - train 0.271474 - val 0.236057
Epoch 496/1500 - train 0.269524 - val 0.233769
Epoch 497/1500 - train 0.268182 - val 0.232437
Epoch 498/1500 - train 0.267237 - val 0.239713
Epoch 499/1500 - train 0.269414 - val 0.245695
Epoch 500/1500 - train 0.269968 - val 0.234033
Epoch 501/1500 - train 0.268602 - val 0.242388
Epoch 502/1500 - train 0.268874 - val 0.244969
Epoch 503/1500 - train 0.270345 - val 0.235886
Epoch 504/1500 - train 0.268789 - val 0.235112
Epoch 505/1500 - train 0.268909 - val 0.239577
Epoch 506/1500 - train 0.269703 - val 0.233332
Epoch 507/1500 - train 0.267770 - val 0.237256
Epoch 508/1500 - train 0.270044 - val 0.233065
Epoch 509/1500 - train 0.269043 - val 0.237878
Epoch 510/1500 - train 0.269648 - val 0.239141
Epoch 511/1500 - train 0.268628 - val 0.240493
Epoch 512/1500 - train 0.269037 - val 0.247980
Epoch 513/1500 - train 0.271145 - val 0.239702
Epoch 514/1500 - train 0.268413 - val 0.248080
Epoch 515/1500 - train 0.270743 - val 0.240172
Epoch 516/1500 - train 0.269636 - val 0.232416
Epoch 517/1500 - train 0.268233 - val 0.235836
Epoch 518/1500 - train 0.269004 - val 0.239805
Epoch 519/1500 - train 0.269452 - val 0.236282
Epoch 520/1500 - train 0.267756 - val 0.232503
Epoch 521/1500 - train 0.269368 - val 0.232556
Epoch 522/1500 - train 0.268840 - val 0.232926
Epoch 523/1500 - train 0.268940 - val 0.236352
Epoch 524/1500 - train 0.270002 - val 0.239051
Epoch 525/1500 - train 0.270031 - val 0.235547
Epoch 526/1500 - train 0.269934 - val 0.245448
Epoch 527/1500 - train 0.271948 - val 0.241458
Epoch 528/1500 - train 0.269953 - val 0.234608
Epoch 529/1500 - train 0.270562 - val 0.237845
Epoch 530/1500 - train 0.269835 - val 0.234660
Epoch 531/1500 - train 0.267999 - val 0.236606
Epoch 532/1500 - train 0.269115 - val 0.246757
Epoch 533/1500 - train 0.270722 - val 0.235160
Epoch 534/1500 - train 0.268326 - val 0.233370
Epoch 535/1500 - train 0.267950 - val 0.240841
Epoch 536/1500 - train 0.269820 - val 0.238341
Epoch 537/1500 - train 0.269449 - val 0.244779
Epoch 538/1500 - train 0.269388 - val 0.232108
Epoch 539/1500 - train 0.268041 - val 0.233362
Epoch 540/1500 - train 0.267728 - val 0.235888
Epoch 541/1500 - train 0.268809 - val 0.239969
Epoch 542/1500 - train 0.270872 - val 0.234920
Epoch 543/1500 - train 0.268442 - val 0.233247
Epoch 544/1500 - train 0.268502 - val 0.237715
Epoch 545/1500 - train 0.268348 - val 0.240557
Epoch 546/1500 - train 0.269421 - val 0.240406
Epoch 547/1500 - train 0.268652 - val 0.236174
Epoch 548/1500 - train 0.268677 - val 0.239689
Epoch 549/1500 - train 0.269593 - val 0.232472
Epoch 550/1500 - train 0.267908 - val 0.235907
Epoch 551/1500 - train 0.270498 - val 0.235205
Epoch 552/1500 - train 0.268960 - val 0.254435
Epoch 553/1500 - train 0.271105 - val 0.236541
Epoch 554/1500 - train 0.268534 - val 0.234991
Epoch 555/1500 - train 0.268909 - val 0.235320
Epoch 556/1500 - train 0.267958 - val 0.233847
Epoch 557/1500 - train 0.269101 - val 0.235517
Epoch 558/1500 - train 0.268699 - val 0.240350
Epoch 559/1500 - train 0.268598 - val 0.239706
Epoch 560/1500 - train 0.267674 - val 0.240517
Epoch 561/1500 - train 0.269502 - val 0.238585
Epoch 562/1500 - train 0.268720 - val 0.237608
Epoch 563/1500 - train 0.268851 - val 0.234598
Epoch 564/1500 - train 0.268909 - val 0.236219
Epoch 565/1500 - train 0.269153 - val 0.242300
Epoch 566/1500 - train 0.269925 - val 0.234276
Epoch 567/1500 - train 0.269147 - val 0.241963
Epoch 568/1500 - train 0.268865 - val 0.238594
Epoch 569/1500 - train 0.268970 - val 0.245909
Epoch 570/1500 - train 0.270670 - val 0.235823
Epoch 571/1500 - train 0.269688 - val 0.239855
Epoch 572/1500 - train 0.268637 - val 0.238204
Epoch 573/1500 - train 0.269359 - val 0.237331
Epoch 574/1500 - train 0.269629 - val 0.237416
Epoch 575/1500 - train 0.269743 - val 0.242561
Epoch 576/1500 - train 0.269670 - val 0.237085
Epoch 577/1500 - train 0.267944 - val 0.233333
Epoch 578/1500 - train 0.267214 - val 0.244580
Epoch 579/1500 - train 0.270246 - val 0.233212
Epoch 580/1500 - train 0.267563 - val 0.239988
Epoch 581/1500 - train 0.267694 - val 0.235723
Epoch 582/1500 - train 0.267342 - val 0.237671
Epoch 583/1500 - train 0.269540 - val 0.235961
Epoch 584/1500 - train 0.268382 - val 0.236799
Epoch 585/1500 - train 0.269873 - val 0.236402
Epoch 586/1500 - train 0.268836 - val 0.236668
Epoch 587/1500 - train 0.269147 - val 0.239838
Epoch 588/1500 - train 0.269287 - val 0.248897
Epoch 589/1500 - train 0.271214 - val 0.241424
Epoch 590/1500 - train 0.268829 - val 0.236673
Epoch 591/1500 - train 0.269183 - val 0.235287
Epoch 592/1500 - train 0.268224 - val 0.236772
Epoch 593/1500 - train 0.268682 - val 0.247883
Epoch 594/1500 - train 0.270667 - val 0.242442
Epoch 595/1500 - train 0.269517 - val 0.239756
Epoch 596/1500 - train 0.270079 - val 0.234809
Epoch 597/1500 - train 0.268350 - val 0.245059
Epoch 598/1500 - train 0.270167 - val 0.239299
Epoch 599/1500 - train 0.268395 - val 0.236643
Epoch 600/1500 - train 0.269522 - val 0.242245
Epoch 601/1500 - train 0.269357 - val 0.237804
Epoch 602/1500 - train 0.267836 - val 0.237058
Epoch 603/1500 - train 0.268783 - val 0.231364
Epoch 604/1500 - train 0.267602 - val 0.247663
Epoch 605/1500 - train 0.270820 - val 0.237312
Epoch 606/1500 - train 0.268465 - val 0.245598
Epoch 607/1500 - train 0.269155 - val 0.235540
Epoch 608/1500 - train 0.268272 - val 0.233193
Epoch 609/1500 - train 0.268222 - val 0.234151
Epoch 610/1500 - train 0.268540 - val 0.235916
Epoch 611/1500 - train 0.268299 - val 0.240802
Epoch 612/1500 - train 0.270679 - val 0.241414
Epoch 613/1500 - train 0.269602 - val 0.232607
Epoch 614/1500 - train 0.268365 - val 0.235975
Epoch 615/1500 - train 0.268919 - val 0.244093
Epoch 616/1500 - train 0.270078 - val 0.239753
Epoch 617/1500 - train 0.267527 - val 0.234573
Epoch 618/1500 - train 0.268213 - val 0.236998
Epoch 619/1500 - train 0.269409 - val 0.242449
Epoch 620/1500 - train 0.270079 - val 0.239577
Epoch 621/1500 - train 0.269461 - val 0.236618
Epoch 622/1500 - train 0.268118 - val 0.235437
Epoch 623/1500 - train 0.269112 - val 0.236695
Epoch 624/1500 - train 0.270228 - val 0.232674
Epoch 625/1500 - train 0.267513 - val 0.236064
Epoch 626/1500 - train 0.267613 - val 0.236678
Epoch 627/1500 - train 0.267750 - val 0.235833
Epoch 628/1500 - train 0.268714 - val 0.235382
Epoch 629/1500 - train 0.269521 - val 0.232646
Epoch 630/1500 - train 0.268550 - val 0.233989
Epoch 631/1500 - train 0.268868 - val 0.238938
Epoch 632/1500 - train 0.269293 - val 0.243406
Epoch 633/1500 - train 0.268781 - val 0.242916
Epoch 634/1500 - train 0.269193 - val 0.241155
Epoch 635/1500 - train 0.269432 - val 0.238517
Epoch 636/1500 - train 0.270310 - val 0.238051
Epoch 637/1500 - train 0.268171 - val 0.242870
Epoch 638/1500 - train 0.270327 - val 0.231938
Epoch 639/1500 - train 0.268186 - val 0.232452
Epoch 640/1500 - train 0.268389 - val 0.235225
Epoch 641/1500 - train 0.268451 - val 0.240878
Epoch 642/1500 - train 0.268657 - val 0.234415
Epoch 643/1500 - train 0.267659 - val 0.234154
Epoch 644/1500 - train 0.268268 - val 0.234833
Epoch 645/1500 - train 0.268880 - val 0.234505
Epoch 646/1500 - train 0.268112 - val 0.237738
Epoch 647/1500 - train 0.268477 - val 0.238054
Epoch 648/1500 - train 0.269290 - val 0.235805
Epoch 649/1500 - train 0.268388 - val 0.246820
Epoch 650/1500 - train 0.270175 - val 0.243172
Epoch 651/1500 - train 0.268807 - val 0.239831
Epoch 652/1500 - train 0.268635 - val 0.236364
Epoch 653/1500 - train 0.267585 - val 0.242568
Epoch 654/1500 - train 0.269341 - val 0.233631
Epoch 655/1500 - train 0.268806 - val 0.240585
Epoch 656/1500 - train 0.269689 - val 0.236071
Epoch 657/1500 - train 0.268180 - val 0.233386
Epoch 658/1500 - train 0.268627 - val 0.233082
Epoch 659/1500 - train 0.267280 - val 0.235129
Epoch 660/1500 - train 0.269106 - val 0.234713
Epoch 661/1500 - train 0.268703 - val 0.238790
Epoch 662/1500 - train 0.269374 - val 0.247545
Epoch 663/1500 - train 0.269964 - val 0.253049
Epoch 664/1500 - train 0.270929 - val 0.232165
Epoch 665/1500 - train 0.267230 - val 0.235381
Epoch 666/1500 - train 0.268371 - val 0.238874
Epoch 667/1500 - train 0.268792 - val 0.233958
Epoch 668/1500 - train 0.268048 - val 0.232885
Epoch 669/1500 - train 0.268032 - val 0.248143
Epoch 670/1500 - train 0.269558 - val 0.234672
Epoch 671/1500 - train 0.267579 - val 0.230645
Epoch 672/1500 - train 0.268566 - val 0.233818
Epoch 673/1500 - train 0.267159 - val 0.242772
Epoch 674/1500 - train 0.270036 - val 0.234595
Epoch 675/1500 - train 0.268038 - val 0.241904
Epoch 676/1500 - train 0.269192 - val 0.233423
Epoch 677/1500 - train 0.268350 - val 0.243303
Epoch 678/1500 - train 0.268828 - val 0.247261
Epoch 679/1500 - train 0.269663 - val 0.238069
Epoch 680/1500 - train 0.268474 - val 0.236792
Epoch 681/1500 - train 0.269904 - val 0.237911
Epoch 682/1500 - train 0.268500 - val 0.230742
Epoch 683/1500 - train 0.268037 - val 0.241681
Epoch 684/1500 - train 0.269595 - val 0.239181
Epoch 685/1500 - train 0.269268 - val 0.232588
Epoch 686/1500 - train 0.268940 - val 0.238662
Epoch 687/1500 - train 0.269062 - val 0.240695
Epoch 688/1500 - train 0.268842 - val 0.244516
Epoch 689/1500 - train 0.269551 - val 0.235243
Epoch 690/1500 - train 0.268332 - val 0.233211
Epoch 691/1500 - train 0.268368 - val 0.240432
Epoch 692/1500 - train 0.267733 - val 0.232818
Epoch 693/1500 - train 0.266780 - val 0.232735
Epoch 694/1500 - train 0.267736 - val 0.235356
Epoch 695/1500 - train 0.267345 - val 0.245928
Epoch 696/1500 - train 0.270328 - val 0.237076
Epoch 697/1500 - train 0.268458 - val 0.252022
Epoch 698/1500 - train 0.270148 - val 0.248420
Epoch 699/1500 - train 0.269052 - val 0.239304
Epoch 700/1500 - train 0.268307 - val 0.231237
Epoch 701/1500 - train 0.266702 - val 0.233505
Epoch 702/1500 - train 0.267635 - val 0.234484
Epoch 703/1500 - train 0.268120 - val 0.240440
Epoch 704/1500 - train 0.268447 - val 0.232385
Epoch 705/1500 - train 0.267502 - val 0.235814
Epoch 706/1500 - train 0.268313 - val 0.238028
Epoch 707/1500 - train 0.269158 - val 0.232461
Epoch 708/1500 - train 0.268742 - val 0.235328
Epoch 709/1500 - train 0.267260 - val 0.253165
Epoch 710/1500 - train 0.271482 - val 0.237512
Epoch 711/1500 - train 0.269079 - val 0.235993
Epoch 712/1500 - train 0.267957 - val 0.231809
Epoch 713/1500 - train 0.267778 - val 0.236966
Epoch 714/1500 - train 0.269250 - val 0.235605
Epoch 715/1500 - train 0.268692 - val 0.240326
Epoch 716/1500 - train 0.269825 - val 0.242604
Epoch 717/1500 - train 0.268774 - val 0.234337
Epoch 718/1500 - train 0.269207 - val 0.236281
Epoch 719/1500 - train 0.267892 - val 0.231914
Epoch 720/1500 - train 0.267699 - val 0.249954
Epoch 721/1500 - train 0.270940 - val 0.243124
Epoch 722/1500 - train 0.269096 - val 0.237655
Epoch 723/1500 - train 0.267922 - val 0.236929
Epoch 724/1500 - train 0.267652 - val 0.233367
Epoch 725/1500 - train 0.267167 - val 0.234424
Epoch 726/1500 - train 0.267525 - val 0.234440
Epoch 727/1500 - train 0.266873 - val 0.238416
Epoch 728/1500 - train 0.268682 - val 0.232761
Epoch 729/1500 - train 0.267495 - val 0.236997
Epoch 730/1500 - train 0.268566 - val 0.241509
Epoch 731/1500 - train 0.269460 - val 0.240798
Epoch 732/1500 - train 0.270257 - val 0.234533
Epoch 733/1500 - train 0.267601 - val 0.245302
Epoch 734/1500 - train 0.269545 - val 0.232591
Epoch 735/1500 - train 0.265799 - val 0.244706
Epoch 736/1500 - train 0.269119 - val 0.239486
Epoch 737/1500 - train 0.269407 - val 0.241376
Epoch 738/1500 - train 0.269965 - val 0.234022
Epoch 739/1500 - train 0.267891 - val 0.231639
Epoch 740/1500 - train 0.267861 - val 0.235471
Epoch 741/1500 - train 0.268169 - val 0.231067
Epoch 742/1500 - train 0.267564 - val 0.242271
Epoch 743/1500 - train 0.268580 - val 0.236372
Epoch 744/1500 - train 0.267529 - val 0.235580
Epoch 745/1500 - train 0.267154 - val 0.242263
Epoch 746/1500 - train 0.269592 - val 0.236165
Epoch 747/1500 - train 0.268279 - val 0.232933
Epoch 748/1500 - train 0.266931 - val 0.233250
Epoch 749/1500 - train 0.266311 - val 0.238073
Epoch 750/1500 - train 0.268146 - val 0.239736
Epoch 751/1500 - train 0.268975 - val 0.230012
Epoch 752/1500 - train 0.267434 - val 0.233329
Epoch 753/1500 - train 0.268604 - val 0.235864
Epoch 754/1500 - train 0.267981 - val 0.234457
Epoch 755/1500 - train 0.268303 - val 0.237948
Epoch 756/1500 - train 0.268641 - val 0.231379
Epoch 757/1500 - train 0.268433 - val 0.235824
Epoch 758/1500 - train 0.269436 - val 0.231293
Epoch 759/1500 - train 0.267913 - val 0.237545
Epoch 760/1500 - train 0.268463 - val 0.234815
Epoch 761/1500 - train 0.267504 - val 0.233013
Epoch 762/1500 - train 0.268069 - val 0.235089
Epoch 763/1500 - train 0.268336 - val 0.240674
Epoch 764/1500 - train 0.270134 - val 0.233212
Epoch 765/1500 - train 0.268171 - val 0.232850
Epoch 766/1500 - train 0.268627 - val 0.234609
Epoch 767/1500 - train 0.269612 - val 0.246612
Epoch 768/1500 - train 0.270151 - val 0.239927
Epoch 769/1500 - train 0.267547 - val 0.236581
Epoch 770/1500 - train 0.268684 - val 0.236737
Epoch 771/1500 - train 0.268419 - val 0.246674
Epoch 772/1500 - train 0.270928 - val 0.234681
Epoch 773/1500 - train 0.267369 - val 0.236626
Epoch 774/1500 - train 0.266990 - val 0.235609
Epoch 775/1500 - train 0.267456 - val 0.231199
Epoch 776/1500 - train 0.269639 - val 0.239756
Epoch 777/1500 - train 0.268718 - val 0.232114
Epoch 778/1500 - train 0.267285 - val 0.243653
Epoch 779/1500 - train 0.268430 - val 0.234628
Epoch 780/1500 - train 0.268333 - val 0.236688
Epoch 781/1500 - train 0.268231 - val 0.236338
Epoch 782/1500 - train 0.267704 - val 0.241409
Epoch 783/1500 - train 0.268581 - val 0.235842
Epoch 784/1500 - train 0.268653 - val 0.239934
Epoch 785/1500 - train 0.270289 - val 0.237050
Epoch 786/1500 - train 0.268511 - val 0.231351
Epoch 787/1500 - train 0.268350 - val 0.231991
Epoch 788/1500 - train 0.267510 - val 0.234335
Epoch 789/1500 - train 0.267468 - val 0.240160
Epoch 790/1500 - train 0.268174 - val 0.240477
Epoch 791/1500 - train 0.268452 - val 0.237159
Epoch 792/1500 - train 0.269374 - val 0.232309
Epoch 793/1500 - train 0.267696 - val 0.233505
Epoch 794/1500 - train 0.268614 - val 0.235171
Epoch 795/1500 - train 0.269274 - val 0.232626
Epoch 796/1500 - train 0.267536 - val 0.238915
Epoch 797/1500 - train 0.268345 - val 0.239942
Epoch 798/1500 - train 0.269465 - val 0.233975
Epoch 799/1500 - train 0.267945 - val 0.235690
Epoch 800/1500 - train 0.267962 - val 0.240533
Epoch 801/1500 - train 0.269218 - val 0.236242
Epoch 802/1500 - train 0.267560 - val 0.234968
Epoch 803/1500 - train 0.268340 - val 0.237494
Epoch 804/1500 - train 0.268077 - val 0.234993
Epoch 805/1500 - train 0.267446 - val 0.236111
Epoch 806/1500 - train 0.268021 - val 0.234507
Epoch 807/1500 - train 0.268135 - val 0.242659
Epoch 808/1500 - train 0.270829 - val 0.237453
Epoch 809/1500 - train 0.269253 - val 0.232611
Epoch 810/1500 - train 0.267025 - val 0.228520
Epoch 811/1500 - train 0.266339 - val 0.235610
Epoch 812/1500 - train 0.268474 - val 0.250403
Epoch 813/1500 - train 0.270023 - val 0.237682
Epoch 814/1500 - train 0.269991 - val 0.232983
Epoch 815/1500 - train 0.266826 - val 0.242101
Epoch 816/1500 - train 0.269561 - val 0.233963
Epoch 817/1500 - train 0.269077 - val 0.237507
Epoch 818/1500 - train 0.268937 - val 0.249929
Epoch 819/1500 - train 0.269433 - val 0.234234
Epoch 820/1500 - train 0.267683 - val 0.235325
Epoch 821/1500 - train 0.269189 - val 0.232656
Epoch 822/1500 - train 0.267158 - val 0.237557
Epoch 823/1500 - train 0.269174 - val 0.235026
Epoch 824/1500 - train 0.268437 - val 0.244495
Epoch 825/1500 - train 0.270013 - val 0.236025
Epoch 826/1500 - train 0.268301 - val 0.235754
Epoch 827/1500 - train 0.269460 - val 0.242238
Epoch 828/1500 - train 0.268719 - val 0.234952
Epoch 829/1500 - train 0.268908 - val 0.241042
Epoch 830/1500 - train 0.269378 - val 0.231920
Epoch 831/1500 - train 0.266156 - val 0.229644
Epoch 832/1500 - train 0.266964 - val 0.241151
Epoch 833/1500 - train 0.269024 - val 0.231315
Epoch 834/1500 - train 0.267281 - val 0.238398
Epoch 835/1500 - train 0.268272 - val 0.238205
Epoch 836/1500 - train 0.268785 - val 0.234005
Epoch 837/1500 - train 0.267763 - val 0.244652
Epoch 838/1500 - train 0.268585 - val 0.237983
Epoch 839/1500 - train 0.268387 - val 0.236612
Epoch 840/1500 - train 0.268106 - val 0.242155
Epoch 841/1500 - train 0.268319 - val 0.230166
Epoch 842/1500 - train 0.266744 - val 0.233695
Epoch 843/1500 - train 0.267695 - val 0.233554
Epoch 844/1500 - train 0.267590 - val 0.243826
Epoch 845/1500 - train 0.268651 - val 0.233073
Epoch 846/1500 - train 0.266870 - val 0.238058
Epoch 847/1500 - train 0.268086 - val 0.238243
Epoch 848/1500 - train 0.268683 - val 0.232476
Epoch 849/1500 - train 0.267696 - val 0.235100
Epoch 850/1500 - train 0.268778 - val 0.246976
Epoch 851/1500 - train 0.269974 - val 0.243864
Epoch 852/1500 - train 0.269466 - val 0.236990
Epoch 853/1500 - train 0.268064 - val 0.231054
Epoch 854/1500 - train 0.267707 - val 0.233815
Epoch 855/1500 - train 0.268942 - val 0.249161
Epoch 856/1500 - train 0.269812 - val 0.238047
Epoch 857/1500 - train 0.269423 - val 0.237483
Epoch 858/1500 - train 0.268656 - val 0.237292
Epoch 859/1500 - train 0.268858 - val 0.237473
Epoch 860/1500 - train 0.267401 - val 0.231207
Epoch 861/1500 - train 0.267095 - val 0.237878
Epoch 862/1500 - train 0.267440 - val 0.228757
Epoch 863/1500 - train 0.267469 - val 0.232181
Epoch 864/1500 - train 0.267917 - val 0.230457
Epoch 865/1500 - train 0.268428 - val 0.236302
Epoch 866/1500 - train 0.267633 - val 0.237069
Epoch 867/1500 - train 0.269818 - val 0.245099
Epoch 868/1500 - train 0.269748 - val 0.245866
Epoch 869/1500 - train 0.268543 - val 0.243060
Epoch 870/1500 - train 0.268287 - val 0.239347
Epoch 871/1500 - train 0.268113 - val 0.231813
Epoch 872/1500 - train 0.267098 - val 0.235229
Epoch 873/1500 - train 0.268183 - val 0.247818
Epoch 874/1500 - train 0.269074 - val 0.233418
Epoch 875/1500 - train 0.267307 - val 0.239842
Epoch 876/1500 - train 0.267580 - val 0.230648
Epoch 877/1500 - train 0.267654 - val 0.235498
Epoch 878/1500 - train 0.267669 - val 0.231351
Epoch 879/1500 - train 0.266060 - val 0.238369
Epoch 880/1500 - train 0.267552 - val 0.238447
Epoch 881/1500 - train 0.267903 - val 0.236576
Epoch 882/1500 - train 0.268063 - val 0.235022
Epoch 883/1500 - train 0.268903 - val 0.237790
Epoch 884/1500 - train 0.269044 - val 0.235971
Epoch 885/1500 - train 0.268246 - val 0.229107
Epoch 886/1500 - train 0.267810 - val 0.233054
Epoch 887/1500 - train 0.267432 - val 0.233469
Epoch 888/1500 - train 0.268552 - val 0.233207
Epoch 889/1500 - train 0.267821 - val 0.239580
Epoch 890/1500 - train 0.269657 - val 0.235749
Epoch 891/1500 - train 0.267552 - val 0.236559
Epoch 892/1500 - train 0.268097 - val 0.231718
Epoch 893/1500 - train 0.268031 - val 0.242616
Epoch 894/1500 - train 0.268760 - val 0.241290
Epoch 895/1500 - train 0.267033 - val 0.234865
Epoch 896/1500 - train 0.267106 - val 0.241964
Epoch 897/1500 - train 0.268679 - val 0.241427
Epoch 898/1500 - train 0.268541 - val 0.236928
Epoch 899/1500 - train 0.267986 - val 0.238343
Epoch 900/1500 - train 0.268224 - val 0.239467
Epoch 901/1500 - train 0.268319 - val 0.238399
Epoch 902/1500 - train 0.268178 - val 0.237043
Epoch 903/1500 - train 0.269011 - val 0.237059
Epoch 904/1500 - train 0.267193 - val 0.233841
Epoch 905/1500 - train 0.267652 - val 0.231150
Epoch 906/1500 - train 0.267689 - val 0.235081
Epoch 907/1500 - train 0.267879 - val 0.238586
Epoch 908/1500 - train 0.269006 - val 0.238956
Epoch 909/1500 - train 0.266694 - val 0.233436
Epoch 910/1500 - train 0.268026 - val 0.232444
Epoch 911/1500 - train 0.267070 - val 0.238805
Epoch 912/1500 - train 0.268224 - val 0.236918
Epoch 913/1500 - train 0.268580 - val 0.234582
Epoch 914/1500 - train 0.268868 - val 0.237846
Epoch 915/1500 - train 0.267041 - val 0.235959
Epoch 916/1500 - train 0.267668 - val 0.236567
Epoch 917/1500 - train 0.268343 - val 0.242074
Epoch 918/1500 - train 0.269675 - val 0.234351
Epoch 919/1500 - train 0.268019 - val 0.237301
Epoch 920/1500 - train 0.267801 - val 0.238825
Epoch 921/1500 - train 0.268154 - val 0.237703
Epoch 922/1500 - train 0.268438 - val 0.236361
Epoch 923/1500 - train 0.268000 - val 0.240712
Epoch 924/1500 - train 0.269106 - val 0.248188
Epoch 925/1500 - train 0.271085 - val 0.234181
Epoch 926/1500 - train 0.267808 - val 0.238101
Epoch 927/1500 - train 0.268659 - val 0.244330
Epoch 928/1500 - train 0.269369 - val 0.236698
Epoch 929/1500 - train 0.268047 - val 0.228947
Epoch 930/1500 - train 0.266831 - val 0.230553
Epoch 931/1500 - train 0.267239 - val 0.240058
Epoch 932/1500 - train 0.268048 - val 0.239094
Epoch 933/1500 - train 0.268387 - val 0.239042
Epoch 934/1500 - train 0.267320 - val 0.237720
Epoch 935/1500 - train 0.268226 - val 0.253830
Epoch 936/1500 - train 0.269927 - val 0.232179
Epoch 937/1500 - train 0.267443 - val 0.238973
Epoch 938/1500 - train 0.268716 - val 0.233348
Epoch 939/1500 - train 0.267112 - val 0.241734
Epoch 940/1500 - train 0.268141 - val 0.235452
Epoch 941/1500 - train 0.267474 - val 0.236708
Epoch 942/1500 - train 0.268689 - val 0.232403
Epoch 943/1500 - train 0.268099 - val 0.236243
Epoch 944/1500 - train 0.268985 - val 0.239461
Epoch 945/1500 - train 0.268134 - val 0.235663
Epoch 946/1500 - train 0.270048 - val 0.238672
Epoch 947/1500 - train 0.268888 - val 0.240442
Epoch 948/1500 - train 0.268517 - val 0.230247
Epoch 949/1500 - train 0.267463 - val 0.239322
Epoch 950/1500 - train 0.267224 - val 0.234105
Epoch 951/1500 - train 0.266940 - val 0.239675
Epoch 952/1500 - train 0.268727 - val 0.231375
Epoch 953/1500 - train 0.267887 - val 0.233884
Epoch 954/1500 - train 0.267602 - val 0.235534
Epoch 955/1500 - train 0.267527 - val 0.247565
Epoch 956/1500 - train 0.269256 - val 0.232097
Epoch 957/1500 - train 0.267272 - val 0.231490
Epoch 958/1500 - train 0.267977 - val 0.234705
Epoch 959/1500 - train 0.268328 - val 0.229643
Epoch 960/1500 - train 0.266793 - val 0.234729
Epoch 961/1500 - train 0.269124 - val 0.238673
Epoch 962/1500 - train 0.268644 - val 0.242884
Epoch 963/1500 - train 0.269121 - val 0.239314
Epoch 964/1500 - train 0.267748 - val 0.234857
Epoch 965/1500 - train 0.267579 - val 0.233425
Epoch 966/1500 - train 0.267502 - val 0.234910
Epoch 967/1500 - train 0.267867 - val 0.233549
Epoch 968/1500 - train 0.268003 - val 0.242113
Epoch 969/1500 - train 0.268560 - val 0.239390
Epoch 970/1500 - train 0.268330 - val 0.234183
Epoch 971/1500 - train 0.267023 - val 0.241216
Epoch 972/1500 - train 0.269414 - val 0.227899
Epoch 973/1500 - train 0.266639 - val 0.235968
Epoch 974/1500 - train 0.269090 - val 0.235615
Epoch 975/1500 - train 0.269064 - val 0.231423
Epoch 976/1500 - train 0.268296 - val 0.236955
Epoch 977/1500 - train 0.268865 - val 0.231994
Epoch 978/1500 - train 0.267677 - val 0.231085
Epoch 979/1500 - train 0.267267 - val 0.251747
Epoch 980/1500 - train 0.269673 - val 0.235545
Epoch 981/1500 - train 0.267758 - val 0.229936
Epoch 982/1500 - train 0.267745 - val 0.239812
Epoch 983/1500 - train 0.268789 - val 0.237630
Epoch 984/1500 - train 0.267077 - val 0.237179
Epoch 985/1500 - train 0.267989 - val 0.231863
Epoch 986/1500 - train 0.267437 - val 0.238419
Epoch 987/1500 - train 0.266784 - val 0.237064
Epoch 988/1500 - train 0.268021 - val 0.238337
Epoch 989/1500 - train 0.268417 - val 0.238102
Epoch 990/1500 - train 0.267155 - val 0.234027
Epoch 991/1500 - train 0.266609 - val 0.231888
Epoch 992/1500 - train 0.267546 - val 0.234188
Epoch 993/1500 - train 0.267174 - val 0.232959
Epoch 994/1500 - train 0.267631 - val 0.231682
Epoch 995/1500 - train 0.266460 - val 0.242079
Epoch 996/1500 - train 0.268959 - val 0.232574
Epoch 997/1500 - train 0.267567 - val 0.236128
Epoch 998/1500 - train 0.268627 - val 0.240709
Epoch 999/1500 - train 0.270565 - val 0.235394
Epoch 1000/1500 - train 0.267018 - val 0.240208
Epoch 1001/1500 - train 0.268221 - val 0.237029
Epoch 1002/1500 - train 0.268607 - val 0.229438
Epoch 1003/1500 - train 0.266614 - val 0.240951
Epoch 1004/1500 - train 0.269463 - val 0.232850
Epoch 1005/1500 - train 0.266925 - val 0.238199
Epoch 1006/1500 - train 0.268549 - val 0.245350
Epoch 1007/1500 - train 0.269583 - val 0.235153
Epoch 1008/1500 - train 0.267381 - val 0.230330
Epoch 1009/1500 - train 0.267046 - val 0.234380
Epoch 1010/1500 - train 0.268820 - val 0.234032
Epoch 1011/1500 - train 0.268226 - val 0.233257
Epoch 1012/1500 - train 0.268036 - val 0.234945
Epoch 1013/1500 - train 0.267018 - val 0.231879
Epoch 1014/1500 - train 0.268316 - val 0.235816
Epoch 1015/1500 - train 0.267634 - val 0.233324
Epoch 1016/1500 - train 0.267834 - val 0.244936
Epoch 1017/1500 - train 0.269131 - val 0.232428
Epoch 1018/1500 - train 0.266706 - val 0.237036
Epoch 1019/1500 - train 0.269116 - val 0.229700
Epoch 1020/1500 - train 0.267692 - val 0.236552
Epoch 1021/1500 - train 0.268981 - val 0.230387
Epoch 1022/1500 - train 0.266634 - val 0.241606
Epoch 1023/1500 - train 0.268560 - val 0.238574
Epoch 1024/1500 - train 0.268353 - val 0.234216
Epoch 1025/1500 - train 0.267666 - val 0.237370
Epoch 1026/1500 - train 0.268033 - val 0.236191
Epoch 1027/1500 - train 0.268772 - val 0.236621
Epoch 1028/1500 - train 0.268592 - val 0.235722
Epoch 1029/1500 - train 0.268762 - val 0.229019
Epoch 1030/1500 - train 0.266970 - val 0.231916
Epoch 1031/1500 - train 0.267683 - val 0.238315
Epoch 1032/1500 - train 0.267818 - val 0.235879
Epoch 1033/1500 - train 0.269118 - val 0.237990
Epoch 1034/1500 - train 0.269208 - val 0.235169
Epoch 1035/1500 - train 0.267449 - val 0.240620
Epoch 1036/1500 - train 0.268174 - val 0.230541
Epoch 1037/1500 - train 0.267009 - val 0.231707
Epoch 1038/1500 - train 0.267203 - val 0.233911
Epoch 1039/1500 - train 0.267093 - val 0.235651
Epoch 1040/1500 - train 0.268203 - val 0.230718
Epoch 1041/1500 - train 0.267470 - val 0.231504
Epoch 1042/1500 - train 0.266791 - val 0.234865
Epoch 1043/1500 - train 0.267172 - val 0.233207
Epoch 1044/1500 - train 0.268981 - val 0.242078
Epoch 1045/1500 - train 0.269321 - val 0.233605
Epoch 1046/1500 - train 0.267961 - val 0.234831
Epoch 1047/1500 - train 0.267298 - val 0.234929
Epoch 1048/1500 - train 0.267055 - val 0.235705
Epoch 1049/1500 - train 0.268310 - val 0.237640
Epoch 1050/1500 - train 0.268033 - val 0.235672
Epoch 1051/1500 - train 0.268818 - val 0.241627
Epoch 1052/1500 - train 0.269609 - val 0.241138
Epoch 1053/1500 - train 0.269720 - val 0.235588
Epoch 1054/1500 - train 0.267078 - val 0.247303
Epoch 1055/1500 - train 0.269371 - val 0.234084
Epoch 1056/1500 - train 0.267072 - val 0.234217
Epoch 1057/1500 - train 0.266677 - val 0.232914
Epoch 1058/1500 - train 0.267960 - val 0.246463
Epoch 1059/1500 - train 0.270373 - val 0.234209
Epoch 1060/1500 - train 0.267288 - val 0.228220
Epoch 1061/1500 - train 0.266789 - val 0.238796
Epoch 1062/1500 - train 0.267564 - val 0.229722
Epoch 1063/1500 - train 0.267298 - val 0.234921
Epoch 1064/1500 - train 0.267809 - val 0.232607
Epoch 1065/1500 - train 0.266370 - val 0.244244
Epoch 1066/1500 - train 0.267080 - val 0.232041
Epoch 1067/1500 - train 0.266627 - val 0.236817
Epoch 1068/1500 - train 0.269294 - val 0.241548
Epoch 1069/1500 - train 0.268842 - val 0.229318
Epoch 1070/1500 - train 0.268520 - val 0.240560
Epoch 1071/1500 - train 0.268566 - val 0.232638
Epoch 1072/1500 - train 0.267809 - val 0.239773
Epoch 1073/1500 - train 0.268569 - val 0.234290
Epoch 1074/1500 - train 0.267783 - val 0.235203
Epoch 1075/1500 - train 0.268402 - val 0.231908
Epoch 1076/1500 - train 0.266690 - val 0.234584
Epoch 1077/1500 - train 0.267904 - val 0.237891
Epoch 1078/1500 - train 0.267840 - val 0.231794
Epoch 1079/1500 - train 0.266498 - val 0.232352
Epoch 1080/1500 - train 0.266161 - val 0.238321
Epoch 1081/1500 - train 0.269487 - val 0.234842
Epoch 1082/1500 - train 0.267222 - val 0.231914
Epoch 1083/1500 - train 0.267343 - val 0.235507
Epoch 1084/1500 - train 0.268607 - val 0.236105
Epoch 1085/1500 - train 0.267642 - val 0.236315
Epoch 1086/1500 - train 0.267996 - val 0.242690
Epoch 1087/1500 - train 0.268643 - val 0.232261
Epoch 1088/1500 - train 0.268312 - val 0.237638
Epoch 1089/1500 - train 0.267049 - val 0.242702
Epoch 1090/1500 - train 0.268932 - val 0.234102
Epoch 1091/1500 - train 0.265958 - val 0.229801
Epoch 1092/1500 - train 0.266726 - val 0.244397
Epoch 1093/1500 - train 0.270153 - val 0.228928
Epoch 1094/1500 - train 0.267051 - val 0.233097
Epoch 1095/1500 - train 0.268249 - val 0.236825
Epoch 1096/1500 - train 0.267675 - val 0.235943
Epoch 1097/1500 - train 0.268511 - val 0.231544
Epoch 1098/1500 - train 0.268085 - val 0.232443
Epoch 1099/1500 - train 0.266981 - val 0.239474
Epoch 1100/1500 - train 0.267894 - val 0.238510
Epoch 1101/1500 - train 0.268381 - val 0.230365
Epoch 1102/1500 - train 0.267113 - val 0.234076
Epoch 1103/1500 - train 0.268116 - val 0.230346
Epoch 1104/1500 - train 0.266346 - val 0.236556
Epoch 1105/1500 - train 0.267945 - val 0.235898
Epoch 1106/1500 - train 0.267431 - val 0.232524
Epoch 1107/1500 - train 0.267116 - val 0.234391
Epoch 1108/1500 - train 0.267794 - val 0.232514
Epoch 1109/1500 - train 0.266135 - val 0.236051
Epoch 1110/1500 - train 0.269943 - val 0.243080
Epoch 1111/1500 - train 0.268676 - val 0.245911
Epoch 1112/1500 - train 0.270320 - val 0.233418
Epoch 1113/1500 - train 0.266595 - val 0.250845
Epoch 1114/1500 - train 0.269468 - val 0.241854
Epoch 1115/1500 - train 0.267893 - val 0.234121
Epoch 1116/1500 - train 0.267239 - val 0.231301
Epoch 1117/1500 - train 0.266179 - val 0.236716
Epoch 1118/1500 - train 0.269181 - val 0.235261
Epoch 1119/1500 - train 0.268648 - val 0.231144
Epoch 1120/1500 - train 0.267787 - val 0.238283
Epoch 1121/1500 - train 0.267901 - val 0.228748
Epoch 1122/1500 - train 0.266169 - val 0.249547
Epoch 1123/1500 - train 0.269405 - val 0.237095
Epoch 1124/1500 - train 0.268205 - val 0.232060
Epoch 1125/1500 - train 0.268942 - val 0.242620
Epoch 1126/1500 - train 0.268598 - val 0.237045
Epoch 1127/1500 - train 0.267543 - val 0.234348
Epoch 1128/1500 - train 0.267106 - val 0.231927
Epoch 1129/1500 - train 0.267804 - val 0.238288
Epoch 1130/1500 - train 0.267980 - val 0.240983
Epoch 1131/1500 - train 0.268670 - val 0.246672
Epoch 1132/1500 - train 0.270052 - val 0.234252
Epoch 1133/1500 - train 0.267787 - val 0.233670
Epoch 1134/1500 - train 0.265967 - val 0.234457
Epoch 1135/1500 - train 0.267493 - val 0.230760
Epoch 1136/1500 - train 0.267366 - val 0.233035
Epoch 1137/1500 - train 0.266558 - val 0.239957
Epoch 1138/1500 - train 0.268428 - val 0.232231
Epoch 1139/1500 - train 0.266593 - val 0.229751
Epoch 1140/1500 - train 0.267010 - val 0.237787
Epoch 1141/1500 - train 0.269596 - val 0.244837
Epoch 1142/1500 - train 0.269488 - val 0.232870
Epoch 1143/1500 - train 0.266125 - val 0.234725
Epoch 1144/1500 - train 0.267434 - val 0.233602
Epoch 1145/1500 - train 0.266745 - val 0.236582
Epoch 1146/1500 - train 0.267990 - val 0.241818
Epoch 1147/1500 - train 0.269530 - val 0.238673
Epoch 1148/1500 - train 0.267792 - val 0.237052
Epoch 1149/1500 - train 0.267832 - val 0.231529
Epoch 1150/1500 - train 0.268067 - val 0.235804
Epoch 1151/1500 - train 0.267966 - val 0.236638
Epoch 1152/1500 - train 0.267545 - val 0.240995
Epoch 1153/1500 - train 0.268912 - val 0.229311
Epoch 1154/1500 - train 0.265672 - val 0.233708
Epoch 1155/1500 - train 0.267943 - val 0.234277
Epoch 1156/1500 - train 0.267971 - val 0.228399
Epoch 1157/1500 - train 0.266257 - val 0.231874
Epoch 1158/1500 - train 0.267553 - val 0.236861
Epoch 1159/1500 - train 0.267464 - val 0.242135
Epoch 1160/1500 - train 0.269572 - val 0.238672
Epoch 1161/1500 - train 0.267769 - val 0.235952
Epoch 1162/1500 - train 0.267424 - val 0.238315
Epoch 1163/1500 - train 0.267135 - val 0.234309
Epoch 1164/1500 - train 0.268543 - val 0.229655
Epoch 1165/1500 - train 0.266316 - val 0.237141
Epoch 1166/1500 - train 0.267903 - val 0.238473
Epoch 1167/1500 - train 0.268031 - val 0.235291
Epoch 1168/1500 - train 0.266899 - val 0.232445
Epoch 1169/1500 - train 0.267095 - val 0.232702
Epoch 1170/1500 - train 0.267057 - val 0.230713
Epoch 1171/1500 - train 0.267159 - val 0.233380
Epoch 1172/1500 - train 0.267421 - val 0.229858
Epoch 1173/1500 - train 0.267173 - val 0.239991
Epoch 1174/1500 - train 0.268308 - val 0.235016
Epoch 1175/1500 - train 0.267923 - val 0.231770
Epoch 1176/1500 - train 0.266485 - val 0.245521
Epoch 1177/1500 - train 0.269851 - val 0.236776
Epoch 1178/1500 - train 0.268465 - val 0.242622
Epoch 1179/1500 - train 0.268731 - val 0.238336
Epoch 1180/1500 - train 0.268255 - val 0.236631
Epoch 1181/1500 - train 0.267687 - val 0.235008
Epoch 1182/1500 - train 0.266615 - val 0.236635
Epoch 1183/1500 - train 0.267785 - val 0.237763
Epoch 1184/1500 - train 0.267330 - val 0.242286
Epoch 1185/1500 - train 0.267956 - val 0.241186
Epoch 1186/1500 - train 0.269207 - val 0.231351
Epoch 1187/1500 - train 0.266396 - val 0.239254
Epoch 1188/1500 - train 0.267747 - val 0.232851
Epoch 1189/1500 - train 0.266585 - val 0.238574
Epoch 1190/1500 - train 0.267618 - val 0.236548
Epoch 1191/1500 - train 0.266881 - val 0.235359
Epoch 1192/1500 - train 0.268772 - val 0.232679
Epoch 1193/1500 - train 0.266893 - val 0.246454
Epoch 1194/1500 - train 0.268575 - val 0.239766
Epoch 1195/1500 - train 0.268512 - val 0.233284
Epoch 1196/1500 - train 0.267436 - val 0.229709
Epoch 1197/1500 - train 0.267973 - val 0.234841
Epoch 1198/1500 - train 0.266481 - val 0.234780
Epoch 1199/1500 - train 0.267418 - val 0.241125
Epoch 1200/1500 - train 0.268538 - val 0.241536
Epoch 1201/1500 - train 0.268206 - val 0.231376
Epoch 1202/1500 - train 0.265978 - val 0.233924
Epoch 1203/1500 - train 0.267064 - val 0.241176
Epoch 1204/1500 - train 0.268632 - val 0.233411
Epoch 1205/1500 - train 0.267279 - val 0.242650
Epoch 1206/1500 - train 0.268956 - val 0.229489
Epoch 1207/1500 - train 0.267604 - val 0.248156
Epoch 1208/1500 - train 0.271634 - val 0.234940
Epoch 1209/1500 - train 0.268775 - val 0.239973
Epoch 1210/1500 - train 0.267808 - val 0.249190
Epoch 1211/1500 - train 0.269200 - val 0.235244
Epoch 1212/1500 - train 0.266864 - val 0.233075
Epoch 1213/1500 - train 0.267133 - val 0.233936
Epoch 1214/1500 - train 0.266309 - val 0.232845
Epoch 1215/1500 - train 0.267783 - val 0.233694
Epoch 1216/1500 - train 0.268345 - val 0.233545
Epoch 1217/1500 - train 0.267779 - val 0.235265
Epoch 1218/1500 - train 0.267731 - val 0.231812
Epoch 1219/1500 - train 0.267972 - val 0.230933
Epoch 1220/1500 - train 0.266824 - val 0.233621
Epoch 1221/1500 - train 0.266872 - val 0.238916
Epoch 1222/1500 - train 0.268297 - val 0.231813
Epoch 1223/1500 - train 0.266494 - val 0.232658
Epoch 1224/1500 - train 0.267479 - val 0.239017
Epoch 1225/1500 - train 0.268614 - val 0.238255
Epoch 1226/1500 - train 0.267865 - val 0.232848
Epoch 1227/1500 - train 0.267849 - val 0.234027
Epoch 1228/1500 - train 0.268778 - val 0.242397
Epoch 1229/1500 - train 0.270279 - val 0.230263
Epoch 1230/1500 - train 0.266723 - val 0.230974
Epoch 1231/1500 - train 0.267623 - val 0.237336
Epoch 1232/1500 - train 0.268447 - val 0.234806
Epoch 1233/1500 - train 0.266883 - val 0.235068
Epoch 1234/1500 - train 0.267338 - val 0.246489
Epoch 1235/1500 - train 0.269682 - val 0.238810
Epoch 1236/1500 - train 0.267511 - val 0.236510
Epoch 1237/1500 - train 0.268318 - val 0.229131
Epoch 1238/1500 - train 0.266721 - val 0.237979
Epoch 1239/1500 - train 0.268598 - val 0.233538
Epoch 1240/1500 - train 0.267275 - val 0.230856
Epoch 1241/1500 - train 0.266304 - val 0.239175
Epoch 1242/1500 - train 0.269608 - val 0.236307
Epoch 1243/1500 - train 0.266660 - val 0.240056
Epoch 1244/1500 - train 0.267021 - val 0.233671
Epoch 1245/1500 - train 0.266539 - val 0.232420
Epoch 1246/1500 - train 0.267806 - val 0.233810
Epoch 1247/1500 - train 0.267742 - val 0.236425
Epoch 1248/1500 - train 0.268481 - val 0.240688
Epoch 1249/1500 - train 0.270149 - val 0.237432
Epoch 1250/1500 - train 0.268576 - val 0.230685
Epoch 1251/1500 - train 0.267850 - val 0.247739
Epoch 1252/1500 - train 0.268939 - val 0.237784
Epoch 1253/1500 - train 0.268152 - val 0.229697
Epoch 1254/1500 - train 0.267465 - val 0.231713
Epoch 1255/1500 - train 0.266866 - val 0.249389
Epoch 1256/1500 - train 0.269376 - val 0.232593
Epoch 1257/1500 - train 0.267086 - val 0.244100
Epoch 1258/1500 - train 0.269003 - val 0.244152
Epoch 1259/1500 - train 0.269032 - val 0.228005
Epoch 1260/1500 - train 0.266455 - val 0.243622
Epoch 1261/1500 - train 0.268096 - val 0.231976
Epoch 1262/1500 - train 0.267442 - val 0.236337
Epoch 1263/1500 - train 0.267274 - val 0.230370
Epoch 1264/1500 - train 0.267038 - val 0.234404
Epoch 1265/1500 - train 0.266236 - val 0.236944
Epoch 1266/1500 - train 0.268507 - val 0.232310
Epoch 1267/1500 - train 0.266789 - val 0.238430
Epoch 1268/1500 - train 0.268187 - val 0.232199
Epoch 1269/1500 - train 0.268009 - val 0.228417
Epoch 1270/1500 - train 0.266075 - val 0.238601
Epoch 1271/1500 - train 0.268625 - val 0.236472
Epoch 1272/1500 - train 0.269949 - val 0.234128
Epoch 1273/1500 - train 0.267415 - val 0.244684
Epoch 1274/1500 - train 0.269544 - val 0.243234
Epoch 1275/1500 - train 0.268036 - val 0.232118
Epoch 1276/1500 - train 0.267435 - val 0.238317
Epoch 1277/1500 - train 0.267465 - val 0.231631
Epoch 1278/1500 - train 0.265991 - val 0.236037
Epoch 1279/1500 - train 0.268078 - val 0.237111
Epoch 1280/1500 - train 0.268628 - val 0.239406
Epoch 1281/1500 - train 0.267094 - val 0.235395
Epoch 1282/1500 - train 0.266683 - val 0.237934
Epoch 1283/1500 - train 0.267632 - val 0.231819
Epoch 1284/1500 - train 0.266516 - val 0.239174
Epoch 1285/1500 - train 0.268115 - val 0.233937
Epoch 1286/1500 - train 0.267342 - val 0.231758
Epoch 1287/1500 - train 0.267082 - val 0.232596
Epoch 1288/1500 - train 0.268116 - val 0.236794
Epoch 1289/1500 - train 0.267792 - val 0.237455
Epoch 1290/1500 - train 0.268773 - val 0.241999
Epoch 1291/1500 - train 0.268358 - val 0.234698
Epoch 1292/1500 - train 0.269089 - val 0.236303
Epoch 1293/1500 - train 0.267533 - val 0.231205
Epoch 1294/1500 - train 0.267216 - val 0.240971
Epoch 1295/1500 - train 0.268462 - val 0.235386
Epoch 1296/1500 - train 0.268394 - val 0.236603
Epoch 1297/1500 - train 0.267364 - val 0.236086
Epoch 1298/1500 - train 0.266597 - val 0.239595
Epoch 1299/1500 - train 0.268916 - val 0.235843
Epoch 1300/1500 - train 0.268483 - val 0.236847
Epoch 1301/1500 - train 0.267634 - val 0.230535
Epoch 1302/1500 - train 0.266856 - val 0.234283
Epoch 1303/1500 - train 0.266451 - val 0.228353
Epoch 1304/1500 - train 0.267144 - val 0.240791
Epoch 1305/1500 - train 0.268247 - val 0.237663
Epoch 1306/1500 - train 0.267087 - val 0.233538
Epoch 1307/1500 - train 0.267666 - val 0.228808
Epoch 1308/1500 - train 0.266555 - val 0.235070
Epoch 1309/1500 - train 0.267850 - val 0.234183
Epoch 1310/1500 - train 0.266662 - val 0.236591
Epoch 1311/1500 - train 0.268493 - val 0.244054
Epoch 1312/1500 - train 0.268266 - val 0.240541
Epoch 1313/1500 - train 0.268610 - val 0.236252
Epoch 1314/1500 - train 0.268258 - val 0.230744
Epoch 1315/1500 - train 0.267385 - val 0.232711
Epoch 1316/1500 - train 0.267046 - val 0.239535
Epoch 1317/1500 - train 0.268020 - val 0.235047
Epoch 1318/1500 - train 0.266355 - val 0.236461
Epoch 1319/1500 - train 0.267840 - val 0.240481
Epoch 1320/1500 - train 0.268031 - val 0.243193
Epoch 1321/1500 - train 0.269142 - val 0.235965
Epoch 1322/1500 - train 0.267248 - val 0.229130
Epoch 1323/1500 - train 0.267669 - val 0.247216
Epoch 1324/1500 - train 0.268442 - val 0.233412
Epoch 1325/1500 - train 0.267197 - val 0.238245
Epoch 1326/1500 - train 0.267117 - val 0.229920
Epoch 1327/1500 - train 0.267994 - val 0.243122
Epoch 1328/1500 - train 0.267863 - val 0.233237
Epoch 1329/1500 - train 0.267999 - val 0.232337
Epoch 1330/1500 - train 0.266507 - val 0.233174
Epoch 1331/1500 - train 0.267634 - val 0.231797
Epoch 1332/1500 - train 0.266318 - val 0.237372
Epoch 1333/1500 - train 0.268968 - val 0.229469
Epoch 1334/1500 - train 0.266381 - val 0.238531
Epoch 1335/1500 - train 0.267985 - val 0.232491
Epoch 1336/1500 - train 0.266542 - val 0.234948
Epoch 1337/1500 - train 0.267847 - val 0.235611
Epoch 1338/1500 - train 0.268055 - val 0.256131
Epoch 1339/1500 - train 0.271550 - val 0.237098
Epoch 1340/1500 - train 0.267147 - val 0.234067
Epoch 1341/1500 - train 0.267109 - val 0.234535
Epoch 1342/1500 - train 0.267182 - val 0.232502
Epoch 1343/1500 - train 0.266901 - val 0.234336
Epoch 1344/1500 - train 0.267874 - val 0.235898
Epoch 1345/1500 - train 0.267286 - val 0.239662
Epoch 1346/1500 - train 0.267663 - val 0.231451
Epoch 1347/1500 - train 0.266738 - val 0.237443
Epoch 1348/1500 - train 0.266839 - val 0.238320
Epoch 1349/1500 - train 0.268192 - val 0.240179
Epoch 1350/1500 - train 0.268191 - val 0.230119
Epoch 1351/1500 - train 0.266983 - val 0.242593
Epoch 1352/1500 - train 0.268653 - val 0.235357
Epoch 1353/1500 - train 0.267717 - val 0.235632
Epoch 1354/1500 - train 0.268569 - val 0.235605
Epoch 1355/1500 - train 0.267396 - val 0.236079
Epoch 1356/1500 - train 0.266846 - val 0.239932
Epoch 1357/1500 - train 0.267400 - val 0.231849
Epoch 1358/1500 - train 0.266163 - val 0.236225
Epoch 1359/1500 - train 0.267179 - val 0.240174
Epoch 1360/1500 - train 0.269246 - val 0.244137
Epoch 1361/1500 - train 0.269383 - val 0.240874
Epoch 1362/1500 - train 0.268336 - val 0.249131
Epoch 1363/1500 - train 0.270013 - val 0.238067
Epoch 1364/1500 - train 0.269029 - val 0.234767
Epoch 1365/1500 - train 0.266226 - val 0.235644
Epoch 1366/1500 - train 0.267618 - val 0.228819
Epoch 1367/1500 - train 0.266100 - val 0.242276
Epoch 1368/1500 - train 0.268275 - val 0.238178
Epoch 1369/1500 - train 0.267650 - val 0.236234
Epoch 1370/1500 - train 0.268728 - val 0.231715
Epoch 1371/1500 - train 0.266732 - val 0.238203
Epoch 1372/1500 - train 0.268116 - val 0.232473
Epoch 1373/1500 - train 0.268110 - val 0.238018
Epoch 1374/1500 - train 0.267766 - val 0.232660
Epoch 1375/1500 - train 0.268128 - val 0.227561
Epoch 1376/1500 - train 0.265760 - val 0.243370
Epoch 1377/1500 - train 0.268187 - val 0.233521
Epoch 1378/1500 - train 0.267043 - val 0.233277
Epoch 1379/1500 - train 0.265997 - val 0.231343
Epoch 1380/1500 - train 0.266430 - val 0.237320
Epoch 1381/1500 - train 0.267483 - val 0.234687
Epoch 1382/1500 - train 0.266417 - val 0.235413
Epoch 1383/1500 - train 0.267291 - val 0.235768
Epoch 1384/1500 - train 0.267335 - val 0.235674
Epoch 1385/1500 - train 0.267635 - val 0.249869
Epoch 1386/1500 - train 0.271456 - val 0.236716
Epoch 1387/1500 - train 0.268058 - val 0.230226
Epoch 1388/1500 - train 0.265383 - val 0.240782
Epoch 1389/1500 - train 0.267424 - val 0.242295
Epoch 1390/1500 - train 0.268317 - val 0.229234
Epoch 1391/1500 - train 0.266478 - val 0.233715
Epoch 1392/1500 - train 0.266925 - val 0.236712
Epoch 1393/1500 - train 0.268640 - val 0.236607
Epoch 1394/1500 - train 0.268328 - val 0.236673
Epoch 1395/1500 - train 0.267859 - val 0.235739
Epoch 1396/1500 - train 0.267112 - val 0.242448
Epoch 1397/1500 - train 0.267976 - val 0.228892
Epoch 1398/1500 - train 0.265860 - val 0.233808
Epoch 1399/1500 - train 0.267296 - val 0.234387
Epoch 1400/1500 - train 0.266087 - val 0.229666
Epoch 1401/1500 - train 0.266608 - val 0.231680
Epoch 1402/1500 - train 0.266146 - val 0.243370
Epoch 1403/1500 - train 0.268555 - val 0.237223
Epoch 1404/1500 - train 0.267281 - val 0.233249
Epoch 1405/1500 - train 0.267979 - val 0.237951
Epoch 1406/1500 - train 0.267000 - val 0.233384
Epoch 1407/1500 - train 0.266805 - val 0.241668
Epoch 1408/1500 - train 0.267950 - val 0.232704
Epoch 1409/1500 - train 0.266738 - val 0.236401
Epoch 1410/1500 - train 0.269173 - val 0.233657
Epoch 1411/1500 - train 0.267264 - val 0.241448
Epoch 1412/1500 - train 0.268807 - val 0.229374
Epoch 1413/1500 - train 0.267066 - val 0.233428
Epoch 1414/1500 - train 0.267353 - val 0.237489
Epoch 1415/1500 - train 0.268664 - val 0.235711
Epoch 1416/1500 - train 0.267490 - val 0.233552
Epoch 1417/1500 - train 0.267374 - val 0.234007
Epoch 1418/1500 - train 0.266346 - val 0.234033
Epoch 1419/1500 - train 0.266970 - val 0.239327
Epoch 1420/1500 - train 0.269458 - val 0.232622
Epoch 1421/1500 - train 0.266735 - val 0.236617
Epoch 1422/1500 - train 0.267705 - val 0.239648
Epoch 1423/1500 - train 0.268603 - val 0.241762
Epoch 1424/1500 - train 0.268129 - val 0.240643
Epoch 1425/1500 - train 0.269507 - val 0.233970
Epoch 1426/1500 - train 0.267119 - val 0.234029
Epoch 1427/1500 - train 0.266542 - val 0.229550
Epoch 1428/1500 - train 0.266240 - val 0.239947
Epoch 1429/1500 - train 0.269219 - val 0.232491
Epoch 1430/1500 - train 0.266865 - val 0.239956
Epoch 1431/1500 - train 0.268740 - val 0.233083
Epoch 1432/1500 - train 0.265610 - val 0.231628
Epoch 1433/1500 - train 0.267461 - val 0.241366
Epoch 1434/1500 - train 0.268371 - val 0.238647
Epoch 1435/1500 - train 0.267486 - val 0.233705
Epoch 1436/1500 - train 0.267361 - val 0.232154
Epoch 1437/1500 - train 0.267830 - val 0.233563
Epoch 1438/1500 - train 0.267058 - val 0.231517
Epoch 1439/1500 - train 0.268051 - val 0.234805
Epoch 1440/1500 - train 0.266248 - val 0.235666
Epoch 1441/1500 - train 0.267135 - val 0.236519
Epoch 1442/1500 - train 0.267523 - val 0.240075
Epoch 1443/1500 - train 0.268136 - val 0.244270
Epoch 1444/1500 - train 0.269190 - val 0.237282
Epoch 1445/1500 - train 0.269000 - val 0.231629
Epoch 1446/1500 - train 0.266722 - val 0.235226
Epoch 1447/1500 - train 0.267684 - val 0.241201
Epoch 1448/1500 - train 0.267581 - val 0.241205
Epoch 1449/1500 - train 0.267161 - val 0.235379
Epoch 1450/1500 - train 0.266503 - val 0.240423
Epoch 1451/1500 - train 0.269504 - val 0.243146
Epoch 1452/1500 - train 0.268576 - val 0.229958
Epoch 1453/1500 - train 0.266688 - val 0.247564
Epoch 1454/1500 - train 0.269775 - val 0.231769
Epoch 1455/1500 - train 0.265816 - val 0.245346
Epoch 1456/1500 - train 0.268586 - val 0.233397
Epoch 1457/1500 - train 0.266242 - val 0.245556
Epoch 1458/1500 - train 0.269014 - val 0.231491
Epoch 1459/1500 - train 0.267232 - val 0.236513
Epoch 1460/1500 - train 0.267332 - val 0.236954
Epoch 1461/1500 - train 0.266888 - val 0.232208
Epoch 1462/1500 - train 0.267087 - val 0.230482
Epoch 1463/1500 - train 0.266066 - val 0.237651
Epoch 1464/1500 - train 0.267072 - val 0.243304
Epoch 1465/1500 - train 0.268235 - val 0.232531
Epoch 1466/1500 - train 0.267798 - val 0.233213
Epoch 1467/1500 - train 0.267697 - val 0.238533
Epoch 1468/1500 - train 0.268487 - val 0.237568
Epoch 1469/1500 - train 0.270083 - val 0.237194
Epoch 1470/1500 - train 0.266341 - val 0.235600
Epoch 1471/1500 - train 0.267527 - val 0.231103
Epoch 1472/1500 - train 0.266494 - val 0.232891
Epoch 1473/1500 - train 0.267059 - val 0.241303
Epoch 1474/1500 - train 0.268041 - val 0.232206
Epoch 1475/1500 - train 0.267195 - val 0.230227
Epoch 1476/1500 - train 0.265967 - val 0.235332
Epoch 1477/1500 - train 0.267338 - val 0.238559
Epoch 1478/1500 - train 0.268354 - val 0.231493
Epoch 1479/1500 - train 0.266705 - val 0.233328
Epoch 1480/1500 - train 0.266708 - val 0.236669
Epoch 1481/1500 - train 0.268311 - val 0.233443
Epoch 1482/1500 - train 0.267799 - val 0.230336
Epoch 1483/1500 - train 0.265824 - val 0.239782
Epoch 1484/1500 - train 0.268127 - val 0.242482
Epoch 1485/1500 - train 0.268498 - val 0.236621
Epoch 1486/1500 - train 0.266835 - val 0.234040
Epoch 1487/1500 - train 0.267455 - val 0.237260
Epoch 1488/1500 - train 0.267977 - val 0.229238
Epoch 1489/1500 - train 0.265869 - val 0.242163
Epoch 1490/1500 - train 0.268505 - val 0.239152
Epoch 1491/1500 - train 0.268697 - val 0.234327
Epoch 1492/1500 - train 0.267635 - val 0.230574
Epoch 1493/1500 - train 0.266446 - val 0.247934
Epoch 1494/1500 - train 0.269087 - val 0.231149
Epoch 1495/1500 - train 0.265819 - val 0.233855
Epoch 1496/1500 - train 0.267418 - val 0.232009
Epoch 1497/1500 - train 0.266301 - val 0.235377
Epoch 1498/1500 - train 0.266935 - val 0.237555
Epoch 1499/1500 - train 0.267734 - val 0.252773
Epoch 1500/1500 - train 0.270169 - val 0.235148
Saved model to /scratch/network/ak9088/NASA-RL-Wavefront-Control/RL/jobs/20251224_231923/exp-fc1-zscore-ep1500-bs2048-lr1e-3-s42-h128-64-images-wd0.0005-do0.1/fc1_best.pth
