Using cpu device
Warm-started policy from logs/bc_modal20/bc_policy; log_std set to -2.5
Logging to logs/ppo_finetune_modal20/ppo_finetune_modal20_1
/scratch/network/ak9088/anaconda3/envs/dmrl2/lib/python3.12/site-packages/stable_baselines3/common/callbacks.py:418: UserWarning: Training and eval env are not of the same type<stable_baselines3.common.vec_env.subproc_vec_env.SubprocVecEnv object at 0x1511489e5520> != <stable_baselines3.common.vec_env.dummy_vec_env.DummyVecEnv object at 0x151009643380>
  warnings.warn("Training and eval env are not of the same type" f"{self.training_env} != {self.eval_env}")
---------------------------------
| env/               |          |
|    contrast        | 6.43e-06 |
|    log10_contrast  | -5.28    |
|    strehl          | 0.986    |
| rollout/           |          |
|    ep_len_mean     | 20       |
|    ep_rew_mean     | 0.781    |
| time/              |          |
|    fps             | 85       |
|    iterations      | 1        |
|    time_elapsed    | 14       |
|    total_timesteps | 1280     |
---------------------------------
Early stopping at step 1 due to reaching max kl: 0.13
----------------------------------------
| env/                    |            |
|    contrast             | 6.94e-06   |
|    log10_contrast       | -5.17      |
|    strehl               | 0.986      |
| rollout/                |            |
|    ep_len_mean          | 20         |
|    ep_rew_mean          | 0.812      |
| time/                   |            |
|    fps                  | 84         |
|    iterations           | 2          |
|    time_elapsed         | 30         |
|    total_timesteps      | 2560       |
| train/                  |            |
|    approx_kl            | 0.13308343 |
|    clip_fraction        | 0.298      |
|    clip_range           | 0.2        |
|    entropy_loss         | 21.6       |
|    explained_variance   | -0.178     |
|    learning_rate        | 5e-05      |
|    loss                 | 0.0264     |
|    n_updates            | 2          |
|    policy_gradient_loss | 0.0341     |
|    std                  | 0.0821     |
|    value_loss           | 0.0591     |
----------------------------------------
Early stopping at step 1 due to reaching max kl: 0.11
-----------------------------------------
| env/                    |             |
|    contrast             | 4.42e-06    |
|    log10_contrast       | -5.42       |
|    strehl               | 0.991       |
| rollout/                |             |
|    ep_len_mean          | 20          |
|    ep_rew_mean          | 0.816       |
| time/                   |             |
|    fps                  | 84          |
|    iterations           | 3           |
|    time_elapsed         | 45          |
|    total_timesteps      | 3840        |
| train/                  |             |
|    approx_kl            | 0.070122264 |
|    clip_fraction        | 0.223       |
|    clip_range           | 0.2         |
|    entropy_loss         | 21.6        |
|    explained_variance   | -0.0664     |
|    learning_rate        | 5e-05       |
|    loss                 | 0.00639     |
|    n_updates            | 4           |
|    policy_gradient_loss | 0.0139      |
|    std                  | 0.0821      |
|    value_loss           | 0.0565      |
-----------------------------------------
Early stopping at step 2 due to reaching max kl: 0.13
-----------------------------------------
| env/                    |             |
|    contrast             | 4.71e-06    |
|    log10_contrast       | -5.43       |
|    strehl               | 0.99        |
| rollout/                |             |
|    ep_len_mean          | 20          |
|    ep_rew_mean          | 0.786       |
| time/                   |             |
|    fps                  | 83          |
|    iterations           | 4           |
|    time_elapsed         | 61          |
|    total_timesteps      | 5120        |
| train/                  |             |
|    approx_kl            | 0.087025814 |
|    clip_fraction        | 0.199       |
|    clip_range           | 0.2         |
|    entropy_loss         | 21.6        |
|    explained_variance   | -0.0385     |
|    learning_rate        | 5e-05       |
|    loss                 | -0.0236     |
|    n_updates            | 7           |
|    policy_gradient_loss | -0.0102     |
|    std                  | 0.0821      |
|    value_loss           | 0.0536      |
-----------------------------------------
Early stopping at step 3 due to reaching max kl: 0.08
----------------------------------------
| env/                    |            |
|    contrast             | 4.01e-06   |
|    log10_contrast       | -5.55      |
|    strehl               | 0.991      |
| rollout/                |            |
|    ep_len_mean          | 20         |
|    ep_rew_mean          | 0.78       |
| time/                   |            |
|    fps                  | 83         |
|    iterations           | 5          |
|    time_elapsed         | 76         |
|    total_timesteps      | 6400       |
| train/                  |            |
|    approx_kl            | 0.06275343 |
|    clip_fraction        | 0.267      |
|    clip_range           | 0.2        |
|    entropy_loss         | 21.6       |
|    explained_variance   | -0.147     |
|    learning_rate        | 5e-05      |
|    loss                 | -0.0286    |
|    n_updates            | 11         |
|    policy_gradient_loss | -0.0228    |
|    std                  | 0.0821     |
|    value_loss           | 0.0543     |
----------------------------------------
Early stopping at step 2 due to reaching max kl: 0.09
-----------------------------------------
| env/                    |             |
|    contrast             | 4.37e-06    |
|    log10_contrast       | -5.41       |
|    strehl               | 0.99        |
| rollout/                |             |
|    ep_len_mean          | 20          |
|    ep_rew_mean          | 0.778       |
| time/                   |             |
|    fps                  | 83          |
|    iterations           | 6           |
|    time_elapsed         | 92          |
|    total_timesteps      | 7680        |
| train/                  |             |
|    approx_kl            | 0.061787616 |
|    clip_fraction        | 0.199       |
|    clip_range           | 0.2         |
|    entropy_loss         | 21.6        |
|    explained_variance   | 0.0525      |
|    learning_rate        | 5e-05       |
|    loss                 | -0.00855    |
|    n_updates            | 14          |
|    policy_gradient_loss | -0.0147     |
|    std                  | 0.0821      |
|    value_loss           | 0.0474      |
-----------------------------------------
Early stopping at step 3 due to reaching max kl: 0.09
----------------------------------------
| env/                    |            |
|    contrast             | 4.51e-06   |
|    log10_contrast       | -5.38      |
|    strehl               | 0.99       |
| rollout/                |            |
|    ep_len_mean          | 20         |
|    ep_rew_mean          | 0.79       |
| time/                   |            |
|    fps                  | 82         |
|    iterations           | 7          |
|    time_elapsed         | 108        |
|    total_timesteps      | 8960       |
| train/                  |            |
|    approx_kl            | 0.08529002 |
|    clip_fraction        | 0.228      |
|    clip_range           | 0.2        |
|    entropy_loss         | 21.6       |
|    explained_variance   | 0.0122     |
|    learning_rate        | 5e-05      |
|    loss                 | -0.0394    |
|    n_updates            | 18         |
|    policy_gradient_loss | -0.0208    |
|    std                  | 0.0821     |
|    value_loss           | 0.0467     |
----------------------------------------
Early stopping at step 1 due to reaching max kl: 0.11
Eval num_timesteps=10000, episode_reward=0.89 +/- 0.25
Episode length: 20.00 +/- 0.00
-----------------------------------------
| env/                    |             |
|    contrast             | 4.42e-06    |
|    log10_contrast       | -5.37       |
|    strehl               | 0.991       |
| eval/                   |             |
|    mean_ep_length       | 20          |
|    mean_reward          | 0.885       |
| time/                   |             |
|    total_timesteps      | 10000       |
| train/                  |             |
|    approx_kl            | 0.048380844 |
|    clip_fraction        | 0.166       |
|    clip_range           | 0.2         |
|    entropy_loss         | 21.6        |
|    explained_variance   | 0.0974      |
|    learning_rate        | 5e-05       |
|    loss                 | -0.00154    |
|    n_updates            | 20          |
|    policy_gradient_loss | -0.0027     |
|    std                  | 0.0821      |
|    value_loss           | 0.0465      |
-----------------------------------------
New best mean reward!
---------------------------------
| env/               |          |
|    contrast        | 3.77e-06 |
|    log10_contrast  | -5.47    |
|    strehl          | 0.992    |
| rollout/           |          |
|    ep_len_mean     | 20       |
|    ep_rew_mean     | 0.799    |
| time/              |          |
|    fps             | 78       |
|    iterations      | 8        |
|    time_elapsed    | 130      |
|    total_timesteps | 10240    |
---------------------------------
Early stopping at step 1 due to reaching max kl: 0.08
-----------------------------------------
| env/                    |             |
|    contrast             | 3.93e-06    |
|    log10_contrast       | -5.44       |
|    strehl               | 0.991       |
| rollout/                |             |
|    ep_len_mean          | 20          |
|    ep_rew_mean          | 0.81        |
| time/                   |             |
|    fps                  | 78          |
|    iterations           | 9           |
|    time_elapsed         | 146         |
|    total_timesteps      | 11520       |
| train/                  |             |
|    approx_kl            | 0.048913203 |
|    clip_fraction        | 0.14        |
|    clip_range           | 0.2         |
|    entropy_loss         | 21.6        |
|    explained_variance   | 0.239       |
|    learning_rate        | 5e-05       |
|    loss                 | 0.0259      |
|    n_updates            | 22          |
|    policy_gradient_loss | -0.00191    |
|    std                  | 0.0821      |
|    value_loss           | 0.0376      |
-----------------------------------------
Early stopping at step 3 due to reaching max kl: 0.08
----------------------------------------
| env/                    |            |
|    contrast             | 4.41e-06   |
|    log10_contrast       | -5.43      |
|    strehl               | 0.989      |
| rollout/                |            |
|    ep_len_mean          | 20         |
|    ep_rew_mean          | 0.83       |
| time/                   |            |
|    fps                  | 78         |
|    iterations           | 10         |
|    time_elapsed         | 163        |
|    total_timesteps      | 12800      |
| train/                  |            |
|    approx_kl            | 0.06628963 |
|    clip_fraction        | 0.207      |
|    clip_range           | 0.2        |
|    entropy_loss         | 21.6       |
|    explained_variance   | 0.164      |
|    learning_rate        | 5e-05      |
|    loss                 | -0.0316    |
|    n_updates            | 26         |
|    policy_gradient_loss | -0.0169    |
|    std                  | 0.0821     |
|    value_loss           | 0.0431     |
----------------------------------------
Early stopping at step 2 due to reaching max kl: 0.09
-----------------------------------------
| env/                    |             |
|    contrast             | 4.17e-06    |
|    log10_contrast       | -5.47       |
|    strehl               | 0.991       |
| rollout/                |             |
|    ep_len_mean          | 20          |
|    ep_rew_mean          | 0.785       |
| time/                   |             |
|    fps                  | 78          |
|    iterations           | 11          |
|    time_elapsed         | 180         |
|    total_timesteps      | 14080       |
| train/                  |             |
|    approx_kl            | 0.085409604 |
|    clip_fraction        | 0.223       |
|    clip_range           | 0.2         |
|    entropy_loss         | 21.6        |
|    explained_variance   | 0.339       |
|    learning_rate        | 5e-05       |
|    loss                 | -0.0394     |
|    n_updates            | 29          |
|    policy_gradient_loss | -0.0139     |
|    std                  | 0.0821      |
|    value_loss           | 0.0374      |
-----------------------------------------
Early stopping at step 2 due to reaching max kl: 0.09
-----------------------------------------
| env/                    |             |
|    contrast             | 4.05e-06    |
|    log10_contrast       | -5.5        |
|    strehl               | 0.99        |
| rollout/                |             |
|    ep_len_mean          | 20          |
|    ep_rew_mean          | 0.804       |
| time/                   |             |
|    fps                  | 78          |
|    iterations           | 12          |
|    time_elapsed         | 196         |
|    total_timesteps      | 15360       |
| train/                  |             |
|    approx_kl            | 0.054804467 |
|    clip_fraction        | 0.177       |
|    clip_range           | 0.2         |
|    entropy_loss         | 21.6        |
|    explained_variance   | 0.257       |
|    learning_rate        | 5e-05       |
|    loss                 | -0.0343     |
|    n_updates            | 32          |
|    policy_gradient_loss | -0.0146     |
|    std                  | 0.0821      |
|    value_loss           | 0.0377      |
-----------------------------------------
Early stopping at step 3 due to reaching max kl: 0.11
----------------------------------------
| env/                    |            |
|    contrast             | 3.78e-06   |
|    log10_contrast       | -5.48      |
|    strehl               | 0.992      |
| rollout/                |            |
|    ep_len_mean          | 20         |
|    ep_rew_mean          | 0.791      |
| time/                   |            |
|    fps                  | 77         |
|    iterations           | 13         |
|    time_elapsed         | 213        |
|    total_timesteps      | 16640      |
| train/                  |            |
|    approx_kl            | 0.10550393 |
|    clip_fraction        | 0.166      |
|    clip_range           | 0.2        |
|    entropy_loss         | 21.6       |
|    explained_variance   | 0.289      |
|    learning_rate        | 5e-05      |
|    loss                 | -0.0407    |
|    n_updates            | 36         |
|    policy_gradient_loss | -0.0215    |
|    std                  | 0.0821     |
|    value_loss           | 0.0352     |
----------------------------------------
Early stopping at step 1 due to reaching max kl: 0.08
-----------------------------------------
| env/                    |             |
|    contrast             | 4.33e-06    |
|    log10_contrast       | -5.45       |
|    strehl               | 0.991       |
| rollout/                |             |
|    ep_len_mean          | 20          |
|    ep_rew_mean          | 0.795       |
| time/                   |             |
|    fps                  | 77          |
|    iterations           | 14          |
|    time_elapsed         | 230         |
|    total_timesteps      | 17920       |
| train/                  |             |
|    approx_kl            | 0.047450196 |
|    clip_fraction        | 0.192       |
|    clip_range           | 0.2         |
|    entropy_loss         | 21.6        |
|    explained_variance   | 0.382       |
|    learning_rate        | 5e-05       |
|    loss                 | 0.029       |
|    n_updates            | 38          |
|    policy_gradient_loss | -0.00321    |
|    std                  | 0.0821      |
|    value_loss           | 0.0325      |
-----------------------------------------
Early stopping at step 2 due to reaching max kl: 0.08
----------------------------------------
| env/                    |            |
|    contrast             | 3.73e-06   |
|    log10_contrast       | -5.51      |
|    strehl               | 0.99       |
| rollout/                |            |
|    ep_len_mean          | 20         |
|    ep_rew_mean          | 0.811      |
| time/                   |            |
|    fps                  | 77         |
|    iterations           | 15         |
|    time_elapsed         | 246        |
|    total_timesteps      | 19200      |
| train/                  |            |
|    approx_kl            | 0.08111322 |
|    clip_fraction        | 0.225      |
|    clip_range           | 0.2        |
|    entropy_loss         | 21.6       |
|    explained_variance   | 0.414      |
|    learning_rate        | 5e-05      |
|    loss                 | -0.00836   |
|    n_updates            | 41         |
|    policy_gradient_loss | -0.00659   |
|    std                  | 0.0821     |
|    value_loss           | 0.0316     |
----------------------------------------
Early stopping at step 2 due to reaching max kl: 0.10
Eval num_timesteps=20000, episode_reward=0.97 +/- 0.19
Episode length: 20.00 +/- 0.00
---------------------------------------
| env/                    |           |
|    contrast             | 3.62e-06  |
|    log10_contrast       | -5.51     |
|    strehl               | 0.993     |
| eval/                   |           |
|    mean_ep_length       | 20        |
|    mean_reward          | 0.971     |
| time/                   |           |
|    total_timesteps      | 20000     |
| train/                  |           |
|    approx_kl            | 0.0640529 |
|    clip_fraction        | 0.201     |
|    clip_range           | 0.2       |
|    entropy_loss         | 21.6      |
|    explained_variance   | 0.423     |
|    learning_rate        | 5e-05     |
|    loss                 | -0.0226   |
|    n_updates            | 44        |
|    policy_gradient_loss | -0.00422  |
|    std                  | 0.0821    |
|    value_loss           | 0.0285    |
---------------------------------------
New best mean reward!
---------------------------------
| env/               |          |
|    contrast        | 4.18e-06 |
|    log10_contrast  | -5.44    |
|    strehl          | 0.989    |
| rollout/           |          |
|    ep_len_mean     | 20       |
|    ep_rew_mean     | 0.815    |
| time/              |          |
|    fps             | 75       |
|    iterations      | 16       |
|    time_elapsed    | 270      |
|    total_timesteps | 20480    |
---------------------------------
Early stopping at step 1 due to reaching max kl: 0.10
-----------------------------------------
| env/                    |             |
|    contrast             | 4.15e-06    |
|    log10_contrast       | -5.47       |
|    strehl               | 0.992       |
| rollout/                |             |
|    ep_len_mean          | 20          |
|    ep_rew_mean          | 0.802       |
| time/                   |             |
|    fps                  | 76          |
|    iterations           | 17          |
|    time_elapsed         | 285         |
|    total_timesteps      | 21760       |
| train/                  |             |
|    approx_kl            | 0.044084687 |
|    clip_fraction        | 0.143       |
|    clip_range           | 0.2         |
|    entropy_loss         | 21.6        |
|    explained_variance   | 0.486       |
|    learning_rate        | 5e-05       |
|    loss                 | 0.00652     |
|    n_updates            | 46          |
|    policy_gradient_loss | -0.00379    |
|    std                  | 0.0821      |
|    value_loss           | 0.0253      |
-----------------------------------------
Early stopping at step 2 due to reaching max kl: 0.09
----------------------------------------
| env/                    |            |
|    contrast             | 4.56e-06   |
|    log10_contrast       | -5.36      |
|    strehl               | 0.99       |
| rollout/                |            |
|    ep_len_mean          | 20         |
|    ep_rew_mean          | 0.795      |
| time/                   |            |
|    fps                  | 76         |
|    iterations           | 18         |
|    time_elapsed         | 301        |
|    total_timesteps      | 23040      |
| train/                  |            |
|    approx_kl            | 0.05955659 |
|    clip_fraction        | 0.21       |
|    clip_range           | 0.2        |
|    entropy_loss         | 21.6       |
|    explained_variance   | 0.448      |
|    learning_rate        | 5e-05      |
|    loss                 | -0.0219    |
|    n_updates            | 49         |
|    policy_gradient_loss | -0.0129    |
|    std                  | 0.0821     |
|    value_loss           | 0.0277     |
----------------------------------------
Early stopping at step 4 due to reaching max kl: 0.08
----------------------------------------
| env/                    |            |
|    contrast             | 5.62e-06   |
|    log10_contrast       | -5.28      |
|    strehl               | 0.988      |
| rollout/                |            |
|    ep_len_mean          | 20         |
|    ep_rew_mean          | 0.805      |
| time/                   |            |
|    fps                  | 76         |
|    iterations           | 19         |
|    time_elapsed         | 317        |
|    total_timesteps      | 24320      |
| train/                  |            |
|    approx_kl            | 0.06562192 |
|    clip_fraction        | 0.268      |
|    clip_range           | 0.2        |
|    entropy_loss         | 21.6       |
|    explained_variance   | 0.427      |
|    learning_rate        | 5e-05      |
|    loss                 | -0.0633    |
|    n_updates            | 54         |
|    policy_gradient_loss | -0.0382    |
|    std                  | 0.0821     |
|    value_loss           | 0.0285     |
----------------------------------------
Early stopping at step 3 due to reaching max kl: 0.13
----------------------------------------
| env/                    |            |
|    contrast             | 2.39e-06   |
|    log10_contrast       | -5.67      |
|    strehl               | 0.995      |
| rollout/                |            |
|    ep_len_mean          | 20         |
|    ep_rew_mean          | 0.794      |
| time/                   |            |
|    fps                  | 76         |
|    iterations           | 20         |
|    time_elapsed         | 333        |
|    total_timesteps      | 25600      |
| train/                  |            |
|    approx_kl            | 0.13374653 |
|    clip_fraction        | 0.239      |
|    clip_range           | 0.2        |
|    entropy_loss         | 21.6       |
|    explained_variance   | 0.446      |
|    learning_rate        | 5e-05      |
|    loss                 | -0.0487    |
|    n_updates            | 58         |
|    policy_gradient_loss | -0.0241    |
|    std                  | 0.0821     |
|    value_loss           | 0.0284     |
----------------------------------------
Early stopping at step 2 due to reaching max kl: 0.08
-----------------------------------------
| env/                    |             |
|    contrast             | 4.04e-06    |
|    log10_contrast       | -5.46       |
|    strehl               | 0.99        |
| rollout/                |             |
|    ep_len_mean          | 20          |
|    ep_rew_mean          | 0.814       |
| time/                   |             |
|    fps                  | 77          |
|    iterations           | 21          |
|    time_elapsed         | 348         |
|    total_timesteps      | 26880       |
| train/                  |             |
|    approx_kl            | 0.055815145 |
|    clip_fraction        | 0.168       |
|    clip_range           | 0.2         |
|    entropy_loss         | 21.6        |
|    explained_variance   | 0.471       |
|    learning_rate        | 5e-05       |
|    loss                 | -0.035      |
|    n_updates            | 61          |
|    policy_gradient_loss | -0.0212     |
|    std                  | 0.0821      |
|    value_loss           | 0.0268      |
-----------------------------------------
Early stopping at step 3 due to reaching max kl: 0.09
-----------------------------------------
| env/                    |             |
|    contrast             | 4.59e-06    |
|    log10_contrast       | -5.46       |
|    strehl               | 0.988       |
| rollout/                |             |
|    ep_len_mean          | 20          |
|    ep_rew_mean          | 0.843       |
| time/                   |             |
|    fps                  | 77          |
|    iterations           | 22          |
|    time_elapsed         | 364         |
|    total_timesteps      | 28160       |
| train/                  |             |
|    approx_kl            | 0.057953104 |
|    clip_fraction        | 0.227       |
|    clip_range           | 0.2         |
|    entropy_loss         | 21.6        |
|    explained_variance   | 0.559       |
|    learning_rate        | 5e-05       |
|    loss                 | -0.0556     |
|    n_updates            | 65          |
|    policy_gradient_loss | -0.0333     |
|    std                  | 0.0821      |
|    value_loss           | 0.0227      |
-----------------------------------------
Early stopping at step 2 due to reaching max kl: 0.08
----------------------------------------
| env/                    |            |
|    contrast             | 4.11e-06   |
|    log10_contrast       | -5.44      |
|    strehl               | 0.991      |
| rollout/                |            |
|    ep_len_mean          | 20         |
|    ep_rew_mean          | 0.824      |
| time/                   |            |
|    fps                  | 77         |
|    iterations           | 23         |
|    time_elapsed         | 380        |
|    total_timesteps      | 29440      |
| train/                  |            |
|    approx_kl            | 0.05781565 |
|    clip_fraction        | 0.246      |
|    clip_range           | 0.2        |
|    entropy_loss         | 21.6       |
|    explained_variance   | 0.575      |
|    learning_rate        | 5e-05      |
|    loss                 | -0.0389    |
|    n_updates            | 68         |
|    policy_gradient_loss | -0.0228    |
|    std                  | 0.0821     |
|    value_loss           | 0.0244     |
----------------------------------------
Early stopping at step 3 due to reaching max kl: 0.08
Eval num_timesteps=30000, episode_reward=0.86 +/- 0.14
Episode length: 20.00 +/- 0.00
-----------------------------------------
| env/                    |             |
|    contrast             | 4.31e-06    |
|    log10_contrast       | -5.39       |
|    strehl               | 0.99        |
| eval/                   |             |
|    mean_ep_length       | 20          |
|    mean_reward          | 0.865       |
| time/                   |             |
|    total_timesteps      | 30000       |
| train/                  |             |
|    approx_kl            | 0.069991216 |
|    clip_fraction        | 0.281       |
|    clip_range           | 0.2         |
|    entropy_loss         | 21.6        |
|    explained_variance   | 0.543       |
|    learning_rate        | 5e-05       |
|    loss                 | -0.0526     |
|    n_updates            | 72          |
|    policy_gradient_loss | -0.0246     |
|    std                  | 0.0821      |
|    value_loss           | 0.0245      |
-----------------------------------------
---------------------------------
| env/               |          |
|    contrast        | 4.34e-06 |
|    log10_contrast  | -5.43    |
|    strehl          | 0.988    |
| rollout/           |          |
|    ep_len_mean     | 20       |
|    ep_rew_mean     | 0.825    |
| time/              |          |
|    fps             | 75       |
|    iterations      | 24       |
|    time_elapsed    | 405      |
|    total_timesteps | 30720    |
---------------------------------
Early stopping at step 3 due to reaching max kl: 0.08
-----------------------------------------
| env/                    |             |
|    contrast             | 3.87e-06    |
|    log10_contrast       | -5.45       |
|    strehl               | 0.99        |
| rollout/                |             |
|    ep_len_mean          | 20          |
|    ep_rew_mean          | 0.818       |
| time/                   |             |
|    fps                  | 75          |
|    iterations           | 25          |
|    time_elapsed         | 422         |
|    total_timesteps      | 32000       |
| train/                  |             |
|    approx_kl            | 0.059130132 |
|    clip_fraction        | 0.259       |
|    clip_range           | 0.2         |
|    entropy_loss         | 21.6        |
|    explained_variance   | 0.564       |
|    learning_rate        | 5e-05       |
|    loss                 | -0.048      |
|    n_updates            | 76          |
|    policy_gradient_loss | -0.0273     |
|    std                  | 0.082       |
|    value_loss           | 0.0232      |
-----------------------------------------
Early stopping at step 3 due to reaching max kl: 0.10
-----------------------------------------
| env/                    |             |
|    contrast             | 3.82e-06    |
|    log10_contrast       | -5.51       |
|    strehl               | 0.991       |
| rollout/                |             |
|    ep_len_mean          | 20          |
|    ep_rew_mean          | 0.821       |
| time/                   |             |
|    fps                  | 75          |
|    iterations           | 26          |
|    time_elapsed         | 439         |
|    total_timesteps      | 33280       |
| train/                  |             |
|    approx_kl            | 0.062453263 |
|    clip_fraction        | 0.239       |
|    clip_range           | 0.2         |
|    entropy_loss         | 21.6        |
|    explained_variance   | 0.477       |
|    learning_rate        | 5e-05       |
|    loss                 | -0.0394     |
|    n_updates            | 80          |
|    policy_gradient_loss | -0.023      |
|    std                  | 0.082       |
|    value_loss           | 0.0279      |
-----------------------------------------
Early stopping at step 2 due to reaching max kl: 0.13
-----------------------------------------
| env/                    |             |
|    contrast             | 2.93e-06    |
|    log10_contrast       | -5.59       |
|    strehl               | 0.993       |
| rollout/                |             |
|    ep_len_mean          | 20          |
|    ep_rew_mean          | 0.827       |
| time/                   |             |
|    fps                  | 75          |
|    iterations           | 27          |
|    time_elapsed         | 456         |
|    total_timesteps      | 34560       |
| train/                  |             |
|    approx_kl            | 0.061516874 |
|    clip_fraction        | 0.188       |
|    clip_range           | 0.2         |
|    entropy_loss         | 21.6        |
|    explained_variance   | 0.565       |
|    learning_rate        | 5e-05       |
|    loss                 | -0.0458     |
|    n_updates            | 83          |
|    policy_gradient_loss | -0.0179     |
|    std                  | 0.082       |
|    value_loss           | 0.0225      |
-----------------------------------------
Early stopping at step 2 due to reaching max kl: 0.08
-----------------------------------------
| env/                    |             |
|    contrast             | 4.1e-06     |
|    log10_contrast       | -5.42       |
|    strehl               | 0.992       |
| rollout/                |             |
|    ep_len_mean          | 20          |
|    ep_rew_mean          | 0.832       |
| time/                   |             |
|    fps                  | 75          |
|    iterations           | 28          |
|    time_elapsed         | 473         |
|    total_timesteps      | 35840       |
| train/                  |             |
|    approx_kl            | 0.076323815 |
|    clip_fraction        | 0.215       |
|    clip_range           | 0.2         |
|    entropy_loss         | 21.6        |
|    explained_variance   | 0.59        |
|    learning_rate        | 5e-05       |
|    loss                 | -0.0252     |
|    n_updates            | 86          |
|    policy_gradient_loss | -0.0072     |
|    std                  | 0.082       |
|    value_loss           | 0.0222      |
-----------------------------------------
Early stopping at step 1 due to reaching max kl: 0.09
-----------------------------------------
| env/                    |             |
|    contrast             | 2.65e-06    |
|    log10_contrast       | -5.63       |
|    strehl               | 0.995       |
| rollout/                |             |
|    ep_len_mean          | 20          |
|    ep_rew_mean          | 0.792       |
| time/                   |             |
|    fps                  | 75          |
|    iterations           | 29          |
|    time_elapsed         | 489         |
|    total_timesteps      | 37120       |
| train/                  |             |
|    approx_kl            | 0.054166794 |
|    clip_fraction        | 0.174       |
|    clip_range           | 0.2         |
|    entropy_loss         | 21.6        |
|    explained_variance   | 0.6         |
|    learning_rate        | 5e-05       |
|    loss                 | -0.0151     |
|    n_updates            | 88          |
|    policy_gradient_loss | 0.000323    |
|    std                  | 0.082       |
|    value_loss           | 0.0222      |
-----------------------------------------
Early stopping at step 3 due to reaching max kl: 0.09
----------------------------------------
| env/                    |            |
|    contrast             | 3.33e-06   |
|    log10_contrast       | -5.52      |
|    strehl               | 0.991      |
| rollout/                |            |
|    ep_len_mean          | 20         |
|    ep_rew_mean          | 0.83       |
| time/                   |            |
|    fps                  | 75         |
|    iterations           | 30         |
|    time_elapsed         | 505        |
|    total_timesteps      | 38400      |
| train/                  |            |
|    approx_kl            | 0.06193468 |
|    clip_fraction        | 0.243      |
|    clip_range           | 0.2        |
|    entropy_loss         | 21.6       |
|    explained_variance   | 0.495      |
|    learning_rate        | 5e-05      |
|    loss                 | -0.0566    |
|    n_updates            | 92         |
|    policy_gradient_loss | -0.0209    |
|    std                  | 0.082      |
|    value_loss           | 0.0248     |
----------------------------------------
Early stopping at step 3 due to reaching max kl: 0.11
----------------------------------------
| env/                    |            |
|    contrast             | 3.66e-06   |
|    log10_contrast       | -5.48      |
|    strehl               | 0.991      |
| rollout/                |            |
|    ep_len_mean          | 20         |
|    ep_rew_mean          | 0.836      |
| time/                   |            |
|    fps                  | 76         |
|    iterations           | 31         |
|    time_elapsed         | 521        |
|    total_timesteps      | 39680      |
| train/                  |            |
|    approx_kl            | 0.06282213 |
|    clip_fraction        | 0.255      |
|    clip_range           | 0.2        |
|    entropy_loss         | 21.6       |
|    explained_variance   | 0.656      |
|    learning_rate        | 5e-05      |
|    loss                 | -0.06      |
|    n_updates            | 96         |
|    policy_gradient_loss | -0.0238    |
|    std                  | 0.082      |
|    value_loss           | 0.0208     |
----------------------------------------
Early stopping at step 4 due to reaching max kl: 0.08
Eval num_timesteps=40000, episode_reward=0.87 +/- 0.19
Episode length: 20.00 +/- 0.00
----------------------------------------
| env/                    |            |
|    contrast             | 4.97e-06   |
|    log10_contrast       | -5.38      |
|    strehl               | 0.988      |
| eval/                   |            |
|    mean_ep_length       | 20         |
|    mean_reward          | 0.866      |
| time/                   |            |
|    total_timesteps      | 40000      |
| train/                  |            |
|    approx_kl            | 0.08004412 |
|    clip_fraction        | 0.252      |
|    clip_range           | 0.2        |
|    entropy_loss         | 21.6       |
|    explained_variance   | 0.6        |
|    learning_rate        | 5e-05      |
|    loss                 | -0.0646    |
|    n_updates            | 101        |
|    policy_gradient_loss | -0.0306    |
|    std                  | 0.082      |
|    value_loss           | 0.0206     |
----------------------------------------
---------------------------------
| env/               |          |
|    contrast        | 3.62e-06 |
|    log10_contrast  | -5.45    |
|    strehl          | 0.991    |
| rollout/           |          |
|    ep_len_mean     | 20       |
|    ep_rew_mean     | 0.802    |
| time/              |          |
|    fps             | 75       |
|    iterations      | 32       |
|    time_elapsed    | 544      |
|    total_timesteps | 40960    |
---------------------------------
Early stopping at step 4 due to reaching max kl: 0.09
-----------------------------------------
| env/                    |             |
|    contrast             | 4.12e-06    |
|    log10_contrast       | -5.47       |
|    strehl               | 0.99        |
| rollout/                |             |
|    ep_len_mean          | 20          |
|    ep_rew_mean          | 0.817       |
| time/                   |             |
|    fps                  | 75          |
|    iterations           | 33          |
|    time_elapsed         | 560         |
|    total_timesteps      | 42240       |
| train/                  |             |
|    approx_kl            | 0.075080454 |
|    clip_fraction        | 0.285       |
|    clip_range           | 0.2         |
|    entropy_loss         | 21.6        |
|    explained_variance   | 0.594       |
|    learning_rate        | 5e-05       |
|    loss                 | -0.0739     |
|    n_updates            | 106         |
|    policy_gradient_loss | -0.0363     |
|    std                  | 0.082       |
|    value_loss           | 0.0217      |
-----------------------------------------
Early stopping at step 4 due to reaching max kl: 0.11
----------------------------------------
| env/                    |            |
|    contrast             | 3.78e-06   |
|    log10_contrast       | -5.45      |
|    strehl               | 0.991      |
| rollout/                |            |
|    ep_len_mean          | 20         |
|    ep_rew_mean          | 0.818      |
| time/                   |            |
|    fps                  | 75         |
|    iterations           | 34         |
|    time_elapsed         | 577        |
|    total_timesteps      | 43520      |
| train/                  |            |
|    approx_kl            | 0.07847267 |
|    clip_fraction        | 0.25       |
|    clip_range           | 0.2        |
|    entropy_loss         | 21.6       |
|    explained_variance   | 0.606      |
|    learning_rate        | 5e-05      |
|    loss                 | -0.0555    |
|    n_updates            | 111        |
|    policy_gradient_loss | -0.033     |
|    std                  | 0.082      |
|    value_loss           | 0.021      |
----------------------------------------
Early stopping at step 4 due to reaching max kl: 0.26
----------------------------------------
| env/                    |            |
|    contrast             | 4.9e-06    |
|    log10_contrast       | -5.35      |
|    strehl               | 0.988      |
| rollout/                |            |
|    ep_len_mean          | 20         |
|    ep_rew_mean          | 0.81       |
| time/                   |            |
|    fps                  | 75         |
|    iterations           | 35         |
|    time_elapsed         | 593        |
|    total_timesteps      | 44800      |
| train/                  |            |
|    approx_kl            | 0.15283696 |
|    clip_fraction        | 0.253      |
|    clip_range           | 0.2        |
|    entropy_loss         | 21.6       |
|    explained_variance   | 0.639      |
|    learning_rate        | 5e-05      |
|    loss                 | -0.0781    |
|    n_updates            | 116        |
|    policy_gradient_loss | -0.0405    |
|    std                  | 0.082      |
|    value_loss           | 0.0188     |
----------------------------------------
Early stopping at step 4 due to reaching max kl: 0.09
-----------------------------------------
| env/                    |             |
|    contrast             | 3.83e-06    |
|    log10_contrast       | -5.5        |
|    strehl               | 0.989       |
| rollout/                |             |
|    ep_len_mean          | 20          |
|    ep_rew_mean          | 0.812       |
| time/                   |             |
|    fps                  | 75          |
|    iterations           | 36          |
|    time_elapsed         | 609         |
|    total_timesteps      | 46080       |
| train/                  |             |
|    approx_kl            | 0.071812116 |
|    clip_fraction        | 0.264       |
|    clip_range           | 0.2         |
|    entropy_loss         | 21.6        |
|    explained_variance   | 0.6         |
|    learning_rate        | 5e-05       |
|    loss                 | -0.0672     |
|    n_updates            | 121         |
|    policy_gradient_loss | -0.0376     |
|    std                  | 0.082       |
|    value_loss           | 0.0204      |
-----------------------------------------
Early stopping at step 4 due to reaching max kl: 0.08
----------------------------------------
| env/                    |            |
|    contrast             | 4.54e-06   |
|    log10_contrast       | -5.42      |
|    strehl               | 0.989      |
| rollout/                |            |
|    ep_len_mean          | 20         |
|    ep_rew_mean          | 0.814      |
| time/                   |            |
|    fps                  | 75         |
|    iterations           | 37         |
|    time_elapsed         | 626        |
|    total_timesteps      | 47360      |
| train/                  |            |
|    approx_kl            | 0.06966853 |
|    clip_fraction        | 0.278      |
|    clip_range           | 0.2        |
|    entropy_loss         | 21.6       |
|    explained_variance   | 0.603      |
|    learning_rate        | 5e-05      |
|    loss                 | -0.0626    |
|    n_updates            | 126        |
|    policy_gradient_loss | -0.0347    |
|    std                  | 0.082      |
|    value_loss           | 0.0208     |
----------------------------------------
Early stopping at step 4 due to reaching max kl: 0.09
----------------------------------------
| env/                    |            |
|    contrast             | 3.72e-06   |
|    log10_contrast       | -5.44      |
|    strehl               | 0.991      |
| rollout/                |            |
|    ep_len_mean          | 20         |
|    ep_rew_mean          | 0.824      |
| time/                   |            |
|    fps                  | 75         |
|    iterations           | 38         |
|    time_elapsed         | 644        |
|    total_timesteps      | 48640      |
| train/                  |            |
|    approx_kl            | 0.06432309 |
|    clip_fraction        | 0.299      |
|    clip_range           | 0.2        |
|    entropy_loss         | 21.6       |
|    explained_variance   | 0.62       |
|    learning_rate        | 5e-05      |
|    loss                 | -0.0687    |
|    n_updates            | 131        |
|    policy_gradient_loss | -0.036     |
|    std                  | 0.082      |
|    value_loss           | 0.0205     |
----------------------------------------
Early stopping at step 4 due to reaching max kl: 0.13
----------------------------------------
| env/                    |            |
|    contrast             | 4.25e-06   |
|    log10_contrast       | -5.46      |
|    strehl               | 0.989      |
| rollout/                |            |
|    ep_len_mean          | 20         |
|    ep_rew_mean          | 0.843      |
| time/                   |            |
|    fps                  | 75         |
|    iterations           | 39         |
|    time_elapsed         | 661        |
|    total_timesteps      | 49920      |
| train/                  |            |
|    approx_kl            | 0.07050457 |
|    clip_fraction        | 0.255      |
|    clip_range           | 0.2        |
|    entropy_loss         | 21.6       |
|    explained_variance   | 0.598      |
|    learning_rate        | 5e-05      |
|    loss                 | -0.0678    |
|    n_updates            | 136        |
|    policy_gradient_loss | -0.0302    |
|    std                  | 0.082      |
|    value_loss           | 0.0211     |
----------------------------------------
Early stopping at step 3 due to reaching max kl: 0.10
Eval num_timesteps=50000, episode_reward=0.76 +/- 0.07
Episode length: 20.00 +/- 0.00
----------------------------------------
| env/                    |            |
|    contrast             | 4.35e-06   |
|    log10_contrast       | -5.46      |
|    strehl               | 0.99       |
| eval/                   |            |
|    mean_ep_length       | 20         |
|    mean_reward          | 0.761      |
| time/                   |            |
|    total_timesteps      | 50000      |
| train/                  |            |
|    approx_kl            | 0.06606436 |
|    clip_fraction        | 0.243      |
|    clip_range           | 0.2        |
|    entropy_loss         | 21.6       |
|    explained_variance   | 0.664      |
|    learning_rate        | 5e-05      |
|    loss                 | -0.0562    |
|    n_updates            | 140        |
|    policy_gradient_loss | -0.0325    |
|    std                  | 0.082      |
|    value_loss           | 0.0185     |
----------------------------------------
---------------------------------
| env/               |          |
|    contrast        | 5.11e-06 |
|    log10_contrast  | -5.31    |
|    strehl          | 0.989    |
| rollout/           |          |
|    ep_len_mean     | 20       |
|    ep_rew_mean     | 0.853    |
| time/              |          |
|    fps             | 74       |
|    iterations      | 40       |
|    time_elapsed    | 686      |
|    total_timesteps | 51200    |
---------------------------------
Early stopping at step 3 due to reaching max kl: 0.10
----------------------------------------
| env/                    |            |
|    contrast             | 3.39e-06   |
|    log10_contrast       | -5.53      |
|    strehl               | 0.991      |
| rollout/                |            |
|    ep_len_mean          | 20         |
|    ep_rew_mean          | 0.831      |
| time/                   |            |
|    fps                  | 74         |
|    iterations           | 41         |
|    time_elapsed         | 702        |
|    total_timesteps      | 52480      |
| train/                  |            |
|    approx_kl            | 0.05680371 |
|    clip_fraction        | 0.249      |
|    clip_range           | 0.2        |
|    entropy_loss         | 21.6       |
|    explained_variance   | 0.635      |
|    learning_rate        | 5e-05      |
|    loss                 | -0.0446    |
|    n_updates            | 144        |
|    policy_gradient_loss | -0.0296    |
|    std                  | 0.082      |
|    value_loss           | 0.0199     |
----------------------------------------
Early stopping at step 2 due to reaching max kl: 0.13
---------------------------------------
| env/                    |           |
|    contrast             | 3.42e-06  |
|    log10_contrast       | -5.49     |
|    strehl               | 0.993     |
| rollout/                |           |
|    ep_len_mean          | 20        |
|    ep_rew_mean          | 0.844     |
| time/                   |           |
|    fps                  | 74        |
|    iterations           | 42        |
|    time_elapsed         | 718       |
|    total_timesteps      | 53760     |
| train/                  |           |
|    approx_kl            | 0.0634677 |
|    clip_fraction        | 0.221     |
|    clip_range           | 0.2       |
|    entropy_loss         | 21.6      |
|    explained_variance   | 0.645     |
|    learning_rate        | 5e-05     |
|    loss                 | -0.0312   |
|    n_updates            | 147       |
|    policy_gradient_loss | -0.0225   |
|    std                  | 0.082     |
|    value_loss           | 0.0187    |
---------------------------------------
Early stopping at step 2 due to reaching max kl: 0.09
----------------------------------------
| env/                    |            |
|    contrast             | 3.79e-06   |
|    log10_contrast       | -5.46      |
|    strehl               | 0.991      |
| rollout/                |            |
|    ep_len_mean          | 20         |
|    ep_rew_mean          | 0.822      |
| time/                   |            |
|    fps                  | 74         |
|    iterations           | 43         |
|    time_elapsed         | 734        |
|    total_timesteps      | 55040      |
| train/                  |            |
|    approx_kl            | 0.06861601 |
|    clip_fraction        | 0.186      |
|    clip_range           | 0.2        |
|    entropy_loss         | 21.6       |
|    explained_variance   | 0.677      |
|    learning_rate        | 5e-05      |
|    loss                 | -0.0461    |
|    n_updates            | 150        |
|    policy_gradient_loss | -0.0168    |
|    std                  | 0.082      |
|    value_loss           | 0.019      |
----------------------------------------
Early stopping at step 3 due to reaching max kl: 0.15
----------------------------------------
| env/                    |            |
|    contrast             | 4.25e-06   |
|    log10_contrast       | -5.46      |
|    strehl               | 0.989      |
| rollout/                |            |
|    ep_len_mean          | 20         |
|    ep_rew_mean          | 0.814      |
| time/                   |            |
|    fps                  | 74         |
|    iterations           | 44         |
|    time_elapsed         | 751        |
|    total_timesteps      | 56320      |
| train/                  |            |
|    approx_kl            | 0.07247022 |
|    clip_fraction        | 0.283      |
|    clip_range           | 0.2        |
|    entropy_loss         | 21.6       |
|    explained_variance   | 0.65       |
|    learning_rate        | 5e-05      |
|    loss                 | -0.066     |
|    n_updates            | 154        |
|    policy_gradient_loss | -0.0302    |
|    std                  | 0.082      |
|    value_loss           | 0.0188     |
----------------------------------------
Early stopping at step 3 due to reaching max kl: 0.09
----------------------------------------
| env/                    |            |
|    contrast             | 3.5e-06    |
|    log10_contrast       | -5.52      |
|    strehl               | 0.99       |
| rollout/                |            |
|    ep_len_mean          | 20         |
|    ep_rew_mean          | 0.833      |
| time/                   |            |
|    fps                  | 74         |
|    iterations           | 45         |
|    time_elapsed         | 768        |
|    total_timesteps      | 57600      |
| train/                  |            |
|    approx_kl            | 0.06317155 |
|    clip_fraction        | 0.233      |
|    clip_range           | 0.2        |
|    entropy_loss         | 21.6       |
|    explained_variance   | 0.658      |
|    learning_rate        | 5e-05      |
|    loss                 | -0.0428    |
|    n_updates            | 158        |
|    policy_gradient_loss | -0.0268    |
|    std                  | 0.082      |
|    value_loss           | 0.0186     |
----------------------------------------
Early stopping at step 4 due to reaching max kl: 0.09
-----------------------------------------
| env/                    |             |
|    contrast             | 4.49e-06    |
|    log10_contrast       | -5.44       |
|    strehl               | 0.989       |
| rollout/                |             |
|    ep_len_mean          | 20          |
|    ep_rew_mean          | 0.829       |
| time/                   |             |
|    fps                  | 74          |
|    iterations           | 46          |
|    time_elapsed         | 786         |
|    total_timesteps      | 58880       |
| train/                  |             |
|    approx_kl            | 0.086598545 |
|    clip_fraction        | 0.222       |
|    clip_range           | 0.2         |
|    entropy_loss         | 21.6        |
|    explained_variance   | 0.666       |
|    learning_rate        | 5e-05       |
|    loss                 | -0.0793     |
|    n_updates            | 163         |
|    policy_gradient_loss | -0.0345     |
|    std                  | 0.082       |
|    value_loss           | 0.0181      |
-----------------------------------------
Early stopping at step 3 due to reaching max kl: 0.09
Eval num_timesteps=60000, episode_reward=0.95 +/- 0.08
Episode length: 20.00 +/- 0.00
-----------------------------------------
| env/                    |             |
|    contrast             | 4.14e-06    |
|    log10_contrast       | -5.43       |
|    strehl               | 0.989       |
| eval/                   |             |
|    mean_ep_length       | 20          |
|    mean_reward          | 0.947       |
| time/                   |             |
|    total_timesteps      | 60000       |
| train/                  |             |
|    approx_kl            | 0.058627862 |
|    clip_fraction        | 0.204       |
|    clip_range           | 0.2         |
|    entropy_loss         | 21.6        |
|    explained_variance   | 0.622       |
|    learning_rate        | 5e-05       |
|    loss                 | -0.0621     |
|    n_updates            | 167         |
|    policy_gradient_loss | -0.0263     |
|    std                  | 0.082       |
|    value_loss           | 0.0183      |
-----------------------------------------
---------------------------------
| env/               |          |
|    contrast        | 4.62e-06 |
|    log10_contrast  | -5.41    |
|    strehl          | 0.987    |
| rollout/           |          |
|    ep_len_mean     | 20       |
|    ep_rew_mean     | 0.848    |
| time/              |          |
|    fps             | 74       |
|    iterations      | 47       |
|    time_elapsed    | 811      |
|    total_timesteps | 60160    |
---------------------------------
Early stopping at step 2 due to reaching max kl: 0.08
-----------------------------------------
| env/                    |             |
|    contrast             | 5.37e-06    |
|    log10_contrast       | -5.35       |
|    strehl               | 0.987       |
| rollout/                |             |
|    ep_len_mean          | 20          |
|    ep_rew_mean          | 0.837       |
| time/                   |             |
|    fps                  | 74          |
|    iterations           | 48          |
|    time_elapsed         | 826         |
|    total_timesteps      | 61440       |
| train/                  |             |
|    approx_kl            | 0.062312834 |
|    clip_fraction        | 0.228       |
|    clip_range           | 0.2         |
|    entropy_loss         | 21.6        |
|    explained_variance   | 0.672       |
|    learning_rate        | 5e-05       |
|    loss                 | -0.0388     |
|    n_updates            | 170         |
|    policy_gradient_loss | -0.0197     |
|    std                  | 0.082       |
|    value_loss           | 0.0178      |
-----------------------------------------
Early stopping at step 3 due to reaching max kl: 0.08
-----------------------------------------
| env/                    |             |
|    contrast             | 4.42e-06    |
|    log10_contrast       | -5.44       |
|    strehl               | 0.989       |
| rollout/                |             |
|    ep_len_mean          | 20          |
|    ep_rew_mean          | 0.854       |
| time/                   |             |
|    fps                  | 74          |
|    iterations           | 49          |
|    time_elapsed         | 843         |
|    total_timesteps      | 62720       |
| train/                  |             |
|    approx_kl            | 0.070923716 |
|    clip_fraction        | 0.231       |
|    clip_range           | 0.2         |
|    entropy_loss         | 21.6        |
|    explained_variance   | 0.656       |
|    learning_rate        | 5e-05       |
|    loss                 | -0.0687     |
|    n_updates            | 174         |
|    policy_gradient_loss | -0.0279     |
|    std                  | 0.082       |
|    value_loss           | 0.0172      |
-----------------------------------------
Early stopping at step 3 due to reaching max kl: 0.10
-----------------------------------------
| env/                    |             |
|    contrast             | 4.57e-06    |
|    log10_contrast       | -5.4        |
|    strehl               | 0.99        |
| rollout/                |             |
|    ep_len_mean          | 20          |
|    ep_rew_mean          | 0.87        |
| time/                   |             |
|    fps                  | 74          |
|    iterations           | 50          |
|    time_elapsed         | 859         |
|    total_timesteps      | 64000       |
| train/                  |             |
|    approx_kl            | 0.052865528 |
|    clip_fraction        | 0.274       |
|    clip_range           | 0.2         |
|    entropy_loss         | 21.6        |
|    explained_variance   | 0.704       |
|    learning_rate        | 5e-05       |
|    loss                 | -0.0652     |
|    n_updates            | 178         |
|    policy_gradient_loss | -0.0325     |
|    std                  | 0.082       |
|    value_loss           | 0.0162      |
-----------------------------------------
Early stopping at step 5 due to reaching max kl: 0.12
---------------------------------------
| env/                    |           |
|    contrast             | 3.87e-06  |
|    log10_contrast       | -5.46     |
|    strehl               | 0.991     |
| rollout/                |           |
|    ep_len_mean          | 20        |
|    ep_rew_mean          | 0.874     |
| time/                   |           |
|    fps                  | 74        |
|    iterations           | 51        |
|    time_elapsed         | 877       |
|    total_timesteps      | 65280     |
| train/                  |           |
|    approx_kl            | 0.0794365 |
|    clip_fraction        | 0.317     |
|    clip_range           | 0.2       |
|    entropy_loss         | 21.6      |
|    explained_variance   | 0.749     |
|    learning_rate        | 5e-05     |
|    loss                 | -0.0756   |
|    n_updates            | 184       |
|    policy_gradient_loss | -0.0504   |
|    std                  | 0.082     |
|    value_loss           | 0.0143    |
---------------------------------------
Early stopping at step 3 due to reaching max kl: 0.10
----------------------------------------
| env/                    |            |
|    contrast             | 4.69e-06   |
|    log10_contrast       | -5.4       |
|    strehl               | 0.988      |
| rollout/                |            |
|    ep_len_mean          | 20         |
|    ep_rew_mean          | 0.871      |
| time/                   |            |
|    fps                  | 74         |
|    iterations           | 52         |
|    time_elapsed         | 894        |
|    total_timesteps      | 66560      |
| train/                  |            |
|    approx_kl            | 0.06972357 |
|    clip_fraction        | 0.207      |
|    clip_range           | 0.2        |
|    entropy_loss         | 21.6       |
|    explained_variance   | 0.719      |
|    learning_rate        | 5e-05      |
|    loss                 | -0.0648    |
|    n_updates            | 188        |
|    policy_gradient_loss | -0.0255    |
|    std                  | 0.082      |
|    value_loss           | 0.0165     |
----------------------------------------
Early stopping at step 3 due to reaching max kl: 0.19
----------------------------------------
| env/                    |            |
|    contrast             | 3.85e-06   |
|    log10_contrast       | -5.44      |
|    strehl               | 0.99       |
| rollout/                |            |
|    ep_len_mean          | 20         |
|    ep_rew_mean          | 0.873      |
| time/                   |            |
|    fps                  | 74         |
|    iterations           | 53         |
|    time_elapsed         | 910        |
|    total_timesteps      | 67840      |
| train/                  |            |
|    approx_kl            | 0.12781668 |
|    clip_fraction        | 0.259      |
|    clip_range           | 0.2        |
|    entropy_loss         | 21.6       |
|    explained_variance   | 0.684      |
|    learning_rate        | 5e-05      |
|    loss                 | -0.0536    |
|    n_updates            | 192        |
|    policy_gradient_loss | -0.0257    |
|    std                  | 0.082      |
|    value_loss           | 0.0178     |
----------------------------------------
Early stopping at step 1 due to reaching max kl: 0.10
-----------------------------------------
| env/                    |             |
|    contrast             | 3.32e-06    |
|    log10_contrast       | -5.53       |
|    strehl               | 0.992       |
| rollout/                |             |
|    ep_len_mean          | 20          |
|    ep_rew_mean          | 0.847       |
| time/                   |             |
|    fps                  | 74          |
|    iterations           | 54          |
|    time_elapsed         | 926         |
|    total_timesteps      | 69120       |
| train/                  |             |
|    approx_kl            | 0.041692957 |
|    clip_fraction        | 0.147       |
|    clip_range           | 0.2         |
|    entropy_loss         | 21.6        |
|    explained_variance   | 0.713       |
|    learning_rate        | 5e-05       |
|    loss                 | -0.0337     |
|    n_updates            | 194         |
|    policy_gradient_loss | -0.00726    |
|    std                  | 0.082       |
|    value_loss           | 0.015       |
-----------------------------------------
Early stopping at step 4 due to reaching max kl: 0.08
Eval num_timesteps=70000, episode_reward=0.90 +/- 0.25
Episode length: 20.00 +/- 0.00
----------------------------------------
| env/                    |            |
|    contrast             | 2.84e-06   |
|    log10_contrast       | -5.62      |
|    strehl               | 0.993      |
| eval/                   |            |
|    mean_ep_length       | 20         |
|    mean_reward          | 0.902      |
| time/                   |            |
|    total_timesteps      | 70000      |
| train/                  |            |
|    approx_kl            | 0.05636301 |
|    clip_fraction        | 0.305      |
|    clip_range           | 0.2        |
|    entropy_loss         | 21.6       |
|    explained_variance   | 0.665      |
|    learning_rate        | 5e-05      |
|    loss                 | -0.0748    |
|    n_updates            | 199        |
|    policy_gradient_loss | -0.0379    |
|    std                  | 0.082      |
|    value_loss           | 0.0186     |
----------------------------------------
---------------------------------
| env/               |          |
|    contrast        | 2.83e-06 |
|    log10_contrast  | -5.57    |
|    strehl          | 0.993    |
| rollout/           |          |
|    ep_len_mean     | 20       |
|    ep_rew_mean     | 0.869    |
| time/              |          |
|    fps             | 74       |
|    iterations      | 55       |
|    time_elapsed    | 950      |
|    total_timesteps | 70400    |
---------------------------------
Early stopping at step 4 due to reaching max kl: 0.08
----------------------------------------
| env/                    |            |
|    contrast             | 3.04e-06   |
|    log10_contrast       | -5.61      |
|    strehl               | 0.993      |
| rollout/                |            |
|    ep_len_mean          | 20         |
|    ep_rew_mean          | 0.876      |
| time/                   |            |
|    fps                  | 74         |
|    iterations           | 56         |
|    time_elapsed         | 966        |
|    total_timesteps      | 71680      |
| train/                  |            |
|    approx_kl            | 0.06480485 |
|    clip_fraction        | 0.252      |
|    clip_range           | 0.2        |
|    entropy_loss         | 21.6       |
|    explained_variance   | 0.724      |
|    learning_rate        | 5e-05      |
|    loss                 | -0.0658    |
|    n_updates            | 204        |
|    policy_gradient_loss | -0.0371    |
|    std                  | 0.082      |
|    value_loss           | 0.0143     |
----------------------------------------
Early stopping at step 2 due to reaching max kl: 0.10
-----------------------------------------
| env/                    |             |
|    contrast             | 3.55e-06    |
|    log10_contrast       | -5.5        |
|    strehl               | 0.991       |
| rollout/                |             |
|    ep_len_mean          | 20          |
|    ep_rew_mean          | 0.871       |
| time/                   |             |
|    fps                  | 74          |
|    iterations           | 57          |
|    time_elapsed         | 982         |
|    total_timesteps      | 72960       |
| train/                  |             |
|    approx_kl            | 0.048041284 |
|    clip_fraction        | 0.224       |
|    clip_range           | 0.2         |
|    entropy_loss         | 21.6        |
|    explained_variance   | 0.727       |
|    learning_rate        | 5e-05       |
|    loss                 | -0.0478     |
|    n_updates            | 207         |
|    policy_gradient_loss | -0.0225     |
|    std                  | 0.082       |
|    value_loss           | 0.0156      |
-----------------------------------------
Early stopping at step 2 due to reaching max kl: 0.08
----------------------------------------
| env/                    |            |
|    contrast             | 3.05e-06   |
|    log10_contrast       | -5.54      |
|    strehl               | 0.992      |
| rollout/                |            |
|    ep_len_mean          | 20         |
|    ep_rew_mean          | 0.854      |
| time/                   |            |
|    fps                  | 74         |
|    iterations           | 58         |
|    time_elapsed         | 999        |
|    total_timesteps      | 74240      |
| train/                  |            |
|    approx_kl            | 0.05862587 |
|    clip_fraction        | 0.183      |
|    clip_range           | 0.2        |
|    entropy_loss         | 21.6       |
|    explained_variance   | 0.683      |
|    learning_rate        | 5e-05      |
|    loss                 | -0.0216    |
|    n_updates            | 210        |
|    policy_gradient_loss | -0.0149    |
|    std                  | 0.082      |
|    value_loss           | 0.0171     |
----------------------------------------
Early stopping at step 4 due to reaching max kl: 0.10
-----------------------------------------
| env/                    |             |
|    contrast             | 2.99e-06    |
|    log10_contrast       | -5.58       |
|    strehl               | 0.993       |
| rollout/                |             |
|    ep_len_mean          | 20          |
|    ep_rew_mean          | 0.849       |
| time/                   |             |
|    fps                  | 74          |
|    iterations           | 59          |
|    time_elapsed         | 1016        |
|    total_timesteps      | 75520       |
| train/                  |             |
|    approx_kl            | 0.088847116 |
|    clip_fraction        | 0.287       |
|    clip_range           | 0.2         |
|    entropy_loss         | 21.7        |
|    explained_variance   | 0.652       |
|    learning_rate        | 5e-05       |
|    loss                 | -0.0641     |
|    n_updates            | 215         |
|    policy_gradient_loss | -0.0384     |
|    std                  | 0.082       |
|    value_loss           | 0.0194      |
-----------------------------------------
Early stopping at step 2 due to reaching max kl: 0.08
-----------------------------------------
| env/                    |             |
|    contrast             | 3.86e-06    |
|    log10_contrast       | -5.49       |
|    strehl               | 0.989       |
| rollout/                |             |
|    ep_len_mean          | 20          |
|    ep_rew_mean          | 0.859       |
| time/                   |             |
|    fps                  | 74          |
|    iterations           | 60          |
|    time_elapsed         | 1032        |
|    total_timesteps      | 76800       |
| train/                  |             |
|    approx_kl            | 0.080559276 |
|    clip_fraction        | 0.203       |
|    clip_range           | 0.2         |
|    entropy_loss         | 21.7        |
|    explained_variance   | 0.701       |
|    learning_rate        | 5e-05       |
|    loss                 | -0.0418     |
|    n_updates            | 218         |
|    policy_gradient_loss | -0.00835    |
|    std                  | 0.082       |
|    value_loss           | 0.0173      |
-----------------------------------------
Early stopping at step 2 due to reaching max kl: 0.08
----------------------------------------
| env/                    |            |
|    contrast             | 3.04e-06   |
|    log10_contrast       | -5.56      |
|    strehl               | 0.992      |
| rollout/                |            |
|    ep_len_mean          | 20         |
|    ep_rew_mean          | 0.834      |
| time/                   |            |
|    fps                  | 74         |
|    iterations           | 61         |
|    time_elapsed         | 1048       |
|    total_timesteps      | 78080      |
| train/                  |            |
|    approx_kl            | 0.06424067 |
|    clip_fraction        | 0.26       |
|    clip_range           | 0.2        |
|    entropy_loss         | 21.7       |
|    explained_variance   | 0.699      |
|    learning_rate        | 5e-05      |
|    loss                 | -0.0458    |
|    n_updates            | 221        |
|    policy_gradient_loss | -0.0108    |
|    std                  | 0.082      |
|    value_loss           | 0.0169     |
----------------------------------------
Early stopping at step 5 due to reaching max kl: 0.08
----------------------------------------
| env/                    |            |
|    contrast             | 3.19e-06   |
|    log10_contrast       | -5.59      |
|    strehl               | 0.991      |
| rollout/                |            |
|    ep_len_mean          | 20         |
|    ep_rew_mean          | 0.845      |
| time/                   |            |
|    fps                  | 74         |
|    iterations           | 62         |
|    time_elapsed         | 1066       |
|    total_timesteps      | 79360      |
| train/                  |            |
|    approx_kl            | 0.06211506 |
|    clip_fraction        | 0.331      |
|    clip_range           | 0.2        |
|    entropy_loss         | 21.7       |
|    explained_variance   | 0.669      |
|    learning_rate        | 5e-05      |
|    loss                 | -0.0688    |
|    n_updates            | 227        |
|    policy_gradient_loss | -0.0395    |
|    std                  | 0.082      |
|    value_loss           | 0.017      |
----------------------------------------
Early stopping at step 3 due to reaching max kl: 0.08
Eval num_timesteps=80000, episode_reward=0.93 +/- 0.17
Episode length: 20.00 +/- 0.00
----------------------------------------
| env/                    |            |
|    contrast             | 4.19e-06   |
|    log10_contrast       | -5.43      |
|    strehl               | 0.991      |
| eval/                   |            |
|    mean_ep_length       | 20         |
|    mean_reward          | 0.93       |
| time/                   |            |
|    total_timesteps      | 80000      |
| train/                  |            |
|    approx_kl            | 0.06386185 |
|    clip_fraction        | 0.233      |
|    clip_range           | 0.2        |
|    entropy_loss         | 21.7       |
|    explained_variance   | 0.718      |
|    learning_rate        | 5e-05      |
|    loss                 | -0.0562    |
|    n_updates            | 231        |
|    policy_gradient_loss | -0.033     |
|    std                  | 0.082      |
|    value_loss           | 0.0153     |
----------------------------------------
---------------------------------
| env/               |          |
|    contrast        | 2.87e-06 |
|    log10_contrast  | -5.59    |
|    strehl          | 0.993    |
| rollout/           |          |
|    ep_len_mean     | 20       |
|    ep_rew_mean     | 0.844    |
| time/              |          |
|    fps             | 73       |
|    iterations      | 63       |
|    time_elapsed    | 1090     |
|    total_timesteps | 80640    |
---------------------------------
Early stopping at step 4 due to reaching max kl: 0.10
----------------------------------------
| env/                    |            |
|    contrast             | 4.61e-06   |
|    log10_contrast       | -5.35      |
|    strehl               | 0.989      |
| rollout/                |            |
|    ep_len_mean          | 20         |
|    ep_rew_mean          | 0.843      |
| time/                   |            |
|    fps                  | 74         |
|    iterations           | 64         |
|    time_elapsed         | 1106       |
|    total_timesteps      | 81920      |
| train/                  |            |
|    approx_kl            | 0.06459132 |
|    clip_fraction        | 0.278      |
|    clip_range           | 0.2        |
|    entropy_loss         | 21.7       |
|    explained_variance   | 0.676      |
|    learning_rate        | 5e-05      |
|    loss                 | -0.0724    |
|    n_updates            | 236        |
|    policy_gradient_loss | -0.0378    |
|    std                  | 0.0819     |
|    value_loss           | 0.0163     |
----------------------------------------
Early stopping at step 4 due to reaching max kl: 0.08
-----------------------------------------
| env/                    |             |
|    contrast             | 3e-06       |
|    log10_contrast       | -5.54       |
|    strehl               | 0.991       |
| rollout/                |             |
|    ep_len_mean          | 20          |
|    ep_rew_mean          | 0.858       |
| time/                   |             |
|    fps                  | 73          |
|    iterations           | 65          |
|    time_elapsed         | 1124        |
|    total_timesteps      | 83200       |
| train/                  |             |
|    approx_kl            | 0.054787904 |
|    clip_fraction        | 0.282       |
|    clip_range           | 0.2         |
|    entropy_loss         | 21.7        |
|    explained_variance   | 0.728       |
|    learning_rate        | 5e-05       |
|    loss                 | -0.0686     |
|    n_updates            | 241         |
|    policy_gradient_loss | -0.0403     |
|    std                  | 0.0819      |
|    value_loss           | 0.016       |
-----------------------------------------
Early stopping at step 3 due to reaching max kl: 0.09
-----------------------------------------
| env/                    |             |
|    contrast             | 3.15e-06    |
|    log10_contrast       | -5.54       |
|    strehl               | 0.992       |
| rollout/                |             |
|    ep_len_mean          | 20          |
|    ep_rew_mean          | 0.83        |
| time/                   |             |
|    fps                  | 74          |
|    iterations           | 66          |
|    time_elapsed         | 1141        |
|    total_timesteps      | 84480       |
| train/                  |             |
|    approx_kl            | 0.060081095 |
|    clip_fraction        | 0.251       |
|    clip_range           | 0.2         |
|    entropy_loss         | 21.7        |
|    explained_variance   | 0.69        |
|    learning_rate        | 5e-05       |
|    loss                 | -0.0578     |
|    n_updates            | 245         |
|    policy_gradient_loss | -0.0232     |
|    std                  | 0.0819      |
|    value_loss           | 0.0164      |
-----------------------------------------
Early stopping at step 3 due to reaching max kl: 0.10
----------------------------------------
| env/                    |            |
|    contrast             | 4.22e-06   |
|    log10_contrast       | -5.4       |
|    strehl               | 0.989      |
| rollout/                |            |
|    ep_len_mean          | 20         |
|    ep_rew_mean          | 0.869      |
| time/                   |            |
|    fps                  | 74         |
|    iterations           | 67         |
|    time_elapsed         | 1157       |
|    total_timesteps      | 85760      |
| train/                  |            |
|    approx_kl            | 0.06572678 |
|    clip_fraction        | 0.276      |
|    clip_range           | 0.2        |
|    entropy_loss         | 21.7       |
|    explained_variance   | 0.707      |
|    learning_rate        | 5e-05      |
|    loss                 | -0.0633    |
|    n_updates            | 249        |
|    policy_gradient_loss | -0.0332    |
|    std                  | 0.0819     |
|    value_loss           | 0.0163     |
----------------------------------------
Early stopping at step 4 due to reaching max kl: 0.09
----------------------------------------
| env/                    |            |
|    contrast             | 3.14e-06   |
|    log10_contrast       | -5.53      |
|    strehl               | 0.99       |
| rollout/                |            |
|    ep_len_mean          | 20         |
|    ep_rew_mean          | 0.879      |
| time/                   |            |
|    fps                  | 74         |
|    iterations           | 68         |
|    time_elapsed         | 1173       |
|    total_timesteps      | 87040      |
| train/                  |            |
|    approx_kl            | 0.07089242 |
|    clip_fraction        | 0.284      |
|    clip_range           | 0.2        |
|    entropy_loss         | 21.7       |
|    explained_variance   | 0.726      |
|    learning_rate        | 5e-05      |
|    loss                 | -0.0701    |
|    n_updates            | 254        |
|    policy_gradient_loss | -0.0348    |
|    std                  | 0.0819     |
|    value_loss           | 0.0155     |
----------------------------------------
Early stopping at step 4 due to reaching max kl: 0.09
-----------------------------------------
| env/                    |             |
|    contrast             | 3.4e-06     |
|    log10_contrast       | -5.52       |
|    strehl               | 0.992       |
| rollout/                |             |
|    ep_len_mean          | 20          |
|    ep_rew_mean          | 0.885       |
| time/                   |             |
|    fps                  | 74          |
|    iterations           | 69          |
|    time_elapsed         | 1190        |
|    total_timesteps      | 88320       |
| train/                  |             |
|    approx_kl            | 0.094627686 |
|    clip_fraction        | 0.285       |
|    clip_range           | 0.2         |
|    entropy_loss         | 21.7        |
|    explained_variance   | 0.705       |
|    learning_rate        | 5e-05       |
|    loss                 | -0.068      |
|    n_updates            | 259         |
|    policy_gradient_loss | -0.0325     |
|    std                  | 0.0819      |
|    value_loss           | 0.0166      |
-----------------------------------------
Early stopping at step 2 due to reaching max kl: 0.23
----------------------------------------
| env/                    |            |
|    contrast             | 2.94e-06   |
|    log10_contrast       | -5.63      |
|    strehl               | 0.993      |
| rollout/                |            |
|    ep_len_mean          | 20         |
|    ep_rew_mean          | 0.862      |
| time/                   |            |
|    fps                  | 74         |
|    iterations           | 70         |
|    time_elapsed         | 1206       |
|    total_timesteps      | 89600      |
| train/                  |            |
|    approx_kl            | 0.07924668 |
|    clip_fraction        | 0.219      |
|    clip_range           | 0.2        |
|    entropy_loss         | 21.7       |
|    explained_variance   | 0.726      |
|    learning_rate        | 5e-05      |
|    loss                 | -0.0461    |
|    n_updates            | 262        |
|    policy_gradient_loss | -0.0218    |
|    std                  | 0.0819     |
|    value_loss           | 0.0147     |
----------------------------------------
Early stopping at step 1 due to reaching max kl: 0.17
Eval num_timesteps=90000, episode_reward=1.01 +/- 0.09
Episode length: 20.00 +/- 0.00
---------------------------------------
| env/                    |           |
|    contrast             | 3.32e-06  |
|    log10_contrast       | -5.52     |
|    strehl               | 0.991     |
| eval/                   |           |
|    mean_ep_length       | 20        |
|    mean_reward          | 1.01      |
| time/                   |           |
|    total_timesteps      | 90000     |
| train/                  |           |
|    approx_kl            | 0.0726395 |
|    clip_fraction        | 0.156     |
|    clip_range           | 0.2       |
|    entropy_loss         | 21.7      |
|    explained_variance   | 0.741     |
|    learning_rate        | 5e-05     |
|    loss                 | -0.00772  |
|    n_updates            | 264       |
|    policy_gradient_loss | -0.00395  |
|    std                  | 0.0819    |
|    value_loss           | 0.0143    |
---------------------------------------
New best mean reward!
---------------------------------
| env/               |          |
|    contrast        | 2.89e-06 |
|    log10_contrast  | -5.58    |
|    strehl          | 0.992    |
| rollout/           |          |
|    ep_len_mean     | 20       |
|    ep_rew_mean     | 0.859    |
| time/              |          |
|    fps             | 73       |
|    iterations      | 71       |
|    time_elapsed    | 1229     |
|    total_timesteps | 90880    |
---------------------------------
Early stopping at step 3 due to reaching max kl: 0.08
----------------------------------------
| env/                    |            |
|    contrast             | 3.02e-06   |
|    log10_contrast       | -5.59      |
|    strehl               | 0.992      |
| rollout/                |            |
|    ep_len_mean          | 20         |
|    ep_rew_mean          | 0.86       |
| time/                   |            |
|    fps                  | 73         |
|    iterations           | 72         |
|    time_elapsed         | 1246       |
|    total_timesteps      | 92160      |
| train/                  |            |
|    approx_kl            | 0.05129531 |
|    clip_fraction        | 0.272      |
|    clip_range           | 0.2        |
|    entropy_loss         | 21.7       |
|    explained_variance   | 0.696      |
|    learning_rate        | 5e-05      |
|    loss                 | -0.0707    |
|    n_updates            | 268        |
|    policy_gradient_loss | -0.0339    |
|    std                  | 0.0819     |
|    value_loss           | 0.0182     |
----------------------------------------
Early stopping at step 2 due to reaching max kl: 0.09
----------------------------------------
| env/                    |            |
|    contrast             | 3.06e-06   |
|    log10_contrast       | -5.58      |
|    strehl               | 0.992      |
| rollout/                |            |
|    ep_len_mean          | 20         |
|    ep_rew_mean          | 0.868      |
| time/                   |            |
|    fps                  | 73         |
|    iterations           | 73         |
|    time_elapsed         | 1263       |
|    total_timesteps      | 93440      |
| train/                  |            |
|    approx_kl            | 0.04456734 |
|    clip_fraction        | 0.209      |
|    clip_range           | 0.2        |
|    entropy_loss         | 21.7       |
|    explained_variance   | 0.717      |
|    learning_rate        | 5e-05      |
|    loss                 | -0.0435    |
|    n_updates            | 271        |
|    policy_gradient_loss | -0.0211    |
|    std                  | 0.0819     |
|    value_loss           | 0.0157     |
----------------------------------------
Early stopping at step 3 due to reaching max kl: 0.10
----------------------------------------
| env/                    |            |
|    contrast             | 3.41e-06   |
|    log10_contrast       | -5.53      |
|    strehl               | 0.99       |
| rollout/                |            |
|    ep_len_mean          | 20         |
|    ep_rew_mean          | 0.902      |
| time/                   |            |
|    fps                  | 74         |
|    iterations           | 74         |
|    time_elapsed         | 1279       |
|    total_timesteps      | 94720      |
| train/                  |            |
|    approx_kl            | 0.06491667 |
|    clip_fraction        | 0.23       |
|    clip_range           | 0.2        |
|    entropy_loss         | 21.7       |
|    explained_variance   | 0.714      |
|    learning_rate        | 5e-05      |
|    loss                 | -0.062     |
|    n_updates            | 275        |
|    policy_gradient_loss | -0.026     |
|    std                  | 0.0819     |
|    value_loss           | 0.0149     |
----------------------------------------
Early stopping at step 3 due to reaching max kl: 0.10
-----------------------------------------
| env/                    |             |
|    contrast             | 3.2e-06     |
|    log10_contrast       | -5.53       |
|    strehl               | 0.991       |
| rollout/                |             |
|    ep_len_mean          | 20          |
|    ep_rew_mean          | 0.915       |
| time/                   |             |
|    fps                  | 74          |
|    iterations           | 75          |
|    time_elapsed         | 1296        |
|    total_timesteps      | 96000       |
| train/                  |             |
|    approx_kl            | 0.063592404 |
|    clip_fraction        | 0.23        |
|    clip_range           | 0.2         |
|    entropy_loss         | 21.7        |
|    explained_variance   | 0.763       |
|    learning_rate        | 5e-05       |
|    loss                 | -0.0554     |
|    n_updates            | 279         |
|    policy_gradient_loss | -0.0235     |
|    std                  | 0.0819      |
|    value_loss           | 0.0139      |
-----------------------------------------
Early stopping at step 3 due to reaching max kl: 0.08
-----------------------------------------
| env/                    |             |
|    contrast             | 2.73e-06    |
|    log10_contrast       | -5.6        |
|    strehl               | 0.992       |
| rollout/                |             |
|    ep_len_mean          | 20          |
|    ep_rew_mean          | 0.888       |
| time/                   |             |
|    fps                  | 74          |
|    iterations           | 76          |
|    time_elapsed         | 1313        |
|    total_timesteps      | 97280       |
| train/                  |             |
|    approx_kl            | 0.064868644 |
|    clip_fraction        | 0.263       |
|    clip_range           | 0.2         |
|    entropy_loss         | 21.7        |
|    explained_variance   | 0.756       |
|    learning_rate        | 5e-05       |
|    loss                 | -0.0592     |
|    n_updates            | 283         |
|    policy_gradient_loss | -0.0266     |
|    std                  | 0.0819      |
|    value_loss           | 0.0145      |
-----------------------------------------
Early stopping at step 2 due to reaching max kl: 0.09
----------------------------------------
| env/                    |            |
|    contrast             | 3.52e-06   |
|    log10_contrast       | -5.48      |
|    strehl               | 0.991      |
| rollout/                |            |
|    ep_len_mean          | 20         |
|    ep_rew_mean          | 0.882      |
| time/                   |            |
|    fps                  | 74         |
|    iterations           | 77         |
|    time_elapsed         | 1329       |
|    total_timesteps      | 98560      |
| train/                  |            |
|    approx_kl            | 0.05531868 |
|    clip_fraction        | 0.223      |
|    clip_range           | 0.2        |
|    entropy_loss         | 21.7       |
|    explained_variance   | 0.744      |
|    learning_rate        | 5e-05      |
|    loss                 | -0.0618    |
|    n_updates            | 286        |
|    policy_gradient_loss | -0.0238    |
|    std                  | 0.0819     |
|    value_loss           | 0.0145     |
----------------------------------------
Early stopping at step 4 due to reaching max kl: 0.08
----------------------------------------
| env/                    |            |
|    contrast             | 4.26e-06   |
|    log10_contrast       | -5.44      |
|    strehl               | 0.99       |
| rollout/                |            |
|    ep_len_mean          | 20         |
|    ep_rew_mean          | 0.896      |
| time/                   |            |
|    fps                  | 74         |
|    iterations           | 78         |
|    time_elapsed         | 1346       |
|    total_timesteps      | 99840      |
| train/                  |            |
|    approx_kl            | 0.06830248 |
|    clip_fraction        | 0.251      |
|    clip_range           | 0.2        |
|    entropy_loss         | 21.7       |
|    explained_variance   | 0.752      |
|    learning_rate        | 5e-05      |
|    loss                 | -0.0733    |
|    n_updates            | 291        |
|    policy_gradient_loss | -0.0321    |
|    std                  | 0.0819     |
|    value_loss           | 0.014      |
----------------------------------------
Early stopping at step 3 due to reaching max kl: 0.11
Eval num_timesteps=100000, episode_reward=1.11 +/- 0.17
Episode length: 20.00 +/- 0.00
---------------------------------------
| env/                    |           |
|    contrast             | 2.99e-06  |
|    log10_contrast       | -5.65     |
|    strehl               | 0.99      |
| eval/                   |           |
|    mean_ep_length       | 20        |
|    mean_reward          | 1.11      |
| time/                   |           |
|    total_timesteps      | 100000    |
| train/                  |           |
|    approx_kl            | 0.0665337 |
|    clip_fraction        | 0.248     |
|    clip_range           | 0.2       |
|    entropy_loss         | 21.7      |
|    explained_variance   | 0.768     |
|    learning_rate        | 5e-05     |
|    loss                 | -0.0614   |
|    n_updates            | 295       |
|    policy_gradient_loss | -0.0303   |
|    std                  | 0.0819    |
|    value_loss           | 0.0138    |
---------------------------------------
New best mean reward!
---------------------------------
| env/               |          |
|    contrast        | 2.76e-06 |
|    log10_contrast  | -5.61    |
|    strehl          | 0.993    |
| rollout/           |          |
|    ep_len_mean     | 20       |
|    ep_rew_mean     | 0.901    |
| time/              |          |
|    fps             | 73       |
|    iterations      | 79       |
|    time_elapsed    | 1371     |
|    total_timesteps | 101120   |
---------------------------------
Early stopping at step 5 due to reaching max kl: 0.09
 100% ━━━━━━━━━━━━━━━━━━━━━━━━━ 101,120/100,000  [ 0:22:37 < 0:00:00 , 55 it/s ]
Saved final model to: logs/ppo_finetune_modal20/ppo_finetune_modal20_final.zip
