[po4ncpa] device=cuda image=33x33 modes=20 coronagraph=False
[po4ncpa] ideal-image residual ref: max=1.000e+00 sum=1.107e+01
ep   100 | dynL 0.418 polR 0.000e+00 | train C 1.49e-02 S 0.152 | EVAL C 3.518e-03 S 0.9185 | buf 2000 | 158s
ep   200 | dynL 0.411 polR 0.000e+00 | train C 1.44e-02 S 0.151 | EVAL C 3.518e-03 S 0.9185 | buf 4000 | 312s
ep   300 | dynL 0.416 polR 0.000e+00 | train C 1.34e-02 S 0.070 | EVAL C 3.518e-03 S 0.9185 | buf 6000 | 467s
ep   400 | dynL 0.427 polR 0.000e+00 | train C 1.11e-02 S 0.232 | EVAL C 3.518e-03 S 0.9185 | buf 8000 | 617s
ep   500 | dynL 0.431 polR 0.000e+00 | train C 1.71e-02 S 0.159 | EVAL C 3.518e-03 S 0.9185 | buf 10000 | 756s
ep   600 | dynL 0.438 polR 0.000e+00 | train C 1.57e-02 S 0.113 | EVAL C 3.518e-03 S 0.9185 | buf 12000 | 904s
ep   700 | dynL 0.443 polR 0.000e+00 | train C 1.08e-02 S 0.077 | EVAL C 3.518e-03 S 0.9185 | buf 14000 | 1045s
ep   800 | dynL 0.447 polR 0.000e+00 | train C 1.55e-02 S 0.091 | EVAL C 3.518e-03 S 0.9185 | buf 16000 | 1184s
ep   900 | dynL 0.449 polR 0.000e+00 | train C 8.56e-03 S 0.316 | EVAL C 3.518e-03 S 0.9185 | buf 18000 | 1322s
ep  1000 | dynL 0.455 polR 0.000e+00 | train C 1.49e-02 S 0.078 | EVAL C 3.518e-03 S 0.9185 | buf 20000 | 1459s
ep  1100 | dynL 0.474 polR -1.513e+01 | train C 5.92e-03 S 0.750 | EVAL C 3.967e-03 S 0.8779 | buf 22000 | 1610s
ep  1200 | dynL 0.489 polR -1.326e+01 | train C 5.00e-03 S 0.779 | EVAL C 3.769e-03 S 0.8860 | buf 24000 | 1759s
ep  1300 | dynL 0.504 polR -1.168e+01 | train C 4.61e-03 S 0.794 | EVAL C 3.548e-03 S 0.9228 | buf 26000 | 1912s
ep  1400 | dynL 0.502 polR -1.008e+01 | train C 5.04e-03 S 0.794 | EVAL C 3.361e-03 S 0.9486 | buf 28000 | 2059s
ep  1500 | dynL 0.495 polR -1.001e+01 | train C 3.38e-03 S 0.900 | EVAL C 3.243e-03 S 0.9634 | buf 30000 | 2222s
ep  1600 | dynL 0.489 polR -9.886e+00 | train C 4.84e-03 S 0.823 | EVAL C 3.268e-03 S 0.9645 | buf 32000 | 2382s
ep  1700 | dynL 0.483 polR -8.890e+00 | train C 5.78e-03 S 0.815 | EVAL C 3.277e-03 S 0.9628 | buf 34000 | 2536s
ep  1800 | dynL 0.475 polR -9.219e+00 | train C 5.20e-03 S 0.828 | EVAL C 3.199e-03 S 0.9653 | buf 36000 | 2691s
ep  1900 | dynL 0.471 polR -7.823e+00 | train C 5.05e-03 S 0.819 | EVAL C 3.165e-03 S 0.9681 | buf 38000 | 2837s
ep  2000 | dynL 0.464 polR -6.440e+00 | train C 4.31e-03 S 0.887 | EVAL C 3.136e-03 S 0.9708 | buf 40000 | 2980s
ep  2100 | dynL 0.459 polR -7.076e+00 | train C 4.22e-03 S 0.877 | EVAL C 3.112e-03 S 0.9721 | buf 42000 | 3126s
ep  2200 | dynL 0.455 polR -7.808e+00 | train C 4.16e-03 S 0.910 | EVAL C 3.097e-03 S 0.9707 | buf 44000 | 3284s
ep  2300 | dynL 0.450 polR -6.086e+00 | train C 4.17e-03 S 0.790 | EVAL C 3.086e-03 S 0.9734 | buf 46000 | 3433s
ep  2400 | dynL 0.447 polR -5.197e+00 | train C 4.21e-03 S 0.887 | EVAL C 3.082e-03 S 0.9729 | buf 48000 | 3588s
ep  2500 | dynL 0.442 polR -6.253e+00 | train C 5.02e-03 S 0.769 | EVAL C 3.082e-03 S 0.9736 | buf 50000 | 3747s
ep  2600 | dynL 0.440 polR -5.521e+00 | train C 3.91e-03 S 0.837 | EVAL C 3.076e-03 S 0.9742 | buf 52000 | 3895s
ep  2700 | dynL 0.434 polR -5.837e+00 | train C 4.47e-03 S 0.895 | EVAL C 3.091e-03 S 0.9749 | buf 54000 | 4057s
ep  2800 | dynL 0.431 polR -4.643e+00 | train C 4.21e-03 S 0.915 | EVAL C 3.087e-03 S 0.9750 | buf 56000 | 4198s
ep  2900 | dynL 0.428 polR -4.826e+00 | train C 4.60e-03 S 0.849 | EVAL C 3.061e-03 S 0.9755 | buf 58000 | 4347s
ep  3000 | dynL 0.428 polR -5.661e+00 | train C 4.85e-03 S 0.883 | EVAL C 3.073e-03 S 0.9749 | buf 60000 | 4500s
ep  3100 | dynL 0.426 polR -5.824e+00 | train C 3.91e-03 S 0.885 | EVAL C 3.073e-03 S 0.9756 | buf 62000 | 4651s
ep  3200 | dynL 0.420 polR -6.962e+00 | train C 4.17e-03 S 0.883 | EVAL C 3.066e-03 S 0.9754 | buf 64000 | 4806s
ep  3300 | dynL 0.422 polR -5.139e+00 | train C 4.60e-03 S 0.859 | EVAL C 3.071e-03 S 0.9759 | buf 66000 | 4959s
ep  3400 | dynL 0.418 polR -5.207e+00 | train C 4.19e-03 S 0.903 | EVAL C 3.073e-03 S 0.9758 | buf 68000 | 5112s
ep  3500 | dynL 0.416 polR -4.819e+00 | train C 4.22e-03 S 0.906 | EVAL C 3.068e-03 S 0.9756 | buf 70000 | 5253s
ep  3600 | dynL 0.417 polR -3.533e+00 | train C 3.92e-03 S 0.921 | EVAL C 3.062e-03 S 0.9767 | buf 72000 | 5405s
ep  3700 | dynL 0.414 polR -4.452e+00 | train C 5.04e-03 S 0.810 | EVAL C 3.060e-03 S 0.9754 | buf 74000 | 5560s
ep  3800 | dynL 0.414 polR -4.073e+00 | train C 5.11e-03 S 0.836 | EVAL C 3.069e-03 S 0.9749 | buf 76000 | 5707s
ep  3900 | dynL 0.411 polR -3.911e+00 | train C 4.33e-03 S 0.847 | EVAL C 3.057e-03 S 0.9750 | buf 78000 | 5856s
ep  4000 | dynL 0.409 polR -5.313e+00 | train C 4.43e-03 S 0.895 | EVAL C 3.061e-03 S 0.9757 | buf 80000 | 5997s
ep  4100 | dynL 0.410 polR -4.072e+00 | train C 4.22e-03 S 0.862 | EVAL C 3.060e-03 S 0.9750 | buf 82000 | 6156s
ep  4200 | dynL 0.408 polR -4.158e+00 | train C 4.13e-03 S 0.881 | EVAL C 3.059e-03 S 0.9752 | buf 84000 | 6310s
ep  4300 | dynL 0.407 polR -3.318e+00 | train C 5.06e-03 S 0.834 | EVAL C 3.058e-03 S 0.9758 | buf 86000 | 6467s
ep  4400 | dynL 0.404 polR -3.084e+00 | train C 3.94e-03 S 0.902 | EVAL C 3.066e-03 S 0.9757 | buf 88000 | 6605s
ep  4500 | dynL 0.406 polR -3.987e+00 | train C 5.77e-03 S 0.816 | EVAL C 3.061e-03 S 0.9751 | buf 90000 | 6760s
ep  4600 | dynL 0.402 polR -3.314e+00 | train C 4.03e-03 S 0.854 | EVAL C 3.057e-03 S 0.9764 | buf 92000 | 6908s
ep  4700 | dynL 0.403 polR -3.137e+00 | train C 5.51e-03 S 0.828 | EVAL C 3.058e-03 S 0.9755 | buf 94000 | 7067s
ep  4800 | dynL 0.402 polR -3.415e+00 | train C 4.08e-03 S 0.843 | EVAL C 3.060e-03 S 0.9761 | buf 96000 | 7225s
ep  4900 | dynL 0.400 polR -3.986e+00 | train C 5.68e-03 S 0.806 | EVAL C 3.061e-03 S 0.9757 | buf 98000 | 7382s
ep  5000 | dynL 0.400 polR -5.575e+00 | train C 5.16e-03 S 0.857 | EVAL C 3.055e-03 S 0.9749 | buf 100000 | 7539s
ep  5100 | dynL 0.401 polR -3.848e+00 | train C 4.19e-03 S 0.826 | EVAL C 3.061e-03 S 0.9755 | buf 102000 | 7696s
ep  5200 | dynL 0.398 polR -4.006e+00 | train C 4.52e-03 S 0.898 | EVAL C 3.061e-03 S 0.9752 | buf 104000 | 7856s
ep  5300 | dynL 0.399 polR -3.046e+00 | train C 4.13e-03 S 0.828 | EVAL C 3.054e-03 S 0.9750 | buf 106000 | 8006s
ep  5400 | dynL 0.397 polR -3.516e+00 | train C 5.54e-03 S 0.818 | EVAL C 3.061e-03 S 0.9758 | buf 108000 | 8154s
ep  5500 | dynL 0.397 polR -2.874e+00 | train C 4.39e-03 S 0.864 | EVAL C 3.061e-03 S 0.9751 | buf 110000 | 8303s
ep  5600 | dynL 0.395 polR -3.289e+00 | train C 4.18e-03 S 0.925 | EVAL C 3.056e-03 S 0.9757 | buf 112000 | 8463s
ep  5700 | dynL 0.396 polR -3.664e+00 | train C 4.18e-03 S 0.811 | EVAL C 3.061e-03 S 0.9758 | buf 114000 | 8623s
ep  5800 | dynL 0.394 polR -2.461e+00 | train C 3.72e-03 S 0.923 | EVAL C 3.054e-03 S 0.9759 | buf 116000 | 8776s
ep  5900 | dynL 0.398 polR -3.575e+00 | train C 3.54e-03 S 0.929 | EVAL C 3.050e-03 S 0.9755 | buf 118000 | 8927s
ep  6000 | dynL 0.393 polR -3.683e+00 | train C 4.50e-03 S 0.873 | EVAL C 3.056e-03 S 0.9761 | buf 120000 | 9077s
ep  6100 | dynL 0.396 polR -2.826e+00 | train C 3.87e-03 S 0.879 | EVAL C 3.055e-03 S 0.9755 | buf 122000 | 9230s
ep  6200 | dynL 0.393 polR -3.168e+00 | train C 6.05e-03 S 0.699 | EVAL C 3.059e-03 S 0.9770 | buf 124000 | 9379s
ep  6300 | dynL 0.393 polR -3.714e+00 | train C 4.87e-03 S 0.790 | EVAL C 3.053e-03 S 0.9759 | buf 126000 | 9541s
ep  6400 | dynL 0.394 polR -2.974e+00 | train C 4.37e-03 S 0.880 | EVAL C 3.057e-03 S 0.9754 | buf 128000 | 9691s
ep  6500 | dynL 0.391 polR -3.011e+00 | train C 3.83e-03 S 0.916 | EVAL C 3.061e-03 S 0.9760 | buf 130000 | 9848s
ep  6600 | dynL 0.394 polR -2.622e+00 | train C 5.41e-03 S 0.813 | EVAL C 3.055e-03 S 0.9747 | buf 132000 | 10006s
ep  6700 | dynL 0.390 polR -2.922e+00 | train C 4.66e-03 S 0.847 | EVAL C 3.056e-03 S 0.9757 | buf 134000 | 10158s
ep  6800 | dynL 0.387 polR -3.075e+00 | train C 4.66e-03 S 0.813 | EVAL C 3.061e-03 S 0.9751 | buf 136000 | 10310s
ep  6900 | dynL 0.389 polR -2.731e+00 | train C 4.10e-03 S 0.867 | EVAL C 3.051e-03 S 0.9748 | buf 138000 | 10458s
ep  7000 | dynL 0.390 polR -3.150e+00 | train C 4.40e-03 S 0.833 | EVAL C 3.059e-03 S 0.9754 | buf 140000 | 10614s
ep  7100 | dynL 0.389 polR -3.379e+00 | train C 5.98e-03 S 0.779 | EVAL C 3.054e-03 S 0.9753 | buf 142000 | 10764s
ep  7200 | dynL 0.389 polR -2.118e+00 | train C 3.70e-03 S 0.930 | EVAL C 3.053e-03 S 0.9752 | buf 144000 | 10929s
ep  7300 | dynL 0.392 polR -3.231e+00 | train C 4.24e-03 S 0.892 | EVAL C 3.057e-03 S 0.9749 | buf 146000 | 11083s
ep  7400 | dynL 0.390 polR -2.700e+00 | train C 4.53e-03 S 0.887 | EVAL C 3.066e-03 S 0.9751 | buf 148000 | 11240s
ep  7500 | dynL 0.388 polR -2.493e+00 | train C 5.45e-03 S 0.815 | EVAL C 3.056e-03 S 0.9753 | buf 150000 | 11384s
ep  7600 | dynL 0.388 polR -2.946e+00 | train C 4.47e-03 S 0.852 | EVAL C 3.054e-03 S 0.9750 | buf 152000 | 11539s
ep  7700 | dynL 0.386 polR -3.334e+00 | train C 5.35e-03 S 0.772 | EVAL C 3.059e-03 S 0.9761 | buf 154000 | 11700s
ep  7800 | dynL 0.388 polR -3.341e+00 | train C 5.14e-03 S 0.836 | EVAL C 3.047e-03 S 0.9751 | buf 156000 | 11853s
ep  7900 | dynL 0.384 polR -3.032e+00 | train C 5.49e-03 S 0.776 | EVAL C 3.058e-03 S 0.9756 | buf 158000 | 12010s
ep  8000 | dynL 0.386 polR -2.952e+00 | train C 3.71e-03 S 0.891 | EVAL C 3.058e-03 S 0.9754 | buf 160000 | 12157s
[po4ncpa] done in 12157s
=== PO4NCPA STREHL DONE ===
