[po4ncpa] device=cuda image=33x33 modes=55 coronagraph=False
[po4ncpa] ideal-image residual ref: max=1.000e+00 sum=1.107e+01
ep   250 | dynL 0.300 polR 0.000e+00 | train C 5.10e-03 S 0.023 | EVAL C 3.778e-03 S 0.9304 | buf 5000 | 371s
ep   500 | dynL 0.330 polR 0.000e+00 | train C 4.17e-03 S 0.025 | EVAL C 3.778e-03 S 0.9304 | buf 10000 | 705s
ep   750 | dynL 0.353 polR 0.000e+00 | train C 3.74e-03 S 0.029 | EVAL C 3.778e-03 S 0.9304 | buf 15000 | 1098s
ep  1000 | dynL 0.367 polR 0.000e+00 | train C 6.27e-03 S 0.025 | EVAL C 3.778e-03 S 0.9304 | buf 20000 | 1457s
ep  1250 | dynL 0.376 polR 0.000e+00 | train C 4.87e-03 S 0.024 | EVAL C 3.778e-03 S 0.9304 | buf 25000 | 1839s
ep  1500 | dynL 0.386 polR 0.000e+00 | train C 5.15e-03 S 0.029 | EVAL C 3.778e-03 S 0.9304 | buf 30000 | 2203s
ep  1750 | dynL 0.395 polR 0.000e+00 | train C 3.59e-03 S 0.026 | EVAL C 3.778e-03 S 0.9304 | buf 35000 | 2576s
ep  2000 | dynL 0.401 polR 0.000e+00 | train C 4.77e-03 S 0.023 | EVAL C 3.778e-03 S 0.9304 | buf 40000 | 2950s
ep  2250 | dynL 0.407 polR 0.000e+00 | train C 3.75e-03 S 0.027 | EVAL C 3.778e-03 S 0.9304 | buf 45000 | 3327s
ep  2500 | dynL 0.413 polR 0.000e+00 | train C 3.83e-03 S 0.028 | EVAL C 3.778e-03 S 0.9304 | buf 50000 | 3722s
ep  2750 | dynL 0.415 polR 0.000e+00 | train C 7.68e-03 S 0.056 | EVAL C 3.778e-03 S 0.9304 | buf 55000 | 4093s
ep  3000 | dynL 0.420 polR 0.000e+00 | train C 4.38e-03 S 0.029 | EVAL C 3.778e-03 S 0.9304 | buf 60000 | 4462s
ep  3250 | dynL 0.423 polR 0.000e+00 | train C 4.33e-03 S 0.018 | EVAL C 3.778e-03 S 0.9304 | buf 65000 | 4837s
ep  3500 | dynL 0.426 polR 0.000e+00 | train C 3.82e-03 S 0.023 | EVAL C 3.778e-03 S 0.9304 | buf 70000 | 5227s
ep  3750 | dynL 0.427 polR 0.000e+00 | train C 3.60e-03 S 0.026 | EVAL C 3.778e-03 S 0.9304 | buf 75000 | 5586s
ep  4000 | dynL 0.429 polR 0.000e+00 | train C 4.11e-03 S 0.020 | EVAL C 3.778e-03 S 0.9304 | buf 80000 | 5978s
ep  4250 | dynL 0.428 polR -2.407e+01 | train C 2.86e-03 S 0.018 | EVAL C 2.303e-03 S 0.0161 | buf 85000 | 6419s
ep  4500 | dynL 0.424 polR -2.303e+01 | train C 2.60e-03 S 0.017 | EVAL C 2.852e-03 S 0.0156 | buf 90000 | 6852s
ep  4750 | dynL 0.420 polR -2.167e+01 | train C 1.08e-03 S 0.007 | EVAL C 1.209e-03 S 0.0076 | buf 95000 | 7254s
ep  5000 | dynL 0.416 polR -2.185e+01 | train C 1.98e-03 S 0.009 | EVAL C 1.847e-03 S 0.0106 | buf 100000 | 7664s
ep  5250 | dynL 0.414 polR -2.125e+01 | train C 1.96e-03 S 0.009 | EVAL C 1.727e-03 S 0.0074 | buf 105000 | 8095s
ep  5500 | dynL 0.410 polR -2.102e+01 | train C 1.91e-03 S 0.011 | EVAL C 1.436e-03 S 0.0110 | buf 110000 | 8525s
ep  5750 | dynL 0.411 polR -2.163e+01 | train C 2.04e-03 S 0.012 | EVAL C 2.080e-03 S 0.0101 | buf 115000 | 8922s
ep  6000 | dynL 0.410 polR -2.139e+01 | train C 1.61e-03 S 0.010 | EVAL C 1.492e-03 S 0.0084 | buf 120000 | 9337s
ep  6250 | dynL 0.407 polR -2.205e+01 | train C 1.65e-03 S 0.007 | EVAL C 1.699e-03 S 0.0077 | buf 125000 | 9750s
ep  6500 | dynL 0.406 polR -2.107e+01 | train C 2.29e-03 S 0.016 | EVAL C 1.764e-03 S 0.0103 | buf 130000 | 10181s
ep  6750 | dynL 0.405 polR -2.069e+01 | train C 1.49e-03 S 0.016 | EVAL C 1.915e-03 S 0.0118 | buf 135000 | 10594s
ep  7000 | dynL 0.405 polR -2.175e+01 | train C 1.64e-03 S 0.012 | EVAL C 2.044e-03 S 0.0098 | buf 140000 | 11013s
ep  7250 | dynL 0.404 polR -2.121e+01 | train C 1.66e-03 S 0.012 | EVAL C 1.846e-03 S 0.0100 | buf 145000 | 11441s
ep  7500 | dynL 0.404 polR -2.039e+01 | train C 1.85e-03 S 0.011 | EVAL C 1.947e-03 S 0.0097 | buf 150000 | 11846s
ep  7750 | dynL 0.403 polR -2.121e+01 | train C 2.10e-03 S 0.016 | EVAL C 1.839e-03 S 0.0108 | buf 155000 | 12253s
ep  8000 | dynL 0.402 polR -2.145e+01 | train C 1.79e-03 S 0.015 | EVAL C 1.919e-03 S 0.0115 | buf 160000 | 12690s
ep  8250 | dynL 0.402 polR -2.108e+01 | train C 1.97e-03 S 0.013 | EVAL C 1.864e-03 S 0.0123 | buf 165000 | 13104s
ep  8500 | dynL 0.400 polR -2.068e+01 | train C 2.06e-03 S 0.012 | EVAL C 2.006e-03 S 0.0130 | buf 170000 | 13514s
ep  8750 | dynL 0.399 polR -2.044e+01 | train C 2.19e-03 S 0.018 | EVAL C 1.898e-03 S 0.0130 | buf 175000 | 13937s
ep  9000 | dynL 0.398 polR -2.023e+01 | train C 2.23e-03 S 0.015 | EVAL C 1.947e-03 S 0.0104 | buf 180000 | 14347s
ep  9250 | dynL 0.394 polR -2.116e+01 | train C 2.14e-03 S 0.014 | EVAL C 1.877e-03 S 0.0122 | buf 185000 | 14782s
ep  9500 | dynL 0.393 polR -2.029e+01 | train C 2.21e-03 S 0.012 | EVAL C 1.955e-03 S 0.0098 | buf 190000 | 15208s
ep  9750 | dynL 0.391 polR -2.068e+01 | train C 2.24e-03 S 0.011 | EVAL C 2.163e-03 S 0.0093 | buf 195000 | 15614s
ep 10000 | dynL 0.392 polR -2.052e+01 | train C 2.07e-03 S 0.013 | EVAL C 2.059e-03 S 0.0105 | buf 200000 | 16050s
ep 10250 | dynL 0.389 polR -2.040e+01 | train C 2.54e-03 S 0.013 | EVAL C 2.295e-03 S 0.0101 | buf 200000 | 16477s
ep 10500 | dynL 0.387 polR -2.049e+01 | train C 2.31e-03 S 0.015 | EVAL C 2.358e-03 S 0.0120 | buf 200000 | 16905s
ep 10750 | dynL 0.383 polR -2.083e+01 | train C 2.30e-03 S 0.012 | EVAL C 2.335e-03 S 0.0129 | buf 200000 | 17315s
ep 11000 | dynL 0.381 polR -2.087e+01 | train C 2.13e-03 S 0.011 | EVAL C 2.287e-03 S 0.0131 | buf 200000 | 17740s
ep 11250 | dynL 0.374 polR -2.061e+01 | train C 2.21e-03 S 0.010 | EVAL C 2.236e-03 S 0.0081 | buf 200000 | 18154s
ep 11500 | dynL 0.373 polR -2.095e+01 | train C 2.21e-03 S 0.008 | EVAL C 2.162e-03 S 0.0083 | buf 200000 | 18554s
ep 11750 | dynL 0.368 polR -2.043e+01 | train C 2.52e-03 S 0.019 | EVAL C 2.379e-03 S 0.0108 | buf 200000 | 18978s
ep 12000 | dynL 0.361 polR -2.097e+01 | train C 2.31e-03 S 0.010 | EVAL C 2.209e-03 S 0.0107 | buf 200000 | 19409s
ep 12250 | dynL 0.358 polR -2.062e+01 | train C 2.05e-03 S 0.015 | EVAL C 2.248e-03 S 0.0099 | buf 200000 | 19823s
ep 12500 | dynL 0.352 polR -1.872e+01 | train C 1.73e-03 S 0.011 | EVAL C 1.348e-03 S 0.0092 | buf 200000 | 20248s
ep 12750 | dynL 0.349 polR -2.100e+01 | train C 1.08e-03 S 0.007 | EVAL C 1.024e-03 S 0.0064 | buf 200000 | 20668s
ep 13000 | dynL 0.345 polR -2.033e+01 | train C 1.05e-03 S 0.008 | EVAL C 9.215e-04 S 0.0067 | buf 200000 | 21071s
ep 13250 | dynL 0.339 polR -2.035e+01 | train C 1.31e-03 S 0.014 | EVAL C 1.189e-03 S 0.0088 | buf 200000 | 21500s
ep 13500 | dynL 0.334 polR -1.987e+01 | train C 1.32e-03 S 0.009 | EVAL C 1.147e-03 S 0.0076 | buf 200000 | 21925s
ep 13750 | dynL 0.330 polR -1.985e+01 | train C 1.16e-03 S 0.006 | EVAL C 1.140e-03 S 0.0064 | buf 200000 | 22324s
ep 14000 | dynL 0.326 polR -2.032e+01 | train C 1.49e-03 S 0.009 | EVAL C 1.157e-03 S 0.0078 | buf 200000 | 22761s
ep 14250 | dynL 0.323 polR -1.993e+01 | train C 1.16e-03 S 0.009 | EVAL C 1.065e-03 S 0.0064 | buf 200000 | 23218s
ep 14500 | dynL 0.321 polR -1.910e+01 | train C 1.37e-03 S 0.008 | EVAL C 1.214e-03 S 0.0072 | buf 200000 | 23634s
ep 14750 | dynL 0.322 polR -2.002e+01 | train C 1.54e-03 S 0.008 | EVAL C 1.322e-03 S 0.0072 | buf 200000 | 24063s
ep 15000 | dynL 0.321 polR -2.048e+01 | train C 1.47e-03 S 0.008 | EVAL C 1.309e-03 S 0.0083 | buf 200000 | 24499s
ep 15250 | dynL 0.321 polR -1.984e+01 | train C 1.24e-03 S 0.007 | EVAL C 1.462e-03 S 0.0082 | buf 200000 | 24919s
ep 15500 | dynL 0.320 polR -1.924e+01 | train C 1.42e-03 S 0.009 | EVAL C 1.523e-03 S 0.0088 | buf 200000 | 25339s
ep 15750 | dynL 0.320 polR -2.060e+01 | train C 1.52e-03 S 0.010 | EVAL C 1.345e-03 S 0.0087 | buf 200000 | 25740s
ep 16000 | dynL 0.318 polR -2.138e+01 | train C 1.23e-03 S 0.008 | EVAL C 1.242e-03 S 0.0095 | buf 200000 | 26161s
ep 16250 | dynL 0.318 polR -1.888e+01 | train C 1.35e-03 S 0.007 | EVAL C 1.317e-03 S 0.0088 | buf 200000 | 26559s
ep 16500 | dynL 0.316 polR -1.886e+01 | train C 1.34e-03 S 0.009 | EVAL C 1.265e-03 S 0.0082 | buf 200000 | 26981s
ep 16750 | dynL 0.315 polR -1.975e+01 | train C 1.29e-03 S 0.007 | EVAL C 1.182e-03 S 0.0060 | buf 200000 | 27398s
ep 17000 | dynL 0.315 polR -2.016e+01 | train C 1.46e-03 S 0.005 | EVAL C 1.498e-03 S 0.0067 | buf 200000 | 27833s
ep 17250 | dynL 0.315 polR -1.933e+01 | train C 1.46e-03 S 0.006 | EVAL C 1.494e-03 S 0.0086 | buf 200000 | 28239s
ep 17500 | dynL 0.314 polR -1.894e+01 | train C 1.45e-03 S 0.007 | EVAL C 1.409e-03 S 0.0094 | buf 200000 | 28676s
ep 17750 | dynL 0.313 polR -1.995e+01 | train C 1.23e-03 S 0.008 | EVAL C 1.383e-03 S 0.0079 | buf 200000 | 29094s
ep 18000 | dynL 0.310 polR -1.793e+01 | train C 1.58e-03 S 0.007 | EVAL C 1.569e-03 S 0.0073 | buf 200000 | 29525s
ep 18250 | dynL 0.309 polR -1.809e+01 | train C 1.41e-03 S 0.008 | EVAL C 1.483e-03 S 0.0093 | buf 200000 | 29939s
ep 18500 | dynL 0.309 polR -1.840e+01 | train C 1.45e-03 S 0.008 | EVAL C 1.467e-03 S 0.0072 | buf 200000 | 30349s
ep 18750 | dynL 0.306 polR -1.871e+01 | train C 1.32e-03 S 0.009 | EVAL C 1.419e-03 S 0.0067 | buf 200000 | 30762s
ep 19000 | dynL 0.305 polR -1.880e+01 | train C 1.58e-03 S 0.008 | EVAL C 1.580e-03 S 0.0086 | buf 200000 | 31185s
ep 19250 | dynL 0.305 polR -1.810e+01 | train C 1.11e-03 S 0.009 | EVAL C 1.137e-03 S 0.0095 | buf 200000 | 31614s
ep 19500 | dynL 0.304 polR -2.003e+01 | train C 1.54e-03 S 0.011 | EVAL C 1.305e-03 S 0.0092 | buf 200000 | 32052s
ep 19750 | dynL 0.304 polR -1.828e+01 | train C 1.29e-03 S 0.008 | EVAL C 1.217e-03 S 0.0061 | buf 200000 | 32497s
ep 20000 | dynL 0.303 polR -2.029e+01 | train C 1.08e-03 S 0.007 | EVAL C 9.640e-04 S 0.0054 | buf 200000 | 32912s
ep 20250 | dynL 0.302 polR -1.927e+01 | train C 1.08e-03 S 0.010 | EVAL C 9.889e-04 S 0.0055 | buf 200000 | 33331s
ep 20500 | dynL 0.302 polR -1.869e+01 | train C 1.34e-03 S 0.008 | EVAL C 1.157e-03 S 0.0077 | buf 200000 | 33745s
ep 20750 | dynL 0.300 polR -1.696e+01 | train C 1.23e-03 S 0.010 | EVAL C 1.302e-03 S 0.0082 | buf 200000 | 34154s
ep 21000 | dynL 0.298 polR -1.754e+01 | train C 1.20e-03 S 0.007 | EVAL C 1.281e-03 S 0.0107 | buf 200000 | 34591s
ep 21250 | dynL 0.300 polR -2.061e+01 | train C 1.35e-03 S 0.015 | EVAL C 1.331e-03 S 0.0101 | buf 200000 | 35012s
ep 21500 | dynL 0.299 polR -1.834e+01 | train C 1.19e-03 S 0.007 | EVAL C 1.289e-03 S 0.0094 | buf 200000 | 35444s
ep 21750 | dynL 0.300 polR -1.747e+01 | train C 1.34e-03 S 0.009 | EVAL C 1.450e-03 S 0.0067 | buf 200000 | 35867s
ep 22000 | dynL 0.297 polR -1.877e+01 | train C 1.38e-03 S 0.008 | EVAL C 1.260e-03 S 0.0075 | buf 200000 | 36296s
ep 22250 | dynL 0.298 polR -2.081e+01 | train C 1.19e-03 S 0.008 | EVAL C 1.100e-03 S 0.0077 | buf 200000 | 36731s
ep 22500 | dynL 0.297 polR -1.998e+01 | train C 1.42e-03 S 0.007 | EVAL C 1.416e-03 S 0.0095 | buf 200000 | 37148s
ep 22750 | dynL 0.297 polR -2.005e+01 | train C 1.35e-03 S 0.011 | EVAL C 1.271e-03 S 0.0111 | buf 200000 | 37561s
ep 23000 | dynL 0.296 polR -2.056e+01 | train C 1.34e-03 S 0.009 | EVAL C 1.359e-03 S 0.0069 | buf 200000 | 37970s
ep 23250 | dynL 0.295 polR -1.837e+01 | train C 1.16e-03 S 0.006 | EVAL C 1.138e-03 S 0.0049 | buf 200000 | 38385s
ep 23500 | dynL 0.294 polR -2.024e+01 | train C 1.52e-03 S 0.009 | EVAL C 1.405e-03 S 0.0093 | buf 200000 | 38825s
ep 23750 | dynL 0.296 polR -1.983e+01 | train C 1.56e-03 S 0.010 | EVAL C 1.511e-03 S 0.0083 | buf 200000 | 39253s
ep 24000 | dynL 0.295 polR -2.010e+01 | train C 1.30e-03 S 0.006 | EVAL C 1.436e-03 S 0.0086 | buf 200000 | 39671s
ep 24250 | dynL 0.295 polR -1.893e+01 | train C 1.40e-03 S 0.008 | EVAL C 1.317e-03 S 0.0070 | buf 200000 | 40075s
ep 24500 | dynL 0.293 polR -2.121e+01 | train C 1.09e-03 S 0.009 | EVAL C 1.131e-03 S 0.0089 | buf 200000 | 40484s
ep 24750 | dynL 0.293 polR -2.060e+01 | train C 1.53e-03 S 0.007 | EVAL C 1.480e-03 S 0.0081 | buf 200000 | 40883s
ep 25000 | dynL 0.290 polR -2.134e+01 | train C 1.57e-03 S 0.007 | EVAL C 1.633e-03 S 0.0076 | buf 200000 | 41290s
ep 25250 | dynL 0.289 polR -1.822e+01 | train C 1.85e-03 S 0.012 | EVAL C 1.588e-03 S 0.0085 | buf 200000 | 41693s
ep 25500 | dynL 0.289 polR -1.851e+01 | train C 1.83e-03 S 0.011 | EVAL C 2.008e-03 S 0.0123 | buf 200000 | 42102s
ep 25750 | dynL 0.288 polR -1.947e+01 | train C 1.92e-03 S 0.007 | EVAL C 1.876e-03 S 0.0071 | buf 200000 | 42532s
ep 26000 | dynL 0.289 polR -1.979e+01 | train C 1.88e-03 S 0.014 | EVAL C 1.815e-03 S 0.0112 | buf 200000 | 42944s
ep 26250 | dynL 0.289 polR -2.230e+01 | train C 1.38e-03 S 0.007 | EVAL C 1.501e-03 S 0.0071 | buf 200000 | 43357s
ep 26500 | dynL 0.289 polR -2.190e+01 | train C 1.65e-03 S 0.008 | EVAL C 1.668e-03 S 0.0068 | buf 200000 | 43764s
ep 26750 | dynL 0.287 polR -2.238e+01 | train C 1.79e-03 S 0.008 | EVAL C 1.618e-03 S 0.0076 | buf 200000 | 44182s
ep 27000 | dynL 0.287 polR -2.167e+01 | train C 1.49e-03 S 0.006 | EVAL C 1.585e-03 S 0.0068 | buf 200000 | 44577s
ep 27250 | dynL 0.288 polR -2.204e+01 | train C 1.81e-03 S 0.010 | EVAL C 1.377e-03 S 0.0081 | buf 200000 | 44997s
ep 27500 | dynL 0.287 polR -2.133e+01 | train C 1.61e-03 S 0.013 | EVAL C 1.887e-03 S 0.0132 | buf 200000 | 45423s
ep 27750 | dynL 0.288 polR -2.161e+01 | train C 1.74e-03 S 0.007 | EVAL C 1.723e-03 S 0.0118 | buf 200000 | 45857s
ep 28000 | dynL 0.289 polR -2.011e+01 | train C 1.52e-03 S 0.016 | EVAL C 1.567e-03 S 0.0103 | buf 200000 | 46281s
ep 28250 | dynL 0.288 polR -1.802e+01 | train C 1.77e-03 S 0.010 | EVAL C 1.782e-03 S 0.0101 | buf 200000 | 46686s
ep 28500 | dynL 0.289 polR -2.099e+01 | train C 1.59e-03 S 0.014 | EVAL C 1.816e-03 S 0.0123 | buf 200000 | 47110s
ep 28750 | dynL 0.289 polR -2.119e+01 | train C 1.31e-03 S 0.011 | EVAL C 1.689e-03 S 0.0115 | buf 200000 | 47536s
ep 29000 | dynL 0.289 polR -1.943e+01 | train C 1.93e-03 S 0.010 | EVAL C 1.663e-03 S 0.0115 | buf 200000 | 47954s
ep 29250 | dynL 0.289 polR -1.948e+01 | train C 1.49e-03 S 0.008 | EVAL C 1.631e-03 S 0.0115 | buf 200000 | 48376s
ep 29500 | dynL 0.288 polR -1.622e+01 | train C 2.01e-03 S 0.014 | EVAL C 1.716e-03 S 0.0113 | buf 200000 | 48817s
ep 29750 | dynL 0.287 polR -1.811e+01 | train C 1.72e-03 S 0.011 | EVAL C 1.797e-03 S 0.0126 | buf 200000 | 49250s
ep 30000 | dynL 0.285 polR -2.158e+01 | train C 1.77e-03 S 0.012 | EVAL C 1.781e-03 S 0.0109 | buf 200000 | 49681s
[po4ncpa] done in 49681s
=== PO4NCPA STREHL DONE ===
