name, memory.total [MiB]
Tesla V100-PCIE-32GB, 32768 MiB
[infogain] correction scale min 2.84e-09 max 4.62e-08 | probe scale (x0.1) min 2.84e-10 max 4.62e-09 | modes=55 action=110
[infogain] RESUMED from logs/po4ncpa_dynamic_scratch_t10/po4ncpa_infogain_best.pt
[infogain] reloaded replay buffer (200000 transitions) from logs/po4ncpa_dynamic_scratch_t10/replay_buffer.npz -> refill gate skipped, updates start immediately
[infogain] device=cuda image=33x33 modes=55 action=110 workers=14 max_steps=8 lambda_info=0.0 reward=log lr_final_frac=0.5 explore_std_final=0.01
ep   252 | dynL 0.482 polR 2.047e-01 info 4.346e-02 | train C 7.41e-05 S 0.989 | EVAL C 4.680e-05 S 0.9932 | buf 200000 | 244s
ep   504 | dynL 0.485 polR 2.218e-01 info 4.502e-02 | train C 6.08e-05 S 0.991 | EVAL C 4.738e-05 S 0.9932 | buf 200000 | 487s
ep   756 | dynL 0.485 polR 2.278e-01 info 2.357e-02 | train C 3.86e-05 S 0.992 | EVAL C 4.668e-05 S 0.9927 | buf 200000 | 735s
ep  1008 | dynL 0.486 polR 2.594e-01 info 2.153e-02 | train C 2.95e-05 S 0.993 | EVAL C 4.913e-05 S 0.9924 | buf 200000 | 980s
ep  1260 | dynL 0.492 polR 2.390e-01 info 3.697e-02 | train C 9.36e-05 S 0.986 | EVAL C 4.905e-05 S 0.9922 | buf 200000 | 1229s
ep  1512 | dynL 0.491 polR 2.265e-01 info 2.364e-02 | train C 3.11e-05 S 0.992 | EVAL C 4.752e-05 S 0.9925 | buf 200000 | 1474s
ep  1764 | dynL 0.491 polR 1.694e-01 info 4.069e-02 | train C 7.44e-05 S 0.987 | EVAL C 4.818e-05 S 0.9931 | buf 200000 | 1719s
ep  2016 | dynL 0.493 polR 1.944e-01 info 3.994e-02 | train C 9.19e-05 S 0.983 | EVAL C 4.857e-05 S 0.9930 | buf 200000 | 1968s
ep  2268 | dynL 0.493 polR 2.192e-01 info 2.839e-02 | train C 7.67e-05 S 0.984 | EVAL C 4.855e-05 S 0.9930 | buf 200000 | 2214s
ep  2520 | dynL 0.497 polR 2.260e-01 info 3.441e-02 | train C 5.62e-05 S 0.991 | EVAL C 4.907e-05 S 0.9925 | buf 200000 | 2455s
ep  2772 | dynL 0.497 polR 1.972e-01 info 4.110e-02 | train C 4.64e-05 S 0.993 | EVAL C 4.835e-05 S 0.9925 | buf 200000 | 2701s
ep  3024 | dynL 0.501 polR 2.417e-01 info 1.978e-02 | train C 4.16e-05 S 0.986 | EVAL C 5.063e-05 S 0.9924 | buf 200000 | 2950s
ep  3276 | dynL 0.499 polR 2.274e-01 info 5.560e-02 | train C 3.45e-05 S 0.995 | EVAL C 4.217e-05 S 0.9934 | buf 200000 | 3191s
ep  3528 | dynL 0.504 polR 2.245e-01 info 3.008e-02 | train C 1.73e-05 S 0.997 | EVAL C 4.727e-05 S 0.9929 | buf 200000 | 3436s
ep  3780 | dynL 0.502 polR 2.416e-01 info 3.011e-02 | train C 6.27e-05 S 0.992 | EVAL C 4.694e-05 S 0.9932 | buf 200000 | 3680s
ep  4032 | dynL 0.507 polR 2.157e-01 info 4.052e-02 | train C 8.65e-05 S 0.985 | EVAL C 4.751e-05 S 0.9926 | buf 200000 | 3928s
ep  4284 | dynL 0.507 polR 1.964e-01 info 2.770e-02 | train C 4.04e-05 S 0.995 | EVAL C 4.878e-05 S 0.9921 | buf 200000 | 4174s
ep  4536 | dynL 0.504 polR 2.920e-01 info 1.410e-02 | train C 2.21e-05 S 0.997 | EVAL C 4.633e-05 S 0.9927 | buf 200000 | 4425s
ep  4788 | dynL 0.506 polR 2.293e-01 info 2.614e-02 | train C 7.34e-05 S 0.984 | EVAL C 4.750e-05 S 0.9929 | buf 200000 | 4671s
ep  5040 | dynL 0.509 polR 2.239e-01 info 2.717e-02 | train C 4.22e-05 S 0.993 | EVAL C 4.667e-05 S 0.9929 | buf 200000 | 4914s
ep  5292 | dynL 0.508 polR 2.382e-01 info 2.569e-02 | train C 7.38e-05 S 0.991 | EVAL C 4.521e-05 S 0.9923 | buf 200000 | 5159s
ep  5544 | dynL 0.511 polR 1.864e-01 info 3.237e-02 | train C 3.07e-05 S 0.993 | EVAL C 4.366e-05 S 0.9926 | buf 200000 | 5407s
ep  5796 | dynL 0.512 polR 2.943e-01 info 1.595e-02 | train C 9.08e-05 S 0.988 | EVAL C 4.343e-05 S 0.9929 | buf 200000 | 5654s
ep  6048 | dynL 0.511 polR 2.742e-01 info 2.044e-02 | train C 2.15e-05 S 0.995 | EVAL C 4.389e-05 S 0.9927 | buf 200000 | 5901s
ep  6300 | dynL 0.513 polR 2.632e-01 info 2.574e-02 | train C 5.17e-05 S 0.994 | EVAL C 4.493e-05 S 0.9925 | buf 200000 | 6149s
ep  6552 | dynL 0.514 polR 3.119e-01 info 1.385e-02 | train C 8.98e-05 S 0.983 | EVAL C 4.884e-05 S 0.9921 | buf 200000 | 6393s
ep  6804 | dynL 0.516 polR 2.308e-01 info 2.751e-02 | train C 6.78e-05 S 0.981 | EVAL C 5.096e-05 S 0.9921 | buf 200000 | 6641s
ep  7056 | dynL 0.517 polR 2.139e-01 info 4.231e-02 | train C 9.85e-05 S 0.983 | EVAL C 5.149e-05 S 0.9922 | buf 200000 | 6887s
ep  7308 | dynL 0.517 polR 3.031e-01 info 1.616e-02 | train C 4.96e-05 S 0.993 | EVAL C 5.023e-05 S 0.9917 | buf 200000 | 7134s
ep  7560 | dynL 0.519 polR 2.208e-01 info 2.982e-02 | train C 4.39e-05 S 0.995 | EVAL C 4.918e-05 S 0.9918 | buf 200000 | 7378s
ep  7812 | dynL 0.519 polR 2.581e-01 info 2.674e-02 | train C 6.37e-05 S 0.992 | EVAL C 5.232e-05 S 0.9916 | buf 200000 | 7627s
ep  8064 | dynL 0.517 polR 2.760e-01 info 1.717e-02 | train C 7.93e-05 S 0.983 | EVAL C 4.877e-05 S 0.9923 | buf 200000 | 7872s
ep  8316 | dynL 0.522 polR 2.723e-01 info 1.685e-02 | train C 5.42e-05 S 0.992 | EVAL C 4.820e-05 S 0.9925 | buf 200000 | 8115s
ep  8568 | dynL 0.520 polR 2.267e-01 info 2.719e-02 | train C 5.56e-05 S 0.992 | EVAL C 4.806e-05 S 0.9924 | buf 200000 | 8358s
ep  8820 | dynL 0.522 polR 2.591e-01 info 2.068e-02 | train C 3.14e-05 S 0.992 | EVAL C 4.756e-05 S 0.9928 | buf 200000 | 8597s
ep  9072 | dynL 0.523 polR 2.417e-01 info 2.483e-02 | train C 9.91e-05 S 0.983 | EVAL C 4.842e-05 S 0.9925 | buf 200000 | 8844s
ep  9324 | dynL 0.523 polR 2.872e-01 info 1.739e-02 | train C 3.25e-05 S 0.996 | EVAL C 4.554e-05 S 0.9930 | buf 200000 | 9093s
ep  9576 | dynL 0.525 polR 2.812e-01 info 1.541e-02 | train C 1.02e-04 S 0.982 | EVAL C 4.792e-05 S 0.9927 | buf 200000 | 9341s
ep  9828 | dynL 0.525 polR 2.817e-01 info 1.728e-02 | train C 1.25e-04 S 0.984 | EVAL C 5.029e-05 S 0.9925 | buf 200000 | 9585s
[infogain] saved replay buffer (200000 transitions) -> logs/po4ncpa_dynamic_scratch2_t10/replay_buffer.npz (7.7s)
ep 10080 | dynL 0.527 polR 2.691e-01 info 1.868e-02 | train C 4.78e-05 S 0.995 | EVAL C 4.925e-05 S 0.9923 | buf 200000 | 9836s
ep 10332 | dynL 0.529 polR 2.350e-01 info 2.520e-02 | train C 3.52e-05 S 0.992 | EVAL C 5.142e-05 S 0.9920 | buf 200000 | 10085s
ep 10584 | dynL 0.529 polR 2.668e-01 info 2.186e-02 | train C 4.13e-05 S 0.994 | EVAL C 4.928e-05 S 0.9922 | buf 200000 | 10330s
ep 10836 | dynL 0.528 polR 2.844e-01 info 2.389e-02 | train C 5.43e-05 S 0.993 | EVAL C 4.777e-05 S 0.9923 | buf 200000 | 10572s
ep 11088 | dynL 0.530 polR 2.907e-01 info 3.161e-02 | train C 3.19e-05 S 0.995 | EVAL C 4.845e-05 S 0.9923 | buf 200000 | 10821s
ep 11340 | dynL 0.529 polR 2.779e-01 info 1.783e-02 | train C 4.07e-05 S 0.991 | EVAL C 5.153e-05 S 0.9918 | buf 200000 | 11067s
ep 11592 | dynL 0.531 polR 3.358e-01 info 1.244e-02 | train C 2.85e-05 S 0.996 | EVAL C 4.921e-05 S 0.9928 | buf 200000 | 11313s
ep 11844 | dynL 0.532 polR 3.053e-01 info 1.691e-02 | train C 5.27e-05 S 0.994 | EVAL C 5.106e-05 S 0.9927 | buf 200000 | 11555s
ep 12096 | dynL 0.530 polR 2.848e-01 info 2.334e-02 | train C 8.75e-05 S 0.986 | EVAL C 4.643e-05 S 0.9933 | buf 200000 | 11798s
ep 12348 | dynL 0.531 polR 2.572e-01 info 1.772e-02 | train C 4.54e-05 S 0.992 | EVAL C 4.917e-05 S 0.9928 | buf 200000 | 12040s
ep 12600 | dynL 0.531 polR 2.933e-01 info 2.269e-02 | train C 3.51e-05 S 0.995 | EVAL C 4.574e-05 S 0.9930 | buf 200000 | 12286s
ep 12852 | dynL 0.536 polR 2.958e-01 info 2.040e-02 | train C 4.68e-05 S 0.992 | EVAL C 4.594e-05 S 0.9928 | buf 200000 | 12531s
ep 13104 | dynL 0.534 polR 2.904e-01 info 2.224e-02 | train C 1.92e-05 S 0.996 | EVAL C 4.593e-05 S 0.9929 | buf 200000 | 12775s
ep 13356 | dynL 0.536 polR 3.165e-01 info 1.350e-02 | train C 2.28e-05 S 0.996 | EVAL C 4.758e-05 S 0.9929 | buf 200000 | 13021s
ep 13608 | dynL 0.534 polR 2.492e-01 info 2.810e-02 | train C 8.92e-05 S 0.986 | EVAL C 4.884e-05 S 0.9925 | buf 200000 | 13267s
ep 13860 | dynL 0.534 polR 2.479e-01 info 3.067e-02 | train C 6.66e-05 S 0.992 | EVAL C 4.836e-05 S 0.9926 | buf 200000 | 13514s
ep 14112 | dynL 0.534 polR 3.048e-01 info 1.379e-02 | train C 1.51e-05 S 0.998 | EVAL C 4.853e-05 S 0.9925 | buf 200000 | 13759s
ep 14364 | dynL 0.535 polR 2.952e-01 info 1.682e-02 | train C 7.49e-05 S 0.989 | EVAL C 4.927e-05 S 0.9924 | buf 200000 | 14005s
ep 14616 | dynL 0.538 polR 3.198e-01 info 1.354e-02 | train C 5.09e-05 S 0.986 | EVAL C 4.991e-05 S 0.9924 | buf 200000 | 14253s
ep 14868 | dynL 0.537 polR 3.645e-01 info 1.269e-02 | train C 9.35e-05 S 0.986 | EVAL C 4.925e-05 S 0.9926 | buf 200000 | 14497s
ep 15120 | dynL 0.538 polR 1.913e-01 info 3.697e-02 | train C 1.79e-05 S 0.998 | EVAL C 4.909e-05 S 0.9930 | buf 200000 | 14745s
ep 15372 | dynL 0.538 polR 3.051e-01 info 1.460e-02 | train C 9.95e-05 S 0.985 | EVAL C 4.603e-05 S 0.9935 | buf 200000 | 14989s
ep 15624 | dynL 0.540 polR 2.890e-01 info 1.650e-02 | train C 8.29e-05 S 0.990 | EVAL C 4.825e-05 S 0.9925 | buf 200000 | 15233s
ep 15876 | dynL 0.537 polR 2.817e-01 info 1.683e-02 | train C 4.05e-05 S 0.993 | EVAL C 4.849e-05 S 0.9924 | buf 200000 | 15480s
ep 16128 | dynL 0.539 polR 2.849e-01 info 2.244e-02 | train C 4.72e-05 S 0.993 | EVAL C 5.234e-05 S 0.9923 | buf 200000 | 15726s
ep 16380 | dynL 0.541 polR 2.386e-01 info 2.903e-02 | train C 5.56e-05 S 0.992 | EVAL C 4.876e-05 S 0.9931 | buf 200000 | 15970s
ep 16632 | dynL 0.540 polR 2.616e-01 info 1.668e-02 | train C 3.97e-05 S 0.995 | EVAL C 4.840e-05 S 0.9929 | buf 200000 | 16217s
ep 16884 | dynL 0.539 polR 2.532e-01 info 3.000e-02 | train C 7.13e-05 S 0.991 | EVAL C 4.561e-05 S 0.9933 | buf 200000 | 16461s
ep 17136 | dynL 0.540 polR 2.770e-01 info 1.716e-02 | train C 1.00e-04 S 0.986 | EVAL C 4.529e-05 S 0.9932 | buf 200000 | 16705s
ep 17388 | dynL 0.540 polR 3.218e-01 info 1.563e-02 | train C 5.46e-05 S 0.991 | EVAL C 4.460e-05 S 0.9930 | buf 200000 | 16948s
ep 17640 | dynL 0.540 polR 3.106e-01 info 2.040e-02 | train C 4.43e-05 S 0.993 | EVAL C 4.531e-05 S 0.9929 | buf 200000 | 17192s
ep 17892 | dynL 0.541 polR 3.083e-01 info 1.353e-02 | train C 5.56e-05 S 0.992 | EVAL C 4.916e-05 S 0.9926 | buf 200000 | 17435s
ep 18144 | dynL 0.546 polR 3.167e-01 info 1.689e-02 | train C 5.19e-05 S 0.987 | EVAL C 4.832e-05 S 0.9927 | buf 200000 | 17680s
ep 18396 | dynL 0.541 polR 2.504e-01 info 1.248e-02 | train C 3.41e-05 S 0.993 | EVAL C 4.921e-05 S 0.9926 | buf 200000 | 17919s
ep 18648 | dynL 0.541 polR 2.480e-01 info 2.838e-02 | train C 2.58e-05 S 0.995 | EVAL C 4.941e-05 S 0.9925 | buf 200000 | 18161s
ep 18900 | dynL 0.542 polR 2.846e-01 info 1.219e-02 | train C 8.87e-05 S 0.983 | EVAL C 5.161e-05 S 0.9920 | buf 200000 | 18406s
ep 19152 | dynL 0.545 polR 2.887e-01 info 1.626e-02 | train C 4.05e-05 S 0.995 | EVAL C 4.896e-05 S 0.9924 | buf 200000 | 18645s
ep 19404 | dynL 0.544 polR 2.026e-01 info 2.906e-02 | train C 9.57e-05 S 0.987 | EVAL C 5.132e-05 S 0.9929 | buf 200000 | 18891s
ep 19656 | dynL 0.543 polR 3.274e-01 info 1.476e-02 | train C 1.17e-04 S 0.974 | EVAL C 4.838e-05 S 0.9931 | buf 200000 | 19136s
ep 19908 | dynL 0.545 polR 2.995e-01 info 1.558e-02 | train C 4.52e-05 S 0.994 | EVAL C 4.849e-05 S 0.9925 | buf 200000 | 19380s
[infogain] saved replay buffer (200000 transitions) -> logs/po4ncpa_dynamic_scratch2_t10/replay_buffer.npz (7.9s)
ep 20160 | dynL 0.545 polR 2.852e-01 info 1.930e-02 | train C 1.12e-05 S 0.997 | EVAL C 4.801e-05 S 0.9929 | buf 200000 | 19632s
ep 20412 | dynL 0.545 polR 2.796e-01 info 2.919e-02 | train C 6.32e-05 S 0.989 | EVAL C 4.798e-05 S 0.9929 | buf 200000 | 19874s
ep 20664 | dynL 0.547 polR 2.957e-01 info 1.393e-02 | train C 3.61e-05 S 0.993 | EVAL C 4.875e-05 S 0.9925 | buf 200000 | 20124s
ep 20916 | dynL 0.547 polR 2.988e-01 info 1.208e-02 | train C 3.73e-05 S 0.991 | EVAL C 4.882e-05 S 0.9926 | buf 200000 | 20367s
ep 21168 | dynL 0.546 polR 2.273e-01 info 2.683e-02 | train C 1.44e-05 S 0.996 | EVAL C 4.930e-05 S 0.9926 | buf 200000 | 20615s
ep 21420 | dynL 0.547 polR 2.806e-01 info 1.533e-02 | train C 5.75e-05 S 0.991 | EVAL C 4.801e-05 S 0.9928 | buf 200000 | 20856s
ep 21672 | dynL 0.548 polR 1.836e-01 info 4.405e-02 | train C 7.01e-05 S 0.988 | EVAL C 5.067e-05 S 0.9926 | buf 200000 | 21099s
ep 21924 | dynL 0.547 polR 2.694e-01 info 1.570e-02 | train C 4.35e-05 S 0.992 | EVAL C 5.078e-05 S 0.9925 | buf 200000 | 21340s
ep 22176 | dynL 0.546 polR 2.340e-01 info 2.563e-02 | train C 4.53e-05 S 0.989 | EVAL C 4.934e-05 S 0.9920 | buf 200000 | 21585s
ep 22428 | dynL 0.549 polR 2.805e-01 info 1.424e-02 | train C 4.52e-05 S 0.993 | EVAL C 5.148e-05 S 0.9921 | buf 200000 | 21831s
ep 22680 | dynL 0.547 polR 2.760e-01 info 2.828e-02 | train C 1.35e-05 S 0.998 | EVAL C 4.921e-05 S 0.9922 | buf 200000 | 22072s
ep 22932 | dynL 0.550 polR 2.395e-01 info 1.934e-02 | train C 7.77e-05 S 0.991 | EVAL C 5.105e-05 S 0.9919 | buf 200000 | 22316s
ep 23184 | dynL 0.548 polR 2.614e-01 info 1.311e-02 | train C 5.51e-05 S 0.991 | EVAL C 5.227e-05 S 0.9922 | buf 200000 | 22559s
ep 23436 | dynL 0.548 polR 2.663e-01 info 1.850e-02 | train C 5.86e-05 S 0.986 | EVAL C 5.111e-05 S 0.9921 | buf 200000 | 22800s
ep 23688 | dynL 0.549 polR 2.025e-01 info 2.843e-02 | train C 7.13e-05 S 0.987 | EVAL C 5.032e-05 S 0.9922 | buf 200000 | 23042s
ep 23940 | dynL 0.549 polR 2.616e-01 info 1.947e-02 | train C 4.43e-05 S 0.992 | EVAL C 4.823e-05 S 0.9923 | buf 200000 | 23287s
ep 24192 | dynL 0.547 polR 2.959e-01 info 1.102e-02 | train C 7.06e-05 S 0.989 | EVAL C 5.134e-05 S 0.9920 | buf 200000 | 23531s
ep 24444 | dynL 0.547 polR 3.129e-01 info 1.270e-02 | train C 1.88e-05 S 0.997 | EVAL C 4.724e-05 S 0.9933 | buf 200000 | 23781s
ep 24696 | dynL 0.548 polR 2.602e-01 info 1.267e-02 | train C 3.66e-05 S 0.995 | EVAL C 4.838e-05 S 0.9932 | buf 200000 | 24032s
ep 24948 | dynL 0.549 polR 2.431e-01 info 3.428e-02 | train C 5.46e-05 S 0.992 | EVAL C 4.998e-05 S 0.9931 | buf 200000 | 24283s
ep 25200 | dynL 0.548 polR 3.029e-01 info 1.138e-02 | train C 4.29e-05 S 0.988 | EVAL C 5.359e-05 S 0.9929 | buf 200000 | 24529s
ep 25452 | dynL 0.548 polR 2.407e-01 info 2.192e-02 | train C 4.18e-05 S 0.993 | EVAL C 5.355e-05 S 0.9926 | buf 200000 | 24777s
ep 25704 | dynL 0.548 polR 2.553e-01 info 1.633e-02 | train C 5.88e-05 S 0.990 | EVAL C 5.489e-05 S 0.9921 | buf 200000 | 25024s
ep 25956 | dynL 0.549 polR 2.738e-01 info 2.375e-02 | train C 3.40e-05 S 0.995 | EVAL C 5.023e-05 S 0.9928 | buf 200000 | 25274s
ep 26208 | dynL 0.551 polR 2.869e-01 info 1.185e-02 | train C 5.56e-05 S 0.991 | EVAL C 5.102e-05 S 0.9927 | buf 200000 | 25517s
ep 26460 | dynL 0.549 polR 2.822e-01 info 1.766e-02 | train C 1.28e-04 S 0.985 | EVAL C 4.738e-05 S 0.9927 | buf 200000 | 25764s
ep 26712 | dynL 0.548 polR 2.632e-01 info 2.960e-02 | train C 2.52e-05 S 0.995 | EVAL C 4.851e-05 S 0.9925 | buf 200000 | 26014s
ep 26964 | dynL 0.550 polR 2.610e-01 info 1.789e-02 | train C 4.89e-05 S 0.994 | EVAL C 4.826e-05 S 0.9924 | buf 200000 | 26262s
ep 27216 | dynL 0.550 polR 2.582e-01 info 1.524e-02 | train C 2.13e-05 S 0.996 | EVAL C 4.754e-05 S 0.9929 | buf 200000 | 26513s
ep 27468 | dynL 0.550 polR 2.756e-01 info 1.563e-02 | train C 4.78e-05 S 0.989 | EVAL C 4.964e-05 S 0.9929 | buf 200000 | 26757s
ep 27720 | dynL 0.550 polR 2.555e-01 info 2.598e-02 | train C 8.12e-05 S 0.988 | EVAL C 4.931e-05 S 0.9924 | buf 200000 | 26999s
ep 27972 | dynL 0.550 polR 2.958e-01 info 1.346e-02 | train C 1.92e-05 S 0.993 | EVAL C 4.901e-05 S 0.9923 | buf 200000 | 27249s
ep 28224 | dynL 0.547 polR 2.533e-01 info 2.067e-02 | train C 4.41e-05 S 0.984 | EVAL C 5.064e-05 S 0.9924 | buf 200000 | 27501s
ep 28476 | dynL 0.549 polR 2.684e-01 info 1.614e-02 | train C 3.58e-05 S 0.995 | EVAL C 4.979e-05 S 0.9926 | buf 200000 | 27746s
ep 28728 | dynL 0.547 polR 2.347e-01 info 2.685e-02 | train C 7.24e-05 S 0.992 | EVAL C 5.028e-05 S 0.9925 | buf 200000 | 27993s
ep 28980 | dynL 0.549 polR 2.500e-01 info 1.508e-02 | train C 3.77e-05 S 0.995 | EVAL C 5.243e-05 S 0.9925 | buf 200000 | 28234s
ep 29232 | dynL 0.551 polR 3.102e-01 info 1.335e-02 | train C 7.59e-05 S 0.986 | EVAL C 5.225e-05 S 0.9918 | buf 200000 | 28480s
ep 29484 | dynL 0.551 polR 2.703e-01 info 1.728e-02 | train C 6.19e-05 S 0.991 | EVAL C 5.095e-05 S 0.9919 | buf 200000 | 28728s
ep 29736 | dynL 0.550 polR 2.670e-01 info 1.963e-02 | train C 2.85e-05 S 0.996 | EVAL C 5.091e-05 S 0.9915 | buf 200000 | 28978s
ep 29988 | dynL 0.552 polR 2.284e-01 info 2.943e-02 | train C 5.49e-05 S 0.988 | EVAL C 5.182e-05 S 0.9916 | buf 200000 | 29227s
[infogain] saved replay buffer (200000 transitions) -> logs/po4ncpa_dynamic_scratch2_t10/replay_buffer.npz (7.7s)
ep 30240 | dynL 0.551 polR 2.900e-01 info 1.449e-02 | train C 2.82e-05 S 0.990 | EVAL C 5.068e-05 S 0.9916 | buf 200000 | 29482s
ep 30492 | dynL 0.552 polR 2.413e-01 info 2.373e-02 | train C 5.03e-05 S 0.993 | EVAL C 4.972e-05 S 0.9924 | buf 200000 | 29727s
ep 30744 | dynL 0.549 polR 2.416e-01 info 2.197e-02 | train C 4.38e-05 S 0.993 | EVAL C 5.003e-05 S 0.9925 | buf 200000 | 29973s
ep 30996 | dynL 0.552 polR 2.441e-01 info 1.849e-02 | train C 4.52e-05 S 0.991 | EVAL C 5.011e-05 S 0.9920 | buf 200000 | 30216s
ep 31248 | dynL 0.551 polR 2.902e-01 info 1.534e-02 | train C 7.11e-05 S 0.990 | EVAL C 4.951e-05 S 0.9923 | buf 200000 | 30459s
ep 31500 | dynL 0.549 polR 2.834e-01 info 1.540e-02 | train C 8.52e-05 S 0.989 | EVAL C 5.012e-05 S 0.9922 | buf 200000 | 30708s
ep 31752 | dynL 0.553 polR 2.448e-01 info 1.919e-02 | train C 4.30e-05 S 0.991 | EVAL C 5.087e-05 S 0.9923 | buf 200000 | 30955s
ep 32004 | dynL 0.551 polR 2.765e-01 info 1.771e-02 | train C 1.86e-05 S 0.996 | EVAL C 5.019e-05 S 0.9922 | buf 200000 | 31199s
ep 32256 | dynL 0.550 polR 3.186e-01 info 1.228e-02 | train C 1.68e-05 S 0.996 | EVAL C 4.813e-05 S 0.9928 | buf 200000 | 31442s
ep 32508 | dynL 0.554 polR 2.698e-01 info 2.198e-02 | train C 4.89e-05 S 0.991 | EVAL C 4.754e-05 S 0.9930 | buf 200000 | 31685s
ep 32760 | dynL 0.551 polR 2.656e-01 info 2.014e-02 | train C 5.20e-05 S 0.991 | EVAL C 5.001e-05 S 0.9928 | buf 200000 | 31930s
ep 33012 | dynL 0.549 polR 2.896e-01 info 2.018e-02 | train C 5.61e-05 S 0.994 | EVAL C 4.969e-05 S 0.9929 | buf 200000 | 32179s
ep 33264 | dynL 0.555 polR 2.177e-01 info 2.646e-02 | train C 6.14e-05 S 0.992 | EVAL C 4.934e-05 S 0.9927 | buf 200000 | 32427s
ep 33516 | dynL 0.553 polR 2.728e-01 info 1.119e-02 | train C 2.91e-05 S 0.993 | EVAL C 5.002e-05 S 0.9932 | buf 200000 | 32677s
ep 33768 | dynL 0.552 polR 2.683e-01 info 1.401e-02 | train C 1.47e-04 S 0.981 | EVAL C 4.860e-05 S 0.9926 | buf 200000 | 32918s
ep 34020 | dynL 0.550 polR 2.097e-01 info 3.481e-02 | train C 2.27e-05 S 0.997 | EVAL C 4.908e-05 S 0.9925 | buf 200000 | 33160s
ep 34272 | dynL 0.551 polR 2.127e-01 info 2.983e-02 | train C 7.33e-05 S 0.986 | EVAL C 5.197e-05 S 0.9918 | buf 200000 | 33405s
ep 34524 | dynL 0.551 polR 2.562e-01 info 2.853e-02 | train C 3.15e-05 S 0.992 | EVAL C 5.356e-05 S 0.9916 | buf 200000 | 33645s
ep 34776 | dynL 0.550 polR 2.706e-01 info 1.794e-02 | train C 9.26e-05 S 0.985 | EVAL C 5.550e-05 S 0.9912 | buf 200000 | 33888s
ep 35028 | dynL 0.550 polR 3.040e-01 info 1.444e-02 | train C 5.26e-05 S 0.990 | EVAL C 5.579e-05 S 0.9917 | buf 200000 | 34141s
ep 35280 | dynL 0.552 polR 2.149e-01 info 2.872e-02 | train C 4.99e-05 S 0.993 | EVAL C 5.341e-05 S 0.9916 | buf 200000 | 34386s
ep 35532 | dynL 0.551 polR 2.698e-01 info 1.760e-02 | train C 5.68e-05 S 0.990 | EVAL C 5.121e-05 S 0.9917 | buf 200000 | 34634s
ep 35784 | dynL 0.553 polR 2.813e-01 info 1.719e-02 | train C 1.69e-05 S 0.996 | EVAL C 5.250e-05 S 0.9920 | buf 200000 | 34877s
ep 36036 | dynL 0.552 polR 2.143e-01 info 2.287e-02 | train C 6.65e-05 S 0.990 | EVAL C 5.168e-05 S 0.9912 | buf 200000 | 35125s
ep 36288 | dynL 0.550 polR 2.474e-01 info 2.171e-02 | train C 2.57e-05 S 0.993 | EVAL C 5.378e-05 S 0.9918 | buf 200000 | 35370s
ep 36540 | dynL 0.551 polR 3.092e-01 info 1.279e-02 | train C 5.42e-05 S 0.990 | EVAL C 5.485e-05 S 0.9923 | buf 200000 | 35614s
ep 36792 | dynL 0.551 polR 2.566e-01 info 2.099e-02 | train C 8.08e-05 S 0.992 | EVAL C 5.274e-05 S 0.9924 | buf 200000 | 35858s
ep 37044 | dynL 0.554 polR 2.572e-01 info 1.941e-02 | train C 4.65e-05 S 0.995 | EVAL C 5.434e-05 S 0.9929 | buf 200000 | 36101s
ep 37296 | dynL 0.552 polR 3.031e-01 info 1.431e-02 | train C 2.32e-05 S 0.997 | EVAL C 4.709e-05 S 0.9929 | buf 200000 | 36343s
ep 37548 | dynL 0.551 polR 2.518e-01 info 1.516e-02 | train C 1.27e-04 S 0.979 | EVAL C 4.988e-05 S 0.9923 | buf 200000 | 36591s
ep 37800 | dynL 0.551 polR 2.714e-01 info 1.345e-02 | train C 2.73e-05 S 0.996 | EVAL C 4.975e-05 S 0.9928 | buf 200000 | 36832s
ep 38052 | dynL 0.551 polR 2.851e-01 info 1.052e-02 | train C 9.21e-05 S 0.989 | EVAL C 5.064e-05 S 0.9930 | buf 200000 | 37076s
ep 38304 | dynL 0.552 polR 2.633e-01 info 1.751e-02 | train C 5.40e-05 S 0.990 | EVAL C 5.053e-05 S 0.9925 | buf 200000 | 37317s
ep 38556 | dynL 0.552 polR 2.811e-01 info 1.197e-02 | train C 4.26e-05 S 0.995 | EVAL C 5.393e-05 S 0.9920 | buf 200000 | 37562s
ep 38808 | dynL 0.553 polR 2.269e-01 info 2.121e-02 | train C 5.29e-05 S 0.991 | EVAL C 4.982e-05 S 0.9915 | buf 200000 | 37810s
ep 39060 | dynL 0.552 polR 2.365e-01 info 2.355e-02 | train C 3.89e-05 S 0.992 | EVAL C 5.048e-05 S 0.9911 | buf 200000 | 38055s
ep 39312 | dynL 0.552 polR 2.528e-01 info 2.227e-02 | train C 2.12e-05 S 0.995 | EVAL C 4.985e-05 S 0.9917 | buf 200000 | 38303s
ep 39564 | dynL 0.553 polR 2.958e-01 info 1.156e-02 | train C 2.19e-05 S 0.996 | EVAL C 4.939e-05 S 0.9920 | buf 200000 | 38549s
ep 39816 | dynL 0.552 polR 2.528e-01 info 2.218e-02 | train C 2.37e-05 S 0.994 | EVAL C 4.983e-05 S 0.9925 | buf 200000 | 38791s
ep 40000 | dynL 0.554 polR 2.345e-01 info 2.414e-02 | train C 5.22e-05 S 0.990 | EVAL C 5.033e-05 S 0.9924 | buf 200000 | 38976s
[infogain] saved replay buffer (200000 transitions) -> logs/po4ncpa_dynamic_scratch2_t10/replay_buffer.npz (6.8s)
[infogain] done in 38984s
=== PO4NCPA DYNAMIC SCRATCH2 (continuation, tau=10) DONE ===
