name, memory.total [MiB]
NVIDIA A100-PCIE-40GB, 40960 MiB
=== PO4NCPA LOG-REWARD FROM SCRATCH (static): episodes=120000 ===
[infogain] correction scale min 2.52e-09 max 4.65e-08 | probe scale (x0.1) min 2.52e-10 max 4.65e-09 | modes=55 action=110
[infogain] device=cuda image=33x33 modes=55 action=110 workers=14 max_steps=8 lambda_info=0.0 reward=log lr_final_frac=0.3 explore_std_final=0.02
ep   252 | dynL 0.280 polR 0.000e+00 info 0.000e+00 | train C 1.68e-03 S 0.793 | EVAL C 1.842e-04 S 0.9733 | buf 2016 | 82s
ep   504 | dynL 0.315 polR 0.000e+00 info 0.000e+00 | train C 1.61e-03 S 0.849 | EVAL C 1.842e-04 S 0.9733 | buf 4032 | 162s
ep   756 | dynL 0.334 polR 0.000e+00 info 0.000e+00 | train C 1.82e-03 S 0.776 | EVAL C 1.842e-04 S 0.9733 | buf 6048 | 241s
ep  1008 | dynL 0.352 polR 0.000e+00 info 0.000e+00 | train C 1.16e-03 S 0.823 | EVAL C 1.842e-04 S 0.9733 | buf 8064 | 320s
ep  1260 | dynL 0.358 polR 0.000e+00 info 0.000e+00 | train C 1.45e-03 S 0.747 | EVAL C 1.842e-04 S 0.9733 | buf 10080 | 400s
ep  1512 | dynL 0.370 polR 0.000e+00 info 0.000e+00 | train C 1.87e-03 S 0.756 | EVAL C 1.842e-04 S 0.9733 | buf 12096 | 479s
ep  1764 | dynL 0.374 polR 0.000e+00 info 0.000e+00 | train C 2.77e-03 S 0.702 | EVAL C 1.842e-04 S 0.9733 | buf 14112 | 559s
ep  2016 | dynL 0.377 polR 0.000e+00 info 0.000e+00 | train C 2.50e-03 S 0.695 | EVAL C 1.842e-04 S 0.9733 | buf 16128 | 638s
ep  2268 | dynL 0.383 polR 0.000e+00 info 0.000e+00 | train C 8.76e-04 S 0.910 | EVAL C 1.842e-04 S 0.9733 | buf 18144 | 718s
ep  2520 | dynL 0.388 polR 0.000e+00 info 0.000e+00 | train C 1.27e-03 S 0.766 | EVAL C 1.842e-04 S 0.9733 | buf 20160 | 797s
ep  2772 | dynL 0.390 polR 0.000e+00 info 0.000e+00 | train C 2.25e-03 S 0.730 | EVAL C 1.842e-04 S 0.9733 | buf 22176 | 876s
ep  3024 | dynL 0.388 polR 0.000e+00 info 0.000e+00 | train C 1.68e-03 S 0.767 | EVAL C 1.842e-04 S 0.9733 | buf 24192 | 955s
ep  3276 | dynL 0.393 polR 0.000e+00 info 0.000e+00 | train C 2.82e-03 S 0.681 | EVAL C 1.842e-04 S 0.9733 | buf 26208 | 1034s
ep  3528 | dynL 0.394 polR 0.000e+00 info 0.000e+00 | train C 1.38e-03 S 0.827 | EVAL C 1.842e-04 S 0.9733 | buf 28224 | 1113s
ep  3780 | dynL 0.393 polR 0.000e+00 info 0.000e+00 | train C 1.22e-03 S 0.795 | EVAL C 1.842e-04 S 0.9733 | buf 30240 | 1193s
ep  4032 | dynL 0.395 polR -4.295e-01 info 5.417e-02 | train C 2.19e-04 S 0.967 | EVAL C 1.856e-04 S 0.9727 | buf 32256 | 1279s
ep  4284 | dynL 0.397 polR -3.792e-01 info 3.084e-02 | train C 4.53e-04 S 0.951 | EVAL C 2.614e-04 S 0.9650 | buf 34272 | 1417s
ep  4536 | dynL 0.392 polR -3.510e-01 info 3.147e-02 | train C 2.62e-04 S 0.948 | EVAL C 2.256e-04 S 0.9693 | buf 36288 | 1554s
ep  4788 | dynL 0.391 polR -2.966e-01 info 2.023e-02 | train C 3.48e-04 S 0.963 | EVAL C 1.806e-04 S 0.9723 | buf 38304 | 1691s
ep  5040 | dynL 0.393 polR -2.953e-01 info 2.102e-02 | train C 3.56e-04 S 0.954 | EVAL C 1.818e-04 S 0.9712 | buf 40320 | 1828s
ep  5292 | dynL 0.392 polR -3.033e-01 info 2.249e-02 | train C 2.10e-04 S 0.979 | EVAL C 1.881e-04 S 0.9710 | buf 42336 | 1964s
ep  5544 | dynL 0.391 polR -3.567e-01 info 2.255e-02 | train C 1.61e-04 S 0.966 | EVAL C 1.853e-04 S 0.9727 | buf 44352 | 2101s
ep  5796 | dynL 0.391 polR -2.660e-01 info 2.336e-02 | train C 2.82e-04 S 0.964 | EVAL C 1.871e-04 S 0.9718 | buf 46368 | 2239s
ep  6048 | dynL 0.391 polR -2.906e-01 info 2.896e-02 | train C 2.06e-04 S 0.971 | EVAL C 1.879e-04 S 0.9719 | buf 48384 | 2376s
ep  6300 | dynL 0.390 polR -2.901e-01 info 3.214e-02 | train C 3.40e-04 S 0.955 | EVAL C 2.012e-04 S 0.9701 | buf 50400 | 2513s
ep  6552 | dynL 0.393 polR -3.316e-01 info 2.712e-02 | train C 1.33e-04 S 0.982 | EVAL C 1.912e-04 S 0.9693 | buf 52416 | 2651s
ep  6804 | dynL 0.393 polR -2.644e-01 info 2.320e-02 | train C 2.19e-04 S 0.968 | EVAL C 1.864e-04 S 0.9715 | buf 54432 | 2787s
ep  7056 | dynL 0.391 polR -2.458e-01 info 2.362e-02 | train C 2.12e-04 S 0.974 | EVAL C 1.881e-04 S 0.9719 | buf 56448 | 2925s
ep  7308 | dynL 0.391 polR -2.700e-01 info 2.448e-02 | train C 1.39e-04 S 0.980 | EVAL C 1.946e-04 S 0.9731 | buf 58464 | 3062s
ep  7560 | dynL 0.393 polR -2.263e-01 info 1.870e-02 | train C 1.95e-04 S 0.954 | EVAL C 1.701e-04 S 0.9755 | buf 60480 | 3200s
ep  7812 | dynL 0.395 polR -2.371e-01 info 1.965e-02 | train C 2.76e-04 S 0.965 | EVAL C 1.469e-04 S 0.9796 | buf 62496 | 3336s
ep  8064 | dynL 0.394 polR -2.343e-01 info 2.657e-02 | train C 1.23e-04 S 0.982 | EVAL C 1.411e-04 S 0.9807 | buf 64512 | 3473s
ep  8316 | dynL 0.394 polR -1.794e-01 info 2.302e-02 | train C 2.51e-04 S 0.955 | EVAL C 1.331e-04 S 0.9824 | buf 66528 | 3608s
ep  8568 | dynL 0.394 polR -1.845e-01 info 2.135e-02 | train C 1.04e-04 S 0.979 | EVAL C 1.290e-04 S 0.9828 | buf 68544 | 3747s
ep  8820 | dynL 0.396 polR -2.053e-01 info 2.307e-02 | train C 1.27e-04 S 0.976 | EVAL C 1.278e-04 S 0.9843 | buf 70560 | 3883s
ep  9072 | dynL 0.396 polR -1.966e-01 info 3.314e-02 | train C 9.51e-05 S 0.979 | EVAL C 1.287e-04 S 0.9845 | buf 72576 | 4020s
ep  9324 | dynL 0.397 polR -1.344e-01 info 2.330e-02 | train C 1.69e-04 S 0.985 | EVAL C 1.170e-04 S 0.9859 | buf 74592 | 4157s
ep  9576 | dynL 0.395 polR -1.515e-01 info 3.055e-02 | train C 9.01e-05 S 0.987 | EVAL C 1.082e-04 S 0.9856 | buf 76608 | 4294s
ep  9828 | dynL 0.393 polR -1.366e-01 info 2.476e-02 | train C 1.09e-04 S 0.983 | EVAL C 1.018e-04 S 0.9868 | buf 78624 | 4431s
[infogain] saved replay buffer (80080 transitions) -> logs/po4ncpa_probe_logscratch/replay_buffer.npz (1.9s)
ep 10080 | dynL 0.395 polR -1.060e-01 info 3.529e-02 | train C 1.82e-04 S 0.966 | EVAL C 9.868e-05 S 0.9882 | buf 80640 | 4570s
ep 10332 | dynL 0.396 polR -1.609e-01 info 4.589e-02 | train C 1.56e-04 S 0.976 | EVAL C 9.319e-05 S 0.9889 | buf 82656 | 4706s
ep 10584 | dynL 0.394 polR -1.076e-01 info 3.411e-02 | train C 1.53e-04 S 0.976 | EVAL C 8.693e-05 S 0.9893 | buf 84672 | 4843s
ep 10836 | dynL 0.394 polR -4.011e-02 info 3.464e-02 | train C 8.23e-05 S 0.989 | EVAL C 8.413e-05 S 0.9895 | buf 86688 | 4980s
ep 11088 | dynL 0.391 polR -8.509e-02 info 4.595e-02 | train C 1.57e-04 S 0.989 | EVAL C 8.132e-05 S 0.9906 | buf 88704 | 5117s
ep 11340 | dynL 0.392 polR -1.533e-02 info 4.780e-02 | train C 1.21e-04 S 0.982 | EVAL C 7.558e-05 S 0.9917 | buf 90720 | 5254s
ep 11592 | dynL 0.392 polR -1.074e-02 info 2.911e-02 | train C 7.50e-05 S 0.988 | EVAL C 6.670e-05 S 0.9926 | buf 92736 | 5391s
ep 11844 | dynL 0.390 polR -6.883e-02 info 6.328e-02 | train C 1.03e-04 S 0.986 | EVAL C 6.282e-05 S 0.9933 | buf 94752 | 5529s
ep 12096 | dynL 0.390 polR -3.440e-03 info 3.974e-02 | train C 1.05e-04 S 0.980 | EVAL C 5.783e-05 S 0.9930 | buf 96768 | 5665s
ep 12348 | dynL 0.391 polR 3.203e-02 info 5.376e-02 | train C 1.89e-04 S 0.979 | EVAL C 5.199e-05 S 0.9939 | buf 98784 | 5802s
ep 12600 | dynL 0.387 polR 4.529e-02 info 5.470e-02 | train C 1.25e-04 S 0.980 | EVAL C 4.616e-05 S 0.9948 | buf 100800 | 5939s
ep 12852 | dynL 0.388 polR 1.583e-03 info 4.810e-02 | train C 3.76e-05 S 0.996 | EVAL C 4.343e-05 S 0.9953 | buf 102816 | 6075s
ep 13104 | dynL 0.389 polR 7.501e-02 info 4.762e-02 | train C 1.04e-04 S 0.989 | EVAL C 4.272e-05 S 0.9954 | buf 104832 | 6212s
ep 13356 | dynL 0.387 polR 9.088e-02 info 6.216e-02 | train C 7.75e-05 S 0.984 | EVAL C 3.941e-05 S 0.9956 | buf 106848 | 6348s
ep 13608 | dynL 0.387 polR 1.748e-01 info 3.429e-02 | train C 8.63e-05 S 0.991 | EVAL C 3.429e-05 S 0.9960 | buf 108864 | 6484s
ep 13860 | dynL 0.385 polR 1.615e-01 info 5.819e-02 | train C 7.78e-05 S 0.990 | EVAL C 3.297e-05 S 0.9963 | buf 110880 | 6621s
ep 14112 | dynL 0.382 polR 1.154e-01 info 6.288e-02 | train C 6.85e-05 S 0.988 | EVAL C 3.055e-05 S 0.9963 | buf 112896 | 6759s
ep 14364 | dynL 0.386 polR 1.984e-01 info 4.534e-02 | train C 6.46e-05 S 0.991 | EVAL C 2.800e-05 S 0.9963 | buf 114912 | 6896s
ep 14616 | dynL 0.382 polR 1.486e-01 info 9.386e-02 | train C 1.24e-04 S 0.988 | EVAL C 2.627e-05 S 0.9962 | buf 116928 | 7033s
ep 14868 | dynL 0.381 polR 1.406e-01 info 7.639e-02 | train C 7.59e-05 S 0.989 | EVAL C 2.609e-05 S 0.9955 | buf 118944 | 7171s
ep 15120 | dynL 0.383 polR 2.293e-01 info 6.168e-02 | train C 7.30e-05 S 0.992 | EVAL C 2.424e-05 S 0.9952 | buf 120960 | 7308s
ep 15372 | dynL 0.379 polR 1.911e-01 info 1.081e-01 | train C 5.24e-05 S 0.991 | EVAL C 2.174e-05 S 0.9957 | buf 122976 | 7446s
ep 15624 | dynL 0.380 polR 1.956e-01 info 9.402e-02 | train C 5.00e-05 S 0.991 | EVAL C 2.016e-05 S 0.9962 | buf 124992 | 7583s
ep 15876 | dynL 0.382 polR 2.351e-01 info 7.025e-02 | train C 7.73e-05 S 0.991 | EVAL C 1.891e-05 S 0.9964 | buf 127008 | 7720s
ep 16128 | dynL 0.378 polR 2.538e-01 info 6.980e-02 | train C 4.81e-05 S 0.993 | EVAL C 1.830e-05 S 0.9965 | buf 129024 | 7857s
ep 16380 | dynL 0.379 polR 1.969e-01 info 1.134e-01 | train C 7.73e-05 S 0.985 | EVAL C 1.817e-05 S 0.9968 | buf 131040 | 7995s
ep 16632 | dynL 0.379 polR 2.771e-01 info 7.846e-02 | train C 4.51e-05 S 0.989 | EVAL C 1.643e-05 S 0.9970 | buf 133056 | 8132s
ep 16884 | dynL 0.375 polR 3.002e-01 info 7.945e-02 | train C 9.25e-05 S 0.987 | EVAL C 1.644e-05 S 0.9969 | buf 135072 | 8268s
ep 17136 | dynL 0.377 polR 3.114e-01 info 6.348e-02 | train C 9.15e-05 S 0.989 | EVAL C 1.465e-05 S 0.9972 | buf 137088 | 8405s
ep 17388 | dynL 0.375 polR 3.703e-01 info 5.583e-02 | train C 8.25e-05 S 0.991 | EVAL C 1.481e-05 S 0.9974 | buf 139104 | 8543s
ep 17640 | dynL 0.371 polR 3.037e-01 info 1.158e-01 | train C 6.44e-05 S 0.992 | EVAL C 1.431e-05 S 0.9976 | buf 141120 | 8680s
ep 17892 | dynL 0.375 polR 2.993e-01 info 7.238e-02 | train C 6.16e-05 S 0.990 | EVAL C 1.344e-05 S 0.9978 | buf 143136 | 8817s
ep 18144 | dynL 0.375 polR 3.380e-01 info 9.638e-02 | train C 4.43e-05 S 0.993 | EVAL C 1.246e-05 S 0.9979 | buf 145152 | 8955s
ep 18396 | dynL 0.374 polR 3.557e-01 info 1.115e-01 | train C 2.85e-05 S 0.995 | EVAL C 1.162e-05 S 0.9978 | buf 147168 | 9092s
ep 18648 | dynL 0.371 polR 3.708e-01 info 6.607e-02 | train C 1.27e-04 S 0.981 | EVAL C 1.122e-05 S 0.9980 | buf 149184 | 9229s
ep 18900 | dynL 0.371 polR 4.492e-01 info 5.314e-02 | train C 6.02e-05 S 0.991 | EVAL C 1.160e-05 S 0.9980 | buf 151200 | 9367s
ep 19152 | dynL 0.373 polR 3.624e-01 info 6.776e-02 | train C 3.67e-05 S 0.994 | EVAL C 1.229e-05 S 0.9981 | buf 153216 | 9504s
ep 19404 | dynL 0.371 polR 3.864e-01 info 1.155e-01 | train C 6.28e-05 S 0.991 | EVAL C 1.102e-05 S 0.9981 | buf 155232 | 9641s
ep 19656 | dynL 0.370 polR 3.599e-01 info 9.005e-02 | train C 2.95e-05 S 0.995 | EVAL C 1.002e-05 S 0.9982 | buf 157248 | 9779s
ep 19908 | dynL 0.370 polR 3.538e-01 info 1.098e-01 | train C 3.13e-05 S 0.995 | EVAL C 9.417e-06 S 0.9982 | buf 159264 | 9915s
[infogain] saved replay buffer (160160 transitions) -> logs/po4ncpa_probe_logscratch/replay_buffer.npz (3.8s)
ep 20160 | dynL 0.370 polR 3.564e-01 info 1.012e-01 | train C 5.52e-05 S 0.993 | EVAL C 9.358e-06 S 0.9983 | buf 161280 | 10057s
ep 20412 | dynL 0.368 polR 4.078e-01 info 8.250e-02 | train C 3.76e-05 S 0.994 | EVAL C 9.181e-06 S 0.9983 | buf 163296 | 10195s
ep 20664 | dynL 0.369 polR 3.674e-01 info 1.798e-01 | train C 2.90e-05 S 0.996 | EVAL C 9.103e-06 S 0.9984 | buf 165312 | 10332s
ep 20916 | dynL 0.371 polR 4.493e-01 info 9.739e-02 | train C 2.67e-05 S 0.995 | EVAL C 8.375e-06 S 0.9984 | buf 167328 | 10468s
ep 21168 | dynL 0.366 polR 3.236e-01 info 1.942e-01 | train C 5.15e-05 S 0.990 | EVAL C 8.148e-06 S 0.9985 | buf 169344 | 10606s
ep 21420 | dynL 0.370 polR 4.461e-01 info 9.337e-02 | train C 7.89e-05 S 0.993 | EVAL C 7.858e-06 S 0.9985 | buf 171360 | 10741s
ep 21672 | dynL 0.367 polR 4.358e-01 info 8.140e-02 | train C 2.74e-05 S 0.994 | EVAL C 7.463e-06 S 0.9985 | buf 173376 | 10880s
ep 21924 | dynL 0.367 polR 4.136e-01 info 1.153e-01 | train C 3.50e-05 S 0.994 | EVAL C 7.009e-06 S 0.9986 | buf 175392 | 11016s
ep 22176 | dynL 0.366 polR 4.311e-01 info 1.248e-01 | train C 3.46e-05 S 0.993 | EVAL C 7.208e-06 S 0.9985 | buf 177408 | 11152s
ep 22428 | dynL 0.369 polR 4.276e-01 info 1.124e-01 | train C 2.73e-05 S 0.996 | EVAL C 7.490e-06 S 0.9986 | buf 179424 | 11289s
ep 22680 | dynL 0.365 polR 5.117e-01 info 7.470e-02 | train C 4.03e-05 S 0.996 | EVAL C 6.636e-06 S 0.9986 | buf 181440 | 11426s
ep 22932 | dynL 0.364 polR 4.803e-01 info 1.111e-01 | train C 5.36e-05 S 0.991 | EVAL C 5.924e-06 S 0.9985 | buf 183456 | 11564s
ep 23184 | dynL 0.367 polR 4.727e-01 info 8.953e-02 | train C 4.40e-05 S 0.993 | EVAL C 5.907e-06 S 0.9987 | buf 185472 | 11701s
ep 23436 | dynL 0.367 polR 4.086e-01 info 1.735e-01 | train C 3.53e-05 S 0.995 | EVAL C 6.069e-06 S 0.9986 | buf 187488 | 11837s
ep 23688 | dynL 0.363 polR 5.555e-01 info 7.032e-02 | train C 8.03e-05 S 0.989 | EVAL C 5.573e-06 S 0.9987 | buf 189504 | 11973s
ep 23940 | dynL 0.363 polR 4.583e-01 info 1.320e-01 | train C 8.45e-05 S 0.986 | EVAL C 5.842e-06 S 0.9987 | buf 191520 | 12110s
ep 24192 | dynL 0.362 polR 5.099e-01 info 1.101e-01 | train C 4.88e-05 S 0.994 | EVAL C 5.415e-06 S 0.9988 | buf 193536 | 12246s
ep 24444 | dynL 0.365 polR 5.484e-01 info 7.228e-02 | train C 3.79e-05 S 0.994 | EVAL C 5.307e-06 S 0.9988 | buf 195552 | 12383s
ep 24696 | dynL 0.363 polR 5.108e-01 info 9.616e-02 | train C 2.83e-05 S 0.994 | EVAL C 4.938e-06 S 0.9987 | buf 197568 | 12522s
ep 24948 | dynL 0.364 polR 5.701e-01 info 6.209e-02 | train C 3.64e-05 S 0.992 | EVAL C 4.568e-06 S 0.9987 | buf 199584 | 12658s
ep 25200 | dynL 0.362 polR 5.354e-01 info 9.676e-02 | train C 3.91e-05 S 0.995 | EVAL C 4.450e-06 S 0.9988 | buf 200000 | 12796s
ep 25452 | dynL 0.362 polR 5.202e-01 info 1.631e-01 | train C 3.44e-05 S 0.996 | EVAL C 4.479e-06 S 0.9988 | buf 200000 | 12933s
ep 25704 | dynL 0.360 polR 6.082e-01 info 6.919e-02 | train C 3.66e-05 S 0.996 | EVAL C 4.153e-06 S 0.9989 | buf 200000 | 13071s
ep 25956 | dynL 0.359 polR 5.951e-01 info 8.983e-02 | train C 4.00e-05 S 0.994 | EVAL C 3.596e-06 S 0.9989 | buf 200000 | 13208s
ep 26208 | dynL 0.357 polR 5.718e-01 info 1.088e-01 | train C 4.33e-05 S 0.991 | EVAL C 3.538e-06 S 0.9989 | buf 200000 | 13345s
ep 26460 | dynL 0.357 polR 5.585e-01 info 1.401e-01 | train C 3.97e-05 S 0.995 | EVAL C 3.866e-06 S 0.9990 | buf 200000 | 13482s
ep 26712 | dynL 0.357 polR 4.933e-01 info 1.565e-01 | train C 5.77e-05 S 0.992 | EVAL C 3.755e-06 S 0.9989 | buf 200000 | 13619s
ep 26964 | dynL 0.358 polR 6.423e-01 info 8.511e-02 | train C 3.14e-05 S 0.994 | EVAL C 3.141e-06 S 0.9989 | buf 200000 | 13755s
ep 27216 | dynL 0.354 polR 6.064e-01 info 1.327e-01 | train C 2.44e-05 S 0.996 | EVAL C 3.205e-06 S 0.9989 | buf 200000 | 13892s
ep 27468 | dynL 0.355 polR 5.704e-01 info 1.423e-01 | train C 2.73e-05 S 0.996 | EVAL C 2.994e-06 S 0.9989 | buf 200000 | 14030s
ep 27720 | dynL 0.353 polR 6.129e-01 info 1.067e-01 | train C 3.42e-05 S 0.993 | EVAL C 2.687e-06 S 0.9990 | buf 200000 | 14167s
ep 27972 | dynL 0.355 polR 6.823e-01 info 8.003e-02 | train C 3.82e-05 S 0.993 | EVAL C 2.513e-06 S 0.9989 | buf 200000 | 14304s
ep 28224 | dynL 0.353 polR 6.263e-01 info 8.706e-02 | train C 2.72e-05 S 0.996 | EVAL C 2.681e-06 S 0.9989 | buf 200000 | 14441s
ep 28476 | dynL 0.349 polR 6.017e-01 info 1.159e-01 | train C 5.38e-05 S 0.989 | EVAL C 2.465e-06 S 0.9990 | buf 200000 | 14577s
ep 28728 | dynL 0.350 polR 6.693e-01 info 8.273e-02 | train C 2.60e-05 S 0.995 | EVAL C 2.654e-06 S 0.9989 | buf 200000 | 14714s
ep 28980 | dynL 0.348 polR 6.908e-01 info 9.119e-02 | train C 2.28e-05 S 0.997 | EVAL C 2.351e-06 S 0.9989 | buf 200000 | 14851s
ep 29232 | dynL 0.347 polR 6.517e-01 info 1.009e-01 | train C 2.96e-05 S 0.994 | EVAL C 2.342e-06 S 0.9989 | buf 200000 | 14988s
ep 29484 | dynL 0.343 polR 7.015e-01 info 1.136e-01 | train C 6.04e-05 S 0.992 | EVAL C 2.190e-06 S 0.9987 | buf 200000 | 15126s
ep 29736 | dynL 0.345 polR 7.397e-01 info 7.584e-02 | train C 3.96e-05 S 0.994 | EVAL C 2.169e-06 S 0.9987 | buf 200000 | 15263s
ep 29988 | dynL 0.344 polR 6.430e-01 info 1.480e-01 | train C 4.38e-05 S 0.988 | EVAL C 2.259e-06 S 0.9987 | buf 200000 | 15399s
[infogain] saved replay buffer (200000 transitions) -> logs/po4ncpa_probe_logscratch/replay_buffer.npz (5.0s)
ep 30240 | dynL 0.343 polR 7.539e-01 info 1.088e-01 | train C 2.63e-05 S 0.993 | EVAL C 2.019e-06 S 0.9987 | buf 200000 | 15540s
ep 30492 | dynL 0.344 polR 7.089e-01 info 1.196e-01 | train C 5.09e-05 S 0.986 | EVAL C 1.994e-06 S 0.9986 | buf 200000 | 15676s
ep 30744 | dynL 0.342 polR 7.306e-01 info 1.107e-01 | train C 3.69e-05 S 0.991 | EVAL C 1.968e-06 S 0.9987 | buf 200000 | 15813s
ep 30996 | dynL 0.342 polR 7.180e-01 info 1.272e-01 | train C 5.09e-05 S 0.989 | EVAL C 1.822e-06 S 0.9987 | buf 200000 | 15949s
ep 31248 | dynL 0.340 polR 7.574e-01 info 1.013e-01 | train C 4.28e-05 S 0.995 | EVAL C 1.741e-06 S 0.9988 | buf 200000 | 16086s
ep 31500 | dynL 0.342 polR 7.629e-01 info 1.051e-01 | train C 3.88e-05 S 0.993 | EVAL C 1.680e-06 S 0.9988 | buf 200000 | 16223s
ep 31752 | dynL 0.343 polR 7.377e-01 info 1.021e-01 | train C 3.59e-05 S 0.990 | EVAL C 1.711e-06 S 0.9989 | buf 200000 | 16360s
ep 32004 | dynL 0.340 polR 7.473e-01 info 1.157e-01 | train C 2.83e-05 S 0.992 | EVAL C 1.628e-06 S 0.9988 | buf 200000 | 16496s
ep 32256 | dynL 0.337 polR 7.560e-01 info 1.220e-01 | train C 1.78e-05 S 0.994 | EVAL C 1.459e-06 S 0.9989 | buf 200000 | 16633s
ep 32508 | dynL 0.338 polR 7.535e-01 info 1.134e-01 | train C 3.10e-05 S 0.994 | EVAL C 1.477e-06 S 0.9989 | buf 200000 | 16769s
ep 32760 | dynL 0.342 polR 7.713e-01 info 1.348e-01 | train C 5.35e-05 S 0.992 | EVAL C 1.451e-06 S 0.9989 | buf 200000 | 16907s
ep 33012 | dynL 0.339 polR 7.933e-01 info 1.086e-01 | train C 4.12e-05 S 0.993 | EVAL C 1.268e-06 S 0.9990 | buf 200000 | 17044s
ep 33264 | dynL 0.341 polR 8.429e-01 info 9.150e-02 | train C 2.20e-05 S 0.995 | EVAL C 1.244e-06 S 0.9990 | buf 200000 | 17180s
ep 33516 | dynL 0.337 polR 8.707e-01 info 8.954e-02 | train C 5.85e-05 S 0.990 | EVAL C 1.258e-06 S 0.9989 | buf 200000 | 17317s
ep 33768 | dynL 0.339 polR 8.353e-01 info 1.004e-01 | train C 2.35e-05 S 0.995 | EVAL C 1.258e-06 S 0.9990 | buf 200000 | 17453s
ep 34020 | dynL 0.338 polR 8.211e-01 info 9.847e-02 | train C 1.98e-05 S 0.997 | EVAL C 1.244e-06 S 0.9990 | buf 200000 | 17590s
ep 34272 | dynL 0.338 polR 6.898e-01 info 1.845e-01 | train C 3.65e-05 S 0.995 | EVAL C 1.065e-06 S 0.9991 | buf 200000 | 17727s
ep 34524 | dynL 0.340 polR 8.432e-01 info 9.039e-02 | train C 3.94e-05 S 0.994 | EVAL C 1.107e-06 S 0.9992 | buf 200000 | 17865s
ep 34776 | dynL 0.337 polR 7.942e-01 info 1.224e-01 | train C 3.92e-05 S 0.993 | EVAL C 1.187e-06 S 0.9992 | buf 200000 | 18001s
ep 35028 | dynL 0.338 polR 8.545e-01 info 9.927e-02 | train C 3.08e-05 S 0.995 | EVAL C 1.235e-06 S 0.9992 | buf 200000 | 18137s
ep 35280 | dynL 0.338 polR 9.192e-01 info 9.043e-02 | train C 1.63e-05 S 0.997 | EVAL C 1.063e-06 S 0.9993 | buf 200000 | 18274s
ep 35532 | dynL 0.335 polR 7.688e-01 info 2.054e-01 | train C 3.11e-05 S 0.994 | EVAL C 8.903e-07 S 0.9993 | buf 200000 | 18411s
ep 35784 | dynL 0.336 polR 8.321e-01 info 1.310e-01 | train C 4.87e-05 S 0.992 | EVAL C 1.031e-06 S 0.9993 | buf 200000 | 18547s
ep 36036 | dynL 0.335 polR 8.748e-01 info 1.256e-01 | train C 8.13e-06 S 0.998 | EVAL C 8.690e-07 S 0.9993 | buf 200000 | 18684s
ep 36288 | dynL 0.337 polR 8.350e-01 info 1.155e-01 | train C 1.30e-05 S 0.998 | EVAL C 1.026e-06 S 0.9994 | buf 200000 | 18821s
ep 36540 | dynL 0.332 polR 9.024e-01 info 1.122e-01 | train C 3.61e-05 S 0.993 | EVAL C 8.694e-07 S 0.9993 | buf 200000 | 18957s
ep 36792 | dynL 0.335 polR 7.942e-01 info 1.857e-01 | train C 2.87e-05 S 0.997 | EVAL C 7.736e-07 S 0.9994 | buf 200000 | 19094s
ep 37044 | dynL 0.334 polR 8.788e-01 info 1.632e-01 | train C 2.63e-05 S 0.996 | EVAL C 7.260e-07 S 0.9994 | buf 200000 | 19231s
ep 37296 | dynL 0.333 polR 8.459e-01 info 1.499e-01 | train C 2.07e-05 S 0.994 | EVAL C 6.704e-07 S 0.9994 | buf 200000 | 19369s
ep 37548 | dynL 0.330 polR 8.909e-01 info 1.164e-01 | train C 2.30e-05 S 0.996 | EVAL C 7.131e-07 S 0.9995 | buf 200000 | 19506s
ep 37800 | dynL 0.331 polR 8.269e-01 info 1.289e-01 | train C 2.00e-05 S 0.997 | EVAL C 6.700e-07 S 0.9995 | buf 200000 | 19645s
ep 38052 | dynL 0.330 polR 8.475e-01 info 1.421e-01 | train C 2.37e-05 S 0.997 | EVAL C 6.621e-07 S 0.9995 | buf 200000 | 19782s
ep 38304 | dynL 0.331 polR 8.609e-01 info 1.525e-01 | train C 3.18e-05 S 0.992 | EVAL C 6.524e-07 S 0.9995 | buf 200000 | 19920s
ep 38556 | dynL 0.330 polR 8.887e-01 info 1.653e-01 | train C 2.85e-05 S 0.995 | EVAL C 5.738e-07 S 0.9995 | buf 200000 | 20056s
ep 38808 | dynL 0.327 polR 9.387e-01 info 1.090e-01 | train C 2.15e-05 S 0.997 | EVAL C 5.789e-07 S 0.9995 | buf 200000 | 20193s
ep 39060 | dynL 0.325 polR 7.686e-01 info 2.752e-01 | train C 2.77e-05 S 0.996 | EVAL C 5.853e-07 S 0.9995 | buf 200000 | 20330s
ep 39312 | dynL 0.327 polR 8.990e-01 info 1.289e-01 | train C 1.34e-05 S 0.998 | EVAL C 5.070e-07 S 0.9995 | buf 200000 | 20467s
ep 39564 | dynL 0.328 polR 8.972e-01 info 1.536e-01 | train C 2.59e-05 S 0.997 | EVAL C 4.962e-07 S 0.9995 | buf 200000 | 20605s
ep 39816 | dynL 0.327 polR 9.326e-01 info 1.161e-01 | train C 3.25e-05 S 0.996 | EVAL C 4.247e-07 S 0.9996 | buf 200000 | 20741s
[infogain] saved replay buffer (200000 transitions) -> logs/po4ncpa_probe_logscratch/replay_buffer.npz (4.9s)
ep 40068 | dynL 0.327 polR 9.428e-01 info 1.029e-01 | train C 1.54e-05 S 0.998 | EVAL C 5.389e-07 S 0.9996 | buf 200000 | 20882s
ep 40320 | dynL 0.327 polR 8.903e-01 info 1.762e-01 | train C 3.34e-05 S 0.994 | EVAL C 5.730e-07 S 0.9996 | buf 200000 | 21020s
ep 40572 | dynL 0.327 polR 8.972e-01 info 1.668e-01 | train C 1.87e-05 S 0.996 | EVAL C 4.473e-07 S 0.9996 | buf 200000 | 21156s
ep 40824 | dynL 0.323 polR 9.179e-01 info 1.575e-01 | train C 2.22e-05 S 0.996 | EVAL C 4.108e-07 S 0.9996 | buf 200000 | 21292s
ep 41076 | dynL 0.323 polR 8.425e-01 info 1.928e-01 | train C 1.96e-05 S 0.997 | EVAL C 4.137e-07 S 0.9996 | buf 200000 | 21430s
ep 41328 | dynL 0.324 polR 8.861e-01 info 2.013e-01 | train C 2.99e-05 S 0.995 | EVAL C 4.253e-07 S 0.9996 | buf 200000 | 21566s
ep 41580 | dynL 0.323 polR 9.222e-01 info 1.928e-01 | train C 3.99e-05 S 0.994 | EVAL C 4.165e-07 S 0.9996 | buf 200000 | 21702s
ep 41832 | dynL 0.323 polR 9.313e-01 info 1.466e-01 | train C 2.80e-05 S 0.995 | EVAL C 4.193e-07 S 0.9996 | buf 200000 | 21839s
ep 42084 | dynL 0.320 polR 9.167e-01 info 1.793e-01 | train C 3.53e-05 S 0.995 | EVAL C 4.532e-07 S 0.9996 | buf 200000 | 21976s
ep 42336 | dynL 0.324 polR 9.085e-01 info 1.844e-01 | train C 2.61e-05 S 0.997 | EVAL C 3.427e-07 S 0.9997 | buf 200000 | 22111s
ep 42588 | dynL 0.322 polR 9.093e-01 info 1.816e-01 | train C 3.11e-05 S 0.997 | EVAL C 3.709e-07 S 0.9997 | buf 200000 | 22248s
ep 42840 | dynL 0.324 polR 9.070e-01 info 1.503e-01 | train C 2.09e-05 S 0.998 | EVAL C 3.689e-07 S 0.9996 | buf 200000 | 22385s
ep 43092 | dynL 0.320 polR 9.392e-01 info 1.517e-01 | train C 1.47e-05 S 0.998 | EVAL C 3.119e-07 S 0.9997 | buf 200000 | 22522s
ep 43344 | dynL 0.321 polR 9.475e-01 info 1.852e-01 | train C 1.86e-05 S 0.997 | EVAL C 3.192e-07 S 0.9997 | buf 200000 | 22658s
ep 43596 | dynL 0.320 polR 9.880e-01 info 1.497e-01 | train C 2.48e-05 S 0.995 | EVAL C 4.156e-07 S 0.9997 | buf 200000 | 22795s
ep 43848 | dynL 0.321 polR 9.187e-01 info 1.681e-01 | train C 1.13e-05 S 0.998 | EVAL C 3.367e-07 S 0.9997 | buf 200000 | 22933s
ep 44100 | dynL 0.318 polR 9.003e-01 info 1.875e-01 | train C 3.49e-05 S 0.997 | EVAL C 3.044e-07 S 0.9997 | buf 200000 | 23069s
ep 44352 | dynL 0.319 polR 9.291e-01 info 1.815e-01 | train C 1.34e-05 S 0.998 | EVAL C 2.807e-07 S 0.9997 | buf 200000 | 23206s
ep 44604 | dynL 0.316 polR 9.575e-01 info 1.761e-01 | train C 1.71e-05 S 0.998 | EVAL C 2.724e-07 S 0.9997 | buf 200000 | 23343s
ep 44856 | dynL 0.318 polR 9.646e-01 info 1.848e-01 | train C 1.70e-05 S 0.997 | EVAL C 3.015e-07 S 0.9997 | buf 200000 | 23480s
ep 45108 | dynL 0.318 polR 9.863e-01 info 1.363e-01 | train C 1.83e-05 S 0.998 | EVAL C 2.952e-07 S 0.9997 | buf 200000 | 23617s
ep 45360 | dynL 0.317 polR 9.769e-01 info 1.568e-01 | train C 3.25e-05 S 0.995 | EVAL C 2.842e-07 S 0.9997 | buf 200000 | 23754s
ep 45612 | dynL 0.315 polR 9.177e-01 info 2.003e-01 | train C 3.84e-05 S 0.995 | EVAL C 3.327e-07 S 0.9997 | buf 200000 | 23890s
ep 45864 | dynL 0.317 polR 9.997e-01 info 1.169e-01 | train C 1.46e-05 S 0.997 | EVAL C 3.016e-07 S 0.9997 | buf 200000 | 24027s
ep 46116 | dynL 0.316 polR 9.083e-01 info 2.204e-01 | train C 2.72e-05 S 0.996 | EVAL C 3.336e-07 S 0.9997 | buf 200000 | 24164s
ep 46368 | dynL 0.314 polR 9.235e-01 info 1.587e-01 | train C 2.67e-05 S 0.994 | EVAL C 2.834e-07 S 0.9997 | buf 200000 | 24301s
ep 46620 | dynL 0.313 polR 9.164e-01 info 1.922e-01 | train C 2.90e-05 S 0.996 | EVAL C 3.208e-07 S 0.9997 | buf 200000 | 24437s
ep 46872 | dynL 0.314 polR 9.573e-01 info 1.237e-01 | train C 2.44e-05 S 0.998 | EVAL C 2.434e-07 S 0.9997 | buf 200000 | 24573s
ep 47124 | dynL 0.312 polR 9.861e-01 info 1.537e-01 | train C 2.22e-05 S 0.996 | EVAL C 2.799e-07 S 0.9997 | buf 200000 | 24710s
ep 47376 | dynL 0.314 polR 9.563e-01 info 1.699e-01 | train C 9.16e-06 S 0.999 | EVAL C 2.479e-07 S 0.9997 | buf 200000 | 24847s
ep 47628 | dynL 0.314 polR 9.721e-01 info 1.596e-01 | train C 2.47e-05 S 0.995 | EVAL C 2.521e-07 S 0.9997 | buf 200000 | 24984s
ep 47880 | dynL 0.313 polR 9.525e-01 info 2.164e-01 | train C 2.70e-05 S 0.995 | EVAL C 2.518e-07 S 0.9997 | buf 200000 | 25121s
ep 48132 | dynL 0.312 polR 9.065e-01 info 2.458e-01 | train C 3.19e-05 S 0.996 | EVAL C 3.641e-07 S 0.9997 | buf 200000 | 25257s
ep 48384 | dynL 0.312 polR 9.897e-01 info 1.747e-01 | train C 1.60e-05 S 0.997 | EVAL C 3.003e-07 S 0.9997 | buf 200000 | 25395s
ep 48636 | dynL 0.312 polR 9.947e-01 info 1.345e-01 | train C 2.32e-05 S 0.996 | EVAL C 2.318e-07 S 0.9997 | buf 200000 | 25532s
ep 48888 | dynL 0.310 polR 9.596e-01 info 1.968e-01 | train C 1.28e-05 S 0.999 | EVAL C 2.132e-07 S 0.9997 | buf 200000 | 25669s
ep 49140 | dynL 0.312 polR 9.422e-01 info 2.343e-01 | train C 3.64e-05 S 0.993 | EVAL C 2.562e-07 S 0.9997 | buf 200000 | 25805s
ep 49392 | dynL 0.309 polR 1.018e+00 info 1.646e-01 | train C 4.31e-05 S 0.993 | EVAL C 2.663e-07 S 0.9997 | buf 200000 | 25943s
ep 49644 | dynL 0.310 polR 9.999e-01 info 1.654e-01 | train C 2.38e-05 S 0.997 | EVAL C 2.491e-07 S 0.9997 | buf 200000 | 26079s
ep 49896 | dynL 0.310 polR 9.871e-01 info 1.760e-01 | train C 2.85e-05 S 0.995 | EVAL C 1.848e-07 S 0.9997 | buf 200000 | 26216s
[infogain] saved replay buffer (200000 transitions) -> logs/po4ncpa_probe_logscratch/replay_buffer.npz (5.0s)
ep 50148 | dynL 0.309 polR 9.715e-01 info 2.106e-01 | train C 2.12e-05 S 0.997 | EVAL C 2.591e-07 S 0.9997 | buf 200000 | 26358s
ep 50400 | dynL 0.313 polR 9.732e-01 info 1.756e-01 | train C 3.28e-05 S 0.996 | EVAL C 2.048e-07 S 0.9997 | buf 200000 | 26495s
ep 50652 | dynL 0.309 polR 1.039e+00 info 1.472e-01 | train C 1.55e-05 S 0.996 | EVAL C 2.430e-07 S 0.9997 | buf 200000 | 26630s
ep 50904 | dynL 0.310 polR 1.015e+00 info 1.178e-01 | train C 2.57e-05 S 0.998 | EVAL C 2.703e-07 S 0.9997 | buf 200000 | 26768s
ep 51156 | dynL 0.309 polR 1.027e+00 info 1.291e-01 | train C 1.98e-05 S 0.998 | EVAL C 2.658e-07 S 0.9997 | buf 200000 | 26904s
ep 51408 | dynL 0.308 polR 1.024e+00 info 1.985e-01 | train C 1.51e-05 S 0.996 | EVAL C 2.345e-07 S 0.9997 | buf 200000 | 27041s
ep 51660 | dynL 0.310 polR 1.017e+00 info 1.232e-01 | train C 4.82e-05 S 0.990 | EVAL C 2.396e-07 S 0.9997 | buf 200000 | 27177s
ep 51912 | dynL 0.307 polR 1.004e+00 info 1.582e-01 | train C 1.54e-05 S 0.997 | EVAL C 2.966e-07 S 0.9998 | buf 200000 | 27314s
ep 52164 | dynL 0.307 polR 9.844e-01 info 1.966e-01 | train C 2.12e-05 S 0.996 | EVAL C 2.832e-07 S 0.9997 | buf 200000 | 27451s
ep 52416 | dynL 0.307 polR 1.019e+00 info 1.684e-01 | train C 1.41e-05 S 0.997 | EVAL C 2.236e-07 S 0.9998 | buf 200000 | 27587s
ep 52668 | dynL 0.309 polR 1.007e+00 info 1.467e-01 | train C 1.94e-05 S 0.996 | EVAL C 2.202e-07 S 0.9998 | buf 200000 | 27724s
ep 52920 | dynL 0.307 polR 1.034e+00 info 1.748e-01 | train C 1.64e-05 S 0.997 | EVAL C 2.397e-07 S 0.9998 | buf 200000 | 27861s
ep 53172 | dynL 0.308 polR 9.973e-01 info 1.941e-01 | train C 3.30e-05 S 0.995 | EVAL C 2.199e-07 S 0.9998 | buf 200000 | 27997s
ep 53424 | dynL 0.306 polR 1.028e+00 info 1.813e-01 | train C 2.36e-05 S 0.997 | EVAL C 1.802e-07 S 0.9998 | buf 200000 | 28134s
ep 53676 | dynL 0.306 polR 1.030e+00 info 1.746e-01 | train C 1.80e-05 S 0.996 | EVAL C 2.227e-07 S 0.9998 | buf 200000 | 28272s
ep 53928 | dynL 0.305 polR 1.030e+00 info 1.570e-01 | train C 1.55e-05 S 0.998 | EVAL C 2.341e-07 S 0.9998 | buf 200000 | 28409s
ep 54180 | dynL 0.308 polR 9.903e-01 info 2.041e-01 | train C 2.65e-05 S 0.997 | EVAL C 2.734e-07 S 0.9998 | buf 200000 | 28547s
ep 54432 | dynL 0.306 polR 1.016e+00 info 1.753e-01 | train C 1.76e-05 S 0.997 | EVAL C 2.239e-07 S 0.9998 | buf 200000 | 28684s
ep 54684 | dynL 0.305 polR 1.017e+00 info 1.888e-01 | train C 3.47e-05 S 0.994 | EVAL C 2.616e-07 S 0.9998 | buf 200000 | 28821s
ep 54936 | dynL 0.305 polR 1.068e+00 info 1.128e-01 | train C 2.46e-05 S 0.995 | EVAL C 2.500e-07 S 0.9998 | buf 200000 | 28959s
ep 55188 | dynL 0.307 polR 9.751e-01 info 2.728e-01 | train C 1.16e-05 S 0.998 | EVAL C 2.253e-07 S 0.9998 | buf 200000 | 29095s
ep 55440 | dynL 0.303 polR 9.976e-01 info 2.171e-01 | train C 2.27e-05 S 0.994 | EVAL C 2.949e-07 S 0.9998 | buf 200000 | 29232s
ep 55692 | dynL 0.302 polR 1.003e+00 info 1.787e-01 | train C 1.89e-05 S 0.997 | EVAL C 2.402e-07 S 0.9998 | buf 200000 | 29369s
ep 55944 | dynL 0.305 polR 1.042e+00 info 1.395e-01 | train C 1.33e-05 S 0.998 | EVAL C 2.307e-07 S 0.9998 | buf 200000 | 29506s
ep 56196 | dynL 0.306 polR 1.074e+00 info 1.251e-01 | train C 3.24e-05 S 0.996 | EVAL C 2.482e-07 S 0.9998 | buf 200000 | 29643s
ep 56448 | dynL 0.302 polR 1.043e+00 info 1.326e-01 | train C 2.36e-05 S 0.996 | EVAL C 2.815e-07 S 0.9998 | buf 200000 | 29780s
ep 56700 | dynL 0.305 polR 1.053e+00 info 1.101e-01 | train C 2.78e-05 S 0.994 | EVAL C 2.226e-07 S 0.9998 | buf 200000 | 29916s
ep 56952 | dynL 0.309 polR 1.037e+00 info 1.952e-01 | train C 3.44e-05 S 0.990 | EVAL C 2.323e-07 S 0.9998 | buf 200000 | 30054s
ep 57204 | dynL 0.304 polR 1.050e+00 info 1.642e-01 | train C 1.18e-05 S 0.998 | EVAL C 3.318e-07 S 0.9998 | buf 200000 | 30191s
ep 57456 | dynL 0.304 polR 1.102e+00 info 1.283e-01 | train C 2.65e-05 S 0.995 | EVAL C 2.115e-07 S 0.9998 | buf 200000 | 30328s
ep 57708 | dynL 0.302 polR 1.045e+00 info 1.511e-01 | train C 1.29e-05 S 0.998 | EVAL C 2.394e-07 S 0.9998 | buf 200000 | 30466s
ep 57960 | dynL 0.304 polR 1.064e+00 info 1.402e-01 | train C 3.17e-05 S 0.994 | EVAL C 2.467e-07 S 0.9998 | buf 200000 | 30603s
ep 58212 | dynL 0.305 polR 1.045e+00 info 1.568e-01 | train C 1.71e-05 S 0.998 | EVAL C 2.366e-07 S 0.9998 | buf 200000 | 30739s
ep 58464 | dynL 0.301 polR 9.707e-01 info 2.478e-01 | train C 2.52e-05 S 0.996 | EVAL C 2.753e-07 S 0.9998 | buf 200000 | 30876s
ep 58716 | dynL 0.304 polR 9.893e-01 info 1.868e-01 | train C 1.33e-05 S 0.998 | EVAL C 2.298e-07 S 0.9998 | buf 200000 | 31013s
ep 58968 | dynL 0.302 polR 1.070e+00 info 1.253e-01 | train C 4.64e-05 S 0.993 | EVAL C 2.444e-07 S 0.9998 | buf 200000 | 31149s
ep 59220 | dynL 0.304 polR 1.076e+00 info 1.581e-01 | train C 1.30e-05 S 0.997 | EVAL C 2.748e-07 S 0.9998 | buf 200000 | 31286s
ep 59472 | dynL 0.302 polR 1.092e+00 info 1.496e-01 | train C 1.18e-05 S 0.997 | EVAL C 2.604e-07 S 0.9998 | buf 200000 | 31421s
ep 59724 | dynL 0.303 polR 1.022e+00 info 2.097e-01 | train C 1.77e-05 S 0.998 | EVAL C 2.071e-07 S 0.9998 | buf 200000 | 31558s
ep 59976 | dynL 0.300 polR 1.068e+00 info 1.345e-01 | train C 1.93e-05 S 0.997 | EVAL C 2.493e-07 S 0.9998 | buf 200000 | 31694s
[infogain] saved replay buffer (200000 transitions) -> logs/po4ncpa_probe_logscratch/replay_buffer.npz (4.8s)
ep 60228 | dynL 0.301 polR 1.081e+00 info 1.187e-01 | train C 2.51e-05 S 0.995 | EVAL C 2.264e-07 S 0.9998 | buf 200000 | 31837s
ep 60480 | dynL 0.302 polR 1.075e+00 info 1.292e-01 | train C 1.41e-05 S 0.998 | EVAL C 2.275e-07 S 0.9998 | buf 200000 | 31973s
ep 60732 | dynL 0.302 polR 1.101e+00 info 1.413e-01 | train C 2.06e-05 S 0.997 | EVAL C 1.781e-07 S 0.9998 | buf 200000 | 32110s
ep 60984 | dynL 0.301 polR 1.014e+00 info 1.832e-01 | train C 1.58e-05 S 0.997 | EVAL C 3.083e-07 S 0.9998 | buf 200000 | 32247s
ep 61236 | dynL 0.301 polR 1.077e+00 info 1.591e-01 | train C 1.99e-05 S 0.997 | EVAL C 2.909e-07 S 0.9998 | buf 200000 | 32383s
ep 61488 | dynL 0.300 polR 9.993e-01 info 1.978e-01 | train C 2.83e-05 S 0.997 | EVAL C 2.674e-07 S 0.9998 | buf 200000 | 32522s
ep 61740 | dynL 0.304 polR 1.078e+00 info 1.109e-01 | train C 2.01e-05 S 0.998 | EVAL C 2.628e-07 S 0.9999 | buf 200000 | 32658s
ep 61992 | dynL 0.303 polR 1.087e+00 info 1.526e-01 | train C 2.69e-05 S 0.995 | EVAL C 3.076e-07 S 0.9998 | buf 200000 | 32797s
ep 62244 | dynL 0.302 polR 1.037e+00 info 2.048e-01 | train C 1.17e-05 S 0.996 | EVAL C 2.113e-07 S 0.9999 | buf 200000 | 32935s
ep 62496 | dynL 0.302 polR 1.115e+00 info 1.235e-01 | train C 1.44e-05 S 0.998 | EVAL C 2.120e-07 S 0.9998 | buf 200000 | 33072s
ep 62748 | dynL 0.304 polR 1.055e+00 info 1.780e-01 | train C 1.56e-05 S 0.995 | EVAL C 2.304e-07 S 0.9999 | buf 200000 | 33209s
ep 63000 | dynL 0.302 polR 1.055e+00 info 1.834e-01 | train C 1.21e-05 S 0.999 | EVAL C 2.216e-07 S 0.9998 | buf 200000 | 33348s
ep 63252 | dynL 0.303 polR 1.078e+00 info 1.357e-01 | train C 1.59e-05 S 0.998 | EVAL C 1.804e-07 S 0.9999 | buf 200000 | 33486s
ep 63504 | dynL 0.302 polR 1.028e+00 info 2.465e-01 | train C 9.78e-06 S 0.999 | EVAL C 2.317e-07 S 0.9999 | buf 200000 | 33622s
ep 63756 | dynL 0.300 polR 1.045e+00 info 2.185e-01 | train C 1.33e-05 S 0.998 | EVAL C 2.842e-07 S 0.9998 | buf 200000 | 33760s
ep 64008 | dynL 0.300 polR 1.056e+00 info 1.883e-01 | train C 1.89e-05 S 0.997 | EVAL C 2.176e-07 S 0.9999 | buf 200000 | 33897s
ep 64260 | dynL 0.301 polR 1.115e+00 info 1.308e-01 | train C 1.61e-05 S 0.998 | EVAL C 2.647e-07 S 0.9999 | buf 200000 | 34033s
ep 64512 | dynL 0.301 polR 1.015e+00 info 2.143e-01 | train C 1.49e-05 S 0.998 | EVAL C 1.811e-07 S 0.9999 | buf 200000 | 34171s
ep 64764 | dynL 0.301 polR 1.078e+00 info 1.470e-01 | train C 1.68e-05 S 0.998 | EVAL C 2.178e-07 S 0.9999 | buf 200000 | 34309s
ep 65016 | dynL 0.301 polR 1.085e+00 info 1.492e-01 | train C 2.50e-05 S 0.996 | EVAL C 2.612e-07 S 0.9999 | buf 200000 | 34446s
ep 65268 | dynL 0.302 polR 1.138e+00 info 1.327e-01 | train C 1.41e-05 S 0.998 | EVAL C 2.846e-07 S 0.9998 | buf 200000 | 34583s
ep 65520 | dynL 0.302 polR 1.121e+00 info 1.331e-01 | train C 1.88e-05 S 0.997 | EVAL C 2.466e-07 S 0.9999 | buf 200000 | 34720s
ep 65772 | dynL 0.302 polR 1.054e+00 info 2.093e-01 | train C 7.06e-06 S 0.999 | EVAL C 2.558e-07 S 0.9999 | buf 200000 | 34857s
ep 66024 | dynL 0.298 polR 1.047e+00 info 2.448e-01 | train C 2.70e-05 S 0.996 | EVAL C 2.062e-07 S 0.9999 | buf 200000 | 34994s
ep 66276 | dynL 0.301 polR 1.056e+00 info 2.023e-01 | train C 1.73e-05 S 0.998 | EVAL C 2.581e-07 S 0.9999 | buf 200000 | 35129s
ep 66528 | dynL 0.302 polR 1.097e+00 info 1.362e-01 | train C 1.30e-05 S 0.998 | EVAL C 2.253e-07 S 0.9999 | buf 200000 | 35265s
ep 66780 | dynL 0.304 polR 1.098e+00 info 1.728e-01 | train C 9.91e-06 S 0.996 | EVAL C 2.217e-07 S 0.9999 | buf 200000 | 35401s
ep 67032 | dynL 0.299 polR 1.090e+00 info 1.385e-01 | train C 1.98e-05 S 0.997 | EVAL C 2.931e-07 S 0.9999 | buf 200000 | 35537s
ep 67284 | dynL 0.303 polR 1.051e+00 info 2.384e-01 | train C 1.13e-05 S 0.998 | EVAL C 2.189e-07 S 0.9999 | buf 200000 | 35673s
ep 67536 | dynL 0.301 polR 1.078e+00 info 1.875e-01 | train C 1.25e-05 S 0.998 | EVAL C 2.826e-07 S 0.9999 | buf 200000 | 35809s
ep 67788 | dynL 0.301 polR 1.064e+00 info 1.582e-01 | train C 1.04e-05 S 0.998 | EVAL C 2.022e-07 S 0.9999 | buf 200000 | 35946s
ep 68040 | dynL 0.303 polR 1.074e+00 info 1.845e-01 | train C 1.83e-05 S 0.998 | EVAL C 2.175e-07 S 0.9999 | buf 200000 | 36083s
ep 68292 | dynL 0.298 polR 9.717e-01 info 3.082e-01 | train C 9.67e-06 S 0.998 | EVAL C 3.115e-07 S 0.9999 | buf 200000 | 36219s
ep 68544 | dynL 0.302 polR 1.127e+00 info 1.172e-01 | train C 1.28e-05 S 0.998 | EVAL C 2.084e-07 S 0.9999 | buf 200000 | 36357s
ep 68796 | dynL 0.301 polR 1.139e+00 info 1.189e-01 | train C 1.48e-05 S 0.998 | EVAL C 2.434e-07 S 0.9999 | buf 200000 | 36493s
ep 69048 | dynL 0.300 polR 1.112e+00 info 1.412e-01 | train C 1.48e-05 S 0.998 | EVAL C 2.166e-07 S 0.9999 | buf 200000 | 36629s
ep 69300 | dynL 0.302 polR 1.118e+00 info 1.360e-01 | train C 1.39e-05 S 0.997 | EVAL C 2.565e-07 S 0.9999 | buf 200000 | 36766s
ep 69552 | dynL 0.303 polR 1.043e+00 info 2.364e-01 | train C 1.29e-05 S 0.997 | EVAL C 2.735e-07 S 0.9999 | buf 200000 | 36904s
ep 69804 | dynL 0.303 polR 1.101e+00 info 1.464e-01 | train C 2.14e-05 S 0.998 | EVAL C 2.584e-07 S 0.9999 | buf 200000 | 37041s
ep 70056 | dynL 0.303 polR 1.131e+00 info 1.574e-01 | train C 1.10e-05 S 0.999 | EVAL C 2.463e-07 S 0.9999 | buf 200000 | 37178s
[infogain] saved replay buffer (200000 transitions) -> logs/po4ncpa_probe_logscratch/replay_buffer.npz (4.8s)
ep 70308 | dynL 0.303 polR 1.119e+00 info 1.625e-01 | train C 1.55e-05 S 0.998 | EVAL C 2.412e-07 S 0.9999 | buf 200000 | 37318s
ep 70560 | dynL 0.302 polR 1.145e+00 info 1.088e-01 | train C 1.54e-05 S 0.998 | EVAL C 2.349e-07 S 0.9999 | buf 200000 | 37454s
ep 70812 | dynL 0.301 polR 1.125e+00 info 1.233e-01 | train C 8.29e-06 S 0.999 | EVAL C 2.529e-07 S 0.9999 | buf 200000 | 37590s
ep 71064 | dynL 0.302 polR 1.080e+00 info 2.042e-01 | train C 1.07e-05 S 0.998 | EVAL C 2.289e-07 S 0.9999 | buf 200000 | 37726s
ep 71316 | dynL 0.303 polR 1.197e+00 info 9.195e-02 | train C 1.04e-05 S 0.998 | EVAL C 1.999e-07 S 0.9999 | buf 200000 | 37862s
ep 71568 | dynL 0.301 polR 1.091e+00 info 1.659e-01 | train C 1.40e-05 S 0.997 | EVAL C 2.157e-07 S 0.9999 | buf 200000 | 37999s
ep 71820 | dynL 0.301 polR 1.146e+00 info 1.244e-01 | train C 1.22e-05 S 0.998 | EVAL C 2.505e-07 S 0.9999 | buf 200000 | 38135s
ep 72072 | dynL 0.303 polR 1.129e+00 info 1.603e-01 | train C 1.39e-05 S 0.998 | EVAL C 2.394e-07 S 0.9999 | buf 200000 | 38272s
ep 72324 | dynL 0.300 polR 1.092e+00 info 2.140e-01 | train C 1.26e-05 S 0.997 | EVAL C 2.138e-07 S 0.9999 | buf 200000 | 38408s
ep 72576 | dynL 0.300 polR 1.109e+00 info 1.863e-01 | train C 1.41e-05 S 0.997 | EVAL C 2.081e-07 S 0.9999 | buf 200000 | 38544s
ep 72828 | dynL 0.303 polR 1.149e+00 info 1.391e-01 | train C 9.78e-06 S 0.999 | EVAL C 1.871e-07 S 0.9999 | buf 200000 | 38680s
ep 73080 | dynL 0.300 polR 1.138e+00 info 1.607e-01 | train C 1.37e-05 S 0.998 | EVAL C 2.411e-07 S 0.9999 | buf 200000 | 38818s
ep 73332 | dynL 0.303 polR 1.101e+00 info 2.422e-01 | train C 1.12e-05 S 0.997 | EVAL C 2.438e-07 S 0.9999 | buf 200000 | 38954s
ep 73584 | dynL 0.303 polR 1.128e+00 info 1.690e-01 | train C 1.12e-05 S 0.998 | EVAL C 1.954e-07 S 0.9999 | buf 200000 | 39091s
ep 73836 | dynL 0.303 polR 1.105e+00 info 1.595e-01 | train C 2.32e-05 S 0.998 | EVAL C 2.701e-07 S 0.9999 | buf 200000 | 39228s
ep 74088 | dynL 0.302 polR 1.127e+00 info 1.468e-01 | train C 1.37e-05 S 0.998 | EVAL C 1.974e-07 S 0.9999 | buf 200000 | 39364s
ep 74340 | dynL 0.304 polR 1.162e+00 info 1.289e-01 | train C 1.01e-05 S 0.999 | EVAL C 1.729e-07 S 0.9999 | buf 200000 | 39501s
ep 74592 | dynL 0.304 polR 1.164e+00 info 1.210e-01 | train C 1.62e-05 S 0.996 | EVAL C 2.115e-07 S 0.9999 | buf 200000 | 39637s
ep 74844 | dynL 0.303 polR 1.115e+00 info 1.970e-01 | train C 7.66e-06 S 0.999 | EVAL C 2.733e-07 S 0.9999 | buf 200000 | 39773s
ep 75096 | dynL 0.303 polR 1.142e+00 info 1.531e-01 | train C 1.04e-05 S 0.999 | EVAL C 2.231e-07 S 0.9999 | buf 200000 | 39909s
ep 75348 | dynL 0.302 polR 1.144e+00 info 1.324e-01 | train C 1.85e-05 S 0.998 | EVAL C 1.629e-07 S 0.9999 | buf 200000 | 40045s
ep 75600 | dynL 0.301 polR 1.130e+00 info 1.692e-01 | train C 8.74e-06 S 0.998 | EVAL C 1.869e-07 S 0.9999 | buf 200000 | 40182s
ep 75852 | dynL 0.303 polR 1.167e+00 info 1.188e-01 | train C 1.19e-05 S 0.998 | EVAL C 2.880e-07 S 0.9999 | buf 200000 | 40318s
ep 76104 | dynL 0.300 polR 1.140e+00 info 1.850e-01 | train C 1.05e-05 S 0.999 | EVAL C 1.855e-07 S 0.9999 | buf 200000 | 40454s
ep 76356 | dynL 0.300 polR 1.184e+00 info 1.476e-01 | train C 1.48e-05 S 0.998 | EVAL C 2.291e-07 S 0.9999 | buf 200000 | 40590s
ep 76608 | dynL 0.302 polR 1.142e+00 info 1.675e-01 | train C 7.38e-06 S 0.999 | EVAL C 1.883e-07 S 0.9999 | buf 200000 | 40726s
ep 76860 | dynL 0.301 polR 1.139e+00 info 1.517e-01 | train C 7.86e-06 S 0.999 | EVAL C 2.552e-07 S 0.9999 | buf 200000 | 40862s
ep 77112 | dynL 0.301 polR 1.153e+00 info 1.700e-01 | train C 9.52e-06 S 0.999 | EVAL C 2.250e-07 S 0.9999 | buf 200000 | 41000s
ep 77364 | dynL 0.304 polR 1.207e+00 info 1.144e-01 | train C 2.31e-05 S 0.996 | EVAL C 2.065e-07 S 0.9999 | buf 200000 | 41135s
ep 77616 | dynL 0.301 polR 1.093e+00 info 1.976e-01 | train C 9.46e-06 S 0.998 | EVAL C 2.437e-07 S 0.9999 | buf 200000 | 41272s
ep 77868 | dynL 0.299 polR 1.146e+00 info 1.584e-01 | train C 1.14e-05 S 0.998 | EVAL C 2.678e-07 S 0.9999 | buf 200000 | 41408s
ep 78120 | dynL 0.305 polR 1.198e+00 info 9.420e-02 | train C 1.55e-05 S 0.998 | EVAL C 2.187e-07 S 0.9999 | buf 200000 | 41546s
ep 78372 | dynL 0.305 polR 1.155e+00 info 1.692e-01 | train C 6.86e-06 S 0.999 | EVAL C 2.474e-07 S 0.9999 | buf 200000 | 41683s
ep 78624 | dynL 0.304 polR 1.115e+00 info 2.081e-01 | train C 1.93e-05 S 0.998 | EVAL C 1.983e-07 S 0.9999 | buf 200000 | 41820s
ep 78876 | dynL 0.302 polR 1.121e+00 info 1.890e-01 | train C 8.02e-06 S 0.999 | EVAL C 2.007e-07 S 0.9999 | buf 200000 | 41956s
ep 79128 | dynL 0.301 polR 1.190e+00 info 1.472e-01 | train C 1.20e-05 S 0.999 | EVAL C 1.779e-07 S 0.9999 | buf 200000 | 42091s
ep 79380 | dynL 0.302 polR 1.154e+00 info 1.891e-01 | train C 1.01e-05 S 0.999 | EVAL C 1.901e-07 S 0.9999 | buf 200000 | 42227s
ep 79632 | dynL 0.301 polR 1.169e+00 info 1.284e-01 | train C 8.80e-06 S 0.999 | EVAL C 1.784e-07 S 0.9999 | buf 200000 | 42365s
ep 79884 | dynL 0.303 polR 1.159e+00 info 1.730e-01 | train C 2.52e-05 S 0.997 | EVAL C 2.641e-07 S 0.9999 | buf 200000 | 42501s
[infogain] saved replay buffer (200000 transitions) -> logs/po4ncpa_probe_logscratch/replay_buffer.npz (5.0s)
ep 80136 | dynL 0.305 polR 1.152e+00 info 1.265e-01 | train C 9.17e-06 S 0.999 | EVAL C 1.789e-07 S 0.9999 | buf 200000 | 42643s
ep 80388 | dynL 0.301 polR 1.175e+00 info 1.687e-01 | train C 1.10e-05 S 0.998 | EVAL C 1.704e-07 S 0.9999 | buf 200000 | 42779s
ep 80640 | dynL 0.304 polR 1.201e+00 info 1.191e-01 | train C 2.02e-05 S 0.998 | EVAL C 2.045e-07 S 0.9999 | buf 200000 | 42916s
ep 80892 | dynL 0.302 polR 1.142e+00 info 1.895e-01 | train C 1.13e-05 S 0.999 | EVAL C 2.131e-07 S 0.9999 | buf 200000 | 43053s
ep 81144 | dynL 0.303 polR 1.095e+00 info 2.575e-01 | train C 3.46e-06 S 0.999 | EVAL C 2.244e-07 S 0.9999 | buf 200000 | 43191s
ep 81396 | dynL 0.304 polR 1.136e+00 info 1.913e-01 | train C 1.45e-05 S 0.997 | EVAL C 2.287e-07 S 0.9999 | buf 200000 | 43329s
ep 81648 | dynL 0.301 polR 1.157e+00 info 1.611e-01 | train C 1.00e-05 S 0.998 | EVAL C 1.868e-07 S 0.9999 | buf 200000 | 43466s
ep 81900 | dynL 0.304 polR 1.125e+00 info 1.948e-01 | train C 1.36e-05 S 0.998 | EVAL C 2.145e-07 S 0.9999 | buf 200000 | 43603s
ep 82152 | dynL 0.302 polR 1.150e+00 info 2.214e-01 | train C 1.83e-05 S 0.998 | EVAL C 2.139e-07 S 0.9999 | buf 200000 | 43740s
ep 82404 | dynL 0.303 polR 1.149e+00 info 1.659e-01 | train C 5.66e-06 S 0.999 | EVAL C 1.811e-07 S 0.9999 | buf 200000 | 43876s
ep 82656 | dynL 0.303 polR 1.137e+00 info 1.878e-01 | train C 1.66e-05 S 0.998 | EVAL C 2.159e-07 S 0.9999 | buf 200000 | 44013s
ep 82908 | dynL 0.304 polR 1.180e+00 info 1.651e-01 | train C 1.53e-05 S 0.997 | EVAL C 2.107e-07 S 0.9999 | buf 200000 | 44149s
ep 83160 | dynL 0.303 polR 1.166e+00 info 1.784e-01 | train C 1.42e-05 S 0.998 | EVAL C 1.840e-07 S 0.9999 | buf 200000 | 44286s
ep 83412 | dynL 0.306 polR 1.191e+00 info 1.237e-01 | train C 6.92e-06 S 0.998 | EVAL C 1.987e-07 S 0.9999 | buf 200000 | 44422s
ep 83664 | dynL 0.303 polR 1.135e+00 info 2.057e-01 | train C 1.99e-05 S 0.997 | EVAL C 2.113e-07 S 0.9999 | buf 200000 | 44558s
ep 83916 | dynL 0.303 polR 1.175e+00 info 1.604e-01 | train C 1.19e-05 S 0.998 | EVAL C 2.193e-07 S 0.9999 | buf 200000 | 44695s
ep 84168 | dynL 0.303 polR 1.206e+00 info 1.237e-01 | train C 8.99e-06 S 0.998 | EVAL C 1.736e-07 S 0.9999 | buf 200000 | 44831s
ep 84420 | dynL 0.302 polR 1.115e+00 info 2.455e-01 | train C 9.66e-06 S 0.999 | EVAL C 2.033e-07 S 0.9999 | buf 200000 | 44968s
ep 84672 | dynL 0.301 polR 1.217e+00 info 1.224e-01 | train C 8.08e-06 S 0.999 | EVAL C 1.869e-07 S 0.9999 | buf 200000 | 45106s
ep 84924 | dynL 0.303 polR 1.222e+00 info 1.336e-01 | train C 1.06e-05 S 0.998 | EVAL C 1.966e-07 S 0.9999 | buf 200000 | 45244s
ep 85176 | dynL 0.302 polR 1.173e+00 info 2.030e-01 | train C 7.99e-06 S 0.999 | EVAL C 1.878e-07 S 0.9999 | buf 200000 | 45382s
ep 85428 | dynL 0.302 polR 1.203e+00 info 1.706e-01 | train C 9.32e-06 S 0.999 | EVAL C 2.026e-07 S 0.9999 | buf 200000 | 45518s
ep 85680 | dynL 0.305 polR 1.219e+00 info 1.560e-01 | train C 8.15e-06 S 0.999 | EVAL C 1.999e-07 S 0.9999 | buf 200000 | 45656s
ep 85932 | dynL 0.304 polR 1.170e+00 info 1.792e-01 | train C 3.22e-06 S 1.000 | EVAL C 1.665e-07 S 0.9999 | buf 200000 | 45794s
ep 86184 | dynL 0.302 polR 1.187e+00 info 1.879e-01 | train C 7.61e-06 S 0.998 | EVAL C 1.799e-07 S 0.9999 | buf 200000 | 45931s
ep 86436 | dynL 0.303 polR 1.197e+00 info 1.853e-01 | train C 1.33e-05 S 0.998 | EVAL C 1.376e-07 S 0.9999 | buf 200000 | 46069s
ep 86688 | dynL 0.303 polR 1.149e+00 info 2.199e-01 | train C 8.13e-06 S 0.999 | EVAL C 1.905e-07 S 0.9999 | buf 200000 | 46207s
ep 86940 | dynL 0.303 polR 1.201e+00 info 1.353e-01 | train C 7.16e-06 S 0.998 | EVAL C 1.685e-07 S 0.9999 | buf 200000 | 46345s
ep 87192 | dynL 0.303 polR 1.254e+00 info 1.117e-01 | train C 1.64e-05 S 0.998 | EVAL C 2.148e-07 S 0.9999 | buf 200000 | 46481s
ep 87444 | dynL 0.303 polR 1.225e+00 info 1.223e-01 | train C 8.80e-06 S 0.998 | EVAL C 1.776e-07 S 0.9999 | buf 200000 | 46618s
ep 87696 | dynL 0.304 polR 1.293e+00 info 8.790e-02 | train C 6.01e-06 S 0.999 | EVAL C 1.866e-07 S 0.9999 | buf 200000 | 46755s
ep 87948 | dynL 0.304 polR 1.236e+00 info 1.395e-01 | train C 8.20e-06 S 0.999 | EVAL C 1.553e-07 S 0.9999 | buf 200000 | 46892s
ep 88200 | dynL 0.300 polR 1.209e+00 info 1.544e-01 | train C 9.87e-06 S 0.999 | EVAL C 1.840e-07 S 0.9999 | buf 200000 | 47029s
ep 88452 | dynL 0.303 polR 1.189e+00 info 1.999e-01 | train C 9.10e-06 S 0.999 | EVAL C 1.731e-07 S 0.9999 | buf 200000 | 47166s
ep 88704 | dynL 0.304 polR 1.236e+00 info 1.529e-01 | train C 8.30e-06 S 0.999 | EVAL C 1.982e-07 S 0.9999 | buf 200000 | 47305s
ep 88956 | dynL 0.305 polR 1.238e+00 info 1.221e-01 | train C 9.69e-06 S 0.998 | EVAL C 1.889e-07 S 0.9999 | buf 200000 | 47442s
ep 89208 | dynL 0.304 polR 1.255e+00 info 1.176e-01 | train C 1.05e-05 S 0.998 | EVAL C 1.628e-07 S 0.9999 | buf 200000 | 47580s
ep 89460 | dynL 0.302 polR 1.223e+00 info 1.652e-01 | train C 5.03e-06 S 0.999 | EVAL C 1.647e-07 S 0.9999 | buf 200000 | 47718s
ep 89712 | dynL 0.305 polR 1.197e+00 info 1.872e-01 | train C 1.16e-05 S 0.999 | EVAL C 2.068e-07 S 0.9999 | buf 200000 | 47855s
ep 89964 | dynL 0.303 polR 1.246e+00 info 1.557e-01 | train C 1.11e-05 S 0.999 | EVAL C 1.818e-07 S 0.9999 | buf 200000 | 47991s
[infogain] saved replay buffer (200000 transitions) -> logs/po4ncpa_probe_logscratch/replay_buffer.npz (5.1s)
ep 90216 | dynL 0.305 polR 1.226e+00 info 1.459e-01 | train C 7.71e-06 S 0.999 | EVAL C 1.605e-07 S 0.9999 | buf 200000 | 48133s
ep 90468 | dynL 0.304 polR 1.207e+00 info 1.547e-01 | train C 6.05e-06 S 0.999 | EVAL C 1.489e-07 S 0.9999 | buf 200000 | 48270s
ep 90720 | dynL 0.303 polR 1.218e+00 info 1.871e-01 | train C 5.02e-06 S 0.999 | EVAL C 1.440e-07 S 0.9999 | buf 200000 | 48408s
ep 90972 | dynL 0.302 polR 1.241e+00 info 1.816e-01 | train C 1.02e-05 S 0.999 | EVAL C 1.647e-07 S 0.9999 | buf 200000 | 48545s
ep 91224 | dynL 0.302 polR 1.201e+00 info 1.938e-01 | train C 1.33e-05 S 0.999 | EVAL C 1.569e-07 S 0.9999 | buf 200000 | 48681s
ep 91476 | dynL 0.301 polR 1.300e+00 info 1.174e-01 | train C 4.15e-06 S 0.999 | EVAL C 1.495e-07 S 0.9999 | buf 200000 | 48817s
ep 91728 | dynL 0.306 polR 1.186e+00 info 1.982e-01 | train C 9.04e-06 S 0.998 | EVAL C 1.640e-07 S 0.9999 | buf 200000 | 48953s
ep 91980 | dynL 0.303 polR 1.221e+00 info 1.983e-01 | train C 6.11e-06 S 0.999 | EVAL C 1.588e-07 S 0.9999 | buf 200000 | 49091s
ep 92232 | dynL 0.303 polR 1.261e+00 info 1.426e-01 | train C 7.64e-06 S 0.999 | EVAL C 1.608e-07 S 0.9999 | buf 200000 | 49229s
ep 92484 | dynL 0.304 polR 1.246e+00 info 1.420e-01 | train C 5.40e-06 S 0.999 | EVAL C 1.843e-07 S 0.9999 | buf 200000 | 49365s
ep 92736 | dynL 0.302 polR 1.266e+00 info 1.528e-01 | train C 8.16e-06 S 0.998 | EVAL C 1.379e-07 S 0.9999 | buf 200000 | 49502s
ep 92988 | dynL 0.302 polR 1.245e+00 info 1.327e-01 | train C 7.13e-06 S 0.999 | EVAL C 1.539e-07 S 0.9999 | buf 200000 | 49638s
ep 93240 | dynL 0.301 polR 1.296e+00 info 1.204e-01 | train C 4.36e-06 S 0.999 | EVAL C 1.795e-07 S 0.9999 | buf 200000 | 49775s
ep 93492 | dynL 0.305 polR 1.330e+00 info 9.557e-02 | train C 5.28e-06 S 0.999 | EVAL C 1.325e-07 S 0.9999 | buf 200000 | 49914s
ep 93744 | dynL 0.299 polR 1.227e+00 info 2.158e-01 | train C 8.80e-06 S 0.998 | EVAL C 1.664e-07 S 0.9999 | buf 200000 | 50052s
ep 93996 | dynL 0.300 polR 1.234e+00 info 2.070e-01 | train C 3.64e-06 S 1.000 | EVAL C 1.613e-07 S 0.9999 | buf 200000 | 50190s
ep 94248 | dynL 0.302 polR 1.322e+00 info 1.290e-01 | train C 6.07e-06 S 0.999 | EVAL C 1.727e-07 S 0.9999 | buf 200000 | 50328s
ep 94500 | dynL 0.303 polR 1.215e+00 info 1.767e-01 | train C 8.28e-06 S 0.999 | EVAL C 1.639e-07 S 0.9999 | buf 200000 | 50464s
ep 94752 | dynL 0.304 polR 1.252e+00 info 1.839e-01 | train C 5.27e-06 S 0.999 | EVAL C 1.601e-07 S 0.9999 | buf 200000 | 50601s
ep 95004 | dynL 0.300 polR 1.228e+00 info 1.525e-01 | train C 9.09e-06 S 0.998 | EVAL C 1.336e-07 S 0.9999 | buf 200000 | 50738s
ep 95256 | dynL 0.301 polR 1.226e+00 info 1.590e-01 | train C 5.79e-06 S 0.999 | EVAL C 1.330e-07 S 0.9999 | buf 200000 | 50875s
ep 95508 | dynL 0.302 polR 1.303e+00 info 1.520e-01 | train C 6.59e-06 S 0.999 | EVAL C 1.405e-07 S 0.9999 | buf 200000 | 51013s
ep 95760 | dynL 0.301 polR 1.338e+00 info 8.994e-02 | train C 5.16e-06 S 0.999 | EVAL C 1.420e-07 S 0.9999 | buf 200000 | 51150s
ep 96012 | dynL 0.303 polR 1.295e+00 info 1.275e-01 | train C 7.17e-06 S 0.999 | EVAL C 1.527e-07 S 0.9999 | buf 200000 | 51288s
ep 96264 | dynL 0.300 polR 1.287e+00 info 1.357e-01 | train C 1.24e-05 S 0.999 | EVAL C 1.636e-07 S 0.9999 | buf 200000 | 51426s
ep 96516 | dynL 0.302 polR 1.234e+00 info 1.748e-01 | train C 7.24e-06 S 0.999 | EVAL C 1.735e-07 S 0.9999 | buf 200000 | 51563s
ep 96768 | dynL 0.300 polR 1.294e+00 info 1.521e-01 | train C 5.79e-06 S 1.000 | EVAL C 1.545e-07 S 0.9999 | buf 200000 | 51699s
ep 97020 | dynL 0.299 polR 1.272e+00 info 1.349e-01 | train C 5.28e-06 S 0.999 | EVAL C 1.458e-07 S 0.9999 | buf 200000 | 51837s
ep 97272 | dynL 0.303 polR 1.305e+00 info 1.439e-01 | train C 5.78e-06 S 0.999 | EVAL C 1.478e-07 S 0.9999 | buf 200000 | 51974s
ep 97524 | dynL 0.300 polR 1.258e+00 info 1.877e-01 | train C 7.05e-06 S 0.998 | EVAL C 1.448e-07 S 0.9999 | buf 200000 | 52111s
ep 97776 | dynL 0.301 polR 1.279e+00 info 1.963e-01 | train C 6.47e-06 S 0.999 | EVAL C 1.549e-07 S 0.9999 | buf 200000 | 52248s
ep 98028 | dynL 0.300 polR 1.210e+00 info 2.014e-01 | train C 4.88e-06 S 0.999 | EVAL C 1.646e-07 S 0.9999 | buf 200000 | 52386s
ep 98280 | dynL 0.301 polR 1.331e+00 info 1.293e-01 | train C 5.04e-06 S 0.999 | EVAL C 1.936e-07 S 0.9999 | buf 200000 | 52523s
ep 98532 | dynL 0.297 polR 1.270e+00 info 1.382e-01 | train C 6.14e-06 S 0.999 | EVAL C 1.540e-07 S 0.9999 | buf 200000 | 52661s
ep 98784 | dynL 0.299 polR 1.299e+00 info 1.657e-01 | train C 5.32e-06 S 0.999 | EVAL C 1.669e-07 S 0.9999 | buf 200000 | 52798s
ep 99036 | dynL 0.300 polR 1.274e+00 info 1.869e-01 | train C 6.48e-06 S 0.999 | EVAL C 1.773e-07 S 0.9999 | buf 200000 | 52934s
ep 99288 | dynL 0.301 polR 1.282e+00 info 1.652e-01 | train C 3.09e-06 S 1.000 | EVAL C 1.371e-07 S 0.9999 | buf 200000 | 53072s
ep 99540 | dynL 0.300 polR 1.311e+00 info 1.348e-01 | train C 8.37e-06 S 0.999 | EVAL C 1.203e-07 S 0.9999 | buf 200000 | 53210s
ep 99792 | dynL 0.300 polR 1.230e+00 info 1.993e-01 | train C 5.11e-06 S 0.999 | EVAL C 1.530e-07 S 0.9999 | buf 200000 | 53347s
ep 100044 | dynL 0.300 polR 1.277e+00 info 1.735e-01 | train C 2.69e-06 S 1.000 | EVAL C 1.854e-07 S 0.9999 | buf 200000 | 53485s
[infogain] saved replay buffer (200000 transitions) -> logs/po4ncpa_probe_logscratch/replay_buffer.npz (5.1s)
ep 100296 | dynL 0.303 polR 1.291e+00 info 1.599e-01 | train C 6.33e-06 S 0.999 | EVAL C 1.354e-07 S 0.9999 | buf 200000 | 53628s
ep 100548 | dynL 0.300 polR 1.240e+00 info 2.098e-01 | train C 5.25e-06 S 0.999 | EVAL C 1.797e-07 S 0.9999 | buf 200000 | 53764s
ep 100800 | dynL 0.298 polR 1.314e+00 info 1.713e-01 | train C 5.40e-06 S 0.999 | EVAL C 1.462e-07 S 0.9999 | buf 200000 | 53901s
ep 101052 | dynL 0.299 polR 1.342e+00 info 1.306e-01 | train C 7.85e-06 S 0.999 | EVAL C 1.642e-07 S 0.9999 | buf 200000 | 54039s
ep 101304 | dynL 0.300 polR 1.360e+00 info 1.552e-01 | train C 5.55e-06 S 0.999 | EVAL C 1.550e-07 S 0.9999 | buf 200000 | 54176s
ep 101556 | dynL 0.300 polR 1.272e+00 info 1.922e-01 | train C 8.21e-06 S 0.998 | EVAL C 1.507e-07 S 0.9999 | buf 200000 | 54313s
ep 101808 | dynL 0.299 polR 1.346e+00 info 1.409e-01 | train C 5.51e-06 S 0.999 | EVAL C 1.729e-07 S 0.9999 | buf 200000 | 54450s
ep 102060 | dynL 0.300 polR 1.277e+00 info 1.752e-01 | train C 6.20e-06 S 0.999 | EVAL C 1.363e-07 S 0.9999 | buf 200000 | 54588s
ep 102312 | dynL 0.301 polR 1.344e+00 info 1.248e-01 | train C 4.97e-06 S 0.999 | EVAL C 1.645e-07 S 0.9999 | buf 200000 | 54725s
ep 102564 | dynL 0.299 polR 1.238e+00 info 2.186e-01 | train C 6.65e-06 S 0.998 | EVAL C 1.843e-07 S 0.9999 | buf 200000 | 54862s
ep 102816 | dynL 0.300 polR 1.356e+00 info 1.177e-01 | train C 5.77e-06 S 0.999 | EVAL C 2.047e-07 S 0.9999 | buf 200000 | 54998s
ep 103068 | dynL 0.298 polR 1.390e+00 info 9.247e-02 | train C 7.36e-06 S 0.999 | EVAL C 1.612e-07 S 0.9999 | buf 200000 | 55135s
ep 103320 | dynL 0.297 polR 1.333e+00 info 1.459e-01 | train C 4.24e-06 S 0.999 | EVAL C 1.594e-07 S 0.9999 | buf 200000 | 55273s
ep 103572 | dynL 0.302 polR 1.279e+00 info 2.123e-01 | train C 4.13e-06 S 1.000 | EVAL C 1.088e-07 S 0.9999 | buf 200000 | 55411s
ep 103824 | dynL 0.298 polR 1.395e+00 info 1.143e-01 | train C 3.96e-06 S 0.999 | EVAL C 1.428e-07 S 0.9999 | buf 200000 | 55549s
ep 104076 | dynL 0.300 polR 1.379e+00 info 1.371e-01 | train C 4.16e-06 S 0.999 | EVAL C 1.636e-07 S 0.9999 | buf 200000 | 55687s
ep 104328 | dynL 0.295 polR 1.378e+00 info 1.099e-01 | train C 3.56e-06 S 1.000 | EVAL C 1.401e-07 S 0.9999 | buf 200000 | 55826s
ep 104580 | dynL 0.297 polR 1.318e+00 info 1.795e-01 | train C 6.29e-06 S 0.999 | EVAL C 1.234e-07 S 0.9999 | buf 200000 | 55963s
ep 104832 | dynL 0.300 polR 1.373e+00 info 1.263e-01 | train C 3.12e-06 S 0.999 | EVAL C 1.538e-07 S 0.9999 | buf 200000 | 56100s
ep 105084 | dynL 0.295 polR 1.409e+00 info 1.024e-01 | train C 5.44e-06 S 0.999 | EVAL C 1.695e-07 S 0.9999 | buf 200000 | 56237s
ep 105336 | dynL 0.297 polR 1.413e+00 info 8.918e-02 | train C 3.24e-06 S 1.000 | EVAL C 1.488e-07 S 0.9999 | buf 200000 | 56374s
ep 105588 | dynL 0.298 polR 1.332e+00 info 1.581e-01 | train C 5.12e-06 S 0.999 | EVAL C 1.041e-07 S 0.9999 | buf 200000 | 56510s
ep 105840 | dynL 0.302 polR 1.406e+00 info 1.091e-01 | train C 5.62e-06 S 0.999 | EVAL C 1.261e-07 S 0.9999 | buf 200000 | 56649s
ep 106092 | dynL 0.300 polR 1.421e+00 info 8.556e-02 | train C 7.69e-06 S 0.999 | EVAL C 1.317e-07 S 0.9999 | buf 200000 | 56787s
ep 106344 | dynL 0.298 polR 1.350e+00 info 1.482e-01 | train C 4.45e-06 S 1.000 | EVAL C 1.384e-07 S 0.9999 | buf 200000 | 56924s
ep 106596 | dynL 0.299 polR 1.385e+00 info 1.124e-01 | train C 4.05e-06 S 0.999 | EVAL C 1.108e-07 S 0.9999 | buf 200000 | 57061s
ep 106848 | dynL 0.296 polR 1.353e+00 info 1.570e-01 | train C 4.62e-06 S 0.999 | EVAL C 9.593e-08 S 0.9999 | buf 200000 | 57199s
ep 107100 | dynL 0.297 polR 1.410e+00 info 1.123e-01 | train C 5.61e-06 S 1.000 | EVAL C 1.085e-07 S 0.9999 | buf 200000 | 57336s
ep 107352 | dynL 0.298 polR 1.291e+00 info 2.098e-01 | train C 3.57e-06 S 0.999 | EVAL C 1.056e-07 S 0.9999 | buf 200000 | 57474s
ep 107604 | dynL 0.297 polR 1.393e+00 info 1.089e-01 | train C 2.52e-06 S 0.999 | EVAL C 1.095e-07 S 0.9999 | buf 200000 | 57611s
ep 107856 | dynL 0.298 polR 1.351e+00 info 1.752e-01 | train C 3.42e-06 S 1.000 | EVAL C 1.295e-07 S 0.9999 | buf 200000 | 57748s
ep 108108 | dynL 0.297 polR 1.416e+00 info 1.100e-01 | train C 4.93e-06 S 0.999 | EVAL C 1.157e-07 S 0.9999 | buf 200000 | 57886s
ep 108360 | dynL 0.300 polR 1.374e+00 info 1.761e-01 | train C 5.79e-06 S 0.999 | EVAL C 1.177e-07 S 0.9999 | buf 200000 | 58024s
ep 108612 | dynL 0.296 polR 1.451e+00 info 1.130e-01 | train C 5.78e-06 S 0.999 | EVAL C 1.151e-07 S 0.9999 | buf 200000 | 58161s
ep 108864 | dynL 0.294 polR 1.446e+00 info 1.054e-01 | train C 6.58e-06 S 0.999 | EVAL C 1.060e-07 S 0.9999 | buf 200000 | 58298s
ep 109116 | dynL 0.296 polR 1.402e+00 info 1.535e-01 | train C 5.44e-06 S 0.999 | EVAL C 9.591e-08 S 0.9999 | buf 200000 | 58436s
ep 109368 | dynL 0.298 polR 1.305e+00 info 1.836e-01 | train C 4.52e-06 S 0.999 | EVAL C 1.135e-07 S 0.9999 | buf 200000 | 58574s
ep 109620 | dynL 0.295 polR 1.401e+00 info 1.483e-01 | train C 3.80e-06 S 0.999 | EVAL C 8.851e-08 S 0.9999 | buf 200000 | 58713s
ep 109872 | dynL 0.296 polR 1.413e+00 info 1.507e-01 | train C 5.17e-06 S 0.999 | EVAL C 9.965e-08 S 0.9999 | buf 200000 | 58850s
[infogain] saved replay buffer (200000 transitions) -> logs/po4ncpa_probe_logscratch/replay_buffer.npz (5.0s)
ep 110124 | dynL 0.296 polR 1.370e+00 info 1.491e-01 | train C 2.32e-06 S 1.000 | EVAL C 9.021e-08 S 0.9999 | buf 200000 | 58993s
ep 110376 | dynL 0.297 polR 1.370e+00 info 1.645e-01 | train C 3.19e-06 S 0.999 | EVAL C 8.930e-08 S 0.9999 | buf 200000 | 59131s
ep 110628 | dynL 0.296 polR 1.437e+00 info 1.363e-01 | train C 3.31e-06 S 1.000 | EVAL C 1.058e-07 S 0.9999 | buf 200000 | 59269s
ep 110880 | dynL 0.296 polR 1.412e+00 info 1.471e-01 | train C 2.49e-06 S 0.999 | EVAL C 1.161e-07 S 0.9999 | buf 200000 | 59407s
ep 111132 | dynL 0.296 polR 1.398e+00 info 1.691e-01 | train C 3.71e-06 S 0.999 | EVAL C 1.045e-07 S 0.9999 | buf 200000 | 59544s
ep 111384 | dynL 0.296 polR 1.458e+00 info 1.086e-01 | train C 2.84e-06 S 1.000 | EVAL C 9.683e-08 S 0.9999 | buf 200000 | 59681s
ep 111636 | dynL 0.299 polR 1.462e+00 info 1.121e-01 | train C 3.21e-06 S 1.000 | EVAL C 8.713e-08 S 0.9999 | buf 200000 | 59819s
ep 111888 | dynL 0.295 polR 1.442e+00 info 1.364e-01 | train C 3.18e-06 S 1.000 | EVAL C 8.069e-08 S 0.9999 | buf 200000 | 59956s
ep 112140 | dynL 0.297 polR 1.422e+00 info 1.746e-01 | train C 1.56e-06 S 1.000 | EVAL C 9.967e-08 S 0.9999 | buf 200000 | 60094s
ep 112392 | dynL 0.297 polR 1.486e+00 info 8.444e-02 | train C 2.61e-06 S 0.999 | EVAL C 9.284e-08 S 0.9999 | buf 200000 | 60232s
ep 112644 | dynL 0.297 polR 1.438e+00 info 1.202e-01 | train C 1.95e-06 S 1.000 | EVAL C 1.024e-07 S 0.9999 | buf 200000 | 60368s
ep 112896 | dynL 0.296 polR 1.461e+00 info 1.289e-01 | train C 2.22e-06 S 1.000 | EVAL C 8.426e-08 S 0.9999 | buf 200000 | 60506s
ep 113148 | dynL 0.294 polR 1.413e+00 info 1.623e-01 | train C 4.02e-06 S 0.999 | EVAL C 9.039e-08 S 0.9999 | buf 200000 | 60642s
ep 113400 | dynL 0.296 polR 1.354e+00 info 1.926e-01 | train C 1.98e-06 S 1.000 | EVAL C 9.615e-08 S 0.9999 | buf 200000 | 60779s
ep 113652 | dynL 0.295 polR 1.464e+00 info 1.455e-01 | train C 3.49e-06 S 0.999 | EVAL C 8.084e-08 S 0.9999 | buf 200000 | 60916s
ep 113904 | dynL 0.294 polR 1.487e+00 info 9.810e-02 | train C 2.31e-06 S 0.999 | EVAL C 8.442e-08 S 0.9999 | buf 200000 | 61053s
ep 114156 | dynL 0.296 polR 1.431e+00 info 1.625e-01 | train C 4.33e-06 S 0.999 | EVAL C 9.019e-08 S 0.9999 | buf 200000 | 61191s
ep 114408 | dynL 0.295 polR 1.382e+00 info 1.989e-01 | train C 2.26e-06 S 1.000 | EVAL C 8.567e-08 S 0.9999 | buf 200000 | 61327s
ep 114660 | dynL 0.291 polR 1.440e+00 info 1.756e-01 | train C 4.02e-06 S 0.999 | EVAL C 8.124e-08 S 0.9999 | buf 200000 | 61464s
ep 114912 | dynL 0.296 polR 1.400e+00 info 1.905e-01 | train C 2.51e-06 S 0.999 | EVAL C 8.054e-08 S 0.9999 | buf 200000 | 61601s
ep 115164 | dynL 0.291 polR 1.409e+00 info 1.758e-01 | train C 4.48e-06 S 0.999 | EVAL C 8.449e-08 S 0.9999 | buf 200000 | 61739s
ep 115416 | dynL 0.295 polR 1.483e+00 info 1.324e-01 | train C 2.62e-06 S 1.000 | EVAL C 9.615e-08 S 0.9999 | buf 200000 | 61877s
ep 115668 | dynL 0.291 polR 1.484e+00 info 1.044e-01 | train C 1.45e-06 S 1.000 | EVAL C 6.851e-08 S 0.9999 | buf 200000 | 62014s
ep 115920 | dynL 0.292 polR 1.454e+00 info 1.576e-01 | train C 3.44e-06 S 0.999 | EVAL C 8.202e-08 S 0.9999 | buf 200000 | 62151s
ep 116172 | dynL 0.294 polR 1.457e+00 info 1.495e-01 | train C 2.24e-06 S 1.000 | EVAL C 8.609e-08 S 0.9999 | buf 200000 | 62287s
ep 116424 | dynL 0.294 polR 1.458e+00 info 1.354e-01 | train C 2.50e-06 S 1.000 | EVAL C 8.218e-08 S 0.9999 | buf 200000 | 62423s
ep 116676 | dynL 0.292 polR 1.391e+00 info 1.843e-01 | train C 1.73e-06 S 1.000 | EVAL C 7.986e-08 S 0.9999 | buf 200000 | 62560s
ep 116928 | dynL 0.289 polR 1.475e+00 info 1.336e-01 | train C 2.35e-06 S 0.999 | EVAL C 8.898e-08 S 0.9999 | buf 200000 | 62696s
ep 117180 | dynL 0.293 polR 1.499e+00 info 1.217e-01 | train C 1.52e-06 S 1.000 | EVAL C 7.409e-08 S 0.9999 | buf 200000 | 62831s
ep 117432 | dynL 0.293 polR 1.521e+00 info 1.136e-01 | train C 2.37e-06 S 0.999 | EVAL C 7.425e-08 S 0.9999 | buf 200000 | 62968s
ep 117684 | dynL 0.293 polR 1.519e+00 info 1.283e-01 | train C 1.89e-06 S 1.000 | EVAL C 8.003e-08 S 0.9999 | buf 200000 | 63106s
ep 117936 | dynL 0.292 polR 1.392e+00 info 2.034e-01 | train C 1.72e-06 S 1.000 | EVAL C 7.980e-08 S 0.9999 | buf 200000 | 63242s
ep 118188 | dynL 0.294 polR 1.506e+00 info 1.230e-01 | train C 4.23e-06 S 0.999 | EVAL C 7.218e-08 S 0.9999 | buf 200000 | 63377s
ep 118440 | dynL 0.291 polR 1.535e+00 info 1.083e-01 | train C 1.63e-06 S 1.000 | EVAL C 8.451e-08 S 0.9999 | buf 200000 | 63513s
ep 118692 | dynL 0.291 polR 1.462e+00 info 1.838e-01 | train C 1.84e-06 S 1.000 | EVAL C 7.464e-08 S 0.9999 | buf 200000 | 63650s
ep 118944 | dynL 0.290 polR 1.586e+00 info 9.276e-02 | train C 4.02e-06 S 1.000 | EVAL C 7.876e-08 S 0.9999 | buf 200000 | 63786s
ep 119196 | dynL 0.286 polR 1.506e+00 info 1.649e-01 | train C 2.84e-06 S 0.999 | EVAL C 7.013e-08 S 0.9999 | buf 200000 | 63923s
ep 119448 | dynL 0.288 polR 1.470e+00 info 1.497e-01 | train C 3.11e-06 S 0.999 | EVAL C 8.556e-08 S 0.9999 | buf 200000 | 64059s
ep 119700 | dynL 0.291 polR 1.593e+00 info 9.473e-02 | train C 2.31e-06 S 1.000 | EVAL C 7.002e-08 S 0.9999 | buf 200000 | 64197s
ep 119952 | dynL 0.293 polR 1.473e+00 info 1.661e-01 | train C 3.10e-06 S 0.999 | EVAL C 7.005e-08 S 0.9999 | buf 200000 | 64333s
ep 120000 | dynL 0.290 polR 1.536e+00 info 1.229e-01 | train C 2.45e-06 S 0.998 | EVAL C 8.193e-08 S 0.9999 | buf 200000 | 64374s
[infogain] saved replay buffer (200000 transitions) -> logs/po4ncpa_probe_logscratch/replay_buffer.npz (4.9s)
[infogain] done in 64381s
=== PO4NCPA LOG-REWARD FROM SCRATCH DONE ===
