y: [[-1.3895126e-01 -1.5658002e-01  1.6532339e-01 ... -2.2239314e-02
  -4.3453347e-02  4.3984025e-07]
 [ 1.2751625e-01 -7.1113087e-02  5.0607270e-01 ... -4.7732801e-03
  -2.4430084e-03  3.4758642e-07]
 [-9.0724222e-02  6.8425107e-01 -2.4007499e-01 ...  1.1033024e-02
  -5.3200603e-02  5.6608258e-07]
 ...
 [ 3.5954943e-01  8.5624568e-02  2.0162067e-01 ... -2.3929510e-01
  -1.3681347e-02  5.6884181e-07]
 [-2.1985236e-03 -3.1457874e-01  3.0301398e-01 ... -2.6388319e-02
   3.6201820e-02  5.0103807e-07]
 [-1.4182192e-02  3.2343617e-01  4.8834273e-01 ...  1.4884641e-02
  -1.8656050e-01  4.3761298e-07]]
Dataset loaded: N=100000 (original 100000), C=3, H=28, W=28, y_dim=26
using device: cpu
Epoch 1/1250 - train 0.391774 - val 0.340007
Epoch 2/1250 - train 0.325330 - val 0.318378
Epoch 3/1250 - train 0.308068 - val 0.308639
Epoch 4/1250 - train 0.296937 - val 0.297266
Epoch 5/1250 - train 0.289749 - val 0.295414
Epoch 6/1250 - train 0.283861 - val 0.290308
Epoch 7/1250 - train 0.279103 - val 0.287589
Epoch 8/1250 - train 0.275342 - val 0.283394
Epoch 9/1250 - train 0.272374 - val 0.283238
Epoch 10/1250 - train 0.270282 - val 0.277702
Epoch 11/1250 - train 0.267065 - val 0.279030
Epoch 12/1250 - train 0.264870 - val 0.275701
Epoch 13/1250 - train 0.263279 - val 0.276815
Epoch 14/1250 - train 0.261701 - val 0.278278
Epoch 15/1250 - train 0.259843 - val 0.273202
Epoch 16/1250 - train 0.258327 - val 0.274355
Epoch 17/1250 - train 0.256855 - val 0.273637
Epoch 18/1250 - train 0.255854 - val 0.270509
Epoch 19/1250 - train 0.254706 - val 0.270024
Epoch 20/1250 - train 0.252898 - val 0.269373
Epoch 21/1250 - train 0.252179 - val 0.268413
Epoch 22/1250 - train 0.250869 - val 0.269354
Epoch 23/1250 - train 0.250075 - val 0.268857
Epoch 24/1250 - train 0.249050 - val 0.270610
Epoch 25/1250 - train 0.248119 - val 0.268116
Epoch 26/1250 - train 0.247157 - val 0.267214
Epoch 27/1250 - train 0.246320 - val 0.266040
Epoch 28/1250 - train 0.245260 - val 0.268549
Epoch 29/1250 - train 0.244571 - val 0.264947
Epoch 30/1250 - train 0.243415 - val 0.264068
Epoch 31/1250 - train 0.243254 - val 0.262492
Epoch 32/1250 - train 0.241851 - val 0.262448
Epoch 33/1250 - train 0.241480 - val 0.262532
Epoch 34/1250 - train 0.240535 - val 0.263354
Epoch 35/1250 - train 0.240162 - val 0.261413
Epoch 36/1250 - train 0.238860 - val 0.261426
Epoch 37/1250 - train 0.238848 - val 0.262749
Epoch 38/1250 - train 0.238274 - val 0.259772
Epoch 39/1250 - train 0.237335 - val 0.261173
Epoch 40/1250 - train 0.236957 - val 0.259689
Epoch 41/1250 - train 0.236183 - val 0.259002
Epoch 42/1250 - train 0.235376 - val 0.257982
Epoch 43/1250 - train 0.235209 - val 0.258273
Epoch 44/1250 - train 0.234430 - val 0.258025
Epoch 45/1250 - train 0.233495 - val 0.260703
Epoch 46/1250 - train 0.233399 - val 0.259435
Epoch 47/1250 - train 0.233456 - val 0.256579
Epoch 48/1250 - train 0.232356 - val 0.255887
Epoch 49/1250 - train 0.231772 - val 0.255400
Epoch 50/1250 - train 0.231249 - val 0.258850
Epoch 51/1250 - train 0.231406 - val 0.257215
Epoch 52/1250 - train 0.230422 - val 0.257198
Epoch 53/1250 - train 0.229986 - val 0.255434
Epoch 54/1250 - train 0.229679 - val 0.257787
Epoch 55/1250 - train 0.229162 - val 0.255218
Epoch 56/1250 - train 0.228735 - val 0.259602
Epoch 57/1250 - train 0.228260 - val 0.256028
Epoch 58/1250 - train 0.227888 - val 0.256401
Epoch 59/1250 - train 0.227336 - val 0.254895
Epoch 60/1250 - train 0.227110 - val 0.257805
Epoch 61/1250 - train 0.226783 - val 0.253515
Epoch 62/1250 - train 0.226528 - val 0.254619
Epoch 63/1250 - train 0.226060 - val 0.255933
Epoch 64/1250 - train 0.225759 - val 0.255009
Epoch 65/1250 - train 0.224979 - val 0.254651
Epoch 66/1250 - train 0.224966 - val 0.253058
Epoch 67/1250 - train 0.224032 - val 0.254962
Epoch 68/1250 - train 0.223976 - val 0.252794
Epoch 69/1250 - train 0.223830 - val 0.251728
Epoch 70/1250 - train 0.223477 - val 0.253523
Epoch 71/1250 - train 0.222828 - val 0.256290
Epoch 72/1250 - train 0.222702 - val 0.253252
Epoch 73/1250 - train 0.222351 - val 0.252639
Epoch 74/1250 - train 0.222318 - val 0.252818
Epoch 75/1250 - train 0.221514 - val 0.251016
Epoch 76/1250 - train 0.221351 - val 0.251730
Epoch 77/1250 - train 0.220982 - val 0.252744
Epoch 78/1250 - train 0.220839 - val 0.251609
Epoch 79/1250 - train 0.219661 - val 0.252009
Epoch 80/1250 - train 0.220039 - val 0.255604
Epoch 81/1250 - train 0.219556 - val 0.251701
Epoch 82/1250 - train 0.219517 - val 0.251793
Epoch 83/1250 - train 0.219185 - val 0.252612
Epoch 84/1250 - train 0.218673 - val 0.250065
Epoch 85/1250 - train 0.218231 - val 0.251450
Epoch 86/1250 - train 0.218077 - val 0.251264
Epoch 87/1250 - train 0.218007 - val 0.254048
Epoch 88/1250 - train 0.217476 - val 0.250031
Epoch 89/1250 - train 0.217413 - val 0.250269
Epoch 90/1250 - train 0.217023 - val 0.250938
Epoch 91/1250 - train 0.216524 - val 0.251473
Epoch 92/1250 - train 0.215980 - val 0.251990
Epoch 93/1250 - train 0.216150 - val 0.252407
Epoch 94/1250 - train 0.216325 - val 0.249405
Epoch 95/1250 - train 0.215038 - val 0.251273
Epoch 96/1250 - train 0.215437 - val 0.251838
Epoch 97/1250 - train 0.214967 - val 0.251853
Epoch 98/1250 - train 0.214591 - val 0.250358
Epoch 99/1250 - train 0.214705 - val 0.248679
Epoch 100/1250 - train 0.214185 - val 0.249790
Epoch 101/1250 - train 0.213889 - val 0.250445
Epoch 102/1250 - train 0.213255 - val 0.249324
Epoch 103/1250 - train 0.213219 - val 0.249666
Epoch 104/1250 - train 0.213183 - val 0.251651
Epoch 105/1250 - train 0.212501 - val 0.249433
Epoch 106/1250 - train 0.212675 - val 0.249531
Epoch 107/1250 - train 0.212261 - val 0.249254
Epoch 108/1250 - train 0.212326 - val 0.250415
Epoch 109/1250 - train 0.211766 - val 0.248848
Epoch 110/1250 - train 0.211225 - val 0.249342
Epoch 111/1250 - train 0.211158 - val 0.249034
Epoch 112/1250 - train 0.211132 - val 0.248934
Epoch 113/1250 - train 0.210874 - val 0.249792
Epoch 114/1250 - train 0.210727 - val 0.251211
Epoch 115/1250 - train 0.210059 - val 0.248826
Epoch 116/1250 - train 0.210098 - val 0.249216
Epoch 117/1250 - train 0.209961 - val 0.248505
Epoch 118/1250 - train 0.209974 - val 0.249731
Epoch 119/1250 - train 0.209337 - val 0.247876
Epoch 120/1250 - train 0.209193 - val 0.248176
Epoch 121/1250 - train 0.208526 - val 0.248947
Epoch 122/1250 - train 0.208342 - val 0.247934
Epoch 123/1250 - train 0.208603 - val 0.247273
Epoch 124/1250 - train 0.208333 - val 0.249885
Epoch 125/1250 - train 0.207964 - val 0.248705
Epoch 126/1250 - train 0.207865 - val 0.250674
Epoch 127/1250 - train 0.207628 - val 0.248620
Epoch 128/1250 - train 0.207252 - val 0.247008
Epoch 129/1250 - train 0.207121 - val 0.247652
Epoch 130/1250 - train 0.206551 - val 0.248772
Epoch 131/1250 - train 0.206921 - val 0.248171
Epoch 132/1250 - train 0.206436 - val 0.248830
Epoch 133/1250 - train 0.206208 - val 0.249392
Epoch 134/1250 - train 0.206316 - val 0.248625
Epoch 135/1250 - train 0.205887 - val 0.247047
Epoch 136/1250 - train 0.205978 - val 0.246704
Epoch 137/1250 - train 0.205398 - val 0.249743
Epoch 138/1250 - train 0.205486 - val 0.248168
Epoch 139/1250 - train 0.204636 - val 0.247527
Epoch 140/1250 - train 0.204851 - val 0.249080
Epoch 141/1250 - train 0.204539 - val 0.248044
Epoch 142/1250 - train 0.204397 - val 0.248200
Epoch 143/1250 - train 0.204261 - val 0.251290
Epoch 144/1250 - train 0.204006 - val 0.248181
Epoch 145/1250 - train 0.203843 - val 0.252339
Epoch 146/1250 - train 0.203526 - val 0.249378
Epoch 147/1250 - train 0.203333 - val 0.249514
Epoch 148/1250 - train 0.203008 - val 0.247150
Epoch 149/1250 - train 0.203287 - val 0.249544
Epoch 150/1250 - train 0.202784 - val 0.247294
Epoch 151/1250 - train 0.202721 - val 0.247742
Epoch 152/1250 - train 0.202431 - val 0.248696
Epoch 153/1250 - train 0.202324 - val 0.248593
Epoch 154/1250 - train 0.202259 - val 0.248717
Epoch 155/1250 - train 0.201737 - val 0.247654
Epoch 156/1250 - train 0.201562 - val 0.248135
Epoch 157/1250 - train 0.201341 - val 0.248284
Epoch 158/1250 - train 0.201767 - val 0.248601
Epoch 159/1250 - train 0.201318 - val 0.250905
Epoch 160/1250 - train 0.201163 - val 0.250223
Epoch 161/1250 - train 0.200696 - val 0.248771
Epoch 162/1250 - train 0.200684 - val 0.249022
Epoch 163/1250 - train 0.200620 - val 0.249955
Epoch 164/1250 - train 0.199937 - val 0.249854
Epoch 165/1250 - train 0.200088 - val 0.247005
Epoch 166/1250 - train 0.199794 - val 0.248729
Epoch 167/1250 - train 0.199740 - val 0.251945
Epoch 168/1250 - train 0.199745 - val 0.250896
Epoch 169/1250 - train 0.199712 - val 0.248673
Epoch 170/1250 - train 0.199326 - val 0.247519
Epoch 171/1250 - train 0.198893 - val 0.249381
Epoch 172/1250 - train 0.198863 - val 0.248358
Epoch 173/1250 - train 0.198962 - val 0.247441
Epoch 174/1250 - train 0.199142 - val 0.251193
Epoch 175/1250 - train 0.198236 - val 0.246907
Epoch 176/1250 - train 0.198238 - val 0.252015
Epoch 177/1250 - train 0.198045 - val 0.249154
Epoch 178/1250 - train 0.197875 - val 0.249647
Epoch 179/1250 - train 0.197826 - val 0.248921
Epoch 180/1250 - train 0.197466 - val 0.249414
Epoch 181/1250 - train 0.197506 - val 0.251329
Epoch 182/1250 - train 0.197220 - val 0.248877
Epoch 183/1250 - train 0.197251 - val 0.251979
Epoch 184/1250 - train 0.197312 - val 0.249696
Epoch 185/1250 - train 0.197082 - val 0.250107
Epoch 186/1250 - train 0.196739 - val 0.250279
Epoch 187/1250 - train 0.196393 - val 0.249809
Epoch 188/1250 - train 0.196308 - val 0.248785
Epoch 189/1250 - train 0.196367 - val 0.248774
Epoch 190/1250 - train 0.196357 - val 0.251681
Epoch 191/1250 - train 0.195998 - val 0.249572
Epoch 192/1250 - train 0.196373 - val 0.250090
Epoch 193/1250 - train 0.195590 - val 0.251536
Epoch 194/1250 - train 0.195771 - val 0.249538
Epoch 195/1250 - train 0.195249 - val 0.253011
Epoch 196/1250 - train 0.195134 - val 0.250541
Epoch 197/1250 - train 0.195370 - val 0.252792
Epoch 198/1250 - train 0.195094 - val 0.249714
Epoch 199/1250 - train 0.194946 - val 0.251483
Epoch 200/1250 - train 0.194606 - val 0.250327
Epoch 201/1250 - train 0.194699 - val 0.250953
Epoch 202/1250 - train 0.194414 - val 0.251247
Epoch 203/1250 - train 0.194709 - val 0.252268
Epoch 204/1250 - train 0.194164 - val 0.253004
Epoch 205/1250 - train 0.194061 - val 0.251510
Epoch 206/1250 - train 0.194127 - val 0.250479
Epoch 207/1250 - train 0.193859 - val 0.250423
Epoch 208/1250 - train 0.193678 - val 0.251087
Epoch 209/1250 - train 0.193233 - val 0.249994
Epoch 210/1250 - train 0.193609 - val 0.252183
Epoch 211/1250 - train 0.193297 - val 0.251017
Epoch 212/1250 - train 0.193062 - val 0.249161
Epoch 213/1250 - train 0.193164 - val 0.250955
Epoch 214/1250 - train 0.193154 - val 0.250924
Epoch 215/1250 - train 0.192585 - val 0.250471
Epoch 216/1250 - train 0.192976 - val 0.253529
Epoch 217/1250 - train 0.192732 - val 0.251685
Epoch 218/1250 - train 0.192161 - val 0.252349
Epoch 219/1250 - train 0.192653 - val 0.252463
Epoch 220/1250 - train 0.192217 - val 0.252616
Epoch 221/1250 - train 0.192031 - val 0.252253
Epoch 222/1250 - train 0.191868 - val 0.253074
Epoch 223/1250 - train 0.192079 - val 0.249856
Epoch 224/1250 - train 0.191774 - val 0.252393
Epoch 225/1250 - train 0.191614 - val 0.250974
Epoch 226/1250 - train 0.191345 - val 0.250737
Epoch 227/1250 - train 0.191094 - val 0.251681
Epoch 228/1250 - train 0.191138 - val 0.253833
Epoch 229/1250 - train 0.191240 - val 0.251575
Epoch 230/1250 - train 0.190881 - val 0.254641
Epoch 231/1250 - train 0.191091 - val 0.255021
Epoch 232/1250 - train 0.190753 - val 0.251349
Epoch 233/1250 - train 0.190424 - val 0.252491
Epoch 234/1250 - train 0.190491 - val 0.252969
Epoch 235/1250 - train 0.190096 - val 0.256200
Epoch 236/1250 - train 0.190499 - val 0.251505
Epoch 237/1250 - train 0.190234 - val 0.252721
Epoch 238/1250 - train 0.190078 - val 0.254400
Epoch 239/1250 - train 0.189963 - val 0.253397
Epoch 240/1250 - train 0.189645 - val 0.251539
Epoch 241/1250 - train 0.189774 - val 0.252359
Epoch 242/1250 - train 0.189453 - val 0.254792
Epoch 243/1250 - train 0.189841 - val 0.253649
Epoch 244/1250 - train 0.188983 - val 0.252082
Epoch 245/1250 - train 0.189429 - val 0.256517
Epoch 246/1250 - train 0.189254 - val 0.256669
Epoch 247/1250 - train 0.188979 - val 0.252688
Epoch 248/1250 - train 0.188974 - val 0.255616
Epoch 249/1250 - train 0.189095 - val 0.255435
Epoch 250/1250 - train 0.188876 - val 0.252495
Epoch 251/1250 - train 0.188721 - val 0.252908
Epoch 252/1250 - train 0.188615 - val 0.253955
Epoch 253/1250 - train 0.188324 - val 0.255729
Epoch 254/1250 - train 0.188765 - val 0.255637
Epoch 255/1250 - train 0.188290 - val 0.254182
Epoch 256/1250 - train 0.188264 - val 0.255524
Epoch 257/1250 - train 0.188128 - val 0.254732
Epoch 258/1250 - train 0.187633 - val 0.254157
Epoch 259/1250 - train 0.188089 - val 0.256397
Epoch 260/1250 - train 0.187946 - val 0.254085
Epoch 261/1250 - train 0.187538 - val 0.253683
Epoch 262/1250 - train 0.187708 - val 0.254053
Epoch 263/1250 - train 0.187586 - val 0.254682
Epoch 264/1250 - train 0.187442 - val 0.255046
Epoch 265/1250 - train 0.187014 - val 0.253178
Epoch 266/1250 - train 0.187301 - val 0.255719
Epoch 267/1250 - train 0.187460 - val 0.254412
Epoch 268/1250 - train 0.187249 - val 0.259401
Epoch 269/1250 - train 0.187142 - val 0.255112
Epoch 270/1250 - train 0.186669 - val 0.256332
Epoch 271/1250 - train 0.186472 - val 0.255484
Epoch 272/1250 - train 0.186595 - val 0.255393
Epoch 273/1250 - train 0.186641 - val 0.255748
Epoch 274/1250 - train 0.186030 - val 0.256900
Epoch 275/1250 - train 0.186502 - val 0.256288
Epoch 276/1250 - train 0.186381 - val 0.254559
Epoch 277/1250 - train 0.185881 - val 0.258678
Epoch 278/1250 - train 0.186426 - val 0.256484
Epoch 279/1250 - train 0.186171 - val 0.254397
Epoch 280/1250 - train 0.186081 - val 0.254780
Epoch 281/1250 - train 0.185820 - val 0.255948
Epoch 282/1250 - train 0.185563 - val 0.255261
Epoch 283/1250 - train 0.185847 - val 0.254926
Epoch 284/1250 - train 0.185606 - val 0.255219
Epoch 285/1250 - train 0.185415 - val 0.257263
Epoch 286/1250 - train 0.185449 - val 0.253843
Epoch 287/1250 - train 0.185675 - val 0.255547
Epoch 288/1250 - train 0.185010 - val 0.256197
Epoch 289/1250 - train 0.184923 - val 0.256074
Epoch 290/1250 - train 0.184587 - val 0.256945
Epoch 291/1250 - train 0.184579 - val 0.257859
Epoch 292/1250 - train 0.184598 - val 0.258319
Epoch 293/1250 - train 0.184705 - val 0.255246
Epoch 294/1250 - train 0.184877 - val 0.256619
Epoch 295/1250 - train 0.184206 - val 0.259151
Epoch 296/1250 - train 0.184429 - val 0.258719
Epoch 297/1250 - train 0.184079 - val 0.258944
Epoch 298/1250 - train 0.184144 - val 0.256134
Epoch 299/1250 - train 0.184109 - val 0.256895
Epoch 300/1250 - train 0.184087 - val 0.257855
Epoch 301/1250 - train 0.183784 - val 0.258426
Epoch 302/1250 - train 0.183898 - val 0.257350
Epoch 303/1250 - train 0.183625 - val 0.259062
Epoch 304/1250 - train 0.183830 - val 0.258352
Epoch 305/1250 - train 0.183601 - val 0.256944
Epoch 306/1250 - train 0.183231 - val 0.260168
Epoch 307/1250 - train 0.183225 - val 0.258658
Epoch 308/1250 - train 0.183689 - val 0.257883
Epoch 309/1250 - train 0.183594 - val 0.255169
Epoch 310/1250 - train 0.183419 - val 0.257375
Epoch 311/1250 - train 0.182943 - val 0.257453
Epoch 312/1250 - train 0.182895 - val 0.260130
Epoch 313/1250 - train 0.182957 - val 0.256478
Epoch 314/1250 - train 0.182836 - val 0.260583
Epoch 315/1250 - train 0.182809 - val 0.257080
Epoch 316/1250 - train 0.183192 - val 0.261365
Epoch 317/1250 - train 0.182864 - val 0.257745
Epoch 318/1250 - train 0.182229 - val 0.259078
Epoch 319/1250 - train 0.182651 - val 0.258703
Epoch 320/1250 - train 0.182323 - val 0.257499
Epoch 321/1250 - train 0.182170 - val 0.257493
Epoch 322/1250 - train 0.182539 - val 0.258398
Epoch 323/1250 - train 0.182332 - val 0.258570
Epoch 324/1250 - train 0.182308 - val 0.259259
Epoch 325/1250 - train 0.181953 - val 0.263523
Epoch 326/1250 - train 0.182206 - val 0.257708
Epoch 327/1250 - train 0.181903 - val 0.259065
Epoch 328/1250 - train 0.181908 - val 0.258181
Epoch 329/1250 - train 0.181790 - val 0.259295
Epoch 330/1250 - train 0.181694 - val 0.257170
Epoch 331/1250 - train 0.181415 - val 0.258727
Epoch 332/1250 - train 0.181196 - val 0.258700
Epoch 333/1250 - train 0.181602 - val 0.259927
Epoch 334/1250 - train 0.181660 - val 0.260349
Epoch 335/1250 - train 0.181594 - val 0.258396
Epoch 336/1250 - train 0.181396 - val 0.259518
Epoch 337/1250 - train 0.181155 - val 0.261281
Epoch 338/1250 - train 0.181050 - val 0.260056
Epoch 339/1250 - train 0.180966 - val 0.260772
Epoch 340/1250 - train 0.180755 - val 0.259306
Epoch 341/1250 - train 0.181320 - val 0.261728
Epoch 342/1250 - train 0.180217 - val 0.260921
Epoch 343/1250 - train 0.180748 - val 0.260428
Epoch 344/1250 - train 0.180562 - val 0.260978
Epoch 345/1250 - train 0.180647 - val 0.260876
Epoch 346/1250 - train 0.180300 - val 0.260516
Epoch 347/1250 - train 0.180086 - val 0.261062
Epoch 348/1250 - train 0.180063 - val 0.261051
Epoch 349/1250 - train 0.180410 - val 0.259676
Epoch 350/1250 - train 0.180079 - val 0.263264
Epoch 351/1250 - train 0.180545 - val 0.260654
Epoch 352/1250 - train 0.180089 - val 0.261830
Epoch 353/1250 - train 0.180273 - val 0.258377
Epoch 354/1250 - train 0.179963 - val 0.262133
Epoch 355/1250 - train 0.179932 - val 0.261686
Epoch 356/1250 - train 0.179523 - val 0.262400
Epoch 357/1250 - train 0.179782 - val 0.259539
Epoch 358/1250 - train 0.179525 - val 0.261465
Epoch 359/1250 - train 0.179880 - val 0.257568
Epoch 360/1250 - train 0.179470 - val 0.262016
Epoch 361/1250 - train 0.179300 - val 0.261052
Epoch 362/1250 - train 0.179345 - val 0.261472
Epoch 363/1250 - train 0.179174 - val 0.262611
Epoch 364/1250 - train 0.179296 - val 0.260148
Epoch 365/1250 - train 0.178892 - val 0.260741
Epoch 366/1250 - train 0.179290 - val 0.261361
Epoch 367/1250 - train 0.179222 - val 0.261233
Epoch 368/1250 - train 0.179027 - val 0.261589
Epoch 369/1250 - train 0.178732 - val 0.261883
Epoch 370/1250 - train 0.178656 - val 0.262462
Epoch 371/1250 - train 0.178630 - val 0.261819
Epoch 372/1250 - train 0.178772 - val 0.261629
Epoch 373/1250 - train 0.178333 - val 0.261723
Epoch 374/1250 - train 0.178486 - val 0.261394
Epoch 375/1250 - train 0.178651 - val 0.262472
Epoch 376/1250 - train 0.178259 - val 0.261657
Epoch 377/1250 - train 0.178692 - val 0.262901
Epoch 378/1250 - train 0.178332 - val 0.263050
Epoch 379/1250 - train 0.177867 - val 0.262402
Epoch 380/1250 - train 0.178283 - val 0.263382
Epoch 381/1250 - train 0.178183 - val 0.262583
Epoch 382/1250 - train 0.177808 - val 0.264141
Epoch 383/1250 - train 0.177828 - val 0.260821
Epoch 384/1250 - train 0.177778 - val 0.263914
Epoch 385/1250 - train 0.177671 - val 0.263483
Epoch 386/1250 - train 0.177669 - val 0.262245
Epoch 387/1250 - train 0.177696 - val 0.263479
Epoch 388/1250 - train 0.177704 - val 0.261266
Epoch 389/1250 - train 0.177487 - val 0.265120
Epoch 390/1250 - train 0.177093 - val 0.262560
Epoch 391/1250 - train 0.177482 - val 0.260899
Epoch 392/1250 - train 0.177517 - val 0.263947
Epoch 393/1250 - train 0.176924 - val 0.262950
Epoch 394/1250 - train 0.177344 - val 0.263348
Epoch 395/1250 - train 0.177503 - val 0.262818
Epoch 396/1250 - train 0.177063 - val 0.262247
Epoch 397/1250 - train 0.177069 - val 0.262675
Epoch 398/1250 - train 0.176720 - val 0.265044
Epoch 399/1250 - train 0.176482 - val 0.262441
Epoch 400/1250 - train 0.176843 - val 0.261293
Epoch 401/1250 - train 0.176733 - val 0.263858
Epoch 402/1250 - train 0.176584 - val 0.261716
Epoch 403/1250 - train 0.176706 - val 0.266942
Epoch 404/1250 - train 0.176540 - val 0.264222
Epoch 405/1250 - train 0.176473 - val 0.263707
Epoch 406/1250 - train 0.176291 - val 0.265393
Epoch 407/1250 - train 0.176324 - val 0.264291
Epoch 408/1250 - train 0.176582 - val 0.264785
Epoch 409/1250 - train 0.176387 - val 0.264418
Epoch 410/1250 - train 0.176025 - val 0.263234
Epoch 411/1250 - train 0.176454 - val 0.262927
Epoch 412/1250 - train 0.176505 - val 0.264502
Epoch 413/1250 - train 0.176214 - val 0.263557
Epoch 414/1250 - train 0.176045 - val 0.264885
Epoch 415/1250 - train 0.175752 - val 0.264610
Epoch 416/1250 - train 0.175589 - val 0.265233
Epoch 417/1250 - train 0.175684 - val 0.265665
Epoch 418/1250 - train 0.175883 - val 0.265039
Epoch 419/1250 - train 0.175390 - val 0.267412
Epoch 420/1250 - train 0.175937 - val 0.265475
Epoch 421/1250 - train 0.175714 - val 0.263600
Epoch 422/1250 - train 0.175597 - val 0.263663
Epoch 423/1250 - train 0.175291 - val 0.266537
Epoch 424/1250 - train 0.175434 - val 0.264163
Epoch 425/1250 - train 0.175510 - val 0.266127
Epoch 426/1250 - train 0.175730 - val 0.265100
Epoch 427/1250 - train 0.175073 - val 0.264578
Epoch 428/1250 - train 0.175254 - val 0.266029
Epoch 429/1250 - train 0.175252 - val 0.265878
Epoch 430/1250 - train 0.174870 - val 0.263899
Epoch 431/1250 - train 0.174985 - val 0.266908
Epoch 432/1250 - train 0.174846 - val 0.265918
Epoch 433/1250 - train 0.174947 - val 0.265753
Epoch 434/1250 - train 0.175112 - val 0.267645
Epoch 435/1250 - train 0.174805 - val 0.268734
Epoch 436/1250 - train 0.174985 - val 0.263800
Epoch 437/1250 - train 0.174677 - val 0.266492
Epoch 438/1250 - train 0.174558 - val 0.266365
Epoch 439/1250 - train 0.174177 - val 0.265573
Epoch 440/1250 - train 0.174577 - val 0.266311
Epoch 441/1250 - train 0.174330 - val 0.267327
Epoch 442/1250 - train 0.174415 - val 0.266685
Epoch 443/1250 - train 0.174666 - val 0.265983
Epoch 444/1250 - train 0.174178 - val 0.268961
Epoch 445/1250 - train 0.174270 - val 0.265499
Epoch 446/1250 - train 0.174306 - val 0.267874
Epoch 447/1250 - train 0.174088 - val 0.265324
Epoch 448/1250 - train 0.173777 - val 0.266860
Epoch 449/1250 - train 0.173919 - val 0.266488
Epoch 450/1250 - train 0.174597 - val 0.263758
Epoch 451/1250 - train 0.173890 - val 0.266960
Epoch 452/1250 - train 0.174122 - val 0.266657
Epoch 453/1250 - train 0.174102 - val 0.266644
Epoch 454/1250 - train 0.173898 - val 0.264820
Epoch 455/1250 - train 0.173618 - val 0.267657
Epoch 456/1250 - train 0.173808 - val 0.265866
Epoch 457/1250 - train 0.173219 - val 0.268152
Epoch 458/1250 - train 0.173757 - val 0.267017
Epoch 459/1250 - train 0.173629 - val 0.266744
Epoch 460/1250 - train 0.173406 - val 0.266864
Epoch 461/1250 - train 0.173389 - val 0.268411
Epoch 462/1250 - train 0.173176 - val 0.266388
Epoch 463/1250 - train 0.173056 - val 0.267772
Epoch 464/1250 - train 0.173434 - val 0.267702
Epoch 465/1250 - train 0.173155 - val 0.267066
Epoch 466/1250 - train 0.173211 - val 0.267569
Epoch 467/1250 - train 0.173465 - val 0.267643
Epoch 468/1250 - train 0.172800 - val 0.267709
Epoch 469/1250 - train 0.172969 - val 0.266988
Epoch 470/1250 - train 0.172988 - val 0.266709
Epoch 471/1250 - train 0.173154 - val 0.270217
Epoch 472/1250 - train 0.173117 - val 0.266220
Epoch 473/1250 - train 0.172850 - val 0.268051
Epoch 474/1250 - train 0.172774 - val 0.269400
Epoch 475/1250 - train 0.172627 - val 0.268972
Epoch 476/1250 - train 0.172512 - val 0.267059
Epoch 477/1250 - train 0.172239 - val 0.270548
Epoch 478/1250 - train 0.172645 - val 0.267860
Epoch 479/1250 - train 0.172211 - val 0.267564
Epoch 480/1250 - train 0.172851 - val 0.267209
Epoch 481/1250 - train 0.172370 - val 0.268125
Epoch 482/1250 - train 0.172042 - val 0.267443
Epoch 483/1250 - train 0.172313 - val 0.266831
Epoch 484/1250 - train 0.172309 - val 0.265714
Epoch 485/1250 - train 0.172433 - val 0.267707
Epoch 486/1250 - train 0.172177 - val 0.271283
Epoch 487/1250 - train 0.172194 - val 0.267415
Epoch 488/1250 - train 0.172106 - val 0.267079
Epoch 489/1250 - train 0.171755 - val 0.267172
Epoch 490/1250 - train 0.171743 - val 0.269473
Epoch 491/1250 - train 0.172227 - val 0.269755
Epoch 492/1250 - train 0.171766 - val 0.267855
Epoch 493/1250 - train 0.171559 - val 0.268992
Epoch 494/1250 - train 0.171451 - val 0.270779
Epoch 495/1250 - train 0.171920 - val 0.269418
Epoch 496/1250 - train 0.171624 - val 0.270087
Epoch 497/1250 - train 0.171917 - val 0.267557
Epoch 498/1250 - train 0.171658 - val 0.269802
Epoch 499/1250 - train 0.171462 - val 0.269383
Epoch 500/1250 - train 0.171574 - val 0.267430
Epoch 501/1250 - train 0.171567 - val 0.268676
Epoch 502/1250 - train 0.171322 - val 0.269353
Epoch 503/1250 - train 0.171233 - val 0.271507
Epoch 504/1250 - train 0.171643 - val 0.270277
Epoch 505/1250 - train 0.171534 - val 0.268552
Epoch 506/1250 - train 0.170897 - val 0.268380
Epoch 507/1250 - train 0.171231 - val 0.268474
Epoch 508/1250 - train 0.171054 - val 0.269543
Epoch 509/1250 - train 0.170763 - val 0.269336
Epoch 510/1250 - train 0.170903 - val 0.270596
Epoch 511/1250 - train 0.170701 - val 0.270997
Epoch 512/1250 - train 0.170685 - val 0.269371
Epoch 513/1250 - train 0.171075 - val 0.267497
Epoch 514/1250 - train 0.170818 - val 0.271130
Epoch 515/1250 - train 0.170633 - val 0.269617
Epoch 516/1250 - train 0.170937 - val 0.268727
Epoch 517/1250 - train 0.170633 - val 0.269861
Epoch 518/1250 - train 0.170586 - val 0.271667
Epoch 519/1250 - train 0.170719 - val 0.267930
Epoch 520/1250 - train 0.170464 - val 0.268116
Epoch 521/1250 - train 0.170997 - val 0.268755
Epoch 522/1250 - train 0.170001 - val 0.269294
Epoch 523/1250 - train 0.170414 - val 0.271208
Epoch 524/1250 - train 0.170161 - val 0.269184
Epoch 525/1250 - train 0.170381 - val 0.269657
Epoch 526/1250 - train 0.170640 - val 0.271859
Epoch 527/1250 - train 0.170323 - val 0.271269
Epoch 528/1250 - train 0.170072 - val 0.273235
Epoch 529/1250 - train 0.169887 - val 0.268989
Epoch 530/1250 - train 0.169771 - val 0.272854
Epoch 531/1250 - train 0.170024 - val 0.270215
Epoch 532/1250 - train 0.169795 - val 0.269933
Epoch 533/1250 - train 0.170064 - val 0.269056
Epoch 534/1250 - train 0.169968 - val 0.271622
Epoch 535/1250 - train 0.170164 - val 0.271005
Epoch 536/1250 - train 0.170005 - val 0.269932
Epoch 537/1250 - train 0.170048 - val 0.269213
Epoch 538/1250 - train 0.169479 - val 0.269682
Epoch 539/1250 - train 0.169979 - val 0.271836
Epoch 540/1250 - train 0.169530 - val 0.271077
Epoch 541/1250 - train 0.169551 - val 0.271227
Epoch 542/1250 - train 0.169354 - val 0.270176
Epoch 543/1250 - train 0.169803 - val 0.272291
Epoch 544/1250 - train 0.169538 - val 0.270067
Epoch 545/1250 - train 0.169372 - val 0.270136
Epoch 546/1250 - train 0.168941 - val 0.270540
Epoch 547/1250 - train 0.169337 - val 0.268647
Epoch 548/1250 - train 0.169318 - val 0.270027
Epoch 549/1250 - train 0.169170 - val 0.272080
Epoch 550/1250 - train 0.169420 - val 0.270308
Epoch 551/1250 - train 0.169369 - val 0.270885
Epoch 552/1250 - train 0.169057 - val 0.270615
Epoch 553/1250 - train 0.169410 - val 0.273146
Epoch 554/1250 - train 0.168956 - val 0.274746
Epoch 555/1250 - train 0.169027 - val 0.271294
Epoch 556/1250 - train 0.169092 - val 0.269080
Epoch 557/1250 - train 0.169052 - val 0.270722
Epoch 558/1250 - train 0.169212 - val 0.272176
Epoch 559/1250 - train 0.169022 - val 0.270580
Epoch 560/1250 - train 0.168788 - val 0.270843
Epoch 561/1250 - train 0.168568 - val 0.271086
Epoch 562/1250 - train 0.168724 - val 0.273516
Epoch 563/1250 - train 0.169083 - val 0.271610
Epoch 564/1250 - train 0.168443 - val 0.272519
Epoch 565/1250 - train 0.168613 - val 0.271738
Epoch 566/1250 - train 0.168324 - val 0.271616
Epoch 567/1250 - train 0.168356 - val 0.270402
Epoch 568/1250 - train 0.168567 - val 0.273582
Epoch 569/1250 - train 0.168843 - val 0.273197
Epoch 570/1250 - train 0.168196 - val 0.271840
Epoch 571/1250 - train 0.168215 - val 0.271450
Epoch 572/1250 - train 0.168012 - val 0.273804
Epoch 573/1250 - train 0.168307 - val 0.273392
Epoch 574/1250 - train 0.167873 - val 0.273651
Epoch 575/1250 - train 0.168032 - val 0.270520
Epoch 576/1250 - train 0.167898 - val 0.270487
Epoch 577/1250 - train 0.168104 - val 0.272883
Epoch 578/1250 - train 0.168440 - val 0.272244
Epoch 579/1250 - train 0.167577 - val 0.272379
Epoch 580/1250 - train 0.168353 - val 0.271207
Epoch 581/1250 - train 0.168073 - val 0.271946
Epoch 582/1250 - train 0.168086 - val 0.273798
Epoch 583/1250 - train 0.167728 - val 0.271507
Epoch 584/1250 - train 0.167766 - val 0.273692
Epoch 585/1250 - train 0.168212 - val 0.274056
Epoch 586/1250 - train 0.167862 - val 0.272699
Epoch 587/1250 - train 0.167988 - val 0.272830
Epoch 588/1250 - train 0.167804 - val 0.272646
Epoch 589/1250 - train 0.167544 - val 0.272694
Epoch 590/1250 - train 0.167746 - val 0.275819
Epoch 591/1250 - train 0.167593 - val 0.270820
Epoch 592/1250 - train 0.167499 - val 0.271339
Epoch 593/1250 - train 0.167440 - val 0.273324
Epoch 594/1250 - train 0.167814 - val 0.273479
Epoch 595/1250 - train 0.167424 - val 0.275427
Epoch 596/1250 - train 0.167275 - val 0.272978
Epoch 597/1250 - train 0.167790 - val 0.272759
Epoch 598/1250 - train 0.167000 - val 0.275361
Epoch 599/1250 - train 0.167152 - val 0.274716
Epoch 600/1250 - train 0.166783 - val 0.272341
Epoch 601/1250 - train 0.167346 - val 0.273061
Epoch 602/1250 - train 0.166901 - val 0.272805
Epoch 603/1250 - train 0.166970 - val 0.272635
Epoch 604/1250 - train 0.167027 - val 0.274486
Epoch 605/1250 - train 0.167256 - val 0.274776
Epoch 606/1250 - train 0.167573 - val 0.273722
Epoch 607/1250 - train 0.166895 - val 0.274459
Epoch 608/1250 - train 0.167137 - val 0.274323
Epoch 609/1250 - train 0.167175 - val 0.273488
Epoch 610/1250 - train 0.167127 - val 0.271428
Epoch 611/1250 - train 0.166794 - val 0.272068
Epoch 612/1250 - train 0.166758 - val 0.275123
Epoch 613/1250 - train 0.166743 - val 0.272232
Epoch 614/1250 - train 0.166392 - val 0.271912
Epoch 615/1250 - train 0.166881 - val 0.271897
Epoch 616/1250 - train 0.166458 - val 0.273218
Epoch 617/1250 - train 0.166790 - val 0.272735
Epoch 618/1250 - train 0.166441 - val 0.273063
Epoch 619/1250 - train 0.166914 - val 0.273783
Epoch 620/1250 - train 0.166434 - val 0.273378
Epoch 621/1250 - train 0.166775 - val 0.273539
Epoch 622/1250 - train 0.166268 - val 0.273655
Epoch 623/1250 - train 0.166143 - val 0.275162
Epoch 624/1250 - train 0.166597 - val 0.274623
Epoch 625/1250 - train 0.166602 - val 0.273004
Epoch 626/1250 - train 0.166715 - val 0.273286
Epoch 627/1250 - train 0.166871 - val 0.275001
Epoch 628/1250 - train 0.166254 - val 0.274985
Epoch 629/1250 - train 0.166150 - val 0.275333
Epoch 630/1250 - train 0.166013 - val 0.275279
Epoch 631/1250 - train 0.165963 - val 0.274018
Epoch 632/1250 - train 0.166089 - val 0.276083
Epoch 633/1250 - train 0.166067 - val 0.273642
Epoch 634/1250 - train 0.166270 - val 0.272865
Epoch 635/1250 - train 0.166005 - val 0.275285
Epoch 636/1250 - train 0.166047 - val 0.273864
Epoch 637/1250 - train 0.166362 - val 0.272913
Epoch 638/1250 - train 0.166100 - val 0.275489
Epoch 639/1250 - train 0.165752 - val 0.276836
Epoch 640/1250 - train 0.165872 - val 0.275776
Epoch 641/1250 - train 0.166133 - val 0.273932
Epoch 642/1250 - train 0.165894 - val 0.276335
Epoch 643/1250 - train 0.165658 - val 0.273930
Epoch 644/1250 - train 0.165428 - val 0.274662
Epoch 645/1250 - train 0.165575 - val 0.273205
Epoch 646/1250 - train 0.166058 - val 0.273937
Epoch 647/1250 - train 0.165717 - val 0.274310
Epoch 648/1250 - train 0.165548 - val 0.275076
Epoch 649/1250 - train 0.165596 - val 0.275239
Epoch 650/1250 - train 0.165670 - val 0.274214
Epoch 651/1250 - train 0.165167 - val 0.276161
Epoch 652/1250 - train 0.165348 - val 0.276871
Epoch 653/1250 - train 0.165711 - val 0.277476
Epoch 654/1250 - train 0.165499 - val 0.275002
Epoch 655/1250 - train 0.165189 - val 0.274922
Epoch 656/1250 - train 0.165348 - val 0.276547
Epoch 657/1250 - train 0.165570 - val 0.276721
Epoch 658/1250 - train 0.165225 - val 0.275179
Epoch 659/1250 - train 0.165284 - val 0.274913
Epoch 660/1250 - train 0.164999 - val 0.273430
Epoch 661/1250 - train 0.165222 - val 0.275573
Epoch 662/1250 - train 0.165201 - val 0.276729
Epoch 663/1250 - train 0.165086 - val 0.274729
Epoch 664/1250 - train 0.164955 - val 0.274800
Epoch 665/1250 - train 0.165130 - val 0.276828
Epoch 666/1250 - train 0.165096 - val 0.274662
Epoch 667/1250 - train 0.164978 - val 0.274907
Epoch 668/1250 - train 0.164934 - val 0.277448
Epoch 669/1250 - train 0.164751 - val 0.273351
Epoch 670/1250 - train 0.165114 - val 0.275554
Epoch 671/1250 - train 0.164907 - val 0.275475
Epoch 672/1250 - train 0.164939 - val 0.275739
Epoch 673/1250 - train 0.165332 - val 0.276468
Epoch 674/1250 - train 0.164640 - val 0.276437
Epoch 675/1250 - train 0.164854 - val 0.275489
Epoch 676/1250 - train 0.164644 - val 0.274805
Epoch 677/1250 - train 0.164829 - val 0.276784
Epoch 678/1250 - train 0.164187 - val 0.277306
Epoch 679/1250 - train 0.164448 - val 0.275867
Epoch 680/1250 - train 0.164525 - val 0.273159
Epoch 681/1250 - train 0.164571 - val 0.275999
Epoch 682/1250 - train 0.164485 - val 0.276100
Epoch 683/1250 - train 0.164683 - val 0.275218
Epoch 684/1250 - train 0.164878 - val 0.276525
Epoch 685/1250 - train 0.164173 - val 0.276410
Epoch 686/1250 - train 0.164590 - val 0.276086
Epoch 687/1250 - train 0.164270 - val 0.276573
Epoch 688/1250 - train 0.164104 - val 0.277930
Epoch 689/1250 - train 0.163954 - val 0.275060
Epoch 690/1250 - train 0.164308 - val 0.276257
Epoch 691/1250 - train 0.163854 - val 0.274053
Epoch 692/1250 - train 0.163999 - val 0.275687
Epoch 693/1250 - train 0.164137 - val 0.277654
Epoch 694/1250 - train 0.164285 - val 0.278146
Epoch 695/1250 - train 0.164186 - val 0.276023
Epoch 696/1250 - train 0.164023 - val 0.277896
Epoch 697/1250 - train 0.163940 - val 0.278593
Epoch 698/1250 - train 0.164052 - val 0.278543
Epoch 699/1250 - train 0.164069 - val 0.278520
Epoch 700/1250 - train 0.163885 - val 0.276504
Epoch 701/1250 - train 0.163932 - val 0.276396
Epoch 702/1250 - train 0.163653 - val 0.275946
Epoch 703/1250 - train 0.164086 - val 0.276370
Epoch 704/1250 - train 0.163877 - val 0.277916
Epoch 705/1250 - train 0.163840 - val 0.276722
Epoch 706/1250 - train 0.163324 - val 0.276078
Epoch 707/1250 - train 0.163937 - val 0.278309
Epoch 708/1250 - train 0.163870 - val 0.279107
Epoch 709/1250 - train 0.163765 - val 0.277538
Epoch 710/1250 - train 0.163568 - val 0.275528
Epoch 711/1250 - train 0.163596 - val 0.277541
Epoch 712/1250 - train 0.164000 - val 0.278104
Epoch 713/1250 - train 0.163573 - val 0.277073
Epoch 714/1250 - train 0.163584 - val 0.273379
Epoch 715/1250 - train 0.163201 - val 0.276994
Epoch 716/1250 - train 0.163596 - val 0.278291
Epoch 717/1250 - train 0.163629 - val 0.277967
Epoch 718/1250 - train 0.163554 - val 0.275462
Epoch 719/1250 - train 0.163370 - val 0.277449
Epoch 720/1250 - train 0.162952 - val 0.278532
Epoch 721/1250 - train 0.163346 - val 0.278264
Epoch 722/1250 - train 0.162969 - val 0.278656
Epoch 723/1250 - train 0.163019 - val 0.280948
Epoch 724/1250 - train 0.163470 - val 0.278626
Epoch 725/1250 - train 0.163017 - val 0.277711
Epoch 726/1250 - train 0.163070 - val 0.275666
Epoch 727/1250 - train 0.163072 - val 0.279016
Epoch 728/1250 - train 0.163053 - val 0.279302
Epoch 729/1250 - train 0.163203 - val 0.277096
Epoch 730/1250 - train 0.162713 - val 0.278058
Epoch 731/1250 - train 0.163219 - val 0.274661
Epoch 732/1250 - train 0.162981 - val 0.277388
Epoch 733/1250 - train 0.162886 - val 0.277481
Epoch 734/1250 - train 0.162661 - val 0.278730
Epoch 735/1250 - train 0.162852 - val 0.277911
Epoch 736/1250 - train 0.163152 - val 0.279645
Epoch 737/1250 - train 0.163157 - val 0.278217
Epoch 738/1250 - train 0.162637 - val 0.278018
Epoch 739/1250 - train 0.162358 - val 0.280962
Epoch 740/1250 - train 0.163049 - val 0.277764
Epoch 741/1250 - train 0.162552 - val 0.279271
Epoch 742/1250 - train 0.162892 - val 0.277837
Epoch 743/1250 - train 0.162720 - val 0.279380
Epoch 744/1250 - train 0.162897 - val 0.278717
Epoch 745/1250 - train 0.162633 - val 0.279926
Epoch 746/1250 - train 0.162661 - val 0.278252
Epoch 747/1250 - train 0.162683 - val 0.280625
Epoch 748/1250 - train 0.162591 - val 0.276873
Epoch 749/1250 - train 0.162741 - val 0.280462
Epoch 750/1250 - train 0.162820 - val 0.280328
Epoch 751/1250 - train 0.162845 - val 0.278198
Epoch 752/1250 - train 0.162389 - val 0.277263
Epoch 753/1250 - train 0.162502 - val 0.279500
Epoch 754/1250 - train 0.162312 - val 0.277419
Epoch 755/1250 - train 0.162362 - val 0.280806
Epoch 756/1250 - train 0.162198 - val 0.277188
Epoch 757/1250 - train 0.162185 - val 0.278380
Epoch 758/1250 - train 0.162190 - val 0.279793
Epoch 759/1250 - train 0.162516 - val 0.280113
Epoch 760/1250 - train 0.162187 - val 0.277790
Epoch 761/1250 - train 0.162007 - val 0.280074
Epoch 762/1250 - train 0.162145 - val 0.281214
Epoch 763/1250 - train 0.162062 - val 0.277408
Epoch 764/1250 - train 0.162057 - val 0.278197
Epoch 765/1250 - train 0.162447 - val 0.278983
Epoch 766/1250 - train 0.161994 - val 0.277891
Epoch 767/1250 - train 0.162199 - val 0.279464
Epoch 768/1250 - train 0.161808 - val 0.279746
Epoch 769/1250 - train 0.161982 - val 0.278161
Epoch 770/1250 - train 0.162005 - val 0.281533
Epoch 771/1250 - train 0.162285 - val 0.279016
Epoch 772/1250 - train 0.162023 - val 0.279116
Epoch 773/1250 - train 0.162321 - val 0.278520
Epoch 774/1250 - train 0.161729 - val 0.279537
Epoch 775/1250 - train 0.161678 - val 0.280712
Epoch 776/1250 - train 0.161443 - val 0.277867
Epoch 777/1250 - train 0.161593 - val 0.276489
Epoch 778/1250 - train 0.161560 - val 0.276986
Epoch 779/1250 - train 0.161807 - val 0.279969
Epoch 780/1250 - train 0.161817 - val 0.278409
Epoch 781/1250 - train 0.161528 - val 0.279980
Epoch 782/1250 - train 0.161403 - val 0.276812
Epoch 783/1250 - train 0.161348 - val 0.279212
Epoch 784/1250 - train 0.161315 - val 0.278592
Epoch 785/1250 - train 0.162075 - val 0.279592
Epoch 786/1250 - train 0.161467 - val 0.277172
Epoch 787/1250 - train 0.161809 - val 0.279320
Epoch 788/1250 - train 0.161332 - val 0.281442
Epoch 789/1250 - train 0.161407 - val 0.280309
Epoch 790/1250 - train 0.161505 - val 0.279556
Epoch 791/1250 - train 0.161242 - val 0.279324
Epoch 792/1250 - train 0.161367 - val 0.280219
Epoch 793/1250 - train 0.161288 - val 0.279901
Epoch 794/1250 - train 0.161099 - val 0.281171
Epoch 795/1250 - train 0.161498 - val 0.281349
Epoch 796/1250 - train 0.161389 - val 0.279647
Epoch 797/1250 - train 0.160915 - val 0.280518
Epoch 798/1250 - train 0.161096 - val 0.278837
Epoch 799/1250 - train 0.161262 - val 0.279831
Epoch 800/1250 - train 0.161226 - val 0.279523
Epoch 801/1250 - train 0.161407 - val 0.280715
Epoch 802/1250 - train 0.161219 - val 0.280957
Epoch 803/1250 - train 0.161267 - val 0.280042
Epoch 804/1250 - train 0.161115 - val 0.278560
Epoch 805/1250 - train 0.161016 - val 0.279579
Epoch 806/1250 - train 0.160870 - val 0.281247
Epoch 807/1250 - train 0.161202 - val 0.279494
Epoch 808/1250 - train 0.161292 - val 0.280234
Epoch 809/1250 - train 0.160858 - val 0.280532
Epoch 810/1250 - train 0.160931 - val 0.279815
Epoch 811/1250 - train 0.160936 - val 0.278376
Epoch 812/1250 - train 0.161202 - val 0.279560
Epoch 813/1250 - train 0.160986 - val 0.279688
Epoch 814/1250 - train 0.160594 - val 0.277098
Epoch 815/1250 - train 0.160813 - val 0.279309
Epoch 816/1250 - train 0.160980 - val 0.280868
Epoch 817/1250 - train 0.161026 - val 0.279239
Epoch 818/1250 - train 0.160591 - val 0.281062
Epoch 819/1250 - train 0.160989 - val 0.279154
Epoch 820/1250 - train 0.160651 - val 0.280941
Epoch 821/1250 - train 0.161028 - val 0.282004
Epoch 822/1250 - train 0.160891 - val 0.280102
Epoch 823/1250 - train 0.160600 - val 0.279128
Epoch 824/1250 - train 0.160956 - val 0.280769
Epoch 825/1250 - train 0.160540 - val 0.281791
Epoch 826/1250 - train 0.160582 - val 0.280934
Epoch 827/1250 - train 0.160464 - val 0.280711
Epoch 828/1250 - train 0.160904 - val 0.280987
Epoch 829/1250 - train 0.160407 - val 0.279531
Epoch 830/1250 - train 0.160310 - val 0.279670
Epoch 831/1250 - train 0.160500 - val 0.281765
Epoch 832/1250 - train 0.160414 - val 0.282161
Epoch 833/1250 - train 0.160576 - val 0.279748
Epoch 834/1250 - train 0.160366 - val 0.281315
Epoch 835/1250 - train 0.160391 - val 0.280863
Epoch 836/1250 - train 0.161046 - val 0.280726
Epoch 837/1250 - train 0.160403 - val 0.282330
Epoch 838/1250 - train 0.160195 - val 0.279101
Epoch 839/1250 - train 0.160454 - val 0.282179
Epoch 840/1250 - train 0.160194 - val 0.280992
Epoch 841/1250 - train 0.160097 - val 0.282126
Epoch 842/1250 - train 0.160456 - val 0.280787
Epoch 843/1250 - train 0.160247 - val 0.280156
Epoch 844/1250 - train 0.160341 - val 0.280580
Epoch 845/1250 - train 0.160169 - val 0.279853
Epoch 846/1250 - train 0.160305 - val 0.282378
Epoch 847/1250 - train 0.160090 - val 0.280128
Epoch 848/1250 - train 0.160229 - val 0.279680
Epoch 849/1250 - train 0.159687 - val 0.281576
Epoch 850/1250 - train 0.160308 - val 0.283285
Epoch 851/1250 - train 0.159867 - val 0.282594
Epoch 852/1250 - train 0.159987 - val 0.280527
Epoch 853/1250 - train 0.160214 - val 0.282216
Epoch 854/1250 - train 0.159758 - val 0.282483
Epoch 855/1250 - train 0.160008 - val 0.280666
Epoch 856/1250 - train 0.160248 - val 0.280112
Epoch 857/1250 - train 0.159617 - val 0.283020
Epoch 858/1250 - train 0.159708 - val 0.280864
Epoch 859/1250 - train 0.159676 - val 0.280742
Epoch 860/1250 - train 0.159661 - val 0.279647
Epoch 861/1250 - train 0.159873 - val 0.281130
Epoch 862/1250 - train 0.159863 - val 0.283363
Epoch 863/1250 - train 0.159703 - val 0.281365
Epoch 864/1250 - train 0.159582 - val 0.279982
Epoch 865/1250 - train 0.159443 - val 0.281869
Epoch 866/1250 - train 0.160191 - val 0.281692
Epoch 867/1250 - train 0.159411 - val 0.280094
Epoch 868/1250 - train 0.159518 - val 0.281653
Epoch 869/1250 - train 0.159890 - val 0.281572
Epoch 870/1250 - train 0.159923 - val 0.280956
Epoch 871/1250 - train 0.159303 - val 0.282256
Epoch 872/1250 - train 0.159273 - val 0.281238
Epoch 873/1250 - train 0.159462 - val 0.282990
Epoch 874/1250 - train 0.159680 - val 0.281710
Epoch 875/1250 - train 0.159548 - val 0.281397
Epoch 876/1250 - train 0.159207 - val 0.282970
Epoch 877/1250 - train 0.159487 - val 0.281687
Epoch 878/1250 - train 0.159849 - val 0.280868
Epoch 879/1250 - train 0.159293 - val 0.282087
Epoch 880/1250 - train 0.159156 - val 0.284605
Epoch 881/1250 - train 0.159329 - val 0.280879
Epoch 882/1250 - train 0.159146 - val 0.282881
Epoch 883/1250 - train 0.159571 - val 0.280872
Epoch 884/1250 - train 0.159440 - val 0.281204
Epoch 885/1250 - train 0.159435 - val 0.282067
Epoch 886/1250 - train 0.159171 - val 0.280664
Epoch 887/1250 - train 0.159040 - val 0.282848
Epoch 888/1250 - train 0.158898 - val 0.281050
Epoch 889/1250 - train 0.158877 - val 0.282511
Epoch 890/1250 - train 0.159127 - val 0.282817
Epoch 891/1250 - train 0.159305 - val 0.281299
Epoch 892/1250 - train 0.159137 - val 0.283650
Epoch 893/1250 - train 0.158795 - val 0.282147
Epoch 894/1250 - train 0.158954 - val 0.284592
Epoch 895/1250 - train 0.158884 - val 0.284843
Epoch 896/1250 - train 0.159069 - val 0.282198
Epoch 897/1250 - train 0.158807 - val 0.282220
Epoch 898/1250 - train 0.159204 - val 0.285319
Epoch 899/1250 - train 0.159299 - val 0.282702
Epoch 900/1250 - train 0.159237 - val 0.282767
Epoch 901/1250 - train 0.158708 - val 0.281833
Epoch 902/1250 - train 0.158532 - val 0.283372
Epoch 903/1250 - train 0.158795 - val 0.281385
Epoch 904/1250 - train 0.158731 - val 0.282472
Epoch 905/1250 - train 0.158720 - val 0.284676
Epoch 906/1250 - train 0.158646 - val 0.283604
Epoch 907/1250 - train 0.158736 - val 0.283014
Epoch 908/1250 - train 0.158737 - val 0.282397
Epoch 909/1250 - train 0.158617 - val 0.283856
Epoch 910/1250 - train 0.158877 - val 0.281944
Epoch 911/1250 - train 0.158834 - val 0.283279
Epoch 912/1250 - train 0.158750 - val 0.282544
Epoch 913/1250 - train 0.158871 - val 0.283354
Epoch 914/1250 - train 0.158756 - val 0.281776
Epoch 915/1250 - train 0.158423 - val 0.284763
Epoch 916/1250 - train 0.158656 - val 0.282687
Epoch 917/1250 - train 0.158580 - val 0.282717
Epoch 918/1250 - train 0.158425 - val 0.282769
Epoch 919/1250 - train 0.158723 - val 0.282568
Epoch 920/1250 - train 0.158557 - val 0.286158
Epoch 921/1250 - train 0.158637 - val 0.282897
Epoch 922/1250 - train 0.158533 - val 0.283452
Epoch 923/1250 - train 0.158462 - val 0.283541
Epoch 924/1250 - train 0.158554 - val 0.283087
Epoch 925/1250 - train 0.158480 - val 0.284226
Epoch 926/1250 - train 0.158556 - val 0.280732
Epoch 927/1250 - train 0.158238 - val 0.284819
Epoch 928/1250 - train 0.158323 - val 0.284143
Epoch 929/1250 - train 0.158830 - val 0.285486
Epoch 930/1250 - train 0.158797 - val 0.283398
Epoch 931/1250 - train 0.157994 - val 0.283725
Epoch 932/1250 - train 0.158017 - val 0.283133
Epoch 933/1250 - train 0.158858 - val 0.280187
Epoch 934/1250 - train 0.158032 - val 0.284761
Epoch 935/1250 - train 0.158125 - val 0.283606
Epoch 936/1250 - train 0.158007 - val 0.282003
Epoch 937/1250 - train 0.158251 - val 0.282141
Epoch 938/1250 - train 0.158407 - val 0.281942
Epoch 939/1250 - train 0.158040 - val 0.282849
Epoch 940/1250 - train 0.158354 - val 0.284991
Epoch 941/1250 - train 0.157649 - val 0.283688
Epoch 942/1250 - train 0.157966 - val 0.283295
Epoch 943/1250 - train 0.157927 - val 0.284184
Epoch 944/1250 - train 0.157944 - val 0.282422
Epoch 945/1250 - train 0.157800 - val 0.284686
Epoch 946/1250 - train 0.158178 - val 0.282007
Epoch 947/1250 - train 0.158023 - val 0.285257
Epoch 948/1250 - train 0.157817 - val 0.282143
Epoch 949/1250 - train 0.158043 - val 0.283957
Epoch 950/1250 - train 0.157856 - val 0.282181
Epoch 951/1250 - train 0.157775 - val 0.282475
Epoch 952/1250 - train 0.157469 - val 0.285878
Epoch 953/1250 - train 0.157889 - val 0.283526
Epoch 954/1250 - train 0.158015 - val 0.282986
Epoch 955/1250 - train 0.157829 - val 0.284202
Epoch 956/1250 - train 0.157846 - val 0.285049
Epoch 957/1250 - train 0.157799 - val 0.283948
Epoch 958/1250 - train 0.157731 - val 0.286258
Epoch 959/1250 - train 0.157988 - val 0.284218
Epoch 960/1250 - train 0.157551 - val 0.283830
Epoch 961/1250 - train 0.158009 - val 0.285877
Epoch 962/1250 - train 0.157657 - val 0.284274
Epoch 963/1250 - train 0.157657 - val 0.285916
Epoch 964/1250 - train 0.157654 - val 0.282522
Epoch 965/1250 - train 0.157348 - val 0.283761
Epoch 966/1250 - train 0.157637 - val 0.284676
Epoch 967/1250 - train 0.157370 - val 0.281789
Epoch 968/1250 - train 0.157412 - val 0.285080
Epoch 969/1250 - train 0.157487 - val 0.286154
Epoch 970/1250 - train 0.157800 - val 0.283506
Epoch 971/1250 - train 0.157597 - val 0.285032
Epoch 972/1250 - train 0.157774 - val 0.283494
Epoch 973/1250 - train 0.157251 - val 0.284954
Epoch 974/1250 - train 0.157633 - val 0.283759
Epoch 975/1250 - train 0.157382 - val 0.284218
Epoch 976/1250 - train 0.157378 - val 0.285601
Epoch 977/1250 - train 0.157763 - val 0.285137
Epoch 978/1250 - train 0.157175 - val 0.285389
Epoch 979/1250 - train 0.157054 - val 0.284578
Epoch 980/1250 - train 0.157555 - val 0.285686
Epoch 981/1250 - train 0.157474 - val 0.286168
Epoch 982/1250 - train 0.157222 - val 0.283853
Epoch 983/1250 - train 0.157468 - val 0.282048
Epoch 984/1250 - train 0.156939 - val 0.285888
Epoch 985/1250 - train 0.157152 - val 0.282922
Epoch 986/1250 - train 0.157249 - val 0.284505
Epoch 987/1250 - train 0.157275 - val 0.285646
Epoch 988/1250 - train 0.157216 - val 0.284580
Epoch 989/1250 - train 0.157163 - val 0.283196
Epoch 990/1250 - train 0.157335 - val 0.283700
Epoch 991/1250 - train 0.156985 - val 0.284536
Epoch 992/1250 - train 0.157277 - val 0.285653
Epoch 993/1250 - train 0.157333 - val 0.284920
Epoch 994/1250 - train 0.157464 - val 0.283235
Epoch 995/1250 - train 0.156814 - val 0.283909
Epoch 996/1250 - train 0.157101 - val 0.284548
Epoch 997/1250 - train 0.157306 - val 0.283976
Epoch 998/1250 - train 0.156707 - val 0.285230
Epoch 999/1250 - train 0.157371 - val 0.284768
Epoch 1000/1250 - train 0.156865 - val 0.284597
Epoch 1001/1250 - train 0.156863 - val 0.287452
Epoch 1002/1250 - train 0.156947 - val 0.285542
Epoch 1003/1250 - train 0.157013 - val 0.285154
Epoch 1004/1250 - train 0.156581 - val 0.285157
Epoch 1005/1250 - train 0.156931 - val 0.285374
Epoch 1006/1250 - train 0.156768 - val 0.283664
Epoch 1007/1250 - train 0.156557 - val 0.284187
Epoch 1008/1250 - train 0.156863 - val 0.284755
Epoch 1009/1250 - train 0.156775 - val 0.284192
Epoch 1010/1250 - train 0.156649 - val 0.284753
Epoch 1011/1250 - train 0.156880 - val 0.285440
Epoch 1012/1250 - train 0.156999 - val 0.285079
Epoch 1013/1250 - train 0.156697 - val 0.284417
Epoch 1014/1250 - train 0.156670 - val 0.284850
Epoch 1015/1250 - train 0.156594 - val 0.284091
Epoch 1016/1250 - train 0.156721 - val 0.284197
Epoch 1017/1250 - train 0.156715 - val 0.285231
Epoch 1018/1250 - train 0.156807 - val 0.286623
Epoch 1019/1250 - train 0.156560 - val 0.284062
Epoch 1020/1250 - train 0.156680 - val 0.284251
Epoch 1021/1250 - train 0.156785 - val 0.288231
Epoch 1022/1250 - train 0.156741 - val 0.285283
Epoch 1023/1250 - train 0.155920 - val 0.283314
Epoch 1024/1250 - train 0.156299 - val 0.286959
Epoch 1025/1250 - train 0.156273 - val 0.284642
Epoch 1026/1250 - train 0.156851 - val 0.284577
Epoch 1027/1250 - train 0.156350 - val 0.285622
Epoch 1028/1250 - train 0.156411 - val 0.285317
Epoch 1029/1250 - train 0.156231 - val 0.282339
Epoch 1030/1250 - train 0.156390 - val 0.285180
Epoch 1031/1250 - train 0.156272 - val 0.287113
Epoch 1032/1250 - train 0.156615 - val 0.286933
Epoch 1033/1250 - train 0.156363 - val 0.285644
Epoch 1034/1250 - train 0.156522 - val 0.284524
Epoch 1035/1250 - train 0.156569 - val 0.286446
Epoch 1036/1250 - train 0.156387 - val 0.287014
Epoch 1037/1250 - train 0.156764 - val 0.284829
Epoch 1038/1250 - train 0.156488 - val 0.286094
Epoch 1039/1250 - train 0.156487 - val 0.285730
Epoch 1040/1250 - train 0.156180 - val 0.285111
Epoch 1041/1250 - train 0.156110 - val 0.284685
Epoch 1042/1250 - train 0.156209 - val 0.286227
Epoch 1043/1250 - train 0.155991 - val 0.287801
Epoch 1044/1250 - train 0.156285 - val 0.285575
Epoch 1045/1250 - train 0.156302 - val 0.285645
Epoch 1046/1250 - train 0.156771 - val 0.283565
Epoch 1047/1250 - train 0.155924 - val 0.286351
Epoch 1048/1250 - train 0.155875 - val 0.282646
Epoch 1049/1250 - train 0.155887 - val 0.285607
Epoch 1050/1250 - train 0.156073 - val 0.288669
Epoch 1051/1250 - train 0.156207 - val 0.286415
Epoch 1052/1250 - train 0.156246 - val 0.284662
Epoch 1053/1250 - train 0.155859 - val 0.286306
Epoch 1054/1250 - train 0.155767 - val 0.284610
Epoch 1055/1250 - train 0.156221 - val 0.285411
Epoch 1056/1250 - train 0.156246 - val 0.284390
Epoch 1057/1250 - train 0.155869 - val 0.286029
Epoch 1058/1250 - train 0.156186 - val 0.286029
Epoch 1059/1250 - train 0.156023 - val 0.286549
Epoch 1060/1250 - train 0.155496 - val 0.287212
Epoch 1061/1250 - train 0.155800 - val 0.286172
Epoch 1062/1250 - train 0.155846 - val 0.285212
Epoch 1063/1250 - train 0.155902 - val 0.285505
Epoch 1064/1250 - train 0.155891 - val 0.287577
Epoch 1065/1250 - train 0.155963 - val 0.285823
Epoch 1066/1250 - train 0.155987 - val 0.284234
Epoch 1067/1250 - train 0.155792 - val 0.287324
Epoch 1068/1250 - train 0.156031 - val 0.285014
Epoch 1069/1250 - train 0.155640 - val 0.285428
Epoch 1070/1250 - train 0.155819 - val 0.286214
Epoch 1071/1250 - train 0.155646 - val 0.286101
Epoch 1072/1250 - train 0.155883 - val 0.287710
Epoch 1073/1250 - train 0.155675 - val 0.285096
Epoch 1074/1250 - train 0.155501 - val 0.286526
Epoch 1075/1250 - train 0.155754 - val 0.288613
Epoch 1076/1250 - train 0.155841 - val 0.285852
Epoch 1077/1250 - train 0.155947 - val 0.286668
Epoch 1078/1250 - train 0.155636 - val 0.285312
Epoch 1079/1250 - train 0.155802 - val 0.284546
Epoch 1080/1250 - train 0.155694 - val 0.286405
Epoch 1081/1250 - train 0.155664 - val 0.284497
Epoch 1082/1250 - train 0.155539 - val 0.286285
Epoch 1083/1250 - train 0.155688 - val 0.286572
Epoch 1084/1250 - train 0.155585 - val 0.284794
Epoch 1085/1250 - train 0.155742 - val 0.286952
Epoch 1086/1250 - train 0.155224 - val 0.285569
Epoch 1087/1250 - train 0.155594 - val 0.287514
Epoch 1088/1250 - train 0.155530 - val 0.286615
Epoch 1089/1250 - train 0.155287 - val 0.286794
Epoch 1090/1250 - train 0.155507 - val 0.288425
Epoch 1091/1250 - train 0.155405 - val 0.286350
Epoch 1092/1250 - train 0.155204 - val 0.288514
Epoch 1093/1250 - train 0.155483 - val 0.287065
Epoch 1094/1250 - train 0.155473 - val 0.286280
Epoch 1095/1250 - train 0.155410 - val 0.286442
Epoch 1096/1250 - train 0.155461 - val 0.287512
Epoch 1097/1250 - train 0.155222 - val 0.285654
Epoch 1098/1250 - train 0.155405 - val 0.287317
Epoch 1099/1250 - train 0.155347 - val 0.287464
Epoch 1100/1250 - train 0.155237 - val 0.285952
Epoch 1101/1250 - train 0.155366 - val 0.285962
Epoch 1102/1250 - train 0.155154 - val 0.289080
Epoch 1103/1250 - train 0.155233 - val 0.289201
Epoch 1104/1250 - train 0.155317 - val 0.286838
Epoch 1105/1250 - train 0.155032 - val 0.286638
Epoch 1106/1250 - train 0.155053 - val 0.286049
Epoch 1107/1250 - train 0.155284 - val 0.287071
Epoch 1108/1250 - train 0.155241 - val 0.286533
Epoch 1109/1250 - train 0.154856 - val 0.286792
Epoch 1110/1250 - train 0.155246 - val 0.286196
Epoch 1111/1250 - train 0.154875 - val 0.286108
Epoch 1112/1250 - train 0.155171 - val 0.285608
Epoch 1113/1250 - train 0.155430 - val 0.287359
Epoch 1114/1250 - train 0.154925 - val 0.286767
Epoch 1115/1250 - train 0.155150 - val 0.286759
Epoch 1116/1250 - train 0.154631 - val 0.287537
Epoch 1117/1250 - train 0.154727 - val 0.286734
Epoch 1118/1250 - train 0.155217 - val 0.287787
Epoch 1119/1250 - train 0.154986 - val 0.290173
Epoch 1120/1250 - train 0.154997 - val 0.284961
Epoch 1121/1250 - train 0.154964 - val 0.285308
Epoch 1122/1250 - train 0.154792 - val 0.287876
Epoch 1123/1250 - train 0.154938 - val 0.288781
Epoch 1124/1250 - train 0.155111 - val 0.286597
Epoch 1125/1250 - train 0.155046 - val 0.287890
Epoch 1126/1250 - train 0.154742 - val 0.285784
Epoch 1127/1250 - train 0.154740 - val 0.288005
Epoch 1128/1250 - train 0.154776 - val 0.287401
Epoch 1129/1250 - train 0.154972 - val 0.286253
Epoch 1130/1250 - train 0.154820 - val 0.287046
Epoch 1131/1250 - train 0.154569 - val 0.288344
Epoch 1132/1250 - train 0.154755 - val 0.285497
Epoch 1133/1250 - train 0.154795 - val 0.287079
Epoch 1134/1250 - train 0.154835 - val 0.287239
Epoch 1135/1250 - train 0.154642 - val 0.288146
Epoch 1136/1250 - train 0.154496 - val 0.285528
Epoch 1137/1250 - train 0.154698 - val 0.287474
Epoch 1138/1250 - train 0.154931 - val 0.289313
Epoch 1139/1250 - train 0.154725 - val 0.286988
Epoch 1140/1250 - train 0.154707 - val 0.286582
Epoch 1141/1250 - train 0.154722 - val 0.288582
Epoch 1142/1250 - train 0.154804 - val 0.289969
Epoch 1143/1250 - train 0.154327 - val 0.286920
Epoch 1144/1250 - train 0.154924 - val 0.286927
Epoch 1145/1250 - train 0.154430 - val 0.290827
Epoch 1146/1250 - train 0.154749 - val 0.289213
Epoch 1147/1250 - train 0.154756 - val 0.289378
Epoch 1148/1250 - train 0.154854 - val 0.286854
Epoch 1149/1250 - train 0.154381 - val 0.286705
Epoch 1150/1250 - train 0.154264 - val 0.288948
Epoch 1151/1250 - train 0.154664 - val 0.286287
Epoch 1152/1250 - train 0.154710 - val 0.287789
Epoch 1153/1250 - train 0.154397 - val 0.286107
Epoch 1154/1250 - train 0.154295 - val 0.287171
Epoch 1155/1250 - train 0.154657 - val 0.286010
Epoch 1156/1250 - train 0.154314 - val 0.287158
Epoch 1157/1250 - train 0.154474 - val 0.288011
Epoch 1158/1250 - train 0.154673 - val 0.288692
Epoch 1159/1250 - train 0.154318 - val 0.287695
Epoch 1160/1250 - train 0.154429 - val 0.288248
Epoch 1161/1250 - train 0.154398 - val 0.288927
Epoch 1162/1250 - train 0.154339 - val 0.289179
Epoch 1163/1250 - train 0.154359 - val 0.288751
Epoch 1164/1250 - train 0.154157 - val 0.288302
Epoch 1165/1250 - train 0.154056 - val 0.287559
Epoch 1166/1250 - train 0.154961 - val 0.288509
Epoch 1167/1250 - train 0.154257 - val 0.291183
Epoch 1168/1250 - train 0.154193 - val 0.287394
Epoch 1169/1250 - train 0.154286 - val 0.289566
Epoch 1170/1250 - train 0.154450 - val 0.287831
Epoch 1171/1250 - train 0.153871 - val 0.285735
Epoch 1172/1250 - train 0.154215 - val 0.286621
Epoch 1173/1250 - train 0.154172 - val 0.287250
Epoch 1174/1250 - train 0.154382 - val 0.287046
Epoch 1175/1250 - train 0.154106 - val 0.289009
Epoch 1176/1250 - train 0.153990 - val 0.288440
Epoch 1177/1250 - train 0.154125 - val 0.287163
Epoch 1178/1250 - train 0.154041 - val 0.287077
Epoch 1179/1250 - train 0.154787 - val 0.287452
Epoch 1180/1250 - train 0.153984 - val 0.289157
Epoch 1181/1250 - train 0.154455 - val 0.286557
Epoch 1182/1250 - train 0.153939 - val 0.288297
Epoch 1183/1250 - train 0.154107 - val 0.286986
Epoch 1184/1250 - train 0.154059 - val 0.287079
Epoch 1185/1250 - train 0.153873 - val 0.288092
Epoch 1186/1250 - train 0.153836 - val 0.288178
Epoch 1187/1250 - train 0.153874 - val 0.287157
Epoch 1188/1250 - train 0.154228 - val 0.286875
Epoch 1189/1250 - train 0.154340 - val 0.287428
Epoch 1190/1250 - train 0.153750 - val 0.286036
Epoch 1191/1250 - train 0.153691 - val 0.287478
Epoch 1192/1250 - train 0.153936 - val 0.289548
Epoch 1193/1250 - train 0.153863 - val 0.289215
Epoch 1194/1250 - train 0.153946 - val 0.287380
Epoch 1195/1250 - train 0.153670 - val 0.289114
Epoch 1196/1250 - train 0.153991 - val 0.289802
Epoch 1197/1250 - train 0.153884 - val 0.287231
Epoch 1198/1250 - train 0.153794 - val 0.290542
Epoch 1199/1250 - train 0.153940 - val 0.288864
Epoch 1200/1250 - train 0.153881 - val 0.286601
Epoch 1201/1250 - train 0.153884 - val 0.288241
Epoch 1202/1250 - train 0.153974 - val 0.286680
Epoch 1203/1250 - train 0.153842 - val 0.288046
Epoch 1204/1250 - train 0.154050 - val 0.287516
Epoch 1205/1250 - train 0.153459 - val 0.287778
Epoch 1206/1250 - train 0.153597 - val 0.287368
Epoch 1207/1250 - train 0.153885 - val 0.289829
Epoch 1208/1250 - train 0.153718 - val 0.288184
Epoch 1209/1250 - train 0.153641 - val 0.289148
Epoch 1210/1250 - train 0.153594 - val 0.289647
Epoch 1211/1250 - train 0.153746 - val 0.288678
Epoch 1212/1250 - train 0.153760 - val 0.288442
Epoch 1213/1250 - train 0.153695 - val 0.289293
Epoch 1214/1250 - train 0.153498 - val 0.287201
Epoch 1215/1250 - train 0.153869 - val 0.287884
Epoch 1216/1250 - train 0.153741 - val 0.289411
Epoch 1217/1250 - train 0.153564 - val 0.287957
Epoch 1218/1250 - train 0.153507 - val 0.287766
Epoch 1219/1250 - train 0.153572 - val 0.289510
Epoch 1220/1250 - train 0.153391 - val 0.287497
Epoch 1221/1250 - train 0.154013 - val 0.290307
Epoch 1222/1250 - train 0.153688 - val 0.288286
Epoch 1223/1250 - train 0.153407 - val 0.289446
Epoch 1224/1250 - train 0.153394 - val 0.290001
Epoch 1225/1250 - train 0.153124 - val 0.289792
Epoch 1226/1250 - train 0.153875 - val 0.289473
Epoch 1227/1250 - train 0.153394 - val 0.291759
Epoch 1228/1250 - train 0.152970 - val 0.290763
Epoch 1229/1250 - train 0.153516 - val 0.289567
Epoch 1230/1250 - train 0.153290 - val 0.286995
Epoch 1231/1250 - train 0.153138 - val 0.288086
Epoch 1232/1250 - train 0.153578 - val 0.286882
Epoch 1233/1250 - train 0.152934 - val 0.288755
Epoch 1234/1250 - train 0.153291 - val 0.287846
Epoch 1235/1250 - train 0.153472 - val 0.288610
Epoch 1236/1250 - train 0.153604 - val 0.288681
Epoch 1237/1250 - train 0.153144 - val 0.288309
Epoch 1238/1250 - train 0.153590 - val 0.290945
Epoch 1239/1250 - train 0.153253 - val 0.288784
Epoch 1240/1250 - train 0.153424 - val 0.288891
Epoch 1241/1250 - train 0.153592 - val 0.287842
Epoch 1242/1250 - train 0.153398 - val 0.288584
Epoch 1243/1250 - train 0.153255 - val 0.287336
Epoch 1244/1250 - train 0.153483 - val 0.288453
Epoch 1245/1250 - train 0.152802 - val 0.288398
Epoch 1246/1250 - train 0.152993 - val 0.290121
Epoch 1247/1250 - train 0.153558 - val 0.290603
Epoch 1248/1250 - train 0.153310 - val 0.288944
Epoch 1249/1250 - train 0.153213 - val 0.289746
Epoch 1250/1250 - train 0.153362 - val 0.289174
Saved model to /scratch/network/ak9088/NASA-RL-Wavefront-Control/RL/jobs/20251227_000820/exp-fc1-zscore-ep1250-bs256-lr1e-3-s42-h128-64-images-mc0/fc1_best.pth
