y: [[-1.3895126e-01 -1.5658002e-01  1.6532339e-01 ... -2.2239314e-02
  -4.3453347e-02  4.3984025e-07]
 [ 1.2751625e-01 -7.1113087e-02  5.0607270e-01 ... -4.7732801e-03
  -2.4430084e-03  3.4758642e-07]
 [-9.0724222e-02  6.8425107e-01 -2.4007499e-01 ...  1.1033024e-02
  -5.3200603e-02  5.6608258e-07]
 ...
 [ 3.5954943e-01  8.5624568e-02  2.0162067e-01 ... -2.3929510e-01
  -1.3681347e-02  5.6884181e-07]
 [-2.1985236e-03 -3.1457874e-01  3.0301398e-01 ... -2.6388319e-02
   3.6201820e-02  5.0103807e-07]
 [-1.4182192e-02  3.2343617e-01  4.8834273e-01 ...  1.4884641e-02
  -1.8656050e-01  4.3761298e-07]]
Dataset loaded: N=100000 (original 100000), C=3, H=28, W=28, y_dim=26
using device: cpu
Epoch 1/1250 - train 0.373785 - val 0.325634
Epoch 2/1250 - train 0.305338 - val 0.300131
Epoch 3/1250 - train 0.281687 - val 0.289700
Epoch 4/1250 - train 0.265907 - val 0.276354
Epoch 5/1250 - train 0.254444 - val 0.271726
Epoch 6/1250 - train 0.244589 - val 0.266328
Epoch 7/1250 - train 0.235324 - val 0.265678
Epoch 8/1250 - train 0.228658 - val 0.256904
Epoch 9/1250 - train 0.221734 - val 0.260094
Epoch 10/1250 - train 0.216569 - val 0.253506
Epoch 11/1250 - train 0.210645 - val 0.251924
Epoch 12/1250 - train 0.205536 - val 0.253914
Epoch 13/1250 - train 0.201361 - val 0.252885
Epoch 14/1250 - train 0.196897 - val 0.255172
Epoch 15/1250 - train 0.192569 - val 0.252293
Epoch 16/1250 - train 0.188483 - val 0.254544
Epoch 17/1250 - train 0.184367 - val 0.255448
Epoch 18/1250 - train 0.180290 - val 0.256476
Epoch 19/1250 - train 0.176791 - val 0.256934
Epoch 20/1250 - train 0.172197 - val 0.260915
Epoch 21/1250 - train 0.168825 - val 0.257925
Epoch 22/1250 - train 0.164943 - val 0.262424
Epoch 23/1250 - train 0.161445 - val 0.264858
Epoch 24/1250 - train 0.157716 - val 0.271427
Epoch 25/1250 - train 0.154270 - val 0.268177
Epoch 26/1250 - train 0.151082 - val 0.265337
Epoch 27/1250 - train 0.148010 - val 0.272205
Epoch 28/1250 - train 0.145309 - val 0.269311
Epoch 29/1250 - train 0.142479 - val 0.271721
Epoch 30/1250 - train 0.139690 - val 0.269202
Epoch 31/1250 - train 0.137648 - val 0.272260
Epoch 32/1250 - train 0.134626 - val 0.272704
Epoch 33/1250 - train 0.132364 - val 0.272770
Epoch 34/1250 - train 0.130199 - val 0.271271
Epoch 35/1250 - train 0.128981 - val 0.276791
Epoch 36/1250 - train 0.126897 - val 0.271669
Epoch 37/1250 - train 0.124700 - val 0.278894
Epoch 38/1250 - train 0.123420 - val 0.274270
Epoch 39/1250 - train 0.121418 - val 0.275664
Epoch 40/1250 - train 0.120344 - val 0.277665
Epoch 41/1250 - train 0.118919 - val 0.277950
Epoch 42/1250 - train 0.116544 - val 0.275013
Epoch 43/1250 - train 0.115660 - val 0.277583
Epoch 44/1250 - train 0.114211 - val 0.278906
Epoch 45/1250 - train 0.112994 - val 0.279647
Epoch 46/1250 - train 0.111619 - val 0.280126
Epoch 47/1250 - train 0.110692 - val 0.280441
Epoch 48/1250 - train 0.109374 - val 0.280028
Epoch 49/1250 - train 0.108903 - val 0.279589
Epoch 50/1250 - train 0.107917 - val 0.279672
Epoch 51/1250 - train 0.106200 - val 0.278275
Epoch 52/1250 - train 0.105250 - val 0.281650
Epoch 53/1250 - train 0.104595 - val 0.283192
Epoch 54/1250 - train 0.103725 - val 0.282460
Epoch 55/1250 - train 0.103126 - val 0.280695
Epoch 56/1250 - train 0.102441 - val 0.283623
Epoch 57/1250 - train 0.100677 - val 0.282025
Epoch 58/1250 - train 0.099853 - val 0.280043
Epoch 59/1250 - train 0.099915 - val 0.281553
Epoch 60/1250 - train 0.098274 - val 0.281168
Epoch 61/1250 - train 0.097918 - val 0.281114
Epoch 62/1250 - train 0.097155 - val 0.282464
Epoch 63/1250 - train 0.096737 - val 0.285151
Epoch 64/1250 - train 0.096004 - val 0.281092
Epoch 65/1250 - train 0.095178 - val 0.284823
Epoch 66/1250 - train 0.094440 - val 0.284876
Epoch 67/1250 - train 0.094182 - val 0.281854
Epoch 68/1250 - train 0.093667 - val 0.284165
Epoch 69/1250 - train 0.092485 - val 0.282580
Epoch 70/1250 - train 0.092529 - val 0.283510
Epoch 71/1250 - train 0.091843 - val 0.283112
Epoch 72/1250 - train 0.090797 - val 0.283540
Epoch 73/1250 - train 0.090322 - val 0.283616
Epoch 74/1250 - train 0.090260 - val 0.283494
Epoch 75/1250 - train 0.089956 - val 0.281797
Epoch 76/1250 - train 0.089119 - val 0.282932
Epoch 77/1250 - train 0.088373 - val 0.283076
Epoch 78/1250 - train 0.088191 - val 0.282901
Epoch 79/1250 - train 0.087186 - val 0.283707
Epoch 80/1250 - train 0.087267 - val 0.285566
Epoch 81/1250 - train 0.086612 - val 0.283262
Epoch 82/1250 - train 0.086379 - val 0.284436
Epoch 83/1250 - train 0.085698 - val 0.284173
Epoch 84/1250 - train 0.085212 - val 0.285605
Epoch 85/1250 - train 0.084735 - val 0.285507
Epoch 86/1250 - train 0.084773 - val 0.283248
Epoch 87/1250 - train 0.083927 - val 0.286490
Epoch 88/1250 - train 0.083875 - val 0.282803
Epoch 89/1250 - train 0.083159 - val 0.283369
Epoch 90/1250 - train 0.082842 - val 0.282951
Epoch 91/1250 - train 0.082606 - val 0.286352
Epoch 92/1250 - train 0.081768 - val 0.285386
Epoch 93/1250 - train 0.081768 - val 0.285326
Epoch 94/1250 - train 0.081556 - val 0.286036
Epoch 95/1250 - train 0.081149 - val 0.286672
Epoch 96/1250 - train 0.081110 - val 0.286589
Epoch 97/1250 - train 0.080089 - val 0.287967
Epoch 98/1250 - train 0.080080 - val 0.286046
Epoch 99/1250 - train 0.079456 - val 0.284065
Epoch 100/1250 - train 0.079281 - val 0.286839
Epoch 101/1250 - train 0.079138 - val 0.287109
Epoch 102/1250 - train 0.078911 - val 0.286590
Epoch 103/1250 - train 0.078431 - val 0.286065
Epoch 104/1250 - train 0.078421 - val 0.287635
Epoch 105/1250 - train 0.078067 - val 0.287363
Epoch 106/1250 - train 0.077792 - val 0.287372
Epoch 107/1250 - train 0.077066 - val 0.287182
Epoch 108/1250 - train 0.077128 - val 0.287220
Epoch 109/1250 - train 0.076861 - val 0.287077
Epoch 110/1250 - train 0.076562 - val 0.289448
Epoch 111/1250 - train 0.076191 - val 0.287241
Epoch 112/1250 - train 0.075640 - val 0.288042
Epoch 113/1250 - train 0.075358 - val 0.286362
Epoch 114/1250 - train 0.075554 - val 0.287340
Epoch 115/1250 - train 0.075198 - val 0.289190
Epoch 116/1250 - train 0.074938 - val 0.288784
Epoch 117/1250 - train 0.074814 - val 0.285562
Epoch 118/1250 - train 0.074762 - val 0.286143
Epoch 119/1250 - train 0.074163 - val 0.286616
Epoch 120/1250 - train 0.073402 - val 0.287638
Epoch 121/1250 - train 0.073268 - val 0.288369
Epoch 122/1250 - train 0.073133 - val 0.290078
Epoch 123/1250 - train 0.073384 - val 0.287709
Epoch 124/1250 - train 0.072949 - val 0.287549
Epoch 125/1250 - train 0.072985 - val 0.289130
Epoch 126/1250 - train 0.072759 - val 0.289161
Epoch 127/1250 - train 0.072226 - val 0.288509
Epoch 128/1250 - train 0.071779 - val 0.287673
Epoch 129/1250 - train 0.071440 - val 0.287425
Epoch 130/1250 - train 0.071267 - val 0.287811
Epoch 131/1250 - train 0.072028 - val 0.288542
Epoch 132/1250 - train 0.071424 - val 0.287836
Epoch 133/1250 - train 0.070479 - val 0.288429
Epoch 134/1250 - train 0.071114 - val 0.289334
Epoch 135/1250 - train 0.070756 - val 0.288804
Epoch 136/1250 - train 0.070158 - val 0.288986
Epoch 137/1250 - train 0.069843 - val 0.289012
Epoch 138/1250 - train 0.070077 - val 0.289199
Epoch 139/1250 - train 0.069292 - val 0.289168
Epoch 140/1250 - train 0.069434 - val 0.289147
Epoch 141/1250 - train 0.069531 - val 0.290266
Epoch 142/1250 - train 0.068902 - val 0.290097
Epoch 143/1250 - train 0.068548 - val 0.289193
Epoch 144/1250 - train 0.069384 - val 0.288436
Epoch 145/1250 - train 0.068958 - val 0.290899
Epoch 146/1250 - train 0.068667 - val 0.287270
Epoch 147/1250 - train 0.068089 - val 0.288232
Epoch 148/1250 - train 0.068183 - val 0.288075
Epoch 149/1250 - train 0.067681 - val 0.289744
Epoch 150/1250 - train 0.067619 - val 0.290235
Epoch 151/1250 - train 0.067456 - val 0.290087
Epoch 152/1250 - train 0.067354 - val 0.288848
Epoch 153/1250 - train 0.067279 - val 0.288739
Epoch 154/1250 - train 0.066829 - val 0.290873
Epoch 155/1250 - train 0.067165 - val 0.288701
Epoch 156/1250 - train 0.066858 - val 0.290172
Epoch 157/1250 - train 0.066320 - val 0.289665
Epoch 158/1250 - train 0.066301 - val 0.289287
Epoch 159/1250 - train 0.066000 - val 0.288646
Epoch 160/1250 - train 0.065945 - val 0.290696
Epoch 161/1250 - train 0.066139 - val 0.290435
Epoch 162/1250 - train 0.065635 - val 0.292723
Epoch 163/1250 - train 0.065645 - val 0.291913
Epoch 164/1250 - train 0.065514 - val 0.289548
Epoch 165/1250 - train 0.065370 - val 0.290728
Epoch 166/1250 - train 0.065145 - val 0.290686
Epoch 167/1250 - train 0.065263 - val 0.291973
Epoch 168/1250 - train 0.065020 - val 0.292592
Epoch 169/1250 - train 0.064581 - val 0.290333
Epoch 170/1250 - train 0.064739 - val 0.290382
Epoch 171/1250 - train 0.064360 - val 0.291168
Epoch 172/1250 - train 0.064429 - val 0.291046
Epoch 173/1250 - train 0.063940 - val 0.290281
Epoch 174/1250 - train 0.064066 - val 0.292579
Epoch 175/1250 - train 0.063927 - val 0.291445
Epoch 176/1250 - train 0.064049 - val 0.291531
Epoch 177/1250 - train 0.063498 - val 0.291641
Epoch 178/1250 - train 0.063633 - val 0.292026
Epoch 179/1250 - train 0.063542 - val 0.292039
Epoch 180/1250 - train 0.063421 - val 0.290279
Epoch 181/1250 - train 0.062732 - val 0.290523
Epoch 182/1250 - train 0.062846 - val 0.291121
Epoch 183/1250 - train 0.062934 - val 0.289806
Epoch 184/1250 - train 0.062608 - val 0.292637
Epoch 185/1250 - train 0.062930 - val 0.292020
Epoch 186/1250 - train 0.062463 - val 0.292471
Epoch 187/1250 - train 0.061956 - val 0.291196
Epoch 188/1250 - train 0.062330 - val 0.292099
Epoch 189/1250 - train 0.062448 - val 0.292520
Epoch 190/1250 - train 0.062028 - val 0.292264
Epoch 191/1250 - train 0.061694 - val 0.292009
Epoch 192/1250 - train 0.061618 - val 0.290986
Epoch 193/1250 - train 0.061851 - val 0.293245
Epoch 194/1250 - train 0.061644 - val 0.291503
Epoch 195/1250 - train 0.061136 - val 0.294290
Epoch 196/1250 - train 0.061494 - val 0.292076
Epoch 197/1250 - train 0.061321 - val 0.292765
Epoch 198/1250 - train 0.060940 - val 0.293146
Epoch 199/1250 - train 0.061010 - val 0.291437
Epoch 200/1250 - train 0.061162 - val 0.291731
Epoch 201/1250 - train 0.060714 - val 0.292784
Epoch 202/1250 - train 0.060395 - val 0.292197
Epoch 203/1250 - train 0.060527 - val 0.294142
Epoch 204/1250 - train 0.060436 - val 0.291831
Epoch 205/1250 - train 0.060237 - val 0.293312
Epoch 206/1250 - train 0.059933 - val 0.292696
Epoch 207/1250 - train 0.060469 - val 0.292733
Epoch 208/1250 - train 0.060288 - val 0.292673
Epoch 209/1250 - train 0.059987 - val 0.292511
Epoch 210/1250 - train 0.059843 - val 0.293523
Epoch 211/1250 - train 0.059788 - val 0.293379
Epoch 212/1250 - train 0.059499 - val 0.292539
Epoch 213/1250 - train 0.059274 - val 0.292652
Epoch 214/1250 - train 0.059549 - val 0.293727
Epoch 215/1250 - train 0.059676 - val 0.293237
Epoch 216/1250 - train 0.059284 - val 0.293050
Epoch 217/1250 - train 0.058876 - val 0.293580
Epoch 218/1250 - train 0.059051 - val 0.293341
Epoch 219/1250 - train 0.058943 - val 0.293714
Epoch 220/1250 - train 0.058808 - val 0.294267
Epoch 221/1250 - train 0.058673 - val 0.294012
Epoch 222/1250 - train 0.058404 - val 0.295289
Epoch 223/1250 - train 0.058468 - val 0.294596
Epoch 224/1250 - train 0.058408 - val 0.294061
Epoch 225/1250 - train 0.058548 - val 0.292871
Epoch 226/1250 - train 0.058508 - val 0.293884
Epoch 227/1250 - train 0.058182 - val 0.295049
Epoch 228/1250 - train 0.057962 - val 0.294950
Epoch 229/1250 - train 0.058007 - val 0.293112
Epoch 230/1250 - train 0.058129 - val 0.295859
Epoch 231/1250 - train 0.058099 - val 0.293147
Epoch 232/1250 - train 0.057444 - val 0.294049
Epoch 233/1250 - train 0.057473 - val 0.293834
Epoch 234/1250 - train 0.057319 - val 0.295122
Epoch 235/1250 - train 0.057345 - val 0.295514
Epoch 236/1250 - train 0.057416 - val 0.294220
Epoch 237/1250 - train 0.057243 - val 0.295066
Epoch 238/1250 - train 0.057041 - val 0.293520
Epoch 239/1250 - train 0.057136 - val 0.294567
Epoch 240/1250 - train 0.057135 - val 0.294546
Epoch 241/1250 - train 0.057006 - val 0.297243
Epoch 242/1250 - train 0.056985 - val 0.295361
Epoch 243/1250 - train 0.056928 - val 0.293565
Epoch 244/1250 - train 0.056851 - val 0.296164
Epoch 245/1250 - train 0.056442 - val 0.296070
Epoch 246/1250 - train 0.056361 - val 0.295118
Epoch 247/1250 - train 0.056575 - val 0.295144
Epoch 248/1250 - train 0.056394 - val 0.295737
Epoch 249/1250 - train 0.056251 - val 0.296556
Epoch 250/1250 - train 0.056455 - val 0.296092
Epoch 251/1250 - train 0.056253 - val 0.296197
Epoch 252/1250 - train 0.056122 - val 0.294909
Epoch 253/1250 - train 0.055789 - val 0.295204
Epoch 254/1250 - train 0.055872 - val 0.294868
Epoch 255/1250 - train 0.056021 - val 0.294402
Epoch 256/1250 - train 0.056127 - val 0.294984
Epoch 257/1250 - train 0.055697 - val 0.294510
Epoch 258/1250 - train 0.055303 - val 0.296792
Epoch 259/1250 - train 0.055713 - val 0.296970
Epoch 260/1250 - train 0.055460 - val 0.295429
Epoch 261/1250 - train 0.055334 - val 0.296178
Epoch 262/1250 - train 0.055488 - val 0.295374
Epoch 263/1250 - train 0.055230 - val 0.295199
Epoch 264/1250 - train 0.055003 - val 0.294632
Epoch 265/1250 - train 0.055136 - val 0.296631
Epoch 266/1250 - train 0.055449 - val 0.295282
Epoch 267/1250 - train 0.054853 - val 0.296521
Epoch 268/1250 - train 0.054767 - val 0.296964
Epoch 269/1250 - train 0.054897 - val 0.296472
Epoch 270/1250 - train 0.054712 - val 0.297547
Epoch 271/1250 - train 0.054518 - val 0.297112
Epoch 272/1250 - train 0.054742 - val 0.296382
Epoch 273/1250 - train 0.054707 - val 0.296226
Epoch 274/1250 - train 0.054460 - val 0.297753
Epoch 275/1250 - train 0.054498 - val 0.295862
Epoch 276/1250 - train 0.054654 - val 0.295993
Epoch 277/1250 - train 0.054618 - val 0.296206
Epoch 278/1250 - train 0.054131 - val 0.296775
Epoch 279/1250 - train 0.054321 - val 0.297363
Epoch 280/1250 - train 0.053987 - val 0.295338
Epoch 281/1250 - train 0.053849 - val 0.297865
Epoch 282/1250 - train 0.053879 - val 0.297167
Epoch 283/1250 - train 0.053585 - val 0.298274
Epoch 284/1250 - train 0.053706 - val 0.297313
Epoch 285/1250 - train 0.053999 - val 0.297286
Epoch 286/1250 - train 0.053741 - val 0.296213
Epoch 287/1250 - train 0.053583 - val 0.296844
Epoch 288/1250 - train 0.053927 - val 0.298378
Epoch 289/1250 - train 0.053962 - val 0.296312
Epoch 290/1250 - train 0.053248 - val 0.298161
Epoch 291/1250 - train 0.053520 - val 0.296785
Epoch 292/1250 - train 0.053245 - val 0.298319
Epoch 293/1250 - train 0.053248 - val 0.298556
Epoch 294/1250 - train 0.053021 - val 0.297786
Epoch 295/1250 - train 0.052921 - val 0.298072
Epoch 296/1250 - train 0.053217 - val 0.296127
Epoch 297/1250 - train 0.052955 - val 0.298002
Epoch 298/1250 - train 0.053098 - val 0.299071
Epoch 299/1250 - train 0.052967 - val 0.296850
Epoch 300/1250 - train 0.052842 - val 0.297061
Epoch 301/1250 - train 0.052576 - val 0.297936
Epoch 302/1250 - train 0.052943 - val 0.297183
Epoch 303/1250 - train 0.052579 - val 0.298904
Epoch 304/1250 - train 0.052357 - val 0.297780
Epoch 305/1250 - train 0.052629 - val 0.297863
Epoch 306/1250 - train 0.052413 - val 0.300182
Epoch 307/1250 - train 0.052797 - val 0.297483
Epoch 308/1250 - train 0.052654 - val 0.298420
Epoch 309/1250 - train 0.052169 - val 0.297591
Epoch 310/1250 - train 0.052118 - val 0.297596
Epoch 311/1250 - train 0.052323 - val 0.299845
Epoch 312/1250 - train 0.052090 - val 0.297090
Epoch 313/1250 - train 0.052089 - val 0.296980
Epoch 314/1250 - train 0.052215 - val 0.300043
Epoch 315/1250 - train 0.051931 - val 0.298596
Epoch 316/1250 - train 0.051717 - val 0.298451
Epoch 317/1250 - train 0.051965 - val 0.298944
Epoch 318/1250 - train 0.051626 - val 0.297363
Epoch 319/1250 - train 0.051861 - val 0.298459
Epoch 320/1250 - train 0.051624 - val 0.298436
Epoch 321/1250 - train 0.051761 - val 0.299946
Epoch 322/1250 - train 0.051773 - val 0.298120
Epoch 323/1250 - train 0.051611 - val 0.300193
Epoch 324/1250 - train 0.051519 - val 0.298204
Epoch 325/1250 - train 0.051312 - val 0.299377
Epoch 326/1250 - train 0.051305 - val 0.299189
Epoch 327/1250 - train 0.051405 - val 0.297608
Epoch 328/1250 - train 0.051357 - val 0.298759
Epoch 329/1250 - train 0.051290 - val 0.300249
Epoch 330/1250 - train 0.051654 - val 0.297971
Epoch 331/1250 - train 0.051290 - val 0.298704
Epoch 332/1250 - train 0.051003 - val 0.298933
Epoch 333/1250 - train 0.050855 - val 0.298192
Epoch 334/1250 - train 0.051128 - val 0.299233
Epoch 335/1250 - train 0.050843 - val 0.298492
Epoch 336/1250 - train 0.051099 - val 0.298138
Epoch 337/1250 - train 0.050885 - val 0.300083
Epoch 338/1250 - train 0.050954 - val 0.300539
Epoch 339/1250 - train 0.050618 - val 0.298554
Epoch 340/1250 - train 0.050844 - val 0.299158
Epoch 341/1250 - train 0.050636 - val 0.298979
Epoch 342/1250 - train 0.050311 - val 0.299999
Epoch 343/1250 - train 0.050693 - val 0.301115
Epoch 344/1250 - train 0.050619 - val 0.300419
Epoch 345/1250 - train 0.050139 - val 0.298776
Epoch 346/1250 - train 0.050369 - val 0.300099
Epoch 347/1250 - train 0.050536 - val 0.298823
Epoch 348/1250 - train 0.050367 - val 0.300236
Epoch 349/1250 - train 0.050258 - val 0.299056
Epoch 350/1250 - train 0.050212 - val 0.300341
Epoch 351/1250 - train 0.050191 - val 0.299387
Epoch 352/1250 - train 0.049994 - val 0.299455
Epoch 353/1250 - train 0.050335 - val 0.299449
Epoch 354/1250 - train 0.050130 - val 0.298403
Epoch 355/1250 - train 0.050059 - val 0.299853
Epoch 356/1250 - train 0.049833 - val 0.301188
Epoch 357/1250 - train 0.050016 - val 0.300714
Epoch 358/1250 - train 0.049737 - val 0.299543
Epoch 359/1250 - train 0.049749 - val 0.300667
Epoch 360/1250 - train 0.049924 - val 0.300008
Epoch 361/1250 - train 0.049461 - val 0.300064
Epoch 362/1250 - train 0.049600 - val 0.301043
Epoch 363/1250 - train 0.049741 - val 0.301596
Epoch 364/1250 - train 0.049565 - val 0.299762
Epoch 365/1250 - train 0.049731 - val 0.300001
Epoch 366/1250 - train 0.049415 - val 0.301308
Epoch 367/1250 - train 0.049285 - val 0.300642
Epoch 368/1250 - train 0.049415 - val 0.300572
Epoch 369/1250 - train 0.049310 - val 0.300592
Epoch 370/1250 - train 0.049407 - val 0.301110
Epoch 371/1250 - train 0.049488 - val 0.301312
Epoch 372/1250 - train 0.049264 - val 0.301295
Epoch 373/1250 - train 0.049221 - val 0.301897
Epoch 374/1250 - train 0.049369 - val 0.300640
Epoch 375/1250 - train 0.048999 - val 0.301351
Epoch 376/1250 - train 0.048869 - val 0.301633
Epoch 377/1250 - train 0.049050 - val 0.302172
Epoch 378/1250 - train 0.048849 - val 0.302179
Epoch 379/1250 - train 0.049294 - val 0.300684
Epoch 380/1250 - train 0.048887 - val 0.301555
Epoch 381/1250 - train 0.048944 - val 0.301353
Epoch 382/1250 - train 0.048793 - val 0.302010
Epoch 383/1250 - train 0.048714 - val 0.300030
Epoch 384/1250 - train 0.048519 - val 0.303090
Epoch 385/1250 - train 0.048895 - val 0.301821
Epoch 386/1250 - train 0.048449 - val 0.300236
Epoch 387/1250 - train 0.048454 - val 0.300050
Epoch 388/1250 - train 0.048697 - val 0.300956
Epoch 389/1250 - train 0.048749 - val 0.300741
Epoch 390/1250 - train 0.048361 - val 0.301525
Epoch 391/1250 - train 0.048437 - val 0.301751
Epoch 392/1250 - train 0.048551 - val 0.302223
Epoch 393/1250 - train 0.048404 - val 0.301035
Epoch 394/1250 - train 0.048528 - val 0.301106
Epoch 395/1250 - train 0.048232 - val 0.302401
Epoch 396/1250 - train 0.048250 - val 0.301368
Epoch 397/1250 - train 0.048018 - val 0.302634
Epoch 398/1250 - train 0.048325 - val 0.301960
Epoch 399/1250 - train 0.048270 - val 0.302236
Epoch 400/1250 - train 0.048156 - val 0.302607
Epoch 401/1250 - train 0.047949 - val 0.302733
Epoch 402/1250 - train 0.048141 - val 0.301141
Epoch 403/1250 - train 0.047982 - val 0.301844
Epoch 404/1250 - train 0.047908 - val 0.302032
Epoch 405/1250 - train 0.047937 - val 0.302616
Epoch 406/1250 - train 0.047965 - val 0.303495
Epoch 407/1250 - train 0.047774 - val 0.302850
Epoch 408/1250 - train 0.047920 - val 0.301637
Epoch 409/1250 - train 0.047922 - val 0.302823
Epoch 410/1250 - train 0.047786 - val 0.301714
Epoch 411/1250 - train 0.047780 - val 0.302142
Epoch 412/1250 - train 0.047499 - val 0.303063
Epoch 413/1250 - train 0.047487 - val 0.302253
Epoch 414/1250 - train 0.047647 - val 0.303776
Epoch 415/1250 - train 0.047504 - val 0.301755
Epoch 416/1250 - train 0.047514 - val 0.302352
Epoch 417/1250 - train 0.047789 - val 0.302192
Epoch 418/1250 - train 0.047595 - val 0.301933
Epoch 419/1250 - train 0.047366 - val 0.303223
Epoch 420/1250 - train 0.047394 - val 0.302918
Epoch 421/1250 - train 0.047194 - val 0.302399
Epoch 422/1250 - train 0.047458 - val 0.301768
Epoch 423/1250 - train 0.047492 - val 0.303717
Epoch 424/1250 - train 0.047322 - val 0.302652
Epoch 425/1250 - train 0.046855 - val 0.304071
Epoch 426/1250 - train 0.047089 - val 0.302221
Epoch 427/1250 - train 0.047121 - val 0.302390
Epoch 428/1250 - train 0.047122 - val 0.303061
Epoch 429/1250 - train 0.047036 - val 0.302939
Epoch 430/1250 - train 0.047224 - val 0.303546
Epoch 431/1250 - train 0.047067 - val 0.304137
Epoch 432/1250 - train 0.047198 - val 0.303093
Epoch 433/1250 - train 0.046920 - val 0.303862
Epoch 434/1250 - train 0.046717 - val 0.303063
Epoch 435/1250 - train 0.046857 - val 0.303584
Epoch 436/1250 - train 0.046843 - val 0.303646
Epoch 437/1250 - train 0.046677 - val 0.304394
Epoch 438/1250 - train 0.047006 - val 0.304726
Epoch 439/1250 - train 0.046784 - val 0.303574
Epoch 440/1250 - train 0.046665 - val 0.303267
Epoch 441/1250 - train 0.046452 - val 0.303689
Epoch 442/1250 - train 0.046527 - val 0.303250
Epoch 443/1250 - train 0.046689 - val 0.303535
Epoch 444/1250 - train 0.046523 - val 0.303551
Epoch 445/1250 - train 0.046489 - val 0.304484
Epoch 446/1250 - train 0.046618 - val 0.303216
Epoch 447/1250 - train 0.046638 - val 0.303622
Epoch 448/1250 - train 0.046156 - val 0.305380
Epoch 449/1250 - train 0.046237 - val 0.302282
Epoch 450/1250 - train 0.046300 - val 0.304946
Epoch 451/1250 - train 0.046615 - val 0.303763
Epoch 452/1250 - train 0.046205 - val 0.303032
Epoch 453/1250 - train 0.046118 - val 0.303624
Epoch 454/1250 - train 0.046234 - val 0.304066
Epoch 455/1250 - train 0.046416 - val 0.303571
Epoch 456/1250 - train 0.046300 - val 0.303093
Epoch 457/1250 - train 0.046152 - val 0.303449
Epoch 458/1250 - train 0.046181 - val 0.304598
Epoch 459/1250 - train 0.045910 - val 0.303732
Epoch 460/1250 - train 0.046233 - val 0.303850
Epoch 461/1250 - train 0.045860 - val 0.302486
Epoch 462/1250 - train 0.045979 - val 0.304759
Epoch 463/1250 - train 0.046123 - val 0.304449
Epoch 464/1250 - train 0.046103 - val 0.304316
Epoch 465/1250 - train 0.045894 - val 0.303588
Epoch 466/1250 - train 0.045835 - val 0.304626
Epoch 467/1250 - train 0.045872 - val 0.305042
Epoch 468/1250 - train 0.045629 - val 0.306112
Epoch 469/1250 - train 0.045504 - val 0.304715
Epoch 470/1250 - train 0.046049 - val 0.305363
Epoch 471/1250 - train 0.045713 - val 0.306246
Epoch 472/1250 - train 0.045825 - val 0.305849
Epoch 473/1250 - train 0.045621 - val 0.305133
Epoch 474/1250 - train 0.045445 - val 0.304736
Epoch 475/1250 - train 0.045677 - val 0.304267
Epoch 476/1250 - train 0.045677 - val 0.304837
Epoch 477/1250 - train 0.045686 - val 0.304457
Epoch 478/1250 - train 0.045438 - val 0.304596
Epoch 479/1250 - train 0.045325 - val 0.303968
Epoch 480/1250 - train 0.045718 - val 0.305849
Epoch 481/1250 - train 0.045510 - val 0.306077
Epoch 482/1250 - train 0.045396 - val 0.304742
Epoch 483/1250 - train 0.045516 - val 0.303451
Epoch 484/1250 - train 0.045358 - val 0.304951
Epoch 485/1250 - train 0.045310 - val 0.306036
Epoch 486/1250 - train 0.045326 - val 0.305737
Epoch 487/1250 - train 0.045158 - val 0.305494
Epoch 488/1250 - train 0.045166 - val 0.305128
Epoch 489/1250 - train 0.045180 - val 0.306096
Epoch 490/1250 - train 0.045193 - val 0.305317
Epoch 491/1250 - train 0.045027 - val 0.305842
Epoch 492/1250 - train 0.045005 - val 0.303462
Epoch 493/1250 - train 0.045072 - val 0.304787
Epoch 494/1250 - train 0.045087 - val 0.305108
Epoch 495/1250 - train 0.045066 - val 0.304826
Epoch 496/1250 - train 0.044803 - val 0.306029
Epoch 497/1250 - train 0.045347 - val 0.304522
Epoch 498/1250 - train 0.044978 - val 0.305372
Epoch 499/1250 - train 0.044770 - val 0.305273
Epoch 500/1250 - train 0.044819 - val 0.305640
Epoch 501/1250 - train 0.045037 - val 0.305726
Epoch 502/1250 - train 0.044899 - val 0.306435
Epoch 503/1250 - train 0.045082 - val 0.304724
Epoch 504/1250 - train 0.044652 - val 0.305910
Epoch 505/1250 - train 0.044678 - val 0.304942
Epoch 506/1250 - train 0.044747 - val 0.306074
Epoch 507/1250 - train 0.044531 - val 0.305372
Epoch 508/1250 - train 0.044925 - val 0.305159
Epoch 509/1250 - train 0.044649 - val 0.305078
Epoch 510/1250 - train 0.044763 - val 0.305308
Epoch 511/1250 - train 0.044348 - val 0.304557
Epoch 512/1250 - train 0.044556 - val 0.304753
Epoch 513/1250 - train 0.044567 - val 0.306034
Epoch 514/1250 - train 0.044709 - val 0.305776
Epoch 515/1250 - train 0.044572 - val 0.306297
Epoch 516/1250 - train 0.044498 - val 0.307419
Epoch 517/1250 - train 0.044441 - val 0.305958
Epoch 518/1250 - train 0.044499 - val 0.306498
Epoch 519/1250 - train 0.044409 - val 0.306012
Epoch 520/1250 - train 0.044432 - val 0.305734
Epoch 521/1250 - train 0.044551 - val 0.306187
Epoch 522/1250 - train 0.044069 - val 0.306415
Epoch 523/1250 - train 0.044456 - val 0.305916
Epoch 524/1250 - train 0.044299 - val 0.305486
Epoch 525/1250 - train 0.044257 - val 0.305379
Epoch 526/1250 - train 0.044159 - val 0.306485
Epoch 527/1250 - train 0.044212 - val 0.305325
Epoch 528/1250 - train 0.044360 - val 0.305817
Epoch 529/1250 - train 0.044031 - val 0.307206
Epoch 530/1250 - train 0.043920 - val 0.306804
Epoch 531/1250 - train 0.044104 - val 0.305811
Epoch 532/1250 - train 0.044134 - val 0.305920
Epoch 533/1250 - train 0.044057 - val 0.305592
Epoch 534/1250 - train 0.043913 - val 0.306746
Epoch 535/1250 - train 0.043980 - val 0.305913
Epoch 536/1250 - train 0.043725 - val 0.307360
Epoch 537/1250 - train 0.043743 - val 0.305744
Epoch 538/1250 - train 0.043943 - val 0.306387
Epoch 539/1250 - train 0.043964 - val 0.307247
Epoch 540/1250 - train 0.043971 - val 0.305494
Epoch 541/1250 - train 0.044190 - val 0.305790
Epoch 542/1250 - train 0.043794 - val 0.306208
Epoch 543/1250 - train 0.043935 - val 0.306455
Epoch 544/1250 - train 0.043757 - val 0.307484
Epoch 545/1250 - train 0.043893 - val 0.307105
Epoch 546/1250 - train 0.043714 - val 0.306349
Epoch 547/1250 - train 0.043816 - val 0.307148
Epoch 548/1250 - train 0.043622 - val 0.306960
Epoch 549/1250 - train 0.043441 - val 0.306999
Epoch 550/1250 - train 0.043527 - val 0.306433
Epoch 551/1250 - train 0.043806 - val 0.308426
Epoch 552/1250 - train 0.043583 - val 0.306447
Epoch 553/1250 - train 0.043489 - val 0.307076
Epoch 554/1250 - train 0.043474 - val 0.308019
Epoch 555/1250 - train 0.043697 - val 0.307716
Epoch 556/1250 - train 0.043427 - val 0.305823
Epoch 557/1250 - train 0.043403 - val 0.306785
Epoch 558/1250 - train 0.043644 - val 0.306440
Epoch 559/1250 - train 0.043560 - val 0.307608
Epoch 560/1250 - train 0.043365 - val 0.307187
Epoch 561/1250 - train 0.043478 - val 0.306321
Epoch 562/1250 - train 0.043314 - val 0.306883
Epoch 563/1250 - train 0.043148 - val 0.306557
Epoch 564/1250 - train 0.043128 - val 0.307683
Epoch 565/1250 - train 0.043332 - val 0.307706
Epoch 566/1250 - train 0.043604 - val 0.307183
Epoch 567/1250 - train 0.043317 - val 0.307183
Epoch 568/1250 - train 0.043170 - val 0.307969
Epoch 569/1250 - train 0.043283 - val 0.307526
Epoch 570/1250 - train 0.043216 - val 0.306944
Epoch 571/1250 - train 0.043153 - val 0.307534
Epoch 572/1250 - train 0.042940 - val 0.307590
Epoch 573/1250 - train 0.043127 - val 0.307941
Epoch 574/1250 - train 0.043168 - val 0.305503
Epoch 575/1250 - train 0.043217 - val 0.307230
Epoch 576/1250 - train 0.042967 - val 0.307067
Epoch 577/1250 - train 0.042935 - val 0.307941
Epoch 578/1250 - train 0.042905 - val 0.307594
Epoch 579/1250 - train 0.042916 - val 0.307574
Epoch 580/1250 - train 0.043059 - val 0.308430
Epoch 581/1250 - train 0.043121 - val 0.308743
Epoch 582/1250 - train 0.043069 - val 0.307782
Epoch 583/1250 - train 0.042667 - val 0.307887
Epoch 584/1250 - train 0.043227 - val 0.305933
Epoch 585/1250 - train 0.042945 - val 0.307499
Epoch 586/1250 - train 0.042856 - val 0.308235
Epoch 587/1250 - train 0.042857 - val 0.307604
Epoch 588/1250 - train 0.042595 - val 0.308411
Epoch 589/1250 - train 0.042744 - val 0.307616
Epoch 590/1250 - train 0.042833 - val 0.307450
Epoch 591/1250 - train 0.043029 - val 0.308474
Epoch 592/1250 - train 0.042746 - val 0.308507
Epoch 593/1250 - train 0.042379 - val 0.306374
Epoch 594/1250 - train 0.042553 - val 0.308125
Epoch 595/1250 - train 0.042723 - val 0.307428
Epoch 596/1250 - train 0.042472 - val 0.308658
Epoch 597/1250 - train 0.042692 - val 0.307261
Epoch 598/1250 - train 0.042507 - val 0.307512
Epoch 599/1250 - train 0.042590 - val 0.307751
Epoch 600/1250 - train 0.042575 - val 0.308828
Epoch 601/1250 - train 0.042572 - val 0.308223
Epoch 602/1250 - train 0.042489 - val 0.307955
Epoch 603/1250 - train 0.042437 - val 0.308635
Epoch 604/1250 - train 0.042474 - val 0.308180
Epoch 605/1250 - train 0.042586 - val 0.308661
Epoch 606/1250 - train 0.042460 - val 0.307865
Epoch 607/1250 - train 0.042341 - val 0.307915
Epoch 608/1250 - train 0.042552 - val 0.307672
Epoch 609/1250 - train 0.042340 - val 0.308561
Epoch 610/1250 - train 0.042389 - val 0.308480
Epoch 611/1250 - train 0.042472 - val 0.307806
Epoch 612/1250 - train 0.042368 - val 0.307267
Epoch 613/1250 - train 0.042017 - val 0.309638
Epoch 614/1250 - train 0.042202 - val 0.308979
Epoch 615/1250 - train 0.042257 - val 0.308638
Epoch 616/1250 - train 0.042307 - val 0.307564
Epoch 617/1250 - train 0.042503 - val 0.308241
Epoch 618/1250 - train 0.042360 - val 0.309488
Epoch 619/1250 - train 0.042040 - val 0.308285
Epoch 620/1250 - train 0.041980 - val 0.309263
Epoch 621/1250 - train 0.041975 - val 0.309435
Epoch 622/1250 - train 0.042339 - val 0.309288
Epoch 623/1250 - train 0.042027 - val 0.309154
Epoch 624/1250 - train 0.042095 - val 0.308112
Epoch 625/1250 - train 0.042049 - val 0.309125
Epoch 626/1250 - train 0.041863 - val 0.308803
Epoch 627/1250 - train 0.041978 - val 0.308613
Epoch 628/1250 - train 0.042039 - val 0.308727
Epoch 629/1250 - train 0.041864 - val 0.309157
Epoch 630/1250 - train 0.042007 - val 0.308933
Epoch 631/1250 - train 0.042148 - val 0.307605
Epoch 632/1250 - train 0.041820 - val 0.310267
Epoch 633/1250 - train 0.041677 - val 0.309640
Epoch 634/1250 - train 0.042040 - val 0.308876
Epoch 635/1250 - train 0.042059 - val 0.308526
Epoch 636/1250 - train 0.041791 - val 0.308671
Epoch 637/1250 - train 0.041869 - val 0.308195
Epoch 638/1250 - train 0.041927 - val 0.308983
Epoch 639/1250 - train 0.041821 - val 0.308866
Epoch 640/1250 - train 0.041513 - val 0.310853
Epoch 641/1250 - train 0.041792 - val 0.308778
Epoch 642/1250 - train 0.041777 - val 0.309284
Epoch 643/1250 - train 0.041800 - val 0.307833
Epoch 644/1250 - train 0.041603 - val 0.309104
Epoch 645/1250 - train 0.041602 - val 0.310022
Epoch 646/1250 - train 0.041743 - val 0.308794
Epoch 647/1250 - train 0.041714 - val 0.309602
Epoch 648/1250 - train 0.041615 - val 0.308789
Epoch 649/1250 - train 0.041656 - val 0.308688
Epoch 650/1250 - train 0.041626 - val 0.309271
Epoch 651/1250 - train 0.041536 - val 0.309426
Epoch 652/1250 - train 0.041591 - val 0.309986
Epoch 653/1250 - train 0.041718 - val 0.309839
Epoch 654/1250 - train 0.041462 - val 0.309563
Epoch 655/1250 - train 0.041337 - val 0.310146
Epoch 656/1250 - train 0.041352 - val 0.309715
Epoch 657/1250 - train 0.041324 - val 0.310591
Epoch 658/1250 - train 0.041576 - val 0.310037
Epoch 659/1250 - train 0.041305 - val 0.308803
Epoch 660/1250 - train 0.041573 - val 0.310506
Epoch 661/1250 - train 0.041485 - val 0.309827
Epoch 662/1250 - train 0.041439 - val 0.308758
Epoch 663/1250 - train 0.041326 - val 0.309359
Epoch 664/1250 - train 0.041312 - val 0.308798
Epoch 665/1250 - train 0.041181 - val 0.309309
Epoch 666/1250 - train 0.041271 - val 0.310476
Epoch 667/1250 - train 0.041456 - val 0.309612
Epoch 668/1250 - train 0.041397 - val 0.309082
Epoch 669/1250 - train 0.041047 - val 0.309740
Epoch 670/1250 - train 0.041138 - val 0.309872
Epoch 671/1250 - train 0.041110 - val 0.309295
Epoch 672/1250 - train 0.041223 - val 0.309714
Epoch 673/1250 - train 0.041093 - val 0.310556
Epoch 674/1250 - train 0.041020 - val 0.310220
Epoch 675/1250 - train 0.041185 - val 0.310413
Epoch 676/1250 - train 0.041274 - val 0.310006
Epoch 677/1250 - train 0.041220 - val 0.308835
Epoch 678/1250 - train 0.041096 - val 0.308720
Epoch 679/1250 - train 0.041090 - val 0.309393
Epoch 680/1250 - train 0.040962 - val 0.309724
Epoch 681/1250 - train 0.041191 - val 0.309228
Epoch 682/1250 - train 0.040869 - val 0.310636
Epoch 683/1250 - train 0.041063 - val 0.310847
Epoch 684/1250 - train 0.040929 - val 0.309348
Epoch 685/1250 - train 0.040873 - val 0.309283
Epoch 686/1250 - train 0.041025 - val 0.309197
Epoch 687/1250 - train 0.040856 - val 0.310299
Epoch 688/1250 - train 0.041115 - val 0.310606
Epoch 689/1250 - train 0.040746 - val 0.309951
Epoch 690/1250 - train 0.040960 - val 0.309114
Epoch 691/1250 - train 0.040948 - val 0.310933
Epoch 692/1250 - train 0.040937 - val 0.310254
Epoch 693/1250 - train 0.040861 - val 0.312085
Epoch 694/1250 - train 0.040964 - val 0.310341
Epoch 695/1250 - train 0.040652 - val 0.310389
Epoch 696/1250 - train 0.040800 - val 0.309570
Epoch 697/1250 - train 0.040809 - val 0.310333
Epoch 698/1250 - train 0.040529 - val 0.310273
Epoch 699/1250 - train 0.040682 - val 0.311401
Epoch 700/1250 - train 0.040745 - val 0.309897
Epoch 701/1250 - train 0.040988 - val 0.309802
Epoch 702/1250 - train 0.040724 - val 0.309941
Epoch 703/1250 - train 0.040724 - val 0.310817
Epoch 704/1250 - train 0.040657 - val 0.309547
Epoch 705/1250 - train 0.040600 - val 0.310122
Epoch 706/1250 - train 0.040700 - val 0.310833
Epoch 707/1250 - train 0.040789 - val 0.310896
Epoch 708/1250 - train 0.040316 - val 0.310245
Epoch 709/1250 - train 0.040561 - val 0.309902
Epoch 710/1250 - train 0.040508 - val 0.311237
Epoch 711/1250 - train 0.040716 - val 0.311231
Epoch 712/1250 - train 0.040463 - val 0.310909
Epoch 713/1250 - train 0.040478 - val 0.310914
Epoch 714/1250 - train 0.040474 - val 0.311018
Epoch 715/1250 - train 0.040329 - val 0.311761
Epoch 716/1250 - train 0.040588 - val 0.310384
Epoch 717/1250 - train 0.040514 - val 0.309943
Epoch 718/1250 - train 0.040398 - val 0.312949
Epoch 719/1250 - train 0.040540 - val 0.310275
Epoch 720/1250 - train 0.040500 - val 0.311036
Epoch 721/1250 - train 0.040338 - val 0.310928
Epoch 722/1250 - train 0.040379 - val 0.310556
Epoch 723/1250 - train 0.040415 - val 0.311008
Epoch 724/1250 - train 0.040244 - val 0.310818
Epoch 725/1250 - train 0.040055 - val 0.311674
Epoch 726/1250 - train 0.040146 - val 0.310252
Epoch 727/1250 - train 0.040312 - val 0.310786
Epoch 728/1250 - train 0.040433 - val 0.311015
Epoch 729/1250 - train 0.040585 - val 0.311453
Epoch 730/1250 - train 0.040249 - val 0.311408
Epoch 731/1250 - train 0.040212 - val 0.311587
Epoch 732/1250 - train 0.040218 - val 0.310969
Epoch 733/1250 - train 0.040107 - val 0.311070
Epoch 734/1250 - train 0.040084 - val 0.309948
Epoch 735/1250 - train 0.040135 - val 0.311495
Epoch 736/1250 - train 0.039996 - val 0.311244
Epoch 737/1250 - train 0.040088 - val 0.310276
Epoch 738/1250 - train 0.040371 - val 0.311285
Epoch 739/1250 - train 0.040136 - val 0.311068
Epoch 740/1250 - train 0.039987 - val 0.311220
Epoch 741/1250 - train 0.040036 - val 0.311536
Epoch 742/1250 - train 0.039847 - val 0.311718
Epoch 743/1250 - train 0.040114 - val 0.311889
Epoch 744/1250 - train 0.040170 - val 0.310969
Epoch 745/1250 - train 0.039983 - val 0.310424
Epoch 746/1250 - train 0.040111 - val 0.311836
Epoch 747/1250 - train 0.039934 - val 0.312123
Epoch 748/1250 - train 0.040142 - val 0.311092
Epoch 749/1250 - train 0.040076 - val 0.312399
Epoch 750/1250 - train 0.039908 - val 0.309700
Epoch 751/1250 - train 0.039907 - val 0.311224
Epoch 752/1250 - train 0.039896 - val 0.313069
Epoch 753/1250 - train 0.039856 - val 0.312229
Epoch 754/1250 - train 0.039898 - val 0.311717
Epoch 755/1250 - train 0.040035 - val 0.312153
Epoch 756/1250 - train 0.039870 - val 0.311602
Epoch 757/1250 - train 0.039752 - val 0.309927
Epoch 758/1250 - train 0.039951 - val 0.310799
Epoch 759/1250 - train 0.039705 - val 0.311577
Epoch 760/1250 - train 0.039728 - val 0.311292
Epoch 761/1250 - train 0.039890 - val 0.310182
Epoch 762/1250 - train 0.039655 - val 0.312113
Epoch 763/1250 - train 0.039774 - val 0.310128
Epoch 764/1250 - train 0.039496 - val 0.313367
Epoch 765/1250 - train 0.039750 - val 0.311137
Epoch 766/1250 - train 0.039629 - val 0.311399
Epoch 767/1250 - train 0.039762 - val 0.311629
Epoch 768/1250 - train 0.039701 - val 0.312350
Epoch 769/1250 - train 0.039626 - val 0.311868
Epoch 770/1250 - train 0.039694 - val 0.310776
Epoch 771/1250 - train 0.039634 - val 0.310887
Epoch 772/1250 - train 0.039554 - val 0.313406
Epoch 773/1250 - train 0.039697 - val 0.312219
Epoch 774/1250 - train 0.039762 - val 0.311443
Epoch 775/1250 - train 0.039505 - val 0.311240
Epoch 776/1250 - train 0.039656 - val 0.312667
Epoch 777/1250 - train 0.039537 - val 0.311748
Epoch 778/1250 - train 0.039528 - val 0.311568
Epoch 779/1250 - train 0.039589 - val 0.312118
Epoch 780/1250 - train 0.039280 - val 0.313233
Epoch 781/1250 - train 0.039679 - val 0.312239
Epoch 782/1250 - train 0.039494 - val 0.311423
Epoch 783/1250 - train 0.039363 - val 0.311572
Epoch 784/1250 - train 0.039449 - val 0.311146
Epoch 785/1250 - train 0.039541 - val 0.312142
Epoch 786/1250 - train 0.039387 - val 0.313719
Epoch 787/1250 - train 0.039523 - val 0.311538
Epoch 788/1250 - train 0.039558 - val 0.313642
Epoch 789/1250 - train 0.039267 - val 0.312693
Epoch 790/1250 - train 0.039472 - val 0.312084
Epoch 791/1250 - train 0.039179 - val 0.312269
Epoch 792/1250 - train 0.039245 - val 0.312246
Epoch 793/1250 - train 0.039388 - val 0.312300
Epoch 794/1250 - train 0.039489 - val 0.312722
Epoch 795/1250 - train 0.039434 - val 0.311384
Epoch 796/1250 - train 0.039305 - val 0.313442
Epoch 797/1250 - train 0.039319 - val 0.312543
Epoch 798/1250 - train 0.038982 - val 0.312755
Epoch 799/1250 - train 0.039187 - val 0.312512
Epoch 800/1250 - train 0.039262 - val 0.312947
Epoch 801/1250 - train 0.039165 - val 0.311796
Epoch 802/1250 - train 0.039111 - val 0.313069
Epoch 803/1250 - train 0.039252 - val 0.313001
Epoch 804/1250 - train 0.039215 - val 0.314232
Epoch 805/1250 - train 0.039134 - val 0.312734
Epoch 806/1250 - train 0.038944 - val 0.313160
Epoch 807/1250 - train 0.039380 - val 0.311800
Epoch 808/1250 - train 0.039300 - val 0.312339
Epoch 809/1250 - train 0.039269 - val 0.312023
Epoch 810/1250 - train 0.039064 - val 0.312513
Epoch 811/1250 - train 0.039015 - val 0.312547
Epoch 812/1250 - train 0.039164 - val 0.312829
Epoch 813/1250 - train 0.038969 - val 0.312768
Epoch 814/1250 - train 0.039022 - val 0.312753
Epoch 815/1250 - train 0.039062 - val 0.312447
Epoch 816/1250 - train 0.038986 - val 0.312753
Epoch 817/1250 - train 0.039130 - val 0.313118
Epoch 818/1250 - train 0.039007 - val 0.312395
Epoch 819/1250 - train 0.039180 - val 0.312060
Epoch 820/1250 - train 0.039020 - val 0.313212
Epoch 821/1250 - train 0.038873 - val 0.313245
Epoch 822/1250 - train 0.038977 - val 0.313398
Epoch 823/1250 - train 0.038649 - val 0.311981
Epoch 824/1250 - train 0.039085 - val 0.312562
Epoch 825/1250 - train 0.039099 - val 0.313926
Epoch 826/1250 - train 0.038901 - val 0.312885
Epoch 827/1250 - train 0.038756 - val 0.312515
Epoch 828/1250 - train 0.038949 - val 0.313920
Epoch 829/1250 - train 0.038776 - val 0.313644
Epoch 830/1250 - train 0.038791 - val 0.312621
Epoch 831/1250 - train 0.038910 - val 0.313294
Epoch 832/1250 - train 0.038773 - val 0.313550
Epoch 833/1250 - train 0.038694 - val 0.312936
Epoch 834/1250 - train 0.038683 - val 0.312478
Epoch 835/1250 - train 0.038740 - val 0.313465
Epoch 836/1250 - train 0.038772 - val 0.314088
Epoch 837/1250 - train 0.038623 - val 0.313324
Epoch 838/1250 - train 0.038576 - val 0.312775
Epoch 839/1250 - train 0.038916 - val 0.313326
Epoch 840/1250 - train 0.038731 - val 0.313539
Epoch 841/1250 - train 0.038604 - val 0.312751
Epoch 842/1250 - train 0.038631 - val 0.312889
Epoch 843/1250 - train 0.038533 - val 0.312918
Epoch 844/1250 - train 0.038644 - val 0.314528
Epoch 845/1250 - train 0.038602 - val 0.313036
Epoch 846/1250 - train 0.038701 - val 0.313980
Epoch 847/1250 - train 0.038725 - val 0.312883
Epoch 848/1250 - train 0.038541 - val 0.313207
Epoch 849/1250 - train 0.038552 - val 0.313122
Epoch 850/1250 - train 0.038500 - val 0.313291
Epoch 851/1250 - train 0.038558 - val 0.313737
Epoch 852/1250 - train 0.038575 - val 0.313589
Epoch 853/1250 - train 0.038723 - val 0.313352
Epoch 854/1250 - train 0.038655 - val 0.312919
Epoch 855/1250 - train 0.038400 - val 0.314143
Epoch 856/1250 - train 0.038552 - val 0.314349
Epoch 857/1250 - train 0.038653 - val 0.313165
Epoch 858/1250 - train 0.038653 - val 0.313606
Epoch 859/1250 - train 0.038457 - val 0.313891
Epoch 860/1250 - train 0.038438 - val 0.314581
Epoch 861/1250 - train 0.038323 - val 0.314151
Epoch 862/1250 - train 0.038409 - val 0.312625
Epoch 863/1250 - train 0.038458 - val 0.313853
Epoch 864/1250 - train 0.038550 - val 0.314238
Epoch 865/1250 - train 0.038360 - val 0.313565
Epoch 866/1250 - train 0.038430 - val 0.313478
Epoch 867/1250 - train 0.038520 - val 0.313089
Epoch 868/1250 - train 0.038302 - val 0.313586
Epoch 869/1250 - train 0.038314 - val 0.314334
Epoch 870/1250 - train 0.038352 - val 0.314433
Epoch 871/1250 - train 0.038262 - val 0.314257
Epoch 872/1250 - train 0.038347 - val 0.313798
Epoch 873/1250 - train 0.038322 - val 0.313975
Epoch 874/1250 - train 0.038398 - val 0.313873
Epoch 875/1250 - train 0.038301 - val 0.313457
Epoch 876/1250 - train 0.038110 - val 0.314006
Epoch 877/1250 - train 0.038187 - val 0.312440
Epoch 878/1250 - train 0.038297 - val 0.314377
Epoch 879/1250 - train 0.038230 - val 0.313863
Epoch 880/1250 - train 0.038158 - val 0.314347
Epoch 881/1250 - train 0.038248 - val 0.313963
Epoch 882/1250 - train 0.038280 - val 0.314279
Epoch 883/1250 - train 0.038193 - val 0.314394
Epoch 884/1250 - train 0.038041 - val 0.313078
Epoch 885/1250 - train 0.038239 - val 0.313518
Epoch 886/1250 - train 0.038035 - val 0.313651
Epoch 887/1250 - train 0.038123 - val 0.315149
Epoch 888/1250 - train 0.038172 - val 0.313318
Epoch 889/1250 - train 0.038156 - val 0.314160
Epoch 890/1250 - train 0.038098 - val 0.313559
Epoch 891/1250 - train 0.038020 - val 0.313568
Epoch 892/1250 - train 0.038173 - val 0.314199
Epoch 893/1250 - train 0.037965 - val 0.315187
Epoch 894/1250 - train 0.038107 - val 0.314003
Epoch 895/1250 - train 0.038157 - val 0.314022
Epoch 896/1250 - train 0.037923 - val 0.314848
Epoch 897/1250 - train 0.038179 - val 0.313960
Epoch 898/1250 - train 0.037931 - val 0.313532
Epoch 899/1250 - train 0.037959 - val 0.313290
Epoch 900/1250 - train 0.037789 - val 0.314838
Epoch 901/1250 - train 0.037816 - val 0.314022
Epoch 902/1250 - train 0.038093 - val 0.314181
Epoch 903/1250 - train 0.038153 - val 0.314023
Epoch 904/1250 - train 0.037835 - val 0.314779
Epoch 905/1250 - train 0.038018 - val 0.314903
Epoch 906/1250 - train 0.038012 - val 0.314611
Epoch 907/1250 - train 0.037948 - val 0.314514
Epoch 908/1250 - train 0.037977 - val 0.314317
Epoch 909/1250 - train 0.037856 - val 0.314428
Epoch 910/1250 - train 0.037828 - val 0.314721
Epoch 911/1250 - train 0.037755 - val 0.315028
Epoch 912/1250 - train 0.037831 - val 0.314377
Epoch 913/1250 - train 0.037728 - val 0.313029
Epoch 914/1250 - train 0.037940 - val 0.314627
Epoch 915/1250 - train 0.037813 - val 0.314327
Epoch 916/1250 - train 0.038008 - val 0.314824
Epoch 917/1250 - train 0.037748 - val 0.314589
Epoch 918/1250 - train 0.037625 - val 0.314876
Epoch 919/1250 - train 0.037671 - val 0.314700
Epoch 920/1250 - train 0.037755 - val 0.314736
Epoch 921/1250 - train 0.037661 - val 0.314499
Epoch 922/1250 - train 0.037761 - val 0.314483
Epoch 923/1250 - train 0.037801 - val 0.314900
Epoch 924/1250 - train 0.037674 - val 0.314343
Epoch 925/1250 - train 0.037640 - val 0.313913
Epoch 926/1250 - train 0.037592 - val 0.314817
Epoch 927/1250 - train 0.037640 - val 0.315132
Epoch 928/1250 - train 0.037766 - val 0.315262
Epoch 929/1250 - train 0.037908 - val 0.314836
Epoch 930/1250 - train 0.037710 - val 0.315519
Epoch 931/1250 - train 0.037717 - val 0.315096
Epoch 932/1250 - train 0.037568 - val 0.315162
Epoch 933/1250 - train 0.037571 - val 0.314146
Epoch 934/1250 - train 0.037669 - val 0.314386
Epoch 935/1250 - train 0.037561 - val 0.314983
Epoch 936/1250 - train 0.037960 - val 0.314867
Epoch 937/1250 - train 0.037584 - val 0.313661
Epoch 938/1250 - train 0.037678 - val 0.314716
Epoch 939/1250 - train 0.037406 - val 0.314738
Epoch 940/1250 - train 0.037574 - val 0.315397
Epoch 941/1250 - train 0.037635 - val 0.313789
Epoch 942/1250 - train 0.037503 - val 0.315266
Epoch 943/1250 - train 0.037557 - val 0.316113
Epoch 944/1250 - train 0.037671 - val 0.315369
Epoch 945/1250 - train 0.037627 - val 0.314814
Epoch 946/1250 - train 0.037591 - val 0.315421
Epoch 947/1250 - train 0.037486 - val 0.315246
Epoch 948/1250 - train 0.037371 - val 0.315218
Epoch 949/1250 - train 0.037384 - val 0.314666
Epoch 950/1250 - train 0.037262 - val 0.315938
Epoch 951/1250 - train 0.037591 - val 0.314896
Epoch 952/1250 - train 0.037434 - val 0.315243
Epoch 953/1250 - train 0.037552 - val 0.315135
Epoch 954/1250 - train 0.037552 - val 0.315294
Epoch 955/1250 - train 0.037283 - val 0.314892
Epoch 956/1250 - train 0.037416 - val 0.315206
Epoch 957/1250 - train 0.037477 - val 0.315063
Epoch 958/1250 - train 0.037231 - val 0.315096
Epoch 959/1250 - train 0.037418 - val 0.316126
Epoch 960/1250 - train 0.037440 - val 0.315137
Epoch 961/1250 - train 0.037407 - val 0.314648
Epoch 962/1250 - train 0.037281 - val 0.314729
Epoch 963/1250 - train 0.037501 - val 0.315200
Epoch 964/1250 - train 0.037271 - val 0.314914
Epoch 965/1250 - train 0.037152 - val 0.315196
Epoch 966/1250 - train 0.037136 - val 0.315827
Epoch 967/1250 - train 0.037290 - val 0.315030
Epoch 968/1250 - train 0.037180 - val 0.315321
Epoch 969/1250 - train 0.037324 - val 0.315987
Epoch 970/1250 - train 0.037275 - val 0.315324
Epoch 971/1250 - train 0.037218 - val 0.315296
Epoch 972/1250 - train 0.037092 - val 0.315676
Epoch 973/1250 - train 0.037189 - val 0.314496
Epoch 974/1250 - train 0.037187 - val 0.316043
Epoch 975/1250 - train 0.037322 - val 0.315562
Epoch 976/1250 - train 0.037239 - val 0.316532
Epoch 977/1250 - train 0.037158 - val 0.315676
Epoch 978/1250 - train 0.037159 - val 0.316168
Epoch 979/1250 - train 0.037311 - val 0.315760
Epoch 980/1250 - train 0.036973 - val 0.315463
Epoch 981/1250 - train 0.037111 - val 0.314444
Epoch 982/1250 - train 0.037099 - val 0.315339
Epoch 983/1250 - train 0.037092 - val 0.316626
Epoch 984/1250 - train 0.037231 - val 0.315117
Epoch 985/1250 - train 0.037048 - val 0.315543
Epoch 986/1250 - train 0.036995 - val 0.314670
Epoch 987/1250 - train 0.037085 - val 0.315477
Epoch 988/1250 - train 0.036989 - val 0.315093
Epoch 989/1250 - train 0.037201 - val 0.316123
Epoch 990/1250 - train 0.037332 - val 0.314157
Epoch 991/1250 - train 0.037079 - val 0.315914
Epoch 992/1250 - train 0.036949 - val 0.315244
Epoch 993/1250 - train 0.036988 - val 0.314653
Epoch 994/1250 - train 0.036801 - val 0.315512
Epoch 995/1250 - train 0.037211 - val 0.315414
Epoch 996/1250 - train 0.036975 - val 0.316535
Epoch 997/1250 - train 0.036803 - val 0.315637
Epoch 998/1250 - train 0.037092 - val 0.315940
Epoch 999/1250 - train 0.036959 - val 0.315916
Epoch 1000/1250 - train 0.036986 - val 0.314808
Epoch 1001/1250 - train 0.037028 - val 0.315333
Epoch 1002/1250 - train 0.036876 - val 0.316227
Epoch 1003/1250 - train 0.036686 - val 0.315313
Epoch 1004/1250 - train 0.036921 - val 0.316342
Epoch 1005/1250 - train 0.036964 - val 0.314967
Epoch 1006/1250 - train 0.036795 - val 0.315011
Epoch 1007/1250 - train 0.036919 - val 0.314776
Epoch 1008/1250 - train 0.036852 - val 0.316245
Epoch 1009/1250 - train 0.036823 - val 0.315619
Epoch 1010/1250 - train 0.036768 - val 0.315478
Epoch 1011/1250 - train 0.036868 - val 0.316008
Epoch 1012/1250 - train 0.037040 - val 0.316503
Epoch 1013/1250 - train 0.036947 - val 0.316053
Epoch 1014/1250 - train 0.036724 - val 0.316160
Epoch 1015/1250 - train 0.036557 - val 0.315049
Epoch 1016/1250 - train 0.036655 - val 0.316088
Epoch 1017/1250 - train 0.036828 - val 0.315873
Epoch 1018/1250 - train 0.036731 - val 0.316082
Epoch 1019/1250 - train 0.036814 - val 0.315581
Epoch 1020/1250 - train 0.036973 - val 0.315604
Epoch 1021/1250 - train 0.036780 - val 0.316342
Epoch 1022/1250 - train 0.036705 - val 0.316266
Epoch 1023/1250 - train 0.036681 - val 0.316166
Epoch 1024/1250 - train 0.036730 - val 0.315983
Epoch 1025/1250 - train 0.036533 - val 0.316643
Epoch 1026/1250 - train 0.036552 - val 0.316267
Epoch 1027/1250 - train 0.036637 - val 0.315541
Epoch 1028/1250 - train 0.036810 - val 0.316151
Epoch 1029/1250 - train 0.036577 - val 0.315770
Epoch 1030/1250 - train 0.036605 - val 0.316539
Epoch 1031/1250 - train 0.036841 - val 0.316822
Epoch 1032/1250 - train 0.036671 - val 0.315750
Epoch 1033/1250 - train 0.036585 - val 0.315723
Epoch 1034/1250 - train 0.036638 - val 0.315253
Epoch 1035/1250 - train 0.036718 - val 0.315722
Epoch 1036/1250 - train 0.036469 - val 0.316739
Epoch 1037/1250 - train 0.036744 - val 0.316030
Epoch 1038/1250 - train 0.036574 - val 0.316191
Epoch 1039/1250 - train 0.036778 - val 0.315422
Epoch 1040/1250 - train 0.036607 - val 0.315749
Epoch 1041/1250 - train 0.036535 - val 0.317253
Epoch 1042/1250 - train 0.036535 - val 0.316449
Epoch 1043/1250 - train 0.036485 - val 0.316525
Epoch 1044/1250 - train 0.036513 - val 0.316767
Epoch 1045/1250 - train 0.036542 - val 0.315963
Epoch 1046/1250 - train 0.036509 - val 0.316757
Epoch 1047/1250 - train 0.036481 - val 0.316323
Epoch 1048/1250 - train 0.036619 - val 0.316480
Epoch 1049/1250 - train 0.036399 - val 0.317072
Epoch 1050/1250 - train 0.036324 - val 0.316853
Epoch 1051/1250 - train 0.036595 - val 0.315755
Epoch 1052/1250 - train 0.036575 - val 0.316563
Epoch 1053/1250 - train 0.036391 - val 0.316387
Epoch 1054/1250 - train 0.036433 - val 0.317325
Epoch 1055/1250 - train 0.036539 - val 0.316885
Epoch 1056/1250 - train 0.036374 - val 0.315979
Epoch 1057/1250 - train 0.036420 - val 0.316386
Epoch 1058/1250 - train 0.036360 - val 0.316554
Epoch 1059/1250 - train 0.036518 - val 0.316695
Epoch 1060/1250 - train 0.036295 - val 0.317085
Epoch 1061/1250 - train 0.036293 - val 0.317146
Epoch 1062/1250 - train 0.036403 - val 0.316855
Epoch 1063/1250 - train 0.036340 - val 0.316197
Epoch 1064/1250 - train 0.036349 - val 0.316040
Epoch 1065/1250 - train 0.036449 - val 0.316773
Epoch 1066/1250 - train 0.036371 - val 0.315124
Epoch 1067/1250 - train 0.036350 - val 0.318157
Epoch 1068/1250 - train 0.036502 - val 0.317115
Epoch 1069/1250 - train 0.036357 - val 0.316091
Epoch 1070/1250 - train 0.036225 - val 0.316098
Epoch 1071/1250 - train 0.036239 - val 0.316800
Epoch 1072/1250 - train 0.036179 - val 0.316417
Epoch 1073/1250 - train 0.036308 - val 0.316727
Epoch 1074/1250 - train 0.036424 - val 0.317580
Epoch 1075/1250 - train 0.036329 - val 0.316445
Epoch 1076/1250 - train 0.036204 - val 0.316259
Epoch 1077/1250 - train 0.036232 - val 0.316919
Epoch 1078/1250 - train 0.035982 - val 0.316475
Epoch 1079/1250 - train 0.036159 - val 0.316260
Epoch 1080/1250 - train 0.036331 - val 0.316585
Epoch 1081/1250 - train 0.036224 - val 0.317970
Epoch 1082/1250 - train 0.036309 - val 0.317592
Epoch 1083/1250 - train 0.036136 - val 0.317559
Epoch 1084/1250 - train 0.036201 - val 0.317086
Epoch 1085/1250 - train 0.036172 - val 0.316727
Epoch 1086/1250 - train 0.036142 - val 0.316833
Epoch 1087/1250 - train 0.036393 - val 0.316899
Epoch 1088/1250 - train 0.036104 - val 0.316169
Epoch 1089/1250 - train 0.036079 - val 0.317232
Epoch 1090/1250 - train 0.036059 - val 0.316893
Epoch 1091/1250 - train 0.036025 - val 0.317560
Epoch 1092/1250 - train 0.036298 - val 0.317303
Epoch 1093/1250 - train 0.036107 - val 0.317275
Epoch 1094/1250 - train 0.036234 - val 0.316442
Epoch 1095/1250 - train 0.036028 - val 0.317034
Epoch 1096/1250 - train 0.036065 - val 0.317418
Epoch 1097/1250 - train 0.036096 - val 0.317340
Epoch 1098/1250 - train 0.036010 - val 0.316345
Epoch 1099/1250 - train 0.036096 - val 0.317658
Epoch 1100/1250 - train 0.036289 - val 0.317684
Epoch 1101/1250 - train 0.036108 - val 0.316925
Epoch 1102/1250 - train 0.035950 - val 0.317047
Epoch 1103/1250 - train 0.035859 - val 0.316232
Epoch 1104/1250 - train 0.036123 - val 0.315878
Epoch 1105/1250 - train 0.036448 - val 0.317392
Epoch 1106/1250 - train 0.035951 - val 0.316987
Epoch 1107/1250 - train 0.035794 - val 0.317817
Epoch 1108/1250 - train 0.035882 - val 0.316686
Epoch 1109/1250 - train 0.035970 - val 0.316954
Epoch 1110/1250 - train 0.036030 - val 0.317580
Epoch 1111/1250 - train 0.035906 - val 0.317080
Epoch 1112/1250 - train 0.035904 - val 0.316612
Epoch 1113/1250 - train 0.036078 - val 0.316844
Epoch 1114/1250 - train 0.035966 - val 0.317071
Epoch 1115/1250 - train 0.035984 - val 0.316954
Epoch 1116/1250 - train 0.035861 - val 0.317885
Epoch 1117/1250 - train 0.035906 - val 0.317830
Epoch 1118/1250 - train 0.036015 - val 0.317244
Epoch 1119/1250 - train 0.035895 - val 0.317508
Epoch 1120/1250 - train 0.035836 - val 0.317746
Epoch 1121/1250 - train 0.036132 - val 0.318291
Epoch 1122/1250 - train 0.035683 - val 0.316417
Epoch 1123/1250 - train 0.035695 - val 0.317675
Epoch 1124/1250 - train 0.035857 - val 0.317932
Epoch 1125/1250 - train 0.035903 - val 0.317732
Epoch 1126/1250 - train 0.035864 - val 0.317634
Epoch 1127/1250 - train 0.035693 - val 0.317749
Epoch 1128/1250 - train 0.035943 - val 0.317638
Epoch 1129/1250 - train 0.035887 - val 0.317393
Epoch 1130/1250 - train 0.036070 - val 0.318040
Epoch 1131/1250 - train 0.035707 - val 0.317862
Epoch 1132/1250 - train 0.035687 - val 0.318086
Epoch 1133/1250 - train 0.035959 - val 0.317159
Epoch 1134/1250 - train 0.035759 - val 0.317962
Epoch 1135/1250 - train 0.035742 - val 0.317602
Epoch 1136/1250 - train 0.035768 - val 0.317263
Epoch 1137/1250 - train 0.035824 - val 0.318576
Epoch 1138/1250 - train 0.035767 - val 0.317331
Epoch 1139/1250 - train 0.035813 - val 0.317457
Epoch 1140/1250 - train 0.035806 - val 0.317320
Epoch 1141/1250 - train 0.035480 - val 0.317034
Epoch 1142/1250 - train 0.035690 - val 0.317504
Epoch 1143/1250 - train 0.035527 - val 0.317534
Epoch 1144/1250 - train 0.035850 - val 0.317589
Epoch 1145/1250 - train 0.035753 - val 0.317599
Epoch 1146/1250 - train 0.035834 - val 0.317444
Epoch 1147/1250 - train 0.035597 - val 0.317720
Epoch 1148/1250 - train 0.035601 - val 0.318823
Epoch 1149/1250 - train 0.035799 - val 0.317478
Epoch 1150/1250 - train 0.035609 - val 0.317205
Epoch 1151/1250 - train 0.035686 - val 0.319202
Epoch 1152/1250 - train 0.035562 - val 0.318074
Epoch 1153/1250 - train 0.035544 - val 0.317931
Epoch 1154/1250 - train 0.035726 - val 0.318136
Epoch 1155/1250 - train 0.035717 - val 0.318141
Epoch 1156/1250 - train 0.035611 - val 0.317661
Epoch 1157/1250 - train 0.035567 - val 0.318111
Epoch 1158/1250 - train 0.035469 - val 0.317668
Epoch 1159/1250 - train 0.035532 - val 0.317887
Epoch 1160/1250 - train 0.035589 - val 0.317046
Epoch 1161/1250 - train 0.035610 - val 0.317936
Epoch 1162/1250 - train 0.035671 - val 0.317646
Epoch 1163/1250 - train 0.035579 - val 0.317039
Epoch 1164/1250 - train 0.035646 - val 0.318468
Epoch 1165/1250 - train 0.035307 - val 0.317159
Epoch 1166/1250 - train 0.035583 - val 0.318211
Epoch 1167/1250 - train 0.035476 - val 0.318198
Epoch 1168/1250 - train 0.035624 - val 0.318295
Epoch 1169/1250 - train 0.035479 - val 0.318215
Epoch 1170/1250 - train 0.035389 - val 0.318618
Epoch 1171/1250 - train 0.035493 - val 0.317569
Epoch 1172/1250 - train 0.035483 - val 0.317042
Epoch 1173/1250 - train 0.035499 - val 0.317732
Epoch 1174/1250 - train 0.035521 - val 0.317519
Epoch 1175/1250 - train 0.035355 - val 0.318233
Epoch 1176/1250 - train 0.035497 - val 0.318251
Epoch 1177/1250 - train 0.035426 - val 0.318011
Epoch 1178/1250 - train 0.035318 - val 0.317673
Epoch 1179/1250 - train 0.035425 - val 0.317947
Epoch 1180/1250 - train 0.035397 - val 0.317771
Epoch 1181/1250 - train 0.035575 - val 0.318454
Epoch 1182/1250 - train 0.035388 - val 0.318878
Epoch 1183/1250 - train 0.035356 - val 0.317767
Epoch 1184/1250 - train 0.035231 - val 0.318268
Epoch 1185/1250 - train 0.035379 - val 0.318584
Epoch 1186/1250 - train 0.035577 - val 0.318007
Epoch 1187/1250 - train 0.035369 - val 0.317813
Epoch 1188/1250 - train 0.035275 - val 0.318380
Epoch 1189/1250 - train 0.035118 - val 0.318572
Epoch 1190/1250 - train 0.035404 - val 0.317355
Epoch 1191/1250 - train 0.035418 - val 0.318184
Epoch 1192/1250 - train 0.035418 - val 0.318116
Epoch 1193/1250 - train 0.035298 - val 0.318536
Epoch 1194/1250 - train 0.035071 - val 0.318204
Epoch 1195/1250 - train 0.035049 - val 0.318176
Epoch 1196/1250 - train 0.035413 - val 0.318382
Epoch 1197/1250 - train 0.035396 - val 0.318678
Epoch 1198/1250 - train 0.035331 - val 0.318561
Epoch 1199/1250 - train 0.035265 - val 0.318906
Epoch 1200/1250 - train 0.035390 - val 0.318339
Epoch 1201/1250 - train 0.035300 - val 0.318926
Epoch 1202/1250 - train 0.035235 - val 0.319147
Epoch 1203/1250 - train 0.035218 - val 0.319460
Epoch 1204/1250 - train 0.035388 - val 0.318759
Epoch 1205/1250 - train 0.035221 - val 0.318289
Epoch 1206/1250 - train 0.035203 - val 0.318726
Epoch 1207/1250 - train 0.035094 - val 0.318876
Epoch 1208/1250 - train 0.035123 - val 0.318815
Epoch 1209/1250 - train 0.035196 - val 0.318912
Epoch 1210/1250 - train 0.035324 - val 0.318410
Epoch 1211/1250 - train 0.035284 - val 0.318514
Epoch 1212/1250 - train 0.035159 - val 0.317923
Epoch 1213/1250 - train 0.035098 - val 0.318126
Epoch 1214/1250 - train 0.035172 - val 0.318149
Epoch 1215/1250 - train 0.035310 - val 0.318967
Epoch 1216/1250 - train 0.035241 - val 0.317919
Epoch 1217/1250 - train 0.035121 - val 0.318083
Epoch 1218/1250 - train 0.035053 - val 0.319617
Epoch 1219/1250 - train 0.035087 - val 0.318140
Epoch 1220/1250 - train 0.035042 - val 0.318923
Epoch 1221/1250 - train 0.035096 - val 0.318081
Epoch 1222/1250 - train 0.035223 - val 0.318190
Epoch 1223/1250 - train 0.035086 - val 0.319334
Epoch 1224/1250 - train 0.034938 - val 0.318890
Epoch 1225/1250 - train 0.035120 - val 0.317834
Epoch 1226/1250 - train 0.034968 - val 0.319165
Epoch 1227/1250 - train 0.035154 - val 0.319275
Epoch 1228/1250 - train 0.035074 - val 0.318423
Epoch 1229/1250 - train 0.035017 - val 0.318082
Epoch 1230/1250 - train 0.034944 - val 0.318563
Epoch 1231/1250 - train 0.035005 - val 0.319589
Epoch 1232/1250 - train 0.035037 - val 0.317795
Epoch 1233/1250 - train 0.034952 - val 0.318537
Epoch 1234/1250 - train 0.035134 - val 0.318641
Epoch 1235/1250 - train 0.035116 - val 0.319188
Epoch 1236/1250 - train 0.034938 - val 0.318743
Epoch 1237/1250 - train 0.035045 - val 0.319265
Epoch 1238/1250 - train 0.034883 - val 0.319645
Epoch 1239/1250 - train 0.034914 - val 0.319534
Epoch 1240/1250 - train 0.034950 - val 0.319060
Epoch 1241/1250 - train 0.035053 - val 0.319486
Epoch 1242/1250 - train 0.034949 - val 0.318635
Epoch 1243/1250 - train 0.035019 - val 0.319414
Epoch 1244/1250 - train 0.034977 - val 0.318637
Epoch 1245/1250 - train 0.034727 - val 0.319117
Epoch 1246/1250 - train 0.034984 - val 0.319801
Epoch 1247/1250 - train 0.035026 - val 0.319836
Epoch 1248/1250 - train 0.034907 - val 0.319725
Epoch 1249/1250 - train 0.034869 - val 0.319900
Epoch 1250/1250 - train 0.035015 - val 0.319118
Saved model to /scratch/network/ak9088/NASA-RL-Wavefront-Control/RL/jobs/20251227_000820/exp-fc1-zscore-ep1250-bs256-lr1e-3-s42-h512-256-128-images-mc0/fc1_best.pth
