usage: data_generator.py [-h] [--N N] [--delta-t DELTA_T] [--noise-enabled]
                         [--dm-random-noise DM_RANDOM_NOISE]
                         [--ood-noise OOD_NOISE]
                         [--dm-random-noise-std DM_RANDOM_NOISE_STD]
                         [--nudge-amplitude NUDGE_AMPLITUDE]
                         [--nudge-mode-index NUDGE_MODE_INDEX]
                         [--checkpoints [CHECKPOINTS ...]]
                         [--telescope-diameter TELESCOPE_DIAMETER]
                         [--oversizing-factor OVERSIZING_FACTOR]
                         [--wavelength-sci WAVELENGTH_SCI]
                         [--num-modes NUM_MODES]
                         [--zero-magnitude-flux ZERO_MAGNITUDE_FLUX]
                         [--stellar-magnitude STELLAR_MAGNITUDE]
                         [--env-delta-t ENV_DELTA_T] [--pixels PIXELS]
                         [--num-iterations NUM_ITERATIONS]
                         [--coronagraph-charge CORONAGRAPH_CHARGE]
                         [--num-airy NUM_AIRY]
                         [--pixels-per-spacial-res PIXELS_PER_SPACIAL_RES]
                         [--num-noise-modes NUM_NOISE_MODES]
                         [--diversity-enabled] [--no-diversity]
                         [--nudge-magnitude NUDGE_MAGNITUDE]
                         [--nudge-mode-indices [NUDGE_MODE_INDICES ...]]
                         [--num-diversity-pairs NUM_DIVERSITY_PAIRS]
                         [--obs-noise-enabled] [--no-obs-noise]
                         [--obs-noise-level OBS_NOISE_LEVEL]
                         [--obs-delta-t OBS_DELTA_T] [--include-slopes]
                         [--no-slopes] [--action-scale ACTION_SCALE]
                         [--dm-clip DM_CLIP] [--lyot-fraction LYOT_FRACTION]
                         [--basis-type {harmonic,zernike,orthogonal}]
                         [--gen-ood-noise] [--output OUTPUT]
data_generator.py: error: unrecognized arguments: ----dm-random-noise-std 1e-8
usage: data_generator.py [-h] [--N N] [--delta-t DELTA_T] [--noise-enabled]
                         [--dm-random-noise DM_RANDOM_NOISE]
                         [--ood-noise OOD_NOISE]
                         [--dm-random-noise-std DM_RANDOM_NOISE_STD]
                         [--nudge-amplitude NUDGE_AMPLITUDE]
                         [--nudge-mode-index NUDGE_MODE_INDEX]
                         [--checkpoints [CHECKPOINTS ...]]
                         [--telescope-diameter TELESCOPE_DIAMETER]
                         [--oversizing-factor OVERSIZING_FACTOR]
                         [--wavelength-sci WAVELENGTH_SCI]
                         [--num-modes NUM_MODES]
                         [--zero-magnitude-flux ZERO_MAGNITUDE_FLUX]
                         [--stellar-magnitude STELLAR_MAGNITUDE]
                         [--env-delta-t ENV_DELTA_T] [--pixels PIXELS]
                         [--num-iterations NUM_ITERATIONS]
                         [--coronagraph-charge CORONAGRAPH_CHARGE]
                         [--num-airy NUM_AIRY]
                         [--pixels-per-spacial-res PIXELS_PER_SPACIAL_RES]
                         [--num-noise-modes NUM_NOISE_MODES]
                         [--diversity-enabled] [--no-diversity]
                         [--nudge-magnitude NUDGE_MAGNITUDE]
                         [--nudge-mode-indices [NUDGE_MODE_INDICES ...]]
                         [--num-diversity-pairs NUM_DIVERSITY_PAIRS]
                         [--obs-noise-enabled] [--no-obs-noise]
                         [--obs-noise-level OBS_NOISE_LEVEL]
                         [--obs-delta-t OBS_DELTA_T] [--include-slopes]
                         [--no-slopes] [--action-scale ACTION_SCALE]
                         [--dm-clip DM_CLIP] [--lyot-fraction LYOT_FRACTION]
                         [--basis-type {harmonic,zernike,orthogonal}]
                         [--gen-ood-noise] [--output OUTPUT]
data_generator.py: error: unrecognized arguments: ----dm-random-noise-std 3e-8
usage: data_generator.py [-h] [--N N] [--delta-t DELTA_T] [--noise-enabled]
                         [--dm-random-noise DM_RANDOM_NOISE]
                         [--ood-noise OOD_NOISE]
                         [--dm-random-noise-std DM_RANDOM_NOISE_STD]
                         [--nudge-amplitude NUDGE_AMPLITUDE]
                         [--nudge-mode-index NUDGE_MODE_INDEX]
                         [--checkpoints [CHECKPOINTS ...]]
                         [--telescope-diameter TELESCOPE_DIAMETER]
                         [--oversizing-factor OVERSIZING_FACTOR]
                         [--wavelength-sci WAVELENGTH_SCI]
                         [--num-modes NUM_MODES]
                         [--zero-magnitude-flux ZERO_MAGNITUDE_FLUX]
                         [--stellar-magnitude STELLAR_MAGNITUDE]
                         [--env-delta-t ENV_DELTA_T] [--pixels PIXELS]
                         [--num-iterations NUM_ITERATIONS]
                         [--coronagraph-charge CORONAGRAPH_CHARGE]
                         [--num-airy NUM_AIRY]
                         [--pixels-per-spacial-res PIXELS_PER_SPACIAL_RES]
                         [--num-noise-modes NUM_NOISE_MODES]
                         [--diversity-enabled] [--no-diversity]
                         [--nudge-magnitude NUDGE_MAGNITUDE]
                         [--nudge-mode-indices [NUDGE_MODE_INDICES ...]]
                         [--num-diversity-pairs NUM_DIVERSITY_PAIRS]
                         [--obs-noise-enabled] [--no-obs-noise]
                         [--obs-noise-level OBS_NOISE_LEVEL]
                         [--obs-delta-t OBS_DELTA_T] [--include-slopes]
                         [--no-slopes] [--action-scale ACTION_SCALE]
                         [--dm-clip DM_CLIP] [--lyot-fraction LYOT_FRACTION]
                         [--basis-type {harmonic,zernike,orthogonal}]
                         [--gen-ood-noise] [--output OUTPUT]
data_generator.py: error: unrecognized arguments: ----dm-random-noise-std 9e-8
