y: [[-2.35998277e-02 -2.75871515e-01  6.02177918e-01 ... -1.45009488e-01
   1.37586817e-01  5.20542969e-08]
 [ 2.95631289e-01 -5.61051369e-01  7.74623975e-02 ...  2.91730184e-02
  -7.50362873e-02  4.47253754e-08]
 [-3.29329483e-02 -6.01176620e-02  3.24746937e-01 ...  2.15225220e-02
   1.27907038e-01  4.16605346e-08]
 ...
 [-4.33955073e-01 -4.90099400e-01 -1.55435922e-02 ...  3.90027910e-02
   1.10533364e-01  3.87430106e-08]
 [ 5.37902117e-01 -1.41388550e-01  5.18994570e-01 ...  1.73039939e-02
   7.44224042e-02  5.09173859e-08]
 [ 4.88248914e-01  5.02021909e-01  1.60611402e-02 ...  2.46921293e-02
  -7.26920664e-02  4.84270082e-08]]
Dataset loaded: N=100000 (original 100000), C=3, H=20, W=20, y_dim=26
using device: cpu
Epoch 1/1250 - train 0.332607 - val 0.187435
Epoch 2/1250 - train 0.219257 - val 0.145855
Epoch 3/1250 - train 0.194871 - val 0.141126
Epoch 4/1250 - train 0.183099 - val 0.125303
Epoch 5/1250 - train 0.176535 - val 0.118604
Epoch 6/1250 - train 0.170953 - val 0.123622
Epoch 7/1250 - train 0.167609 - val 0.115085
Epoch 8/1250 - train 0.164585 - val 0.113693
Epoch 9/1250 - train 0.162089 - val 0.108278
Epoch 10/1250 - train 0.159929 - val 0.113597
Epoch 11/1250 - train 0.157870 - val 0.116165
Epoch 12/1250 - train 0.156281 - val 0.117055
Epoch 13/1250 - train 0.155279 - val 0.106351
Epoch 14/1250 - train 0.154802 - val 0.102777
Epoch 15/1250 - train 0.153903 - val 0.103313
Epoch 16/1250 - train 0.152415 - val 0.103383
Epoch 17/1250 - train 0.152126 - val 0.105772
Epoch 18/1250 - train 0.151875 - val 0.098989
Epoch 19/1250 - train 0.151659 - val 0.100964
Epoch 20/1250 - train 0.152056 - val 0.098844
Epoch 21/1250 - train 0.151014 - val 0.095489
Epoch 22/1250 - train 0.149976 - val 0.104950
Epoch 23/1250 - train 0.150245 - val 0.103272
Epoch 24/1250 - train 0.150294 - val 0.100844
Epoch 25/1250 - train 0.149944 - val 0.097421
Epoch 26/1250 - train 0.149736 - val 0.101302
Epoch 27/1250 - train 0.150061 - val 0.099770
Epoch 28/1250 - train 0.149451 - val 0.097460
Epoch 29/1250 - train 0.149483 - val 0.103561
Epoch 30/1250 - train 0.148874 - val 0.094755
Epoch 31/1250 - train 0.148770 - val 0.093722
Epoch 32/1250 - train 0.148145 - val 0.098052
Epoch 33/1250 - train 0.148405 - val 0.101911
Epoch 34/1250 - train 0.148468 - val 0.108170
Epoch 35/1250 - train 0.148630 - val 0.095263
Epoch 36/1250 - train 0.148795 - val 0.097441
Epoch 37/1250 - train 0.147879 - val 0.095837
Epoch 38/1250 - train 0.147609 - val 0.102226
Epoch 39/1250 - train 0.147269 - val 0.097148
Epoch 40/1250 - train 0.148443 - val 0.105128
Epoch 41/1250 - train 0.148052 - val 0.098904
Epoch 42/1250 - train 0.147646 - val 0.094834
Epoch 43/1250 - train 0.148049 - val 0.096239
Epoch 44/1250 - train 0.148104 - val 0.099106
Epoch 45/1250 - train 0.146985 - val 0.093753
Epoch 46/1250 - train 0.147193 - val 0.092017
Epoch 47/1250 - train 0.147631 - val 0.098643
Epoch 48/1250 - train 0.147154 - val 0.097223
Epoch 49/1250 - train 0.147467 - val 0.094872
Epoch 50/1250 - train 0.146406 - val 0.101074
Epoch 51/1250 - train 0.146586 - val 0.092799
Epoch 52/1250 - train 0.147365 - val 0.100658
Epoch 53/1250 - train 0.146893 - val 0.101521
Epoch 54/1250 - train 0.146072 - val 0.096697
Epoch 55/1250 - train 0.147401 - val 0.100206
Epoch 56/1250 - train 0.146353 - val 0.096762
Epoch 57/1250 - train 0.146409 - val 0.095549
Epoch 58/1250 - train 0.146855 - val 0.098554
Epoch 59/1250 - train 0.146722 - val 0.096065
Epoch 60/1250 - train 0.145913 - val 0.095281
Epoch 61/1250 - train 0.146656 - val 0.092035
Epoch 62/1250 - train 0.146213 - val 0.095178
Epoch 63/1250 - train 0.146667 - val 0.101389
Epoch 64/1250 - train 0.146416 - val 0.097285
Epoch 65/1250 - train 0.145619 - val 0.094637
Epoch 66/1250 - train 0.145718 - val 0.104709
Epoch 67/1250 - train 0.146554 - val 0.094056
Epoch 68/1250 - train 0.145847 - val 0.094083
Epoch 69/1250 - train 0.146250 - val 0.094384
Epoch 70/1250 - train 0.146601 - val 0.110080
Epoch 71/1250 - train 0.146146 - val 0.094101
Epoch 72/1250 - train 0.145688 - val 0.099115
Epoch 73/1250 - train 0.145926 - val 0.103994
Epoch 74/1250 - train 0.146201 - val 0.094714
Epoch 75/1250 - train 0.145609 - val 0.093098
Epoch 76/1250 - train 0.145801 - val 0.096592
Epoch 77/1250 - train 0.145886 - val 0.095896
Epoch 78/1250 - train 0.146267 - val 0.096154
Epoch 79/1250 - train 0.145535 - val 0.092198
Epoch 80/1250 - train 0.145424 - val 0.092998
Epoch 81/1250 - train 0.146347 - val 0.092996
Epoch 82/1250 - train 0.146300 - val 0.092977
Epoch 83/1250 - train 0.146022 - val 0.099933
Epoch 84/1250 - train 0.145824 - val 0.097285
Epoch 85/1250 - train 0.145486 - val 0.097318
Epoch 86/1250 - train 0.145811 - val 0.091593
Epoch 87/1250 - train 0.145359 - val 0.099183
Epoch 88/1250 - train 0.145860 - val 0.093468
Epoch 89/1250 - train 0.144867 - val 0.098136
Epoch 90/1250 - train 0.145001 - val 0.096642
Epoch 91/1250 - train 0.145711 - val 0.097023
Epoch 92/1250 - train 0.146461 - val 0.093606
Epoch 93/1250 - train 0.145562 - val 0.097324
Epoch 94/1250 - train 0.145040 - val 0.101468
Epoch 95/1250 - train 0.145379 - val 0.095202
Epoch 96/1250 - train 0.145757 - val 0.094502
Epoch 97/1250 - train 0.146114 - val 0.095461
Epoch 98/1250 - train 0.145775 - val 0.097907
Epoch 99/1250 - train 0.144534 - val 0.096418
Epoch 100/1250 - train 0.145266 - val 0.098275
Epoch 101/1250 - train 0.145904 - val 0.092181
Epoch 102/1250 - train 0.144826 - val 0.095401
Epoch 103/1250 - train 0.144709 - val 0.091938
Epoch 104/1250 - train 0.145295 - val 0.094128
Epoch 105/1250 - train 0.145538 - val 0.093329
Epoch 106/1250 - train 0.144967 - val 0.097771
Epoch 107/1250 - train 0.145622 - val 0.091023
Epoch 108/1250 - train 0.145012 - val 0.096464
Epoch 109/1250 - train 0.145537 - val 0.098290
Epoch 110/1250 - train 0.144814 - val 0.093688
Epoch 111/1250 - train 0.144843 - val 0.095190
Epoch 112/1250 - train 0.145840 - val 0.101024
Epoch 113/1250 - train 0.144797 - val 0.092172
Epoch 114/1250 - train 0.145201 - val 0.092343
Epoch 115/1250 - train 0.145459 - val 0.101280
Epoch 116/1250 - train 0.145258 - val 0.091741
Epoch 117/1250 - train 0.144835 - val 0.093374
Epoch 118/1250 - train 0.144892 - val 0.093007
Epoch 119/1250 - train 0.145071 - val 0.098819
Epoch 120/1250 - train 0.145308 - val 0.101610
Epoch 121/1250 - train 0.144219 - val 0.095462
Epoch 122/1250 - train 0.144898 - val 0.101723
Epoch 123/1250 - train 0.145319 - val 0.092004
Epoch 124/1250 - train 0.145557 - val 0.091944
Epoch 125/1250 - train 0.145140 - val 0.100415
Epoch 126/1250 - train 0.145806 - val 0.091305
Epoch 127/1250 - train 0.144475 - val 0.090573
Epoch 128/1250 - train 0.144940 - val 0.096609
Epoch 129/1250 - train 0.144925 - val 0.094198
Epoch 130/1250 - train 0.145384 - val 0.090787
Epoch 131/1250 - train 0.144591 - val 0.091451
Epoch 132/1250 - train 0.145399 - val 0.094929
Epoch 133/1250 - train 0.144456 - val 0.096187
Epoch 134/1250 - train 0.145433 - val 0.094312
Epoch 135/1250 - train 0.145013 - val 0.089951
Epoch 136/1250 - train 0.146424 - val 0.094064
Epoch 137/1250 - train 0.143992 - val 0.094331
Epoch 138/1250 - train 0.145982 - val 0.095105
Epoch 139/1250 - train 0.145371 - val 0.095158
Epoch 140/1250 - train 0.144795 - val 0.097697
Epoch 141/1250 - train 0.144583 - val 0.097141
Epoch 142/1250 - train 0.144608 - val 0.089195
Epoch 143/1250 - train 0.145990 - val 0.090864
Epoch 144/1250 - train 0.144777 - val 0.095686
Epoch 145/1250 - train 0.144562 - val 0.097802
Epoch 146/1250 - train 0.145725 - val 0.093421
Epoch 147/1250 - train 0.144807 - val 0.087927
Epoch 148/1250 - train 0.145307 - val 0.092946
Epoch 149/1250 - train 0.144021 - val 0.098196
Epoch 150/1250 - train 0.144010 - val 0.107653
Epoch 151/1250 - train 0.145669 - val 0.097452
Epoch 152/1250 - train 0.144370 - val 0.094936
Epoch 153/1250 - train 0.146043 - val 0.093074
Epoch 154/1250 - train 0.144248 - val 0.100830
Epoch 155/1250 - train 0.145381 - val 0.098516
Epoch 156/1250 - train 0.144555 - val 0.097809
Epoch 157/1250 - train 0.144191 - val 0.103338
Epoch 158/1250 - train 0.145070 - val 0.094799
Epoch 159/1250 - train 0.144422 - val 0.099296
Epoch 160/1250 - train 0.144175 - val 0.090893
Epoch 161/1250 - train 0.144569 - val 0.092521
Epoch 162/1250 - train 0.145515 - val 0.096096
Epoch 163/1250 - train 0.144719 - val 0.096256
Epoch 164/1250 - train 0.144962 - val 0.090548
Epoch 165/1250 - train 0.145165 - val 0.090721
Epoch 166/1250 - train 0.144419 - val 0.089245
Epoch 167/1250 - train 0.144835 - val 0.094821
Epoch 168/1250 - train 0.143863 - val 0.094273
Epoch 169/1250 - train 0.145269 - val 0.094741
Epoch 170/1250 - train 0.144340 - val 0.093372
Epoch 171/1250 - train 0.144756 - val 0.100721
Epoch 172/1250 - train 0.144379 - val 0.094927
Epoch 173/1250 - train 0.144516 - val 0.100772
Epoch 174/1250 - train 0.144618 - val 0.092156
Epoch 175/1250 - train 0.144903 - val 0.102505
Epoch 176/1250 - train 0.144518 - val 0.089279
Epoch 177/1250 - train 0.145442 - val 0.090534
Epoch 178/1250 - train 0.144268 - val 0.093642
Epoch 179/1250 - train 0.144721 - val 0.096642
Epoch 180/1250 - train 0.145220 - val 0.095157
Epoch 181/1250 - train 0.144611 - val 0.103979
Epoch 182/1250 - train 0.144783 - val 0.097016
Epoch 183/1250 - train 0.144046 - val 0.097926
Epoch 184/1250 - train 0.144553 - val 0.098402
Epoch 185/1250 - train 0.144925 - val 0.095227
Epoch 186/1250 - train 0.145045 - val 0.090199
Epoch 187/1250 - train 0.144737 - val 0.097564
Epoch 188/1250 - train 0.144854 - val 0.093020
Epoch 189/1250 - train 0.145143 - val 0.089403
Epoch 190/1250 - train 0.143990 - val 0.099004
Epoch 191/1250 - train 0.144803 - val 0.093842
Epoch 192/1250 - train 0.144793 - val 0.098463
Epoch 193/1250 - train 0.144638 - val 0.094495
Epoch 194/1250 - train 0.144154 - val 0.091893
Epoch 195/1250 - train 0.143924 - val 0.093948
Epoch 196/1250 - train 0.144209 - val 0.092971
Epoch 197/1250 - train 0.144109 - val 0.090662
Epoch 198/1250 - train 0.144455 - val 0.093642
Epoch 199/1250 - train 0.144909 - val 0.099327
Epoch 200/1250 - train 0.145003 - val 0.090853
Epoch 201/1250 - train 0.144635 - val 0.098772
Epoch 202/1250 - train 0.144442 - val 0.092589
Epoch 203/1250 - train 0.144307 - val 0.097417
Epoch 204/1250 - train 0.144419 - val 0.095590
Epoch 205/1250 - train 0.145023 - val 0.093672
Epoch 206/1250 - train 0.144824 - val 0.092081
Epoch 207/1250 - train 0.144275 - val 0.096021
Epoch 208/1250 - train 0.143734 - val 0.093157
Epoch 209/1250 - train 0.144801 - val 0.094478
Epoch 210/1250 - train 0.144315 - val 0.092274
Epoch 211/1250 - train 0.144547 - val 0.091359
Epoch 212/1250 - train 0.144633 - val 0.094591
Epoch 213/1250 - train 0.144939 - val 0.096071
Epoch 214/1250 - train 0.144032 - val 0.092693
Epoch 215/1250 - train 0.144039 - val 0.098442
Epoch 216/1250 - train 0.145097 - val 0.089122
Epoch 217/1250 - train 0.144800 - val 0.090429
Epoch 218/1250 - train 0.143756 - val 0.090115
Epoch 219/1250 - train 0.143823 - val 0.097022
Epoch 220/1250 - train 0.144616 - val 0.093346
Epoch 221/1250 - train 0.145002 - val 0.096298
Epoch 222/1250 - train 0.144445 - val 0.100540
Epoch 223/1250 - train 0.144911 - val 0.097421
Epoch 224/1250 - train 0.145084 - val 0.098927
Epoch 225/1250 - train 0.144291 - val 0.095326
Epoch 226/1250 - train 0.144368 - val 0.095288
Epoch 227/1250 - train 0.144168 - val 0.098820
Epoch 228/1250 - train 0.144402 - val 0.094788
Epoch 229/1250 - train 0.145032 - val 0.091178
Epoch 230/1250 - train 0.144051 - val 0.098581
Epoch 231/1250 - train 0.144693 - val 0.091463
Epoch 232/1250 - train 0.145052 - val 0.092192
Epoch 233/1250 - train 0.144059 - val 0.098107
Epoch 234/1250 - train 0.144161 - val 0.093185
Epoch 235/1250 - train 0.143815 - val 0.096581
Epoch 236/1250 - train 0.144908 - val 0.095147
Epoch 237/1250 - train 0.144789 - val 0.092166
Epoch 238/1250 - train 0.143764 - val 0.094968
Epoch 239/1250 - train 0.145219 - val 0.093056
Epoch 240/1250 - train 0.144560 - val 0.091260
Epoch 241/1250 - train 0.144349 - val 0.098809
Epoch 242/1250 - train 0.143412 - val 0.096002
Epoch 243/1250 - train 0.143629 - val 0.091476
Epoch 244/1250 - train 0.144298 - val 0.092365
Epoch 245/1250 - train 0.144879 - val 0.088247
Epoch 246/1250 - train 0.143455 - val 0.091966
Epoch 247/1250 - train 0.144741 - val 0.088935
Epoch 248/1250 - train 0.144250 - val 0.092083
Epoch 249/1250 - train 0.143776 - val 0.092436
Epoch 250/1250 - train 0.144706 - val 0.091141
Epoch 251/1250 - train 0.143749 - val 0.090221
Epoch 252/1250 - train 0.144541 - val 0.096648
Epoch 253/1250 - train 0.144044 - val 0.099869
Epoch 254/1250 - train 0.143636 - val 0.092468
Epoch 255/1250 - train 0.144375 - val 0.104911
Epoch 256/1250 - train 0.144766 - val 0.088440
Epoch 257/1250 - train 0.143504 - val 0.107352
Epoch 258/1250 - train 0.144544 - val 0.092281
Epoch 259/1250 - train 0.144392 - val 0.097003
Epoch 260/1250 - train 0.144907 - val 0.089435
Epoch 261/1250 - train 0.144259 - val 0.089276
Epoch 262/1250 - train 0.143907 - val 0.091906
Epoch 263/1250 - train 0.143067 - val 0.095972
Epoch 264/1250 - train 0.145503 - val 0.102159
Epoch 265/1250 - train 0.144118 - val 0.092601
Epoch 266/1250 - train 0.144234 - val 0.094177
Epoch 267/1250 - train 0.144063 - val 0.092852
Epoch 268/1250 - train 0.144160 - val 0.096521
Epoch 269/1250 - train 0.143458 - val 0.094719
Epoch 270/1250 - train 0.145115 - val 0.095721
Epoch 271/1250 - train 0.143638 - val 0.092514
Epoch 272/1250 - train 0.144071 - val 0.096718
Epoch 273/1250 - train 0.143651 - val 0.087887
Epoch 274/1250 - train 0.144666 - val 0.092486
Epoch 275/1250 - train 0.144147 - val 0.089379
Epoch 276/1250 - train 0.143612 - val 0.095149
Epoch 277/1250 - train 0.144416 - val 0.101084
Epoch 278/1250 - train 0.144078 - val 0.090519
Epoch 279/1250 - train 0.143701 - val 0.095519
Epoch 280/1250 - train 0.144126 - val 0.095178
Epoch 281/1250 - train 0.143743 - val 0.092204
Epoch 282/1250 - train 0.145382 - val 0.098863
Epoch 283/1250 - train 0.143694 - val 0.100526
Epoch 284/1250 - train 0.144320 - val 0.089251
Epoch 285/1250 - train 0.143558 - val 0.096341
Epoch 286/1250 - train 0.144375 - val 0.092766
Epoch 287/1250 - train 0.143893 - val 0.095543
Epoch 288/1250 - train 0.144206 - val 0.090097
Epoch 289/1250 - train 0.144385 - val 0.094315
Epoch 290/1250 - train 0.144249 - val 0.090616
Epoch 291/1250 - train 0.144434 - val 0.094512
Epoch 292/1250 - train 0.143783 - val 0.095980
Epoch 293/1250 - train 0.143910 - val 0.089594
Epoch 294/1250 - train 0.144336 - val 0.094421
Epoch 295/1250 - train 0.144267 - val 0.090171
Epoch 296/1250 - train 0.144225 - val 0.094792
Epoch 297/1250 - train 0.143461 - val 0.098231
Epoch 298/1250 - train 0.143506 - val 0.101046
Epoch 299/1250 - train 0.144131 - val 0.092090
Epoch 300/1250 - train 0.144305 - val 0.092654
Epoch 301/1250 - train 0.143991 - val 0.098156
Epoch 302/1250 - train 0.144611 - val 0.089422
Epoch 303/1250 - train 0.144144 - val 0.090287
Epoch 304/1250 - train 0.144132 - val 0.093120
Epoch 305/1250 - train 0.143978 - val 0.093047
Epoch 306/1250 - train 0.144606 - val 0.091337
Epoch 307/1250 - train 0.144387 - val 0.094773
Epoch 308/1250 - train 0.143768 - val 0.089339
Epoch 309/1250 - train 0.144198 - val 0.093967
Epoch 310/1250 - train 0.143572 - val 0.093070
Epoch 311/1250 - train 0.143552 - val 0.094887
Epoch 312/1250 - train 0.144299 - val 0.094568
Epoch 313/1250 - train 0.143776 - val 0.092744
Epoch 314/1250 - train 0.143801 - val 0.096952
Epoch 315/1250 - train 0.143922 - val 0.097776
Epoch 316/1250 - train 0.144006 - val 0.092828
Epoch 317/1250 - train 0.144017 - val 0.088356
Epoch 318/1250 - train 0.143958 - val 0.093879
Epoch 319/1250 - train 0.144341 - val 0.097741
Epoch 320/1250 - train 0.144032 - val 0.093392
Epoch 321/1250 - train 0.143715 - val 0.094603
Epoch 322/1250 - train 0.143821 - val 0.096905
Epoch 323/1250 - train 0.144517 - val 0.092009
Epoch 324/1250 - train 0.144132 - val 0.095490
Epoch 325/1250 - train 0.144121 - val 0.109509
Epoch 326/1250 - train 0.144202 - val 0.092297
Epoch 327/1250 - train 0.144125 - val 0.097294
Epoch 328/1250 - train 0.144452 - val 0.091615
Epoch 329/1250 - train 0.144278 - val 0.095516
Epoch 330/1250 - train 0.143762 - val 0.092039
Epoch 331/1250 - train 0.142972 - val 0.091608
Epoch 332/1250 - train 0.144800 - val 0.090143
Epoch 333/1250 - train 0.143760 - val 0.093224
Epoch 334/1250 - train 0.144304 - val 0.096734
Epoch 335/1250 - train 0.144305 - val 0.092812
Epoch 336/1250 - train 0.143736 - val 0.093097
Epoch 337/1250 - train 0.143582 - val 0.097419
Epoch 338/1250 - train 0.144226 - val 0.092385
Epoch 339/1250 - train 0.144169 - val 0.090910
Epoch 340/1250 - train 0.143678 - val 0.092467
Epoch 341/1250 - train 0.143406 - val 0.093165
Epoch 342/1250 - train 0.143862 - val 0.091868
Epoch 343/1250 - train 0.144544 - val 0.089749
Epoch 344/1250 - train 0.143656 - val 0.100724
Epoch 345/1250 - train 0.143908 - val 0.101015
Epoch 346/1250 - train 0.144388 - val 0.088858
Epoch 347/1250 - train 0.143721 - val 0.092334
Epoch 348/1250 - train 0.143850 - val 0.089224
Epoch 349/1250 - train 0.143625 - val 0.095459
Epoch 350/1250 - train 0.143986 - val 0.099554
Epoch 351/1250 - train 0.144017 - val 0.089758
Epoch 352/1250 - train 0.144139 - val 0.099546
Epoch 353/1250 - train 0.143799 - val 0.102723
Epoch 354/1250 - train 0.144345 - val 0.092273
Epoch 355/1250 - train 0.144006 - val 0.094368
Epoch 356/1250 - train 0.144233 - val 0.091638
Epoch 357/1250 - train 0.144174 - val 0.092232
Epoch 358/1250 - train 0.143547 - val 0.096583
Epoch 359/1250 - train 0.144205 - val 0.090862
Epoch 360/1250 - train 0.142949 - val 0.091653
Epoch 361/1250 - train 0.144803 - val 0.090090
Epoch 362/1250 - train 0.144310 - val 0.106578
Epoch 363/1250 - train 0.144491 - val 0.096047
Epoch 364/1250 - train 0.143743 - val 0.091590
Epoch 365/1250 - train 0.143679 - val 0.092505
Epoch 366/1250 - train 0.144198 - val 0.094576
Epoch 367/1250 - train 0.144101 - val 0.093038
Epoch 368/1250 - train 0.144815 - val 0.094713
Epoch 369/1250 - train 0.143464 - val 0.091025
Epoch 370/1250 - train 0.143951 - val 0.094047
Epoch 371/1250 - train 0.144248 - val 0.087655
Epoch 372/1250 - train 0.142877 - val 0.090580
Epoch 373/1250 - train 0.143576 - val 0.090112
Epoch 374/1250 - train 0.144413 - val 0.089956
Epoch 375/1250 - train 0.143998 - val 0.090820
Epoch 376/1250 - train 0.143255 - val 0.090833
Epoch 377/1250 - train 0.143255 - val 0.094767
Epoch 378/1250 - train 0.144025 - val 0.091590
Epoch 379/1250 - train 0.144875 - val 0.097816
Epoch 380/1250 - train 0.143317 - val 0.094119
Epoch 381/1250 - train 0.144388 - val 0.098786
Epoch 382/1250 - train 0.144386 - val 0.088383
Epoch 383/1250 - train 0.143942 - val 0.096395
Epoch 384/1250 - train 0.144452 - val 0.093941
Epoch 385/1250 - train 0.143296 - val 0.091253
Epoch 386/1250 - train 0.144415 - val 0.097468
Epoch 387/1250 - train 0.143678 - val 0.102838
Epoch 388/1250 - train 0.143879 - val 0.091119
Epoch 389/1250 - train 0.144210 - val 0.092872
Epoch 390/1250 - train 0.144688 - val 0.089204
Epoch 391/1250 - train 0.144244 - val 0.095879
Epoch 392/1250 - train 0.143915 - val 0.099103
Epoch 393/1250 - train 0.144515 - val 0.093082
Epoch 394/1250 - train 0.143398 - val 0.096627
Epoch 395/1250 - train 0.144012 - val 0.094424
Epoch 396/1250 - train 0.143531 - val 0.094211
Epoch 397/1250 - train 0.144362 - val 0.091359
Epoch 398/1250 - train 0.143905 - val 0.088180
Epoch 399/1250 - train 0.144198 - val 0.097086
Epoch 400/1250 - train 0.143761 - val 0.091041
Epoch 401/1250 - train 0.144143 - val 0.095048
Epoch 402/1250 - train 0.145185 - val 0.091871
Epoch 403/1250 - train 0.144040 - val 0.093814
Epoch 404/1250 - train 0.143353 - val 0.092598
Epoch 405/1250 - train 0.144219 - val 0.092900
Epoch 406/1250 - train 0.143311 - val 0.091757
Epoch 407/1250 - train 0.143868 - val 0.090280
Epoch 408/1250 - train 0.145057 - val 0.094682
Epoch 409/1250 - train 0.144409 - val 0.090810
Epoch 410/1250 - train 0.143745 - val 0.099232
Epoch 411/1250 - train 0.144009 - val 0.091657
Epoch 412/1250 - train 0.143738 - val 0.094503
Epoch 413/1250 - train 0.143821 - val 0.093607
Epoch 414/1250 - train 0.143448 - val 0.100148
Epoch 415/1250 - train 0.144773 - val 0.091010
Epoch 416/1250 - train 0.143824 - val 0.090110
Epoch 417/1250 - train 0.143948 - val 0.094883
Epoch 418/1250 - train 0.144398 - val 0.090369
Epoch 419/1250 - train 0.142849 - val 0.090045
Epoch 420/1250 - train 0.143657 - val 0.093771
Epoch 421/1250 - train 0.143507 - val 0.092316
Epoch 422/1250 - train 0.144481 - val 0.093566
Epoch 423/1250 - train 0.144279 - val 0.091881
Epoch 424/1250 - train 0.143500 - val 0.091420
Epoch 425/1250 - train 0.144375 - val 0.093734
Epoch 426/1250 - train 0.144070 - val 0.093091
Epoch 427/1250 - train 0.143754 - val 0.093945
Epoch 428/1250 - train 0.144322 - val 0.090305
Epoch 429/1250 - train 0.144208 - val 0.094896
Epoch 430/1250 - train 0.143016 - val 0.096811
Epoch 431/1250 - train 0.144336 - val 0.096127
Epoch 432/1250 - train 0.143442 - val 0.089096
Epoch 433/1250 - train 0.145309 - val 0.093398
Epoch 434/1250 - train 0.144174 - val 0.091430
Epoch 435/1250 - train 0.144939 - val 0.091743
Epoch 436/1250 - train 0.144026 - val 0.091253
Epoch 437/1250 - train 0.144043 - val 0.089875
Epoch 438/1250 - train 0.142848 - val 0.096086
Epoch 439/1250 - train 0.144547 - val 0.090050
Epoch 440/1250 - train 0.143386 - val 0.090932
Epoch 441/1250 - train 0.143152 - val 0.090492
Epoch 442/1250 - train 0.144167 - val 0.096646
Epoch 443/1250 - train 0.144534 - val 0.091281
Epoch 444/1250 - train 0.143795 - val 0.092996
Epoch 445/1250 - train 0.143841 - val 0.090367
Epoch 446/1250 - train 0.143917 - val 0.092621
Epoch 447/1250 - train 0.143908 - val 0.094915
Epoch 448/1250 - train 0.144011 - val 0.091191
Epoch 449/1250 - train 0.144153 - val 0.094475
Epoch 450/1250 - train 0.144078 - val 0.091882
Epoch 451/1250 - train 0.143223 - val 0.099298
Epoch 452/1250 - train 0.144433 - val 0.087155
Epoch 453/1250 - train 0.143680 - val 0.092011
Epoch 454/1250 - train 0.144188 - val 0.094281
Epoch 455/1250 - train 0.145177 - val 0.094107
Epoch 456/1250 - train 0.143799 - val 0.090328
Epoch 457/1250 - train 0.144865 - val 0.095218
Epoch 458/1250 - train 0.142751 - val 0.090052
Epoch 459/1250 - train 0.143680 - val 0.091746
Epoch 460/1250 - train 0.144768 - val 0.095820
Epoch 461/1250 - train 0.143213 - val 0.089948
Epoch 462/1250 - train 0.144219 - val 0.089414
Epoch 463/1250 - train 0.143929 - val 0.096691
Epoch 464/1250 - train 0.143844 - val 0.089362
Epoch 465/1250 - train 0.145179 - val 0.096504
Epoch 466/1250 - train 0.143632 - val 0.091287
Epoch 467/1250 - train 0.143324 - val 0.098120
Epoch 468/1250 - train 0.144809 - val 0.089578
Epoch 469/1250 - train 0.143142 - val 0.103239
Epoch 470/1250 - train 0.143844 - val 0.092159
Epoch 471/1250 - train 0.143733 - val 0.090778
Epoch 472/1250 - train 0.143428 - val 0.094143
Epoch 473/1250 - train 0.144391 - val 0.092026
Epoch 474/1250 - train 0.143730 - val 0.095121
Epoch 475/1250 - train 0.143774 - val 0.092524
Epoch 476/1250 - train 0.143421 - val 0.090497
Epoch 477/1250 - train 0.143449 - val 0.090825
Epoch 478/1250 - train 0.143752 - val 0.095650
Epoch 479/1250 - train 0.143992 - val 0.095916
Epoch 480/1250 - train 0.143620 - val 0.093318
Epoch 481/1250 - train 0.144946 - val 0.095990
Epoch 482/1250 - train 0.143749 - val 0.093916
Epoch 483/1250 - train 0.144081 - val 0.090694
Epoch 484/1250 - train 0.143852 - val 0.098347
Epoch 485/1250 - train 0.143097 - val 0.097913
Epoch 486/1250 - train 0.143103 - val 0.088422
Epoch 487/1250 - train 0.143381 - val 0.097015
Epoch 488/1250 - train 0.144173 - val 0.095517
Epoch 489/1250 - train 0.143460 - val 0.089590
Epoch 490/1250 - train 0.144042 - val 0.088432
Epoch 491/1250 - train 0.143817 - val 0.089798
Epoch 492/1250 - train 0.144045 - val 0.094970
Epoch 493/1250 - train 0.143625 - val 0.088331
Epoch 494/1250 - train 0.143828 - val 0.091392
Epoch 495/1250 - train 0.144072 - val 0.091003
Epoch 496/1250 - train 0.144815 - val 0.095108
Epoch 497/1250 - train 0.143818 - val 0.092760
Epoch 498/1250 - train 0.143241 - val 0.100896
Epoch 499/1250 - train 0.144227 - val 0.089274
Epoch 500/1250 - train 0.143543 - val 0.096765
Epoch 501/1250 - train 0.144327 - val 0.089008
Epoch 502/1250 - train 0.143631 - val 0.104820
Epoch 503/1250 - train 0.143276 - val 0.089592
Epoch 504/1250 - train 0.143510 - val 0.090110
Epoch 505/1250 - train 0.144271 - val 0.096443
Epoch 506/1250 - train 0.144069 - val 0.097172
Epoch 507/1250 - train 0.145079 - val 0.093328
Epoch 508/1250 - train 0.143573 - val 0.095343
Epoch 509/1250 - train 0.143311 - val 0.088926
Epoch 510/1250 - train 0.144169 - val 0.091361
Epoch 511/1250 - train 0.143750 - val 0.098352
Epoch 512/1250 - train 0.144325 - val 0.096654
Epoch 513/1250 - train 0.143741 - val 0.094687
Epoch 514/1250 - train 0.143055 - val 0.092231
Epoch 515/1250 - train 0.143622 - val 0.091400
Epoch 516/1250 - train 0.143663 - val 0.094990
Epoch 517/1250 - train 0.143643 - val 0.091350
Epoch 518/1250 - train 0.143870 - val 0.090895
Epoch 519/1250 - train 0.144095 - val 0.088349
Epoch 520/1250 - train 0.143946 - val 0.092982
Epoch 521/1250 - train 0.143863 - val 0.094078
Epoch 522/1250 - train 0.143086 - val 0.090808
Epoch 523/1250 - train 0.145050 - val 0.092089
Epoch 524/1250 - train 0.144356 - val 0.088895
Epoch 525/1250 - train 0.143956 - val 0.091313
Epoch 526/1250 - train 0.143554 - val 0.094391
Epoch 527/1250 - train 0.144215 - val 0.093418
Epoch 528/1250 - train 0.143218 - val 0.095944
Epoch 529/1250 - train 0.142841 - val 0.098011
Epoch 530/1250 - train 0.144402 - val 0.095822
Epoch 531/1250 - train 0.143077 - val 0.092728
Epoch 532/1250 - train 0.144938 - val 0.092048
Epoch 533/1250 - train 0.143438 - val 0.098222
Epoch 534/1250 - train 0.144404 - val 0.092045
Epoch 535/1250 - train 0.144584 - val 0.090263
Epoch 536/1250 - train 0.143765 - val 0.090373
Epoch 537/1250 - train 0.143742 - val 0.090937
Epoch 538/1250 - train 0.143344 - val 0.094581
Epoch 539/1250 - train 0.144420 - val 0.093330
Epoch 540/1250 - train 0.142969 - val 0.095739
Epoch 541/1250 - train 0.143851 - val 0.093474
Epoch 542/1250 - train 0.143187 - val 0.089547
Epoch 543/1250 - train 0.143864 - val 0.089222
Epoch 544/1250 - train 0.143877 - val 0.094681
Epoch 545/1250 - train 0.143662 - val 0.093693
Epoch 546/1250 - train 0.144620 - val 0.089928
Epoch 547/1250 - train 0.143991 - val 0.099838
Epoch 548/1250 - train 0.144334 - val 0.093481
Epoch 549/1250 - train 0.143283 - val 0.094246
Epoch 550/1250 - train 0.143596 - val 0.088758
Epoch 551/1250 - train 0.143918 - val 0.097125
Epoch 552/1250 - train 0.142857 - val 0.095206
Epoch 553/1250 - train 0.143906 - val 0.088072
Epoch 554/1250 - train 0.143648 - val 0.101431
Epoch 555/1250 - train 0.143946 - val 0.097045
Epoch 556/1250 - train 0.144281 - val 0.094911
Epoch 557/1250 - train 0.144705 - val 0.094794
Epoch 558/1250 - train 0.143203 - val 0.095888
Epoch 559/1250 - train 0.143513 - val 0.094018
Epoch 560/1250 - train 0.143865 - val 0.091773
Epoch 561/1250 - train 0.144066 - val 0.093521
Epoch 562/1250 - train 0.143577 - val 0.100972
Epoch 563/1250 - train 0.143960 - val 0.093961
Epoch 564/1250 - train 0.143143 - val 0.092911
Epoch 565/1250 - train 0.143919 - val 0.093111
Epoch 566/1250 - train 0.143615 - val 0.107291
Epoch 567/1250 - train 0.143612 - val 0.091277
Epoch 568/1250 - train 0.143951 - val 0.099821
Epoch 569/1250 - train 0.144246 - val 0.095315
Epoch 570/1250 - train 0.143761 - val 0.095223
Epoch 571/1250 - train 0.143898 - val 0.092768
Epoch 572/1250 - train 0.144195 - val 0.103824
Epoch 573/1250 - train 0.143139 - val 0.088507
Epoch 574/1250 - train 0.144295 - val 0.088725
Epoch 575/1250 - train 0.143596 - val 0.093875
Epoch 576/1250 - train 0.143497 - val 0.093926
Epoch 577/1250 - train 0.143432 - val 0.089424
Epoch 578/1250 - train 0.144548 - val 0.095829
Epoch 579/1250 - train 0.143283 - val 0.092227
Epoch 580/1250 - train 0.143926 - val 0.091283
Epoch 581/1250 - train 0.143548 - val 0.092018
Epoch 582/1250 - train 0.143662 - val 0.093170
Epoch 583/1250 - train 0.144302 - val 0.113096
Epoch 584/1250 - train 0.144107 - val 0.094292
Epoch 585/1250 - train 0.143590 - val 0.093115
Epoch 586/1250 - train 0.144316 - val 0.093176
Epoch 587/1250 - train 0.143390 - val 0.089766
Epoch 588/1250 - train 0.143431 - val 0.094399
Epoch 589/1250 - train 0.144150 - val 0.088927
Epoch 590/1250 - train 0.144426 - val 0.090780
Epoch 591/1250 - train 0.143839 - val 0.089550
Epoch 592/1250 - train 0.144225 - val 0.090454
Epoch 593/1250 - train 0.143544 - val 0.090186
Epoch 594/1250 - train 0.143793 - val 0.091035
Epoch 595/1250 - train 0.143796 - val 0.092543
Epoch 596/1250 - train 0.143731 - val 0.095736
Epoch 597/1250 - train 0.143775 - val 0.092627
Epoch 598/1250 - train 0.143552 - val 0.088255
Epoch 599/1250 - train 0.143387 - val 0.089740
Epoch 600/1250 - train 0.143442 - val 0.095431
Epoch 601/1250 - train 0.144075 - val 0.090731
Epoch 602/1250 - train 0.144068 - val 0.090471
Epoch 603/1250 - train 0.143947 - val 0.091698
Epoch 604/1250 - train 0.144457 - val 0.092572
Epoch 605/1250 - train 0.143980 - val 0.091637
Epoch 606/1250 - train 0.143883 - val 0.091425
Epoch 607/1250 - train 0.143253 - val 0.102138
Epoch 608/1250 - train 0.144113 - val 0.090213
Epoch 609/1250 - train 0.144395 - val 0.091764
Epoch 610/1250 - train 0.143202 - val 0.091064
Epoch 611/1250 - train 0.143350 - val 0.090782
Epoch 612/1250 - train 0.144031 - val 0.090976
Epoch 613/1250 - train 0.144361 - val 0.094919
Epoch 614/1250 - train 0.143283 - val 0.093419
Epoch 615/1250 - train 0.143475 - val 0.091139
Epoch 616/1250 - train 0.144393 - val 0.092830
Epoch 617/1250 - train 0.144024 - val 0.094171
Epoch 618/1250 - train 0.143519 - val 0.090594
Epoch 619/1250 - train 0.143399 - val 0.088915
Epoch 620/1250 - train 0.144180 - val 0.087392
Epoch 621/1250 - train 0.143620 - val 0.093085
Epoch 622/1250 - train 0.143884 - val 0.090131
Epoch 623/1250 - train 0.144388 - val 0.090435
Epoch 624/1250 - train 0.143505 - val 0.092317
Epoch 625/1250 - train 0.143714 - val 0.092973
Epoch 626/1250 - train 0.144697 - val 0.093082
Epoch 627/1250 - train 0.144089 - val 0.090206
Epoch 628/1250 - train 0.142957 - val 0.096125
Epoch 629/1250 - train 0.144191 - val 0.092381
Epoch 630/1250 - train 0.143473 - val 0.089743
Epoch 631/1250 - train 0.143765 - val 0.100818
Epoch 632/1250 - train 0.143363 - val 0.087859
Epoch 633/1250 - train 0.144054 - val 0.092639
Epoch 634/1250 - train 0.143607 - val 0.090529
Epoch 635/1250 - train 0.144238 - val 0.093932
Epoch 636/1250 - train 0.144137 - val 0.093799
Epoch 637/1250 - train 0.143620 - val 0.090096
Epoch 638/1250 - train 0.143895 - val 0.090856
Epoch 639/1250 - train 0.144033 - val 0.089032
Epoch 640/1250 - train 0.144181 - val 0.091028
Epoch 641/1250 - train 0.144094 - val 0.096013
Epoch 642/1250 - train 0.143912 - val 0.092920
Epoch 643/1250 - train 0.143282 - val 0.091889
Epoch 644/1250 - train 0.143682 - val 0.087971
Epoch 645/1250 - train 0.143957 - val 0.089921
Epoch 646/1250 - train 0.143171 - val 0.090918
Epoch 647/1250 - train 0.143425 - val 0.091550
Epoch 648/1250 - train 0.144363 - val 0.099006
Epoch 649/1250 - train 0.143647 - val 0.091012
Epoch 650/1250 - train 0.144110 - val 0.094660
Epoch 651/1250 - train 0.143678 - val 0.096448
Epoch 652/1250 - train 0.143534 - val 0.090495
Epoch 653/1250 - train 0.143213 - val 0.092940
Epoch 654/1250 - train 0.143933 - val 0.090611
Epoch 655/1250 - train 0.143604 - val 0.100709
Epoch 656/1250 - train 0.144742 - val 0.091114
Epoch 657/1250 - train 0.143633 - val 0.091279
Epoch 658/1250 - train 0.143928 - val 0.089978
Epoch 659/1250 - train 0.144320 - val 0.091141
Epoch 660/1250 - train 0.143941 - val 0.092712
Epoch 661/1250 - train 0.143279 - val 0.086950
Epoch 662/1250 - train 0.143341 - val 0.094135
Epoch 663/1250 - train 0.144073 - val 0.088271
Epoch 664/1250 - train 0.144011 - val 0.092911
Epoch 665/1250 - train 0.143480 - val 0.093310
Epoch 666/1250 - train 0.144108 - val 0.093091
Epoch 667/1250 - train 0.143758 - val 0.091642
Epoch 668/1250 - train 0.143204 - val 0.090226
Epoch 669/1250 - train 0.143754 - val 0.089946
Epoch 670/1250 - train 0.143666 - val 0.088323
Epoch 671/1250 - train 0.143971 - val 0.089843
Epoch 672/1250 - train 0.143557 - val 0.097153
Epoch 673/1250 - train 0.143923 - val 0.091039
Epoch 674/1250 - train 0.142884 - val 0.093807
Epoch 675/1250 - train 0.144369 - val 0.101075
Epoch 676/1250 - train 0.143921 - val 0.090137
Epoch 677/1250 - train 0.144681 - val 0.088933
Epoch 678/1250 - train 0.143575 - val 0.091199
Epoch 679/1250 - train 0.143044 - val 0.091932
Epoch 680/1250 - train 0.142708 - val 0.097234
Epoch 681/1250 - train 0.144353 - val 0.093451
Epoch 682/1250 - train 0.143608 - val 0.092043
Epoch 683/1250 - train 0.143097 - val 0.090393
Epoch 684/1250 - train 0.143837 - val 0.090510
Epoch 685/1250 - train 0.143183 - val 0.089993
Epoch 686/1250 - train 0.143782 - val 0.090864
Epoch 687/1250 - train 0.143766 - val 0.096314
Epoch 688/1250 - train 0.143424 - val 0.096116
Epoch 689/1250 - train 0.143864 - val 0.091555
Epoch 690/1250 - train 0.143600 - val 0.089015
Epoch 691/1250 - train 0.144205 - val 0.101793
Epoch 692/1250 - train 0.144454 - val 0.094615
Epoch 693/1250 - train 0.143478 - val 0.092202
Epoch 694/1250 - train 0.143304 - val 0.089551
Epoch 695/1250 - train 0.143509 - val 0.093921
Epoch 696/1250 - train 0.143495 - val 0.091618
Epoch 697/1250 - train 0.144077 - val 0.090626
Epoch 698/1250 - train 0.143173 - val 0.096987
Epoch 699/1250 - train 0.143552 - val 0.089239
Epoch 700/1250 - train 0.143617 - val 0.092678
Epoch 701/1250 - train 0.144019 - val 0.093467
Epoch 702/1250 - train 0.143646 - val 0.091429
Epoch 703/1250 - train 0.143050 - val 0.092878
Epoch 704/1250 - train 0.143587 - val 0.100083
Epoch 705/1250 - train 0.143312 - val 0.094707
Epoch 706/1250 - train 0.144030 - val 0.090197
Epoch 707/1250 - train 0.143143 - val 0.097038
Epoch 708/1250 - train 0.144276 - val 0.095234
Epoch 709/1250 - train 0.143790 - val 0.087936
Epoch 710/1250 - train 0.143330 - val 0.091909
Epoch 711/1250 - train 0.143598 - val 0.095438
Epoch 712/1250 - train 0.143846 - val 0.095741
Epoch 713/1250 - train 0.143865 - val 0.091830
Epoch 714/1250 - train 0.143421 - val 0.089748
Epoch 715/1250 - train 0.144018 - val 0.098226
Epoch 716/1250 - train 0.144184 - val 0.091098
Epoch 717/1250 - train 0.142965 - val 0.091806
Epoch 718/1250 - train 0.144226 - val 0.092456
Epoch 719/1250 - train 0.143293 - val 0.109742
Epoch 720/1250 - train 0.144503 - val 0.093530
Epoch 721/1250 - train 0.143896 - val 0.094585
Epoch 722/1250 - train 0.143369 - val 0.098780
Epoch 723/1250 - train 0.143378 - val 0.092542
Epoch 724/1250 - train 0.143231 - val 0.089185
Epoch 725/1250 - train 0.142681 - val 0.092196
Epoch 726/1250 - train 0.143910 - val 0.092797
Epoch 727/1250 - train 0.144224 - val 0.096943
Epoch 728/1250 - train 0.143418 - val 0.096116
Epoch 729/1250 - train 0.143712 - val 0.092200
Epoch 730/1250 - train 0.144134 - val 0.106988
Epoch 731/1250 - train 0.143442 - val 0.088674
Epoch 732/1250 - train 0.144336 - val 0.103087
Epoch 733/1250 - train 0.143145 - val 0.094786
Epoch 734/1250 - train 0.143184 - val 0.098075
Epoch 735/1250 - train 0.144597 - val 0.089636
Epoch 736/1250 - train 0.143949 - val 0.094387
Epoch 737/1250 - train 0.143218 - val 0.098317
Epoch 738/1250 - train 0.143245 - val 0.092305
Epoch 739/1250 - train 0.144681 - val 0.091068
Epoch 740/1250 - train 0.143644 - val 0.094151
Epoch 741/1250 - train 0.143613 - val 0.091476
Epoch 742/1250 - train 0.144009 - val 0.099128
Epoch 743/1250 - train 0.144242 - val 0.095331
Epoch 744/1250 - train 0.143009 - val 0.089702
Epoch 745/1250 - train 0.143796 - val 0.092545
Epoch 746/1250 - train 0.143941 - val 0.091293
Epoch 747/1250 - train 0.143800 - val 0.094416
Epoch 748/1250 - train 0.143969 - val 0.094013
Epoch 749/1250 - train 0.143849 - val 0.092022
Epoch 750/1250 - train 0.143422 - val 0.096348
Epoch 751/1250 - train 0.143455 - val 0.096255
Epoch 752/1250 - train 0.144272 - val 0.097483
Epoch 753/1250 - train 0.144149 - val 0.096103
Epoch 754/1250 - train 0.143114 - val 0.087885
Epoch 755/1250 - train 0.143231 - val 0.090015
Epoch 756/1250 - train 0.143947 - val 0.091749
Epoch 757/1250 - train 0.144338 - val 0.093682
Epoch 758/1250 - train 0.143246 - val 0.092687
Epoch 759/1250 - train 0.142934 - val 0.088187
Epoch 760/1250 - train 0.144383 - val 0.092874
Epoch 761/1250 - train 0.143204 - val 0.092547
Epoch 762/1250 - train 0.143946 - val 0.096074
Epoch 763/1250 - train 0.143740 - val 0.093387
Epoch 764/1250 - train 0.144527 - val 0.091347
Epoch 765/1250 - train 0.144044 - val 0.096925
Epoch 766/1250 - train 0.143171 - val 0.089910
Epoch 767/1250 - train 0.144539 - val 0.095582
Epoch 768/1250 - train 0.143232 - val 0.090758
Epoch 769/1250 - train 0.143608 - val 0.094510
Epoch 770/1250 - train 0.143926 - val 0.088250
Epoch 771/1250 - train 0.143758 - val 0.092343
Epoch 772/1250 - train 0.143313 - val 0.093901
Epoch 773/1250 - train 0.143483 - val 0.094480
Epoch 774/1250 - train 0.143886 - val 0.097117
Epoch 775/1250 - train 0.142876 - val 0.089089
Epoch 776/1250 - train 0.143629 - val 0.095427
Epoch 777/1250 - train 0.144266 - val 0.089239
Epoch 778/1250 - train 0.143883 - val 0.096007
Epoch 779/1250 - train 0.143501 - val 0.091626
Epoch 780/1250 - train 0.143451 - val 0.095034
Epoch 781/1250 - train 0.143711 - val 0.095101
Epoch 782/1250 - train 0.143316 - val 0.097106
Epoch 783/1250 - train 0.144592 - val 0.092329
Epoch 784/1250 - train 0.144466 - val 0.100054
Epoch 785/1250 - train 0.144531 - val 0.096947
Epoch 786/1250 - train 0.142715 - val 0.092305
Epoch 787/1250 - train 0.143295 - val 0.095264
Epoch 788/1250 - train 0.144230 - val 0.098389
Epoch 789/1250 - train 0.143991 - val 0.091986
Epoch 790/1250 - train 0.143244 - val 0.090662
Epoch 791/1250 - train 0.143752 - val 0.091071
Epoch 792/1250 - train 0.144456 - val 0.092292
Epoch 793/1250 - train 0.143414 - val 0.092572
Epoch 794/1250 - train 0.144334 - val 0.095213
Epoch 795/1250 - train 0.143695 - val 0.096706
Epoch 796/1250 - train 0.143559 - val 0.093191
Epoch 797/1250 - train 0.143038 - val 0.092147
Epoch 798/1250 - train 0.144076 - val 0.097843
Epoch 799/1250 - train 0.143934 - val 0.089399
Epoch 800/1250 - train 0.143496 - val 0.095982
Epoch 801/1250 - train 0.143399 - val 0.104101
Epoch 802/1250 - train 0.142852 - val 0.092892
Epoch 803/1250 - train 0.143723 - val 0.093877
Epoch 804/1250 - train 0.144876 - val 0.092537
Epoch 805/1250 - train 0.143907 - val 0.091446
Epoch 806/1250 - train 0.143611 - val 0.091942
Epoch 807/1250 - train 0.143303 - val 0.089928
Epoch 808/1250 - train 0.143680 - val 0.091242
Epoch 809/1250 - train 0.144389 - val 0.091838
Epoch 810/1250 - train 0.144127 - val 0.096846
Epoch 811/1250 - train 0.143770 - val 0.093645
Epoch 812/1250 - train 0.142899 - val 0.089112
Epoch 813/1250 - train 0.144458 - val 0.094003
Epoch 814/1250 - train 0.143212 - val 0.092697
Epoch 815/1250 - train 0.143734 - val 0.092471
Epoch 816/1250 - train 0.144650 - val 0.093098
Epoch 817/1250 - train 0.143979 - val 0.090933
Epoch 818/1250 - train 0.142899 - val 0.092306
Epoch 819/1250 - train 0.144285 - val 0.098475
Epoch 820/1250 - train 0.143880 - val 0.090296
Epoch 821/1250 - train 0.143729 - val 0.094061
Epoch 822/1250 - train 0.142983 - val 0.092983
Epoch 823/1250 - train 0.143269 - val 0.094835
Epoch 824/1250 - train 0.143757 - val 0.091668
Epoch 825/1250 - train 0.143608 - val 0.090287
Epoch 826/1250 - train 0.142989 - val 0.089395
Epoch 827/1250 - train 0.144313 - val 0.095659
Epoch 828/1250 - train 0.143784 - val 0.094129
Epoch 829/1250 - train 0.143240 - val 0.088610
Epoch 830/1250 - train 0.143178 - val 0.093141
Epoch 831/1250 - train 0.143746 - val 0.089050
Epoch 832/1250 - train 0.143778 - val 0.093011
Epoch 833/1250 - train 0.142974 - val 0.091283
Epoch 834/1250 - train 0.144026 - val 0.089710
Epoch 835/1250 - train 0.144512 - val 0.086824
Epoch 836/1250 - train 0.143635 - val 0.096192
Epoch 837/1250 - train 0.143060 - val 0.094060
Epoch 838/1250 - train 0.143421 - val 0.089493
Epoch 839/1250 - train 0.144324 - val 0.090821
Epoch 840/1250 - train 0.143842 - val 0.087850
Epoch 841/1250 - train 0.143130 - val 0.088594
Epoch 842/1250 - train 0.144035 - val 0.089713
Epoch 843/1250 - train 0.143889 - val 0.093200
Epoch 844/1250 - train 0.143482 - val 0.093639
Epoch 845/1250 - train 0.142969 - val 0.087402
Epoch 846/1250 - train 0.144461 - val 0.092316
Epoch 847/1250 - train 0.143072 - val 0.091898
Epoch 848/1250 - train 0.143950 - val 0.089997
Epoch 849/1250 - train 0.143537 - val 0.092980
Epoch 850/1250 - train 0.143111 - val 0.090253
Epoch 851/1250 - train 0.143480 - val 0.090527
Epoch 852/1250 - train 0.144125 - val 0.097337
Epoch 853/1250 - train 0.143536 - val 0.096865
Epoch 854/1250 - train 0.143430 - val 0.098290
Epoch 855/1250 - train 0.143260 - val 0.094820
Epoch 856/1250 - train 0.144608 - val 0.105919
Epoch 857/1250 - train 0.143825 - val 0.091599
Epoch 858/1250 - train 0.143598 - val 0.098423
Epoch 859/1250 - train 0.143831 - val 0.090326
Epoch 860/1250 - train 0.143953 - val 0.094560
Epoch 861/1250 - train 0.144208 - val 0.093147
Epoch 862/1250 - train 0.143320 - val 0.095671
Epoch 863/1250 - train 0.143947 - val 0.096347
Epoch 864/1250 - train 0.143975 - val 0.090802
Epoch 865/1250 - train 0.144268 - val 0.090821
Epoch 866/1250 - train 0.143114 - val 0.095911
Epoch 867/1250 - train 0.143147 - val 0.091668
Epoch 868/1250 - train 0.143723 - val 0.089912
Epoch 869/1250 - train 0.143904 - val 0.092476
Epoch 870/1250 - train 0.144219 - val 0.089146
Epoch 871/1250 - train 0.143546 - val 0.090051
Epoch 872/1250 - train 0.143566 - val 0.093678
Epoch 873/1250 - train 0.143738 - val 0.091636
Epoch 874/1250 - train 0.143940 - val 0.092503
Epoch 875/1250 - train 0.143632 - val 0.097429
Epoch 876/1250 - train 0.142796 - val 0.089829
Epoch 877/1250 - train 0.143511 - val 0.092257
Epoch 878/1250 - train 0.143508 - val 0.094082
Epoch 879/1250 - train 0.143378 - val 0.090950
Epoch 880/1250 - train 0.143703 - val 0.100170
Epoch 881/1250 - train 0.144096 - val 0.088586
Epoch 882/1250 - train 0.144005 - val 0.095690
Epoch 883/1250 - train 0.143399 - val 0.091263
Epoch 884/1250 - train 0.143979 - val 0.088029
Epoch 885/1250 - train 0.144768 - val 0.091928
Epoch 886/1250 - train 0.143614 - val 0.093030
Epoch 887/1250 - train 0.143252 - val 0.094862
Epoch 888/1250 - train 0.145267 - val 0.091902
Epoch 889/1250 - train 0.143902 - val 0.093745
Epoch 890/1250 - train 0.143359 - val 0.092795
Epoch 891/1250 - train 0.144141 - val 0.089808
Epoch 892/1250 - train 0.142391 - val 0.099839
Epoch 893/1250 - train 0.144107 - val 0.090145
Epoch 894/1250 - train 0.143678 - val 0.097675
Epoch 895/1250 - train 0.144017 - val 0.094432
Epoch 896/1250 - train 0.143413 - val 0.090378
Epoch 897/1250 - train 0.145159 - val 0.091478
Epoch 898/1250 - train 0.142973 - val 0.092092
Epoch 899/1250 - train 0.143815 - val 0.093083
Epoch 900/1250 - train 0.142879 - val 0.090629
Epoch 901/1250 - train 0.143107 - val 0.098118
Epoch 902/1250 - train 0.143376 - val 0.091644
Epoch 903/1250 - train 0.144015 - val 0.091449
Epoch 904/1250 - train 0.143266 - val 0.093559
Epoch 905/1250 - train 0.144573 - val 0.097437
Epoch 906/1250 - train 0.143745 - val 0.089625
Epoch 907/1250 - train 0.143442 - val 0.092608
Epoch 908/1250 - train 0.143675 - val 0.093152
Epoch 909/1250 - train 0.144729 - val 0.091546
Epoch 910/1250 - train 0.143252 - val 0.111218
Epoch 911/1250 - train 0.143488 - val 0.089441
Epoch 912/1250 - train 0.144205 - val 0.093153
Epoch 913/1250 - train 0.143074 - val 0.087436
Epoch 914/1250 - train 0.143713 - val 0.089416
Epoch 915/1250 - train 0.143113 - val 0.091501
Epoch 916/1250 - train 0.143442 - val 0.097169
Epoch 917/1250 - train 0.143288 - val 0.090676
Epoch 918/1250 - train 0.144640 - val 0.090040
Epoch 919/1250 - train 0.143981 - val 0.093554
Epoch 920/1250 - train 0.143838 - val 0.091064
Epoch 921/1250 - train 0.143375 - val 0.097311
Epoch 922/1250 - train 0.144054 - val 0.091863
Epoch 923/1250 - train 0.144202 - val 0.095227
Epoch 924/1250 - train 0.143559 - val 0.091985
Epoch 925/1250 - train 0.143345 - val 0.093579
Epoch 926/1250 - train 0.143863 - val 0.091242
Epoch 927/1250 - train 0.142702 - val 0.089832
Epoch 928/1250 - train 0.143955 - val 0.089323
Epoch 929/1250 - train 0.144081 - val 0.093619
Epoch 930/1250 - train 0.143482 - val 0.089716
Epoch 931/1250 - train 0.143571 - val 0.092973
Epoch 932/1250 - train 0.144031 - val 0.092986
Epoch 933/1250 - train 0.143923 - val 0.091970
Epoch 934/1250 - train 0.143320 - val 0.096265
Epoch 935/1250 - train 0.143173 - val 0.091327
Epoch 936/1250 - train 0.143453 - val 0.091611
Epoch 937/1250 - train 0.143419 - val 0.090373
Epoch 938/1250 - train 0.143977 - val 0.097192
Epoch 939/1250 - train 0.143874 - val 0.090910
Epoch 940/1250 - train 0.142891 - val 0.090952
Epoch 941/1250 - train 0.143522 - val 0.090617
Epoch 942/1250 - train 0.143212 - val 0.094462
Epoch 943/1250 - train 0.143481 - val 0.094924
Epoch 944/1250 - train 0.143893 - val 0.095861
Epoch 945/1250 - train 0.144213 - val 0.096582
Epoch 946/1250 - train 0.143531 - val 0.101747
Epoch 947/1250 - train 0.143586 - val 0.099178
Epoch 948/1250 - train 0.143841 - val 0.103511
Epoch 949/1250 - train 0.143512 - val 0.095551
Epoch 950/1250 - train 0.144040 - val 0.092784
Epoch 951/1250 - train 0.142778 - val 0.091945
Epoch 952/1250 - train 0.144831 - val 0.097463
Epoch 953/1250 - train 0.143604 - val 0.092292
Epoch 954/1250 - train 0.144259 - val 0.091972
Epoch 955/1250 - train 0.143062 - val 0.096272
Epoch 956/1250 - train 0.143038 - val 0.096677
Epoch 957/1250 - train 0.143435 - val 0.090963
Epoch 958/1250 - train 0.143421 - val 0.089848
Epoch 959/1250 - train 0.144043 - val 0.090291
Epoch 960/1250 - train 0.144306 - val 0.090179
Epoch 961/1250 - train 0.143049 - val 0.088835
Epoch 962/1250 - train 0.143705 - val 0.094914
Epoch 963/1250 - train 0.143460 - val 0.090129
Epoch 964/1250 - train 0.142878 - val 0.097148
Epoch 965/1250 - train 0.143626 - val 0.094588
Epoch 966/1250 - train 0.143044 - val 0.089704
Epoch 967/1250 - train 0.143869 - val 0.089864
Epoch 968/1250 - train 0.143779 - val 0.097085
Epoch 969/1250 - train 0.144469 - val 0.089998
Epoch 970/1250 - train 0.143368 - val 0.093315
Epoch 971/1250 - train 0.144010 - val 0.092556
Epoch 972/1250 - train 0.142949 - val 0.088257
Epoch 973/1250 - train 0.144429 - val 0.102877
Epoch 974/1250 - train 0.143841 - val 0.086858
Epoch 975/1250 - train 0.143512 - val 0.092768
Epoch 976/1250 - train 0.143918 - val 0.092124
Epoch 977/1250 - train 0.143541 - val 0.094349
Epoch 978/1250 - train 0.143418 - val 0.092443
Epoch 979/1250 - train 0.143840 - val 0.094054
Epoch 980/1250 - train 0.143486 - val 0.089525
Epoch 981/1250 - train 0.143465 - val 0.089572
Epoch 982/1250 - train 0.143566 - val 0.088388
Epoch 983/1250 - train 0.143438 - val 0.094126
Epoch 984/1250 - train 0.143101 - val 0.093937
Epoch 985/1250 - train 0.143899 - val 0.091561
Epoch 986/1250 - train 0.144366 - val 0.091859
Epoch 987/1250 - train 0.143509 - val 0.089337
Epoch 988/1250 - train 0.144229 - val 0.091065
Epoch 989/1250 - train 0.143451 - val 0.092031
Epoch 990/1250 - train 0.143675 - val 0.096694
Epoch 991/1250 - train 0.143587 - val 0.089846
Epoch 992/1250 - train 0.143414 - val 0.090478
Epoch 993/1250 - train 0.143749 - val 0.091886
Epoch 994/1250 - train 0.144002 - val 0.098509
Epoch 995/1250 - train 0.143382 - val 0.090960
Epoch 996/1250 - train 0.143398 - val 0.089704
Epoch 997/1250 - train 0.143143 - val 0.089811
Epoch 998/1250 - train 0.143664 - val 0.095890
Epoch 999/1250 - train 0.145185 - val 0.096837
Epoch 1000/1250 - train 0.145249 - val 0.092122
Epoch 1001/1250 - train 0.145054 - val 0.088932
Epoch 1002/1250 - train 0.143943 - val 0.096892
Epoch 1003/1250 - train 0.145913 - val 0.091982
Epoch 1004/1250 - train 0.144503 - val 0.094212
Epoch 1005/1250 - train 0.145375 - val 0.091730
Epoch 1006/1250 - train 0.144511 - val 0.093052
Epoch 1007/1250 - train 0.144677 - val 0.092817
Epoch 1008/1250 - train 0.144499 - val 0.095537
Epoch 1009/1250 - train 0.144145 - val 0.093399
Epoch 1010/1250 - train 0.144572 - val 0.097392
Epoch 1011/1250 - train 0.143798 - val 0.089952
Epoch 1012/1250 - train 0.144581 - val 0.093053
Epoch 1013/1250 - train 0.144721 - val 0.092839
Epoch 1014/1250 - train 0.144840 - val 0.094955
Epoch 1015/1250 - train 0.144686 - val 0.091456
Epoch 1016/1250 - train 0.143704 - val 0.091148
Epoch 1017/1250 - train 0.144281 - val 0.089722
Epoch 1018/1250 - train 0.144369 - val 0.091311
Epoch 1019/1250 - train 0.144261 - val 0.094435
Epoch 1020/1250 - train 0.144761 - val 0.092258
Epoch 1021/1250 - train 0.143691 - val 0.102373
Epoch 1022/1250 - train 0.144301 - val 0.092500
Epoch 1023/1250 - train 0.144983 - val 0.091918
Epoch 1024/1250 - train 0.144107 - val 0.097143
Epoch 1025/1250 - train 0.144257 - val 0.090709
Epoch 1026/1250 - train 0.144292 - val 0.100484
Epoch 1027/1250 - train 0.144419 - val 0.093561
Epoch 1028/1250 - train 0.143773 - val 0.094024
Epoch 1029/1250 - train 0.144507 - val 0.094580
Epoch 1030/1250 - train 0.143616 - val 0.095074
Epoch 1031/1250 - train 0.144870 - val 0.091492
Epoch 1032/1250 - train 0.144187 - val 0.095734
Epoch 1033/1250 - train 0.144022 - val 0.091569
Epoch 1034/1250 - train 0.143659 - val 0.095029
Epoch 1035/1250 - train 0.144696 - val 0.093729
Epoch 1036/1250 - train 0.144191 - val 0.088707
Epoch 1037/1250 - train 0.143995 - val 0.095373
Epoch 1038/1250 - train 0.144484 - val 0.093743
Epoch 1039/1250 - train 0.144699 - val 0.097853
Epoch 1040/1250 - train 0.144673 - val 0.100314
Epoch 1041/1250 - train 0.143897 - val 0.092972
Epoch 1042/1250 - train 0.143731 - val 0.089283
Epoch 1043/1250 - train 0.144032 - val 0.091933
Epoch 1044/1250 - train 0.144122 - val 0.092969
Epoch 1045/1250 - train 0.144124 - val 0.093294
Epoch 1046/1250 - train 0.143987 - val 0.091543
Epoch 1047/1250 - train 0.144179 - val 0.093850
Epoch 1048/1250 - train 0.143867 - val 0.092684
Epoch 1049/1250 - train 0.144232 - val 0.090072
Epoch 1050/1250 - train 0.144368 - val 0.092790
Epoch 1051/1250 - train 0.144477 - val 0.097369
Epoch 1052/1250 - train 0.144666 - val 0.097536
Epoch 1053/1250 - train 0.143667 - val 0.094987
Epoch 1054/1250 - train 0.144331 - val 0.092108
Epoch 1055/1250 - train 0.145101 - val 0.092597
Epoch 1056/1250 - train 0.143619 - val 0.094675
Epoch 1057/1250 - train 0.143691 - val 0.092018
Epoch 1058/1250 - train 0.144439 - val 0.089984
Epoch 1059/1250 - train 0.144668 - val 0.096431
Epoch 1060/1250 - train 0.143185 - val 0.091743
Epoch 1061/1250 - train 0.144074 - val 0.091825
Epoch 1062/1250 - train 0.143704 - val 0.104533
Epoch 1063/1250 - train 0.143891 - val 0.101535
Epoch 1064/1250 - train 0.144993 - val 0.100391
Epoch 1065/1250 - train 0.143799 - val 0.092048
Epoch 1066/1250 - train 0.143838 - val 0.091477
Epoch 1067/1250 - train 0.143803 - val 0.092703
Epoch 1068/1250 - train 0.143414 - val 0.093545
Epoch 1069/1250 - train 0.144154 - val 0.092533
Epoch 1070/1250 - train 0.144935 - val 0.103910
Epoch 1071/1250 - train 0.143465 - val 0.093514
Epoch 1072/1250 - train 0.144135 - val 0.092229
Epoch 1073/1250 - train 0.143523 - val 0.092034
Epoch 1074/1250 - train 0.144101 - val 0.096783
Epoch 1075/1250 - train 0.143599 - val 0.092600
Epoch 1076/1250 - train 0.143966 - val 0.094799
Epoch 1077/1250 - train 0.143847 - val 0.091042
Epoch 1078/1250 - train 0.143677 - val 0.092153
Epoch 1079/1250 - train 0.144761 - val 0.097790
Epoch 1080/1250 - train 0.144324 - val 0.096602
Epoch 1081/1250 - train 0.143588 - val 0.092950
Epoch 1082/1250 - train 0.143481 - val 0.093818
Epoch 1083/1250 - train 0.144381 - val 0.091340
Epoch 1084/1250 - train 0.144748 - val 0.100415
Epoch 1085/1250 - train 0.144040 - val 0.090699
Epoch 1086/1250 - train 0.143236 - val 0.090422
Epoch 1087/1250 - train 0.144401 - val 0.091858
Epoch 1088/1250 - train 0.143767 - val 0.092276
Epoch 1089/1250 - train 0.144470 - val 0.101476
Epoch 1090/1250 - train 0.144120 - val 0.093562
Epoch 1091/1250 - train 0.144019 - val 0.099963
Epoch 1092/1250 - train 0.144186 - val 0.091801
Epoch 1093/1250 - train 0.144057 - val 0.103237
Epoch 1094/1250 - train 0.143981 - val 0.091173
Epoch 1095/1250 - train 0.144250 - val 0.090578
Epoch 1096/1250 - train 0.144581 - val 0.093782
Epoch 1097/1250 - train 0.144395 - val 0.090198
Epoch 1098/1250 - train 0.143202 - val 0.089713
Epoch 1099/1250 - train 0.142800 - val 0.090458
Epoch 1100/1250 - train 0.143695 - val 0.092650
Epoch 1101/1250 - train 0.144174 - val 0.091130
Epoch 1102/1250 - train 0.144459 - val 0.091644
Epoch 1103/1250 - train 0.144345 - val 0.092810
Epoch 1104/1250 - train 0.143346 - val 0.091309
Epoch 1105/1250 - train 0.144397 - val 0.093636
Epoch 1106/1250 - train 0.143554 - val 0.095177
Epoch 1107/1250 - train 0.144387 - val 0.092525
Epoch 1108/1250 - train 0.144139 - val 0.096694
Epoch 1109/1250 - train 0.143248 - val 0.091034
Epoch 1110/1250 - train 0.144591 - val 0.089503
Epoch 1111/1250 - train 0.143575 - val 0.090002
Epoch 1112/1250 - train 0.143470 - val 0.093226
Epoch 1113/1250 - train 0.143725 - val 0.092989
Epoch 1114/1250 - train 0.143933 - val 0.092244
Epoch 1115/1250 - train 0.144283 - val 0.093810
Epoch 1116/1250 - train 0.144240 - val 0.092836
Epoch 1117/1250 - train 0.143194 - val 0.094543
Epoch 1118/1250 - train 0.144069 - val 0.097167
Epoch 1119/1250 - train 0.144251 - val 0.091246
Epoch 1120/1250 - train 0.143922 - val 0.089893
Epoch 1121/1250 - train 0.143912 - val 0.089378
Epoch 1122/1250 - train 0.143949 - val 0.096868
Epoch 1123/1250 - train 0.144025 - val 0.090147
Epoch 1124/1250 - train 0.143856 - val 0.097536
Epoch 1125/1250 - train 0.143758 - val 0.098190
Epoch 1126/1250 - train 0.143895 - val 0.092507
Epoch 1127/1250 - train 0.144256 - val 0.098087
Epoch 1128/1250 - train 0.143824 - val 0.091557
Epoch 1129/1250 - train 0.143858 - val 0.091436
Epoch 1130/1250 - train 0.143998 - val 0.094986
Epoch 1131/1250 - train 0.144271 - val 0.093156
Epoch 1132/1250 - train 0.144075 - val 0.090966
Epoch 1133/1250 - train 0.143545 - val 0.100851
Epoch 1134/1250 - train 0.143570 - val 0.096652
Epoch 1135/1250 - train 0.144852 - val 0.089787
Epoch 1136/1250 - train 0.143440 - val 0.097344
Epoch 1137/1250 - train 0.143949 - val 0.092316
Epoch 1138/1250 - train 0.143617 - val 0.092666
Epoch 1139/1250 - train 0.145006 - val 0.096405
Epoch 1140/1250 - train 0.143275 - val 0.091053
Epoch 1141/1250 - train 0.143937 - val 0.097588
Epoch 1142/1250 - train 0.143868 - val 0.091900
Epoch 1143/1250 - train 0.143750 - val 0.091852
Epoch 1144/1250 - train 0.143846 - val 0.094784
Epoch 1145/1250 - train 0.144108 - val 0.094373
Epoch 1146/1250 - train 0.143831 - val 0.090856
Epoch 1147/1250 - train 0.143670 - val 0.092825
Epoch 1148/1250 - train 0.144132 - val 0.089341
Epoch 1149/1250 - train 0.144167 - val 0.095246
Epoch 1150/1250 - train 0.143820 - val 0.091493
Epoch 1151/1250 - train 0.143690 - val 0.089448
Epoch 1152/1250 - train 0.143025 - val 0.088150
Epoch 1153/1250 - train 0.144522 - val 0.090444
Epoch 1154/1250 - train 0.144076 - val 0.093357
Epoch 1155/1250 - train 0.143670 - val 0.091786
Epoch 1156/1250 - train 0.144089 - val 0.090419
Epoch 1157/1250 - train 0.143598 - val 0.090271
Epoch 1158/1250 - train 0.143737 - val 0.091592
Epoch 1159/1250 - train 0.145028 - val 0.091327
Epoch 1160/1250 - train 0.143898 - val 0.094278
Epoch 1161/1250 - train 0.143443 - val 0.087787
Epoch 1162/1250 - train 0.143696 - val 0.089663
Epoch 1163/1250 - train 0.143357 - val 0.091474
Epoch 1164/1250 - train 0.144055 - val 0.099120
Epoch 1165/1250 - train 0.144683 - val 0.089715
Epoch 1166/1250 - train 0.142665 - val 0.090380
Epoch 1167/1250 - train 0.144349 - val 0.096977
Epoch 1168/1250 - train 0.144574 - val 0.091395
Epoch 1169/1250 - train 0.144195 - val 0.093373
Epoch 1170/1250 - train 0.144249 - val 0.091688
Epoch 1171/1250 - train 0.143487 - val 0.089166
Epoch 1172/1250 - train 0.143074 - val 0.092065
Epoch 1173/1250 - train 0.143752 - val 0.096296
Epoch 1174/1250 - train 0.143815 - val 0.092325
Epoch 1175/1250 - train 0.144067 - val 0.091615
Epoch 1176/1250 - train 0.144079 - val 0.091585
Epoch 1177/1250 - train 0.143979 - val 0.092389
Epoch 1178/1250 - train 0.143814 - val 0.087443
Epoch 1179/1250 - train 0.143981 - val 0.093609
Epoch 1180/1250 - train 0.143533 - val 0.092421
Epoch 1181/1250 - train 0.144914 - val 0.088860
Epoch 1182/1250 - train 0.143368 - val 0.088982
Epoch 1183/1250 - train 0.143839 - val 0.099108
Epoch 1184/1250 - train 0.144561 - val 0.088254
Epoch 1185/1250 - train 0.143427 - val 0.092389
Epoch 1186/1250 - train 0.144178 - val 0.095956
Epoch 1187/1250 - train 0.143872 - val 0.090496
Epoch 1188/1250 - train 0.144244 - val 0.095388
Epoch 1189/1250 - train 0.143735 - val 0.100906
Epoch 1190/1250 - train 0.143862 - val 0.091838
Epoch 1191/1250 - train 0.143867 - val 0.089205
Epoch 1192/1250 - train 0.143060 - val 0.093654
Epoch 1193/1250 - train 0.144253 - val 0.096290
Epoch 1194/1250 - train 0.144785 - val 0.089660
Epoch 1195/1250 - train 0.143648 - val 0.094566
Epoch 1196/1250 - train 0.144079 - val 0.093166
Epoch 1197/1250 - train 0.143884 - val 0.098486
Epoch 1198/1250 - train 0.144231 - val 0.095729
Epoch 1199/1250 - train 0.143559 - val 0.095477
Epoch 1200/1250 - train 0.143946 - val 0.096773
Epoch 1201/1250 - train 0.143455 - val 0.088664
Epoch 1202/1250 - train 0.143245 - val 0.099145
Epoch 1203/1250 - train 0.144251 - val 0.094628
Epoch 1204/1250 - train 0.143318 - val 0.095771
Epoch 1205/1250 - train 0.142974 - val 0.097687
Epoch 1206/1250 - train 0.144653 - val 0.091287
Epoch 1207/1250 - train 0.143245 - val 0.093251
Epoch 1208/1250 - train 0.144219 - val 0.090660
Epoch 1209/1250 - train 0.143744 - val 0.091826
Epoch 1210/1250 - train 0.144102 - val 0.088448
Epoch 1211/1250 - train 0.144215 - val 0.092133
Epoch 1212/1250 - train 0.143705 - val 0.089658
Epoch 1213/1250 - train 0.143616 - val 0.093476
Epoch 1214/1250 - train 0.143743 - val 0.090030
Epoch 1215/1250 - train 0.143493 - val 0.097363
Epoch 1216/1250 - train 0.143633 - val 0.097668
Epoch 1217/1250 - train 0.144040 - val 0.095865
Epoch 1218/1250 - train 0.144001 - val 0.106188
Epoch 1219/1250 - train 0.143622 - val 0.089623
Epoch 1220/1250 - train 0.143569 - val 0.090921
Epoch 1221/1250 - train 0.142811 - val 0.093685
Epoch 1222/1250 - train 0.143853 - val 0.105473
Epoch 1223/1250 - train 0.144236 - val 0.094295
Epoch 1224/1250 - train 0.143912 - val 0.096391
Epoch 1225/1250 - train 0.144462 - val 0.091004
Epoch 1226/1250 - train 0.143508 - val 0.096537
Epoch 1227/1250 - train 0.144267 - val 0.090329
Epoch 1228/1250 - train 0.143446 - val 0.101191
Epoch 1229/1250 - train 0.143459 - val 0.101034
Epoch 1230/1250 - train 0.144431 - val 0.097148
Epoch 1231/1250 - train 0.143820 - val 0.090147
Epoch 1232/1250 - train 0.144237 - val 0.089747
Epoch 1233/1250 - train 0.143649 - val 0.091938
Epoch 1234/1250 - train 0.144158 - val 0.095439
Epoch 1235/1250 - train 0.143146 - val 0.095804
Epoch 1236/1250 - train 0.144135 - val 0.092733
Epoch 1237/1250 - train 0.143364 - val 0.095629
Epoch 1238/1250 - train 0.143918 - val 0.091885
Epoch 1239/1250 - train 0.144206 - val 0.089052
Epoch 1240/1250 - train 0.144195 - val 0.091518
Epoch 1241/1250 - train 0.144197 - val 0.089364
Epoch 1242/1250 - train 0.143938 - val 0.097081
Epoch 1243/1250 - train 0.143742 - val 0.095173
Epoch 1244/1250 - train 0.143144 - val 0.091220
Epoch 1245/1250 - train 0.143295 - val 0.091270
Epoch 1246/1250 - train 0.143339 - val 0.088970
Epoch 1247/1250 - train 0.143669 - val 0.098134
Epoch 1248/1250 - train 0.143444 - val 0.095786
Epoch 1249/1250 - train 0.144860 - val 0.090046
Epoch 1250/1250 - train 0.143253 - val 0.090921
Saved model to /scratch/network/ak9088/NASA-RL-Wavefront-Control/RL/jobs/20251227_000757/exp-fc1-zscore-ep1250-bs256-lr1e-3-s42-h128-64-images-wd0.0005-mc0-do0.1/fc1_best.pth
