y: [[-2.35998277e-02 -2.75871515e-01  6.02177918e-01 ... -1.45009488e-01
   1.37586817e-01  5.20542969e-08]
 [ 2.95631289e-01 -5.61051369e-01  7.74623975e-02 ...  2.91730184e-02
  -7.50362873e-02  4.47253754e-08]
 [-3.29329483e-02 -6.01176620e-02  3.24746937e-01 ...  2.15225220e-02
   1.27907038e-01  4.16605346e-08]
 ...
 [-4.33955073e-01 -4.90099400e-01 -1.55435922e-02 ...  3.90027910e-02
   1.10533364e-01  3.87430106e-08]
 [ 5.37902117e-01 -1.41388550e-01  5.18994570e-01 ...  1.73039939e-02
   7.44224042e-02  5.09173859e-08]
 [ 4.88248914e-01  5.02021909e-01  1.60611402e-02 ...  2.46921293e-02
  -7.26920664e-02  4.84270082e-08]]
Dataset loaded: N=100000 (original 100000), C=3, H=20, W=20, y_dim=26
using device: cpu
Epoch 1/1250 - train 0.289056 - val 0.159513
Epoch 2/1250 - train 0.179547 - val 0.129898
Epoch 3/1250 - train 0.157485 - val 0.115169
Epoch 4/1250 - train 0.148776 - val 0.107918
Epoch 5/1250 - train 0.144183 - val 0.109094
Epoch 6/1250 - train 0.142545 - val 0.104798
Epoch 7/1250 - train 0.139456 - val 0.100039
Epoch 8/1250 - train 0.139226 - val 0.100718
Epoch 9/1250 - train 0.137747 - val 0.110516
Epoch 10/1250 - train 0.135914 - val 0.111418
Epoch 11/1250 - train 0.136925 - val 0.100819
Epoch 12/1250 - train 0.135872 - val 0.108658
Epoch 13/1250 - train 0.135492 - val 0.104869
Epoch 14/1250 - train 0.135562 - val 0.097683
Epoch 15/1250 - train 0.134654 - val 0.102267
Epoch 16/1250 - train 0.134240 - val 0.101702
Epoch 17/1250 - train 0.133818 - val 0.104287
Epoch 18/1250 - train 0.133354 - val 0.101609
Epoch 19/1250 - train 0.133846 - val 0.102178
Epoch 20/1250 - train 0.134378 - val 0.099904
Epoch 21/1250 - train 0.133056 - val 0.104976
Epoch 22/1250 - train 0.132616 - val 0.092730
Epoch 23/1250 - train 0.133008 - val 0.095146
Epoch 24/1250 - train 0.131921 - val 0.093823
Epoch 25/1250 - train 0.132902 - val 0.100216
Epoch 26/1250 - train 0.132503 - val 0.092459
Epoch 27/1250 - train 0.131603 - val 0.096521
Epoch 28/1250 - train 0.133115 - val 0.102176
Epoch 29/1250 - train 0.132326 - val 0.092781
Epoch 30/1250 - train 0.132257 - val 0.095195
Epoch 31/1250 - train 0.132564 - val 0.090711
Epoch 32/1250 - train 0.131620 - val 0.093314
Epoch 33/1250 - train 0.131545 - val 0.102160
Epoch 34/1250 - train 0.132048 - val 0.096267
Epoch 35/1250 - train 0.133219 - val 0.113621
Epoch 36/1250 - train 0.131242 - val 0.095917
Epoch 37/1250 - train 0.132293 - val 0.096229
Epoch 38/1250 - train 0.132478 - val 0.100687
Epoch 39/1250 - train 0.131156 - val 0.095095
Epoch 40/1250 - train 0.131415 - val 0.095797
Epoch 41/1250 - train 0.132481 - val 0.101666
Epoch 42/1250 - train 0.131680 - val 0.092234
Epoch 43/1250 - train 0.130857 - val 0.105725
Epoch 44/1250 - train 0.132392 - val 0.100037
Epoch 45/1250 - train 0.131286 - val 0.095792
Epoch 46/1250 - train 0.131942 - val 0.101783
Epoch 47/1250 - train 0.132156 - val 0.101510
Epoch 48/1250 - train 0.131173 - val 0.097023
Epoch 49/1250 - train 0.131498 - val 0.100766
Epoch 50/1250 - train 0.132269 - val 0.095695
Epoch 51/1250 - train 0.131127 - val 0.100605
Epoch 52/1250 - train 0.130783 - val 0.101632
Epoch 53/1250 - train 0.131142 - val 0.094949
Epoch 54/1250 - train 0.131496 - val 0.106222
Epoch 55/1250 - train 0.131456 - val 0.098154
Epoch 56/1250 - train 0.131653 - val 0.105009
Epoch 57/1250 - train 0.131817 - val 0.100049
Epoch 58/1250 - train 0.131420 - val 0.110495
Epoch 59/1250 - train 0.131056 - val 0.098919
Epoch 60/1250 - train 0.130797 - val 0.094877
Epoch 61/1250 - train 0.131536 - val 0.094963
Epoch 62/1250 - train 0.131819 - val 0.093910
Epoch 63/1250 - train 0.131587 - val 0.089686
Epoch 64/1250 - train 0.130344 - val 0.094373
Epoch 65/1250 - train 0.131815 - val 0.094909
Epoch 66/1250 - train 0.131181 - val 0.106147
Epoch 67/1250 - train 0.130610 - val 0.095424
Epoch 68/1250 - train 0.131275 - val 0.094531
Epoch 69/1250 - train 0.130834 - val 0.096657
Epoch 70/1250 - train 0.131689 - val 0.105139
Epoch 71/1250 - train 0.131802 - val 0.093914
Epoch 72/1250 - train 0.131091 - val 0.092544
Epoch 73/1250 - train 0.131286 - val 0.094978
Epoch 74/1250 - train 0.131551 - val 0.096199
Epoch 75/1250 - train 0.131187 - val 0.090603
Epoch 76/1250 - train 0.131149 - val 0.094010
Epoch 77/1250 - train 0.131575 - val 0.090817
Epoch 78/1250 - train 0.131249 - val 0.113473
Epoch 79/1250 - train 0.131712 - val 0.091543
Epoch 80/1250 - train 0.131256 - val 0.101022
Epoch 81/1250 - train 0.130692 - val 0.091619
Epoch 82/1250 - train 0.131166 - val 0.095033
Epoch 83/1250 - train 0.130958 - val 0.094698
Epoch 84/1250 - train 0.130564 - val 0.095308
Epoch 85/1250 - train 0.131655 - val 0.089404
Epoch 86/1250 - train 0.131317 - val 0.094115
Epoch 87/1250 - train 0.131163 - val 0.090865
Epoch 88/1250 - train 0.131109 - val 0.094877
Epoch 89/1250 - train 0.131213 - val 0.094981
Epoch 90/1250 - train 0.131378 - val 0.091364
Epoch 91/1250 - train 0.130535 - val 0.098283
Epoch 92/1250 - train 0.131052 - val 0.089645
Epoch 93/1250 - train 0.131977 - val 0.107608
Epoch 94/1250 - train 0.131136 - val 0.101720
Epoch 95/1250 - train 0.131025 - val 0.087904
Epoch 96/1250 - train 0.130222 - val 0.091423
Epoch 97/1250 - train 0.132701 - val 0.096287
Epoch 98/1250 - train 0.130819 - val 0.090166
Epoch 99/1250 - train 0.130519 - val 0.107269
Epoch 100/1250 - train 0.131270 - val 0.094264
Epoch 101/1250 - train 0.130790 - val 0.088481
Epoch 102/1250 - train 0.130733 - val 0.101982
Epoch 103/1250 - train 0.130963 - val 0.099984
Epoch 104/1250 - train 0.131517 - val 0.090004
Epoch 105/1250 - train 0.131211 - val 0.098591
Epoch 106/1250 - train 0.131160 - val 0.091811
Epoch 107/1250 - train 0.130657 - val 0.090469
Epoch 108/1250 - train 0.131081 - val 0.093773
Epoch 109/1250 - train 0.131038 - val 0.092349
Epoch 110/1250 - train 0.131131 - val 0.095184
Epoch 111/1250 - train 0.131260 - val 0.092435
Epoch 112/1250 - train 0.130422 - val 0.092824
Epoch 113/1250 - train 0.131086 - val 0.098539
Epoch 114/1250 - train 0.130539 - val 0.096026
Epoch 115/1250 - train 0.131312 - val 0.091949
Epoch 116/1250 - train 0.132013 - val 0.093907
Epoch 117/1250 - train 0.132074 - val 0.087947
Epoch 118/1250 - train 0.129900 - val 0.098155
Epoch 119/1250 - train 0.131769 - val 0.088493
Epoch 120/1250 - train 0.131323 - val 0.091794
Epoch 121/1250 - train 0.132045 - val 0.101053
Epoch 122/1250 - train 0.131035 - val 0.092494
Epoch 123/1250 - train 0.130518 - val 0.094721
Epoch 124/1250 - train 0.131498 - val 0.091231
Epoch 125/1250 - train 0.130571 - val 0.097911
Epoch 126/1250 - train 0.130150 - val 0.090239
Epoch 127/1250 - train 0.132103 - val 0.100018
Epoch 128/1250 - train 0.131354 - val 0.092323
Epoch 129/1250 - train 0.131555 - val 0.091668
Epoch 130/1250 - train 0.130497 - val 0.089435
Epoch 131/1250 - train 0.130405 - val 0.090020
Epoch 132/1250 - train 0.131634 - val 0.089353
Epoch 133/1250 - train 0.131175 - val 0.086631
Epoch 134/1250 - train 0.131536 - val 0.097996
Epoch 135/1250 - train 0.130622 - val 0.089833
Epoch 136/1250 - train 0.130914 - val 0.092826
Epoch 137/1250 - train 0.131134 - val 0.106442
Epoch 138/1250 - train 0.131022 - val 0.096523
Epoch 139/1250 - train 0.130951 - val 0.095966
Epoch 140/1250 - train 0.130913 - val 0.105194
Epoch 141/1250 - train 0.131884 - val 0.113480
Epoch 142/1250 - train 0.130471 - val 0.090848
Epoch 143/1250 - train 0.130624 - val 0.092930
Epoch 144/1250 - train 0.130667 - val 0.091461
Epoch 145/1250 - train 0.130962 - val 0.089140
Epoch 146/1250 - train 0.131878 - val 0.093995
Epoch 147/1250 - train 0.130962 - val 0.094276
Epoch 148/1250 - train 0.130791 - val 0.092278
Epoch 149/1250 - train 0.131493 - val 0.096184
Epoch 150/1250 - train 0.130850 - val 0.095364
Epoch 151/1250 - train 0.131803 - val 0.090360
Epoch 152/1250 - train 0.131461 - val 0.096041
Epoch 153/1250 - train 0.131205 - val 0.091089
Epoch 154/1250 - train 0.130758 - val 0.089482
Epoch 155/1250 - train 0.130966 - val 0.093845
Epoch 156/1250 - train 0.131089 - val 0.102011
Epoch 157/1250 - train 0.130876 - val 0.098072
Epoch 158/1250 - train 0.130464 - val 0.092359
Epoch 159/1250 - train 0.131847 - val 0.094026
Epoch 160/1250 - train 0.131890 - val 0.099561
Epoch 161/1250 - train 0.130027 - val 0.089543
Epoch 162/1250 - train 0.130289 - val 0.098135
Epoch 163/1250 - train 0.131199 - val 0.092570
Epoch 164/1250 - train 0.130695 - val 0.098336
Epoch 165/1250 - train 0.131484 - val 0.089908
Epoch 166/1250 - train 0.131360 - val 0.090225
Epoch 167/1250 - train 0.130734 - val 0.088741
Epoch 168/1250 - train 0.130454 - val 0.092276
Epoch 169/1250 - train 0.131731 - val 0.093053
Epoch 170/1250 - train 0.130822 - val 0.101236
Epoch 171/1250 - train 0.131720 - val 0.089760
Epoch 172/1250 - train 0.130372 - val 0.088878
Epoch 173/1250 - train 0.131064 - val 0.090523
Epoch 174/1250 - train 0.131499 - val 0.095661
Epoch 175/1250 - train 0.130785 - val 0.095787
Epoch 176/1250 - train 0.131266 - val 0.097504
Epoch 177/1250 - train 0.131242 - val 0.089373
Epoch 178/1250 - train 0.131199 - val 0.088586
Epoch 179/1250 - train 0.130695 - val 0.091462
Epoch 180/1250 - train 0.130828 - val 0.089492
Epoch 181/1250 - train 0.132079 - val 0.090985
Epoch 182/1250 - train 0.129997 - val 0.090701
Epoch 183/1250 - train 0.131072 - val 0.098904
Epoch 184/1250 - train 0.131232 - val 0.092029
Epoch 185/1250 - train 0.130432 - val 0.094025
Epoch 186/1250 - train 0.131109 - val 0.098724
Epoch 187/1250 - train 0.131266 - val 0.093094
Epoch 188/1250 - train 0.130874 - val 0.095286
Epoch 189/1250 - train 0.130572 - val 0.092891
Epoch 190/1250 - train 0.132249 - val 0.094135
Epoch 191/1250 - train 0.131101 - val 0.095367
Epoch 192/1250 - train 0.130934 - val 0.103917
Epoch 193/1250 - train 0.131026 - val 0.102176
Epoch 194/1250 - train 0.131618 - val 0.100918
Epoch 195/1250 - train 0.130021 - val 0.089107
Epoch 196/1250 - train 0.131571 - val 0.096811
Epoch 197/1250 - train 0.130854 - val 0.093996
Epoch 198/1250 - train 0.130548 - val 0.095801
Epoch 199/1250 - train 0.131098 - val 0.094180
Epoch 200/1250 - train 0.131551 - val 0.090123
Epoch 201/1250 - train 0.130568 - val 0.088707
Epoch 202/1250 - train 0.130152 - val 0.092190
Epoch 203/1250 - train 0.132330 - val 0.088454
Epoch 204/1250 - train 0.130966 - val 0.089056
Epoch 205/1250 - train 0.130982 - val 0.099086
Epoch 206/1250 - train 0.130796 - val 0.090713
Epoch 207/1250 - train 0.130871 - val 0.093401
Epoch 208/1250 - train 0.130889 - val 0.090199
Epoch 209/1250 - train 0.131518 - val 0.096498
Epoch 210/1250 - train 0.131291 - val 0.089010
Epoch 211/1250 - train 0.129933 - val 0.089312
Epoch 212/1250 - train 0.130538 - val 0.098834
Epoch 213/1250 - train 0.132180 - val 0.093034
Epoch 214/1250 - train 0.130120 - val 0.093926
Epoch 215/1250 - train 0.131393 - val 0.099085
Epoch 216/1250 - train 0.131403 - val 0.090986
Epoch 217/1250 - train 0.131695 - val 0.093001
Epoch 218/1250 - train 0.131235 - val 0.090286
Epoch 219/1250 - train 0.130611 - val 0.094969
Epoch 220/1250 - train 0.130841 - val 0.091886
Epoch 221/1250 - train 0.131076 - val 0.090114
Epoch 222/1250 - train 0.131169 - val 0.092487
Epoch 223/1250 - train 0.131238 - val 0.090779
Epoch 224/1250 - train 0.130709 - val 0.092058
Epoch 225/1250 - train 0.131476 - val 0.090258
Epoch 226/1250 - train 0.131044 - val 0.093148
Epoch 227/1250 - train 0.131466 - val 0.098260
Epoch 228/1250 - train 0.131544 - val 0.091138
Epoch 229/1250 - train 0.131812 - val 0.092558
Epoch 230/1250 - train 0.130531 - val 0.096172
Epoch 231/1250 - train 0.130984 - val 0.092036
Epoch 232/1250 - train 0.130875 - val 0.088810
Epoch 233/1250 - train 0.131289 - val 0.099082
Epoch 234/1250 - train 0.131239 - val 0.092900
Epoch 235/1250 - train 0.130434 - val 0.091709
Epoch 236/1250 - train 0.130710 - val 0.091018
Epoch 237/1250 - train 0.131452 - val 0.100859
Epoch 238/1250 - train 0.131283 - val 0.090393
Epoch 239/1250 - train 0.131432 - val 0.092126
Epoch 240/1250 - train 0.130028 - val 0.097269
Epoch 241/1250 - train 0.130926 - val 0.092270
Epoch 242/1250 - train 0.131116 - val 0.091188
Epoch 243/1250 - train 0.131499 - val 0.095288
Epoch 244/1250 - train 0.130838 - val 0.091132
Epoch 245/1250 - train 0.132012 - val 0.095397
Epoch 246/1250 - train 0.130720 - val 0.094296
Epoch 247/1250 - train 0.131781 - val 0.089676
Epoch 248/1250 - train 0.130732 - val 0.088204
Epoch 249/1250 - train 0.131216 - val 0.090058
Epoch 250/1250 - train 0.131363 - val 0.096468
Epoch 251/1250 - train 0.132269 - val 0.095353
Epoch 252/1250 - train 0.131172 - val 0.086558
Epoch 253/1250 - train 0.130552 - val 0.092089
Epoch 254/1250 - train 0.131847 - val 0.091341
Epoch 255/1250 - train 0.131253 - val 0.087704
Epoch 256/1250 - train 0.131406 - val 0.086510
Epoch 257/1250 - train 0.130491 - val 0.095528
Epoch 258/1250 - train 0.131443 - val 0.088180
Epoch 259/1250 - train 0.130916 - val 0.094853
Epoch 260/1250 - train 0.130971 - val 0.086074
Epoch 261/1250 - train 0.131383 - val 0.088861
Epoch 262/1250 - train 0.130848 - val 0.090329
Epoch 263/1250 - train 0.131080 - val 0.090524
Epoch 264/1250 - train 0.131446 - val 0.096985
Epoch 265/1250 - train 0.130536 - val 0.091935
Epoch 266/1250 - train 0.131390 - val 0.085002
Epoch 267/1250 - train 0.131142 - val 0.092111
Epoch 268/1250 - train 0.131588 - val 0.088863
Epoch 269/1250 - train 0.130849 - val 0.089876
Epoch 270/1250 - train 0.131312 - val 0.088193
Epoch 271/1250 - train 0.131024 - val 0.092941
Epoch 272/1250 - train 0.131890 - val 0.092612
Epoch 273/1250 - train 0.130565 - val 0.101214
Epoch 274/1250 - train 0.130823 - val 0.094135
Epoch 275/1250 - train 0.131261 - val 0.095548
Epoch 276/1250 - train 0.130774 - val 0.092146
Epoch 277/1250 - train 0.130847 - val 0.097747
Epoch 278/1250 - train 0.131340 - val 0.089430
Epoch 279/1250 - train 0.131132 - val 0.088409
Epoch 280/1250 - train 0.132174 - val 0.096271
Epoch 281/1250 - train 0.130283 - val 0.090353
Epoch 282/1250 - train 0.130804 - val 0.089581
Epoch 283/1250 - train 0.130777 - val 0.092192
Epoch 284/1250 - train 0.131657 - val 0.091517
Epoch 285/1250 - train 0.130724 - val 0.102213
Epoch 286/1250 - train 0.131281 - val 0.099161
Epoch 287/1250 - train 0.131008 - val 0.090527
Epoch 288/1250 - train 0.131032 - val 0.097207
Epoch 289/1250 - train 0.131801 - val 0.099268
Epoch 290/1250 - train 0.131504 - val 0.094508
Epoch 291/1250 - train 0.132062 - val 0.093839
Epoch 292/1250 - train 0.130352 - val 0.088823
Epoch 293/1250 - train 0.131182 - val 0.104584
Epoch 294/1250 - train 0.131270 - val 0.091549
Epoch 295/1250 - train 0.132106 - val 0.087095
Epoch 296/1250 - train 0.130897 - val 0.092952
Epoch 297/1250 - train 0.130992 - val 0.089186
Epoch 298/1250 - train 0.130817 - val 0.087001
Epoch 299/1250 - train 0.132024 - val 0.097314
Epoch 300/1250 - train 0.130423 - val 0.093191
Epoch 301/1250 - train 0.130917 - val 0.093142
Epoch 302/1250 - train 0.131259 - val 0.110817
Epoch 303/1250 - train 0.131787 - val 0.095044
Epoch 304/1250 - train 0.131982 - val 0.095732
Epoch 305/1250 - train 0.131377 - val 0.090760
Epoch 306/1250 - train 0.131318 - val 0.096555
Epoch 307/1250 - train 0.131040 - val 0.089550
Epoch 308/1250 - train 0.131077 - val 0.092365
Epoch 309/1250 - train 0.131671 - val 0.100765
Epoch 310/1250 - train 0.130951 - val 0.090666
Epoch 311/1250 - train 0.130522 - val 0.091509
Epoch 312/1250 - train 0.130885 - val 0.089106
Epoch 313/1250 - train 0.132121 - val 0.093349
Epoch 314/1250 - train 0.131066 - val 0.090750
Epoch 315/1250 - train 0.131919 - val 0.091473
Epoch 316/1250 - train 0.130793 - val 0.094962
Epoch 317/1250 - train 0.131561 - val 0.097090
Epoch 318/1250 - train 0.130933 - val 0.093458
Epoch 319/1250 - train 0.130491 - val 0.095934
Epoch 320/1250 - train 0.131041 - val 0.096983
Epoch 321/1250 - train 0.131127 - val 0.091071
Epoch 322/1250 - train 0.132067 - val 0.092571
Epoch 323/1250 - train 0.131929 - val 0.100857
Epoch 324/1250 - train 0.130573 - val 0.088705
Epoch 325/1250 - train 0.131807 - val 0.089941
Epoch 326/1250 - train 0.130737 - val 0.088965
Epoch 327/1250 - train 0.131771 - val 0.090510
Epoch 328/1250 - train 0.131372 - val 0.090246
Epoch 329/1250 - train 0.131743 - val 0.102702
Epoch 330/1250 - train 0.131652 - val 0.099512
Epoch 331/1250 - train 0.130398 - val 0.091421
Epoch 332/1250 - train 0.130778 - val 0.093407
Epoch 333/1250 - train 0.132019 - val 0.091329
Epoch 334/1250 - train 0.131450 - val 0.101916
Epoch 335/1250 - train 0.130644 - val 0.089223
Epoch 336/1250 - train 0.131890 - val 0.091106
Epoch 337/1250 - train 0.130999 - val 0.087122
Epoch 338/1250 - train 0.131103 - val 0.088142
Epoch 339/1250 - train 0.130949 - val 0.090430
Epoch 340/1250 - train 0.131408 - val 0.091133
Epoch 341/1250 - train 0.131672 - val 0.095745
Epoch 342/1250 - train 0.131764 - val 0.088853
Epoch 343/1250 - train 0.131896 - val 0.100123
Epoch 344/1250 - train 0.131781 - val 0.088504
Epoch 345/1250 - train 0.130281 - val 0.090529
Epoch 346/1250 - train 0.130946 - val 0.089493
Epoch 347/1250 - train 0.131301 - val 0.089285
Epoch 348/1250 - train 0.130331 - val 0.088684
Epoch 349/1250 - train 0.131379 - val 0.088950
Epoch 350/1250 - train 0.131806 - val 0.092677
Epoch 351/1250 - train 0.130899 - val 0.089207
Epoch 352/1250 - train 0.131663 - val 0.102581
Epoch 353/1250 - train 0.130821 - val 0.093929
Epoch 354/1250 - train 0.131330 - val 0.087085
Epoch 355/1250 - train 0.131717 - val 0.092565
Epoch 356/1250 - train 0.130667 - val 0.087367
Epoch 357/1250 - train 0.130793 - val 0.092463
Epoch 358/1250 - train 0.131074 - val 0.088696
Epoch 359/1250 - train 0.132093 - val 0.091679
Epoch 360/1250 - train 0.130929 - val 0.096082
Epoch 361/1250 - train 0.131765 - val 0.091681
Epoch 362/1250 - train 0.131501 - val 0.089216
Epoch 363/1250 - train 0.131654 - val 0.092472
Epoch 364/1250 - train 0.131022 - val 0.093353
Epoch 365/1250 - train 0.132104 - val 0.091879
Epoch 366/1250 - train 0.130719 - val 0.090442
Epoch 367/1250 - train 0.132261 - val 0.093346
Epoch 368/1250 - train 0.131372 - val 0.088018
Epoch 369/1250 - train 0.130404 - val 0.093689
Epoch 370/1250 - train 0.132135 - val 0.090368
Epoch 371/1250 - train 0.130640 - val 0.088289
Epoch 372/1250 - train 0.131308 - val 0.095356
Epoch 373/1250 - train 0.131344 - val 0.088851
Epoch 374/1250 - train 0.131246 - val 0.093196
Epoch 375/1250 - train 0.130213 - val 0.094506
Epoch 376/1250 - train 0.131329 - val 0.093172
Epoch 377/1250 - train 0.132285 - val 0.088888
Epoch 378/1250 - train 0.130371 - val 0.096114
Epoch 379/1250 - train 0.132512 - val 0.088958
Epoch 380/1250 - train 0.129937 - val 0.088992
Epoch 381/1250 - train 0.131285 - val 0.090591
Epoch 382/1250 - train 0.130946 - val 0.087900
Epoch 383/1250 - train 0.131144 - val 0.092250
Epoch 384/1250 - train 0.130867 - val 0.094769
Epoch 385/1250 - train 0.131390 - val 0.093497
Epoch 386/1250 - train 0.132194 - val 0.095007
Epoch 387/1250 - train 0.131276 - val 0.090953
Epoch 388/1250 - train 0.130804 - val 0.094314
Epoch 389/1250 - train 0.131606 - val 0.091623
Epoch 390/1250 - train 0.131056 - val 0.094187
Epoch 391/1250 - train 0.131781 - val 0.089892
Epoch 392/1250 - train 0.131128 - val 0.103227
Epoch 393/1250 - train 0.131266 - val 0.090625
Epoch 394/1250 - train 0.131875 - val 0.091035
Epoch 395/1250 - train 0.130566 - val 0.096490
Epoch 396/1250 - train 0.131643 - val 0.087515
Epoch 397/1250 - train 0.131172 - val 0.093338
Epoch 398/1250 - train 0.131728 - val 0.091293
Epoch 399/1250 - train 0.131827 - val 0.088205
Epoch 400/1250 - train 0.130624 - val 0.092725
Epoch 401/1250 - train 0.131715 - val 0.097330
Epoch 402/1250 - train 0.131397 - val 0.087755
Epoch 403/1250 - train 0.131958 - val 0.089317
Epoch 404/1250 - train 0.131404 - val 0.085000
Epoch 405/1250 - train 0.130702 - val 0.093242
Epoch 406/1250 - train 0.131732 - val 0.092316
Epoch 407/1250 - train 0.132000 - val 0.086754
Epoch 408/1250 - train 0.131327 - val 0.102267
Epoch 409/1250 - train 0.130417 - val 0.091035
Epoch 410/1250 - train 0.131540 - val 0.088969
Epoch 411/1250 - train 0.131459 - val 0.095426
Epoch 412/1250 - train 0.132051 - val 0.088839
Epoch 413/1250 - train 0.131556 - val 0.092155
Epoch 414/1250 - train 0.130411 - val 0.100383
Epoch 415/1250 - train 0.132217 - val 0.091081
Epoch 416/1250 - train 0.131580 - val 0.096849
Epoch 417/1250 - train 0.131763 - val 0.094511
Epoch 418/1250 - train 0.131449 - val 0.087765
Epoch 419/1250 - train 0.131202 - val 0.090798
Epoch 420/1250 - train 0.131489 - val 0.088814
Epoch 421/1250 - train 0.131039 - val 0.095332
Epoch 422/1250 - train 0.131293 - val 0.093966
Epoch 423/1250 - train 0.131169 - val 0.089655
Epoch 424/1250 - train 0.131532 - val 0.090006
Epoch 425/1250 - train 0.131009 - val 0.093279
Epoch 426/1250 - train 0.131249 - val 0.093821
Epoch 427/1250 - train 0.131973 - val 0.089987
Epoch 428/1250 - train 0.131400 - val 0.089193
Epoch 429/1250 - train 0.131736 - val 0.092384
Epoch 430/1250 - train 0.131144 - val 0.088133
Epoch 431/1250 - train 0.131374 - val 0.089416
Epoch 432/1250 - train 0.131669 - val 0.089329
Epoch 433/1250 - train 0.131810 - val 0.085765
Epoch 434/1250 - train 0.131481 - val 0.096556
Epoch 435/1250 - train 0.131138 - val 0.088634
Epoch 436/1250 - train 0.132225 - val 0.091189
Epoch 437/1250 - train 0.130514 - val 0.092627
Epoch 438/1250 - train 0.132610 - val 0.086643
Epoch 439/1250 - train 0.131902 - val 0.088989
Epoch 440/1250 - train 0.130768 - val 0.089375
Epoch 441/1250 - train 0.132119 - val 0.093299
Epoch 442/1250 - train 0.131760 - val 0.087030
Epoch 443/1250 - train 0.130914 - val 0.093911
Epoch 444/1250 - train 0.131099 - val 0.097529
Epoch 445/1250 - train 0.131199 - val 0.096099
Epoch 446/1250 - train 0.131223 - val 0.091344
Epoch 447/1250 - train 0.130993 - val 0.092386
Epoch 448/1250 - train 0.131978 - val 0.088568
Epoch 449/1250 - train 0.131711 - val 0.092596
Epoch 450/1250 - train 0.131326 - val 0.088963
Epoch 451/1250 - train 0.132240 - val 0.092034
Epoch 452/1250 - train 0.130848 - val 0.088499
Epoch 453/1250 - train 0.132423 - val 0.088784
Epoch 454/1250 - train 0.131330 - val 0.088296
Epoch 455/1250 - train 0.131371 - val 0.088770
Epoch 456/1250 - train 0.131886 - val 0.090536
Epoch 457/1250 - train 0.131494 - val 0.095430
Epoch 458/1250 - train 0.132040 - val 0.091745
Epoch 459/1250 - train 0.131108 - val 0.087886
Epoch 460/1250 - train 0.131998 - val 0.095427
Epoch 461/1250 - train 0.131851 - val 0.095304
Epoch 462/1250 - train 0.131045 - val 0.090950
Epoch 463/1250 - train 0.131828 - val 0.091865
Epoch 464/1250 - train 0.131240 - val 0.086753
Epoch 465/1250 - train 0.131706 - val 0.089074
Epoch 466/1250 - train 0.131550 - val 0.091961
Epoch 467/1250 - train 0.131594 - val 0.091082
Epoch 468/1250 - train 0.131018 - val 0.084550
Epoch 469/1250 - train 0.131298 - val 0.094931
Epoch 470/1250 - train 0.131351 - val 0.091521
Epoch 471/1250 - train 0.131940 - val 0.097036
Epoch 472/1250 - train 0.131874 - val 0.091618
Epoch 473/1250 - train 0.132224 - val 0.097293
Epoch 474/1250 - train 0.131242 - val 0.087094
Epoch 475/1250 - train 0.131675 - val 0.094320
Epoch 476/1250 - train 0.131905 - val 0.105163
Epoch 477/1250 - train 0.131373 - val 0.090058
Epoch 478/1250 - train 0.131585 - val 0.096730
Epoch 479/1250 - train 0.130791 - val 0.089612
Epoch 480/1250 - train 0.131885 - val 0.087678
Epoch 481/1250 - train 0.130895 - val 0.101010
Epoch 482/1250 - train 0.131628 - val 0.092328
Epoch 483/1250 - train 0.131454 - val 0.087683
Epoch 484/1250 - train 0.130554 - val 0.095627
Epoch 485/1250 - train 0.131679 - val 0.087246
Epoch 486/1250 - train 0.131368 - val 0.097799
Epoch 487/1250 - train 0.132403 - val 0.095136
Epoch 488/1250 - train 0.131240 - val 0.093396
Epoch 489/1250 - train 0.131471 - val 0.097869
Epoch 490/1250 - train 0.131299 - val 0.090253
Epoch 491/1250 - train 0.131568 - val 0.093953
Epoch 492/1250 - train 0.131623 - val 0.088805
Epoch 493/1250 - train 0.131650 - val 0.096483
Epoch 494/1250 - train 0.131937 - val 0.093206
Epoch 495/1250 - train 0.131728 - val 0.093179
Epoch 496/1250 - train 0.130796 - val 0.088580
Epoch 497/1250 - train 0.131272 - val 0.087448
Epoch 498/1250 - train 0.132214 - val 0.101890
Epoch 499/1250 - train 0.132245 - val 0.089670
Epoch 500/1250 - train 0.131792 - val 0.088240
Epoch 501/1250 - train 0.131751 - val 0.094222
Epoch 502/1250 - train 0.131339 - val 0.089406
Epoch 503/1250 - train 0.131074 - val 0.099977
Epoch 504/1250 - train 0.131762 - val 0.096311
Epoch 505/1250 - train 0.132090 - val 0.091964
Epoch 506/1250 - train 0.131167 - val 0.088112
Epoch 507/1250 - train 0.131534 - val 0.091215
Epoch 508/1250 - train 0.130847 - val 0.085274
Epoch 509/1250 - train 0.131941 - val 0.092152
Epoch 510/1250 - train 0.131967 - val 0.098319
Epoch 511/1250 - train 0.132204 - val 0.093629
Epoch 512/1250 - train 0.131228 - val 0.092426
Epoch 513/1250 - train 0.131203 - val 0.095149
Epoch 514/1250 - train 0.131476 - val 0.095941
Epoch 515/1250 - train 0.131993 - val 0.096542
Epoch 516/1250 - train 0.132953 - val 0.089396
Epoch 517/1250 - train 0.131167 - val 0.089758
Epoch 518/1250 - train 0.132384 - val 0.112966
Epoch 519/1250 - train 0.131450 - val 0.095409
Epoch 520/1250 - train 0.132103 - val 0.092609
Epoch 521/1250 - train 0.131389 - val 0.090281
Epoch 522/1250 - train 0.130978 - val 0.088994
Epoch 523/1250 - train 0.131939 - val 0.093704
Epoch 524/1250 - train 0.131231 - val 0.095390
Epoch 525/1250 - train 0.131684 - val 0.096238
Epoch 526/1250 - train 0.131923 - val 0.094443
Epoch 527/1250 - train 0.132181 - val 0.091615
Epoch 528/1250 - train 0.131360 - val 0.090226
Epoch 529/1250 - train 0.131410 - val 0.089956
Epoch 530/1250 - train 0.131967 - val 0.090670
Epoch 531/1250 - train 0.131388 - val 0.085806
Epoch 532/1250 - train 0.131995 - val 0.091085
Epoch 533/1250 - train 0.131781 - val 0.088476
Epoch 534/1250 - train 0.130981 - val 0.096463
Epoch 535/1250 - train 0.131919 - val 0.091061
Epoch 536/1250 - train 0.131862 - val 0.087254
Epoch 537/1250 - train 0.131059 - val 0.090753
Epoch 538/1250 - train 0.131267 - val 0.090280
Epoch 539/1250 - train 0.131315 - val 0.091547
Epoch 540/1250 - train 0.132407 - val 0.089447
Epoch 541/1250 - train 0.131169 - val 0.089101
Epoch 542/1250 - train 0.131747 - val 0.091017
Epoch 543/1250 - train 0.131081 - val 0.089164
Epoch 544/1250 - train 0.132061 - val 0.098004
Epoch 545/1250 - train 0.131861 - val 0.093243
Epoch 546/1250 - train 0.131403 - val 0.089886
Epoch 547/1250 - train 0.131085 - val 0.096206
Epoch 548/1250 - train 0.131462 - val 0.096209
Epoch 549/1250 - train 0.132449 - val 0.093500
Epoch 550/1250 - train 0.132795 - val 0.088546
Epoch 551/1250 - train 0.130921 - val 0.089029
Epoch 552/1250 - train 0.132146 - val 0.099961
Epoch 553/1250 - train 0.131810 - val 0.089117
Epoch 554/1250 - train 0.131415 - val 0.091098
Epoch 555/1250 - train 0.132442 - val 0.096262
Epoch 556/1250 - train 0.131879 - val 0.087841
Epoch 557/1250 - train 0.132083 - val 0.089865
Epoch 558/1250 - train 0.131825 - val 0.089122
Epoch 559/1250 - train 0.131246 - val 0.091162
Epoch 560/1250 - train 0.131501 - val 0.086624
Epoch 561/1250 - train 0.132197 - val 0.089297
Epoch 562/1250 - train 0.132424 - val 0.093981
Epoch 563/1250 - train 0.131279 - val 0.090617
Epoch 564/1250 - train 0.132071 - val 0.090725
Epoch 565/1250 - train 0.131556 - val 0.099196
Epoch 566/1250 - train 0.132441 - val 0.088568
Epoch 567/1250 - train 0.132233 - val 0.095796
Epoch 568/1250 - train 0.131813 - val 0.102741
Epoch 569/1250 - train 0.131957 - val 0.088044
Epoch 570/1250 - train 0.132194 - val 0.096240
Epoch 571/1250 - train 0.131467 - val 0.091769
Epoch 572/1250 - train 0.131494 - val 0.091882
Epoch 573/1250 - train 0.132471 - val 0.091747
Epoch 574/1250 - train 0.131678 - val 0.095337
Epoch 575/1250 - train 0.131931 - val 0.091673
Epoch 576/1250 - train 0.132077 - val 0.093895
Epoch 577/1250 - train 0.131939 - val 0.101227
Epoch 578/1250 - train 0.132546 - val 0.087078
Epoch 579/1250 - train 0.132338 - val 0.088573
Epoch 580/1250 - train 0.132254 - val 0.093262
Epoch 581/1250 - train 0.131539 - val 0.097649
Epoch 582/1250 - train 0.132027 - val 0.097937
Epoch 583/1250 - train 0.132410 - val 0.101061
Epoch 584/1250 - train 0.131399 - val 0.098354
Epoch 585/1250 - train 0.131243 - val 0.092474
Epoch 586/1250 - train 0.132759 - val 0.091752
Epoch 587/1250 - train 0.132222 - val 0.097021
Epoch 588/1250 - train 0.131571 - val 0.088456
Epoch 589/1250 - train 0.131495 - val 0.091191
Epoch 590/1250 - train 0.132032 - val 0.090874
Epoch 591/1250 - train 0.132216 - val 0.093535
Epoch 592/1250 - train 0.132383 - val 0.092947
Epoch 593/1250 - train 0.130982 - val 0.090256
Epoch 594/1250 - train 0.132628 - val 0.092277
Epoch 595/1250 - train 0.132102 - val 0.092548
Epoch 596/1250 - train 0.131623 - val 0.091580
Epoch 597/1250 - train 0.132566 - val 0.092199
Epoch 598/1250 - train 0.131075 - val 0.090989
Epoch 599/1250 - train 0.131663 - val 0.101120
Epoch 600/1250 - train 0.131796 - val 0.093013
Epoch 601/1250 - train 0.131501 - val 0.088989
Epoch 602/1250 - train 0.132157 - val 0.092864
Epoch 603/1250 - train 0.132051 - val 0.091554
Epoch 604/1250 - train 0.132489 - val 0.092888
Epoch 605/1250 - train 0.131531 - val 0.102112
Epoch 606/1250 - train 0.131727 - val 0.086626
Epoch 607/1250 - train 0.132077 - val 0.088635
Epoch 608/1250 - train 0.131676 - val 0.088762
Epoch 609/1250 - train 0.132105 - val 0.089814
Epoch 610/1250 - train 0.131787 - val 0.100542
Epoch 611/1250 - train 0.131516 - val 0.091310
Epoch 612/1250 - train 0.132043 - val 0.096340
Epoch 613/1250 - train 0.131608 - val 0.095782
Epoch 614/1250 - train 0.132062 - val 0.087756
Epoch 615/1250 - train 0.131564 - val 0.089435
Epoch 616/1250 - train 0.132626 - val 0.096468
Epoch 617/1250 - train 0.132163 - val 0.091689
Epoch 618/1250 - train 0.131558 - val 0.096643
Epoch 619/1250 - train 0.132515 - val 0.094239
Epoch 620/1250 - train 0.131490 - val 0.093269
Epoch 621/1250 - train 0.132613 - val 0.088626
Epoch 622/1250 - train 0.131868 - val 0.092592
Epoch 623/1250 - train 0.132647 - val 0.090993
Epoch 624/1250 - train 0.131639 - val 0.089774
Epoch 625/1250 - train 0.132146 - val 0.089581
Epoch 626/1250 - train 0.131359 - val 0.087423
Epoch 627/1250 - train 0.131846 - val 0.091764
Epoch 628/1250 - train 0.131451 - val 0.092132
Epoch 629/1250 - train 0.131741 - val 0.089933
Epoch 630/1250 - train 0.131710 - val 0.090842
Epoch 631/1250 - train 0.132676 - val 0.089006
Epoch 632/1250 - train 0.130897 - val 0.095148
Epoch 633/1250 - train 0.131548 - val 0.094030
Epoch 634/1250 - train 0.131823 - val 0.094540
Epoch 635/1250 - train 0.131968 - val 0.092054
Epoch 636/1250 - train 0.131020 - val 0.091091
Epoch 637/1250 - train 0.132885 - val 0.090398
Epoch 638/1250 - train 0.131610 - val 0.095073
Epoch 639/1250 - train 0.132091 - val 0.096969
Epoch 640/1250 - train 0.132343 - val 0.089713
Epoch 641/1250 - train 0.131180 - val 0.096728
Epoch 642/1250 - train 0.132190 - val 0.096360
Epoch 643/1250 - train 0.132126 - val 0.099940
Epoch 644/1250 - train 0.132781 - val 0.091605
Epoch 645/1250 - train 0.131523 - val 0.084841
Epoch 646/1250 - train 0.131652 - val 0.091472
Epoch 647/1250 - train 0.131999 - val 0.084287
Epoch 648/1250 - train 0.131664 - val 0.090391
Epoch 649/1250 - train 0.132206 - val 0.089412
Epoch 650/1250 - train 0.131991 - val 0.093711
Epoch 651/1250 - train 0.131872 - val 0.089755
Epoch 652/1250 - train 0.132142 - val 0.092941
Epoch 653/1250 - train 0.131772 - val 0.091226
Epoch 654/1250 - train 0.131636 - val 0.089216
Epoch 655/1250 - train 0.132554 - val 0.088474
Epoch 656/1250 - train 0.132371 - val 0.096390
Epoch 657/1250 - train 0.131714 - val 0.089182
Epoch 658/1250 - train 0.131593 - val 0.096908
Epoch 659/1250 - train 0.131424 - val 0.093601
Epoch 660/1250 - train 0.131916 - val 0.090183
Epoch 661/1250 - train 0.132101 - val 0.090726
Epoch 662/1250 - train 0.131814 - val 0.090097
Epoch 663/1250 - train 0.131767 - val 0.091680
Epoch 664/1250 - train 0.132605 - val 0.092410
Epoch 665/1250 - train 0.130835 - val 0.092754
Epoch 666/1250 - train 0.132209 - val 0.092615
Epoch 667/1250 - train 0.131925 - val 0.093102
Epoch 668/1250 - train 0.132144 - val 0.098942
Epoch 669/1250 - train 0.131009 - val 0.086584
Epoch 670/1250 - train 0.132610 - val 0.092749
Epoch 671/1250 - train 0.131466 - val 0.090124
Epoch 672/1250 - train 0.131268 - val 0.091909
Epoch 673/1250 - train 0.131526 - val 0.091309
Epoch 674/1250 - train 0.132253 - val 0.092994
Epoch 675/1250 - train 0.132119 - val 0.085292
Epoch 676/1250 - train 0.132099 - val 0.105617
Epoch 677/1250 - train 0.131826 - val 0.092640
Epoch 678/1250 - train 0.131474 - val 0.097028
Epoch 679/1250 - train 0.132390 - val 0.086156
Epoch 680/1250 - train 0.131620 - val 0.090082
Epoch 681/1250 - train 0.131438 - val 0.090332
Epoch 682/1250 - train 0.132035 - val 0.089618
Epoch 683/1250 - train 0.131867 - val 0.088345
Epoch 684/1250 - train 0.131671 - val 0.096812
Epoch 685/1250 - train 0.131829 - val 0.087482
Epoch 686/1250 - train 0.131733 - val 0.088589
Epoch 687/1250 - train 0.132145 - val 0.090660
Epoch 688/1250 - train 0.131512 - val 0.089175
Epoch 689/1250 - train 0.131895 - val 0.089965
Epoch 690/1250 - train 0.132613 - val 0.091249
Epoch 691/1250 - train 0.132444 - val 0.084986
Epoch 692/1250 - train 0.130624 - val 0.088883
Epoch 693/1250 - train 0.132333 - val 0.089720
Epoch 694/1250 - train 0.131650 - val 0.106991
Epoch 695/1250 - train 0.131697 - val 0.099967
Epoch 696/1250 - train 0.132209 - val 0.093613
Epoch 697/1250 - train 0.131255 - val 0.093163
Epoch 698/1250 - train 0.132627 - val 0.098421
Epoch 699/1250 - train 0.130909 - val 0.090996
Epoch 700/1250 - train 0.131746 - val 0.088008
Epoch 701/1250 - train 0.131804 - val 0.086758
Epoch 702/1250 - train 0.132376 - val 0.087274
Epoch 703/1250 - train 0.132485 - val 0.096053
Epoch 704/1250 - train 0.130784 - val 0.087341
Epoch 705/1250 - train 0.132399 - val 0.089963
Epoch 706/1250 - train 0.131527 - val 0.090189
Epoch 707/1250 - train 0.132605 - val 0.098591
Epoch 708/1250 - train 0.131491 - val 0.089851
Epoch 709/1250 - train 0.131453 - val 0.088744
Epoch 710/1250 - train 0.131705 - val 0.089522
Epoch 711/1250 - train 0.132360 - val 0.094556
Epoch 712/1250 - train 0.130991 - val 0.097801
Epoch 713/1250 - train 0.132576 - val 0.092161
Epoch 714/1250 - train 0.131434 - val 0.086646
Epoch 715/1250 - train 0.132286 - val 0.092725
Epoch 716/1250 - train 0.131572 - val 0.094830
Epoch 717/1250 - train 0.130672 - val 0.095569
Epoch 718/1250 - train 0.132544 - val 0.096743
Epoch 719/1250 - train 0.132298 - val 0.091830
Epoch 720/1250 - train 0.131947 - val 0.089569
Epoch 721/1250 - train 0.132102 - val 0.092853
Epoch 722/1250 - train 0.131845 - val 0.087813
Epoch 723/1250 - train 0.131977 - val 0.088531
Epoch 724/1250 - train 0.132675 - val 0.088277
Epoch 725/1250 - train 0.132232 - val 0.091139
Epoch 726/1250 - train 0.131452 - val 0.086170
Epoch 727/1250 - train 0.131341 - val 0.095015
Epoch 728/1250 - train 0.133339 - val 0.088640
Epoch 729/1250 - train 0.132026 - val 0.090013
Epoch 730/1250 - train 0.131844 - val 0.093817
Epoch 731/1250 - train 0.132511 - val 0.097305
Epoch 732/1250 - train 0.131712 - val 0.090578
Epoch 733/1250 - train 0.131056 - val 0.089294
Epoch 734/1250 - train 0.131758 - val 0.097349
Epoch 735/1250 - train 0.132110 - val 0.093635
Epoch 736/1250 - train 0.131777 - val 0.085627
Epoch 737/1250 - train 0.131857 - val 0.095868
Epoch 738/1250 - train 0.132277 - val 0.087911
Epoch 739/1250 - train 0.131898 - val 0.086056
Epoch 740/1250 - train 0.131411 - val 0.087030
Epoch 741/1250 - train 0.132078 - val 0.091114
Epoch 742/1250 - train 0.131803 - val 0.088365
Epoch 743/1250 - train 0.132109 - val 0.087691
Epoch 744/1250 - train 0.131200 - val 0.100773
Epoch 745/1250 - train 0.132114 - val 0.095423
Epoch 746/1250 - train 0.133137 - val 0.089530
Epoch 747/1250 - train 0.131312 - val 0.094630
Epoch 748/1250 - train 0.131796 - val 0.089825
Epoch 749/1250 - train 0.132057 - val 0.094293
Epoch 750/1250 - train 0.131839 - val 0.088310
Epoch 751/1250 - train 0.131487 - val 0.086040
Epoch 752/1250 - train 0.132162 - val 0.093287
Epoch 753/1250 - train 0.131629 - val 0.094423
Epoch 754/1250 - train 0.132235 - val 0.091072
Epoch 755/1250 - train 0.132015 - val 0.089873
Epoch 756/1250 - train 0.131715 - val 0.086474
Epoch 757/1250 - train 0.131934 - val 0.088007
Epoch 758/1250 - train 0.131792 - val 0.108162
Epoch 759/1250 - train 0.132455 - val 0.097420
Epoch 760/1250 - train 0.131553 - val 0.092185
Epoch 761/1250 - train 0.131859 - val 0.090875
Epoch 762/1250 - train 0.132369 - val 0.091792
Epoch 763/1250 - train 0.131329 - val 0.089508
Epoch 764/1250 - train 0.132797 - val 0.088034
Epoch 765/1250 - train 0.130972 - val 0.089496
Epoch 766/1250 - train 0.131896 - val 0.091142
Epoch 767/1250 - train 0.131541 - val 0.091143
Epoch 768/1250 - train 0.131463 - val 0.089013
Epoch 769/1250 - train 0.131689 - val 0.093014
Epoch 770/1250 - train 0.131496 - val 0.099016
Epoch 771/1250 - train 0.131487 - val 0.091465
Epoch 772/1250 - train 0.131986 - val 0.087199
Epoch 773/1250 - train 0.131397 - val 0.095179
Epoch 774/1250 - train 0.132815 - val 0.094219
Epoch 775/1250 - train 0.132094 - val 0.091532
Epoch 776/1250 - train 0.131855 - val 0.090227
Epoch 777/1250 - train 0.132199 - val 0.104574
Epoch 778/1250 - train 0.132312 - val 0.093686
Epoch 779/1250 - train 0.131688 - val 0.091301
Epoch 780/1250 - train 0.132515 - val 0.099854
Epoch 781/1250 - train 0.131483 - val 0.101949
Epoch 782/1250 - train 0.132196 - val 0.089739
Epoch 783/1250 - train 0.130914 - val 0.089018
Epoch 784/1250 - train 0.132223 - val 0.096307
Epoch 785/1250 - train 0.132301 - val 0.093551
Epoch 786/1250 - train 0.131365 - val 0.090319
Epoch 787/1250 - train 0.132329 - val 0.087546
Epoch 788/1250 - train 0.131984 - val 0.090669
Epoch 789/1250 - train 0.131222 - val 0.100778
Epoch 790/1250 - train 0.131753 - val 0.088831
Epoch 791/1250 - train 0.132562 - val 0.091649
Epoch 792/1250 - train 0.131797 - val 0.093154
Epoch 793/1250 - train 0.132071 - val 0.086915
Epoch 794/1250 - train 0.131225 - val 0.090563
Epoch 795/1250 - train 0.132213 - val 0.088441
Epoch 796/1250 - train 0.132476 - val 0.092893
Epoch 797/1250 - train 0.131357 - val 0.090594
Epoch 798/1250 - train 0.132496 - val 0.097535
Epoch 799/1250 - train 0.131014 - val 0.094304
Epoch 800/1250 - train 0.132965 - val 0.090957
Epoch 801/1250 - train 0.132504 - val 0.088018
Epoch 802/1250 - train 0.131888 - val 0.091274
Epoch 803/1250 - train 0.131054 - val 0.089200
Epoch 804/1250 - train 0.131679 - val 0.088995
Epoch 805/1250 - train 0.131714 - val 0.088327
Epoch 806/1250 - train 0.131514 - val 0.086684
Epoch 807/1250 - train 0.131248 - val 0.090171
Epoch 808/1250 - train 0.132193 - val 0.088905
Epoch 809/1250 - train 0.132439 - val 0.089930
Epoch 810/1250 - train 0.131786 - val 0.092364
Epoch 811/1250 - train 0.131745 - val 0.095233
Epoch 812/1250 - train 0.132326 - val 0.087795
Epoch 813/1250 - train 0.131876 - val 0.084341
Epoch 814/1250 - train 0.131387 - val 0.093061
Epoch 815/1250 - train 0.132684 - val 0.091260
Epoch 816/1250 - train 0.131195 - val 0.089258
Epoch 817/1250 - train 0.132308 - val 0.093787
Epoch 818/1250 - train 0.132796 - val 0.093703
Epoch 819/1250 - train 0.131097 - val 0.089945
Epoch 820/1250 - train 0.131888 - val 0.096915
Epoch 821/1250 - train 0.131907 - val 0.094587
Epoch 822/1250 - train 0.132545 - val 0.097889
Epoch 823/1250 - train 0.131870 - val 0.089288
Epoch 824/1250 - train 0.131390 - val 0.095516
Epoch 825/1250 - train 0.133118 - val 0.091470
Epoch 826/1250 - train 0.131726 - val 0.096298
Epoch 827/1250 - train 0.131571 - val 0.099573
Epoch 828/1250 - train 0.132557 - val 0.094888
Epoch 829/1250 - train 0.132114 - val 0.087898
Epoch 830/1250 - train 0.132168 - val 0.089104
Epoch 831/1250 - train 0.131474 - val 0.095678
Epoch 832/1250 - train 0.131915 - val 0.098978
Epoch 833/1250 - train 0.132313 - val 0.089788
Epoch 834/1250 - train 0.132566 - val 0.095731
Epoch 835/1250 - train 0.131905 - val 0.092378
Epoch 836/1250 - train 0.132603 - val 0.091076
Epoch 837/1250 - train 0.132076 - val 0.093902
Epoch 838/1250 - train 0.131575 - val 0.094701
Epoch 839/1250 - train 0.131294 - val 0.086682
Epoch 840/1250 - train 0.132138 - val 0.094412
Epoch 841/1250 - train 0.132457 - val 0.088013
Epoch 842/1250 - train 0.130753 - val 0.093858
Epoch 843/1250 - train 0.132056 - val 0.088689
Epoch 844/1250 - train 0.131678 - val 0.097260
Epoch 845/1250 - train 0.132628 - val 0.088647
Epoch 846/1250 - train 0.132439 - val 0.093332
Epoch 847/1250 - train 0.132607 - val 0.090107
Epoch 848/1250 - train 0.131171 - val 0.093614
Epoch 849/1250 - train 0.131176 - val 0.087394
Epoch 850/1250 - train 0.132504 - val 0.096234
Epoch 851/1250 - train 0.131873 - val 0.093030
Epoch 852/1250 - train 0.132447 - val 0.087356
Epoch 853/1250 - train 0.131618 - val 0.091294
Epoch 854/1250 - train 0.132897 - val 0.094659
Epoch 855/1250 - train 0.131753 - val 0.098352
Epoch 856/1250 - train 0.131674 - val 0.091453
Epoch 857/1250 - train 0.132264 - val 0.090449
Epoch 858/1250 - train 0.132074 - val 0.087430
Epoch 859/1250 - train 0.132602 - val 0.089931
Epoch 860/1250 - train 0.132076 - val 0.088820
Epoch 861/1250 - train 0.131581 - val 0.092823
Epoch 862/1250 - train 0.131480 - val 0.087435
Epoch 863/1250 - train 0.131794 - val 0.088983
Epoch 864/1250 - train 0.132416 - val 0.088358
Epoch 865/1250 - train 0.132087 - val 0.090841
Epoch 866/1250 - train 0.132676 - val 0.091471
Epoch 867/1250 - train 0.131820 - val 0.099864
Epoch 868/1250 - train 0.132343 - val 0.090505
Epoch 869/1250 - train 0.130834 - val 0.092523
Epoch 870/1250 - train 0.132346 - val 0.092108
Epoch 871/1250 - train 0.131429 - val 0.093149
Epoch 872/1250 - train 0.131782 - val 0.097743
Epoch 873/1250 - train 0.131789 - val 0.099734
Epoch 874/1250 - train 0.132427 - val 0.085403
Epoch 875/1250 - train 0.131324 - val 0.094014
Epoch 876/1250 - train 0.132202 - val 0.090798
Epoch 877/1250 - train 0.131289 - val 0.089587
Epoch 878/1250 - train 0.132617 - val 0.088790
Epoch 879/1250 - train 0.130910 - val 0.089449
Epoch 880/1250 - train 0.130812 - val 0.096308
Epoch 881/1250 - train 0.134508 - val 0.089291
Epoch 882/1250 - train 0.131173 - val 0.089389
Epoch 883/1250 - train 0.131874 - val 0.090181
Epoch 884/1250 - train 0.131538 - val 0.091799
Epoch 885/1250 - train 0.131763 - val 0.092412
Epoch 886/1250 - train 0.132252 - val 0.090182
Epoch 887/1250 - train 0.131988 - val 0.093790
Epoch 888/1250 - train 0.132369 - val 0.090705
Epoch 889/1250 - train 0.131670 - val 0.090229
Epoch 890/1250 - train 0.132986 - val 0.092618
Epoch 891/1250 - train 0.132236 - val 0.089181
Epoch 892/1250 - train 0.131834 - val 0.086571
Epoch 893/1250 - train 0.131714 - val 0.084943
Epoch 894/1250 - train 0.131789 - val 0.091964
Epoch 895/1250 - train 0.131936 - val 0.092905
Epoch 896/1250 - train 0.131231 - val 0.092314
Epoch 897/1250 - train 0.133232 - val 0.091987
Epoch 898/1250 - train 0.131970 - val 0.103208
Epoch 899/1250 - train 0.131742 - val 0.091333
Epoch 900/1250 - train 0.132304 - val 0.089242
Epoch 901/1250 - train 0.132138 - val 0.089273
Epoch 902/1250 - train 0.131639 - val 0.093948
Epoch 903/1250 - train 0.132031 - val 0.085670
Epoch 904/1250 - train 0.132590 - val 0.096823
Epoch 905/1250 - train 0.131091 - val 0.088052
Epoch 906/1250 - train 0.131782 - val 0.092801
Epoch 907/1250 - train 0.131616 - val 0.091077
Epoch 908/1250 - train 0.132076 - val 0.088615
Epoch 909/1250 - train 0.131604 - val 0.087281
Epoch 910/1250 - train 0.131982 - val 0.100159
Epoch 911/1250 - train 0.131489 - val 0.085764
Epoch 912/1250 - train 0.131933 - val 0.089970
Epoch 913/1250 - train 0.130699 - val 0.088259
Epoch 914/1250 - train 0.131839 - val 0.092013
Epoch 915/1250 - train 0.132444 - val 0.095614
Epoch 916/1250 - train 0.132033 - val 0.086824
Epoch 917/1250 - train 0.131864 - val 0.089685
Epoch 918/1250 - train 0.132346 - val 0.093972
Epoch 919/1250 - train 0.131762 - val 0.087937
Epoch 920/1250 - train 0.131562 - val 0.091603
Epoch 921/1250 - train 0.132080 - val 0.088534
Epoch 922/1250 - train 0.132067 - val 0.092846
Epoch 923/1250 - train 0.132200 - val 0.091896
Epoch 924/1250 - train 0.132716 - val 0.087831
Epoch 925/1250 - train 0.131888 - val 0.090354
Epoch 926/1250 - train 0.132132 - val 0.092735
Epoch 927/1250 - train 0.131481 - val 0.091456
Epoch 928/1250 - train 0.131736 - val 0.089957
Epoch 929/1250 - train 0.132156 - val 0.092859
Epoch 930/1250 - train 0.132318 - val 0.088042
Epoch 931/1250 - train 0.131752 - val 0.094137
Epoch 932/1250 - train 0.131696 - val 0.097985
Epoch 933/1250 - train 0.132881 - val 0.090533
Epoch 934/1250 - train 0.131412 - val 0.093070
Epoch 935/1250 - train 0.132418 - val 0.117413
Epoch 936/1250 - train 0.131312 - val 0.087434
Epoch 937/1250 - train 0.131668 - val 0.092546
Epoch 938/1250 - train 0.132829 - val 0.087474
Epoch 939/1250 - train 0.131357 - val 0.091153
Epoch 940/1250 - train 0.132611 - val 0.091602
Epoch 941/1250 - train 0.131265 - val 0.084789
Epoch 942/1250 - train 0.131765 - val 0.104551
Epoch 943/1250 - train 0.131725 - val 0.092125
Epoch 944/1250 - train 0.131965 - val 0.092415
Epoch 945/1250 - train 0.132005 - val 0.092389
Epoch 946/1250 - train 0.132322 - val 0.092117
Epoch 947/1250 - train 0.131952 - val 0.090068
Epoch 948/1250 - train 0.131535 - val 0.088684
Epoch 949/1250 - train 0.132360 - val 0.087260
Epoch 950/1250 - train 0.131430 - val 0.090314
Epoch 951/1250 - train 0.131501 - val 0.094870
Epoch 952/1250 - train 0.132078 - val 0.087924
Epoch 953/1250 - train 0.131921 - val 0.090650
Epoch 954/1250 - train 0.131390 - val 0.094056
Epoch 955/1250 - train 0.132418 - val 0.091802
Epoch 956/1250 - train 0.131503 - val 0.093540
Epoch 957/1250 - train 0.131880 - val 0.085593
Epoch 958/1250 - train 0.132258 - val 0.088441
Epoch 959/1250 - train 0.131820 - val 0.087038
Epoch 960/1250 - train 0.132751 - val 0.102655
Epoch 961/1250 - train 0.131545 - val 0.098593
Epoch 962/1250 - train 0.132212 - val 0.090095
Epoch 963/1250 - train 0.131791 - val 0.087071
Epoch 964/1250 - train 0.132475 - val 0.096038
Epoch 965/1250 - train 0.132031 - val 0.092495
Epoch 966/1250 - train 0.131677 - val 0.097847
Epoch 967/1250 - train 0.131911 - val 0.089027
Epoch 968/1250 - train 0.132453 - val 0.091123
Epoch 969/1250 - train 0.132438 - val 0.097679
Epoch 970/1250 - train 0.131770 - val 0.093210
Epoch 971/1250 - train 0.131827 - val 0.087191
Epoch 972/1250 - train 0.133001 - val 0.096881
Epoch 973/1250 - train 0.132121 - val 0.093691
Epoch 974/1250 - train 0.131483 - val 0.091181
Epoch 975/1250 - train 0.132442 - val 0.094102
Epoch 976/1250 - train 0.131120 - val 0.093971
Epoch 977/1250 - train 0.131676 - val 0.088290
Epoch 978/1250 - train 0.132103 - val 0.098098
Epoch 979/1250 - train 0.133285 - val 0.094902
Epoch 980/1250 - train 0.131582 - val 0.093059
Epoch 981/1250 - train 0.131136 - val 0.095495
Epoch 982/1250 - train 0.133423 - val 0.090724
Epoch 983/1250 - train 0.131805 - val 0.086928
Epoch 984/1250 - train 0.131399 - val 0.090019
Epoch 985/1250 - train 0.132490 - val 0.093178
Epoch 986/1250 - train 0.131823 - val 0.097358
Epoch 987/1250 - train 0.132177 - val 0.092097
Epoch 988/1250 - train 0.132258 - val 0.089336
Epoch 989/1250 - train 0.132486 - val 0.096266
Epoch 990/1250 - train 0.131822 - val 0.089508
Epoch 991/1250 - train 0.132162 - val 0.091026
Epoch 992/1250 - train 0.132101 - val 0.088360
Epoch 993/1250 - train 0.132487 - val 0.101355
Epoch 994/1250 - train 0.132601 - val 0.088871
Epoch 995/1250 - train 0.132271 - val 0.094695
Epoch 996/1250 - train 0.132078 - val 0.095304
Epoch 997/1250 - train 0.132759 - val 0.092256
Epoch 998/1250 - train 0.131834 - val 0.088695
Epoch 999/1250 - train 0.132529 - val 0.092134
Epoch 1000/1250 - train 0.132117 - val 0.088959
Epoch 1001/1250 - train 0.131387 - val 0.096068
Epoch 1002/1250 - train 0.134293 - val 0.097098
Epoch 1003/1250 - train 0.131629 - val 0.087217
Epoch 1004/1250 - train 0.131451 - val 0.088971
Epoch 1005/1250 - train 0.131361 - val 0.087597
Epoch 1006/1250 - train 0.132370 - val 0.087383
Epoch 1007/1250 - train 0.132079 - val 0.099574
Epoch 1008/1250 - train 0.132041 - val 0.096315
Epoch 1009/1250 - train 0.133359 - val 0.091819
Epoch 1010/1250 - train 0.131305 - val 0.090343
Epoch 1011/1250 - train 0.131718 - val 0.102374
Epoch 1012/1250 - train 0.131621 - val 0.092797
Epoch 1013/1250 - train 0.131637 - val 0.093163
Epoch 1014/1250 - train 0.132083 - val 0.090594
Epoch 1015/1250 - train 0.132787 - val 0.092767
Epoch 1016/1250 - train 0.131436 - val 0.091564
Epoch 1017/1250 - train 0.131947 - val 0.094328
Epoch 1018/1250 - train 0.131876 - val 0.095568
Epoch 1019/1250 - train 0.132868 - val 0.089449
Epoch 1020/1250 - train 0.132193 - val 0.101289
Epoch 1021/1250 - train 0.131492 - val 0.094247
Epoch 1022/1250 - train 0.131928 - val 0.091342
Epoch 1023/1250 - train 0.132400 - val 0.091887
Epoch 1024/1250 - train 0.131594 - val 0.085481
Epoch 1025/1250 - train 0.132183 - val 0.088338
Epoch 1026/1250 - train 0.132150 - val 0.099731
Epoch 1027/1250 - train 0.133021 - val 0.094639
Epoch 1028/1250 - train 0.132215 - val 0.097194
Epoch 1029/1250 - train 0.132388 - val 0.098264
Epoch 1030/1250 - train 0.131332 - val 0.087971
Epoch 1031/1250 - train 0.132832 - val 0.093077
Epoch 1032/1250 - train 0.131546 - val 0.090275
Epoch 1033/1250 - train 0.132446 - val 0.097487
Epoch 1034/1250 - train 0.131363 - val 0.088283
Epoch 1035/1250 - train 0.131866 - val 0.090048
Epoch 1036/1250 - train 0.131914 - val 0.087997
Epoch 1037/1250 - train 0.132628 - val 0.096115
Epoch 1038/1250 - train 0.131113 - val 0.094080
Epoch 1039/1250 - train 0.131973 - val 0.094770
Epoch 1040/1250 - train 0.132447 - val 0.089118
Epoch 1041/1250 - train 0.132203 - val 0.090715
Epoch 1042/1250 - train 0.131531 - val 0.090140
Epoch 1043/1250 - train 0.131538 - val 0.091895
Epoch 1044/1250 - train 0.132322 - val 0.092747
Epoch 1045/1250 - train 0.131847 - val 0.086566
Epoch 1046/1250 - train 0.132105 - val 0.090059
Epoch 1047/1250 - train 0.132265 - val 0.091362
Epoch 1048/1250 - train 0.131788 - val 0.087030
Epoch 1049/1250 - train 0.132370 - val 0.093686
Epoch 1050/1250 - train 0.132295 - val 0.093319
Epoch 1051/1250 - train 0.131980 - val 0.098057
Epoch 1052/1250 - train 0.131617 - val 0.090335
Epoch 1053/1250 - train 0.132505 - val 0.093911
Epoch 1054/1250 - train 0.131997 - val 0.091251
Epoch 1055/1250 - train 0.131642 - val 0.089429
Epoch 1056/1250 - train 0.132022 - val 0.088699
Epoch 1057/1250 - train 0.131857 - val 0.091884
Epoch 1058/1250 - train 0.132764 - val 0.101964
Epoch 1059/1250 - train 0.132710 - val 0.087619
Epoch 1060/1250 - train 0.131823 - val 0.089271
Epoch 1061/1250 - train 0.131231 - val 0.085941
Epoch 1062/1250 - train 0.132146 - val 0.094773
Epoch 1063/1250 - train 0.132168 - val 0.097015
Epoch 1064/1250 - train 0.132391 - val 0.094964
Epoch 1065/1250 - train 0.131718 - val 0.085577
Epoch 1066/1250 - train 0.132425 - val 0.092196
Epoch 1067/1250 - train 0.130955 - val 0.088342
Epoch 1068/1250 - train 0.132380 - val 0.089150
Epoch 1069/1250 - train 0.132354 - val 0.091176
Epoch 1070/1250 - train 0.132244 - val 0.096098
Epoch 1071/1250 - train 0.132228 - val 0.086602
Epoch 1072/1250 - train 0.131586 - val 0.090619
Epoch 1073/1250 - train 0.132006 - val 0.099261
Epoch 1074/1250 - train 0.132665 - val 0.091125
Epoch 1075/1250 - train 0.131864 - val 0.099644
Epoch 1076/1250 - train 0.132554 - val 0.094867
Epoch 1077/1250 - train 0.131816 - val 0.089117
Epoch 1078/1250 - train 0.131880 - val 0.092327
Epoch 1079/1250 - train 0.131545 - val 0.089557
Epoch 1080/1250 - train 0.132049 - val 0.089313
Epoch 1081/1250 - train 0.132414 - val 0.093051
Epoch 1082/1250 - train 0.132392 - val 0.087614
Epoch 1083/1250 - train 0.132278 - val 0.088859
Epoch 1084/1250 - train 0.131634 - val 0.090010
Epoch 1085/1250 - train 0.132100 - val 0.088956
Epoch 1086/1250 - train 0.131919 - val 0.090979
Epoch 1087/1250 - train 0.132671 - val 0.095522
Epoch 1088/1250 - train 0.131582 - val 0.087955
Epoch 1089/1250 - train 0.132655 - val 0.095352
Epoch 1090/1250 - train 0.131452 - val 0.097626
Epoch 1091/1250 - train 0.132137 - val 0.090510
Epoch 1092/1250 - train 0.131331 - val 0.087862
Epoch 1093/1250 - train 0.132582 - val 0.096229
Epoch 1094/1250 - train 0.132015 - val 0.087188
Epoch 1095/1250 - train 0.131400 - val 0.092733
Epoch 1096/1250 - train 0.132494 - val 0.092461
Epoch 1097/1250 - train 0.132320 - val 0.086528
Epoch 1098/1250 - train 0.132116 - val 0.091363
Epoch 1099/1250 - train 0.131797 - val 0.088313
Epoch 1100/1250 - train 0.132650 - val 0.091393
Epoch 1101/1250 - train 0.131694 - val 0.105650
Epoch 1102/1250 - train 0.132210 - val 0.086728
Epoch 1103/1250 - train 0.131538 - val 0.099748
Epoch 1104/1250 - train 0.132679 - val 0.085022
Epoch 1105/1250 - train 0.131216 - val 0.088790
Epoch 1106/1250 - train 0.131870 - val 0.104021
Epoch 1107/1250 - train 0.133258 - val 0.090643
Epoch 1108/1250 - train 0.131404 - val 0.092877
Epoch 1109/1250 - train 0.132454 - val 0.093596
Epoch 1110/1250 - train 0.132031 - val 0.088863
Epoch 1111/1250 - train 0.131975 - val 0.096222
Epoch 1112/1250 - train 0.132375 - val 0.089750
Epoch 1113/1250 - train 0.132160 - val 0.092995
Epoch 1114/1250 - train 0.131955 - val 0.094120
Epoch 1115/1250 - train 0.131775 - val 0.092770
Epoch 1116/1250 - train 0.131616 - val 0.099144
Epoch 1117/1250 - train 0.131818 - val 0.090816
Epoch 1118/1250 - train 0.131849 - val 0.093235
Epoch 1119/1250 - train 0.133080 - val 0.094218
Epoch 1120/1250 - train 0.131520 - val 0.091421
Epoch 1121/1250 - train 0.131687 - val 0.086074
Epoch 1122/1250 - train 0.132366 - val 0.094847
Epoch 1123/1250 - train 0.131375 - val 0.097000
Epoch 1124/1250 - train 0.132156 - val 0.092344
Epoch 1125/1250 - train 0.131749 - val 0.086763
Epoch 1126/1250 - train 0.131914 - val 0.093067
Epoch 1127/1250 - train 0.131903 - val 0.091048
Epoch 1128/1250 - train 0.131564 - val 0.088532
Epoch 1129/1250 - train 0.131704 - val 0.092294
Epoch 1130/1250 - train 0.132492 - val 0.093313
Epoch 1131/1250 - train 0.132188 - val 0.091659
Epoch 1132/1250 - train 0.132054 - val 0.090599
Epoch 1133/1250 - train 0.132060 - val 0.087752
Epoch 1134/1250 - train 0.132649 - val 0.089292
Epoch 1135/1250 - train 0.131779 - val 0.096319
Epoch 1136/1250 - train 0.131862 - val 0.092200
Epoch 1137/1250 - train 0.132283 - val 0.102385
Epoch 1138/1250 - train 0.131717 - val 0.090948
Epoch 1139/1250 - train 0.131869 - val 0.088846
Epoch 1140/1250 - train 0.133446 - val 0.091565
Epoch 1141/1250 - train 0.131958 - val 0.096317
Epoch 1142/1250 - train 0.132326 - val 0.091177
Epoch 1143/1250 - train 0.131934 - val 0.093759
Epoch 1144/1250 - train 0.131606 - val 0.087966
Epoch 1145/1250 - train 0.132875 - val 0.087652
Epoch 1146/1250 - train 0.132134 - val 0.087489
Epoch 1147/1250 - train 0.132346 - val 0.090021
Epoch 1148/1250 - train 0.132025 - val 0.091723
Epoch 1149/1250 - train 0.132257 - val 0.087827
Epoch 1150/1250 - train 0.131487 - val 0.100028
Epoch 1151/1250 - train 0.132207 - val 0.088392
Epoch 1152/1250 - train 0.131810 - val 0.091473
Epoch 1153/1250 - train 0.131191 - val 0.091787
Epoch 1154/1250 - train 0.131723 - val 0.092361
Epoch 1155/1250 - train 0.132398 - val 0.100391
Epoch 1156/1250 - train 0.133092 - val 0.086855
Epoch 1157/1250 - train 0.132009 - val 0.090746
Epoch 1158/1250 - train 0.131268 - val 0.091156
Epoch 1159/1250 - train 0.131436 - val 0.097203
Epoch 1160/1250 - train 0.132732 - val 0.099866
Epoch 1161/1250 - train 0.131610 - val 0.095346
Epoch 1162/1250 - train 0.131832 - val 0.090813
Epoch 1163/1250 - train 0.131659 - val 0.092117
Epoch 1164/1250 - train 0.132086 - val 0.102309
Epoch 1165/1250 - train 0.132459 - val 0.095430
Epoch 1166/1250 - train 0.132212 - val 0.088842
Epoch 1167/1250 - train 0.131996 - val 0.088363
Epoch 1168/1250 - train 0.132492 - val 0.095162
Epoch 1169/1250 - train 0.131864 - val 0.099353
Epoch 1170/1250 - train 0.131219 - val 0.085247
Epoch 1171/1250 - train 0.131944 - val 0.088558
Epoch 1172/1250 - train 0.132686 - val 0.096361
Epoch 1173/1250 - train 0.132615 - val 0.091474
Epoch 1174/1250 - train 0.132561 - val 0.088115
Epoch 1175/1250 - train 0.131614 - val 0.092913
Epoch 1176/1250 - train 0.132185 - val 0.092337
Epoch 1177/1250 - train 0.132751 - val 0.091176
Epoch 1178/1250 - train 0.131905 - val 0.092039
Epoch 1179/1250 - train 0.132098 - val 0.087804
Epoch 1180/1250 - train 0.131963 - val 0.096182
Epoch 1181/1250 - train 0.132824 - val 0.090903
Epoch 1182/1250 - train 0.132290 - val 0.085965
Epoch 1183/1250 - train 0.131313 - val 0.087586
Epoch 1184/1250 - train 0.131975 - val 0.094164
Epoch 1185/1250 - train 0.131599 - val 0.088048
Epoch 1186/1250 - train 0.133011 - val 0.093318
Epoch 1187/1250 - train 0.131883 - val 0.091396
Epoch 1188/1250 - train 0.131228 - val 0.088797
Epoch 1189/1250 - train 0.131506 - val 0.090173
Epoch 1190/1250 - train 0.131767 - val 0.090834
Epoch 1191/1250 - train 0.132422 - val 0.100055
Epoch 1192/1250 - train 0.131558 - val 0.096933
Epoch 1193/1250 - train 0.131780 - val 0.103925
Epoch 1194/1250 - train 0.132510 - val 0.093783
Epoch 1195/1250 - train 0.131666 - val 0.094171
Epoch 1196/1250 - train 0.131704 - val 0.088740
Epoch 1197/1250 - train 0.132483 - val 0.096646
Epoch 1198/1250 - train 0.132148 - val 0.088393
Epoch 1199/1250 - train 0.131315 - val 0.090316
Epoch 1200/1250 - train 0.132653 - val 0.088267
Epoch 1201/1250 - train 0.132324 - val 0.094751
Epoch 1202/1250 - train 0.131476 - val 0.088231
Epoch 1203/1250 - train 0.131683 - val 0.092474
Epoch 1204/1250 - train 0.132495 - val 0.091001
Epoch 1205/1250 - train 0.132032 - val 0.086829
Epoch 1206/1250 - train 0.132091 - val 0.092579
Epoch 1207/1250 - train 0.132185 - val 0.085058
Epoch 1208/1250 - train 0.132107 - val 0.099862
Epoch 1209/1250 - train 0.132324 - val 0.088142
Epoch 1210/1250 - train 0.132607 - val 0.092077
Epoch 1211/1250 - train 0.131456 - val 0.098129
Epoch 1212/1250 - train 0.132164 - val 0.093649
Epoch 1213/1250 - train 0.131341 - val 0.095614
Epoch 1214/1250 - train 0.132149 - val 0.089326
Epoch 1215/1250 - train 0.132181 - val 0.088914
Epoch 1216/1250 - train 0.132085 - val 0.092856
Epoch 1217/1250 - train 0.132531 - val 0.086069
Epoch 1218/1250 - train 0.132140 - val 0.095200
Epoch 1219/1250 - train 0.131641 - val 0.094639
Epoch 1220/1250 - train 0.132064 - val 0.091934
Epoch 1221/1250 - train 0.132111 - val 0.088535
Epoch 1222/1250 - train 0.132317 - val 0.086856
Epoch 1223/1250 - train 0.131739 - val 0.099358
Epoch 1224/1250 - train 0.132078 - val 0.089257
Epoch 1225/1250 - train 0.132504 - val 0.093243
Epoch 1226/1250 - train 0.131954 - val 0.091161
Epoch 1227/1250 - train 0.132869 - val 0.086863
Epoch 1228/1250 - train 0.132002 - val 0.091841
Epoch 1229/1250 - train 0.131968 - val 0.096740
Epoch 1230/1250 - train 0.131292 - val 0.094983
Epoch 1231/1250 - train 0.132046 - val 0.098166
Epoch 1232/1250 - train 0.132353 - val 0.086788
Epoch 1233/1250 - train 0.131451 - val 0.092078
Epoch 1234/1250 - train 0.133034 - val 0.088640
Epoch 1235/1250 - train 0.131411 - val 0.093376
Epoch 1236/1250 - train 0.132500 - val 0.088748
Epoch 1237/1250 - train 0.132241 - val 0.093709
Epoch 1238/1250 - train 0.132233 - val 0.095702
Epoch 1239/1250 - train 0.132264 - val 0.093154
Epoch 1240/1250 - train 0.131465 - val 0.089303
Epoch 1241/1250 - train 0.132308 - val 0.098399
Epoch 1242/1250 - train 0.132328 - val 0.085778
Epoch 1243/1250 - train 0.131691 - val 0.089697
Epoch 1244/1250 - train 0.132536 - val 0.089461
Epoch 1245/1250 - train 0.131473 - val 0.089194
Epoch 1246/1250 - train 0.131942 - val 0.090793
Epoch 1247/1250 - train 0.132001 - val 0.094349
Epoch 1248/1250 - train 0.132107 - val 0.097384
Epoch 1249/1250 - train 0.132177 - val 0.089683
Epoch 1250/1250 - train 0.131667 - val 0.089926
Saved model to /scratch/network/ak9088/NASA-RL-Wavefront-Control/RL/jobs/20251227_000757/exp-fc1-zscore-ep1250-bs256-lr1e-3-s42-h512-256-128-images-wd0.0005-mc0-do0.1/fc1_best.pth
