y: [[-2.35998277e-02 -2.75871515e-01  6.02177918e-01 ... -1.45009488e-01
   1.37586817e-01  5.20542969e-08]
 [ 2.95631289e-01 -5.61051369e-01  7.74623975e-02 ...  2.91730184e-02
  -7.50362873e-02  4.47253754e-08]
 [-3.29329483e-02 -6.01176620e-02  3.24746937e-01 ...  2.15225220e-02
   1.27907038e-01  4.16605346e-08]
 ...
 [-4.33955073e-01 -4.90099400e-01 -1.55435922e-02 ...  3.90027910e-02
   1.10533364e-01  3.87430106e-08]
 [ 5.37902117e-01 -1.41388550e-01  5.18994570e-01 ...  1.73039939e-02
   7.44224042e-02  5.09173859e-08]
 [ 4.88248914e-01  5.02021909e-01  1.60611402e-02 ...  2.46921293e-02
  -7.26920664e-02  4.84270082e-08]]
Dataset loaded: N=100000 (original 100000), C=3, H=20, W=20, y_dim=26
using device: cpu
Epoch 1/1250 - train 0.393280 - val 0.235463
Epoch 2/1250 - train 0.287994 - val 0.177666
Epoch 3/1250 - train 0.259404 - val 0.157276
Epoch 4/1250 - train 0.244547 - val 0.149536
Epoch 5/1250 - train 0.235022 - val 0.132848
Epoch 6/1250 - train 0.227051 - val 0.129881
Epoch 7/1250 - train 0.221654 - val 0.125916
Epoch 8/1250 - train 0.217473 - val 0.119048
Epoch 9/1250 - train 0.214029 - val 0.115341
Epoch 10/1250 - train 0.211497 - val 0.113078
Epoch 11/1250 - train 0.208840 - val 0.112721
Epoch 12/1250 - train 0.206666 - val 0.109908
Epoch 13/1250 - train 0.206358 - val 0.109256
Epoch 14/1250 - train 0.204818 - val 0.113797
Epoch 15/1250 - train 0.203646 - val 0.103774
Epoch 16/1250 - train 0.201965 - val 0.104320
Epoch 17/1250 - train 0.200588 - val 0.103303
Epoch 18/1250 - train 0.199489 - val 0.102809
Epoch 19/1250 - train 0.199092 - val 0.103366
Epoch 20/1250 - train 0.197255 - val 0.103286
Epoch 21/1250 - train 0.197211 - val 0.101809
Epoch 22/1250 - train 0.195795 - val 0.101979
Epoch 23/1250 - train 0.194422 - val 0.102098
Epoch 24/1250 - train 0.193648 - val 0.099033
Epoch 25/1250 - train 0.192252 - val 0.100060
Epoch 26/1250 - train 0.190846 - val 0.099879
Epoch 27/1250 - train 0.189621 - val 0.097927
Epoch 28/1250 - train 0.188191 - val 0.098920
Epoch 29/1250 - train 0.187811 - val 0.099261
Epoch 30/1250 - train 0.187403 - val 0.102466
Epoch 31/1250 - train 0.185559 - val 0.095956
Epoch 32/1250 - train 0.184440 - val 0.094976
Epoch 33/1250 - train 0.183624 - val 0.093609
Epoch 34/1250 - train 0.183013 - val 0.095579
Epoch 35/1250 - train 0.182841 - val 0.094906
Epoch 36/1250 - train 0.181717 - val 0.094083
Epoch 37/1250 - train 0.180800 - val 0.096659
Epoch 38/1250 - train 0.180032 - val 0.094560
Epoch 39/1250 - train 0.178832 - val 0.094675
Epoch 40/1250 - train 0.178717 - val 0.094152
Epoch 41/1250 - train 0.177569 - val 0.092603
Epoch 42/1250 - train 0.176806 - val 0.092362
Epoch 43/1250 - train 0.176097 - val 0.095786
Epoch 44/1250 - train 0.176146 - val 0.091645
Epoch 45/1250 - train 0.175030 - val 0.092213
Epoch 46/1250 - train 0.175191 - val 0.092713
Epoch 47/1250 - train 0.173788 - val 0.091540
Epoch 48/1250 - train 0.173979 - val 0.092927
Epoch 49/1250 - train 0.173358 - val 0.093227
Epoch 50/1250 - train 0.173219 - val 0.090242
Epoch 51/1250 - train 0.172035 - val 0.089551
Epoch 52/1250 - train 0.172516 - val 0.089847
Epoch 53/1250 - train 0.171862 - val 0.091020
Epoch 54/1250 - train 0.171200 - val 0.089046
Epoch 55/1250 - train 0.170891 - val 0.089138
Epoch 56/1250 - train 0.170204 - val 0.088568
Epoch 57/1250 - train 0.170161 - val 0.089397
Epoch 58/1250 - train 0.169955 - val 0.090442
Epoch 59/1250 - train 0.169133 - val 0.088724
Epoch 60/1250 - train 0.169265 - val 0.089690
Epoch 61/1250 - train 0.168543 - val 0.087902
Epoch 62/1250 - train 0.168905 - val 0.088863
Epoch 63/1250 - train 0.168487 - val 0.087508
Epoch 64/1250 - train 0.167899 - val 0.088042
Epoch 65/1250 - train 0.167380 - val 0.088781
Epoch 66/1250 - train 0.167273 - val 0.087284
Epoch 67/1250 - train 0.167113 - val 0.087365
Epoch 68/1250 - train 0.166861 - val 0.087161
Epoch 69/1250 - train 0.166458 - val 0.088145
Epoch 70/1250 - train 0.166271 - val 0.090210
Epoch 71/1250 - train 0.166408 - val 0.087500
Epoch 72/1250 - train 0.165663 - val 0.089374
Epoch 73/1250 - train 0.165724 - val 0.088453
Epoch 74/1250 - train 0.165563 - val 0.086158
Epoch 75/1250 - train 0.165364 - val 0.086852
Epoch 76/1250 - train 0.164778 - val 0.088342
Epoch 77/1250 - train 0.164948 - val 0.088633
Epoch 78/1250 - train 0.164935 - val 0.088000
Epoch 79/1250 - train 0.164530 - val 0.090655
Epoch 80/1250 - train 0.164313 - val 0.086249
Epoch 81/1250 - train 0.163714 - val 0.086106
Epoch 82/1250 - train 0.164008 - val 0.088055
Epoch 83/1250 - train 0.163812 - val 0.087069
Epoch 84/1250 - train 0.163518 - val 0.086100
Epoch 85/1250 - train 0.162838 - val 0.086912
Epoch 86/1250 - train 0.163578 - val 0.085723
Epoch 87/1250 - train 0.162597 - val 0.084977
Epoch 88/1250 - train 0.162781 - val 0.085589
Epoch 89/1250 - train 0.163333 - val 0.087329
Epoch 90/1250 - train 0.162276 - val 0.085148
Epoch 91/1250 - train 0.162827 - val 0.088814
Epoch 92/1250 - train 0.162077 - val 0.084950
Epoch 93/1250 - train 0.162348 - val 0.088096
Epoch 94/1250 - train 0.162081 - val 0.085868
Epoch 95/1250 - train 0.162275 - val 0.084622
Epoch 96/1250 - train 0.161813 - val 0.084660
Epoch 97/1250 - train 0.161867 - val 0.084285
Epoch 98/1250 - train 0.162121 - val 0.084963
Epoch 99/1250 - train 0.161439 - val 0.084402
Epoch 100/1250 - train 0.161254 - val 0.087975
Epoch 101/1250 - train 0.161417 - val 0.084813
Epoch 102/1250 - train 0.161151 - val 0.083639
Epoch 103/1250 - train 0.161455 - val 0.085043
Epoch 104/1250 - train 0.161189 - val 0.084097
Epoch 105/1250 - train 0.161139 - val 0.084053
Epoch 106/1250 - train 0.161028 - val 0.083457
Epoch 107/1250 - train 0.160303 - val 0.085317
Epoch 108/1250 - train 0.160758 - val 0.084374
Epoch 109/1250 - train 0.159799 - val 0.084336
Epoch 110/1250 - train 0.160241 - val 0.084548
Epoch 111/1250 - train 0.160643 - val 0.085983
Epoch 112/1250 - train 0.160353 - val 0.086220
Epoch 113/1250 - train 0.159709 - val 0.083082
Epoch 114/1250 - train 0.159947 - val 0.083835
Epoch 115/1250 - train 0.159392 - val 0.083333
Epoch 116/1250 - train 0.159762 - val 0.083084
Epoch 117/1250 - train 0.159063 - val 0.083369
Epoch 118/1250 - train 0.159443 - val 0.083213
Epoch 119/1250 - train 0.159288 - val 0.083950
Epoch 120/1250 - train 0.159082 - val 0.084167
Epoch 121/1250 - train 0.159184 - val 0.083519
Epoch 122/1250 - train 0.159114 - val 0.082847
Epoch 123/1250 - train 0.158725 - val 0.082571
Epoch 124/1250 - train 0.158399 - val 0.083956
Epoch 125/1250 - train 0.159573 - val 0.084105
Epoch 126/1250 - train 0.158744 - val 0.083251
Epoch 127/1250 - train 0.158555 - val 0.083387
Epoch 128/1250 - train 0.158833 - val 0.083975
Epoch 129/1250 - train 0.158651 - val 0.082937
Epoch 130/1250 - train 0.158194 - val 0.083276
Epoch 131/1250 - train 0.158555 - val 0.083168
Epoch 132/1250 - train 0.158388 - val 0.085050
Epoch 133/1250 - train 0.158175 - val 0.082985
Epoch 134/1250 - train 0.158143 - val 0.082795
Epoch 135/1250 - train 0.157944 - val 0.083412
Epoch 136/1250 - train 0.158228 - val 0.082721
Epoch 137/1250 - train 0.158008 - val 0.082046
Epoch 138/1250 - train 0.157913 - val 0.083015
Epoch 139/1250 - train 0.158218 - val 0.083008
Epoch 140/1250 - train 0.157709 - val 0.083157
Epoch 141/1250 - train 0.157220 - val 0.082331
Epoch 142/1250 - train 0.157997 - val 0.082248
Epoch 143/1250 - train 0.157628 - val 0.082349
Epoch 144/1250 - train 0.156899 - val 0.083102
Epoch 145/1250 - train 0.157205 - val 0.082800
Epoch 146/1250 - train 0.156866 - val 0.083530
Epoch 147/1250 - train 0.157324 - val 0.083145
Epoch 148/1250 - train 0.156869 - val 0.081554
Epoch 149/1250 - train 0.157656 - val 0.082995
Epoch 150/1250 - train 0.157022 - val 0.082051
Epoch 151/1250 - train 0.156781 - val 0.082011
Epoch 152/1250 - train 0.157034 - val 0.082352
Epoch 153/1250 - train 0.156836 - val 0.081866
Epoch 154/1250 - train 0.156982 - val 0.081985
Epoch 155/1250 - train 0.156536 - val 0.083339
Epoch 156/1250 - train 0.156657 - val 0.082664
Epoch 157/1250 - train 0.156630 - val 0.081744
Epoch 158/1250 - train 0.156090 - val 0.082444
Epoch 159/1250 - train 0.156458 - val 0.081484
Epoch 160/1250 - train 0.156351 - val 0.081168
Epoch 161/1250 - train 0.156380 - val 0.082606
Epoch 162/1250 - train 0.156184 - val 0.082427
Epoch 163/1250 - train 0.156376 - val 0.082061
Epoch 164/1250 - train 0.155920 - val 0.081177
Epoch 165/1250 - train 0.156115 - val 0.081891
Epoch 166/1250 - train 0.155930 - val 0.081586
Epoch 167/1250 - train 0.155837 - val 0.082057
Epoch 168/1250 - train 0.155596 - val 0.083190
Epoch 169/1250 - train 0.155785 - val 0.090057
Epoch 170/1250 - train 0.155763 - val 0.080889
Epoch 171/1250 - train 0.155665 - val 0.081464
Epoch 172/1250 - train 0.155773 - val 0.082256
Epoch 173/1250 - train 0.155497 - val 0.081261
Epoch 174/1250 - train 0.155784 - val 0.083899
Epoch 175/1250 - train 0.155176 - val 0.083583
Epoch 176/1250 - train 0.155556 - val 0.080935
Epoch 177/1250 - train 0.155231 - val 0.082502
Epoch 178/1250 - train 0.155508 - val 0.081288
Epoch 179/1250 - train 0.155170 - val 0.081115
Epoch 180/1250 - train 0.155388 - val 0.082177
Epoch 181/1250 - train 0.155063 - val 0.080506
Epoch 182/1250 - train 0.155061 - val 0.081168
Epoch 183/1250 - train 0.154726 - val 0.082874
Epoch 184/1250 - train 0.155114 - val 0.079841
Epoch 185/1250 - train 0.155023 - val 0.081017
Epoch 186/1250 - train 0.155201 - val 0.079862
Epoch 187/1250 - train 0.155098 - val 0.081349
Epoch 188/1250 - train 0.154909 - val 0.080663
Epoch 189/1250 - train 0.154523 - val 0.080730
Epoch 190/1250 - train 0.154611 - val 0.080585
Epoch 191/1250 - train 0.154425 - val 0.081614
Epoch 192/1250 - train 0.154395 - val 0.079739
Epoch 193/1250 - train 0.154481 - val 0.080420
Epoch 194/1250 - train 0.154626 - val 0.081194
Epoch 195/1250 - train 0.154572 - val 0.080533
Epoch 196/1250 - train 0.153963 - val 0.080217
Epoch 197/1250 - train 0.154470 - val 0.081516
Epoch 198/1250 - train 0.154498 - val 0.082390
Epoch 199/1250 - train 0.154138 - val 0.080637
Epoch 200/1250 - train 0.154387 - val 0.080790
Epoch 201/1250 - train 0.154253 - val 0.080021
Epoch 202/1250 - train 0.153962 - val 0.079986
Epoch 203/1250 - train 0.154446 - val 0.079844
Epoch 204/1250 - train 0.153807 - val 0.080566
Epoch 205/1250 - train 0.153987 - val 0.079851
Epoch 206/1250 - train 0.153839 - val 0.078823
Epoch 207/1250 - train 0.153674 - val 0.080670
Epoch 208/1250 - train 0.153868 - val 0.080075
Epoch 209/1250 - train 0.153767 - val 0.080293
Epoch 210/1250 - train 0.153763 - val 0.079716
Epoch 211/1250 - train 0.153853 - val 0.079887
Epoch 212/1250 - train 0.153550 - val 0.080066
Epoch 213/1250 - train 0.153690 - val 0.080023
Epoch 214/1250 - train 0.153188 - val 0.078808
Epoch 215/1250 - train 0.153502 - val 0.079273
Epoch 216/1250 - train 0.153275 - val 0.078562
Epoch 217/1250 - train 0.153171 - val 0.079538
Epoch 218/1250 - train 0.153410 - val 0.079489
Epoch 219/1250 - train 0.153176 - val 0.080854
Epoch 220/1250 - train 0.153037 - val 0.079594
Epoch 221/1250 - train 0.152876 - val 0.078175
Epoch 222/1250 - train 0.152983 - val 0.080138
Epoch 223/1250 - train 0.153257 - val 0.080176
Epoch 224/1250 - train 0.153115 - val 0.079501
Epoch 225/1250 - train 0.152851 - val 0.082336
Epoch 226/1250 - train 0.152888 - val 0.079136
Epoch 227/1250 - train 0.152966 - val 0.079558
Epoch 228/1250 - train 0.152532 - val 0.079543
Epoch 229/1250 - train 0.152823 - val 0.079103
Epoch 230/1250 - train 0.152724 - val 0.079159
Epoch 231/1250 - train 0.152544 - val 0.080711
Epoch 232/1250 - train 0.152816 - val 0.078672
Epoch 233/1250 - train 0.152424 - val 0.079825
Epoch 234/1250 - train 0.152649 - val 0.078484
Epoch 235/1250 - train 0.152383 - val 0.078897
Epoch 236/1250 - train 0.152131 - val 0.079852
Epoch 237/1250 - train 0.152398 - val 0.078493
Epoch 238/1250 - train 0.152047 - val 0.079277
Epoch 239/1250 - train 0.152079 - val 0.080846
Epoch 240/1250 - train 0.152478 - val 0.078540
Epoch 241/1250 - train 0.152155 - val 0.081843
Epoch 242/1250 - train 0.151919 - val 0.078628
Epoch 243/1250 - train 0.152060 - val 0.078320
Epoch 244/1250 - train 0.152026 - val 0.080384
Epoch 245/1250 - train 0.151694 - val 0.077400
Epoch 246/1250 - train 0.151427 - val 0.078724
Epoch 247/1250 - train 0.151952 - val 0.078489
Epoch 248/1250 - train 0.151664 - val 0.078109
Epoch 249/1250 - train 0.151930 - val 0.079470
Epoch 250/1250 - train 0.151448 - val 0.077704
Epoch 251/1250 - train 0.151713 - val 0.077678
Epoch 252/1250 - train 0.151144 - val 0.079742
Epoch 253/1250 - train 0.151894 - val 0.078140
Epoch 254/1250 - train 0.151203 - val 0.078669
Epoch 255/1250 - train 0.151538 - val 0.077957
Epoch 256/1250 - train 0.151098 - val 0.080312
Epoch 257/1250 - train 0.151320 - val 0.080361
Epoch 258/1250 - train 0.151050 - val 0.078201
Epoch 259/1250 - train 0.150592 - val 0.077530
Epoch 260/1250 - train 0.151183 - val 0.078196
Epoch 261/1250 - train 0.151027 - val 0.076441
Epoch 262/1250 - train 0.151129 - val 0.077834
Epoch 263/1250 - train 0.150914 - val 0.076561
Epoch 264/1250 - train 0.150688 - val 0.078265
Epoch 265/1250 - train 0.151057 - val 0.077999
Epoch 266/1250 - train 0.150882 - val 0.077851
Epoch 267/1250 - train 0.150652 - val 0.076684
Epoch 268/1250 - train 0.151064 - val 0.076765
Epoch 269/1250 - train 0.150462 - val 0.077534
Epoch 270/1250 - train 0.150546 - val 0.077155
Epoch 271/1250 - train 0.150517 - val 0.077965
Epoch 272/1250 - train 0.150696 - val 0.076507
Epoch 273/1250 - train 0.150661 - val 0.077505
Epoch 274/1250 - train 0.150430 - val 0.077341
Epoch 275/1250 - train 0.150344 - val 0.077712
Epoch 276/1250 - train 0.150388 - val 0.077595
Epoch 277/1250 - train 0.150190 - val 0.078089
Epoch 278/1250 - train 0.150274 - val 0.075887
Epoch 279/1250 - train 0.149992 - val 0.075734
Epoch 280/1250 - train 0.150107 - val 0.076804
Epoch 281/1250 - train 0.150368 - val 0.078683
Epoch 282/1250 - train 0.150454 - val 0.076385
Epoch 283/1250 - train 0.149756 - val 0.076754
Epoch 284/1250 - train 0.149959 - val 0.076655
Epoch 285/1250 - train 0.149477 - val 0.076700
Epoch 286/1250 - train 0.149616 - val 0.076618
Epoch 287/1250 - train 0.149532 - val 0.075688
Epoch 288/1250 - train 0.149279 - val 0.075583
Epoch 289/1250 - train 0.149616 - val 0.076863
Epoch 290/1250 - train 0.149278 - val 0.076002
Epoch 291/1250 - train 0.149788 - val 0.077091
Epoch 292/1250 - train 0.149905 - val 0.079174
Epoch 293/1250 - train 0.149011 - val 0.076465
Epoch 294/1250 - train 0.149357 - val 0.076584
Epoch 295/1250 - train 0.148875 - val 0.076391
Epoch 296/1250 - train 0.149392 - val 0.077275
Epoch 297/1250 - train 0.148761 - val 0.075880
Epoch 298/1250 - train 0.148807 - val 0.076341
Epoch 299/1250 - train 0.148814 - val 0.076627
Epoch 300/1250 - train 0.148677 - val 0.076140
Epoch 301/1250 - train 0.148567 - val 0.076955
Epoch 302/1250 - train 0.148594 - val 0.075400
Epoch 303/1250 - train 0.148284 - val 0.075359
Epoch 304/1250 - train 0.148840 - val 0.076802
Epoch 305/1250 - train 0.148366 - val 0.075092
Epoch 306/1250 - train 0.148640 - val 0.076642
Epoch 307/1250 - train 0.148261 - val 0.074430
Epoch 308/1250 - train 0.148120 - val 0.076795
Epoch 309/1250 - train 0.147762 - val 0.076121
Epoch 310/1250 - train 0.148469 - val 0.075477
Epoch 311/1250 - train 0.147479 - val 0.076658
Epoch 312/1250 - train 0.148245 - val 0.075303
Epoch 313/1250 - train 0.148154 - val 0.078779
Epoch 314/1250 - train 0.148199 - val 0.076265
Epoch 315/1250 - train 0.148625 - val 0.077424
Epoch 316/1250 - train 0.148087 - val 0.075540
Epoch 317/1250 - train 0.148004 - val 0.074017
Epoch 318/1250 - train 0.148173 - val 0.076581
Epoch 319/1250 - train 0.147638 - val 0.076009
Epoch 320/1250 - train 0.148169 - val 0.077900
Epoch 321/1250 - train 0.149014 - val 0.076374
Epoch 322/1250 - train 0.147591 - val 0.076052
Epoch 323/1250 - train 0.147929 - val 0.074370
Epoch 324/1250 - train 0.147400 - val 0.073482
Epoch 325/1250 - train 0.147689 - val 0.077858
Epoch 326/1250 - train 0.148179 - val 0.076211
Epoch 327/1250 - train 0.147254 - val 0.079720
Epoch 328/1250 - train 0.147492 - val 0.074342
Epoch 329/1250 - train 0.147883 - val 0.075406
Epoch 330/1250 - train 0.147432 - val 0.075761
Epoch 331/1250 - train 0.147406 - val 0.076056
Epoch 332/1250 - train 0.146793 - val 0.075467
Epoch 333/1250 - train 0.147569 - val 0.075433
Epoch 334/1250 - train 0.147560 - val 0.075960
Epoch 335/1250 - train 0.147691 - val 0.074731
Epoch 336/1250 - train 0.147344 - val 0.074566
Epoch 337/1250 - train 0.147500 - val 0.076135
Epoch 338/1250 - train 0.147593 - val 0.077879
Epoch 339/1250 - train 0.147329 - val 0.074232
Epoch 340/1250 - train 0.147245 - val 0.075854
Epoch 341/1250 - train 0.147209 - val 0.074342
Epoch 342/1250 - train 0.146981 - val 0.074091
Epoch 343/1250 - train 0.147368 - val 0.076356
Epoch 344/1250 - train 0.146835 - val 0.075299
Epoch 345/1250 - train 0.146476 - val 0.074336
Epoch 346/1250 - train 0.146891 - val 0.072567
Epoch 347/1250 - train 0.146409 - val 0.073728
Epoch 348/1250 - train 0.146457 - val 0.073648
Epoch 349/1250 - train 0.146657 - val 0.075575
Epoch 350/1250 - train 0.146907 - val 0.073456
Epoch 351/1250 - train 0.146546 - val 0.073437
Epoch 352/1250 - train 0.146407 - val 0.073658
Epoch 353/1250 - train 0.146214 - val 0.078417
Epoch 354/1250 - train 0.146367 - val 0.078113
Epoch 355/1250 - train 0.147124 - val 0.074007
Epoch 356/1250 - train 0.146396 - val 0.073745
Epoch 357/1250 - train 0.146107 - val 0.073832
Epoch 358/1250 - train 0.145805 - val 0.074371
Epoch 359/1250 - train 0.146252 - val 0.071955
Epoch 360/1250 - train 0.145795 - val 0.073540
Epoch 361/1250 - train 0.147753 - val 0.074998
Epoch 362/1250 - train 0.146434 - val 0.073404
Epoch 363/1250 - train 0.145703 - val 0.075376
Epoch 364/1250 - train 0.145674 - val 0.075494
Epoch 365/1250 - train 0.145948 - val 0.072563
Epoch 366/1250 - train 0.145368 - val 0.076215
Epoch 367/1250 - train 0.145904 - val 0.075036
Epoch 368/1250 - train 0.145699 - val 0.073389
Epoch 369/1250 - train 0.145116 - val 0.072339
Epoch 370/1250 - train 0.145542 - val 0.071906
Epoch 371/1250 - train 0.145292 - val 0.073217
Epoch 372/1250 - train 0.145691 - val 0.074870
Epoch 373/1250 - train 0.145389 - val 0.070868
Epoch 374/1250 - train 0.145521 - val 0.071945
Epoch 375/1250 - train 0.144963 - val 0.072861
Epoch 376/1250 - train 0.145159 - val 0.070522
Epoch 377/1250 - train 0.144796 - val 0.073144
Epoch 378/1250 - train 0.145005 - val 0.072099
Epoch 379/1250 - train 0.145377 - val 0.073892
Epoch 380/1250 - train 0.144904 - val 0.075855
Epoch 381/1250 - train 0.144945 - val 0.072052
Epoch 382/1250 - train 0.145038 - val 0.072394
Epoch 383/1250 - train 0.144632 - val 0.072217
Epoch 384/1250 - train 0.145156 - val 0.072956
Epoch 385/1250 - train 0.144560 - val 0.072609
Epoch 386/1250 - train 0.144317 - val 0.071262
Epoch 387/1250 - train 0.144951 - val 0.071380
Epoch 388/1250 - train 0.144515 - val 0.072591
Epoch 389/1250 - train 0.145057 - val 0.072312
Epoch 390/1250 - train 0.144593 - val 0.073349
Epoch 391/1250 - train 0.144637 - val 0.073488
Epoch 392/1250 - train 0.144328 - val 0.071397
Epoch 393/1250 - train 0.144178 - val 0.071966
Epoch 394/1250 - train 0.144104 - val 0.071459
Epoch 395/1250 - train 0.144528 - val 0.075058
Epoch 396/1250 - train 0.143374 - val 0.070939
Epoch 397/1250 - train 0.143895 - val 0.069643
Epoch 398/1250 - train 0.143137 - val 0.073761
Epoch 399/1250 - train 0.144402 - val 0.075092
Epoch 400/1250 - train 0.143604 - val 0.071028
Epoch 401/1250 - train 0.143698 - val 0.072003
Epoch 402/1250 - train 0.143254 - val 0.072185
Epoch 403/1250 - train 0.143467 - val 0.071122
Epoch 404/1250 - train 0.143978 - val 0.072901
Epoch 405/1250 - train 0.143440 - val 0.073741
Epoch 406/1250 - train 0.142928 - val 0.071335
Epoch 407/1250 - train 0.143515 - val 0.071956
Epoch 408/1250 - train 0.142822 - val 0.070146
Epoch 409/1250 - train 0.143421 - val 0.069350
Epoch 410/1250 - train 0.143045 - val 0.070103
Epoch 411/1250 - train 0.143104 - val 0.071370
Epoch 412/1250 - train 0.143008 - val 0.068513
Epoch 413/1250 - train 0.143256 - val 0.073213
Epoch 414/1250 - train 0.142973 - val 0.073015
Epoch 415/1250 - train 0.143212 - val 0.076055
Epoch 416/1250 - train 0.143081 - val 0.073224
Epoch 417/1250 - train 0.142159 - val 0.069865
Epoch 418/1250 - train 0.142868 - val 0.072274
Epoch 419/1250 - train 0.142668 - val 0.069609
Epoch 420/1250 - train 0.143219 - val 0.069772
Epoch 421/1250 - train 0.142247 - val 0.069901
Epoch 422/1250 - train 0.142609 - val 0.068900
Epoch 423/1250 - train 0.141998 - val 0.070509
Epoch 424/1250 - train 0.142710 - val 0.069605
Epoch 425/1250 - train 0.142552 - val 0.073213
Epoch 426/1250 - train 0.142469 - val 0.071687
Epoch 427/1250 - train 0.142607 - val 0.074848
Epoch 428/1250 - train 0.141862 - val 0.068192
Epoch 429/1250 - train 0.142035 - val 0.069926
Epoch 430/1250 - train 0.141531 - val 0.070206
Epoch 431/1250 - train 0.142213 - val 0.069596
Epoch 432/1250 - train 0.141375 - val 0.068431
Epoch 433/1250 - train 0.142559 - val 0.073769
Epoch 434/1250 - train 0.141763 - val 0.068096
Epoch 435/1250 - train 0.142319 - val 0.069640
Epoch 436/1250 - train 0.141572 - val 0.070003
Epoch 437/1250 - train 0.141243 - val 0.069089
Epoch 438/1250 - train 0.141844 - val 0.071860
Epoch 439/1250 - train 0.142654 - val 0.069579
Epoch 440/1250 - train 0.141486 - val 0.068540
Epoch 441/1250 - train 0.140770 - val 0.067943
Epoch 442/1250 - train 0.142298 - val 0.066389
Epoch 443/1250 - train 0.141709 - val 0.072685
Epoch 444/1250 - train 0.141323 - val 0.070439
Epoch 445/1250 - train 0.140891 - val 0.077357
Epoch 446/1250 - train 0.141135 - val 0.070882
Epoch 447/1250 - train 0.142533 - val 0.070146
Epoch 448/1250 - train 0.141381 - val 0.070752
Epoch 449/1250 - train 0.141458 - val 0.070457
Epoch 450/1250 - train 0.141471 - val 0.069269
Epoch 451/1250 - train 0.140718 - val 0.067333
Epoch 452/1250 - train 0.141022 - val 0.067640
Epoch 453/1250 - train 0.140440 - val 0.069292
Epoch 454/1250 - train 0.140948 - val 0.068726
Epoch 455/1250 - train 0.141081 - val 0.068148
Epoch 456/1250 - train 0.141361 - val 0.069452
Epoch 457/1250 - train 0.141568 - val 0.070704
Epoch 458/1250 - train 0.141303 - val 0.069557
Epoch 459/1250 - train 0.140550 - val 0.068733
Epoch 460/1250 - train 0.140642 - val 0.067925
Epoch 461/1250 - train 0.141264 - val 0.074476
Epoch 462/1250 - train 0.140086 - val 0.066700
Epoch 463/1250 - train 0.140613 - val 0.069163
Epoch 464/1250 - train 0.139846 - val 0.072925
Epoch 465/1250 - train 0.140453 - val 0.067432
Epoch 466/1250 - train 0.140670 - val 0.065545
Epoch 467/1250 - train 0.140284 - val 0.066968
Epoch 468/1250 - train 0.140387 - val 0.068881
Epoch 469/1250 - train 0.140038 - val 0.072423
Epoch 470/1250 - train 0.140755 - val 0.067785
Epoch 471/1250 - train 0.140599 - val 0.068789
Epoch 472/1250 - train 0.139960 - val 0.066883
Epoch 473/1250 - train 0.140719 - val 0.066028
Epoch 474/1250 - train 0.139519 - val 0.068006
Epoch 475/1250 - train 0.139983 - val 0.071635
Epoch 476/1250 - train 0.139961 - val 0.067289
Epoch 477/1250 - train 0.139910 - val 0.071030
Epoch 478/1250 - train 0.139229 - val 0.068087
Epoch 479/1250 - train 0.139783 - val 0.066531
Epoch 480/1250 - train 0.139557 - val 0.067165
Epoch 481/1250 - train 0.139605 - val 0.067214
Epoch 482/1250 - train 0.139065 - val 0.067337
Epoch 483/1250 - train 0.139805 - val 0.069919
Epoch 484/1250 - train 0.139548 - val 0.066596
Epoch 485/1250 - train 0.139538 - val 0.065603
Epoch 486/1250 - train 0.139479 - val 0.066394
Epoch 487/1250 - train 0.139425 - val 0.066026
Epoch 488/1250 - train 0.139068 - val 0.066121
Epoch 489/1250 - train 0.138793 - val 0.066587
Epoch 490/1250 - train 0.139642 - val 0.065269
Epoch 491/1250 - train 0.139972 - val 0.067878
Epoch 492/1250 - train 0.138784 - val 0.066261
Epoch 493/1250 - train 0.139375 - val 0.073906
Epoch 494/1250 - train 0.139680 - val 0.068996
Epoch 495/1250 - train 0.139577 - val 0.068471
Epoch 496/1250 - train 0.140289 - val 0.067354
Epoch 497/1250 - train 0.138019 - val 0.065820
Epoch 498/1250 - train 0.138932 - val 0.066444
Epoch 499/1250 - train 0.138964 - val 0.065436
Epoch 500/1250 - train 0.138963 - val 0.067083
Epoch 501/1250 - train 0.138802 - val 0.065283
Epoch 502/1250 - train 0.138277 - val 0.066445
Epoch 503/1250 - train 0.138855 - val 0.068353
Epoch 504/1250 - train 0.138878 - val 0.065982
Epoch 505/1250 - train 0.139072 - val 0.068419
Epoch 506/1250 - train 0.138494 - val 0.066250
Epoch 507/1250 - train 0.138689 - val 0.067375
Epoch 508/1250 - train 0.138353 - val 0.066564
Epoch 509/1250 - train 0.138813 - val 0.065733
Epoch 510/1250 - train 0.138333 - val 0.068665
Epoch 511/1250 - train 0.137880 - val 0.067630
Epoch 512/1250 - train 0.138117 - val 0.064388
Epoch 513/1250 - train 0.137748 - val 0.067379
Epoch 514/1250 - train 0.138149 - val 0.065507
Epoch 515/1250 - train 0.137943 - val 0.064137
Epoch 516/1250 - train 0.137961 - val 0.064281
Epoch 517/1250 - train 0.137825 - val 0.064055
Epoch 518/1250 - train 0.137579 - val 0.065297
Epoch 519/1250 - train 0.137675 - val 0.066427
Epoch 520/1250 - train 0.137599 - val 0.067385
Epoch 521/1250 - train 0.137760 - val 0.066763
Epoch 522/1250 - train 0.137705 - val 0.067591
Epoch 523/1250 - train 0.137713 - val 0.064491
Epoch 524/1250 - train 0.137604 - val 0.064534
Epoch 525/1250 - train 0.137893 - val 0.065950
Epoch 526/1250 - train 0.138174 - val 0.065378
Epoch 527/1250 - train 0.137659 - val 0.064048
Epoch 528/1250 - train 0.137271 - val 0.063920
Epoch 529/1250 - train 0.137791 - val 0.067406
Epoch 530/1250 - train 0.137711 - val 0.064497
Epoch 531/1250 - train 0.136928 - val 0.062582
Epoch 532/1250 - train 0.137150 - val 0.065179
Epoch 533/1250 - train 0.137012 - val 0.063836
Epoch 534/1250 - train 0.136344 - val 0.063846
Epoch 535/1250 - train 0.136753 - val 0.066275
Epoch 536/1250 - train 0.137119 - val 0.064934
Epoch 537/1250 - train 0.137151 - val 0.066290
Epoch 538/1250 - train 0.137356 - val 0.076187
Epoch 539/1250 - train 0.137638 - val 0.065370
Epoch 540/1250 - train 0.137400 - val 0.063756
Epoch 541/1250 - train 0.137043 - val 0.066180
Epoch 542/1250 - train 0.136698 - val 0.063288
Epoch 543/1250 - train 0.136605 - val 0.064392
Epoch 544/1250 - train 0.136047 - val 0.063823
Epoch 545/1250 - train 0.136642 - val 0.063705
Epoch 546/1250 - train 0.135722 - val 0.062985
Epoch 547/1250 - train 0.136880 - val 0.063975
Epoch 548/1250 - train 0.136363 - val 0.063676
Epoch 549/1250 - train 0.137089 - val 0.064827
Epoch 550/1250 - train 0.136364 - val 0.062503
Epoch 551/1250 - train 0.136166 - val 0.071596
Epoch 552/1250 - train 0.136264 - val 0.062437
Epoch 553/1250 - train 0.136241 - val 0.062482
Epoch 554/1250 - train 0.136025 - val 0.063312
Epoch 555/1250 - train 0.136622 - val 0.064687
Epoch 556/1250 - train 0.136154 - val 0.064716
Epoch 557/1250 - train 0.135581 - val 0.064300
Epoch 558/1250 - train 0.135780 - val 0.064029
Epoch 559/1250 - train 0.136122 - val 0.063375
Epoch 560/1250 - train 0.135814 - val 0.063388
Epoch 561/1250 - train 0.135908 - val 0.063227
Epoch 562/1250 - train 0.135396 - val 0.062899
Epoch 563/1250 - train 0.135979 - val 0.063872
Epoch 564/1250 - train 0.135302 - val 0.065338
Epoch 565/1250 - train 0.135903 - val 0.065026
Epoch 566/1250 - train 0.135769 - val 0.060975
Epoch 567/1250 - train 0.135343 - val 0.061871
Epoch 568/1250 - train 0.135629 - val 0.062681
Epoch 569/1250 - train 0.135469 - val 0.064047
Epoch 570/1250 - train 0.134769 - val 0.063528
Epoch 571/1250 - train 0.135655 - val 0.063683
Epoch 572/1250 - train 0.135982 - val 0.061014
Epoch 573/1250 - train 0.134865 - val 0.062767
Epoch 574/1250 - train 0.135670 - val 0.064009
Epoch 575/1250 - train 0.135024 - val 0.062227
Epoch 576/1250 - train 0.135405 - val 0.064709
Epoch 577/1250 - train 0.134967 - val 0.063822
Epoch 578/1250 - train 0.135539 - val 0.066099
Epoch 579/1250 - train 0.135322 - val 0.065960
Epoch 580/1250 - train 0.135004 - val 0.062656
Epoch 581/1250 - train 0.135756 - val 0.065126
Epoch 582/1250 - train 0.135106 - val 0.065266
Epoch 583/1250 - train 0.134339 - val 0.063310
Epoch 584/1250 - train 0.135228 - val 0.061988
Epoch 585/1250 - train 0.135016 - val 0.062932
Epoch 586/1250 - train 0.134822 - val 0.062948
Epoch 587/1250 - train 0.134954 - val 0.063394
Epoch 588/1250 - train 0.134661 - val 0.061679
Epoch 589/1250 - train 0.134232 - val 0.060916
Epoch 590/1250 - train 0.134804 - val 0.060547
Epoch 591/1250 - train 0.133959 - val 0.060060
Epoch 592/1250 - train 0.135303 - val 0.060706
Epoch 593/1250 - train 0.134172 - val 0.061143
Epoch 594/1250 - train 0.134341 - val 0.061829
Epoch 595/1250 - train 0.134478 - val 0.062289
Epoch 596/1250 - train 0.134412 - val 0.061440
Epoch 597/1250 - train 0.134563 - val 0.061166
Epoch 598/1250 - train 0.133871 - val 0.066943
Epoch 599/1250 - train 0.134308 - val 0.062141
Epoch 600/1250 - train 0.134624 - val 0.061186
Epoch 601/1250 - train 0.133883 - val 0.061367
Epoch 602/1250 - train 0.133302 - val 0.061329
Epoch 603/1250 - train 0.133692 - val 0.060983
Epoch 604/1250 - train 0.134623 - val 0.065871
Epoch 605/1250 - train 0.133142 - val 0.060471
Epoch 606/1250 - train 0.134352 - val 0.063771
Epoch 607/1250 - train 0.133936 - val 0.062235
Epoch 608/1250 - train 0.133309 - val 0.060384
Epoch 609/1250 - train 0.134235 - val 0.062153
Epoch 610/1250 - train 0.133540 - val 0.062259
Epoch 611/1250 - train 0.134438 - val 0.063769
Epoch 612/1250 - train 0.133506 - val 0.061261
Epoch 613/1250 - train 0.133287 - val 0.061389
Epoch 614/1250 - train 0.134209 - val 0.061848
Epoch 615/1250 - train 0.133071 - val 0.058360
Epoch 616/1250 - train 0.133878 - val 0.061057
Epoch 617/1250 - train 0.133085 - val 0.061203
Epoch 618/1250 - train 0.133548 - val 0.060711
Epoch 619/1250 - train 0.133228 - val 0.060125
Epoch 620/1250 - train 0.133751 - val 0.064623
Epoch 621/1250 - train 0.133144 - val 0.060983
Epoch 622/1250 - train 0.133365 - val 0.062257
Epoch 623/1250 - train 0.133239 - val 0.062398
Epoch 624/1250 - train 0.132284 - val 0.060967
Epoch 625/1250 - train 0.132989 - val 0.062976
Epoch 626/1250 - train 0.134215 - val 0.060860
Epoch 627/1250 - train 0.133125 - val 0.060495
Epoch 628/1250 - train 0.133173 - val 0.058124
Epoch 629/1250 - train 0.133315 - val 0.060512
Epoch 630/1250 - train 0.133327 - val 0.060240
Epoch 631/1250 - train 0.133352 - val 0.059631
Epoch 632/1250 - train 0.133458 - val 0.061863
Epoch 633/1250 - train 0.132640 - val 0.064531
Epoch 634/1250 - train 0.132858 - val 0.060656
Epoch 635/1250 - train 0.133732 - val 0.060949
Epoch 636/1250 - train 0.132862 - val 0.059241
Epoch 637/1250 - train 0.132518 - val 0.070247
Epoch 638/1250 - train 0.133164 - val 0.064443
Epoch 639/1250 - train 0.132921 - val 0.061134
Epoch 640/1250 - train 0.132301 - val 0.060219
Epoch 641/1250 - train 0.132970 - val 0.060335
Epoch 642/1250 - train 0.132307 - val 0.061014
Epoch 643/1250 - train 0.132232 - val 0.057520
Epoch 644/1250 - train 0.132598 - val 0.060595
Epoch 645/1250 - train 0.132909 - val 0.058760
Epoch 646/1250 - train 0.133034 - val 0.062523
Epoch 647/1250 - train 0.131845 - val 0.062037
Epoch 648/1250 - train 0.131972 - val 0.061352
Epoch 649/1250 - train 0.132473 - val 0.058634
Epoch 650/1250 - train 0.132599 - val 0.068333
Epoch 651/1250 - train 0.131845 - val 0.059911
Epoch 652/1250 - train 0.132250 - val 0.057848
Epoch 653/1250 - train 0.132137 - val 0.059620
Epoch 654/1250 - train 0.132145 - val 0.058638
Epoch 655/1250 - train 0.133115 - val 0.059300
Epoch 656/1250 - train 0.131374 - val 0.059211
Epoch 657/1250 - train 0.132235 - val 0.058550
Epoch 658/1250 - train 0.132126 - val 0.059404
Epoch 659/1250 - train 0.131829 - val 0.061601
Epoch 660/1250 - train 0.131925 - val 0.057649
Epoch 661/1250 - train 0.132354 - val 0.059423
Epoch 662/1250 - train 0.132175 - val 0.060006
Epoch 663/1250 - train 0.130943 - val 0.057242
Epoch 664/1250 - train 0.131380 - val 0.062119
Epoch 665/1250 - train 0.131738 - val 0.063304
Epoch 666/1250 - train 0.131480 - val 0.061098
Epoch 667/1250 - train 0.131768 - val 0.059948
Epoch 668/1250 - train 0.131318 - val 0.062529
Epoch 669/1250 - train 0.131351 - val 0.061909
Epoch 670/1250 - train 0.131650 - val 0.059365
Epoch 671/1250 - train 0.131591 - val 0.060430
Epoch 672/1250 - train 0.131293 - val 0.057659
Epoch 673/1250 - train 0.131281 - val 0.064644
Epoch 674/1250 - train 0.131883 - val 0.057270
Epoch 675/1250 - train 0.131754 - val 0.058047
Epoch 676/1250 - train 0.130735 - val 0.058896
Epoch 677/1250 - train 0.131653 - val 0.058611
Epoch 678/1250 - train 0.131380 - val 0.058166
Epoch 679/1250 - train 0.131029 - val 0.060116
Epoch 680/1250 - train 0.131021 - val 0.063427
Epoch 681/1250 - train 0.131060 - val 0.066460
Epoch 682/1250 - train 0.131513 - val 0.067759
Epoch 683/1250 - train 0.130681 - val 0.060407
Epoch 684/1250 - train 0.130669 - val 0.061604
Epoch 685/1250 - train 0.130734 - val 0.058216
Epoch 686/1250 - train 0.130863 - val 0.059755
Epoch 687/1250 - train 0.131321 - val 0.059466
Epoch 688/1250 - train 0.130579 - val 0.056973
Epoch 689/1250 - train 0.130826 - val 0.058993
Epoch 690/1250 - train 0.130834 - val 0.059453
Epoch 691/1250 - train 0.130586 - val 0.059557
Epoch 692/1250 - train 0.130626 - val 0.057821
Epoch 693/1250 - train 0.131592 - val 0.068925
Epoch 694/1250 - train 0.130703 - val 0.063158
Epoch 695/1250 - train 0.130481 - val 0.058369
Epoch 696/1250 - train 0.130450 - val 0.060953
Epoch 697/1250 - train 0.129885 - val 0.059013
Epoch 698/1250 - train 0.129975 - val 0.060752
Epoch 699/1250 - train 0.130982 - val 0.058682
Epoch 700/1250 - train 0.131099 - val 0.058279
Epoch 701/1250 - train 0.129537 - val 0.059797
Epoch 702/1250 - train 0.130374 - val 0.060848
Epoch 703/1250 - train 0.130091 - val 0.064528
Epoch 704/1250 - train 0.129980 - val 0.057647
Epoch 705/1250 - train 0.130148 - val 0.060591
Epoch 706/1250 - train 0.130314 - val 0.057678
Epoch 707/1250 - train 0.130109 - val 0.059121
Epoch 708/1250 - train 0.130661 - val 0.061028
Epoch 709/1250 - train 0.130008 - val 0.058045
Epoch 710/1250 - train 0.129254 - val 0.057222
Epoch 711/1250 - train 0.129525 - val 0.060954
Epoch 712/1250 - train 0.130224 - val 0.059218
Epoch 713/1250 - train 0.130101 - val 0.056524
Epoch 714/1250 - train 0.129565 - val 0.058158
Epoch 715/1250 - train 0.129938 - val 0.056362
Epoch 716/1250 - train 0.129643 - val 0.056847
Epoch 717/1250 - train 0.129493 - val 0.058427
Epoch 718/1250 - train 0.130440 - val 0.058001
Epoch 719/1250 - train 0.130153 - val 0.060194
Epoch 720/1250 - train 0.130106 - val 0.073667
Epoch 721/1250 - train 0.130449 - val 0.059605
Epoch 722/1250 - train 0.129212 - val 0.058191
Epoch 723/1250 - train 0.129439 - val 0.058376
Epoch 724/1250 - train 0.129987 - val 0.060591
Epoch 725/1250 - train 0.129437 - val 0.057512
Epoch 726/1250 - train 0.130425 - val 0.058357
Epoch 727/1250 - train 0.129590 - val 0.060455
Epoch 728/1250 - train 0.128565 - val 0.056553
Epoch 729/1250 - train 0.129269 - val 0.060827
Epoch 730/1250 - train 0.128772 - val 0.065263
Epoch 731/1250 - train 0.129056 - val 0.058752
Epoch 732/1250 - train 0.130145 - val 0.057746
Epoch 733/1250 - train 0.130248 - val 0.058667
Epoch 734/1250 - train 0.129454 - val 0.066533
Epoch 735/1250 - train 0.130114 - val 0.059253
Epoch 736/1250 - train 0.129538 - val 0.063641
Epoch 737/1250 - train 0.129299 - val 0.056054
Epoch 738/1250 - train 0.129050 - val 0.059477
Epoch 739/1250 - train 0.128822 - val 0.058780
Epoch 740/1250 - train 0.129504 - val 0.055144
Epoch 741/1250 - train 0.129376 - val 0.057282
Epoch 742/1250 - train 0.129076 - val 0.058016
Epoch 743/1250 - train 0.129010 - val 0.057856
Epoch 744/1250 - train 0.129054 - val 0.056670
Epoch 745/1250 - train 0.129238 - val 0.059716
Epoch 746/1250 - train 0.129365 - val 0.056213
Epoch 747/1250 - train 0.128509 - val 0.057832
Epoch 748/1250 - train 0.128331 - val 0.057200
Epoch 749/1250 - train 0.128671 - val 0.060275
Epoch 750/1250 - train 0.128534 - val 0.056748
Epoch 751/1250 - train 0.128464 - val 0.057063
Epoch 752/1250 - train 0.128378 - val 0.056267
Epoch 753/1250 - train 0.128844 - val 0.056211
Epoch 754/1250 - train 0.129140 - val 0.055552
Epoch 755/1250 - train 0.128382 - val 0.055168
Epoch 756/1250 - train 0.128981 - val 0.059920
Epoch 757/1250 - train 0.129069 - val 0.055134
Epoch 758/1250 - train 0.128121 - val 0.054670
Epoch 759/1250 - train 0.128385 - val 0.058460
Epoch 760/1250 - train 0.128391 - val 0.057318
Epoch 761/1250 - train 0.127093 - val 0.056531
Epoch 762/1250 - train 0.128743 - val 0.058590
Epoch 763/1250 - train 0.128708 - val 0.059657
Epoch 764/1250 - train 0.127816 - val 0.054555
Epoch 765/1250 - train 0.128405 - val 0.057536
Epoch 766/1250 - train 0.128270 - val 0.057862
Epoch 767/1250 - train 0.128810 - val 0.061009
Epoch 768/1250 - train 0.128193 - val 0.055603
Epoch 769/1250 - train 0.128038 - val 0.058562
Epoch 770/1250 - train 0.128417 - val 0.061079
Epoch 771/1250 - train 0.128391 - val 0.054810
Epoch 772/1250 - train 0.127165 - val 0.055828
Epoch 773/1250 - train 0.127993 - val 0.055840
Epoch 774/1250 - train 0.127939 - val 0.055883
Epoch 775/1250 - train 0.128063 - val 0.057521
Epoch 776/1250 - train 0.128342 - val 0.055431
Epoch 777/1250 - train 0.127961 - val 0.055462
Epoch 778/1250 - train 0.127129 - val 0.066099
Epoch 779/1250 - train 0.127853 - val 0.056590
Epoch 780/1250 - train 0.127098 - val 0.057630
Epoch 781/1250 - train 0.128015 - val 0.057240
Epoch 782/1250 - train 0.129120 - val 0.056106
Epoch 783/1250 - train 0.127809 - val 0.062279
Epoch 784/1250 - train 0.128547 - val 0.055039
Epoch 785/1250 - train 0.127530 - val 0.059432
Epoch 786/1250 - train 0.127790 - val 0.056672
Epoch 787/1250 - train 0.126950 - val 0.060127
Epoch 788/1250 - train 0.127038 - val 0.056606
Epoch 789/1250 - train 0.127481 - val 0.056446
Epoch 790/1250 - train 0.126786 - val 0.055734
Epoch 791/1250 - train 0.127622 - val 0.057739
Epoch 792/1250 - train 0.127105 - val 0.058052
Epoch 793/1250 - train 0.127767 - val 0.055431
Epoch 794/1250 - train 0.126776 - val 0.058780
Epoch 795/1250 - train 0.126927 - val 0.056200
Epoch 796/1250 - train 0.126919 - val 0.055523
Epoch 797/1250 - train 0.127015 - val 0.055510
Epoch 798/1250 - train 0.127048 - val 0.056583
Epoch 799/1250 - train 0.126977 - val 0.055702
Epoch 800/1250 - train 0.126815 - val 0.054588
Epoch 801/1250 - train 0.126823 - val 0.060879
Epoch 802/1250 - train 0.126710 - val 0.056100
Epoch 803/1250 - train 0.127449 - val 0.054450
Epoch 804/1250 - train 0.127498 - val 0.059898
Epoch 805/1250 - train 0.127012 - val 0.058471
Epoch 806/1250 - train 0.127643 - val 0.057306
Epoch 807/1250 - train 0.126371 - val 0.058292
Epoch 808/1250 - train 0.127249 - val 0.054611
Epoch 809/1250 - train 0.127260 - val 0.057570
Epoch 810/1250 - train 0.126879 - val 0.055198
Epoch 811/1250 - train 0.126763 - val 0.053376
Epoch 812/1250 - train 0.127294 - val 0.055137
Epoch 813/1250 - train 0.126506 - val 0.054395
Epoch 814/1250 - train 0.126739 - val 0.059068
Epoch 815/1250 - train 0.126576 - val 0.052743
Epoch 816/1250 - train 0.126698 - val 0.055964
Epoch 817/1250 - train 0.126288 - val 0.054572
Epoch 818/1250 - train 0.127147 - val 0.054693
Epoch 819/1250 - train 0.126703 - val 0.055287
Epoch 820/1250 - train 0.126319 - val 0.054598
Epoch 821/1250 - train 0.126007 - val 0.056327
Epoch 822/1250 - train 0.126468 - val 0.057751
Epoch 823/1250 - train 0.126348 - val 0.054063
Epoch 824/1250 - train 0.126626 - val 0.056601
Epoch 825/1250 - train 0.126185 - val 0.052919
Epoch 826/1250 - train 0.127078 - val 0.053929
Epoch 827/1250 - train 0.125963 - val 0.059787
Epoch 828/1250 - train 0.126594 - val 0.060476
Epoch 829/1250 - train 0.126674 - val 0.056701
Epoch 830/1250 - train 0.126294 - val 0.053967
Epoch 831/1250 - train 0.125857 - val 0.053028
Epoch 832/1250 - train 0.126188 - val 0.056940
Epoch 833/1250 - train 0.125746 - val 0.053033
Epoch 834/1250 - train 0.125441 - val 0.056545
Epoch 835/1250 - train 0.126644 - val 0.053684
Epoch 836/1250 - train 0.125860 - val 0.054546
Epoch 837/1250 - train 0.125151 - val 0.053714
Epoch 838/1250 - train 0.125718 - val 0.055506
Epoch 839/1250 - train 0.126362 - val 0.056496
Epoch 840/1250 - train 0.126647 - val 0.056279
Epoch 841/1250 - train 0.126360 - val 0.060278
Epoch 842/1250 - train 0.125475 - val 0.056413
Epoch 843/1250 - train 0.125860 - val 0.055286
Epoch 844/1250 - train 0.126080 - val 0.054733
Epoch 845/1250 - train 0.125931 - val 0.054871
Epoch 846/1250 - train 0.126302 - val 0.052812
Epoch 847/1250 - train 0.126529 - val 0.054379
Epoch 848/1250 - train 0.125013 - val 0.056159
Epoch 849/1250 - train 0.125586 - val 0.054096
Epoch 850/1250 - train 0.126117 - val 0.055131
Epoch 851/1250 - train 0.125423 - val 0.053007
Epoch 852/1250 - train 0.125170 - val 0.054198
Epoch 853/1250 - train 0.125041 - val 0.056773
Epoch 854/1250 - train 0.125733 - val 0.054750
Epoch 855/1250 - train 0.125586 - val 0.056901
Epoch 856/1250 - train 0.125956 - val 0.052739
Epoch 857/1250 - train 0.126508 - val 0.054485
Epoch 858/1250 - train 0.125952 - val 0.055203
Epoch 859/1250 - train 0.125748 - val 0.054115
Epoch 860/1250 - train 0.124908 - val 0.055561
Epoch 861/1250 - train 0.125697 - val 0.053959
Epoch 862/1250 - train 0.125249 - val 0.053615
Epoch 863/1250 - train 0.125277 - val 0.058272
Epoch 864/1250 - train 0.125270 - val 0.063220
Epoch 865/1250 - train 0.125437 - val 0.055004
Epoch 866/1250 - train 0.125559 - val 0.054318
Epoch 867/1250 - train 0.125888 - val 0.053755
Epoch 868/1250 - train 0.125160 - val 0.057477
Epoch 869/1250 - train 0.125782 - val 0.053249
Epoch 870/1250 - train 0.125572 - val 0.054241
Epoch 871/1250 - train 0.125352 - val 0.051976
Epoch 872/1250 - train 0.125300 - val 0.055516
Epoch 873/1250 - train 0.124883 - val 0.055053
Epoch 874/1250 - train 0.125244 - val 0.056283
Epoch 875/1250 - train 0.125070 - val 0.055637
Epoch 876/1250 - train 0.125318 - val 0.055876
Epoch 877/1250 - train 0.125887 - val 0.052082
Epoch 878/1250 - train 0.124744 - val 0.059724
Epoch 879/1250 - train 0.124484 - val 0.053335
Epoch 880/1250 - train 0.124769 - val 0.051960
Epoch 881/1250 - train 0.124282 - val 0.054952
Epoch 882/1250 - train 0.125257 - val 0.052775
Epoch 883/1250 - train 0.124382 - val 0.057504
Epoch 884/1250 - train 0.125645 - val 0.053143
Epoch 885/1250 - train 0.124932 - val 0.055607
Epoch 886/1250 - train 0.124725 - val 0.053353
Epoch 887/1250 - train 0.124530 - val 0.052270
Epoch 888/1250 - train 0.125448 - val 0.054064
Epoch 889/1250 - train 0.125569 - val 0.056090
Epoch 890/1250 - train 0.124767 - val 0.060348
Epoch 891/1250 - train 0.124485 - val 0.053501
Epoch 892/1250 - train 0.124652 - val 0.055594
Epoch 893/1250 - train 0.124976 - val 0.059068
Epoch 894/1250 - train 0.124194 - val 0.052653
Epoch 895/1250 - train 0.124183 - val 0.051824
Epoch 896/1250 - train 0.124392 - val 0.054959
Epoch 897/1250 - train 0.124570 - val 0.052881
Epoch 898/1250 - train 0.124276 - val 0.051869
Epoch 899/1250 - train 0.124315 - val 0.056157
Epoch 900/1250 - train 0.124250 - val 0.051709
Epoch 901/1250 - train 0.124368 - val 0.060084
Epoch 902/1250 - train 0.124741 - val 0.052065
Epoch 903/1250 - train 0.123899 - val 0.058656
Epoch 904/1250 - train 0.124451 - val 0.053898
Epoch 905/1250 - train 0.124287 - val 0.051742
Epoch 906/1250 - train 0.124119 - val 0.051672
Epoch 907/1250 - train 0.124689 - val 0.053323
Epoch 908/1250 - train 0.123440 - val 0.051709
Epoch 909/1250 - train 0.124394 - val 0.055075
Epoch 910/1250 - train 0.123794 - val 0.051765
Epoch 911/1250 - train 0.123995 - val 0.054568
Epoch 912/1250 - train 0.124530 - val 0.053820
Epoch 913/1250 - train 0.124372 - val 0.056098
Epoch 914/1250 - train 0.124496 - val 0.053409
Epoch 915/1250 - train 0.124489 - val 0.060279
Epoch 916/1250 - train 0.123454 - val 0.051294
Epoch 917/1250 - train 0.124407 - val 0.053941
Epoch 918/1250 - train 0.123579 - val 0.054061
Epoch 919/1250 - train 0.124174 - val 0.051465
Epoch 920/1250 - train 0.124699 - val 0.052439
Epoch 921/1250 - train 0.123687 - val 0.051455
Epoch 922/1250 - train 0.124071 - val 0.053596
Epoch 923/1250 - train 0.124195 - val 0.055345
Epoch 924/1250 - train 0.124652 - val 0.054571
Epoch 925/1250 - train 0.123610 - val 0.052179
Epoch 926/1250 - train 0.123404 - val 0.049829
Epoch 927/1250 - train 0.123914 - val 0.050542
Epoch 928/1250 - train 0.123599 - val 0.053638
Epoch 929/1250 - train 0.123532 - val 0.057687
Epoch 930/1250 - train 0.123535 - val 0.051631
Epoch 931/1250 - train 0.123733 - val 0.051772
Epoch 932/1250 - train 0.123919 - val 0.058612
Epoch 933/1250 - train 0.123755 - val 0.051472
Epoch 934/1250 - train 0.123082 - val 0.053580
Epoch 935/1250 - train 0.123791 - val 0.051168
Epoch 936/1250 - train 0.124459 - val 0.058582
Epoch 937/1250 - train 0.123180 - val 0.052646
Epoch 938/1250 - train 0.123915 - val 0.052884
Epoch 939/1250 - train 0.123866 - val 0.052864
Epoch 940/1250 - train 0.123441 - val 0.050078
Epoch 941/1250 - train 0.123019 - val 0.053322
Epoch 942/1250 - train 0.123454 - val 0.054542
Epoch 943/1250 - train 0.123024 - val 0.052648
Epoch 944/1250 - train 0.124262 - val 0.052310
Epoch 945/1250 - train 0.123623 - val 0.051202
Epoch 946/1250 - train 0.123839 - val 0.055321
Epoch 947/1250 - train 0.124033 - val 0.059907
Epoch 948/1250 - train 0.122363 - val 0.053132
Epoch 949/1250 - train 0.123131 - val 0.061314
Epoch 950/1250 - train 0.123078 - val 0.051614
Epoch 951/1250 - train 0.123091 - val 0.052002
Epoch 952/1250 - train 0.123259 - val 0.052667
Epoch 953/1250 - train 0.123065 - val 0.051763
Epoch 954/1250 - train 0.123025 - val 0.049775
Epoch 955/1250 - train 0.123564 - val 0.054955
Epoch 956/1250 - train 0.122937 - val 0.051853
Epoch 957/1250 - train 0.123138 - val 0.049761
Epoch 958/1250 - train 0.123063 - val 0.055525
Epoch 959/1250 - train 0.123157 - val 0.052196
Epoch 960/1250 - train 0.123423 - val 0.051612
Epoch 961/1250 - train 0.123010 - val 0.053350
Epoch 962/1250 - train 0.122978 - val 0.051420
Epoch 963/1250 - train 0.123476 - val 0.050648
Epoch 964/1250 - train 0.121636 - val 0.051225
Epoch 965/1250 - train 0.123216 - val 0.049830
Epoch 966/1250 - train 0.122754 - val 0.053544
Epoch 967/1250 - train 0.123421 - val 0.051537
Epoch 968/1250 - train 0.122718 - val 0.053086
Epoch 969/1250 - train 0.122883 - val 0.049848
Epoch 970/1250 - train 0.122489 - val 0.049770
Epoch 971/1250 - train 0.123175 - val 0.051280
Epoch 972/1250 - train 0.123256 - val 0.053061
Epoch 973/1250 - train 0.123211 - val 0.051207
Epoch 974/1250 - train 0.122533 - val 0.054132
Epoch 975/1250 - train 0.123322 - val 0.050406
Epoch 976/1250 - train 0.122285 - val 0.052249
Epoch 977/1250 - train 0.122197 - val 0.052069
Epoch 978/1250 - train 0.123240 - val 0.055561
Epoch 979/1250 - train 0.122686 - val 0.050463
Epoch 980/1250 - train 0.122127 - val 0.050656
Epoch 981/1250 - train 0.122646 - val 0.054519
Epoch 982/1250 - train 0.122787 - val 0.064191
Epoch 983/1250 - train 0.123748 - val 0.053244
Epoch 984/1250 - train 0.123324 - val 0.053022
Epoch 985/1250 - train 0.122511 - val 0.051361
Epoch 986/1250 - train 0.122618 - val 0.052419
Epoch 987/1250 - train 0.122663 - val 0.052466
Epoch 988/1250 - train 0.122071 - val 0.049442
Epoch 989/1250 - train 0.122434 - val 0.049510
Epoch 990/1250 - train 0.121996 - val 0.050936
Epoch 991/1250 - train 0.122727 - val 0.053212
Epoch 992/1250 - train 0.122828 - val 0.051479
Epoch 993/1250 - train 0.123026 - val 0.054310
Epoch 994/1250 - train 0.121890 - val 0.053051
Epoch 995/1250 - train 0.121806 - val 0.054762
Epoch 996/1250 - train 0.123206 - val 0.049915
Epoch 997/1250 - train 0.122209 - val 0.051005
Epoch 998/1250 - train 0.122964 - val 0.053034
Epoch 999/1250 - train 0.122173 - val 0.054483
Epoch 1000/1250 - train 0.122366 - val 0.049980
Epoch 1001/1250 - train 0.122363 - val 0.051643
Epoch 1002/1250 - train 0.122326 - val 0.052812
Epoch 1003/1250 - train 0.121583 - val 0.051717
Epoch 1004/1250 - train 0.122041 - val 0.050290
Epoch 1005/1250 - train 0.122483 - val 0.049602
Epoch 1006/1250 - train 0.121393 - val 0.053381
Epoch 1007/1250 - train 0.122494 - val 0.051525
Epoch 1008/1250 - train 0.122094 - val 0.051820
Epoch 1009/1250 - train 0.122554 - val 0.050519
Epoch 1010/1250 - train 0.122010 - val 0.050212
Epoch 1011/1250 - train 0.121415 - val 0.054019
Epoch 1012/1250 - train 0.122009 - val 0.049078
Epoch 1013/1250 - train 0.121254 - val 0.050123
Epoch 1014/1250 - train 0.122048 - val 0.056052
Epoch 1015/1250 - train 0.121568 - val 0.051764
Epoch 1016/1250 - train 0.121943 - val 0.049479
Epoch 1017/1250 - train 0.121373 - val 0.054905
Epoch 1018/1250 - train 0.121415 - val 0.048845
Epoch 1019/1250 - train 0.122432 - val 0.050289
Epoch 1020/1250 - train 0.121953 - val 0.053222
Epoch 1021/1250 - train 0.122267 - val 0.051226
Epoch 1022/1250 - train 0.121767 - val 0.052466
Epoch 1023/1250 - train 0.121553 - val 0.049395
Epoch 1024/1250 - train 0.121599 - val 0.050731
Epoch 1025/1250 - train 0.121977 - val 0.050519
Epoch 1026/1250 - train 0.122300 - val 0.053958
Epoch 1027/1250 - train 0.121887 - val 0.050468
Epoch 1028/1250 - train 0.122485 - val 0.050465
Epoch 1029/1250 - train 0.120826 - val 0.051298
Epoch 1030/1250 - train 0.121896 - val 0.049679
Epoch 1031/1250 - train 0.121071 - val 0.051922
Epoch 1032/1250 - train 0.121047 - val 0.049214
Epoch 1033/1250 - train 0.120903 - val 0.060085
Epoch 1034/1250 - train 0.121672 - val 0.051263
Epoch 1035/1250 - train 0.121948 - val 0.065504
Epoch 1036/1250 - train 0.122147 - val 0.049676
Epoch 1037/1250 - train 0.121262 - val 0.050475
Epoch 1038/1250 - train 0.121379 - val 0.049850
Epoch 1039/1250 - train 0.121183 - val 0.049710
Epoch 1040/1250 - train 0.121326 - val 0.048929
Epoch 1041/1250 - train 0.121219 - val 0.053575
Epoch 1042/1250 - train 0.121290 - val 0.056447
Epoch 1043/1250 - train 0.121344 - val 0.050771
Epoch 1044/1250 - train 0.120833 - val 0.050591
Epoch 1045/1250 - train 0.120582 - val 0.049648
Epoch 1046/1250 - train 0.121252 - val 0.048348
Epoch 1047/1250 - train 0.121494 - val 0.057858
Epoch 1048/1250 - train 0.120864 - val 0.049775
Epoch 1049/1250 - train 0.121235 - val 0.050393
Epoch 1050/1250 - train 0.121432 - val 0.053356
Epoch 1051/1250 - train 0.121096 - val 0.053542
Epoch 1052/1250 - train 0.121283 - val 0.050424
Epoch 1053/1250 - train 0.121677 - val 0.049412
Epoch 1054/1250 - train 0.121216 - val 0.051914
Epoch 1055/1250 - train 0.121485 - val 0.048298
Epoch 1056/1250 - train 0.121101 - val 0.048720
Epoch 1057/1250 - train 0.121069 - val 0.048874
Epoch 1058/1250 - train 0.120870 - val 0.048204
Epoch 1059/1250 - train 0.121135 - val 0.049508
Epoch 1060/1250 - train 0.121464 - val 0.048217
Epoch 1061/1250 - train 0.121098 - val 0.050045
Epoch 1062/1250 - train 0.121087 - val 0.048637
Epoch 1063/1250 - train 0.120769 - val 0.055489
Epoch 1064/1250 - train 0.121543 - val 0.049161
Epoch 1065/1250 - train 0.120453 - val 0.051554
Epoch 1066/1250 - train 0.120622 - val 0.047921
Epoch 1067/1250 - train 0.121375 - val 0.049262
Epoch 1068/1250 - train 0.121250 - val 0.048505
Epoch 1069/1250 - train 0.121336 - val 0.049738
Epoch 1070/1250 - train 0.120376 - val 0.047835
Epoch 1071/1250 - train 0.120931 - val 0.049834
Epoch 1072/1250 - train 0.120682 - val 0.050134
Epoch 1073/1250 - train 0.122319 - val 0.051484
Epoch 1074/1250 - train 0.120697 - val 0.049915
Epoch 1075/1250 - train 0.119862 - val 0.051779
Epoch 1076/1250 - train 0.120817 - val 0.049312
Epoch 1077/1250 - train 0.120609 - val 0.053254
Epoch 1078/1250 - train 0.120939 - val 0.048107
Epoch 1079/1250 - train 0.121525 - val 0.050616
Epoch 1080/1250 - train 0.120512 - val 0.048364
Epoch 1081/1250 - train 0.120604 - val 0.049835
Epoch 1082/1250 - train 0.119241 - val 0.049151
Epoch 1083/1250 - train 0.120151 - val 0.052214
Epoch 1084/1250 - train 0.120803 - val 0.052653
Epoch 1085/1250 - train 0.121210 - val 0.051202
Epoch 1086/1250 - train 0.121247 - val 0.048628
Epoch 1087/1250 - train 0.120768 - val 0.048484
Epoch 1088/1250 - train 0.121064 - val 0.050885
Epoch 1089/1250 - train 0.120375 - val 0.048614
Epoch 1090/1250 - train 0.120075 - val 0.051413
Epoch 1091/1250 - train 0.120790 - val 0.050803
Epoch 1092/1250 - train 0.121675 - val 0.049660
Epoch 1093/1250 - train 0.119916 - val 0.049654
Epoch 1094/1250 - train 0.120199 - val 0.048207
Epoch 1095/1250 - train 0.120071 - val 0.050797
Epoch 1096/1250 - train 0.119613 - val 0.050059
Epoch 1097/1250 - train 0.120391 - val 0.050276
Epoch 1098/1250 - train 0.120077 - val 0.054400
Epoch 1099/1250 - train 0.121138 - val 0.048798
Epoch 1100/1250 - train 0.120438 - val 0.048483
Epoch 1101/1250 - train 0.119763 - val 0.047345
Epoch 1102/1250 - train 0.120028 - val 0.047399
Epoch 1103/1250 - train 0.120512 - val 0.051566
Epoch 1104/1250 - train 0.119734 - val 0.047975
Epoch 1105/1250 - train 0.120388 - val 0.051252
Epoch 1106/1250 - train 0.120476 - val 0.049259
Epoch 1107/1250 - train 0.120504 - val 0.047514
Epoch 1108/1250 - train 0.119701 - val 0.048490
Epoch 1109/1250 - train 0.120391 - val 0.048853
Epoch 1110/1250 - train 0.119891 - val 0.047754
Epoch 1111/1250 - train 0.120102 - val 0.050332
Epoch 1112/1250 - train 0.120828 - val 0.053206
Epoch 1113/1250 - train 0.119899 - val 0.049321
Epoch 1114/1250 - train 0.120010 - val 0.049324
Epoch 1115/1250 - train 0.120249 - val 0.047919
Epoch 1116/1250 - train 0.119544 - val 0.048706
Epoch 1117/1250 - train 0.119297 - val 0.048302
Epoch 1118/1250 - train 0.120124 - val 0.052289
Epoch 1119/1250 - train 0.120077 - val 0.048055
Epoch 1120/1250 - train 0.119765 - val 0.048323
Epoch 1121/1250 - train 0.120098 - val 0.047915
Epoch 1122/1250 - train 0.118712 - val 0.049756
Epoch 1123/1250 - train 0.119965 - val 0.049270
Epoch 1124/1250 - train 0.120191 - val 0.051078
Epoch 1125/1250 - train 0.119851 - val 0.049121
Epoch 1126/1250 - train 0.120058 - val 0.049583
Epoch 1127/1250 - train 0.120572 - val 0.047869
Epoch 1128/1250 - train 0.119810 - val 0.049031
Epoch 1129/1250 - train 0.119256 - val 0.048286
Epoch 1130/1250 - train 0.119977 - val 0.064661
Epoch 1131/1250 - train 0.120712 - val 0.048553
Epoch 1132/1250 - train 0.119589 - val 0.047366
Epoch 1133/1250 - train 0.119270 - val 0.048383
Epoch 1134/1250 - train 0.120133 - val 0.050819
Epoch 1135/1250 - train 0.119171 - val 0.050653
Epoch 1136/1250 - train 0.120089 - val 0.050947
Epoch 1137/1250 - train 0.119616 - val 0.048470
Epoch 1138/1250 - train 0.119311 - val 0.049238
Epoch 1139/1250 - train 0.119462 - val 0.048212
Epoch 1140/1250 - train 0.118949 - val 0.053864
Epoch 1141/1250 - train 0.119410 - val 0.059382
Epoch 1142/1250 - train 0.119684 - val 0.060576
Epoch 1143/1250 - train 0.121891 - val 0.050149
Epoch 1144/1250 - train 0.119395 - val 0.048198
Epoch 1145/1250 - train 0.119875 - val 0.047874
Epoch 1146/1250 - train 0.119074 - val 0.048245
Epoch 1147/1250 - train 0.119097 - val 0.049816
Epoch 1148/1250 - train 0.119152 - val 0.046845
Epoch 1149/1250 - train 0.119420 - val 0.047120
Epoch 1150/1250 - train 0.120282 - val 0.048941
Epoch 1151/1250 - train 0.118457 - val 0.047927
Epoch 1152/1250 - train 0.119162 - val 0.049930
Epoch 1153/1250 - train 0.119245 - val 0.047294
Epoch 1154/1250 - train 0.118732 - val 0.048971
Epoch 1155/1250 - train 0.118742 - val 0.048609
Epoch 1156/1250 - train 0.119399 - val 0.050411
Epoch 1157/1250 - train 0.119938 - val 0.048182
Epoch 1158/1250 - train 0.119329 - val 0.048627
Epoch 1159/1250 - train 0.118150 - val 0.047707
Epoch 1160/1250 - train 0.118990 - val 0.047637
Epoch 1161/1250 - train 0.119009 - val 0.050841
Epoch 1162/1250 - train 0.118890 - val 0.046388
Epoch 1163/1250 - train 0.119535 - val 0.050022
Epoch 1164/1250 - train 0.119705 - val 0.049043
Epoch 1165/1250 - train 0.119883 - val 0.052821
Epoch 1166/1250 - train 0.119495 - val 0.051357
Epoch 1167/1250 - train 0.118919 - val 0.050739
Epoch 1168/1250 - train 0.118758 - val 0.047283
Epoch 1169/1250 - train 0.118860 - val 0.046218
Epoch 1170/1250 - train 0.118936 - val 0.045956
Epoch 1171/1250 - train 0.118489 - val 0.047937
Epoch 1172/1250 - train 0.119419 - val 0.053675
Epoch 1173/1250 - train 0.119352 - val 0.051436
Epoch 1174/1250 - train 0.118483 - val 0.047620
Epoch 1175/1250 - train 0.118266 - val 0.047814
Epoch 1176/1250 - train 0.118968 - val 0.053333
Epoch 1177/1250 - train 0.118743 - val 0.048112
Epoch 1178/1250 - train 0.119214 - val 0.048051
Epoch 1179/1250 - train 0.118796 - val 0.046521
Epoch 1180/1250 - train 0.119181 - val 0.047728
Epoch 1181/1250 - train 0.119948 - val 0.048366
Epoch 1182/1250 - train 0.117540 - val 0.047669
Epoch 1183/1250 - train 0.119305 - val 0.048196
Epoch 1184/1250 - train 0.119042 - val 0.047512
Epoch 1185/1250 - train 0.118730 - val 0.051401
Epoch 1186/1250 - train 0.119732 - val 0.049123
Epoch 1187/1250 - train 0.119245 - val 0.046327
Epoch 1188/1250 - train 0.119098 - val 0.048630
Epoch 1189/1250 - train 0.118723 - val 0.049858
Epoch 1190/1250 - train 0.118601 - val 0.047393
Epoch 1191/1250 - train 0.118726 - val 0.049753
Epoch 1192/1250 - train 0.118847 - val 0.054215
Epoch 1193/1250 - train 0.118927 - val 0.046972
Epoch 1194/1250 - train 0.119005 - val 0.047001
Epoch 1195/1250 - train 0.118892 - val 0.050340
Epoch 1196/1250 - train 0.117850 - val 0.048042
Epoch 1197/1250 - train 0.118691 - val 0.047152
Epoch 1198/1250 - train 0.118191 - val 0.047276
Epoch 1199/1250 - train 0.118478 - val 0.049053
Epoch 1200/1250 - train 0.118817 - val 0.049630
Epoch 1201/1250 - train 0.118643 - val 0.047623
Epoch 1202/1250 - train 0.118738 - val 0.048943
Epoch 1203/1250 - train 0.118513 - val 0.046766
Epoch 1204/1250 - train 0.118425 - val 0.048085
Epoch 1205/1250 - train 0.120193 - val 0.059253
Epoch 1206/1250 - train 0.119256 - val 0.050156
Epoch 1207/1250 - train 0.119024 - val 0.047575
Epoch 1208/1250 - train 0.118292 - val 0.047507
Epoch 1209/1250 - train 0.118404 - val 0.046014
Epoch 1210/1250 - train 0.118456 - val 0.050351
Epoch 1211/1250 - train 0.118555 - val 0.051135
Epoch 1212/1250 - train 0.118603 - val 0.046841
Epoch 1213/1250 - train 0.118121 - val 0.050893
Epoch 1214/1250 - train 0.118013 - val 0.057953
Epoch 1215/1250 - train 0.118703 - val 0.053421
Epoch 1216/1250 - train 0.118647 - val 0.055408
Epoch 1217/1250 - train 0.118940 - val 0.046930
Epoch 1218/1250 - train 0.117935 - val 0.051875
Epoch 1219/1250 - train 0.118090 - val 0.053149
Epoch 1220/1250 - train 0.118478 - val 0.049721
Epoch 1221/1250 - train 0.118620 - val 0.046915
Epoch 1222/1250 - train 0.118516 - val 0.045558
Epoch 1223/1250 - train 0.118421 - val 0.048413
Epoch 1224/1250 - train 0.117644 - val 0.046379
Epoch 1225/1250 - train 0.118506 - val 0.048441
Epoch 1226/1250 - train 0.117571 - val 0.046886
Epoch 1227/1250 - train 0.118037 - val 0.047480
Epoch 1228/1250 - train 0.117794 - val 0.045934
Epoch 1229/1250 - train 0.118473 - val 0.048555
Epoch 1230/1250 - train 0.118146 - val 0.046102
Epoch 1231/1250 - train 0.118927 - val 0.047559
Epoch 1232/1250 - train 0.118562 - val 0.048979
Epoch 1233/1250 - train 0.117869 - val 0.045722
Epoch 1234/1250 - train 0.117199 - val 0.048459
Epoch 1235/1250 - train 0.118545 - val 0.047084
Epoch 1236/1250 - train 0.118641 - val 0.052056
Epoch 1237/1250 - train 0.118106 - val 0.049520
Epoch 1238/1250 - train 0.118043 - val 0.046761
Epoch 1239/1250 - train 0.117829 - val 0.047248
Epoch 1240/1250 - train 0.118175 - val 0.051877
Epoch 1241/1250 - train 0.117764 - val 0.047791
Epoch 1242/1250 - train 0.118007 - val 0.049754
Epoch 1243/1250 - train 0.118197 - val 0.047848
Epoch 1244/1250 - train 0.118546 - val 0.047885
Epoch 1245/1250 - train 0.117412 - val 0.049999
Epoch 1246/1250 - train 0.118503 - val 0.046470
Epoch 1247/1250 - train 0.117675 - val 0.047077
Epoch 1248/1250 - train 0.117096 - val 0.050361
Epoch 1249/1250 - train 0.118337 - val 0.046998
Epoch 1250/1250 - train 0.117912 - val 0.047194
Saved model to /scratch/network/ak9088/NASA-RL-Wavefront-Control/RL/jobs/20251227_000757/exp-fc1-zscore-ep1250-bs256-lr1e-3-s42-h128-64-images-mc0-do0.2/fc1_best.pth
