/scratch/network/ak9088/NASA-RL-Wavefront-Control/RL/train_job.py:274: DeprecationWarning: datetime.datetime.utcnow() is deprecated and scheduled for removal in a future version. Use timezone-aware objects to represent datetimes in UTC: datetime.datetime.now(datetime.UTC).
  "timestamp": datetime.utcnow().isoformat() + "Z",
Traceback (most recent call last):
  File "/scratch/network/ak9088/NASA-RL-Wavefront-Control/RL/train_job.py", line 302, in <module>
    main()
  File "/scratch/network/ak9088/NASA-RL-Wavefront-Control/RL/train_job.py", line 296, in main
    json.dump(meta, f, indent=2)
  File "/scratch/network/ak9088/anaconda3/envs/dmrl2/lib/python3.12/json/__init__.py", line 179, in dump
    for chunk in iterable:
                 ^^^^^^^^
  File "/scratch/network/ak9088/anaconda3/envs/dmrl2/lib/python3.12/json/encoder.py", line 432, in _iterencode
    yield from _iterencode_dict(o, _current_indent_level)
  File "/scratch/network/ak9088/anaconda3/envs/dmrl2/lib/python3.12/json/encoder.py", line 406, in _iterencode_dict
    yield from chunks
  File "/scratch/network/ak9088/anaconda3/envs/dmrl2/lib/python3.12/json/encoder.py", line 406, in _iterencode_dict
    yield from chunks
  File "/scratch/network/ak9088/anaconda3/envs/dmrl2/lib/python3.12/json/encoder.py", line 439, in _iterencode
    o = _default(o)
        ^^^^^^^^^^^
  File "/scratch/network/ak9088/anaconda3/envs/dmrl2/lib/python3.12/json/encoder.py", line 180, in default
    raise TypeError(f'Object of type {o.__class__.__name__} '
TypeError: Object of type ndarray is not JSON serializable
