y: [[-8.89294595e-02  3.68765652e-01 -3.35200205e-02 ... -2.49889821e-01
   1.67958364e-02  4.47161561e-08]
 [-1.95354253e-01  3.17699492e-01  3.17823112e-01 ...  1.36494249e-01
  -1.03578465e-02  4.47161561e-08]
 [-2.90432423e-01 -1.80993274e-01  2.23017558e-01 ... -2.44340330e-01
  -2.15393677e-02  4.47161597e-08]
 ...
 [ 2.77905110e-02 -3.24629903e-01  2.85629988e-01 ...  5.68953492e-02
  -8.27765688e-02  4.47161561e-08]
 [-2.45659456e-01 -2.43513435e-01  6.57291114e-01 ...  1.29223362e-01
  -6.41752034e-02  4.47161597e-08]
 [-1.38641492e-01  1.17867850e-01  3.85931842e-02 ...  1.19241446e-01
  -2.43191440e-02  4.47161561e-08]]
Dataset loaded: N=100000 (original 100000), C=3, H=20, W=20, y_dim=26
using device: cpu
Epoch 1/750 - train 0.264957 - val 0.125143
Epoch 2/750 - train 0.149298 - val 0.099482
Epoch 3/750 - train 0.133650 - val 0.093117
Epoch 4/750 - train 0.126680 - val 0.087402
Epoch 5/750 - train 0.121461 - val 0.083989
Epoch 6/750 - train 0.117617 - val 0.084082
Epoch 7/750 - train 0.115118 - val 0.083891
Epoch 8/750 - train 0.112297 - val 0.081417
Epoch 9/750 - train 0.109361 - val 0.079420
Epoch 10/750 - train 0.106397 - val 0.076197
Epoch 11/750 - train 0.104728 - val 0.077206
Epoch 12/750 - train 0.103475 - val 0.073438
Epoch 13/750 - train 0.101285 - val 0.071696
Epoch 14/750 - train 0.098795 - val 0.072313
Epoch 15/750 - train 0.096474 - val 0.069944
Epoch 16/750 - train 0.095457 - val 0.070092
Epoch 17/750 - train 0.094423 - val 0.074600
Epoch 18/750 - train 0.092734 - val 0.070045
Epoch 19/750 - train 0.090963 - val 0.065474
Epoch 20/750 - train 0.089311 - val 0.065601
Epoch 21/750 - train 0.088522 - val 0.064753
Epoch 22/750 - train 0.087136 - val 0.064676
Epoch 23/750 - train 0.086097 - val 0.064979
Epoch 24/750 - train 0.085112 - val 0.062286
Epoch 25/750 - train 0.083948 - val 0.063925
Epoch 26/750 - train 0.083032 - val 0.060784
Epoch 27/750 - train 0.082454 - val 0.059886
Epoch 28/750 - train 0.082263 - val 0.064592
Epoch 29/750 - train 0.079761 - val 0.061319
Epoch 30/750 - train 0.080082 - val 0.068659
Epoch 31/750 - train 0.080493 - val 0.060212
Epoch 32/750 - train 0.078724 - val 0.065977
Epoch 33/750 - train 0.077189 - val 0.056962
Epoch 34/750 - train 0.076884 - val 0.063797
Epoch 35/750 - train 0.076974 - val 0.059343
Epoch 36/750 - train 0.076300 - val 0.059771
Epoch 37/750 - train 0.075432 - val 0.063976
Epoch 38/750 - train 0.075569 - val 0.055954
Epoch 39/750 - train 0.074286 - val 0.059197
Epoch 40/750 - train 0.073970 - val 0.057070
Epoch 41/750 - train 0.073705 - val 0.056244
Epoch 42/750 - train 0.074050 - val 0.057196
Epoch 43/750 - train 0.072505 - val 0.056983
Epoch 44/750 - train 0.072550 - val 0.056582
Epoch 45/750 - train 0.072651 - val 0.056583
Epoch 46/750 - train 0.071977 - val 0.054787
Epoch 47/750 - train 0.070856 - val 0.058730
Epoch 48/750 - train 0.071861 - val 0.059798
Epoch 49/750 - train 0.070708 - val 0.058538
Epoch 50/750 - train 0.069753 - val 0.053713
Epoch 51/750 - train 0.070221 - val 0.054608
Epoch 52/750 - train 0.069602 - val 0.057326
Epoch 53/750 - train 0.069966 - val 0.052226
Epoch 54/750 - train 0.068511 - val 0.057303
Epoch 55/750 - train 0.068915 - val 0.052619
Epoch 56/750 - train 0.068324 - val 0.053934
Epoch 57/750 - train 0.068075 - val 0.052428
Epoch 58/750 - train 0.067613 - val 0.052729
Epoch 59/750 - train 0.067857 - val 0.054328
Epoch 60/750 - train 0.067573 - val 0.054077
Epoch 61/750 - train 0.067015 - val 0.057575
Epoch 62/750 - train 0.067248 - val 0.052416
Epoch 63/750 - train 0.066819 - val 0.053085
Epoch 64/750 - train 0.066499 - val 0.053742
Epoch 65/750 - train 0.066642 - val 0.050838
Epoch 66/750 - train 0.066108 - val 0.056008
Epoch 67/750 - train 0.066048 - val 0.051617
Epoch 68/750 - train 0.065559 - val 0.052101
Epoch 69/750 - train 0.065135 - val 0.051863
Epoch 70/750 - train 0.066156 - val 0.056490
Epoch 71/750 - train 0.065312 - val 0.055779
Epoch 72/750 - train 0.065720 - val 0.051482
Epoch 73/750 - train 0.064525 - val 0.051380
Epoch 74/750 - train 0.064744 - val 0.050475
Epoch 75/750 - train 0.064881 - val 0.051170
Epoch 76/750 - train 0.064516 - val 0.051427
Epoch 77/750 - train 0.064836 - val 0.052722
Epoch 78/750 - train 0.063348 - val 0.051295
Epoch 79/750 - train 0.063853 - val 0.050542
Epoch 80/750 - train 0.063173 - val 0.051509
Epoch 81/750 - train 0.063753 - val 0.054496
Epoch 82/750 - train 0.063199 - val 0.050675
Epoch 83/750 - train 0.063157 - val 0.052011
Epoch 84/750 - train 0.063133 - val 0.049616
Epoch 85/750 - train 0.063558 - val 0.049604
Epoch 86/750 - train 0.063021 - val 0.052918
Epoch 87/750 - train 0.062589 - val 0.053364
Epoch 88/750 - train 0.062805 - val 0.049992
Epoch 89/750 - train 0.062114 - val 0.050349
Epoch 90/750 - train 0.062450 - val 0.050109
Epoch 91/750 - train 0.063089 - val 0.052152
Epoch 92/750 - train 0.061563 - val 0.050839
Epoch 93/750 - train 0.062317 - val 0.056213
Epoch 94/750 - train 0.062598 - val 0.048748
Epoch 95/750 - train 0.061630 - val 0.049895
Epoch 96/750 - train 0.060975 - val 0.057432
Epoch 97/750 - train 0.061379 - val 0.053354
Epoch 98/750 - train 0.061172 - val 0.049191
Epoch 99/750 - train 0.061310 - val 0.050222
Epoch 100/750 - train 0.061382 - val 0.049760
Epoch 101/750 - train 0.060917 - val 0.051994
Epoch 102/750 - train 0.060726 - val 0.050513
Epoch 103/750 - train 0.061171 - val 0.050730
Epoch 104/750 - train 0.060838 - val 0.054169
Epoch 105/750 - train 0.060405 - val 0.048824
Epoch 106/750 - train 0.061228 - val 0.051503
Epoch 107/750 - train 0.060297 - val 0.049568
Epoch 108/750 - train 0.060392 - val 0.052057
Epoch 109/750 - train 0.060029 - val 0.049433
Epoch 110/750 - train 0.060823 - val 0.048406
Epoch 111/750 - train 0.060365 - val 0.054977
Epoch 112/750 - train 0.059666 - val 0.051530
Epoch 113/750 - train 0.059546 - val 0.050292
Epoch 114/750 - train 0.059810 - val 0.048091
Epoch 115/750 - train 0.059896 - val 0.048407
Epoch 116/750 - train 0.059970 - val 0.050683
Epoch 117/750 - train 0.060412 - val 0.049725
Epoch 118/750 - train 0.059455 - val 0.047903
Epoch 119/750 - train 0.059629 - val 0.049324
Epoch 120/750 - train 0.059055 - val 0.048215
Epoch 121/750 - train 0.059361 - val 0.048915
Epoch 122/750 - train 0.059134 - val 0.050144
Epoch 123/750 - train 0.059933 - val 0.050194
Epoch 124/750 - train 0.058670 - val 0.048747
Epoch 125/750 - train 0.058729 - val 0.047972
Epoch 126/750 - train 0.058400 - val 0.049248
Epoch 127/750 - train 0.058877 - val 0.049118
Epoch 128/750 - train 0.058948 - val 0.047992
Epoch 129/750 - train 0.058899 - val 0.048869
Epoch 130/750 - train 0.058905 - val 0.048051
Epoch 131/750 - train 0.058862 - val 0.053745
Epoch 132/750 - train 0.058451 - val 0.048957
Epoch 133/750 - train 0.058391 - val 0.048085
Epoch 134/750 - train 0.058092 - val 0.049898
Epoch 135/750 - train 0.058101 - val 0.048841
Epoch 136/750 - train 0.058673 - val 0.047377
Epoch 137/750 - train 0.059377 - val 0.048555
Epoch 138/750 - train 0.058188 - val 0.048353
Epoch 139/750 - train 0.058883 - val 0.047529
Epoch 140/750 - train 0.057501 - val 0.053224
Epoch 141/750 - train 0.058255 - val 0.049435
Epoch 142/750 - train 0.057774 - val 0.049651
Epoch 143/750 - train 0.057558 - val 0.049146
Epoch 144/750 - train 0.057646 - val 0.047356
Epoch 145/750 - train 0.057896 - val 0.047562
Epoch 146/750 - train 0.057125 - val 0.048848
Epoch 147/750 - train 0.058209 - val 0.049734
Epoch 148/750 - train 0.058041 - val 0.047589
Epoch 149/750 - train 0.057444 - val 0.047839
Epoch 150/750 - train 0.057085 - val 0.052064
Epoch 151/750 - train 0.057409 - val 0.046827
Epoch 152/750 - train 0.057482 - val 0.047469
Epoch 153/750 - train 0.056790 - val 0.049781
Epoch 154/750 - train 0.057023 - val 0.048342
Epoch 155/750 - train 0.057357 - val 0.048809
Epoch 156/750 - train 0.057106 - val 0.047531
Epoch 157/750 - train 0.056970 - val 0.048997
Epoch 158/750 - train 0.056831 - val 0.046570
Epoch 159/750 - train 0.056394 - val 0.049979
Epoch 160/750 - train 0.056863 - val 0.048191
Epoch 161/750 - train 0.056886 - val 0.048155
Epoch 162/750 - train 0.057079 - val 0.053178
Epoch 163/750 - train 0.056594 - val 0.046826
Epoch 164/750 - train 0.056853 - val 0.049183
Epoch 165/750 - train 0.056456 - val 0.052246
Epoch 166/750 - train 0.056546 - val 0.047037
Epoch 167/750 - train 0.056937 - val 0.050178
Epoch 168/750 - train 0.056336 - val 0.047067
Epoch 169/750 - train 0.056247 - val 0.047318
Epoch 170/750 - train 0.055642 - val 0.049501
Epoch 171/750 - train 0.056376 - val 0.048614
Epoch 172/750 - train 0.056381 - val 0.046962
Epoch 173/750 - train 0.056237 - val 0.048278
Epoch 174/750 - train 0.056373 - val 0.049456
Epoch 175/750 - train 0.055840 - val 0.047692
Epoch 176/750 - train 0.056268 - val 0.048795
Epoch 177/750 - train 0.055797 - val 0.047957
Epoch 178/750 - train 0.056236 - val 0.046269
Epoch 179/750 - train 0.056421 - val 0.046842
Epoch 180/750 - train 0.056061 - val 0.049219
Epoch 181/750 - train 0.055603 - val 0.046844
Epoch 182/750 - train 0.055957 - val 0.047174
Epoch 183/750 - train 0.055458 - val 0.048258
Epoch 184/750 - train 0.056045 - val 0.047547
Epoch 185/750 - train 0.055744 - val 0.047232
Epoch 186/750 - train 0.055963 - val 0.049006
Epoch 187/750 - train 0.055695 - val 0.048808
Epoch 188/750 - train 0.055350 - val 0.046575
Epoch 189/750 - train 0.055746 - val 0.048122
Epoch 190/750 - train 0.055965 - val 0.047157
Epoch 191/750 - train 0.055072 - val 0.052643
Epoch 192/750 - train 0.056010 - val 0.047340
Epoch 193/750 - train 0.055045 - val 0.048101
Epoch 194/750 - train 0.055503 - val 0.047723
Epoch 195/750 - train 0.055438 - val 0.047821
Epoch 196/750 - train 0.055160 - val 0.047352
Epoch 197/750 - train 0.054805 - val 0.046682
Epoch 198/750 - train 0.055817 - val 0.046847
Epoch 199/750 - train 0.056061 - val 0.046851
Epoch 200/750 - train 0.055038 - val 0.048625
Epoch 201/750 - train 0.055184 - val 0.047316
Epoch 202/750 - train 0.055258 - val 0.046944
Epoch 203/750 - train 0.055373 - val 0.047286
Epoch 204/750 - train 0.054819 - val 0.046241
Epoch 205/750 - train 0.055291 - val 0.046077
Epoch 206/750 - train 0.054477 - val 0.046696
Epoch 207/750 - train 0.054960 - val 0.046765
Epoch 208/750 - train 0.054988 - val 0.048014
Epoch 209/750 - train 0.054630 - val 0.047883
Epoch 210/750 - train 0.054740 - val 0.056437
Epoch 211/750 - train 0.055780 - val 0.047051
Epoch 212/750 - train 0.054401 - val 0.047444
Epoch 213/750 - train 0.054876 - val 0.052195
Epoch 214/750 - train 0.054505 - val 0.048559
Epoch 215/750 - train 0.054859 - val 0.045992
Epoch 216/750 - train 0.055522 - val 0.046570
Epoch 217/750 - train 0.054485 - val 0.047176
Epoch 218/750 - train 0.054327 - val 0.047393
Epoch 219/750 - train 0.054091 - val 0.046729
Epoch 220/750 - train 0.054978 - val 0.047121
Epoch 221/750 - train 0.054405 - val 0.046570
Epoch 222/750 - train 0.054774 - val 0.047906
Epoch 223/750 - train 0.054620 - val 0.046320
Epoch 224/750 - train 0.054328 - val 0.049512
Epoch 225/750 - train 0.054387 - val 0.045940
Epoch 226/750 - train 0.054216 - val 0.046674
Epoch 227/750 - train 0.054367 - val 0.047702
Epoch 228/750 - train 0.054973 - val 0.047807
Epoch 229/750 - train 0.054241 - val 0.046820
Epoch 230/750 - train 0.054172 - val 0.046857
Epoch 231/750 - train 0.054733 - val 0.046170
Epoch 232/750 - train 0.054097 - val 0.046810
Epoch 233/750 - train 0.053724 - val 0.047513
Epoch 234/750 - train 0.054419 - val 0.046018
Epoch 235/750 - train 0.053844 - val 0.050789
Epoch 236/750 - train 0.053919 - val 0.049500
Epoch 237/750 - train 0.053768 - val 0.047048
Epoch 238/750 - train 0.053943 - val 0.046833
Epoch 239/750 - train 0.053995 - val 0.047295
Epoch 240/750 - train 0.054095 - val 0.046842
Epoch 241/750 - train 0.054342 - val 0.046656
Epoch 242/750 - train 0.053756 - val 0.045723
Epoch 243/750 - train 0.054329 - val 0.048783
Epoch 244/750 - train 0.053383 - val 0.046569
Epoch 245/750 - train 0.053587 - val 0.047206
Epoch 246/750 - train 0.053987 - val 0.047668
Epoch 247/750 - train 0.053590 - val 0.047459
Epoch 248/750 - train 0.054129 - val 0.046275
Epoch 249/750 - train 0.053583 - val 0.046670
Epoch 250/750 - train 0.053815 - val 0.046477
Epoch 251/750 - train 0.053741 - val 0.046265
Epoch 252/750 - train 0.053275 - val 0.046073
Epoch 253/750 - train 0.053695 - val 0.048449
Epoch 254/750 - train 0.053223 - val 0.047329
Epoch 255/750 - train 0.053617 - val 0.046889
Epoch 256/750 - train 0.053687 - val 0.046936
Epoch 257/750 - train 0.053283 - val 0.046773
Epoch 258/750 - train 0.053742 - val 0.045434
Epoch 259/750 - train 0.053389 - val 0.045941
Epoch 260/750 - train 0.053353 - val 0.045913
Epoch 261/750 - train 0.053342 - val 0.048589
Epoch 262/750 - train 0.053307 - val 0.046230
Epoch 263/750 - train 0.053627 - val 0.046016
Epoch 264/750 - train 0.053684 - val 0.048592
Epoch 265/750 - train 0.053306 - val 0.047173
Epoch 266/750 - train 0.053637 - val 0.048985
Epoch 267/750 - train 0.052514 - val 0.048441
Epoch 268/750 - train 0.053037 - val 0.045527
Epoch 269/750 - train 0.053753 - val 0.046957
Epoch 270/750 - train 0.053197 - val 0.047054
Epoch 271/750 - train 0.052740 - val 0.046461
Epoch 272/750 - train 0.053410 - val 0.048463
Epoch 273/750 - train 0.052675 - val 0.046805
Epoch 274/750 - train 0.053312 - val 0.047231
Epoch 275/750 - train 0.053304 - val 0.047052
Epoch 276/750 - train 0.053133 - val 0.045955
Epoch 277/750 - train 0.053170 - val 0.045875
Epoch 278/750 - train 0.053213 - val 0.047691
Epoch 279/750 - train 0.052914 - val 0.046934
Epoch 280/750 - train 0.052999 - val 0.046214
Epoch 281/750 - train 0.053358 - val 0.045754
Epoch 282/750 - train 0.052481 - val 0.046248
Epoch 283/750 - train 0.053548 - val 0.046474
Epoch 284/750 - train 0.052910 - val 0.045552
Epoch 285/750 - train 0.053395 - val 0.045818
Epoch 286/750 - train 0.052704 - val 0.047861
Epoch 287/750 - train 0.052830 - val 0.045962
Epoch 288/750 - train 0.052564 - val 0.046931
Epoch 289/750 - train 0.052712 - val 0.047925
Epoch 290/750 - train 0.053247 - val 0.046542
Epoch 291/750 - train 0.052824 - val 0.046284
Epoch 292/750 - train 0.052404 - val 0.046635
Epoch 293/750 - train 0.053017 - val 0.045460
Epoch 294/750 - train 0.052345 - val 0.046839
Epoch 295/750 - train 0.053007 - val 0.045131
Epoch 296/750 - train 0.052798 - val 0.046232
Epoch 297/750 - train 0.053225 - val 0.047786
Epoch 298/750 - train 0.052748 - val 0.046474
Epoch 299/750 - train 0.052781 - val 0.048428
Epoch 300/750 - train 0.052578 - val 0.045732
Epoch 301/750 - train 0.052691 - val 0.046173
Epoch 302/750 - train 0.052375 - val 0.046263
Epoch 303/750 - train 0.052749 - val 0.046799
Epoch 304/750 - train 0.052330 - val 0.047080
Epoch 305/750 - train 0.052532 - val 0.046552
Epoch 306/750 - train 0.052318 - val 0.046796
Epoch 307/750 - train 0.052970 - val 0.049626
Epoch 308/750 - train 0.052095 - val 0.046715
Epoch 309/750 - train 0.052083 - val 0.046001
Epoch 310/750 - train 0.052724 - val 0.047800
Epoch 311/750 - train 0.052115 - val 0.046779
Epoch 312/750 - train 0.052313 - val 0.047751
Epoch 313/750 - train 0.052273 - val 0.046010
Epoch 314/750 - train 0.052190 - val 0.047105
Epoch 315/750 - train 0.051958 - val 0.046482
Epoch 316/750 - train 0.052183 - val 0.045727
Epoch 317/750 - train 0.051853 - val 0.045814
Epoch 318/750 - train 0.051783 - val 0.047799
Epoch 319/750 - train 0.052476 - val 0.046561
Epoch 320/750 - train 0.051960 - val 0.046690
Epoch 321/750 - train 0.052145 - val 0.048242
Epoch 322/750 - train 0.051762 - val 0.048000
Epoch 323/750 - train 0.052367 - val 0.046217
Epoch 324/750 - train 0.052299 - val 0.046087
Epoch 325/750 - train 0.052796 - val 0.045777
Epoch 326/750 - train 0.051953 - val 0.046125
Epoch 327/750 - train 0.051821 - val 0.045998
Epoch 328/750 - train 0.052288 - val 0.045586
Epoch 329/750 - train 0.051712 - val 0.046310
Epoch 330/750 - train 0.052087 - val 0.046072
Epoch 331/750 - train 0.051778 - val 0.045456
Epoch 332/750 - train 0.051715 - val 0.045361
Epoch 333/750 - train 0.051867 - val 0.046464
Epoch 334/750 - train 0.052038 - val 0.046457
Epoch 335/750 - train 0.051536 - val 0.047586
Epoch 336/750 - train 0.051487 - val 0.045572
Epoch 337/750 - train 0.052029 - val 0.049863
Epoch 338/750 - train 0.051880 - val 0.046446
Epoch 339/750 - train 0.051811 - val 0.046328
Epoch 340/750 - train 0.051791 - val 0.045994
Epoch 341/750 - train 0.051590 - val 0.046959
Epoch 342/750 - train 0.052054 - val 0.047381
Epoch 343/750 - train 0.051575 - val 0.048596
Epoch 344/750 - train 0.051681 - val 0.046943
Epoch 345/750 - train 0.051427 - val 0.045954
Epoch 346/750 - train 0.052017 - val 0.047558
Epoch 347/750 - train 0.051538 - val 0.045201
Epoch 348/750 - train 0.051318 - val 0.047231
Epoch 349/750 - train 0.051452 - val 0.050815
Epoch 350/750 - train 0.052192 - val 0.045956
Epoch 351/750 - train 0.051437 - val 0.045495
Epoch 352/750 - train 0.051717 - val 0.051309
Epoch 353/750 - train 0.051436 - val 0.047529
Epoch 354/750 - train 0.051730 - val 0.051020
Epoch 355/750 - train 0.051264 - val 0.046170
Epoch 356/750 - train 0.051967 - val 0.045653
Epoch 357/750 - train 0.051570 - val 0.045645
Epoch 358/750 - train 0.051529 - val 0.046534
Epoch 359/750 - train 0.051348 - val 0.046311
Epoch 360/750 - train 0.051308 - val 0.046420
Epoch 361/750 - train 0.051367 - val 0.045750
Epoch 362/750 - train 0.051253 - val 0.045995
Epoch 363/750 - train 0.051508 - val 0.045672
Epoch 364/750 - train 0.051628 - val 0.045829
Epoch 365/750 - train 0.051409 - val 0.047184
Epoch 366/750 - train 0.051487 - val 0.045563
Epoch 367/750 - train 0.051069 - val 0.045588
Epoch 368/750 - train 0.051449 - val 0.047455
Epoch 369/750 - train 0.051056 - val 0.046710
Epoch 370/750 - train 0.051386 - val 0.046056
Epoch 371/750 - train 0.051201 - val 0.045964
Epoch 372/750 - train 0.051217 - val 0.045985
Epoch 373/750 - train 0.051471 - val 0.045360
Epoch 374/750 - train 0.051193 - val 0.045930
Epoch 375/750 - train 0.051317 - val 0.047509
Epoch 376/750 - train 0.051295 - val 0.047031
Epoch 377/750 - train 0.051264 - val 0.046103
Epoch 378/750 - train 0.051274 - val 0.046165
Epoch 379/750 - train 0.051513 - val 0.046149
Epoch 380/750 - train 0.051074 - val 0.045445
Epoch 381/750 - train 0.050864 - val 0.045837
Epoch 382/750 - train 0.051667 - val 0.046210
Epoch 383/750 - train 0.050875 - val 0.046955
Epoch 384/750 - train 0.051035 - val 0.045945
Epoch 385/750 - train 0.051392 - val 0.045907
Epoch 386/750 - train 0.051057 - val 0.046136
Epoch 387/750 - train 0.050622 - val 0.046964
Epoch 388/750 - train 0.051259 - val 0.045630
Epoch 389/750 - train 0.050967 - val 0.046225
Epoch 390/750 - train 0.051029 - val 0.045968
Epoch 391/750 - train 0.051285 - val 0.045179
Epoch 392/750 - train 0.050895 - val 0.045031
Epoch 393/750 - train 0.051416 - val 0.047463
Epoch 394/750 - train 0.051045 - val 0.046308
Epoch 395/750 - train 0.051118 - val 0.046041
Epoch 396/750 - train 0.050983 - val 0.047165
Epoch 397/750 - train 0.050895 - val 0.046473
Epoch 398/750 - train 0.050969 - val 0.045862
Epoch 399/750 - train 0.050622 - val 0.046828
Epoch 400/750 - train 0.051035 - val 0.049337
Epoch 401/750 - train 0.050712 - val 0.045503
Epoch 402/750 - train 0.050803 - val 0.045789
Epoch 403/750 - train 0.050580 - val 0.045581
Epoch 404/750 - train 0.050919 - val 0.046481
Epoch 405/750 - train 0.051159 - val 0.045232
Epoch 406/750 - train 0.051108 - val 0.046138
Epoch 407/750 - train 0.050951 - val 0.046080
Epoch 408/750 - train 0.050725 - val 0.046376
Epoch 409/750 - train 0.050765 - val 0.045252
Epoch 410/750 - train 0.050917 - val 0.046175
Epoch 411/750 - train 0.050751 - val 0.046615
Epoch 412/750 - train 0.050870 - val 0.047541
Epoch 413/750 - train 0.050619 - val 0.045626
Epoch 414/750 - train 0.050487 - val 0.045971
Epoch 415/750 - train 0.050920 - val 0.046324
Epoch 416/750 - train 0.050887 - val 0.045847
Epoch 417/750 - train 0.050672 - val 0.044947
Epoch 418/750 - train 0.050503 - val 0.046077
Epoch 419/750 - train 0.050904 - val 0.047440
Epoch 420/750 - train 0.050961 - val 0.045980
Epoch 421/750 - train 0.050997 - val 0.047319
Epoch 422/750 - train 0.050610 - val 0.046189
Epoch 423/750 - train 0.050493 - val 0.045783
Epoch 424/750 - train 0.049987 - val 0.045664
Epoch 425/750 - train 0.050995 - val 0.047082
Epoch 426/750 - train 0.050318 - val 0.045907
Epoch 427/750 - train 0.050551 - val 0.045897
Epoch 428/750 - train 0.050329 - val 0.045209
Epoch 429/750 - train 0.050796 - val 0.045087
Epoch 430/750 - train 0.050368 - val 0.046095
Epoch 431/750 - train 0.050373 - val 0.047303
Epoch 432/750 - train 0.050392 - val 0.046925
Epoch 433/750 - train 0.050213 - val 0.045515
Epoch 434/750 - train 0.050646 - val 0.045470
Epoch 435/750 - train 0.051042 - val 0.046366
Epoch 436/750 - train 0.050739 - val 0.045753
Epoch 437/750 - train 0.050615 - val 0.045872
Epoch 438/750 - train 0.050568 - val 0.046811
Epoch 439/750 - train 0.050395 - val 0.047678
Epoch 440/750 - train 0.050221 - val 0.046705
Epoch 441/750 - train 0.050213 - val 0.045496
Epoch 442/750 - train 0.050226 - val 0.045805
Epoch 443/750 - train 0.050598 - val 0.045818
Epoch 444/750 - train 0.050388 - val 0.046225
Epoch 445/750 - train 0.050162 - val 0.044850
Epoch 446/750 - train 0.050526 - val 0.046356
Epoch 447/750 - train 0.049609 - val 0.045502
Epoch 448/750 - train 0.050256 - val 0.045688
Epoch 449/750 - train 0.050254 - val 0.050477
Epoch 450/750 - train 0.050377 - val 0.046071
Epoch 451/750 - train 0.050061 - val 0.046452
Epoch 452/750 - train 0.050249 - val 0.046120
Epoch 453/750 - train 0.050572 - val 0.047405
Epoch 454/750 - train 0.050477 - val 0.045266
Epoch 455/750 - train 0.050208 - val 0.046207
Epoch 456/750 - train 0.050354 - val 0.045735
Epoch 457/750 - train 0.049936 - val 0.045121
Epoch 458/750 - train 0.050127 - val 0.045109
Epoch 459/750 - train 0.050279 - val 0.045283
Epoch 460/750 - train 0.050293 - val 0.047502
Epoch 461/750 - train 0.050219 - val 0.048584
Epoch 462/750 - train 0.050218 - val 0.047087
Epoch 463/750 - train 0.050054 - val 0.046297
Epoch 464/750 - train 0.049889 - val 0.046366
Epoch 465/750 - train 0.050205 - val 0.045568
Epoch 466/750 - train 0.050414 - val 0.050703
Epoch 467/750 - train 0.050408 - val 0.046331
Epoch 468/750 - train 0.049717 - val 0.045610
Epoch 469/750 - train 0.049979 - val 0.045457
Epoch 470/750 - train 0.050240 - val 0.045520
Epoch 471/750 - train 0.049963 - val 0.046480
Epoch 472/750 - train 0.049669 - val 0.046359
Epoch 473/750 - train 0.049970 - val 0.045057
Epoch 474/750 - train 0.050284 - val 0.047882
Epoch 475/750 - train 0.049904 - val 0.046560
Epoch 476/750 - train 0.050263 - val 0.046638
Epoch 477/750 - train 0.049955 - val 0.046448
Epoch 478/750 - train 0.049838 - val 0.046754
Epoch 479/750 - train 0.050002 - val 0.046225
Epoch 480/750 - train 0.049785 - val 0.045816
Epoch 481/750 - train 0.049753 - val 0.046095
Epoch 482/750 - train 0.050224 - val 0.045403
Epoch 483/750 - train 0.050136 - val 0.045433
Epoch 484/750 - train 0.049660 - val 0.045985
Epoch 485/750 - train 0.050101 - val 0.047392
Epoch 486/750 - train 0.049968 - val 0.045737
Epoch 487/750 - train 0.049714 - val 0.046249
Epoch 488/750 - train 0.049891 - val 0.045957
Epoch 489/750 - train 0.050240 - val 0.046507
Epoch 490/750 - train 0.049788 - val 0.046406
Epoch 491/750 - train 0.049954 - val 0.046218
Epoch 492/750 - train 0.050026 - val 0.046021
Epoch 493/750 - train 0.049761 - val 0.045812
Epoch 494/750 - train 0.049510 - val 0.045964
Epoch 495/750 - train 0.049741 - val 0.045762
Epoch 496/750 - train 0.049935 - val 0.045676
Epoch 497/750 - train 0.049856 - val 0.046072
Epoch 498/750 - train 0.049608 - val 0.046391
Epoch 499/750 - train 0.049891 - val 0.045079
Epoch 500/750 - train 0.049845 - val 0.045831
Epoch 501/750 - train 0.049830 - val 0.046432
Epoch 502/750 - train 0.049488 - val 0.045376
Epoch 503/750 - train 0.049640 - val 0.045024
Epoch 504/750 - train 0.049610 - val 0.048207
Epoch 505/750 - train 0.050182 - val 0.045568
Epoch 506/750 - train 0.050032 - val 0.046861
Epoch 507/750 - train 0.049624 - val 0.046464
Epoch 508/750 - train 0.049566 - val 0.045265
Epoch 509/750 - train 0.049918 - val 0.046937
Epoch 510/750 - train 0.049653 - val 0.047152
Epoch 511/750 - train 0.049655 - val 0.046153
Epoch 512/750 - train 0.049827 - val 0.045319
Epoch 513/750 - train 0.049940 - val 0.047624
Epoch 514/750 - train 0.049154 - val 0.045597
Epoch 515/750 - train 0.049508 - val 0.046043
Epoch 516/750 - train 0.049479 - val 0.046252
Epoch 517/750 - train 0.049521 - val 0.046434
Epoch 518/750 - train 0.049625 - val 0.046956
Epoch 519/750 - train 0.049869 - val 0.046026
Epoch 520/750 - train 0.049092 - val 0.045880
Epoch 521/750 - train 0.049479 - val 0.046604
Epoch 522/750 - train 0.049848 - val 0.046487
Epoch 523/750 - train 0.049501 - val 0.047184
Epoch 524/750 - train 0.049733 - val 0.046801
Epoch 525/750 - train 0.049308 - val 0.046638
Epoch 526/750 - train 0.049362 - val 0.046005
Epoch 527/750 - train 0.049393 - val 0.047776
Epoch 528/750 - train 0.049556 - val 0.045439
Epoch 529/750 - train 0.050033 - val 0.046115
Epoch 530/750 - train 0.049407 - val 0.046551
Epoch 531/750 - train 0.049568 - val 0.045836
Epoch 532/750 - train 0.049301 - val 0.045994
Epoch 533/750 - train 0.049593 - val 0.045914
Epoch 534/750 - train 0.049225 - val 0.045952
Epoch 535/750 - train 0.049416 - val 0.045362
Epoch 536/750 - train 0.049508 - val 0.046993
Epoch 537/750 - train 0.049303 - val 0.047287
Epoch 538/750 - train 0.049320 - val 0.045817
Epoch 539/750 - train 0.049460 - val 0.045775
Epoch 540/750 - train 0.049439 - val 0.045622
Epoch 541/750 - train 0.049390 - val 0.045526
Epoch 542/750 - train 0.049405 - val 0.045683
Epoch 543/750 - train 0.049144 - val 0.045626
Epoch 544/750 - train 0.049508 - val 0.045634
Epoch 545/750 - train 0.049546 - val 0.047081
Epoch 546/750 - train 0.049749 - val 0.046142
Epoch 547/750 - train 0.049623 - val 0.046402
Epoch 548/750 - train 0.049296 - val 0.046368
Epoch 549/750 - train 0.049542 - val 0.046831
Epoch 550/750 - train 0.049561 - val 0.045521
Epoch 551/750 - train 0.049376 - val 0.045931
Epoch 552/750 - train 0.049111 - val 0.046815
Epoch 553/750 - train 0.049113 - val 0.048873
Epoch 554/750 - train 0.049540 - val 0.045600
Epoch 555/750 - train 0.049394 - val 0.047478
Epoch 556/750 - train 0.049360 - val 0.045198
Epoch 557/750 - train 0.049212 - val 0.045876
Epoch 558/750 - train 0.049098 - val 0.047883
Epoch 559/750 - train 0.049626 - val 0.045033
Epoch 560/750 - train 0.049192 - val 0.045980
Epoch 561/750 - train 0.049135 - val 0.046580
Epoch 562/750 - train 0.049279 - val 0.047309
Epoch 563/750 - train 0.049569 - val 0.045474
Epoch 564/750 - train 0.049403 - val 0.044737
Epoch 565/750 - train 0.049244 - val 0.046222
Epoch 566/750 - train 0.048930 - val 0.045633
Epoch 567/750 - train 0.048979 - val 0.046080
Epoch 568/750 - train 0.049033 - val 0.045569
Epoch 569/750 - train 0.049278 - val 0.047464
Epoch 570/750 - train 0.049198 - val 0.046490
Epoch 571/750 - train 0.049053 - val 0.047232
Epoch 572/750 - train 0.049399 - val 0.045238
Epoch 573/750 - train 0.048932 - val 0.046290
Epoch 574/750 - train 0.049186 - val 0.045336
Epoch 575/750 - train 0.049284 - val 0.046696
Epoch 576/750 - train 0.049045 - val 0.046259
Epoch 577/750 - train 0.049459 - val 0.047119
Epoch 578/750 - train 0.048707 - val 0.045187
Epoch 579/750 - train 0.049372 - val 0.045833
Epoch 580/750 - train 0.048898 - val 0.047642
Epoch 581/750 - train 0.048928 - val 0.045626
Epoch 582/750 - train 0.049403 - val 0.045841
Epoch 583/750 - train 0.048980 - val 0.046508
Epoch 584/750 - train 0.049034 - val 0.046113
Epoch 585/750 - train 0.049031 - val 0.046087
Epoch 586/750 - train 0.048885 - val 0.046061
Epoch 587/750 - train 0.049563 - val 0.046348
Epoch 588/750 - train 0.048815 - val 0.045989
Epoch 589/750 - train 0.049069 - val 0.045574
Epoch 590/750 - train 0.048805 - val 0.045598
Epoch 591/750 - train 0.049221 - val 0.048935
Epoch 592/750 - train 0.049078 - val 0.045790
Epoch 593/750 - train 0.049043 - val 0.045011
Epoch 594/750 - train 0.049016 - val 0.045652
Epoch 595/750 - train 0.048778 - val 0.048364
Epoch 596/750 - train 0.048774 - val 0.046207
Epoch 597/750 - train 0.048759 - val 0.045270
Epoch 598/750 - train 0.048971 - val 0.046931
Epoch 599/750 - train 0.048871 - val 0.045825
Epoch 600/750 - train 0.048901 - val 0.046796
Epoch 601/750 - train 0.049133 - val 0.047306
Epoch 602/750 - train 0.049185 - val 0.045076
Epoch 603/750 - train 0.048775 - val 0.045535
Epoch 604/750 - train 0.048683 - val 0.046021
Epoch 605/750 - train 0.049020 - val 0.045343
Epoch 606/750 - train 0.048795 - val 0.046086
Epoch 607/750 - train 0.048655 - val 0.045912
Epoch 608/750 - train 0.049449 - val 0.045525
Epoch 609/750 - train 0.048713 - val 0.045449
Epoch 610/750 - train 0.049064 - val 0.045874
Epoch 611/750 - train 0.048697 - val 0.046688
Epoch 612/750 - train 0.048898 - val 0.045985
Epoch 613/750 - train 0.048683 - val 0.045437
Epoch 614/750 - train 0.049036 - val 0.045553
Epoch 615/750 - train 0.048987 - val 0.045703
Epoch 616/750 - train 0.048841 - val 0.046411
Epoch 617/750 - train 0.048806 - val 0.046658
Epoch 618/750 - train 0.049017 - val 0.045691
Epoch 619/750 - train 0.048999 - val 0.046057
Epoch 620/750 - train 0.048756 - val 0.047588
Epoch 621/750 - train 0.048851 - val 0.045394
Epoch 622/750 - train 0.048349 - val 0.046291
Epoch 623/750 - train 0.048829 - val 0.045710
Epoch 624/750 - train 0.048788 - val 0.045658
Epoch 625/750 - train 0.048872 - val 0.046159
Epoch 626/750 - train 0.048632 - val 0.045767
Epoch 627/750 - train 0.048852 - val 0.048099
Epoch 628/750 - train 0.048664 - val 0.045771
Epoch 629/750 - train 0.048840 - val 0.046088
Epoch 630/750 - train 0.048495 - val 0.047881
Epoch 631/750 - train 0.048750 - val 0.046158
Epoch 632/750 - train 0.048700 - val 0.046669
Epoch 633/750 - train 0.048808 - val 0.047099
Epoch 634/750 - train 0.048940 - val 0.045611
Epoch 635/750 - train 0.048101 - val 0.045721
Epoch 636/750 - train 0.048346 - val 0.045642
Epoch 637/750 - train 0.048839 - val 0.049268
Epoch 638/750 - train 0.048734 - val 0.046778
Epoch 639/750 - train 0.048782 - val 0.045834
Epoch 640/750 - train 0.048697 - val 0.047060
Epoch 641/750 - train 0.048796 - val 0.045941
Epoch 642/750 - train 0.048667 - val 0.046343
Epoch 643/750 - train 0.048511 - val 0.045235
Epoch 644/750 - train 0.048985 - val 0.047281
Epoch 645/750 - train 0.048508 - val 0.046309
Epoch 646/750 - train 0.048474 - val 0.046015
Epoch 647/750 - train 0.049057 - val 0.047461
Epoch 648/750 - train 0.048933 - val 0.045674
Epoch 649/750 - train 0.048771 - val 0.045732
Epoch 650/750 - train 0.048608 - val 0.045476
Epoch 651/750 - train 0.048469 - val 0.046061
Epoch 652/750 - train 0.048512 - val 0.046150
Epoch 653/750 - train 0.048088 - val 0.045727
Epoch 654/750 - train 0.048670 - val 0.045661
Epoch 655/750 - train 0.048279 - val 0.047759
Epoch 656/750 - train 0.048871 - val 0.045768
Epoch 657/750 - train 0.048556 - val 0.045706
Epoch 658/750 - train 0.048162 - val 0.045768
Epoch 659/750 - train 0.048309 - val 0.046783
Epoch 660/750 - train 0.048703 - val 0.045923
Epoch 661/750 - train 0.048664 - val 0.045293
Epoch 662/750 - train 0.048346 - val 0.046149
Epoch 663/750 - train 0.048548 - val 0.047184
Epoch 664/750 - train 0.048566 - val 0.046112
Epoch 665/750 - train 0.048497 - val 0.045702
Epoch 666/750 - train 0.048219 - val 0.045800
Epoch 667/750 - train 0.048247 - val 0.046023
Epoch 668/750 - train 0.048212 - val 0.045285
Epoch 669/750 - train 0.048318 - val 0.045303
Epoch 670/750 - train 0.048529 - val 0.046160
Epoch 671/750 - train 0.048256 - val 0.046098
Epoch 672/750 - train 0.048365 - val 0.047949
Epoch 673/750 - train 0.048358 - val 0.046221
Epoch 674/750 - train 0.048502 - val 0.047023
Epoch 675/750 - train 0.048660 - val 0.046361
Epoch 676/750 - train 0.048367 - val 0.045337
Epoch 677/750 - train 0.048454 - val 0.045503
Epoch 678/750 - train 0.048136 - val 0.045922
Epoch 679/750 - train 0.048115 - val 0.046063
Epoch 680/750 - train 0.048609 - val 0.045292
Epoch 681/750 - train 0.048537 - val 0.045678
Epoch 682/750 - train 0.048325 - val 0.048004
Epoch 683/750 - train 0.048367 - val 0.045552
Epoch 684/750 - train 0.048607 - val 0.046849
Epoch 685/750 - train 0.048074 - val 0.045680
Epoch 686/750 - train 0.048490 - val 0.046686
Epoch 687/750 - train 0.048249 - val 0.045868
Epoch 688/750 - train 0.048341 - val 0.045584
Epoch 689/750 - train 0.048435 - val 0.045414
Epoch 690/750 - train 0.048491 - val 0.045389
Epoch 691/750 - train 0.048234 - val 0.045705
Epoch 692/750 - train 0.048505 - val 0.046387
Epoch 693/750 - train 0.048219 - val 0.046845
Epoch 694/750 - train 0.048138 - val 0.046522
Epoch 695/750 - train 0.048026 - val 0.045350
Epoch 696/750 - train 0.048137 - val 0.045065
Epoch 697/750 - train 0.048375 - val 0.046583
Epoch 698/750 - train 0.048145 - val 0.046407
Epoch 699/750 - train 0.047921 - val 0.045472
Epoch 700/750 - train 0.048217 - val 0.045998
Epoch 701/750 - train 0.048191 - val 0.045398
Epoch 702/750 - train 0.048359 - val 0.046499
Epoch 703/750 - train 0.048536 - val 0.045887
Epoch 704/750 - train 0.047881 - val 0.045492
Epoch 705/750 - train 0.048383 - val 0.046939
Epoch 706/750 - train 0.048219 - val 0.046309
Epoch 707/750 - train 0.047925 - val 0.045937
Epoch 708/750 - train 0.048184 - val 0.046420
Epoch 709/750 - train 0.048363 - val 0.047051
Epoch 710/750 - train 0.048245 - val 0.046549
Epoch 711/750 - train 0.048072 - val 0.045343
Epoch 712/750 - train 0.048121 - val 0.045444
Epoch 713/750 - train 0.048177 - val 0.045876
Epoch 714/750 - train 0.048234 - val 0.046325
Epoch 715/750 - train 0.048109 - val 0.045286
Epoch 716/750 - train 0.048025 - val 0.046881
Epoch 717/750 - train 0.048204 - val 0.045677
Epoch 718/750 - train 0.048294 - val 0.047195
Epoch 719/750 - train 0.048061 - val 0.046162
Epoch 720/750 - train 0.048112 - val 0.046628
Epoch 721/750 - train 0.048080 - val 0.045663
Epoch 722/750 - train 0.047778 - val 0.045844
Epoch 723/750 - train 0.048365 - val 0.049169
Epoch 724/750 - train 0.048237 - val 0.045648
Epoch 725/750 - train 0.048116 - val 0.045895
Epoch 726/750 - train 0.048116 - val 0.046654
Epoch 727/750 - train 0.047912 - val 0.045065
Epoch 728/750 - train 0.048213 - val 0.045219
Epoch 729/750 - train 0.047928 - val 0.045493
Epoch 730/750 - train 0.047676 - val 0.045605
Epoch 731/750 - train 0.048253 - val 0.045281
Epoch 732/750 - train 0.047887 - val 0.046476
Epoch 733/750 - train 0.048442 - val 0.045704
Epoch 734/750 - train 0.048351 - val 0.047864
Epoch 735/750 - train 0.047874 - val 0.048708
Epoch 736/750 - train 0.047862 - val 0.046387
Epoch 737/750 - train 0.048033 - val 0.045107
Epoch 738/750 - train 0.048540 - val 0.047835
Epoch 739/750 - train 0.047936 - val 0.045436
Epoch 740/750 - train 0.048143 - val 0.046196
Epoch 741/750 - train 0.048043 - val 0.045527
Epoch 742/750 - train 0.047747 - val 0.045517
Epoch 743/750 - train 0.048169 - val 0.045220
Epoch 744/750 - train 0.047897 - val 0.045579
Epoch 745/750 - train 0.048112 - val 0.045155
Epoch 746/750 - train 0.048240 - val 0.046217
Epoch 747/750 - train 0.047891 - val 0.045389
Epoch 748/750 - train 0.047916 - val 0.045392
Epoch 749/750 - train 0.047948 - val 0.046408
Epoch 750/750 - train 0.047485 - val 0.044602
Saved model to /scratch/network/ak9088/NASA-RL-Wavefront-Control/RL/jobs/20251231_001040/exp-fc1-zscore-ep750-bs256-lr1e-3-s42-h64-images-mc0-do0.1/fc1_best.pth
