y: [[-1.3895126e-01 -1.5658002e-01  1.6532339e-01 ... -2.2239314e-02
  -4.3453347e-02  4.3984025e-07]
 [ 1.2751625e-01 -7.1113087e-02  5.0607270e-01 ... -4.7732801e-03
  -2.4430084e-03  3.4758642e-07]
 [-9.0724222e-02  6.8425107e-01 -2.4007499e-01 ...  1.1033024e-02
  -5.3200603e-02  5.6608258e-07]
 ...
 [ 3.5954943e-01  8.5624568e-02  2.0162067e-01 ... -2.3929510e-01
  -1.3681347e-02  5.6884181e-07]
 [-2.1985236e-03 -3.1457874e-01  3.0301398e-01 ... -2.6388319e-02
   3.6201820e-02  5.0103807e-07]
 [-1.4182192e-02  3.2343617e-01  4.8834273e-01 ...  1.4884641e-02
  -1.8656050e-01  4.3761298e-07]]
Dataset loaded: N=100000 (original 100000), C=3, H=28, W=28, y_dim=26
using device: cpu
Epoch 1/1500 - train 0.588958 - val 0.432609
Epoch 2/1500 - train 0.445774 - val 0.383373
Epoch 3/1500 - train 0.407192 - val 0.363165
Epoch 4/1500 - train 0.388071 - val 0.350213
Epoch 5/1500 - train 0.375140 - val 0.340405
Epoch 6/1500 - train 0.366844 - val 0.337633
Epoch 7/1500 - train 0.360442 - val 0.329289
Epoch 8/1500 - train 0.355574 - val 0.334778
Epoch 9/1500 - train 0.351623 - val 0.324397
Epoch 10/1500 - train 0.347025 - val 0.324953
Epoch 11/1500 - train 0.344537 - val 0.316260
Epoch 12/1500 - train 0.341247 - val 0.324903
Epoch 13/1500 - train 0.340230 - val 0.317629
Epoch 14/1500 - train 0.339029 - val 0.312742
Epoch 15/1500 - train 0.335001 - val 0.309622
Epoch 16/1500 - train 0.332628 - val 0.307270
Epoch 17/1500 - train 0.331373 - val 0.306665
Epoch 18/1500 - train 0.329063 - val 0.308604
Epoch 19/1500 - train 0.328214 - val 0.305388
Epoch 20/1500 - train 0.327067 - val 0.302323
Epoch 21/1500 - train 0.325001 - val 0.305470
Epoch 22/1500 - train 0.325244 - val 0.300787
Epoch 23/1500 - train 0.322636 - val 0.296885
Epoch 24/1500 - train 0.321143 - val 0.298213
Epoch 25/1500 - train 0.321602 - val 0.298728
Epoch 26/1500 - train 0.320249 - val 0.297869
Epoch 27/1500 - train 0.318846 - val 0.297162
Epoch 28/1500 - train 0.318322 - val 0.293482
Epoch 29/1500 - train 0.317024 - val 0.296096
Epoch 30/1500 - train 0.315954 - val 0.293523
Epoch 31/1500 - train 0.315773 - val 0.294546
Epoch 32/1500 - train 0.314793 - val 0.291005
Epoch 33/1500 - train 0.314195 - val 0.288895
Epoch 34/1500 - train 0.312767 - val 0.290464
Epoch 35/1500 - train 0.312732 - val 0.291667
Epoch 36/1500 - train 0.311735 - val 0.292311
Epoch 37/1500 - train 0.311331 - val 0.290959
Epoch 38/1500 - train 0.311136 - val 0.288312
Epoch 39/1500 - train 0.310664 - val 0.285435
Epoch 40/1500 - train 0.308940 - val 0.288619
Epoch 41/1500 - train 0.309373 - val 0.288140
Epoch 42/1500 - train 0.308373 - val 0.285004
Epoch 43/1500 - train 0.307265 - val 0.285962
Epoch 44/1500 - train 0.307405 - val 0.286324
Epoch 45/1500 - train 0.306846 - val 0.292294
Epoch 46/1500 - train 0.308438 - val 0.284526
Epoch 47/1500 - train 0.305771 - val 0.283512
Epoch 48/1500 - train 0.305053 - val 0.285100
Epoch 49/1500 - train 0.305704 - val 0.285139
Epoch 50/1500 - train 0.305587 - val 0.283642
Epoch 51/1500 - train 0.304309 - val 0.285064
Epoch 52/1500 - train 0.304256 - val 0.286331
Epoch 53/1500 - train 0.304556 - val 0.287746
Epoch 54/1500 - train 0.304771 - val 0.282534
Epoch 55/1500 - train 0.302743 - val 0.280266
Epoch 56/1500 - train 0.302356 - val 0.280334
Epoch 57/1500 - train 0.301706 - val 0.278998
Epoch 58/1500 - train 0.301272 - val 0.280753
Epoch 59/1500 - train 0.302191 - val 0.280098
Epoch 60/1500 - train 0.300979 - val 0.283007
Epoch 61/1500 - train 0.301262 - val 0.283384
Epoch 62/1500 - train 0.300899 - val 0.280373
Epoch 63/1500 - train 0.299969 - val 0.280588
Epoch 64/1500 - train 0.299772 - val 0.277906
Epoch 65/1500 - train 0.299443 - val 0.278590
Epoch 66/1500 - train 0.299345 - val 0.281427
Epoch 67/1500 - train 0.299718 - val 0.279144
Epoch 68/1500 - train 0.299100 - val 0.277842
Epoch 69/1500 - train 0.298064 - val 0.278135
Epoch 70/1500 - train 0.297731 - val 0.276539
Epoch 71/1500 - train 0.297307 - val 0.277340
Epoch 72/1500 - train 0.297731 - val 0.275666
Epoch 73/1500 - train 0.296928 - val 0.275875
Epoch 74/1500 - train 0.296936 - val 0.278830
Epoch 75/1500 - train 0.297730 - val 0.276438
Epoch 76/1500 - train 0.297013 - val 0.275016
Epoch 77/1500 - train 0.296156 - val 0.273984
Epoch 78/1500 - train 0.296297 - val 0.277889
Epoch 79/1500 - train 0.296546 - val 0.275761
Epoch 80/1500 - train 0.295366 - val 0.281408
Epoch 81/1500 - train 0.296413 - val 0.274767
Epoch 82/1500 - train 0.294970 - val 0.273301
Epoch 83/1500 - train 0.294496 - val 0.274668
Epoch 84/1500 - train 0.294438 - val 0.273358
Epoch 85/1500 - train 0.294037 - val 0.274565
Epoch 86/1500 - train 0.294660 - val 0.272838
Epoch 87/1500 - train 0.293330 - val 0.273882
Epoch 88/1500 - train 0.294027 - val 0.274006
Epoch 89/1500 - train 0.293907 - val 0.279116
Epoch 90/1500 - train 0.294184 - val 0.271496
Epoch 91/1500 - train 0.292724 - val 0.274287
Epoch 92/1500 - train 0.293130 - val 0.275229
Epoch 93/1500 - train 0.292833 - val 0.273519
Epoch 94/1500 - train 0.293081 - val 0.272356
Epoch 95/1500 - train 0.292448 - val 0.272818
Epoch 96/1500 - train 0.292278 - val 0.272048
Epoch 97/1500 - train 0.292305 - val 0.275757
Epoch 98/1500 - train 0.292374 - val 0.275694
Epoch 99/1500 - train 0.292626 - val 0.272584
Epoch 100/1500 - train 0.292121 - val 0.270110
Epoch 101/1500 - train 0.291503 - val 0.273939
Epoch 102/1500 - train 0.291431 - val 0.270507
Epoch 103/1500 - train 0.290787 - val 0.271997
Epoch 104/1500 - train 0.291007 - val 0.272036
Epoch 105/1500 - train 0.291200 - val 0.270774
Epoch 106/1500 - train 0.290255 - val 0.269817
Epoch 107/1500 - train 0.290174 - val 0.270551
Epoch 108/1500 - train 0.290355 - val 0.270087
Epoch 109/1500 - train 0.289885 - val 0.269665
Epoch 110/1500 - train 0.289874 - val 0.268925
Epoch 111/1500 - train 0.289601 - val 0.278044
Epoch 112/1500 - train 0.290882 - val 0.269106
Epoch 113/1500 - train 0.289135 - val 0.267939
Epoch 114/1500 - train 0.288655 - val 0.267265
Epoch 115/1500 - train 0.288412 - val 0.268862
Epoch 116/1500 - train 0.289073 - val 0.269819
Epoch 117/1500 - train 0.289274 - val 0.268557
Epoch 118/1500 - train 0.288876 - val 0.269857
Epoch 119/1500 - train 0.288050 - val 0.271982
Epoch 120/1500 - train 0.288602 - val 0.275067
Epoch 121/1500 - train 0.288433 - val 0.267870
Epoch 122/1500 - train 0.287714 - val 0.267693
Epoch 123/1500 - train 0.287332 - val 0.270670
Epoch 124/1500 - train 0.288218 - val 0.266598
Epoch 125/1500 - train 0.287788 - val 0.268048
Epoch 126/1500 - train 0.287212 - val 0.272426
Epoch 127/1500 - train 0.287855 - val 0.267999
Epoch 128/1500 - train 0.287515 - val 0.267346
Epoch 129/1500 - train 0.286320 - val 0.269436
Epoch 130/1500 - train 0.287009 - val 0.269483
Epoch 131/1500 - train 0.286607 - val 0.264765
Epoch 132/1500 - train 0.285698 - val 0.267675
Epoch 133/1500 - train 0.286551 - val 0.265908
Epoch 134/1500 - train 0.285730 - val 0.266252
Epoch 135/1500 - train 0.285536 - val 0.265882
Epoch 136/1500 - train 0.285628 - val 0.266374
Epoch 137/1500 - train 0.285601 - val 0.265787
Epoch 138/1500 - train 0.285333 - val 0.265280
Epoch 139/1500 - train 0.285056 - val 0.264552
Epoch 140/1500 - train 0.284778 - val 0.266289
Epoch 141/1500 - train 0.285192 - val 0.266336
Epoch 142/1500 - train 0.284801 - val 0.263655
Epoch 143/1500 - train 0.284438 - val 0.266158
Epoch 144/1500 - train 0.284207 - val 0.265498
Epoch 145/1500 - train 0.284003 - val 0.272311
Epoch 146/1500 - train 0.286882 - val 0.267884
Epoch 147/1500 - train 0.285017 - val 0.263160
Epoch 148/1500 - train 0.283744 - val 0.263509
Epoch 149/1500 - train 0.283221 - val 0.264045
Epoch 150/1500 - train 0.283816 - val 0.264266
Epoch 151/1500 - train 0.282924 - val 0.262239
Epoch 152/1500 - train 0.283315 - val 0.265323
Epoch 153/1500 - train 0.283899 - val 0.263601
Epoch 154/1500 - train 0.283634 - val 0.263159
Epoch 155/1500 - train 0.282910 - val 0.264202
Epoch 156/1500 - train 0.283206 - val 0.263032
Epoch 157/1500 - train 0.282669 - val 0.267547
Epoch 158/1500 - train 0.284182 - val 0.263560
Epoch 159/1500 - train 0.283110 - val 0.262470
Epoch 160/1500 - train 0.282144 - val 0.261003
Epoch 161/1500 - train 0.282366 - val 0.263071
Epoch 162/1500 - train 0.282665 - val 0.262994
Epoch 163/1500 - train 0.282643 - val 0.265925
Epoch 164/1500 - train 0.282721 - val 0.263501
Epoch 165/1500 - train 0.282262 - val 0.262838
Epoch 166/1500 - train 0.282293 - val 0.262099
Epoch 167/1500 - train 0.281410 - val 0.259964
Epoch 168/1500 - train 0.281006 - val 0.260758
Epoch 169/1500 - train 0.282222 - val 0.262584
Epoch 170/1500 - train 0.281564 - val 0.259922
Epoch 171/1500 - train 0.280818 - val 0.260759
Epoch 172/1500 - train 0.280836 - val 0.260171
Epoch 173/1500 - train 0.280697 - val 0.262513
Epoch 174/1500 - train 0.281453 - val 0.262571
Epoch 175/1500 - train 0.281178 - val 0.263167
Epoch 176/1500 - train 0.281044 - val 0.260958
Epoch 177/1500 - train 0.280891 - val 0.261435
Epoch 178/1500 - train 0.280496 - val 0.260973
Epoch 179/1500 - train 0.279616 - val 0.265098
Epoch 180/1500 - train 0.280934 - val 0.259752
Epoch 181/1500 - train 0.279593 - val 0.263538
Epoch 182/1500 - train 0.280239 - val 0.262267
Epoch 183/1500 - train 0.280434 - val 0.260993
Epoch 184/1500 - train 0.279951 - val 0.259264
Epoch 185/1500 - train 0.280215 - val 0.262867
Epoch 186/1500 - train 0.281926 - val 0.258741
Epoch 187/1500 - train 0.279918 - val 0.258205
Epoch 188/1500 - train 0.279369 - val 0.260392
Epoch 189/1500 - train 0.279125 - val 0.258515
Epoch 190/1500 - train 0.278945 - val 0.261106
Epoch 191/1500 - train 0.279045 - val 0.261262
Epoch 192/1500 - train 0.279452 - val 0.258915
Epoch 193/1500 - train 0.279264 - val 0.258527
Epoch 194/1500 - train 0.278543 - val 0.257030
Epoch 195/1500 - train 0.278106 - val 0.259419
Epoch 196/1500 - train 0.278739 - val 0.258121
Epoch 197/1500 - train 0.278313 - val 0.258020
Epoch 198/1500 - train 0.278306 - val 0.258044
Epoch 199/1500 - train 0.277969 - val 0.260519
Epoch 200/1500 - train 0.278205 - val 0.260952
Epoch 201/1500 - train 0.277903 - val 0.258050
Epoch 202/1500 - train 0.277640 - val 0.261027
Epoch 203/1500 - train 0.278543 - val 0.259049
Epoch 204/1500 - train 0.277663 - val 0.257204
Epoch 205/1500 - train 0.277379 - val 0.258397
Epoch 206/1500 - train 0.277888 - val 0.261053
Epoch 207/1500 - train 0.278116 - val 0.257206
Epoch 208/1500 - train 0.277479 - val 0.261744
Epoch 209/1500 - train 0.277695 - val 0.257621
Epoch 210/1500 - train 0.277328 - val 0.256594
Epoch 211/1500 - train 0.277589 - val 0.257876
Epoch 212/1500 - train 0.276948 - val 0.256289
Epoch 213/1500 - train 0.276527 - val 0.258161
Epoch 214/1500 - train 0.276788 - val 0.257946
Epoch 215/1500 - train 0.276877 - val 0.256708
Epoch 216/1500 - train 0.276664 - val 0.256411
Epoch 217/1500 - train 0.276778 - val 0.257529
Epoch 218/1500 - train 0.276932 - val 0.255565
Epoch 219/1500 - train 0.276040 - val 0.256029
Epoch 220/1500 - train 0.275986 - val 0.255630
Epoch 221/1500 - train 0.276233 - val 0.259728
Epoch 222/1500 - train 0.276271 - val 0.255575
Epoch 223/1500 - train 0.275744 - val 0.255549
Epoch 224/1500 - train 0.275673 - val 0.257236
Epoch 225/1500 - train 0.276100 - val 0.257310
Epoch 226/1500 - train 0.275659 - val 0.256477
Epoch 227/1500 - train 0.275846 - val 0.254080
Epoch 228/1500 - train 0.275573 - val 0.255962
Epoch 229/1500 - train 0.275445 - val 0.257043
Epoch 230/1500 - train 0.275844 - val 0.254068
Epoch 231/1500 - train 0.275331 - val 0.255353
Epoch 232/1500 - train 0.274977 - val 0.254843
Epoch 233/1500 - train 0.275264 - val 0.256468
Epoch 234/1500 - train 0.274746 - val 0.254977
Epoch 235/1500 - train 0.274725 - val 0.256479
Epoch 236/1500 - train 0.274848 - val 0.256620
Epoch 237/1500 - train 0.274916 - val 0.256055
Epoch 238/1500 - train 0.274214 - val 0.255724
Epoch 239/1500 - train 0.274960 - val 0.253506
Epoch 240/1500 - train 0.275172 - val 0.253548
Epoch 241/1500 - train 0.274179 - val 0.257174
Epoch 242/1500 - train 0.274829 - val 0.261814
Epoch 243/1500 - train 0.275659 - val 0.253094
Epoch 244/1500 - train 0.273994 - val 0.252745
Epoch 245/1500 - train 0.274079 - val 0.254473
Epoch 246/1500 - train 0.274275 - val 0.254470
Epoch 247/1500 - train 0.274145 - val 0.252709
Epoch 248/1500 - train 0.273356 - val 0.252614
Epoch 249/1500 - train 0.273556 - val 0.253971
Epoch 250/1500 - train 0.273323 - val 0.253911
Epoch 251/1500 - train 0.273717 - val 0.253150
Epoch 252/1500 - train 0.273209 - val 0.254067
Epoch 253/1500 - train 0.273654 - val 0.254077
Epoch 254/1500 - train 0.273520 - val 0.256406
Epoch 255/1500 - train 0.273564 - val 0.252899
Epoch 256/1500 - train 0.273800 - val 0.252951
Epoch 257/1500 - train 0.272975 - val 0.255720
Epoch 258/1500 - train 0.272868 - val 0.252609
Epoch 259/1500 - train 0.273665 - val 0.255605
Epoch 260/1500 - train 0.272666 - val 0.253445
Epoch 261/1500 - train 0.272368 - val 0.251300
Epoch 262/1500 - train 0.272478 - val 0.254166
Epoch 263/1500 - train 0.272807 - val 0.251483
Epoch 264/1500 - train 0.272748 - val 0.252345
Epoch 265/1500 - train 0.272541 - val 0.250803
Epoch 266/1500 - train 0.271748 - val 0.250892
Epoch 267/1500 - train 0.271768 - val 0.255756
Epoch 268/1500 - train 0.271841 - val 0.253256
Epoch 269/1500 - train 0.272553 - val 0.250162
Epoch 270/1500 - train 0.272051 - val 0.251004
Epoch 271/1500 - train 0.271714 - val 0.252071
Epoch 272/1500 - train 0.271490 - val 0.252607
Epoch 273/1500 - train 0.271769 - val 0.251480
Epoch 274/1500 - train 0.271840 - val 0.257604
Epoch 275/1500 - train 0.274399 - val 0.253334
Epoch 276/1500 - train 0.271334 - val 0.251728
Epoch 277/1500 - train 0.271605 - val 0.251359
Epoch 278/1500 - train 0.271667 - val 0.252270
Epoch 279/1500 - train 0.271747 - val 0.250133
Epoch 280/1500 - train 0.271197 - val 0.253815
Epoch 281/1500 - train 0.272997 - val 0.249700
Epoch 282/1500 - train 0.271562 - val 0.253753
Epoch 283/1500 - train 0.271501 - val 0.250524
Epoch 284/1500 - train 0.271315 - val 0.250745
Epoch 285/1500 - train 0.270443 - val 0.251921
Epoch 286/1500 - train 0.270849 - val 0.249986
Epoch 287/1500 - train 0.270619 - val 0.251159
Epoch 288/1500 - train 0.270670 - val 0.248883
Epoch 289/1500 - train 0.269642 - val 0.250934
Epoch 290/1500 - train 0.271136 - val 0.249657
Epoch 291/1500 - train 0.270062 - val 0.253937
Epoch 292/1500 - train 0.271137 - val 0.251015
Epoch 293/1500 - train 0.270543 - val 0.252271
Epoch 294/1500 - train 0.270853 - val 0.251610
Epoch 295/1500 - train 0.269894 - val 0.252252
Epoch 296/1500 - train 0.271116 - val 0.249409
Epoch 297/1500 - train 0.269977 - val 0.251817
Epoch 298/1500 - train 0.270758 - val 0.250165
Epoch 299/1500 - train 0.270067 - val 0.250315
Epoch 300/1500 - train 0.270209 - val 0.247513
Epoch 301/1500 - train 0.269103 - val 0.251335
Epoch 302/1500 - train 0.270591 - val 0.253538
Epoch 303/1500 - train 0.270114 - val 0.250477
Epoch 304/1500 - train 0.269631 - val 0.249064
Epoch 305/1500 - train 0.269402 - val 0.248706
Epoch 306/1500 - train 0.269351 - val 0.253580
Epoch 307/1500 - train 0.269762 - val 0.250697
Epoch 308/1500 - train 0.270084 - val 0.250474
Epoch 309/1500 - train 0.268986 - val 0.249207
Epoch 310/1500 - train 0.269086 - val 0.249106
Epoch 311/1500 - train 0.268746 - val 0.249819
Epoch 312/1500 - train 0.269058 - val 0.251273
Epoch 313/1500 - train 0.269986 - val 0.250268
Epoch 314/1500 - train 0.269422 - val 0.248464
Epoch 315/1500 - train 0.269023 - val 0.250004
Epoch 316/1500 - train 0.269421 - val 0.250220
Epoch 317/1500 - train 0.268700 - val 0.250128
Epoch 318/1500 - train 0.269129 - val 0.249077
Epoch 319/1500 - train 0.268648 - val 0.247477
Epoch 320/1500 - train 0.268018 - val 0.249829
Epoch 321/1500 - train 0.269029 - val 0.248681
Epoch 322/1500 - train 0.268502 - val 0.248488
Epoch 323/1500 - train 0.268278 - val 0.248596
Epoch 324/1500 - train 0.268886 - val 0.250800
Epoch 325/1500 - train 0.268479 - val 0.250258
Epoch 326/1500 - train 0.268621 - val 0.254295
Epoch 327/1500 - train 0.269598 - val 0.247625
Epoch 328/1500 - train 0.268214 - val 0.247505
Epoch 329/1500 - train 0.267596 - val 0.248868
Epoch 330/1500 - train 0.268379 - val 0.250797
Epoch 331/1500 - train 0.268406 - val 0.249387
Epoch 332/1500 - train 0.267622 - val 0.247546
Epoch 333/1500 - train 0.267879 - val 0.249601
Epoch 334/1500 - train 0.267786 - val 0.252474
Epoch 335/1500 - train 0.268918 - val 0.248193
Epoch 336/1500 - train 0.267567 - val 0.247380
Epoch 337/1500 - train 0.267972 - val 0.247998
Epoch 338/1500 - train 0.267968 - val 0.249086
Epoch 339/1500 - train 0.267683 - val 0.247195
Epoch 340/1500 - train 0.267260 - val 0.247424
Epoch 341/1500 - train 0.267201 - val 0.248727
Epoch 342/1500 - train 0.267806 - val 0.248665
Epoch 343/1500 - train 0.267760 - val 0.250757
Epoch 344/1500 - train 0.267561 - val 0.250244
Epoch 345/1500 - train 0.267918 - val 0.245974
Epoch 346/1500 - train 0.266877 - val 0.247547
Epoch 347/1500 - train 0.267357 - val 0.245480
Epoch 348/1500 - train 0.266667 - val 0.246005
Epoch 349/1500 - train 0.266789 - val 0.248326
Epoch 350/1500 - train 0.266582 - val 0.248235
Epoch 351/1500 - train 0.267107 - val 0.247391
Epoch 352/1500 - train 0.267034 - val 0.248193
Epoch 353/1500 - train 0.266681 - val 0.249378
Epoch 354/1500 - train 0.267858 - val 0.247759
Epoch 355/1500 - train 0.267443 - val 0.249890
Epoch 356/1500 - train 0.267947 - val 0.245947
Epoch 357/1500 - train 0.266608 - val 0.246384
Epoch 358/1500 - train 0.266416 - val 0.246924
Epoch 359/1500 - train 0.266620 - val 0.246585
Epoch 360/1500 - train 0.266280 - val 0.249963
Epoch 361/1500 - train 0.266869 - val 0.246845
Epoch 362/1500 - train 0.266701 - val 0.246220
Epoch 363/1500 - train 0.266629 - val 0.247640
Epoch 364/1500 - train 0.266589 - val 0.246795
Epoch 365/1500 - train 0.266344 - val 0.246582
Epoch 366/1500 - train 0.266458 - val 0.246994
Epoch 367/1500 - train 0.266299 - val 0.247095
Epoch 368/1500 - train 0.266464 - val 0.247659
Epoch 369/1500 - train 0.265898 - val 0.246382
Epoch 370/1500 - train 0.265750 - val 0.248072
Epoch 371/1500 - train 0.266220 - val 0.247571
Epoch 372/1500 - train 0.267088 - val 0.246017
Epoch 373/1500 - train 0.265760 - val 0.246596
Epoch 374/1500 - train 0.265997 - val 0.246086
Epoch 375/1500 - train 0.265720 - val 0.245745
Epoch 376/1500 - train 0.265274 - val 0.248220
Epoch 377/1500 - train 0.266036 - val 0.247145
Epoch 378/1500 - train 0.265940 - val 0.246374
Epoch 379/1500 - train 0.266082 - val 0.245344
Epoch 380/1500 - train 0.265251 - val 0.244768
Epoch 381/1500 - train 0.265206 - val 0.250756
Epoch 382/1500 - train 0.266662 - val 0.246731
Epoch 383/1500 - train 0.265230 - val 0.246283
Epoch 384/1500 - train 0.265508 - val 0.245311
Epoch 385/1500 - train 0.265425 - val 0.247193
Epoch 386/1500 - train 0.265995 - val 0.246257
Epoch 387/1500 - train 0.265741 - val 0.245053
Epoch 388/1500 - train 0.265550 - val 0.245152
Epoch 389/1500 - train 0.265444 - val 0.245984
Epoch 390/1500 - train 0.266125 - val 0.248054
Epoch 391/1500 - train 0.265102 - val 0.247300
Epoch 392/1500 - train 0.264865 - val 0.245672
Epoch 393/1500 - train 0.264660 - val 0.247004
Epoch 394/1500 - train 0.265233 - val 0.247615
Epoch 395/1500 - train 0.265011 - val 0.247413
Epoch 396/1500 - train 0.264664 - val 0.247417
Epoch 397/1500 - train 0.265009 - val 0.244671
Epoch 398/1500 - train 0.264739 - val 0.246201
Epoch 399/1500 - train 0.264566 - val 0.244470
Epoch 400/1500 - train 0.264296 - val 0.245906
Epoch 401/1500 - train 0.264492 - val 0.244966
Epoch 402/1500 - train 0.264204 - val 0.244956
Epoch 403/1500 - train 0.265441 - val 0.246155
Epoch 404/1500 - train 0.264902 - val 0.246209
Epoch 405/1500 - train 0.264008 - val 0.244511
Epoch 406/1500 - train 0.263632 - val 0.244332
Epoch 407/1500 - train 0.263964 - val 0.245997
Epoch 408/1500 - train 0.264199 - val 0.246282
Epoch 409/1500 - train 0.264171 - val 0.247159
Epoch 410/1500 - train 0.265346 - val 0.246707
Epoch 411/1500 - train 0.264611 - val 0.244688
Epoch 412/1500 - train 0.264400 - val 0.246054
Epoch 413/1500 - train 0.264221 - val 0.243712
Epoch 414/1500 - train 0.263727 - val 0.245856
Epoch 415/1500 - train 0.264244 - val 0.244900
Epoch 416/1500 - train 0.264296 - val 0.243794
Epoch 417/1500 - train 0.263235 - val 0.244473
Epoch 418/1500 - train 0.263728 - val 0.246643
Epoch 419/1500 - train 0.264000 - val 0.244167
Epoch 420/1500 - train 0.263323 - val 0.244176
Epoch 421/1500 - train 0.263403 - val 0.244431
Epoch 422/1500 - train 0.263113 - val 0.245535
Epoch 423/1500 - train 0.263411 - val 0.245308
Epoch 424/1500 - train 0.263493 - val 0.246538
Epoch 425/1500 - train 0.264307 - val 0.246011
Epoch 426/1500 - train 0.262796 - val 0.245543
Epoch 427/1500 - train 0.263991 - val 0.244562
Epoch 428/1500 - train 0.263382 - val 0.245436
Epoch 429/1500 - train 0.263956 - val 0.243869
Epoch 430/1500 - train 0.263773 - val 0.246411
Epoch 431/1500 - train 0.263070 - val 0.245809
Epoch 432/1500 - train 0.263373 - val 0.246575
Epoch 433/1500 - train 0.263834 - val 0.244918
Epoch 434/1500 - train 0.263235 - val 0.245428
Epoch 435/1500 - train 0.263471 - val 0.243359
Epoch 436/1500 - train 0.262468 - val 0.244803
Epoch 437/1500 - train 0.263380 - val 0.245515
Epoch 438/1500 - train 0.263117 - val 0.243452
Epoch 439/1500 - train 0.263024 - val 0.243754
Epoch 440/1500 - train 0.262979 - val 0.245685
Epoch 441/1500 - train 0.263229 - val 0.243043
Epoch 442/1500 - train 0.262234 - val 0.245415
Epoch 443/1500 - train 0.263049 - val 0.245905
Epoch 444/1500 - train 0.263099 - val 0.246241
Epoch 445/1500 - train 0.262496 - val 0.243608
Epoch 446/1500 - train 0.262701 - val 0.244573
Epoch 447/1500 - train 0.263321 - val 0.245241
Epoch 448/1500 - train 0.262887 - val 0.244595
Epoch 449/1500 - train 0.262905 - val 0.244006
Epoch 450/1500 - train 0.262682 - val 0.243764
Epoch 451/1500 - train 0.262322 - val 0.243717
Epoch 452/1500 - train 0.262670 - val 0.243624
Epoch 453/1500 - train 0.262368 - val 0.243765
Epoch 454/1500 - train 0.262515 - val 0.242506
Epoch 455/1500 - train 0.261910 - val 0.243507
Epoch 456/1500 - train 0.262184 - val 0.242885
Epoch 457/1500 - train 0.263250 - val 0.243450
Epoch 458/1500 - train 0.261869 - val 0.243296
Epoch 459/1500 - train 0.262319 - val 0.243515
Epoch 460/1500 - train 0.262147 - val 0.243599
Epoch 461/1500 - train 0.261830 - val 0.246074
Epoch 462/1500 - train 0.262484 - val 0.244020
Epoch 463/1500 - train 0.262395 - val 0.244202
Epoch 464/1500 - train 0.262205 - val 0.243942
Epoch 465/1500 - train 0.261861 - val 0.242671
Epoch 466/1500 - train 0.261854 - val 0.243537
Epoch 467/1500 - train 0.261932 - val 0.243539
Epoch 468/1500 - train 0.262051 - val 0.244032
Epoch 469/1500 - train 0.261777 - val 0.244424
Epoch 470/1500 - train 0.261652 - val 0.243266
Epoch 471/1500 - train 0.261758 - val 0.242599
Epoch 472/1500 - train 0.261666 - val 0.244529
Epoch 473/1500 - train 0.261548 - val 0.243614
Epoch 474/1500 - train 0.261792 - val 0.243987
Epoch 475/1500 - train 0.261830 - val 0.241624
Epoch 476/1500 - train 0.261471 - val 0.242660
Epoch 477/1500 - train 0.261524 - val 0.244603
Epoch 478/1500 - train 0.261556 - val 0.244116
Epoch 479/1500 - train 0.261523 - val 0.241812
Epoch 480/1500 - train 0.260896 - val 0.242753
Epoch 481/1500 - train 0.261297 - val 0.241893
Epoch 482/1500 - train 0.260853 - val 0.242946
Epoch 483/1500 - train 0.261521 - val 0.246774
Epoch 484/1500 - train 0.262905 - val 0.241762
Epoch 485/1500 - train 0.261017 - val 0.244200
Epoch 486/1500 - train 0.261202 - val 0.241750
Epoch 487/1500 - train 0.260526 - val 0.243628
Epoch 488/1500 - train 0.261825 - val 0.242983
Epoch 489/1500 - train 0.260676 - val 0.244019
Epoch 490/1500 - train 0.261024 - val 0.241482
Epoch 491/1500 - train 0.260775 - val 0.242101
Epoch 492/1500 - train 0.261458 - val 0.242855
Epoch 493/1500 - train 0.261122 - val 0.241764
Epoch 494/1500 - train 0.260825 - val 0.245354
Epoch 495/1500 - train 0.261020 - val 0.242938
Epoch 496/1500 - train 0.261599 - val 0.246281
Epoch 497/1500 - train 0.261262 - val 0.241541
Epoch 498/1500 - train 0.260342 - val 0.242991
Epoch 499/1500 - train 0.260724 - val 0.242735
Epoch 500/1500 - train 0.260449 - val 0.243761
Epoch 501/1500 - train 0.261076 - val 0.244245
Epoch 502/1500 - train 0.260911 - val 0.242861
Epoch 503/1500 - train 0.260445 - val 0.241836
Epoch 504/1500 - train 0.261024 - val 0.241408
Epoch 505/1500 - train 0.259785 - val 0.240902
Epoch 506/1500 - train 0.260222 - val 0.242661
Epoch 507/1500 - train 0.260724 - val 0.245374
Epoch 508/1500 - train 0.261350 - val 0.242235
Epoch 509/1500 - train 0.260913 - val 0.242717
Epoch 510/1500 - train 0.260406 - val 0.241427
Epoch 511/1500 - train 0.259643 - val 0.240913
Epoch 512/1500 - train 0.259740 - val 0.242762
Epoch 513/1500 - train 0.260049 - val 0.242006
Epoch 514/1500 - train 0.259693 - val 0.243336
Epoch 515/1500 - train 0.260423 - val 0.244489
Epoch 516/1500 - train 0.260602 - val 0.240416
Epoch 517/1500 - train 0.259767 - val 0.245641
Epoch 518/1500 - train 0.260194 - val 0.241017
Epoch 519/1500 - train 0.260063 - val 0.244977
Epoch 520/1500 - train 0.259977 - val 0.243479
Epoch 521/1500 - train 0.259908 - val 0.242691
Epoch 522/1500 - train 0.260382 - val 0.242399
Epoch 523/1500 - train 0.260007 - val 0.244049
Epoch 524/1500 - train 0.260107 - val 0.242983
Epoch 525/1500 - train 0.259491 - val 0.242653
Epoch 526/1500 - train 0.259722 - val 0.240805
Epoch 527/1500 - train 0.258927 - val 0.241557
Epoch 528/1500 - train 0.259349 - val 0.241046
Epoch 529/1500 - train 0.259004 - val 0.243208
Epoch 530/1500 - train 0.259799 - val 0.242069
Epoch 531/1500 - train 0.259777 - val 0.241112
Epoch 532/1500 - train 0.259678 - val 0.241585
Epoch 533/1500 - train 0.259096 - val 0.241345
Epoch 534/1500 - train 0.258772 - val 0.243061
Epoch 535/1500 - train 0.259636 - val 0.243813
Epoch 536/1500 - train 0.259742 - val 0.240520
Epoch 537/1500 - train 0.259159 - val 0.243302
Epoch 538/1500 - train 0.259972 - val 0.241087
Epoch 539/1500 - train 0.259064 - val 0.240673
Epoch 540/1500 - train 0.258989 - val 0.242137
Epoch 541/1500 - train 0.259285 - val 0.240574
Epoch 542/1500 - train 0.258717 - val 0.241196
Epoch 543/1500 - train 0.259123 - val 0.242393
Epoch 544/1500 - train 0.259659 - val 0.241573
Epoch 545/1500 - train 0.259006 - val 0.241165
Epoch 546/1500 - train 0.258489 - val 0.239629
Epoch 547/1500 - train 0.259036 - val 0.240851
Epoch 548/1500 - train 0.259230 - val 0.240682
Epoch 549/1500 - train 0.258604 - val 0.243209
Epoch 550/1500 - train 0.259335 - val 0.240445
Epoch 551/1500 - train 0.258961 - val 0.245628
Epoch 552/1500 - train 0.259820 - val 0.240184
Epoch 553/1500 - train 0.258847 - val 0.241289
Epoch 554/1500 - train 0.258630 - val 0.241007
Epoch 555/1500 - train 0.258321 - val 0.241243
Epoch 556/1500 - train 0.258625 - val 0.241442
Epoch 557/1500 - train 0.259535 - val 0.241359
Epoch 558/1500 - train 0.258956 - val 0.242818
Epoch 559/1500 - train 0.259870 - val 0.240308
Epoch 560/1500 - train 0.258117 - val 0.243463
Epoch 561/1500 - train 0.258908 - val 0.242357
Epoch 562/1500 - train 0.258565 - val 0.240293
Epoch 563/1500 - train 0.258441 - val 0.240830
Epoch 564/1500 - train 0.258569 - val 0.241565
Epoch 565/1500 - train 0.257883 - val 0.240557
Epoch 566/1500 - train 0.257967 - val 0.242734
Epoch 567/1500 - train 0.259364 - val 0.240899
Epoch 568/1500 - train 0.257631 - val 0.241208
Epoch 569/1500 - train 0.257939 - val 0.241830
Epoch 570/1500 - train 0.258435 - val 0.240490
Epoch 571/1500 - train 0.258166 - val 0.240186
Epoch 572/1500 - train 0.258596 - val 0.240832
Epoch 573/1500 - train 0.258136 - val 0.240354
Epoch 574/1500 - train 0.258605 - val 0.240748
Epoch 575/1500 - train 0.258370 - val 0.239884
Epoch 576/1500 - train 0.257961 - val 0.240989
Epoch 577/1500 - train 0.258262 - val 0.240021
Epoch 578/1500 - train 0.257868 - val 0.241244
Epoch 579/1500 - train 0.258507 - val 0.240774
Epoch 580/1500 - train 0.257715 - val 0.240328
Epoch 581/1500 - train 0.257393 - val 0.239833
Epoch 582/1500 - train 0.258153 - val 0.241663
Epoch 583/1500 - train 0.257854 - val 0.240286
Epoch 584/1500 - train 0.257973 - val 0.239983
Epoch 585/1500 - train 0.257809 - val 0.240713
Epoch 586/1500 - train 0.257872 - val 0.239522
Epoch 587/1500 - train 0.257429 - val 0.239264
Epoch 588/1500 - train 0.257252 - val 0.240853
Epoch 589/1500 - train 0.258020 - val 0.240066
Epoch 590/1500 - train 0.257265 - val 0.241675
Epoch 591/1500 - train 0.258361 - val 0.241051
Epoch 592/1500 - train 0.258771 - val 0.241625
Epoch 593/1500 - train 0.257725 - val 0.244074
Epoch 594/1500 - train 0.257774 - val 0.239731
Epoch 595/1500 - train 0.256704 - val 0.239550
Epoch 596/1500 - train 0.256607 - val 0.239280
Epoch 597/1500 - train 0.257460 - val 0.240131
Epoch 598/1500 - train 0.257483 - val 0.240193
Epoch 599/1500 - train 0.257672 - val 0.240386
Epoch 600/1500 - train 0.256931 - val 0.239587
Epoch 601/1500 - train 0.257085 - val 0.241477
Epoch 602/1500 - train 0.257882 - val 0.241010
Epoch 603/1500 - train 0.256979 - val 0.240552
Epoch 604/1500 - train 0.256831 - val 0.239319
Epoch 605/1500 - train 0.256923 - val 0.242742
Epoch 606/1500 - train 0.258067 - val 0.238811
Epoch 607/1500 - train 0.256512 - val 0.239245
Epoch 608/1500 - train 0.256808 - val 0.239534
Epoch 609/1500 - train 0.257192 - val 0.239263
Epoch 610/1500 - train 0.256589 - val 0.240853
Epoch 611/1500 - train 0.256893 - val 0.239152
Epoch 612/1500 - train 0.256913 - val 0.238854
Epoch 613/1500 - train 0.256370 - val 0.239573
Epoch 614/1500 - train 0.256560 - val 0.242918
Epoch 615/1500 - train 0.257667 - val 0.241737
Epoch 616/1500 - train 0.256386 - val 0.240589
Epoch 617/1500 - train 0.256670 - val 0.239382
Epoch 618/1500 - train 0.256773 - val 0.238710
Epoch 619/1500 - train 0.256689 - val 0.243223
Epoch 620/1500 - train 0.256429 - val 0.239458
Epoch 621/1500 - train 0.257736 - val 0.238568
Epoch 622/1500 - train 0.256096 - val 0.241770
Epoch 623/1500 - train 0.257166 - val 0.239359
Epoch 624/1500 - train 0.256398 - val 0.239763
Epoch 625/1500 - train 0.256940 - val 0.239557
Epoch 626/1500 - train 0.256258 - val 0.240097
Epoch 627/1500 - train 0.256531 - val 0.239305
Epoch 628/1500 - train 0.256082 - val 0.239330
Epoch 629/1500 - train 0.255951 - val 0.241166
Epoch 630/1500 - train 0.257928 - val 0.240664
Epoch 631/1500 - train 0.256751 - val 0.240016
Epoch 632/1500 - train 0.255907 - val 0.239396
Epoch 633/1500 - train 0.256414 - val 0.239424
Epoch 634/1500 - train 0.256445 - val 0.240205
Epoch 635/1500 - train 0.256336 - val 0.241436
Epoch 636/1500 - train 0.256157 - val 0.238280
Epoch 637/1500 - train 0.256033 - val 0.238286
Epoch 638/1500 - train 0.256428 - val 0.239276
Epoch 639/1500 - train 0.256333 - val 0.240318
Epoch 640/1500 - train 0.256825 - val 0.239895
Epoch 641/1500 - train 0.255656 - val 0.238594
Epoch 642/1500 - train 0.256405 - val 0.240233
Epoch 643/1500 - train 0.256792 - val 0.238432
Epoch 644/1500 - train 0.255730 - val 0.239327
Epoch 645/1500 - train 0.255748 - val 0.239505
Epoch 646/1500 - train 0.255524 - val 0.242378
Epoch 647/1500 - train 0.256037 - val 0.238148
Epoch 648/1500 - train 0.255537 - val 0.241916
Epoch 649/1500 - train 0.256578 - val 0.238830
Epoch 650/1500 - train 0.256243 - val 0.238981
Epoch 651/1500 - train 0.255639 - val 0.239017
Epoch 652/1500 - train 0.256068 - val 0.238624
Epoch 653/1500 - train 0.255156 - val 0.237946
Epoch 654/1500 - train 0.255559 - val 0.238148
Epoch 655/1500 - train 0.255134 - val 0.238464
Epoch 656/1500 - train 0.255343 - val 0.238537
Epoch 657/1500 - train 0.255946 - val 0.240154
Epoch 658/1500 - train 0.255897 - val 0.238629
Epoch 659/1500 - train 0.255106 - val 0.238435
Epoch 660/1500 - train 0.255255 - val 0.238983
Epoch 661/1500 - train 0.255336 - val 0.238317
Epoch 662/1500 - train 0.255343 - val 0.238873
Epoch 663/1500 - train 0.255383 - val 0.238642
Epoch 664/1500 - train 0.254812 - val 0.241117
Epoch 665/1500 - train 0.255791 - val 0.240545
Epoch 666/1500 - train 0.256637 - val 0.238376
Epoch 667/1500 - train 0.255713 - val 0.237840
Epoch 668/1500 - train 0.255060 - val 0.236942
Epoch 669/1500 - train 0.254998 - val 0.237758
Epoch 670/1500 - train 0.254481 - val 0.239519
Epoch 671/1500 - train 0.255596 - val 0.237399
Epoch 672/1500 - train 0.254904 - val 0.238297
Epoch 673/1500 - train 0.255341 - val 0.239650
Epoch 674/1500 - train 0.254524 - val 0.237959
Epoch 675/1500 - train 0.254882 - val 0.239611
Epoch 676/1500 - train 0.255515 - val 0.238583
Epoch 677/1500 - train 0.255298 - val 0.237579
Epoch 678/1500 - train 0.254706 - val 0.238376
Epoch 679/1500 - train 0.255000 - val 0.238167
Epoch 680/1500 - train 0.254883 - val 0.238378
Epoch 681/1500 - train 0.254788 - val 0.240821
Epoch 682/1500 - train 0.255439 - val 0.237260
Epoch 683/1500 - train 0.254527 - val 0.237554
Epoch 684/1500 - train 0.254356 - val 0.239082
Epoch 685/1500 - train 0.254828 - val 0.240278
Epoch 686/1500 - train 0.255541 - val 0.238877
Epoch 687/1500 - train 0.256154 - val 0.237103
Epoch 688/1500 - train 0.254406 - val 0.238441
Epoch 689/1500 - train 0.255106 - val 0.238938
Epoch 690/1500 - train 0.254462 - val 0.239470
Epoch 691/1500 - train 0.254948 - val 0.237244
Epoch 692/1500 - train 0.254325 - val 0.236411
Epoch 693/1500 - train 0.254127 - val 0.237327
Epoch 694/1500 - train 0.254465 - val 0.237554
Epoch 695/1500 - train 0.255431 - val 0.239372
Epoch 696/1500 - train 0.254449 - val 0.239688
Epoch 697/1500 - train 0.255094 - val 0.237045
Epoch 698/1500 - train 0.254832 - val 0.237412
Epoch 699/1500 - train 0.254070 - val 0.243365
Epoch 700/1500 - train 0.254784 - val 0.237969
Epoch 701/1500 - train 0.254200 - val 0.236824
Epoch 702/1500 - train 0.254724 - val 0.238719
Epoch 703/1500 - train 0.255183 - val 0.238446
Epoch 704/1500 - train 0.254450 - val 0.238347
Epoch 705/1500 - train 0.254827 - val 0.237930
Epoch 706/1500 - train 0.254403 - val 0.240470
Epoch 707/1500 - train 0.254919 - val 0.238577
Epoch 708/1500 - train 0.254686 - val 0.237487
Epoch 709/1500 - train 0.254626 - val 0.238414
Epoch 710/1500 - train 0.254243 - val 0.238184
Epoch 711/1500 - train 0.254248 - val 0.238281
Epoch 712/1500 - train 0.253861 - val 0.236739
Epoch 713/1500 - train 0.253758 - val 0.237261
Epoch 714/1500 - train 0.254831 - val 0.236737
Epoch 715/1500 - train 0.253764 - val 0.237642
Epoch 716/1500 - train 0.253936 - val 0.237985
Epoch 717/1500 - train 0.254129 - val 0.238047
Epoch 718/1500 - train 0.254469 - val 0.239359
Epoch 719/1500 - train 0.254167 - val 0.236517
Epoch 720/1500 - train 0.253412 - val 0.238660
Epoch 721/1500 - train 0.253748 - val 0.236420
Epoch 722/1500 - train 0.253138 - val 0.237363
Epoch 723/1500 - train 0.253808 - val 0.236761
Epoch 724/1500 - train 0.253583 - val 0.237269
Epoch 725/1500 - train 0.253740 - val 0.237441
Epoch 726/1500 - train 0.253758 - val 0.237465
Epoch 727/1500 - train 0.253727 - val 0.236102
Epoch 728/1500 - train 0.253309 - val 0.237680
Epoch 729/1500 - train 0.253750 - val 0.237730
Epoch 730/1500 - train 0.253386 - val 0.236852
Epoch 731/1500 - train 0.253640 - val 0.237050
Epoch 732/1500 - train 0.253469 - val 0.236319
Epoch 733/1500 - train 0.253618 - val 0.236582
Epoch 734/1500 - train 0.253127 - val 0.236323
Epoch 735/1500 - train 0.253165 - val 0.236434
Epoch 736/1500 - train 0.253467 - val 0.237338
Epoch 737/1500 - train 0.253347 - val 0.236852
Epoch 738/1500 - train 0.253013 - val 0.237930
Epoch 739/1500 - train 0.253864 - val 0.235659
Epoch 740/1500 - train 0.253031 - val 0.238007
Epoch 741/1500 - train 0.253441 - val 0.237761
Epoch 742/1500 - train 0.252956 - val 0.238395
Epoch 743/1500 - train 0.253365 - val 0.235879
Epoch 744/1500 - train 0.253040 - val 0.236892
Epoch 745/1500 - train 0.252876 - val 0.239050
Epoch 746/1500 - train 0.253807 - val 0.237435
Epoch 747/1500 - train 0.253105 - val 0.237000
Epoch 748/1500 - train 0.253192 - val 0.235926
Epoch 749/1500 - train 0.252948 - val 0.237913
Epoch 750/1500 - train 0.253844 - val 0.236853
Epoch 751/1500 - train 0.253202 - val 0.236274
Epoch 752/1500 - train 0.252682 - val 0.237124
Epoch 753/1500 - train 0.252917 - val 0.236762
Epoch 754/1500 - train 0.253392 - val 0.236877
Epoch 755/1500 - train 0.253488 - val 0.236193
Epoch 756/1500 - train 0.253139 - val 0.237069
Epoch 757/1500 - train 0.253203 - val 0.237825
Epoch 758/1500 - train 0.253223 - val 0.236443
Epoch 759/1500 - train 0.253068 - val 0.240265
Epoch 760/1500 - train 0.254148 - val 0.236456
Epoch 761/1500 - train 0.253329 - val 0.236151
Epoch 762/1500 - train 0.253033 - val 0.237290
Epoch 763/1500 - train 0.253317 - val 0.237741
Epoch 764/1500 - train 0.252859 - val 0.238995
Epoch 765/1500 - train 0.253097 - val 0.237519
Epoch 766/1500 - train 0.252847 - val 0.236636
Epoch 767/1500 - train 0.252706 - val 0.237132
Epoch 768/1500 - train 0.252693 - val 0.238882
Epoch 769/1500 - train 0.253352 - val 0.235689
Epoch 770/1500 - train 0.252893 - val 0.238603
Epoch 771/1500 - train 0.253367 - val 0.237101
Epoch 772/1500 - train 0.252510 - val 0.236014
Epoch 773/1500 - train 0.252416 - val 0.239443
Epoch 774/1500 - train 0.253897 - val 0.236472
Epoch 775/1500 - train 0.252358 - val 0.235728
Epoch 776/1500 - train 0.252640 - val 0.241906
Epoch 777/1500 - train 0.253894 - val 0.236402
Epoch 778/1500 - train 0.252840 - val 0.238410
Epoch 779/1500 - train 0.252886 - val 0.237003
Epoch 780/1500 - train 0.252819 - val 0.235818
Epoch 781/1500 - train 0.252122 - val 0.235549
Epoch 782/1500 - train 0.252081 - val 0.236132
Epoch 783/1500 - train 0.252274 - val 0.237549
Epoch 784/1500 - train 0.252136 - val 0.237412
Epoch 785/1500 - train 0.252483 - val 0.236238
Epoch 786/1500 - train 0.252747 - val 0.236322
Epoch 787/1500 - train 0.252403 - val 0.235386
Epoch 788/1500 - train 0.252439 - val 0.236741
Epoch 789/1500 - train 0.252502 - val 0.236236
Epoch 790/1500 - train 0.252327 - val 0.237206
Epoch 791/1500 - train 0.252233 - val 0.236734
Epoch 792/1500 - train 0.252657 - val 0.235833
Epoch 793/1500 - train 0.252899 - val 0.235818
Epoch 794/1500 - train 0.252042 - val 0.235415
Epoch 795/1500 - train 0.252222 - val 0.236308
Epoch 796/1500 - train 0.251792 - val 0.235661
Epoch 797/1500 - train 0.252084 - val 0.235532
Epoch 798/1500 - train 0.252033 - val 0.236722
Epoch 799/1500 - train 0.252659 - val 0.238947
Epoch 800/1500 - train 0.252658 - val 0.236824
Epoch 801/1500 - train 0.252652 - val 0.237840
Epoch 802/1500 - train 0.251899 - val 0.236121
Epoch 803/1500 - train 0.251888 - val 0.235057
Epoch 804/1500 - train 0.251669 - val 0.237633
Epoch 805/1500 - train 0.252357 - val 0.236863
Epoch 806/1500 - train 0.252091 - val 0.237905
Epoch 807/1500 - train 0.252251 - val 0.235459
Epoch 808/1500 - train 0.252015 - val 0.237032
Epoch 809/1500 - train 0.252080 - val 0.235628
Epoch 810/1500 - train 0.251638 - val 0.235281
Epoch 811/1500 - train 0.251093 - val 0.235925
Epoch 812/1500 - train 0.251597 - val 0.237343
Epoch 813/1500 - train 0.252207 - val 0.236374
Epoch 814/1500 - train 0.251676 - val 0.237697
Epoch 815/1500 - train 0.251596 - val 0.238656
Epoch 816/1500 - train 0.253378 - val 0.236730
Epoch 817/1500 - train 0.252073 - val 0.236254
Epoch 818/1500 - train 0.252533 - val 0.235483
Epoch 819/1500 - train 0.251919 - val 0.235850
Epoch 820/1500 - train 0.251727 - val 0.235896
Epoch 821/1500 - train 0.251873 - val 0.237009
Epoch 822/1500 - train 0.252084 - val 0.238096
Epoch 823/1500 - train 0.252111 - val 0.235877
Epoch 824/1500 - train 0.251718 - val 0.238677
Epoch 825/1500 - train 0.251953 - val 0.236231
Epoch 826/1500 - train 0.251749 - val 0.234945
Epoch 827/1500 - train 0.251385 - val 0.235242
Epoch 828/1500 - train 0.251456 - val 0.235679
Epoch 829/1500 - train 0.251500 - val 0.235528
Epoch 830/1500 - train 0.252475 - val 0.234540
Epoch 831/1500 - train 0.251577 - val 0.234952
Epoch 832/1500 - train 0.251039 - val 0.235470
Epoch 833/1500 - train 0.250716 - val 0.234984
Epoch 834/1500 - train 0.251801 - val 0.234996
Epoch 835/1500 - train 0.251551 - val 0.235912
Epoch 836/1500 - train 0.251610 - val 0.237511
Epoch 837/1500 - train 0.251545 - val 0.235220
Epoch 838/1500 - train 0.251339 - val 0.236617
Epoch 839/1500 - train 0.251314 - val 0.237052
Epoch 840/1500 - train 0.251413 - val 0.235604
Epoch 841/1500 - train 0.251526 - val 0.236152
Epoch 842/1500 - train 0.251179 - val 0.235201
Epoch 843/1500 - train 0.251275 - val 0.236193
Epoch 844/1500 - train 0.251851 - val 0.237648
Epoch 845/1500 - train 0.251777 - val 0.236313
Epoch 846/1500 - train 0.251971 - val 0.235264
Epoch 847/1500 - train 0.250697 - val 0.236995
Epoch 848/1500 - train 0.251367 - val 0.236251
Epoch 849/1500 - train 0.250866 - val 0.235048
Epoch 850/1500 - train 0.251137 - val 0.235382
Epoch 851/1500 - train 0.251246 - val 0.235498
Epoch 852/1500 - train 0.251401 - val 0.236113
Epoch 853/1500 - train 0.250758 - val 0.235342
Epoch 854/1500 - train 0.250275 - val 0.235276
Epoch 855/1500 - train 0.252684 - val 0.236730
Epoch 856/1500 - train 0.251524 - val 0.236361
Epoch 857/1500 - train 0.252135 - val 0.235987
Epoch 858/1500 - train 0.250534 - val 0.235064
Epoch 859/1500 - train 0.250922 - val 0.235092
Epoch 860/1500 - train 0.251082 - val 0.236552
Epoch 861/1500 - train 0.251759 - val 0.236152
Epoch 862/1500 - train 0.250782 - val 0.235996
Epoch 863/1500 - train 0.250889 - val 0.236212
Epoch 864/1500 - train 0.250975 - val 0.235062
Epoch 865/1500 - train 0.250564 - val 0.236455
Epoch 866/1500 - train 0.250781 - val 0.235499
Epoch 867/1500 - train 0.250848 - val 0.235508
Epoch 868/1500 - train 0.250907 - val 0.235857
Epoch 869/1500 - train 0.250809 - val 0.234460
Epoch 870/1500 - train 0.250460 - val 0.234531
Epoch 871/1500 - train 0.250267 - val 0.237550
Epoch 872/1500 - train 0.251871 - val 0.236200
Epoch 873/1500 - train 0.250991 - val 0.236003
Epoch 874/1500 - train 0.250929 - val 0.235062
Epoch 875/1500 - train 0.250354 - val 0.236678
Epoch 876/1500 - train 0.250848 - val 0.234149
Epoch 877/1500 - train 0.250401 - val 0.234474
Epoch 878/1500 - train 0.250629 - val 0.235755
Epoch 879/1500 - train 0.250757 - val 0.235313
Epoch 880/1500 - train 0.250699 - val 0.235788
Epoch 881/1500 - train 0.250218 - val 0.238187
Epoch 882/1500 - train 0.251360 - val 0.234602
Epoch 883/1500 - train 0.250231 - val 0.234502
Epoch 884/1500 - train 0.250459 - val 0.235719
Epoch 885/1500 - train 0.250711 - val 0.234530
Epoch 886/1500 - train 0.249818 - val 0.234980
Epoch 887/1500 - train 0.250550 - val 0.234986
Epoch 888/1500 - train 0.250957 - val 0.235327
Epoch 889/1500 - train 0.250798 - val 0.235886
Epoch 890/1500 - train 0.251023 - val 0.236480
Epoch 891/1500 - train 0.250862 - val 0.236604
Epoch 892/1500 - train 0.250541 - val 0.236304
Epoch 893/1500 - train 0.250147 - val 0.235246
Epoch 894/1500 - train 0.250750 - val 0.235095
Epoch 895/1500 - train 0.250453 - val 0.234852
Epoch 896/1500 - train 0.250148 - val 0.234256
Epoch 897/1500 - train 0.250535 - val 0.234010
Epoch 898/1500 - train 0.250003 - val 0.234551
Epoch 899/1500 - train 0.249855 - val 0.235864
Epoch 900/1500 - train 0.250117 - val 0.234755
Epoch 901/1500 - train 0.250725 - val 0.234251
Epoch 902/1500 - train 0.250288 - val 0.235305
Epoch 903/1500 - train 0.249792 - val 0.234585
Epoch 904/1500 - train 0.250300 - val 0.235368
Epoch 905/1500 - train 0.250206 - val 0.237050
Epoch 906/1500 - train 0.250590 - val 0.234793
Epoch 907/1500 - train 0.250319 - val 0.236716
Epoch 908/1500 - train 0.249940 - val 0.235591
Epoch 909/1500 - train 0.249585 - val 0.234048
Epoch 910/1500 - train 0.249786 - val 0.234647
Epoch 911/1500 - train 0.249501 - val 0.235016
Epoch 912/1500 - train 0.250131 - val 0.235253
Epoch 913/1500 - train 0.250256 - val 0.234699
Epoch 914/1500 - train 0.249936 - val 0.234415
Epoch 915/1500 - train 0.249416 - val 0.234177
Epoch 916/1500 - train 0.250440 - val 0.236838
Epoch 917/1500 - train 0.250217 - val 0.235640
Epoch 918/1500 - train 0.250252 - val 0.234190
Epoch 919/1500 - train 0.249291 - val 0.234905
Epoch 920/1500 - train 0.250002 - val 0.236959
Epoch 921/1500 - train 0.249799 - val 0.235617
Epoch 922/1500 - train 0.249777 - val 0.237686
Epoch 923/1500 - train 0.250150 - val 0.234098
Epoch 924/1500 - train 0.249704 - val 0.236400
Epoch 925/1500 - train 0.250678 - val 0.235280
Epoch 926/1500 - train 0.249712 - val 0.234924
Epoch 927/1500 - train 0.249776 - val 0.235119
Epoch 928/1500 - train 0.250036 - val 0.234356
Epoch 929/1500 - train 0.249202 - val 0.234749
Epoch 930/1500 - train 0.249496 - val 0.234511
Epoch 931/1500 - train 0.249905 - val 0.233799
Epoch 932/1500 - train 0.249961 - val 0.234760
Epoch 933/1500 - train 0.249739 - val 0.235051
Epoch 934/1500 - train 0.249786 - val 0.234379
Epoch 935/1500 - train 0.249197 - val 0.234926
Epoch 936/1500 - train 0.249619 - val 0.235542
Epoch 937/1500 - train 0.250071 - val 0.236805
Epoch 938/1500 - train 0.250243 - val 0.235376
Epoch 939/1500 - train 0.249319 - val 0.237078
Epoch 940/1500 - train 0.249860 - val 0.234105
Epoch 941/1500 - train 0.249486 - val 0.234497
Epoch 942/1500 - train 0.250250 - val 0.234494
Epoch 943/1500 - train 0.249755 - val 0.235969
Epoch 944/1500 - train 0.249458 - val 0.235603
Epoch 945/1500 - train 0.250043 - val 0.235491
Epoch 946/1500 - train 0.249459 - val 0.235035
Epoch 947/1500 - train 0.250282 - val 0.235811
Epoch 948/1500 - train 0.249385 - val 0.235227
Epoch 949/1500 - train 0.249087 - val 0.235813
Epoch 950/1500 - train 0.249665 - val 0.235569
Epoch 951/1500 - train 0.249916 - val 0.235552
Epoch 952/1500 - train 0.249784 - val 0.234724
Epoch 953/1500 - train 0.249165 - val 0.235679
Epoch 954/1500 - train 0.250087 - val 0.235101
Epoch 955/1500 - train 0.249280 - val 0.234378
Epoch 956/1500 - train 0.248857 - val 0.235895
Epoch 957/1500 - train 0.248955 - val 0.233792
Epoch 958/1500 - train 0.248941 - val 0.234047
Epoch 959/1500 - train 0.248337 - val 0.236456
Epoch 960/1500 - train 0.249717 - val 0.233704
Epoch 961/1500 - train 0.249262 - val 0.236057
Epoch 962/1500 - train 0.249612 - val 0.235335
Epoch 963/1500 - train 0.249115 - val 0.235258
Epoch 964/1500 - train 0.249122 - val 0.235011
Epoch 965/1500 - train 0.249530 - val 0.236173
Epoch 966/1500 - train 0.248951 - val 0.235077
Epoch 967/1500 - train 0.249504 - val 0.234267
Epoch 968/1500 - train 0.249373 - val 0.235234
Epoch 969/1500 - train 0.249420 - val 0.233606
Epoch 970/1500 - train 0.248825 - val 0.234191
Epoch 971/1500 - train 0.248688 - val 0.235160
Epoch 972/1500 - train 0.248744 - val 0.233915
Epoch 973/1500 - train 0.248932 - val 0.233824
Epoch 974/1500 - train 0.248746 - val 0.235065
Epoch 975/1500 - train 0.248947 - val 0.233983
Epoch 976/1500 - train 0.249309 - val 0.234545
Epoch 977/1500 - train 0.248644 - val 0.235626
Epoch 978/1500 - train 0.249162 - val 0.237092
Epoch 979/1500 - train 0.249917 - val 0.234713
Epoch 980/1500 - train 0.249329 - val 0.234838
Epoch 981/1500 - train 0.248667 - val 0.233567
Epoch 982/1500 - train 0.248668 - val 0.234290
Epoch 983/1500 - train 0.248906 - val 0.235035
Epoch 984/1500 - train 0.249165 - val 0.235104
Epoch 985/1500 - train 0.249174 - val 0.234511
Epoch 986/1500 - train 0.248351 - val 0.234585
Epoch 987/1500 - train 0.249801 - val 0.234622
Epoch 988/1500 - train 0.249215 - val 0.235237
Epoch 989/1500 - train 0.248787 - val 0.237500
Epoch 990/1500 - train 0.248962 - val 0.235906
Epoch 991/1500 - train 0.248853 - val 0.234053
Epoch 992/1500 - train 0.248560 - val 0.235534
Epoch 993/1500 - train 0.249694 - val 0.235905
Epoch 994/1500 - train 0.249850 - val 0.235770
Epoch 995/1500 - train 0.249258 - val 0.234370
Epoch 996/1500 - train 0.248624 - val 0.233799
Epoch 997/1500 - train 0.248848 - val 0.234851
Epoch 998/1500 - train 0.249008 - val 0.234534
Epoch 999/1500 - train 0.248306 - val 0.234185
Epoch 1000/1500 - train 0.248697 - val 0.235034
Epoch 1001/1500 - train 0.248841 - val 0.237370
Epoch 1002/1500 - train 0.249061 - val 0.235923
Epoch 1003/1500 - train 0.249034 - val 0.234959
Epoch 1004/1500 - train 0.248700 - val 0.234285
Epoch 1005/1500 - train 0.248905 - val 0.234350
Epoch 1006/1500 - train 0.248520 - val 0.234373
Epoch 1007/1500 - train 0.248318 - val 0.235654
Epoch 1008/1500 - train 0.248475 - val 0.233844
Epoch 1009/1500 - train 0.248953 - val 0.234206
Epoch 1010/1500 - train 0.248239 - val 0.234147
Epoch 1011/1500 - train 0.248877 - val 0.235450
Epoch 1012/1500 - train 0.248500 - val 0.233734
Epoch 1013/1500 - train 0.248739 - val 0.234789
Epoch 1014/1500 - train 0.248744 - val 0.235681
Epoch 1015/1500 - train 0.249305 - val 0.233713
Epoch 1016/1500 - train 0.248201 - val 0.234245
Epoch 1017/1500 - train 0.248920 - val 0.235235
Epoch 1018/1500 - train 0.248702 - val 0.233540
Epoch 1019/1500 - train 0.248037 - val 0.234786
Epoch 1020/1500 - train 0.248433 - val 0.234650
Epoch 1021/1500 - train 0.248934 - val 0.234921
Epoch 1022/1500 - train 0.248932 - val 0.233563
Epoch 1023/1500 - train 0.247840 - val 0.235179
Epoch 1024/1500 - train 0.248739 - val 0.234645
Epoch 1025/1500 - train 0.248546 - val 0.234511
Epoch 1026/1500 - train 0.248103 - val 0.234361
Epoch 1027/1500 - train 0.248279 - val 0.234449
Epoch 1028/1500 - train 0.248363 - val 0.234048
Epoch 1029/1500 - train 0.248351 - val 0.233680
Epoch 1030/1500 - train 0.248328 - val 0.233724
Epoch 1031/1500 - train 0.247602 - val 0.233254
Epoch 1032/1500 - train 0.247798 - val 0.235036
Epoch 1033/1500 - train 0.248334 - val 0.235535
Epoch 1034/1500 - train 0.248438 - val 0.233172
Epoch 1035/1500 - train 0.247969 - val 0.233874
Epoch 1036/1500 - train 0.248134 - val 0.233484
Epoch 1037/1500 - train 0.248159 - val 0.234200
Epoch 1038/1500 - train 0.248119 - val 0.234586
Epoch 1039/1500 - train 0.248129 - val 0.234505
Epoch 1040/1500 - train 0.247921 - val 0.233647
Epoch 1041/1500 - train 0.247921 - val 0.233785
Epoch 1042/1500 - train 0.248452 - val 0.234966
Epoch 1043/1500 - train 0.248579 - val 0.234602
Epoch 1044/1500 - train 0.247579 - val 0.233709
Epoch 1045/1500 - train 0.247694 - val 0.233371
Epoch 1046/1500 - train 0.248822 - val 0.235349
Epoch 1047/1500 - train 0.247967 - val 0.234324
Epoch 1048/1500 - train 0.248344 - val 0.233525
Epoch 1049/1500 - train 0.248359 - val 0.235022
Epoch 1050/1500 - train 0.248129 - val 0.233313
Epoch 1051/1500 - train 0.247986 - val 0.233760
Epoch 1052/1500 - train 0.247795 - val 0.235556
Epoch 1053/1500 - train 0.248580 - val 0.234442
Epoch 1054/1500 - train 0.248262 - val 0.235692
Epoch 1055/1500 - train 0.248351 - val 0.234014
Epoch 1056/1500 - train 0.248385 - val 0.234346
Epoch 1057/1500 - train 0.247965 - val 0.234752
Epoch 1058/1500 - train 0.248070 - val 0.234414
Epoch 1059/1500 - train 0.248185 - val 0.234220
Epoch 1060/1500 - train 0.248183 - val 0.234418
Epoch 1061/1500 - train 0.248072 - val 0.233418
Epoch 1062/1500 - train 0.247867 - val 0.236290
Epoch 1063/1500 - train 0.247609 - val 0.234216
Epoch 1064/1500 - train 0.248343 - val 0.234295
Epoch 1065/1500 - train 0.247930 - val 0.235290
Epoch 1066/1500 - train 0.248257 - val 0.234189
Epoch 1067/1500 - train 0.248107 - val 0.233939
Epoch 1068/1500 - train 0.248018 - val 0.233763
Epoch 1069/1500 - train 0.247468 - val 0.233798
Epoch 1070/1500 - train 0.247566 - val 0.233033
Epoch 1071/1500 - train 0.247896 - val 0.237005
Epoch 1072/1500 - train 0.248247 - val 0.234064
Epoch 1073/1500 - train 0.247522 - val 0.233564
Epoch 1074/1500 - train 0.247763 - val 0.232965
Epoch 1075/1500 - train 0.247587 - val 0.234493
Epoch 1076/1500 - train 0.247545 - val 0.233266
Epoch 1077/1500 - train 0.247847 - val 0.235530
Epoch 1078/1500 - train 0.248150 - val 0.234152
Epoch 1079/1500 - train 0.248172 - val 0.234796
Epoch 1080/1500 - train 0.248158 - val 0.233901
Epoch 1081/1500 - train 0.248402 - val 0.233557
Epoch 1082/1500 - train 0.247269 - val 0.233812
Epoch 1083/1500 - train 0.247418 - val 0.233314
Epoch 1084/1500 - train 0.247360 - val 0.235338
Epoch 1085/1500 - train 0.247652 - val 0.234376
Epoch 1086/1500 - train 0.247664 - val 0.233492
Epoch 1087/1500 - train 0.247738 - val 0.233434
Epoch 1088/1500 - train 0.247001 - val 0.233693
Epoch 1089/1500 - train 0.247707 - val 0.235590
Epoch 1090/1500 - train 0.247434 - val 0.234885
Epoch 1091/1500 - train 0.247615 - val 0.236985
Epoch 1092/1500 - train 0.248688 - val 0.234040
Epoch 1093/1500 - train 0.247473 - val 0.233813
Epoch 1094/1500 - train 0.247180 - val 0.234874
Epoch 1095/1500 - train 0.247249 - val 0.233506
Epoch 1096/1500 - train 0.247356 - val 0.233367
Epoch 1097/1500 - train 0.247570 - val 0.236266
Epoch 1098/1500 - train 0.248643 - val 0.233780
Epoch 1099/1500 - train 0.247109 - val 0.232951
Epoch 1100/1500 - train 0.246971 - val 0.233686
Epoch 1101/1500 - train 0.247357 - val 0.235246
Epoch 1102/1500 - train 0.247240 - val 0.233741
Epoch 1103/1500 - train 0.247365 - val 0.233541
Epoch 1104/1500 - train 0.246906 - val 0.234777
Epoch 1105/1500 - train 0.247402 - val 0.233902
Epoch 1106/1500 - train 0.247347 - val 0.235001
Epoch 1107/1500 - train 0.247318 - val 0.233894
Epoch 1108/1500 - train 0.247169 - val 0.234895
Epoch 1109/1500 - train 0.247699 - val 0.233921
Epoch 1110/1500 - train 0.247018 - val 0.234520
Epoch 1111/1500 - train 0.247133 - val 0.234786
Epoch 1112/1500 - train 0.247520 - val 0.234750
Epoch 1113/1500 - train 0.246891 - val 0.233428
Epoch 1114/1500 - train 0.247089 - val 0.233585
Epoch 1115/1500 - train 0.246696 - val 0.232946
Epoch 1116/1500 - train 0.246757 - val 0.233471
Epoch 1117/1500 - train 0.246946 - val 0.235036
Epoch 1118/1500 - train 0.247368 - val 0.233798
Epoch 1119/1500 - train 0.247132 - val 0.234180
Epoch 1120/1500 - train 0.246586 - val 0.234084
Epoch 1121/1500 - train 0.247470 - val 0.232787
Epoch 1122/1500 - train 0.247119 - val 0.234516
Epoch 1123/1500 - train 0.247085 - val 0.235408
Epoch 1124/1500 - train 0.247607 - val 0.234015
Epoch 1125/1500 - train 0.247917 - val 0.233488
Epoch 1126/1500 - train 0.247225 - val 0.233578
Epoch 1127/1500 - train 0.247018 - val 0.233445
Epoch 1128/1500 - train 0.247553 - val 0.235416
Epoch 1129/1500 - train 0.247499 - val 0.233551
Epoch 1130/1500 - train 0.247058 - val 0.234013
Epoch 1131/1500 - train 0.246882 - val 0.233126
Epoch 1132/1500 - train 0.246466 - val 0.233673
Epoch 1133/1500 - train 0.247114 - val 0.233824
Epoch 1134/1500 - train 0.246933 - val 0.233112
Epoch 1135/1500 - train 0.247115 - val 0.233526
Epoch 1136/1500 - train 0.247125 - val 0.233442
Epoch 1137/1500 - train 0.246630 - val 0.233516
Epoch 1138/1500 - train 0.247064 - val 0.233361
Epoch 1139/1500 - train 0.246382 - val 0.233596
Epoch 1140/1500 - train 0.247006 - val 0.233708
Epoch 1141/1500 - train 0.246915 - val 0.234987
Epoch 1142/1500 - train 0.247074 - val 0.234952
Epoch 1143/1500 - train 0.247576 - val 0.233731
Epoch 1144/1500 - train 0.247415 - val 0.233727
Epoch 1145/1500 - train 0.246895 - val 0.234941
Epoch 1146/1500 - train 0.247454 - val 0.235659
Epoch 1147/1500 - train 0.246970 - val 0.234024
Epoch 1148/1500 - train 0.246482 - val 0.234143
Epoch 1149/1500 - train 0.246803 - val 0.233504
Epoch 1150/1500 - train 0.246822 - val 0.233447
Epoch 1151/1500 - train 0.246527 - val 0.234596
Epoch 1152/1500 - train 0.246790 - val 0.233531
Epoch 1153/1500 - train 0.246774 - val 0.233796
Epoch 1154/1500 - train 0.246504 - val 0.233774
Epoch 1155/1500 - train 0.247003 - val 0.235696
Epoch 1156/1500 - train 0.247546 - val 0.233179
Epoch 1157/1500 - train 0.246335 - val 0.238248
Epoch 1158/1500 - train 0.247478 - val 0.235267
Epoch 1159/1500 - train 0.247174 - val 0.234814
Epoch 1160/1500 - train 0.247200 - val 0.237981
Epoch 1161/1500 - train 0.247721 - val 0.235047
Epoch 1162/1500 - train 0.246767 - val 0.234724
Epoch 1163/1500 - train 0.246228 - val 0.233898
Epoch 1164/1500 - train 0.246199 - val 0.234826
Epoch 1165/1500 - train 0.246685 - val 0.234619
Epoch 1166/1500 - train 0.247583 - val 0.233180
Epoch 1167/1500 - train 0.246579 - val 0.233998
Epoch 1168/1500 - train 0.246335 - val 0.234298
Epoch 1169/1500 - train 0.247003 - val 0.233395
Epoch 1170/1500 - train 0.246468 - val 0.235298
Epoch 1171/1500 - train 0.247447 - val 0.235331
Epoch 1172/1500 - train 0.246747 - val 0.233994
Epoch 1173/1500 - train 0.247208 - val 0.233550
Epoch 1174/1500 - train 0.246401 - val 0.234182
Epoch 1175/1500 - train 0.246484 - val 0.233659
Epoch 1176/1500 - train 0.246650 - val 0.235426
Epoch 1177/1500 - train 0.246417 - val 0.235086
Epoch 1178/1500 - train 0.246318 - val 0.233072
Epoch 1179/1500 - train 0.247077 - val 0.233381
Epoch 1180/1500 - train 0.246280 - val 0.234540
Epoch 1181/1500 - train 0.246528 - val 0.235318
Epoch 1182/1500 - train 0.247698 - val 0.233777
Epoch 1183/1500 - train 0.246663 - val 0.232813
Epoch 1184/1500 - train 0.245684 - val 0.233918
Epoch 1185/1500 - train 0.246295 - val 0.235856
Epoch 1186/1500 - train 0.247385 - val 0.233359
Epoch 1187/1500 - train 0.246390 - val 0.233969
Epoch 1188/1500 - train 0.246312 - val 0.233549
Epoch 1189/1500 - train 0.245865 - val 0.233681
Epoch 1190/1500 - train 0.246242 - val 0.233611
Epoch 1191/1500 - train 0.246301 - val 0.233909
Epoch 1192/1500 - train 0.246311 - val 0.234193
Epoch 1193/1500 - train 0.246617 - val 0.235554
Epoch 1194/1500 - train 0.246050 - val 0.234493
Epoch 1195/1500 - train 0.246317 - val 0.233150
Epoch 1196/1500 - train 0.245918 - val 0.235148
Epoch 1197/1500 - train 0.246871 - val 0.235591
Epoch 1198/1500 - train 0.247755 - val 0.234050
Epoch 1199/1500 - train 0.246264 - val 0.233643
Epoch 1200/1500 - train 0.246174 - val 0.237510
Epoch 1201/1500 - train 0.247226 - val 0.233115
Epoch 1202/1500 - train 0.246122 - val 0.233354
Epoch 1203/1500 - train 0.246154 - val 0.233733
Epoch 1204/1500 - train 0.246540 - val 0.235599
Epoch 1205/1500 - train 0.246126 - val 0.234554
Epoch 1206/1500 - train 0.246439 - val 0.233980
Epoch 1207/1500 - train 0.246216 - val 0.234512
Epoch 1208/1500 - train 0.246281 - val 0.233739
Epoch 1209/1500 - train 0.245802 - val 0.233539
Epoch 1210/1500 - train 0.246442 - val 0.234294
Epoch 1211/1500 - train 0.245817 - val 0.233879
Epoch 1212/1500 - train 0.246099 - val 0.234801
Epoch 1213/1500 - train 0.246486 - val 0.233611
Epoch 1214/1500 - train 0.246149 - val 0.236482
Epoch 1215/1500 - train 0.246480 - val 0.233787
Epoch 1216/1500 - train 0.245518 - val 0.233590
Epoch 1217/1500 - train 0.246122 - val 0.233392
Epoch 1218/1500 - train 0.246151 - val 0.233703
Epoch 1219/1500 - train 0.246290 - val 0.234120
Epoch 1220/1500 - train 0.245854 - val 0.233972
Epoch 1221/1500 - train 0.246024 - val 0.234526
Epoch 1222/1500 - train 0.246228 - val 0.233915
Epoch 1223/1500 - train 0.245720 - val 0.234301
Epoch 1224/1500 - train 0.245843 - val 0.233641
Epoch 1225/1500 - train 0.245848 - val 0.233674
Epoch 1226/1500 - train 0.245794 - val 0.233750
Epoch 1227/1500 - train 0.246082 - val 0.233698
Epoch 1228/1500 - train 0.246422 - val 0.233977
Epoch 1229/1500 - train 0.246220 - val 0.233535
Epoch 1230/1500 - train 0.245721 - val 0.234200
Epoch 1231/1500 - train 0.245455 - val 0.232581
Epoch 1232/1500 - train 0.245751 - val 0.233782
Epoch 1233/1500 - train 0.245330 - val 0.233702
Epoch 1234/1500 - train 0.245603 - val 0.233862
Epoch 1235/1500 - train 0.245794 - val 0.233298
Epoch 1236/1500 - train 0.245634 - val 0.233269
Epoch 1237/1500 - train 0.246144 - val 0.234060
Epoch 1238/1500 - train 0.246339 - val 0.233463
Epoch 1239/1500 - train 0.246141 - val 0.236689
Epoch 1240/1500 - train 0.246962 - val 0.234175
Epoch 1241/1500 - train 0.245596 - val 0.232784
Epoch 1242/1500 - train 0.245639 - val 0.235358
Epoch 1243/1500 - train 0.245892 - val 0.232982
Epoch 1244/1500 - train 0.246004 - val 0.233986
Epoch 1245/1500 - train 0.245516 - val 0.234943
Epoch 1246/1500 - train 0.246125 - val 0.234180
Epoch 1247/1500 - train 0.246540 - val 0.233454
Epoch 1248/1500 - train 0.245583 - val 0.232668
Epoch 1249/1500 - train 0.245447 - val 0.232812
Epoch 1250/1500 - train 0.245898 - val 0.235026
Epoch 1251/1500 - train 0.245404 - val 0.234040
Epoch 1252/1500 - train 0.245997 - val 0.233774
Epoch 1253/1500 - train 0.245519 - val 0.233878
Epoch 1254/1500 - train 0.245961 - val 0.232997
Epoch 1255/1500 - train 0.245489 - val 0.234823
Epoch 1256/1500 - train 0.245830 - val 0.233567
Epoch 1257/1500 - train 0.245649 - val 0.233868
Epoch 1258/1500 - train 0.245625 - val 0.234084
Epoch 1259/1500 - train 0.245570 - val 0.233317
Epoch 1260/1500 - train 0.245141 - val 0.233551
Epoch 1261/1500 - train 0.245450 - val 0.233058
Epoch 1262/1500 - train 0.244931 - val 0.235164
Epoch 1263/1500 - train 0.245172 - val 0.233797
Epoch 1264/1500 - train 0.245431 - val 0.233929
Epoch 1265/1500 - train 0.245631 - val 0.234123
Epoch 1266/1500 - train 0.245775 - val 0.235345
Epoch 1267/1500 - train 0.245923 - val 0.233887
Epoch 1268/1500 - train 0.245860 - val 0.234111
Epoch 1269/1500 - train 0.245026 - val 0.233350
Epoch 1270/1500 - train 0.245048 - val 0.233243
Epoch 1271/1500 - train 0.244598 - val 0.233429
Epoch 1272/1500 - train 0.245551 - val 0.233078
Epoch 1273/1500 - train 0.245084 - val 0.234034
Epoch 1274/1500 - train 0.245215 - val 0.233665
Epoch 1275/1500 - train 0.245540 - val 0.233095
Epoch 1276/1500 - train 0.245505 - val 0.235764
Epoch 1277/1500 - train 0.245640 - val 0.233269
Epoch 1278/1500 - train 0.245303 - val 0.233803
Epoch 1279/1500 - train 0.245490 - val 0.233882
Epoch 1280/1500 - train 0.245715 - val 0.233722
Epoch 1281/1500 - train 0.246038 - val 0.234323
Epoch 1282/1500 - train 0.246220 - val 0.233142
Epoch 1283/1500 - train 0.245828 - val 0.233517
Epoch 1284/1500 - train 0.245163 - val 0.234362
Epoch 1285/1500 - train 0.245472 - val 0.233357
Epoch 1286/1500 - train 0.245640 - val 0.233846
Epoch 1287/1500 - train 0.245219 - val 0.236213
Epoch 1288/1500 - train 0.245539 - val 0.234320
Epoch 1289/1500 - train 0.245566 - val 0.233813
Epoch 1290/1500 - train 0.245535 - val 0.234123
Epoch 1291/1500 - train 0.245263 - val 0.233068
Epoch 1292/1500 - train 0.245471 - val 0.233114
Epoch 1293/1500 - train 0.245226 - val 0.233644
Epoch 1294/1500 - train 0.245217 - val 0.235015
Epoch 1295/1500 - train 0.245469 - val 0.233611
Epoch 1296/1500 - train 0.245922 - val 0.233044
Epoch 1297/1500 - train 0.244941 - val 0.234229
Epoch 1298/1500 - train 0.245244 - val 0.233913
Epoch 1299/1500 - train 0.245709 - val 0.233459
Epoch 1300/1500 - train 0.244793 - val 0.234273
Epoch 1301/1500 - train 0.244956 - val 0.234435
Epoch 1302/1500 - train 0.245096 - val 0.234203
Epoch 1303/1500 - train 0.245338 - val 0.233870
Epoch 1304/1500 - train 0.245085 - val 0.234242
Epoch 1305/1500 - train 0.245560 - val 0.233486
Epoch 1306/1500 - train 0.244658 - val 0.232993
Epoch 1307/1500 - train 0.244943 - val 0.234210
Epoch 1308/1500 - train 0.245572 - val 0.233340
Epoch 1309/1500 - train 0.245212 - val 0.235041
Epoch 1310/1500 - train 0.245329 - val 0.235676
Epoch 1311/1500 - train 0.245285 - val 0.233449
Epoch 1312/1500 - train 0.244695 - val 0.234059
Epoch 1313/1500 - train 0.244981 - val 0.233532
Epoch 1314/1500 - train 0.245439 - val 0.234492
Epoch 1315/1500 - train 0.245234 - val 0.233231
Epoch 1316/1500 - train 0.245548 - val 0.233602
Epoch 1317/1500 - train 0.244876 - val 0.234060
Epoch 1318/1500 - train 0.246043 - val 0.235835
Epoch 1319/1500 - train 0.245972 - val 0.233154
Epoch 1320/1500 - train 0.244640 - val 0.233218
Epoch 1321/1500 - train 0.245007 - val 0.234211
Epoch 1322/1500 - train 0.245343 - val 0.233358
Epoch 1323/1500 - train 0.244959 - val 0.233624
Epoch 1324/1500 - train 0.244956 - val 0.233771
Epoch 1325/1500 - train 0.245060 - val 0.234999
Epoch 1326/1500 - train 0.245034 - val 0.233328
Epoch 1327/1500 - train 0.244958 - val 0.234551
Epoch 1328/1500 - train 0.245524 - val 0.233246
Epoch 1329/1500 - train 0.244865 - val 0.234300
Epoch 1330/1500 - train 0.244574 - val 0.234216
Epoch 1331/1500 - train 0.244888 - val 0.233924
Epoch 1332/1500 - train 0.244761 - val 0.233733
Epoch 1333/1500 - train 0.244714 - val 0.233908
Epoch 1334/1500 - train 0.245110 - val 0.236237
Epoch 1335/1500 - train 0.245668 - val 0.234811
Epoch 1336/1500 - train 0.245039 - val 0.233808
Epoch 1337/1500 - train 0.244725 - val 0.235632
Epoch 1338/1500 - train 0.244850 - val 0.233105
Epoch 1339/1500 - train 0.244392 - val 0.233091
Epoch 1340/1500 - train 0.244945 - val 0.233694
Epoch 1341/1500 - train 0.245167 - val 0.232666
Epoch 1342/1500 - train 0.244959 - val 0.233462
Epoch 1343/1500 - train 0.244553 - val 0.232880
Epoch 1344/1500 - train 0.244471 - val 0.233552
Epoch 1345/1500 - train 0.244911 - val 0.233986
Epoch 1346/1500 - train 0.244256 - val 0.233270
Epoch 1347/1500 - train 0.244801 - val 0.233457
Epoch 1348/1500 - train 0.244834 - val 0.234080
Epoch 1349/1500 - train 0.245002 - val 0.234082
Epoch 1350/1500 - train 0.244286 - val 0.233343
Epoch 1351/1500 - train 0.244354 - val 0.234621
Epoch 1352/1500 - train 0.245181 - val 0.233469
Epoch 1353/1500 - train 0.243901 - val 0.233127
Epoch 1354/1500 - train 0.244556 - val 0.237477
Epoch 1355/1500 - train 0.246922 - val 0.233679
Epoch 1356/1500 - train 0.244948 - val 0.233028
Epoch 1357/1500 - train 0.244518 - val 0.233413
Epoch 1358/1500 - train 0.244381 - val 0.233347
Epoch 1359/1500 - train 0.244217 - val 0.234668
Epoch 1360/1500 - train 0.244773 - val 0.234173
Epoch 1361/1500 - train 0.244731 - val 0.233215
Epoch 1362/1500 - train 0.244897 - val 0.234020
Epoch 1363/1500 - train 0.244630 - val 0.234152
Epoch 1364/1500 - train 0.244512 - val 0.234134
Epoch 1365/1500 - train 0.244501 - val 0.234608
Epoch 1366/1500 - train 0.244655 - val 0.233416
Epoch 1367/1500 - train 0.244459 - val 0.233810
Epoch 1368/1500 - train 0.244392 - val 0.233118
Epoch 1369/1500 - train 0.244357 - val 0.233584
Epoch 1370/1500 - train 0.244163 - val 0.232886
Epoch 1371/1500 - train 0.244230 - val 0.233818
Epoch 1372/1500 - train 0.245013 - val 0.233588
Epoch 1373/1500 - train 0.244460 - val 0.233739
Epoch 1374/1500 - train 0.244830 - val 0.234765
Epoch 1375/1500 - train 0.244648 - val 0.235339
Epoch 1376/1500 - train 0.245165 - val 0.233572
Epoch 1377/1500 - train 0.244417 - val 0.233587
Epoch 1378/1500 - train 0.244294 - val 0.233303
Epoch 1379/1500 - train 0.243998 - val 0.233617
Epoch 1380/1500 - train 0.243913 - val 0.234715
Epoch 1381/1500 - train 0.245538 - val 0.233738
Epoch 1382/1500 - train 0.244492 - val 0.233358
Epoch 1383/1500 - train 0.244280 - val 0.234710
Epoch 1384/1500 - train 0.244783 - val 0.233452
Epoch 1385/1500 - train 0.244187 - val 0.234218
Epoch 1386/1500 - train 0.244715 - val 0.234487
Epoch 1387/1500 - train 0.244613 - val 0.233192
Epoch 1388/1500 - train 0.244257 - val 0.233238
Epoch 1389/1500 - train 0.244389 - val 0.233905
Epoch 1390/1500 - train 0.244953 - val 0.233464
Epoch 1391/1500 - train 0.244055 - val 0.233260
Epoch 1392/1500 - train 0.244237 - val 0.233855
Epoch 1393/1500 - train 0.244241 - val 0.234580
Epoch 1394/1500 - train 0.243982 - val 0.234058
Epoch 1395/1500 - train 0.243480 - val 0.234599
Epoch 1396/1500 - train 0.244032 - val 0.235387
Epoch 1397/1500 - train 0.244848 - val 0.233409
Epoch 1398/1500 - train 0.243866 - val 0.235970
Epoch 1399/1500 - train 0.244395 - val 0.233438
Epoch 1400/1500 - train 0.244116 - val 0.234658
Epoch 1401/1500 - train 0.244014 - val 0.233978
Epoch 1402/1500 - train 0.244278 - val 0.233488
Epoch 1403/1500 - train 0.244036 - val 0.233734
Epoch 1404/1500 - train 0.244010 - val 0.233559
Epoch 1405/1500 - train 0.243551 - val 0.233386
Epoch 1406/1500 - train 0.244223 - val 0.233759
Epoch 1407/1500 - train 0.244127 - val 0.233216
Epoch 1408/1500 - train 0.244065 - val 0.234724
Epoch 1409/1500 - train 0.244780 - val 0.234000
Epoch 1410/1500 - train 0.244318 - val 0.233805
Epoch 1411/1500 - train 0.244337 - val 0.234533
Epoch 1412/1500 - train 0.244036 - val 0.233885
Epoch 1413/1500 - train 0.244296 - val 0.233872
Epoch 1414/1500 - train 0.243897 - val 0.234645
Epoch 1415/1500 - train 0.244170 - val 0.234962
Epoch 1416/1500 - train 0.244737 - val 0.235592
Epoch 1417/1500 - train 0.244074 - val 0.233087
Epoch 1418/1500 - train 0.243537 - val 0.234010
Epoch 1419/1500 - train 0.243760 - val 0.235014
Epoch 1420/1500 - train 0.245279 - val 0.233655
Epoch 1421/1500 - train 0.243707 - val 0.233691
Epoch 1422/1500 - train 0.243609 - val 0.234435
Epoch 1423/1500 - train 0.244315 - val 0.234993
Epoch 1424/1500 - train 0.244277 - val 0.233285
Epoch 1425/1500 - train 0.243797 - val 0.234841
Epoch 1426/1500 - train 0.243801 - val 0.233655
Epoch 1427/1500 - train 0.243751 - val 0.235015
Epoch 1428/1500 - train 0.244663 - val 0.234020
Epoch 1429/1500 - train 0.244142 - val 0.233723
Epoch 1430/1500 - train 0.243529 - val 0.234906
Epoch 1431/1500 - train 0.244056 - val 0.233100
Epoch 1432/1500 - train 0.244064 - val 0.233424
Epoch 1433/1500 - train 0.243674 - val 0.233681
Epoch 1434/1500 - train 0.244601 - val 0.234712
Epoch 1435/1500 - train 0.243940 - val 0.233726
Epoch 1436/1500 - train 0.243482 - val 0.234174
Epoch 1437/1500 - train 0.243967 - val 0.234222
Epoch 1438/1500 - train 0.244109 - val 0.234204
Epoch 1439/1500 - train 0.244384 - val 0.236204
Epoch 1440/1500 - train 0.244863 - val 0.233157
Epoch 1441/1500 - train 0.243923 - val 0.233629
Epoch 1442/1500 - train 0.243485 - val 0.234700
Epoch 1443/1500 - train 0.244219 - val 0.233334
Epoch 1444/1500 - train 0.243671 - val 0.233933
Epoch 1445/1500 - train 0.244000 - val 0.235788
Epoch 1446/1500 - train 0.244490 - val 0.234420
Epoch 1447/1500 - train 0.244279 - val 0.233991
Epoch 1448/1500 - train 0.244348 - val 0.234171
Epoch 1449/1500 - train 0.244055 - val 0.235359
Epoch 1450/1500 - train 0.244403 - val 0.233452
Epoch 1451/1500 - train 0.243969 - val 0.236193
Epoch 1452/1500 - train 0.244199 - val 0.233801
Epoch 1453/1500 - train 0.243771 - val 0.233784
Epoch 1454/1500 - train 0.243590 - val 0.234599
Epoch 1455/1500 - train 0.243468 - val 0.234597
Epoch 1456/1500 - train 0.243753 - val 0.233514
Epoch 1457/1500 - train 0.243854 - val 0.233376
Epoch 1458/1500 - train 0.244218 - val 0.233575
Epoch 1459/1500 - train 0.244259 - val 0.233404
Epoch 1460/1500 - train 0.243502 - val 0.234155
Epoch 1461/1500 - train 0.244072 - val 0.235187
Epoch 1462/1500 - train 0.244084 - val 0.234415
Epoch 1463/1500 - train 0.243707 - val 0.234607
Epoch 1464/1500 - train 0.243403 - val 0.233443
Epoch 1465/1500 - train 0.243847 - val 0.234477
Epoch 1466/1500 - train 0.243340 - val 0.233278
Epoch 1467/1500 - train 0.243405 - val 0.233833
Epoch 1468/1500 - train 0.243804 - val 0.235101
Epoch 1469/1500 - train 0.243556 - val 0.233535
Epoch 1470/1500 - train 0.243333 - val 0.234020
Epoch 1471/1500 - train 0.243632 - val 0.233353
Epoch 1472/1500 - train 0.243489 - val 0.233138
Epoch 1473/1500 - train 0.243379 - val 0.234634
Epoch 1474/1500 - train 0.243747 - val 0.234795
Epoch 1475/1500 - train 0.244282 - val 0.234393
Epoch 1476/1500 - train 0.243313 - val 0.235239
Epoch 1477/1500 - train 0.243711 - val 0.234201
Epoch 1478/1500 - train 0.243444 - val 0.234402
Epoch 1479/1500 - train 0.243520 - val 0.235087
Epoch 1480/1500 - train 0.243906 - val 0.235070
Epoch 1481/1500 - train 0.244255 - val 0.233457
Epoch 1482/1500 - train 0.243282 - val 0.234111
Epoch 1483/1500 - train 0.243558 - val 0.233099
Epoch 1484/1500 - train 0.243147 - val 0.234221
Epoch 1485/1500 - train 0.243403 - val 0.233657
Epoch 1486/1500 - train 0.243764 - val 0.234254
Epoch 1487/1500 - train 0.243411 - val 0.234414
Epoch 1488/1500 - train 0.243628 - val 0.234635
Epoch 1489/1500 - train 0.243650 - val 0.233268
Epoch 1490/1500 - train 0.243822 - val 0.235124
Epoch 1491/1500 - train 0.243408 - val 0.233522
Epoch 1492/1500 - train 0.243578 - val 0.234357
Epoch 1493/1500 - train 0.243777 - val 0.235782
Epoch 1494/1500 - train 0.243590 - val 0.235740
Epoch 1495/1500 - train 0.244557 - val 0.234597
Epoch 1496/1500 - train 0.244076 - val 0.233721
Epoch 1497/1500 - train 0.243236 - val 0.233869
Epoch 1498/1500 - train 0.243401 - val 0.233916
Epoch 1499/1500 - train 0.244421 - val 0.234522
Epoch 1500/1500 - train 0.243707 - val 0.233444
Saved model to /scratch/network/ak9088/NASA-RL-Wavefront-Control/RL/jobs/20251224_231933/exp-fc1-zscore-ep1500-bs2048-lr1e-3-s42-h128-64-images-do0.1/fc1_best.pth
