y: [[-8.89294595e-02  3.68765652e-01 -3.35200205e-02 ... -2.49889821e-01
   1.67958364e-02  4.47161561e-08]
 [-1.95354253e-01  3.17699492e-01  3.17823112e-01 ...  1.36494249e-01
  -1.03578465e-02  4.47161561e-08]
 [-2.90432423e-01 -1.80993274e-01  2.23017558e-01 ... -2.44340330e-01
  -2.15393677e-02  4.47161597e-08]
 ...
 [ 2.77905110e-02 -3.24629903e-01  2.85629988e-01 ...  5.68953492e-02
  -8.27765688e-02  4.47161561e-08]
 [-2.45659456e-01 -2.43513435e-01  6.57291114e-01 ...  1.29223362e-01
  -6.41752034e-02  4.47161597e-08]
 [-1.38641492e-01  1.17867850e-01  3.85931842e-02 ...  1.19241446e-01
  -2.43191440e-02  4.47161561e-08]]
Dataset loaded: N=100000 (original 100000), C=3, H=20, W=20, y_dim=26
using device: cpu
Epoch 1/750 - train 0.320910 - val 0.186398
Epoch 2/750 - train 0.197374 - val 0.136829
Epoch 3/750 - train 0.168405 - val 0.124090
Epoch 4/750 - train 0.156297 - val 0.110897
Epoch 5/750 - train 0.148927 - val 0.110353
Epoch 6/750 - train 0.143893 - val 0.106524
Epoch 7/750 - train 0.139439 - val 0.105178
Epoch 8/750 - train 0.136904 - val 0.106196
Epoch 9/750 - train 0.134454 - val 0.097586
Epoch 10/750 - train 0.132219 - val 0.094526
Epoch 11/750 - train 0.130000 - val 0.096856
Epoch 12/750 - train 0.127985 - val 0.094459
Epoch 13/750 - train 0.126609 - val 0.091179
Epoch 14/750 - train 0.125232 - val 0.091411
Epoch 15/750 - train 0.123475 - val 0.089772
Epoch 16/750 - train 0.122910 - val 0.086920
Epoch 17/750 - train 0.122348 - val 0.088662
Epoch 18/750 - train 0.120224 - val 0.088313
Epoch 19/750 - train 0.119606 - val 0.085231
Epoch 20/750 - train 0.119158 - val 0.087259
Epoch 21/750 - train 0.117913 - val 0.084009
Epoch 22/750 - train 0.117434 - val 0.082874
Epoch 23/750 - train 0.115935 - val 0.081520
Epoch 24/750 - train 0.115771 - val 0.081043
Epoch 25/750 - train 0.115086 - val 0.082607
Epoch 26/750 - train 0.114615 - val 0.080758
Epoch 27/750 - train 0.113709 - val 0.079594
Epoch 28/750 - train 0.113236 - val 0.080493
Epoch 29/750 - train 0.112895 - val 0.080467
Epoch 30/750 - train 0.112384 - val 0.086798
Epoch 31/750 - train 0.111611 - val 0.080404
Epoch 32/750 - train 0.110645 - val 0.078587
Epoch 33/750 - train 0.109883 - val 0.079150
Epoch 34/750 - train 0.110288 - val 0.077362
Epoch 35/750 - train 0.109199 - val 0.078997
Epoch 36/750 - train 0.108652 - val 0.076237
Epoch 37/750 - train 0.107610 - val 0.076385
Epoch 38/750 - train 0.107894 - val 0.074786
Epoch 39/750 - train 0.107548 - val 0.074928
Epoch 40/750 - train 0.106459 - val 0.073371
Epoch 41/750 - train 0.106690 - val 0.073214
Epoch 42/750 - train 0.105854 - val 0.076934
Epoch 43/750 - train 0.104745 - val 0.074153
Epoch 44/750 - train 0.104996 - val 0.076404
Epoch 45/750 - train 0.104055 - val 0.072984
Epoch 46/750 - train 0.103430 - val 0.072297
Epoch 47/750 - train 0.103157 - val 0.071993
Epoch 48/750 - train 0.103217 - val 0.069608
Epoch 49/750 - train 0.102924 - val 0.072146
Epoch 50/750 - train 0.102603 - val 0.075064
Epoch 51/750 - train 0.102012 - val 0.072205
Epoch 52/750 - train 0.101508 - val 0.069038
Epoch 53/750 - train 0.101102 - val 0.072328
Epoch 54/750 - train 0.101259 - val 0.072100
Epoch 55/750 - train 0.100899 - val 0.068407
Epoch 56/750 - train 0.099871 - val 0.066830
Epoch 57/750 - train 0.099728 - val 0.066423
Epoch 58/750 - train 0.098740 - val 0.069889
Epoch 59/750 - train 0.098840 - val 0.071679
Epoch 60/750 - train 0.099133 - val 0.068447
Epoch 61/750 - train 0.098473 - val 0.068985
Epoch 62/750 - train 0.097845 - val 0.064938
Epoch 63/750 - train 0.098567 - val 0.065209
Epoch 64/750 - train 0.098507 - val 0.067109
Epoch 65/750 - train 0.096991 - val 0.066535
Epoch 66/750 - train 0.096864 - val 0.066098
Epoch 67/750 - train 0.097145 - val 0.063979
Epoch 68/750 - train 0.095843 - val 0.063584
Epoch 69/750 - train 0.096594 - val 0.064602
Epoch 70/750 - train 0.096100 - val 0.063616
Epoch 71/750 - train 0.095986 - val 0.065448
Epoch 72/750 - train 0.095741 - val 0.065050
Epoch 73/750 - train 0.095387 - val 0.062988
Epoch 74/750 - train 0.095621 - val 0.069935
Epoch 75/750 - train 0.094581 - val 0.063395
Epoch 76/750 - train 0.095335 - val 0.062636
Epoch 77/750 - train 0.094270 - val 0.062223
Epoch 78/750 - train 0.093299 - val 0.066931
Epoch 79/750 - train 0.094646 - val 0.066453
Epoch 80/750 - train 0.093332 - val 0.065531
Epoch 81/750 - train 0.094106 - val 0.063183
Epoch 82/750 - train 0.093290 - val 0.066398
Epoch 83/750 - train 0.093487 - val 0.065381
Epoch 84/750 - train 0.092912 - val 0.063667
Epoch 85/750 - train 0.092417 - val 0.061599
Epoch 86/750 - train 0.092597 - val 0.062237
Epoch 87/750 - train 0.092665 - val 0.060155
Epoch 88/750 - train 0.091515 - val 0.061201
Epoch 89/750 - train 0.091860 - val 0.063816
Epoch 90/750 - train 0.091596 - val 0.064159
Epoch 91/750 - train 0.091340 - val 0.061596
Epoch 92/750 - train 0.091750 - val 0.062545
Epoch 93/750 - train 0.090667 - val 0.060147
Epoch 94/750 - train 0.090905 - val 0.064890
Epoch 95/750 - train 0.091616 - val 0.065713
Epoch 96/750 - train 0.090599 - val 0.060168
Epoch 97/750 - train 0.090227 - val 0.057767
Epoch 98/750 - train 0.090589 - val 0.060048
Epoch 99/750 - train 0.090242 - val 0.063173
Epoch 100/750 - train 0.089314 - val 0.058362
Epoch 101/750 - train 0.091073 - val 0.058358
Epoch 102/750 - train 0.089330 - val 0.060504
Epoch 103/750 - train 0.090070 - val 0.058689
Epoch 104/750 - train 0.089848 - val 0.058138
Epoch 105/750 - train 0.089324 - val 0.058332
Epoch 106/750 - train 0.088900 - val 0.061207
Epoch 107/750 - train 0.088681 - val 0.058474
Epoch 108/750 - train 0.087725 - val 0.063202
Epoch 109/750 - train 0.089088 - val 0.058905
Epoch 110/750 - train 0.088293 - val 0.058361
Epoch 111/750 - train 0.087635 - val 0.062107
Epoch 112/750 - train 0.088773 - val 0.058898
Epoch 113/750 - train 0.088280 - val 0.056886
Epoch 114/750 - train 0.088349 - val 0.056351
Epoch 115/750 - train 0.088200 - val 0.056618
Epoch 116/750 - train 0.087532 - val 0.061071
Epoch 117/750 - train 0.087445 - val 0.056358
Epoch 118/750 - train 0.087172 - val 0.060473
Epoch 119/750 - train 0.088165 - val 0.058315
Epoch 120/750 - train 0.088020 - val 0.059713
Epoch 121/750 - train 0.086919 - val 0.055306
Epoch 122/750 - train 0.087136 - val 0.055763
Epoch 123/750 - train 0.086596 - val 0.059580
Epoch 124/750 - train 0.086930 - val 0.055969
Epoch 125/750 - train 0.086661 - val 0.057154
Epoch 126/750 - train 0.086287 - val 0.057242
Epoch 127/750 - train 0.085992 - val 0.055179
Epoch 128/750 - train 0.086413 - val 0.059151
Epoch 129/750 - train 0.086950 - val 0.057856
Epoch 130/750 - train 0.085675 - val 0.055696
Epoch 131/750 - train 0.086226 - val 0.055945
Epoch 132/750 - train 0.086548 - val 0.056530
Epoch 133/750 - train 0.085265 - val 0.055071
Epoch 134/750 - train 0.085801 - val 0.056516
Epoch 135/750 - train 0.086233 - val 0.056039
Epoch 136/750 - train 0.085159 - val 0.060360
Epoch 137/750 - train 0.085088 - val 0.059543
Epoch 138/750 - train 0.085651 - val 0.059669
Epoch 139/750 - train 0.085108 - val 0.055106
Epoch 140/750 - train 0.084857 - val 0.060564
Epoch 141/750 - train 0.085139 - val 0.056905
Epoch 142/750 - train 0.085744 - val 0.056293
Epoch 143/750 - train 0.084514 - val 0.055853
Epoch 144/750 - train 0.084868 - val 0.055445
Epoch 145/750 - train 0.084557 - val 0.055462
Epoch 146/750 - train 0.085786 - val 0.056735
Epoch 147/750 - train 0.084836 - val 0.055143
Epoch 148/750 - train 0.084112 - val 0.054806
Epoch 149/750 - train 0.083894 - val 0.054701
Epoch 150/750 - train 0.084546 - val 0.054637
Epoch 151/750 - train 0.084795 - val 0.053436
Epoch 152/750 - train 0.084293 - val 0.054685
Epoch 153/750 - train 0.083940 - val 0.053213
Epoch 154/750 - train 0.083915 - val 0.054455
Epoch 155/750 - train 0.082981 - val 0.054532
Epoch 156/750 - train 0.083897 - val 0.053055
Epoch 157/750 - train 0.083292 - val 0.056518
Epoch 158/750 - train 0.084379 - val 0.054318
Epoch 159/750 - train 0.083805 - val 0.054317
Epoch 160/750 - train 0.083123 - val 0.055564
Epoch 161/750 - train 0.083968 - val 0.054123
Epoch 162/750 - train 0.083094 - val 0.054354
Epoch 163/750 - train 0.083312 - val 0.052511
Epoch 164/750 - train 0.083777 - val 0.053305
Epoch 165/750 - train 0.083009 - val 0.054282
Epoch 166/750 - train 0.082973 - val 0.053639
Epoch 167/750 - train 0.082644 - val 0.054610
Epoch 168/750 - train 0.082841 - val 0.053205
Epoch 169/750 - train 0.082609 - val 0.057023
Epoch 170/750 - train 0.083964 - val 0.052697
Epoch 171/750 - train 0.082011 - val 0.058297
Epoch 172/750 - train 0.082141 - val 0.053184
Epoch 173/750 - train 0.082614 - val 0.063236
Epoch 174/750 - train 0.081962 - val 0.057554
Epoch 175/750 - train 0.082267 - val 0.052011
Epoch 176/750 - train 0.081476 - val 0.051713
Epoch 177/750 - train 0.082250 - val 0.057625
Epoch 178/750 - train 0.082284 - val 0.054589
Epoch 179/750 - train 0.082360 - val 0.055606
Epoch 180/750 - train 0.082097 - val 0.052334
Epoch 181/750 - train 0.081729 - val 0.057563
Epoch 182/750 - train 0.081872 - val 0.051642
Epoch 183/750 - train 0.081423 - val 0.053292
Epoch 184/750 - train 0.081973 - val 0.058958
Epoch 185/750 - train 0.081610 - val 0.052689
Epoch 186/750 - train 0.081846 - val 0.052156
Epoch 187/750 - train 0.080519 - val 0.052815
Epoch 188/750 - train 0.082092 - val 0.057104
Epoch 189/750 - train 0.081395 - val 0.055916
Epoch 190/750 - train 0.081010 - val 0.051461
Epoch 191/750 - train 0.081294 - val 0.053044
Epoch 192/750 - train 0.082036 - val 0.054030
Epoch 193/750 - train 0.081163 - val 0.055322
Epoch 194/750 - train 0.081238 - val 0.051566
Epoch 195/750 - train 0.081612 - val 0.052448
Epoch 196/750 - train 0.080508 - val 0.053600
Epoch 197/750 - train 0.080984 - val 0.055768
Epoch 198/750 - train 0.080728 - val 0.050790
Epoch 199/750 - train 0.081101 - val 0.050698
Epoch 200/750 - train 0.080747 - val 0.051118
Epoch 201/750 - train 0.080278 - val 0.052175
Epoch 202/750 - train 0.079897 - val 0.051094
Epoch 203/750 - train 0.080514 - val 0.051287
Epoch 204/750 - train 0.079769 - val 0.050976
Epoch 205/750 - train 0.080614 - val 0.051314
Epoch 206/750 - train 0.080186 - val 0.050889
Epoch 207/750 - train 0.080720 - val 0.051383
Epoch 208/750 - train 0.080162 - val 0.052730
Epoch 209/750 - train 0.080238 - val 0.051151
Epoch 210/750 - train 0.079770 - val 0.052030
Epoch 211/750 - train 0.079515 - val 0.051084
Epoch 212/750 - train 0.079370 - val 0.051992
Epoch 213/750 - train 0.079972 - val 0.053181
Epoch 214/750 - train 0.079861 - val 0.052901
Epoch 215/750 - train 0.079804 - val 0.054578
Epoch 216/750 - train 0.079143 - val 0.051885
Epoch 217/750 - train 0.079449 - val 0.051213
Epoch 218/750 - train 0.079184 - val 0.050006
Epoch 219/750 - train 0.079329 - val 0.057596
Epoch 220/750 - train 0.079581 - val 0.050132
Epoch 221/750 - train 0.078741 - val 0.050714
Epoch 222/750 - train 0.080631 - val 0.050233
Epoch 223/750 - train 0.079371 - val 0.051257
Epoch 224/750 - train 0.079720 - val 0.052616
Epoch 225/750 - train 0.078884 - val 0.050685
Epoch 226/750 - train 0.078985 - val 0.054089
Epoch 227/750 - train 0.079420 - val 0.050720
Epoch 228/750 - train 0.078930 - val 0.049135
Epoch 229/750 - train 0.078395 - val 0.050065
Epoch 230/750 - train 0.078498 - val 0.050145
Epoch 231/750 - train 0.079365 - val 0.050063
Epoch 232/750 - train 0.079083 - val 0.049679
Epoch 233/750 - train 0.078604 - val 0.048914
Epoch 234/750 - train 0.078303 - val 0.049388
Epoch 235/750 - train 0.078411 - val 0.051842
Epoch 236/750 - train 0.079354 - val 0.050007
Epoch 237/750 - train 0.077997 - val 0.049771
Epoch 238/750 - train 0.078258 - val 0.050095
Epoch 239/750 - train 0.078381 - val 0.049594
Epoch 240/750 - train 0.078442 - val 0.051336
Epoch 241/750 - train 0.078553 - val 0.050812
Epoch 242/750 - train 0.078833 - val 0.051132
Epoch 243/750 - train 0.078377 - val 0.049091
Epoch 244/750 - train 0.077918 - val 0.050375
Epoch 245/750 - train 0.078246 - val 0.050371
Epoch 246/750 - train 0.077584 - val 0.056761
Epoch 247/750 - train 0.077801 - val 0.050799
Epoch 248/750 - train 0.077662 - val 0.052752
Epoch 249/750 - train 0.078180 - val 0.049416
Epoch 250/750 - train 0.078071 - val 0.048435
Epoch 251/750 - train 0.078201 - val 0.052482
Epoch 252/750 - train 0.077814 - val 0.051828
Epoch 253/750 - train 0.077393 - val 0.050247
Epoch 254/750 - train 0.077426 - val 0.050009
Epoch 255/750 - train 0.077795 - val 0.049221
Epoch 256/750 - train 0.077594 - val 0.049541
Epoch 257/750 - train 0.077076 - val 0.049040
Epoch 258/750 - train 0.077681 - val 0.049450
Epoch 259/750 - train 0.077363 - val 0.049133
Epoch 260/750 - train 0.077800 - val 0.053859
Epoch 261/750 - train 0.077781 - val 0.050546
Epoch 262/750 - train 0.078128 - val 0.049654
Epoch 263/750 - train 0.077378 - val 0.048435
Epoch 264/750 - train 0.076488 - val 0.048771
Epoch 265/750 - train 0.076966 - val 0.050561
Epoch 266/750 - train 0.077342 - val 0.048309
Epoch 267/750 - train 0.076872 - val 0.050088
Epoch 268/750 - train 0.077367 - val 0.049992
Epoch 269/750 - train 0.076912 - val 0.049359
Epoch 270/750 - train 0.076888 - val 0.052142
Epoch 271/750 - train 0.077045 - val 0.049196
Epoch 272/750 - train 0.076931 - val 0.047863
Epoch 273/750 - train 0.076865 - val 0.047748
Epoch 274/750 - train 0.077231 - val 0.047288
Epoch 275/750 - train 0.076639 - val 0.047755
Epoch 276/750 - train 0.077316 - val 0.047858
Epoch 277/750 - train 0.076765 - val 0.048379
Epoch 278/750 - train 0.077027 - val 0.048498
Epoch 279/750 - train 0.075906 - val 0.050087
Epoch 280/750 - train 0.076189 - val 0.057231
Epoch 281/750 - train 0.077407 - val 0.050503
Epoch 282/750 - train 0.076232 - val 0.049973
Epoch 283/750 - train 0.076293 - val 0.048690
Epoch 284/750 - train 0.076740 - val 0.050301
Epoch 285/750 - train 0.076167 - val 0.047501
Epoch 286/750 - train 0.076756 - val 0.050353
Epoch 287/750 - train 0.076829 - val 0.049189
Epoch 288/750 - train 0.077193 - val 0.048266
Epoch 289/750 - train 0.076120 - val 0.050726
Epoch 290/750 - train 0.076143 - val 0.048831
Epoch 291/750 - train 0.075603 - val 0.047865
Epoch 292/750 - train 0.076220 - val 0.057052
Epoch 293/750 - train 0.077268 - val 0.047615
Epoch 294/750 - train 0.075121 - val 0.050277
Epoch 295/750 - train 0.076237 - val 0.047822
Epoch 296/750 - train 0.076323 - val 0.049939
Epoch 297/750 - train 0.075896 - val 0.051072
Epoch 298/750 - train 0.076447 - val 0.047758
Epoch 299/750 - train 0.076031 - val 0.049969
Epoch 300/750 - train 0.075213 - val 0.046897
Epoch 301/750 - train 0.076074 - val 0.049663
Epoch 302/750 - train 0.076155 - val 0.051216
Epoch 303/750 - train 0.075144 - val 0.048906
Epoch 304/750 - train 0.076425 - val 0.048235
Epoch 305/750 - train 0.075386 - val 0.047291
Epoch 306/750 - train 0.075925 - val 0.048825
Epoch 307/750 - train 0.075655 - val 0.048840
Epoch 308/750 - train 0.075312 - val 0.047145
Epoch 309/750 - train 0.074947 - val 0.048598
Epoch 310/750 - train 0.075506 - val 0.049345
Epoch 311/750 - train 0.075919 - val 0.056998
Epoch 312/750 - train 0.076005 - val 0.048348
Epoch 313/750 - train 0.074698 - val 0.050172
Epoch 314/750 - train 0.075681 - val 0.048862
Epoch 315/750 - train 0.075389 - val 0.048831
Epoch 316/750 - train 0.075686 - val 0.048535
Epoch 317/750 - train 0.075407 - val 0.053705
Epoch 318/750 - train 0.075872 - val 0.046571
Epoch 319/750 - train 0.074455 - val 0.046808
Epoch 320/750 - train 0.074869 - val 0.048135
Epoch 321/750 - train 0.075357 - val 0.046945
Epoch 322/750 - train 0.074374 - val 0.047639
Epoch 323/750 - train 0.074992 - val 0.049298
Epoch 324/750 - train 0.074909 - val 0.045990
Epoch 325/750 - train 0.074938 - val 0.047252
Epoch 326/750 - train 0.074866 - val 0.046724
Epoch 327/750 - train 0.075044 - val 0.047018
Epoch 328/750 - train 0.074809 - val 0.047984
Epoch 329/750 - train 0.074677 - val 0.047290
Epoch 330/750 - train 0.075512 - val 0.046592
Epoch 331/750 - train 0.074385 - val 0.046689
Epoch 332/750 - train 0.075455 - val 0.050719
Epoch 333/750 - train 0.074979 - val 0.049733
Epoch 334/750 - train 0.074966 - val 0.046109
Epoch 335/750 - train 0.075021 - val 0.047275
Epoch 336/750 - train 0.074113 - val 0.046725
Epoch 337/750 - train 0.074136 - val 0.046520
Epoch 338/750 - train 0.074441 - val 0.046708
Epoch 339/750 - train 0.074862 - val 0.047035
Epoch 340/750 - train 0.074843 - val 0.057400
Epoch 341/750 - train 0.074688 - val 0.049568
Epoch 342/750 - train 0.074473 - val 0.047091
Epoch 343/750 - train 0.074053 - val 0.046245
Epoch 344/750 - train 0.074153 - val 0.053977
Epoch 345/750 - train 0.074663 - val 0.046949
Epoch 346/750 - train 0.074418 - val 0.048532
Epoch 347/750 - train 0.073930 - val 0.047391
Epoch 348/750 - train 0.074429 - val 0.046554
Epoch 349/750 - train 0.074608 - val 0.046936
Epoch 350/750 - train 0.074737 - val 0.050796
Epoch 351/750 - train 0.074342 - val 0.045996
Epoch 352/750 - train 0.074477 - val 0.048994
Epoch 353/750 - train 0.073939 - val 0.046689
Epoch 354/750 - train 0.073529 - val 0.046761
Epoch 355/750 - train 0.073984 - val 0.046724
Epoch 356/750 - train 0.073678 - val 0.046782
Epoch 357/750 - train 0.074523 - val 0.048639
Epoch 358/750 - train 0.074088 - val 0.048080
Epoch 359/750 - train 0.074091 - val 0.047077
Epoch 360/750 - train 0.073838 - val 0.046348
Epoch 361/750 - train 0.074042 - val 0.046745
Epoch 362/750 - train 0.073874 - val 0.046122
Epoch 363/750 - train 0.073349 - val 0.046929
Epoch 364/750 - train 0.074060 - val 0.045941
Epoch 365/750 - train 0.073287 - val 0.048372
Epoch 366/750 - train 0.073252 - val 0.045892
Epoch 367/750 - train 0.073684 - val 0.045363
Epoch 368/750 - train 0.073364 - val 0.047407
Epoch 369/750 - train 0.072828 - val 0.047907
Epoch 370/750 - train 0.074068 - val 0.045841
Epoch 371/750 - train 0.073919 - val 0.046877
Epoch 372/750 - train 0.073389 - val 0.050662
Epoch 373/750 - train 0.073484 - val 0.047553
Epoch 374/750 - train 0.073740 - val 0.046259
Epoch 375/750 - train 0.073100 - val 0.045573
Epoch 376/750 - train 0.073538 - val 0.047757
Epoch 377/750 - train 0.073908 - val 0.046047
Epoch 378/750 - train 0.073383 - val 0.045815
Epoch 379/750 - train 0.073237 - val 0.055030
Epoch 380/750 - train 0.073114 - val 0.046449
Epoch 381/750 - train 0.073127 - val 0.049263
Epoch 382/750 - train 0.073562 - val 0.045350
Epoch 383/750 - train 0.073539 - val 0.046342
Epoch 384/750 - train 0.073096 - val 0.048930
Epoch 385/750 - train 0.073987 - val 0.047317
Epoch 386/750 - train 0.073363 - val 0.049308
Epoch 387/750 - train 0.072876 - val 0.045900
Epoch 388/750 - train 0.073371 - val 0.044851
Epoch 389/750 - train 0.072661 - val 0.052220
Epoch 390/750 - train 0.072677 - val 0.045848
Epoch 391/750 - train 0.073714 - val 0.045351
Epoch 392/750 - train 0.072716 - val 0.045271
Epoch 393/750 - train 0.073083 - val 0.045393
Epoch 394/750 - train 0.073132 - val 0.045518
Epoch 395/750 - train 0.073214 - val 0.046028
Epoch 396/750 - train 0.072304 - val 0.045360
Epoch 397/750 - train 0.073550 - val 0.050758
Epoch 398/750 - train 0.072926 - val 0.048800
Epoch 399/750 - train 0.072610 - val 0.044307
Epoch 400/750 - train 0.073466 - val 0.046655
Epoch 401/750 - train 0.072332 - val 0.046264
Epoch 402/750 - train 0.072845 - val 0.052570
Epoch 403/750 - train 0.072989 - val 0.045780
Epoch 404/750 - train 0.072698 - val 0.047123
Epoch 405/750 - train 0.072858 - val 0.045675
Epoch 406/750 - train 0.073005 - val 0.048429
Epoch 407/750 - train 0.072745 - val 0.045961
Epoch 408/750 - train 0.072446 - val 0.045340
Epoch 409/750 - train 0.073045 - val 0.046266
Epoch 410/750 - train 0.072789 - val 0.045080
Epoch 411/750 - train 0.072689 - val 0.045347
Epoch 412/750 - train 0.072689 - val 0.045640
Epoch 413/750 - train 0.073287 - val 0.044842
Epoch 414/750 - train 0.072186 - val 0.044817
Epoch 415/750 - train 0.072050 - val 0.044583
Epoch 416/750 - train 0.072222 - val 0.047979
Epoch 417/750 - train 0.073084 - val 0.047381
Epoch 418/750 - train 0.071593 - val 0.045198
Epoch 419/750 - train 0.072697 - val 0.045184
Epoch 420/750 - train 0.072220 - val 0.045447
Epoch 421/750 - train 0.072615 - val 0.050600
Epoch 422/750 - train 0.072338 - val 0.045697
Epoch 423/750 - train 0.072383 - val 0.045865
Epoch 424/750 - train 0.072116 - val 0.044633
Epoch 425/750 - train 0.072439 - val 0.049338
Epoch 426/750 - train 0.072800 - val 0.045461
Epoch 427/750 - train 0.072292 - val 0.047095
Epoch 428/750 - train 0.071988 - val 0.045569
Epoch 429/750 - train 0.071609 - val 0.045384
Epoch 430/750 - train 0.072347 - val 0.044772
Epoch 431/750 - train 0.072342 - val 0.050430
Epoch 432/750 - train 0.072595 - val 0.044763
Epoch 433/750 - train 0.072039 - val 0.045475
Epoch 434/750 - train 0.072039 - val 0.045585
Epoch 435/750 - train 0.071650 - val 0.047914
Epoch 436/750 - train 0.072143 - val 0.044091
Epoch 437/750 - train 0.071939 - val 0.045179
Epoch 438/750 - train 0.072386 - val 0.045985
Epoch 439/750 - train 0.072010 - val 0.046009
Epoch 440/750 - train 0.072094 - val 0.047045
Epoch 441/750 - train 0.072107 - val 0.045912
Epoch 442/750 - train 0.071445 - val 0.044394
Epoch 443/750 - train 0.072493 - val 0.052336
Epoch 444/750 - train 0.071746 - val 0.044553
Epoch 445/750 - train 0.071570 - val 0.044872
Epoch 446/750 - train 0.072257 - val 0.046115
Epoch 447/750 - train 0.072118 - val 0.043993
Epoch 448/750 - train 0.071797 - val 0.049477
Epoch 449/750 - train 0.071781 - val 0.044805
Epoch 450/750 - train 0.072052 - val 0.044760
Epoch 451/750 - train 0.071270 - val 0.044515
Epoch 452/750 - train 0.071332 - val 0.048020
Epoch 453/750 - train 0.071705 - val 0.048420
Epoch 454/750 - train 0.071288 - val 0.044273
Epoch 455/750 - train 0.071942 - val 0.046257
Epoch 456/750 - train 0.072044 - val 0.044852
Epoch 457/750 - train 0.071185 - val 0.043631
Epoch 458/750 - train 0.071219 - val 0.044208
Epoch 459/750 - train 0.071371 - val 0.044483
Epoch 460/750 - train 0.071694 - val 0.044636
Epoch 461/750 - train 0.071889 - val 0.044512
Epoch 462/750 - train 0.071104 - val 0.045096
Epoch 463/750 - train 0.071384 - val 0.044733
Epoch 464/750 - train 0.071639 - val 0.054309
Epoch 465/750 - train 0.071362 - val 0.043474
Epoch 466/750 - train 0.070800 - val 0.049284
Epoch 467/750 - train 0.071629 - val 0.049117
Epoch 468/750 - train 0.071185 - val 0.046038
Epoch 469/750 - train 0.071079 - val 0.043192
Epoch 470/750 - train 0.072268 - val 0.045851
Epoch 471/750 - train 0.070848 - val 0.042970
Epoch 472/750 - train 0.070702 - val 0.044971
Epoch 473/750 - train 0.070996 - val 0.043958
Epoch 474/750 - train 0.071046 - val 0.043874
Epoch 475/750 - train 0.071207 - val 0.045881
Epoch 476/750 - train 0.071563 - val 0.052616
Epoch 477/750 - train 0.071689 - val 0.046727
Epoch 478/750 - train 0.070745 - val 0.044603
Epoch 479/750 - train 0.070644 - val 0.043637
Epoch 480/750 - train 0.070309 - val 0.046026
Epoch 481/750 - train 0.071111 - val 0.044837
Epoch 482/750 - train 0.071469 - val 0.044231
Epoch 483/750 - train 0.070928 - val 0.043860
Epoch 484/750 - train 0.070787 - val 0.050320
Epoch 485/750 - train 0.070872 - val 0.043085
Epoch 486/750 - train 0.071084 - val 0.045267
Epoch 487/750 - train 0.071293 - val 0.045537
Epoch 488/750 - train 0.070845 - val 0.044153
Epoch 489/750 - train 0.070841 - val 0.043442
Epoch 490/750 - train 0.070735 - val 0.044546
Epoch 491/750 - train 0.070543 - val 0.043663
Epoch 492/750 - train 0.070315 - val 0.046414
Epoch 493/750 - train 0.070402 - val 0.043896
Epoch 494/750 - train 0.071320 - val 0.045035
Epoch 495/750 - train 0.070594 - val 0.043595
Epoch 496/750 - train 0.071162 - val 0.046260
Epoch 497/750 - train 0.071278 - val 0.045821
Epoch 498/750 - train 0.070372 - val 0.044274
Epoch 499/750 - train 0.070954 - val 0.042772
Epoch 500/750 - train 0.070660 - val 0.043880
Epoch 501/750 - train 0.070444 - val 0.043998
Epoch 502/750 - train 0.070877 - val 0.043872
Epoch 503/750 - train 0.070376 - val 0.044535
Epoch 504/750 - train 0.070055 - val 0.044735
Epoch 505/750 - train 0.070568 - val 0.043593
Epoch 506/750 - train 0.070642 - val 0.043371
Epoch 507/750 - train 0.070031 - val 0.045355
Epoch 508/750 - train 0.070411 - val 0.054071
Epoch 509/750 - train 0.070654 - val 0.045710
Epoch 510/750 - train 0.069979 - val 0.043517
Epoch 511/750 - train 0.071399 - val 0.045384
Epoch 512/750 - train 0.069928 - val 0.044807
Epoch 513/750 - train 0.070567 - val 0.044178
Epoch 514/750 - train 0.070442 - val 0.043887
Epoch 515/750 - train 0.069806 - val 0.043285
Epoch 516/750 - train 0.070584 - val 0.044928
Epoch 517/750 - train 0.070564 - val 0.042636
Epoch 518/750 - train 0.070307 - val 0.048137
Epoch 519/750 - train 0.070492 - val 0.043237
Epoch 520/750 - train 0.069886 - val 0.044674
Epoch 521/750 - train 0.070412 - val 0.049870
Epoch 522/750 - train 0.070575 - val 0.044632
Epoch 523/750 - train 0.070646 - val 0.047199
Epoch 524/750 - train 0.070442 - val 0.044232
Epoch 525/750 - train 0.069845 - val 0.043841
Epoch 526/750 - train 0.070127 - val 0.045641
Epoch 527/750 - train 0.070228 - val 0.042610
Epoch 528/750 - train 0.070710 - val 0.043496
Epoch 529/750 - train 0.069865 - val 0.042751
Epoch 530/750 - train 0.070781 - val 0.044170
Epoch 531/750 - train 0.070140 - val 0.045868
Epoch 532/750 - train 0.069670 - val 0.044991
Epoch 533/750 - train 0.069997 - val 0.042633
Epoch 534/750 - train 0.069640 - val 0.046677
Epoch 535/750 - train 0.069796 - val 0.042962
Epoch 536/750 - train 0.070345 - val 0.044411
Epoch 537/750 - train 0.069653 - val 0.042430
Epoch 538/750 - train 0.070045 - val 0.043303
Epoch 539/750 - train 0.069779 - val 0.044233
Epoch 540/750 - train 0.070029 - val 0.043733
Epoch 541/750 - train 0.069697 - val 0.043453
Epoch 542/750 - train 0.070011 - val 0.043884
Epoch 543/750 - train 0.069583 - val 0.042849
Epoch 544/750 - train 0.069997 - val 0.048611
Epoch 545/750 - train 0.069695 - val 0.043154
Epoch 546/750 - train 0.069880 - val 0.048116
Epoch 547/750 - train 0.069795 - val 0.044128
Epoch 548/750 - train 0.069665 - val 0.043955
Epoch 549/750 - train 0.070495 - val 0.043134
Epoch 550/750 - train 0.069157 - val 0.044716
Epoch 551/750 - train 0.069744 - val 0.042932
Epoch 552/750 - train 0.068947 - val 0.046321
Epoch 553/750 - train 0.069518 - val 0.044023
Epoch 554/750 - train 0.069432 - val 0.043269
Epoch 555/750 - train 0.069452 - val 0.047119
Epoch 556/750 - train 0.069989 - val 0.048336
Epoch 557/750 - train 0.070021 - val 0.043546
Epoch 558/750 - train 0.069212 - val 0.046059
Epoch 559/750 - train 0.069870 - val 0.043678
Epoch 560/750 - train 0.069449 - val 0.043343
Epoch 561/750 - train 0.069873 - val 0.042900
Epoch 562/750 - train 0.069026 - val 0.041934
Epoch 563/750 - train 0.069906 - val 0.043770
Epoch 564/750 - train 0.069512 - val 0.044481
Epoch 565/750 - train 0.070178 - val 0.043063
Epoch 566/750 - train 0.069721 - val 0.043299
Epoch 567/750 - train 0.069398 - val 0.044436
Epoch 568/750 - train 0.069369 - val 0.041856
Epoch 569/750 - train 0.069511 - val 0.046372
Epoch 570/750 - train 0.069713 - val 0.041314
Epoch 571/750 - train 0.069490 - val 0.043826
Epoch 572/750 - train 0.069981 - val 0.042686
Epoch 573/750 - train 0.069252 - val 0.046202
Epoch 574/750 - train 0.069636 - val 0.045094
Epoch 575/750 - train 0.069430 - val 0.046666
Epoch 576/750 - train 0.069386 - val 0.043184
Epoch 577/750 - train 0.069006 - val 0.046305
Epoch 578/750 - train 0.069417 - val 0.043202
Epoch 579/750 - train 0.069035 - val 0.042808
Epoch 580/750 - train 0.069387 - val 0.043096
Epoch 581/750 - train 0.069222 - val 0.042584
Epoch 582/750 - train 0.069094 - val 0.044253
Epoch 583/750 - train 0.069143 - val 0.043949
Epoch 584/750 - train 0.069607 - val 0.043536
Epoch 585/750 - train 0.069127 - val 0.044634
Epoch 586/750 - train 0.068972 - val 0.043038
Epoch 587/750 - train 0.069613 - val 0.043290
Epoch 588/750 - train 0.069039 - val 0.046793
Epoch 589/750 - train 0.069687 - val 0.043564
Epoch 590/750 - train 0.068975 - val 0.045379
Epoch 591/750 - train 0.068907 - val 0.045545
Epoch 592/750 - train 0.069554 - val 0.044063
Epoch 593/750 - train 0.068368 - val 0.042193
Epoch 594/750 - train 0.069171 - val 0.042232
Epoch 595/750 - train 0.069395 - val 0.042316
Epoch 596/750 - train 0.069762 - val 0.042461
Epoch 597/750 - train 0.069498 - val 0.043928
Epoch 598/750 - train 0.068692 - val 0.044976
Epoch 599/750 - train 0.069162 - val 0.042496
Epoch 600/750 - train 0.069116 - val 0.042755
Epoch 601/750 - train 0.069014 - val 0.044904
Epoch 602/750 - train 0.068823 - val 0.042002
Epoch 603/750 - train 0.068402 - val 0.042293
Epoch 604/750 - train 0.069226 - val 0.050212
Epoch 605/750 - train 0.068898 - val 0.045980
Epoch 606/750 - train 0.068580 - val 0.046071
Epoch 607/750 - train 0.068897 - val 0.042919
Epoch 608/750 - train 0.069323 - val 0.042110
Epoch 609/750 - train 0.068400 - val 0.043811
Epoch 610/750 - train 0.069112 - val 0.042244
Epoch 611/750 - train 0.068684 - val 0.042666
Epoch 612/750 - train 0.069352 - val 0.042439
Epoch 613/750 - train 0.069143 - val 0.043895
Epoch 614/750 - train 0.068622 - val 0.043499
Epoch 615/750 - train 0.068672 - val 0.043395
Epoch 616/750 - train 0.068450 - val 0.042554
Epoch 617/750 - train 0.068839 - val 0.043812
Epoch 618/750 - train 0.068749 - val 0.043237
Epoch 619/750 - train 0.069182 - val 0.042470
Epoch 620/750 - train 0.068313 - val 0.042652
Epoch 621/750 - train 0.068147 - val 0.042015
Epoch 622/750 - train 0.069040 - val 0.043409
Epoch 623/750 - train 0.068667 - val 0.044027
Epoch 624/750 - train 0.068590 - val 0.043320
Epoch 625/750 - train 0.068470 - val 0.044345
Epoch 626/750 - train 0.068811 - val 0.042653
Epoch 627/750 - train 0.068911 - val 0.042133
Epoch 628/750 - train 0.068122 - val 0.044392
Epoch 629/750 - train 0.068742 - val 0.052060
Epoch 630/750 - train 0.068483 - val 0.041865
Epoch 631/750 - train 0.068467 - val 0.043328
Epoch 632/750 - train 0.068546 - val 0.042806
Epoch 633/750 - train 0.068985 - val 0.042312
Epoch 634/750 - train 0.068918 - val 0.043294
Epoch 635/750 - train 0.068322 - val 0.041981
Epoch 636/750 - train 0.067777 - val 0.045177
Epoch 637/750 - train 0.069452 - val 0.041593
Epoch 638/750 - train 0.068404 - val 0.043161
Epoch 639/750 - train 0.068565 - val 0.046762
Epoch 640/750 - train 0.069030 - val 0.043675
Epoch 641/750 - train 0.068311 - val 0.049257
Epoch 642/750 - train 0.068727 - val 0.042294
Epoch 643/750 - train 0.067962 - val 0.041908
Epoch 644/750 - train 0.068163 - val 0.044914
Epoch 645/750 - train 0.068243 - val 0.044556
Epoch 646/750 - train 0.068181 - val 0.042018
Epoch 647/750 - train 0.068834 - val 0.042643
Epoch 648/750 - train 0.068334 - val 0.041460
Epoch 649/750 - train 0.068612 - val 0.041607
Epoch 650/750 - train 0.067910 - val 0.042012
Epoch 651/750 - train 0.068396 - val 0.043666
Epoch 652/750 - train 0.068493 - val 0.041822
Epoch 653/750 - train 0.068569 - val 0.041386
Epoch 654/750 - train 0.067887 - val 0.041735
Epoch 655/750 - train 0.068172 - val 0.041260
Epoch 656/750 - train 0.068542 - val 0.042486
Epoch 657/750 - train 0.068304 - val 0.045735
Epoch 658/750 - train 0.067768 - val 0.045485
Epoch 659/750 - train 0.068402 - val 0.043032
Epoch 660/750 - train 0.069013 - val 0.042761
Epoch 661/750 - train 0.067718 - val 0.041847
Epoch 662/750 - train 0.068218 - val 0.042906
Epoch 663/750 - train 0.068263 - val 0.043212
Epoch 664/750 - train 0.068149 - val 0.041004
Epoch 665/750 - train 0.067611 - val 0.042943
Epoch 666/750 - train 0.068094 - val 0.041251
Epoch 667/750 - train 0.068218 - val 0.041499
Epoch 668/750 - train 0.068179 - val 0.040716
Epoch 669/750 - train 0.067564 - val 0.041192
Epoch 670/750 - train 0.068589 - val 0.052239
Epoch 671/750 - train 0.067805 - val 0.041310
Epoch 672/750 - train 0.068044 - val 0.044171
Epoch 673/750 - train 0.068096 - val 0.049551
Epoch 674/750 - train 0.068523 - val 0.041336
Epoch 675/750 - train 0.067835 - val 0.042176
Epoch 676/750 - train 0.067211 - val 0.044685
Epoch 677/750 - train 0.067885 - val 0.041704
Epoch 678/750 - train 0.068213 - val 0.044508
Epoch 679/750 - train 0.068110 - val 0.041468
Epoch 680/750 - train 0.067535 - val 0.041938
Epoch 681/750 - train 0.067826 - val 0.041542
Epoch 682/750 - train 0.067455 - val 0.041502
Epoch 683/750 - train 0.067721 - val 0.040928
Epoch 684/750 - train 0.068331 - val 0.042128
Epoch 685/750 - train 0.067485 - val 0.043204
Epoch 686/750 - train 0.068304 - val 0.045334
Epoch 687/750 - train 0.068065 - val 0.041584
Epoch 688/750 - train 0.067540 - val 0.045344
Epoch 689/750 - train 0.067775 - val 0.041244
Epoch 690/750 - train 0.067970 - val 0.041824
Epoch 691/750 - train 0.066968 - val 0.040949
Epoch 692/750 - train 0.068299 - val 0.040845
Epoch 693/750 - train 0.067585 - val 0.041167
Epoch 694/750 - train 0.067379 - val 0.051632
Epoch 695/750 - train 0.067454 - val 0.042425
Epoch 696/750 - train 0.067751 - val 0.042733
Epoch 697/750 - train 0.067645 - val 0.041125
Epoch 698/750 - train 0.067871 - val 0.042169
Epoch 699/750 - train 0.067496 - val 0.041255
Epoch 700/750 - train 0.067357 - val 0.040619
Epoch 701/750 - train 0.067357 - val 0.043272
Epoch 702/750 - train 0.067474 - val 0.042856
Epoch 703/750 - train 0.067977 - val 0.042978
Epoch 704/750 - train 0.067825 - val 0.040697
Epoch 705/750 - train 0.067379 - val 0.040829
Epoch 706/750 - train 0.067418 - val 0.042081
Epoch 707/750 - train 0.067062 - val 0.040626
Epoch 708/750 - train 0.067597 - val 0.041103
Epoch 709/750 - train 0.066971 - val 0.040845
Epoch 710/750 - train 0.067140 - val 0.042137
Epoch 711/750 - train 0.067348 - val 0.041037
Epoch 712/750 - train 0.067271 - val 0.049122
Epoch 713/750 - train 0.067873 - val 0.042249
Epoch 714/750 - train 0.067408 - val 0.043569
Epoch 715/750 - train 0.067527 - val 0.048068
Epoch 716/750 - train 0.067492 - val 0.040912
Epoch 717/750 - train 0.067551 - val 0.040804
Epoch 718/750 - train 0.066848 - val 0.040801
Epoch 719/750 - train 0.067213 - val 0.042281
Epoch 720/750 - train 0.067473 - val 0.040705
Epoch 721/750 - train 0.067558 - val 0.040791
Epoch 722/750 - train 0.067359 - val 0.044164
Epoch 723/750 - train 0.066929 - val 0.042065
Epoch 724/750 - train 0.067173 - val 0.041725
Epoch 725/750 - train 0.067239 - val 0.043232
Epoch 726/750 - train 0.067493 - val 0.041102
Epoch 727/750 - train 0.067943 - val 0.042624
Epoch 728/750 - train 0.066718 - val 0.041675
Epoch 729/750 - train 0.067144 - val 0.042137
Epoch 730/750 - train 0.067365 - val 0.041243
Epoch 731/750 - train 0.067691 - val 0.042286
Epoch 732/750 - train 0.066705 - val 0.042596
Epoch 733/750 - train 0.067502 - val 0.042048
Epoch 734/750 - train 0.066937 - val 0.040839
Epoch 735/750 - train 0.066923 - val 0.041196
Epoch 736/750 - train 0.067442 - val 0.042785
Epoch 737/750 - train 0.067344 - val 0.047427
Epoch 738/750 - train 0.066898 - val 0.040141
Epoch 739/750 - train 0.067369 - val 0.041767
Epoch 740/750 - train 0.067661 - val 0.043295
Epoch 741/750 - train 0.066827 - val 0.041395
Epoch 742/750 - train 0.066564 - val 0.042714
Epoch 743/750 - train 0.066888 - val 0.040840
Epoch 744/750 - train 0.067819 - val 0.041603
Epoch 745/750 - train 0.067185 - val 0.040388
Epoch 746/750 - train 0.067827 - val 0.041159
Epoch 747/750 - train 0.067656 - val 0.043550
Epoch 748/750 - train 0.067058 - val 0.041911
Epoch 749/750 - train 0.066674 - val 0.041094
Epoch 750/750 - train 0.066763 - val 0.043502
Saved model to /scratch/network/ak9088/NASA-RL-Wavefront-Control/RL/jobs/20251231_001004/exp-fc1-zscore-ep750-bs256-lr1e-3-s42-h64-images-mc0-do0.1/fc1_best.pth
