y: [[-8.89294595e-02  3.68765652e-01 -3.35200205e-02 ... -2.49889821e-01
   1.67958364e-02  4.47161561e-08]
 [-1.95354253e-01  3.17699492e-01  3.17823112e-01 ...  1.36494249e-01
  -1.03578465e-02  4.47161561e-08]
 [-2.90432423e-01 -1.80993274e-01  2.23017558e-01 ... -2.44340330e-01
  -2.15393677e-02  4.47161597e-08]
 ...
 [ 2.77905110e-02 -3.24629903e-01  2.85629988e-01 ...  5.68953492e-02
  -8.27765688e-02  4.47161561e-08]
 [-2.45659456e-01 -2.43513435e-01  6.57291114e-01 ...  1.29223362e-01
  -6.41752034e-02  4.47161597e-08]
 [-1.38641492e-01  1.17867850e-01  3.85931842e-02 ...  1.19241446e-01
  -2.43191440e-02  4.47161561e-08]]
Dataset loaded: N=100000 (original 100000), C=3, H=20, W=20, y_dim=26
using device: cpu
Epoch 1/750 - train 0.292441 - val 0.184418
Epoch 2/750 - train 0.154358 - val 0.134009
Epoch 3/750 - train 0.125082 - val 0.119118
Epoch 4/750 - train 0.113721 - val 0.116988
Epoch 5/750 - train 0.106639 - val 0.105502
Epoch 6/750 - train 0.101706 - val 0.104465
Epoch 7/750 - train 0.098751 - val 0.100064
Epoch 8/750 - train 0.095110 - val 0.096815
Epoch 9/750 - train 0.094249 - val 0.092569
Epoch 10/750 - train 0.092091 - val 0.091891
Epoch 11/750 - train 0.090080 - val 0.088881
Epoch 12/750 - train 0.088328 - val 0.091988
Epoch 13/750 - train 0.086928 - val 0.090417
Epoch 14/750 - train 0.086345 - val 0.084600
Epoch 15/750 - train 0.085345 - val 0.085718
Epoch 16/750 - train 0.084279 - val 0.089915
Epoch 17/750 - train 0.084260 - val 0.082411
Epoch 18/750 - train 0.081845 - val 0.084072
Epoch 19/750 - train 0.082071 - val 0.084427
Epoch 20/750 - train 0.081200 - val 0.082613
Epoch 21/750 - train 0.080031 - val 0.084980
Epoch 22/750 - train 0.079725 - val 0.081715
Epoch 23/750 - train 0.079432 - val 0.080833
Epoch 24/750 - train 0.078905 - val 0.086241
Epoch 25/750 - train 0.078277 - val 0.080361
Epoch 26/750 - train 0.078103 - val 0.078709
Epoch 27/750 - train 0.077441 - val 0.079351
Epoch 28/750 - train 0.076912 - val 0.078945
Epoch 29/750 - train 0.076770 - val 0.077626
Epoch 30/750 - train 0.076265 - val 0.081239
Epoch 31/750 - train 0.075460 - val 0.083438
Epoch 32/750 - train 0.074406 - val 0.077055
Epoch 33/750 - train 0.074269 - val 0.074164
Epoch 34/750 - train 0.074558 - val 0.075205
Epoch 35/750 - train 0.073884 - val 0.078399
Epoch 36/750 - train 0.073722 - val 0.077793
Epoch 37/750 - train 0.072724 - val 0.073694
Epoch 38/750 - train 0.072669 - val 0.077986
Epoch 39/750 - train 0.072286 - val 0.074260
Epoch 40/750 - train 0.071614 - val 0.073725
Epoch 41/750 - train 0.070953 - val 0.075677
Epoch 42/750 - train 0.071070 - val 0.071930
Epoch 43/750 - train 0.070583 - val 0.072322
Epoch 44/750 - train 0.070308 - val 0.074367
Epoch 45/750 - train 0.070108 - val 0.077096
Epoch 46/750 - train 0.069827 - val 0.069369
Epoch 47/750 - train 0.069125 - val 0.070841
Epoch 48/750 - train 0.068696 - val 0.070788
Epoch 49/750 - train 0.068182 - val 0.072979
Epoch 50/750 - train 0.068441 - val 0.072859
Epoch 51/750 - train 0.068492 - val 0.071362
Epoch 52/750 - train 0.067736 - val 0.073574
Epoch 53/750 - train 0.067509 - val 0.067955
Epoch 54/750 - train 0.066668 - val 0.071120
Epoch 55/750 - train 0.067193 - val 0.068853
Epoch 56/750 - train 0.065982 - val 0.069397
Epoch 57/750 - train 0.065733 - val 0.069598
Epoch 58/750 - train 0.065711 - val 0.073203
Epoch 59/750 - train 0.065393 - val 0.070637
Epoch 60/750 - train 0.065166 - val 0.069598
Epoch 61/750 - train 0.065308 - val 0.067046
Epoch 62/750 - train 0.064688 - val 0.068758
Epoch 63/750 - train 0.064077 - val 0.068498
Epoch 64/750 - train 0.063079 - val 0.066001
Epoch 65/750 - train 0.063032 - val 0.066173
Epoch 66/750 - train 0.063029 - val 0.075254
Epoch 67/750 - train 0.062503 - val 0.064322
Epoch 68/750 - train 0.063082 - val 0.069571
Epoch 69/750 - train 0.062505 - val 0.065586
Epoch 70/750 - train 0.061696 - val 0.070715
Epoch 71/750 - train 0.061594 - val 0.066083
Epoch 72/750 - train 0.061931 - val 0.064220
Epoch 73/750 - train 0.062067 - val 0.062657
Epoch 74/750 - train 0.061399 - val 0.074009
Epoch 75/750 - train 0.060729 - val 0.063854
Epoch 76/750 - train 0.061838 - val 0.065749
Epoch 77/750 - train 0.060147 - val 0.064390
Epoch 78/750 - train 0.061277 - val 0.064076
Epoch 79/750 - train 0.060173 - val 0.064245
Epoch 80/750 - train 0.061214 - val 0.065640
Epoch 81/750 - train 0.060033 - val 0.063224
Epoch 82/750 - train 0.059622 - val 0.066547
Epoch 83/750 - train 0.059050 - val 0.066423
Epoch 84/750 - train 0.059969 - val 0.062137
Epoch 85/750 - train 0.060288 - val 0.062915
Epoch 86/750 - train 0.058951 - val 0.067379
Epoch 87/750 - train 0.058748 - val 0.064388
Epoch 88/750 - train 0.058683 - val 0.064197
Epoch 89/750 - train 0.058501 - val 0.062021
Epoch 90/750 - train 0.058144 - val 0.061310
Epoch 91/750 - train 0.057216 - val 0.071103
Epoch 92/750 - train 0.058477 - val 0.061080
Epoch 93/750 - train 0.057682 - val 0.062280
Epoch 94/750 - train 0.057789 - val 0.062009
Epoch 95/750 - train 0.058353 - val 0.064695
Epoch 96/750 - train 0.056793 - val 0.065013
Epoch 97/750 - train 0.057112 - val 0.064491
Epoch 98/750 - train 0.056842 - val 0.062777
Epoch 99/750 - train 0.057091 - val 0.062455
Epoch 100/750 - train 0.056718 - val 0.063916
Epoch 101/750 - train 0.056650 - val 0.060445
Epoch 102/750 - train 0.056770 - val 0.061154
Epoch 103/750 - train 0.055750 - val 0.058831
Epoch 104/750 - train 0.056577 - val 0.061164
Epoch 105/750 - train 0.055739 - val 0.060829
Epoch 106/750 - train 0.055432 - val 0.059039
Epoch 107/750 - train 0.055689 - val 0.061680
Epoch 108/750 - train 0.055084 - val 0.058588
Epoch 109/750 - train 0.054498 - val 0.060133
Epoch 110/750 - train 0.056028 - val 0.065277
Epoch 111/750 - train 0.056156 - val 0.067825
Epoch 112/750 - train 0.055172 - val 0.066304
Epoch 113/750 - train 0.053794 - val 0.058862
Epoch 114/750 - train 0.055179 - val 0.061690
Epoch 115/750 - train 0.054528 - val 0.062171
Epoch 116/750 - train 0.053974 - val 0.068685
Epoch 117/750 - train 0.055161 - val 0.060655
Epoch 118/750 - train 0.054714 - val 0.057263
Epoch 119/750 - train 0.053314 - val 0.058716
Epoch 120/750 - train 0.053071 - val 0.070910
Epoch 121/750 - train 0.053489 - val 0.059019
Epoch 122/750 - train 0.053302 - val 0.059055
Epoch 123/750 - train 0.052906 - val 0.059802
Epoch 124/750 - train 0.053611 - val 0.057382
Epoch 125/750 - train 0.052514 - val 0.061360
Epoch 126/750 - train 0.053932 - val 0.059856
Epoch 127/750 - train 0.052747 - val 0.059862
Epoch 128/750 - train 0.053137 - val 0.058465
Epoch 129/750 - train 0.052581 - val 0.057711
Epoch 130/750 - train 0.051670 - val 0.058826
Epoch 131/750 - train 0.052829 - val 0.057905
Epoch 132/750 - train 0.052645 - val 0.058142
Epoch 133/750 - train 0.052033 - val 0.056696
Epoch 134/750 - train 0.052134 - val 0.063374
Epoch 135/750 - train 0.052462 - val 0.061769
Epoch 136/750 - train 0.052555 - val 0.065578
Epoch 137/750 - train 0.052182 - val 0.055708
Epoch 138/750 - train 0.051099 - val 0.055957
Epoch 139/750 - train 0.052664 - val 0.064048
Epoch 140/750 - train 0.051466 - val 0.060492
Epoch 141/750 - train 0.051009 - val 0.060761
Epoch 142/750 - train 0.051626 - val 0.061091
Epoch 143/750 - train 0.050267 - val 0.061680
Epoch 144/750 - train 0.050799 - val 0.056061
Epoch 145/750 - train 0.051215 - val 0.057789
Epoch 146/750 - train 0.050588 - val 0.057119
Epoch 147/750 - train 0.051469 - val 0.055519
Epoch 148/750 - train 0.050342 - val 0.055580
Epoch 149/750 - train 0.050527 - val 0.058390
Epoch 150/750 - train 0.049999 - val 0.056215
Epoch 151/750 - train 0.050098 - val 0.056593
Epoch 152/750 - train 0.051364 - val 0.055841
Epoch 153/750 - train 0.049660 - val 0.055680
Epoch 154/750 - train 0.049109 - val 0.072179
Epoch 155/750 - train 0.050668 - val 0.057842
Epoch 156/750 - train 0.049806 - val 0.061510
Epoch 157/750 - train 0.048739 - val 0.058315
Epoch 158/750 - train 0.049558 - val 0.054623
Epoch 159/750 - train 0.048977 - val 0.057069
Epoch 160/750 - train 0.050726 - val 0.062606
Epoch 161/750 - train 0.049410 - val 0.053989
Epoch 162/750 - train 0.049394 - val 0.058340
Epoch 163/750 - train 0.049419 - val 0.055290
Epoch 164/750 - train 0.049048 - val 0.056204
Epoch 165/750 - train 0.048701 - val 0.054043
Epoch 166/750 - train 0.049165 - val 0.060235
Epoch 167/750 - train 0.049089 - val 0.057254
Epoch 168/750 - train 0.049169 - val 0.055254
Epoch 169/750 - train 0.048181 - val 0.055551
Epoch 170/750 - train 0.048603 - val 0.062601
Epoch 171/750 - train 0.048029 - val 0.057835
Epoch 172/750 - train 0.048141 - val 0.058230
Epoch 173/750 - train 0.047576 - val 0.056959
Epoch 174/750 - train 0.048577 - val 0.056381
Epoch 175/750 - train 0.048427 - val 0.053707
Epoch 176/750 - train 0.047807 - val 0.054972
Epoch 177/750 - train 0.047991 - val 0.055361
Epoch 178/750 - train 0.046973 - val 0.057464
Epoch 179/750 - train 0.046533 - val 0.056871
Epoch 180/750 - train 0.048253 - val 0.053516
Epoch 181/750 - train 0.048100 - val 0.052539
Epoch 182/750 - train 0.047144 - val 0.058082
Epoch 183/750 - train 0.047137 - val 0.055038
Epoch 184/750 - train 0.047509 - val 0.052763
Epoch 185/750 - train 0.047958 - val 0.052844
Epoch 186/750 - train 0.046691 - val 0.057163
Epoch 187/750 - train 0.046260 - val 0.053905
Epoch 188/750 - train 0.047989 - val 0.053636
Epoch 189/750 - train 0.047368 - val 0.056271
Epoch 190/750 - train 0.046810 - val 0.053276
Epoch 191/750 - train 0.045866 - val 0.053537
Epoch 192/750 - train 0.045880 - val 0.053892
Epoch 193/750 - train 0.047318 - val 0.053026
Epoch 194/750 - train 0.046120 - val 0.053505
Epoch 195/750 - train 0.046652 - val 0.058038
Epoch 196/750 - train 0.046171 - val 0.055362
Epoch 197/750 - train 0.046974 - val 0.056617
Epoch 198/750 - train 0.045199 - val 0.060675
Epoch 199/750 - train 0.046620 - val 0.051708
Epoch 200/750 - train 0.045141 - val 0.053706
Epoch 201/750 - train 0.046145 - val 0.054318
Epoch 202/750 - train 0.045256 - val 0.056322
Epoch 203/750 - train 0.045641 - val 0.051766
Epoch 204/750 - train 0.046141 - val 0.056302
Epoch 205/750 - train 0.044944 - val 0.052489
Epoch 206/750 - train 0.045794 - val 0.051509
Epoch 207/750 - train 0.045218 - val 0.053043
Epoch 208/750 - train 0.044494 - val 0.052989
Epoch 209/750 - train 0.044839 - val 0.051606
Epoch 210/750 - train 0.044650 - val 0.058311
Epoch 211/750 - train 0.045355 - val 0.060880
Epoch 212/750 - train 0.045168 - val 0.052326
Epoch 213/750 - train 0.044869 - val 0.053412
Epoch 214/750 - train 0.045217 - val 0.052364
Epoch 215/750 - train 0.044857 - val 0.051697
Epoch 216/750 - train 0.043918 - val 0.050942
Epoch 217/750 - train 0.044283 - val 0.052375
Epoch 218/750 - train 0.044089 - val 0.059927
Epoch 219/750 - train 0.044756 - val 0.051952
Epoch 220/750 - train 0.044137 - val 0.053546
Epoch 221/750 - train 0.043903 - val 0.055258
Epoch 222/750 - train 0.044386 - val 0.061326
Epoch 223/750 - train 0.044643 - val 0.052911
Epoch 224/750 - train 0.042629 - val 0.052932
Epoch 225/750 - train 0.044294 - val 0.051993
Epoch 226/750 - train 0.043770 - val 0.054855
Epoch 227/750 - train 0.043350 - val 0.050452
Epoch 228/750 - train 0.043571 - val 0.054263
Epoch 229/750 - train 0.043580 - val 0.051972
Epoch 230/750 - train 0.042996 - val 0.051446
Epoch 231/750 - train 0.042732 - val 0.052196
Epoch 232/750 - train 0.042935 - val 0.051470
Epoch 233/750 - train 0.043288 - val 0.057977
Epoch 234/750 - train 0.042882 - val 0.054120
Epoch 235/750 - train 0.042507 - val 0.051720
Epoch 236/750 - train 0.042663 - val 0.054125
Epoch 237/750 - train 0.043037 - val 0.052851
Epoch 238/750 - train 0.042494 - val 0.052098
Epoch 239/750 - train 0.041744 - val 0.050513
Epoch 240/750 - train 0.042157 - val 0.050588
Epoch 241/750 - train 0.041856 - val 0.055294
Epoch 242/750 - train 0.042337 - val 0.050943
Epoch 243/750 - train 0.041824 - val 0.049904
Epoch 244/750 - train 0.042555 - val 0.049846
Epoch 245/750 - train 0.041568 - val 0.061314
Epoch 246/750 - train 0.041518 - val 0.054470
Epoch 247/750 - train 0.041713 - val 0.052017
Epoch 248/750 - train 0.042223 - val 0.053480
Epoch 249/750 - train 0.041704 - val 0.051504
Epoch 250/750 - train 0.041623 - val 0.051248
Epoch 251/750 - train 0.041047 - val 0.052789
Epoch 252/750 - train 0.041300 - val 0.050554
Epoch 253/750 - train 0.041163 - val 0.050342
Epoch 254/750 - train 0.040821 - val 0.050051
Epoch 255/750 - train 0.041318 - val 0.052689
Epoch 256/750 - train 0.041781 - val 0.052878
Epoch 257/750 - train 0.041110 - val 0.051269
Epoch 258/750 - train 0.040206 - val 0.059907
Epoch 259/750 - train 0.040618 - val 0.050141
Epoch 260/750 - train 0.040696 - val 0.048558
Epoch 261/750 - train 0.041090 - val 0.049163
Epoch 262/750 - train 0.040569 - val 0.053738
Epoch 263/750 - train 0.040018 - val 0.051193
Epoch 264/750 - train 0.040294 - val 0.049979
Epoch 265/750 - train 0.041474 - val 0.050019
Epoch 266/750 - train 0.039000 - val 0.048903
Epoch 267/750 - train 0.039882 - val 0.052068
Epoch 268/750 - train 0.040546 - val 0.052792
Epoch 269/750 - train 0.039593 - val 0.050346
Epoch 270/750 - train 0.039758 - val 0.049693
Epoch 271/750 - train 0.039526 - val 0.050251
Epoch 272/750 - train 0.039316 - val 0.049515
Epoch 273/750 - train 0.039321 - val 0.050918
Epoch 274/750 - train 0.039092 - val 0.049236
Epoch 275/750 - train 0.039119 - val 0.048276
Epoch 276/750 - train 0.039493 - val 0.050486
Epoch 277/750 - train 0.038812 - val 0.053886
Epoch 278/750 - train 0.040313 - val 0.051285
Epoch 279/750 - train 0.038624 - val 0.050048
Epoch 280/750 - train 0.039175 - val 0.052433
Epoch 281/750 - train 0.038860 - val 0.049556
Epoch 282/750 - train 0.038951 - val 0.048575
Epoch 283/750 - train 0.038395 - val 0.054058
Epoch 284/750 - train 0.038710 - val 0.049048
Epoch 285/750 - train 0.040636 - val 0.048671
Epoch 286/750 - train 0.037896 - val 0.048608
Epoch 287/750 - train 0.038527 - val 0.051029
Epoch 288/750 - train 0.038691 - val 0.048022
Epoch 289/750 - train 0.037577 - val 0.051253
Epoch 290/750 - train 0.037820 - val 0.052100
Epoch 291/750 - train 0.037293 - val 0.047895
Epoch 292/750 - train 0.038365 - val 0.048759
Epoch 293/750 - train 0.037299 - val 0.050006
Epoch 294/750 - train 0.038111 - val 0.048376
Epoch 295/750 - train 0.038468 - val 0.049428
Epoch 296/750 - train 0.037759 - val 0.049265
Epoch 297/750 - train 0.037721 - val 0.048164
Epoch 298/750 - train 0.038609 - val 0.050713
Epoch 299/750 - train 0.037561 - val 0.062601
Epoch 300/750 - train 0.036955 - val 0.047888
Epoch 301/750 - train 0.037163 - val 0.048361
Epoch 302/750 - train 0.037414 - val 0.050307
Epoch 303/750 - train 0.036604 - val 0.048947
Epoch 304/750 - train 0.037007 - val 0.048239
Epoch 305/750 - train 0.037049 - val 0.051554
Epoch 306/750 - train 0.036742 - val 0.047589
Epoch 307/750 - train 0.037643 - val 0.049115
Epoch 308/750 - train 0.036905 - val 0.048166
Epoch 309/750 - train 0.036349 - val 0.047347
Epoch 310/750 - train 0.036982 - val 0.051914
Epoch 311/750 - train 0.036815 - val 0.055060
Epoch 312/750 - train 0.037326 - val 0.051098
Epoch 313/750 - train 0.036477 - val 0.049063
Epoch 314/750 - train 0.036110 - val 0.047622
Epoch 315/750 - train 0.035715 - val 0.046688
Epoch 316/750 - train 0.035702 - val 0.051937
Epoch 317/750 - train 0.035709 - val 0.048350
Epoch 318/750 - train 0.036395 - val 0.051607
Epoch 319/750 - train 0.036208 - val 0.049650
Epoch 320/750 - train 0.035895 - val 0.051512
Epoch 321/750 - train 0.036953 - val 0.051727
Epoch 322/750 - train 0.036201 - val 0.048124
Epoch 323/750 - train 0.036224 - val 0.049596
Epoch 324/750 - train 0.035115 - val 0.046909
Epoch 325/750 - train 0.036217 - val 0.047770
Epoch 326/750 - train 0.035435 - val 0.047796
Epoch 327/750 - train 0.036013 - val 0.047735
Epoch 328/750 - train 0.035407 - val 0.049325
Epoch 329/750 - train 0.034968 - val 0.050183
Epoch 330/750 - train 0.035532 - val 0.047272
Epoch 331/750 - train 0.034892 - val 0.048317
Epoch 332/750 - train 0.036089 - val 0.049495
Epoch 333/750 - train 0.035182 - val 0.049193
Epoch 334/750 - train 0.034564 - val 0.049353
Epoch 335/750 - train 0.035714 - val 0.047886
Epoch 336/750 - train 0.034844 - val 0.047455
Epoch 337/750 - train 0.034259 - val 0.047018
Epoch 338/750 - train 0.035226 - val 0.046629
Epoch 339/750 - train 0.035480 - val 0.047449
Epoch 340/750 - train 0.033937 - val 0.046343
Epoch 341/750 - train 0.034075 - val 0.058437
Epoch 342/750 - train 0.034499 - val 0.051258
Epoch 343/750 - train 0.035381 - val 0.048835
Epoch 344/750 - train 0.034679 - val 0.047367
Epoch 345/750 - train 0.034285 - val 0.047394
Epoch 346/750 - train 0.034637 - val 0.046961
Epoch 347/750 - train 0.034496 - val 0.048367
Epoch 348/750 - train 0.033677 - val 0.048280
Epoch 349/750 - train 0.033809 - val 0.049689
Epoch 350/750 - train 0.035426 - val 0.047463
Epoch 351/750 - train 0.033576 - val 0.047568
Epoch 352/750 - train 0.034718 - val 0.048967
Epoch 353/750 - train 0.033899 - val 0.047831
Epoch 354/750 - train 0.034137 - val 0.047079
Epoch 355/750 - train 0.034332 - val 0.048870
Epoch 356/750 - train 0.034356 - val 0.046399
Epoch 357/750 - train 0.033489 - val 0.046673
Epoch 358/750 - train 0.033826 - val 0.050031
Epoch 359/750 - train 0.033303 - val 0.054345
Epoch 360/750 - train 0.033078 - val 0.046374
Epoch 361/750 - train 0.034051 - val 0.046719
Epoch 362/750 - train 0.033152 - val 0.048176
Epoch 363/750 - train 0.033544 - val 0.046833
Epoch 364/750 - train 0.033590 - val 0.047674
Epoch 365/750 - train 0.033438 - val 0.048241
Epoch 366/750 - train 0.033135 - val 0.052169
Epoch 367/750 - train 0.032507 - val 0.049114
Epoch 368/750 - train 0.032675 - val 0.047662
Epoch 369/750 - train 0.032467 - val 0.046425
Epoch 370/750 - train 0.033698 - val 0.046299
Epoch 371/750 - train 0.033278 - val 0.051486
Epoch 372/750 - train 0.032566 - val 0.047627
Epoch 373/750 - train 0.033076 - val 0.045764
Epoch 374/750 - train 0.032756 - val 0.046227
Epoch 375/750 - train 0.032338 - val 0.048296
Epoch 376/750 - train 0.032283 - val 0.047072
Epoch 377/750 - train 0.033018 - val 0.051407
Epoch 378/750 - train 0.032154 - val 0.047960
Epoch 379/750 - train 0.032362 - val 0.045642
Epoch 380/750 - train 0.032747 - val 0.047647
Epoch 381/750 - train 0.032611 - val 0.046491
Epoch 382/750 - train 0.032457 - val 0.054008
Epoch 383/750 - train 0.031879 - val 0.046121
Epoch 384/750 - train 0.032934 - val 0.045625
Epoch 385/750 - train 0.031840 - val 0.046814
Epoch 386/750 - train 0.032533 - val 0.046406
Epoch 387/750 - train 0.032056 - val 0.045216
Epoch 388/750 - train 0.032498 - val 0.049581
Epoch 389/750 - train 0.031297 - val 0.048070
Epoch 390/750 - train 0.032205 - val 0.049133
Epoch 391/750 - train 0.031566 - val 0.045739
Epoch 392/750 - train 0.032164 - val 0.046703
Epoch 393/750 - train 0.031848 - val 0.049382
Epoch 394/750 - train 0.030970 - val 0.047361
Epoch 395/750 - train 0.031859 - val 0.046059
Epoch 396/750 - train 0.031427 - val 0.047293
Epoch 397/750 - train 0.031710 - val 0.046485
Epoch 398/750 - train 0.031985 - val 0.052049
Epoch 399/750 - train 0.031682 - val 0.048822
Epoch 400/750 - train 0.031848 - val 0.049043
Epoch 401/750 - train 0.030883 - val 0.046526
Epoch 402/750 - train 0.031710 - val 0.046252
Epoch 403/750 - train 0.031583 - val 0.051221
Epoch 404/750 - train 0.031966 - val 0.046113
Epoch 405/750 - train 0.031025 - val 0.045352
Epoch 406/750 - train 0.031118 - val 0.044941
Epoch 407/750 - train 0.031702 - val 0.048822
Epoch 408/750 - train 0.030722 - val 0.047145
Epoch 409/750 - train 0.031007 - val 0.045914
Epoch 410/750 - train 0.031051 - val 0.045393
Epoch 411/750 - train 0.030689 - val 0.045351
Epoch 412/750 - train 0.030554 - val 0.047634
Epoch 413/750 - train 0.030785 - val 0.047751
Epoch 414/750 - train 0.031278 - val 0.044663
Epoch 415/750 - train 0.031715 - val 0.044424
Epoch 416/750 - train 0.030411 - val 0.047113
Epoch 417/750 - train 0.031144 - val 0.047254
Epoch 418/750 - train 0.030424 - val 0.044945
Epoch 419/750 - train 0.030994 - val 0.048976
Epoch 420/750 - train 0.030205 - val 0.045407
Epoch 421/750 - train 0.030362 - val 0.046886
Epoch 422/750 - train 0.030500 - val 0.048570
Epoch 423/750 - train 0.031060 - val 0.046279
Epoch 424/750 - train 0.029977 - val 0.050914
Epoch 425/750 - train 0.030609 - val 0.045276
Epoch 426/750 - train 0.029417 - val 0.046379
Epoch 427/750 - train 0.030763 - val 0.062255
Epoch 428/750 - train 0.030870 - val 0.047824
Epoch 429/750 - train 0.030607 - val 0.045974
Epoch 430/750 - train 0.029871 - val 0.048630
Epoch 431/750 - train 0.030336 - val 0.044825
Epoch 432/750 - train 0.030067 - val 0.052769
Epoch 433/750 - train 0.030155 - val 0.044352
Epoch 434/750 - train 0.030335 - val 0.046362
Epoch 435/750 - train 0.030378 - val 0.045380
Epoch 436/750 - train 0.029645 - val 0.052729
Epoch 437/750 - train 0.029809 - val 0.053523
Epoch 438/750 - train 0.030446 - val 0.048331
Epoch 439/750 - train 0.029585 - val 0.045611
Epoch 440/750 - train 0.029249 - val 0.044660
Epoch 441/750 - train 0.030869 - val 0.048430
Epoch 442/750 - train 0.030070 - val 0.051774
Epoch 443/750 - train 0.029109 - val 0.048097
Epoch 444/750 - train 0.029445 - val 0.050672
Epoch 445/750 - train 0.030067 - val 0.050585
Epoch 446/750 - train 0.029744 - val 0.047746
Epoch 447/750 - train 0.029479 - val 0.050623
Epoch 448/750 - train 0.030813 - val 0.044840
Epoch 449/750 - train 0.029233 - val 0.048870
Epoch 450/750 - train 0.029455 - val 0.046779
Epoch 451/750 - train 0.029569 - val 0.048019
Epoch 452/750 - train 0.029760 - val 0.047788
Epoch 453/750 - train 0.029501 - val 0.045376
Epoch 454/750 - train 0.029202 - val 0.054698
Epoch 455/750 - train 0.029659 - val 0.044512
Epoch 456/750 - train 0.029284 - val 0.045171
Epoch 457/750 - train 0.029653 - val 0.045268
Epoch 458/750 - train 0.028968 - val 0.044791
Epoch 459/750 - train 0.029624 - val 0.049678
Epoch 460/750 - train 0.029853 - val 0.046436
Epoch 461/750 - train 0.029227 - val 0.045973
Epoch 462/750 - train 0.028876 - val 0.049219
Epoch 463/750 - train 0.028773 - val 0.045943
Epoch 464/750 - train 0.029431 - val 0.044591
Epoch 465/750 - train 0.029541 - val 0.044357
Epoch 466/750 - train 0.028590 - val 0.048011
Epoch 467/750 - train 0.028644 - val 0.047229
Epoch 468/750 - train 0.029217 - val 0.047390
Epoch 469/750 - train 0.029783 - val 0.044565
Epoch 470/750 - train 0.028687 - val 0.045132
Epoch 471/750 - train 0.029606 - val 0.045722
Epoch 472/750 - train 0.027952 - val 0.044066
Epoch 473/750 - train 0.028591 - val 0.044207
Epoch 474/750 - train 0.029017 - val 0.046182
Epoch 475/750 - train 0.029092 - val 0.044034
Epoch 476/750 - train 0.028540 - val 0.044305
Epoch 477/750 - train 0.028028 - val 0.049362
Epoch 478/750 - train 0.028667 - val 0.047528
Epoch 479/750 - train 0.028979 - val 0.044961
Epoch 480/750 - train 0.028504 - val 0.047538
Epoch 481/750 - train 0.028179 - val 0.043929
Epoch 482/750 - train 0.029178 - val 0.045427
Epoch 483/750 - train 0.028011 - val 0.044880
Epoch 484/750 - train 0.028400 - val 0.047916
Epoch 485/750 - train 0.027840 - val 0.045694
Epoch 486/750 - train 0.028074 - val 0.043949
Epoch 487/750 - train 0.028133 - val 0.048684
Epoch 488/750 - train 0.028190 - val 0.044697
Epoch 489/750 - train 0.028305 - val 0.044108
Epoch 490/750 - train 0.028312 - val 0.043827
Epoch 491/750 - train 0.028404 - val 0.047334
Epoch 492/750 - train 0.028631 - val 0.047407
Epoch 493/750 - train 0.029013 - val 0.044539
Epoch 494/750 - train 0.028560 - val 0.046531
Epoch 495/750 - train 0.027632 - val 0.043895
Epoch 496/750 - train 0.027711 - val 0.050540
Epoch 497/750 - train 0.028520 - val 0.043896
Epoch 498/750 - train 0.027594 - val 0.045907
Epoch 499/750 - train 0.027770 - val 0.045014
Epoch 500/750 - train 0.028432 - val 0.044214
Epoch 501/750 - train 0.027830 - val 0.044261
Epoch 502/750 - train 0.027882 - val 0.050033
Epoch 503/750 - train 0.027392 - val 0.044081
Epoch 504/750 - train 0.027649 - val 0.044732
Epoch 505/750 - train 0.027501 - val 0.044697
Epoch 506/750 - train 0.027599 - val 0.045704
Epoch 507/750 - train 0.027877 - val 0.049622
Epoch 508/750 - train 0.028756 - val 0.047219
Epoch 509/750 - train 0.027201 - val 0.044508
Epoch 510/750 - train 0.028089 - val 0.046025
Epoch 511/750 - train 0.027700 - val 0.046797
Epoch 512/750 - train 0.027771 - val 0.045993
Epoch 513/750 - train 0.027726 - val 0.043860
Epoch 514/750 - train 0.027933 - val 0.048124
Epoch 515/750 - train 0.028459 - val 0.048366
Epoch 516/750 - train 0.027461 - val 0.045229
Epoch 517/750 - train 0.026939 - val 0.043260
Epoch 518/750 - train 0.026659 - val 0.045858
Epoch 519/750 - train 0.027819 - val 0.043478
Epoch 520/750 - train 0.027072 - val 0.044621
Epoch 521/750 - train 0.027494 - val 0.046255
Epoch 522/750 - train 0.027533 - val 0.043894
Epoch 523/750 - train 0.027184 - val 0.043553
Epoch 524/750 - train 0.027027 - val 0.046454
Epoch 525/750 - train 0.027043 - val 0.042934
Epoch 526/750 - train 0.027054 - val 0.044348
Epoch 527/750 - train 0.027483 - val 0.044972
Epoch 528/750 - train 0.026983 - val 0.045292
Epoch 529/750 - train 0.027766 - val 0.046976
Epoch 530/750 - train 0.027497 - val 0.044637
Epoch 531/750 - train 0.026724 - val 0.045360
Epoch 532/750 - train 0.027316 - val 0.045931
Epoch 533/750 - train 0.026266 - val 0.044442
Epoch 534/750 - train 0.027131 - val 0.044559
Epoch 535/750 - train 0.026886 - val 0.045018
Epoch 536/750 - train 0.027294 - val 0.044113
Epoch 537/750 - train 0.026640 - val 0.044446
Epoch 538/750 - train 0.026994 - val 0.043506
Epoch 539/750 - train 0.026683 - val 0.045762
Epoch 540/750 - train 0.027850 - val 0.045748
Epoch 541/750 - train 0.026753 - val 0.045915
Epoch 542/750 - train 0.026581 - val 0.046279
Epoch 543/750 - train 0.026561 - val 0.043549
Epoch 544/750 - train 0.026826 - val 0.055076
Epoch 545/750 - train 0.026825 - val 0.044510
Epoch 546/750 - train 0.026497 - val 0.043901
Epoch 547/750 - train 0.026896 - val 0.043634
Epoch 548/750 - train 0.026604 - val 0.051314
Epoch 549/750 - train 0.026605 - val 0.042770
Epoch 550/750 - train 0.026539 - val 0.044262
Epoch 551/750 - train 0.026318 - val 0.044824
Epoch 552/750 - train 0.026498 - val 0.043308
Epoch 553/750 - train 0.026822 - val 0.045119
Epoch 554/750 - train 0.026494 - val 0.044158
Epoch 555/750 - train 0.027389 - val 0.047269
Epoch 556/750 - train 0.025857 - val 0.044700
Epoch 557/750 - train 0.026670 - val 0.043945
Epoch 558/750 - train 0.027360 - val 0.045853
Epoch 559/750 - train 0.026241 - val 0.045618
Epoch 560/750 - train 0.026894 - val 0.043338
Epoch 561/750 - train 0.026323 - val 0.048784
Epoch 562/750 - train 0.026891 - val 0.043436
Epoch 563/750 - train 0.025911 - val 0.050034
Epoch 564/750 - train 0.025963 - val 0.047629
Epoch 565/750 - train 0.026366 - val 0.050921
Epoch 566/750 - train 0.027401 - val 0.044155
Epoch 567/750 - train 0.026204 - val 0.044182
Epoch 568/750 - train 0.025629 - val 0.043503
Epoch 569/750 - train 0.026214 - val 0.046505
Epoch 570/750 - train 0.025749 - val 0.043729
Epoch 571/750 - train 0.026705 - val 0.044869
Epoch 572/750 - train 0.026104 - val 0.044599
Epoch 573/750 - train 0.025794 - val 0.043589
Epoch 574/750 - train 0.025448 - val 0.048969
Epoch 575/750 - train 0.026815 - val 0.044208
Epoch 576/750 - train 0.025872 - val 0.043045
Epoch 577/750 - train 0.025919 - val 0.044391
Epoch 578/750 - train 0.026123 - val 0.045162
Epoch 579/750 - train 0.025993 - val 0.044934
Epoch 580/750 - train 0.026349 - val 0.042740
Epoch 581/750 - train 0.026278 - val 0.043327
Epoch 582/750 - train 0.025411 - val 0.043292
Epoch 583/750 - train 0.025944 - val 0.043480
Epoch 584/750 - train 0.025982 - val 0.044274
Epoch 585/750 - train 0.026424 - val 0.043496
Epoch 586/750 - train 0.025720 - val 0.053122
Epoch 587/750 - train 0.025745 - val 0.051455
Epoch 588/750 - train 0.025947 - val 0.049188
Epoch 589/750 - train 0.025493 - val 0.043860
Epoch 590/750 - train 0.025742 - val 0.043336
Epoch 591/750 - train 0.025960 - val 0.045111
Epoch 592/750 - train 0.025691 - val 0.048833
Epoch 593/750 - train 0.025798 - val 0.044398
Epoch 594/750 - train 0.025360 - val 0.043577
Epoch 595/750 - train 0.026384 - val 0.046008
Epoch 596/750 - train 0.025335 - val 0.047174
Epoch 597/750 - train 0.025571 - val 0.044731
Epoch 598/750 - train 0.025236 - val 0.044071
Epoch 599/750 - train 0.025404 - val 0.044565
Epoch 600/750 - train 0.025772 - val 0.043520
Epoch 601/750 - train 0.025787 - val 0.044943
Epoch 602/750 - train 0.025547 - val 0.042699
Epoch 603/750 - train 0.024861 - val 0.044326
Epoch 604/750 - train 0.026481 - val 0.043517
Epoch 605/750 - train 0.025326 - val 0.042695
Epoch 606/750 - train 0.025984 - val 0.042847
Epoch 607/750 - train 0.025402 - val 0.042257
Epoch 608/750 - train 0.025250 - val 0.043307
Epoch 609/750 - train 0.025323 - val 0.043528
Epoch 610/750 - train 0.025238 - val 0.043010
Epoch 611/750 - train 0.024912 - val 0.046479
Epoch 612/750 - train 0.025323 - val 0.047615
Epoch 613/750 - train 0.024956 - val 0.043246
Epoch 614/750 - train 0.025235 - val 0.044309
Epoch 615/750 - train 0.025319 - val 0.043150
Epoch 616/750 - train 0.025538 - val 0.044401
Epoch 617/750 - train 0.025033 - val 0.043464
Epoch 618/750 - train 0.025949 - val 0.043222
Epoch 619/750 - train 0.024744 - val 0.043370
Epoch 620/750 - train 0.025315 - val 0.045489
Epoch 621/750 - train 0.025741 - val 0.044500
Epoch 622/750 - train 0.024956 - val 0.043951
Epoch 623/750 - train 0.025500 - val 0.043601
Epoch 624/750 - train 0.024900 - val 0.043990
Epoch 625/750 - train 0.025383 - val 0.042319
Epoch 626/750 - train 0.024907 - val 0.045222
Epoch 627/750 - train 0.024654 - val 0.044538
Epoch 628/750 - train 0.025263 - val 0.043908
Epoch 629/750 - train 0.024834 - val 0.043428
Epoch 630/750 - train 0.024917 - val 0.042190
Epoch 631/750 - train 0.024624 - val 0.045221
Epoch 632/750 - train 0.024869 - val 0.046092
Epoch 633/750 - train 0.024888 - val 0.047764
Epoch 634/750 - train 0.024556 - val 0.043042
Epoch 635/750 - train 0.024743 - val 0.043505
Epoch 636/750 - train 0.025342 - val 0.042601
Epoch 637/750 - train 0.025394 - val 0.043735
Epoch 638/750 - train 0.024975 - val 0.042120
Epoch 639/750 - train 0.024421 - val 0.043111
Epoch 640/750 - train 0.024956 - val 0.042696
Epoch 641/750 - train 0.025245 - val 0.042937
Epoch 642/750 - train 0.025097 - val 0.043627
Epoch 643/750 - train 0.024934 - val 0.043801
Epoch 644/750 - train 0.025038 - val 0.041918
Epoch 645/750 - train 0.025254 - val 0.043576
Epoch 646/750 - train 0.024318 - val 0.043581
Epoch 647/750 - train 0.025154 - val 0.042511
Epoch 648/750 - train 0.024671 - val 0.044192
Epoch 649/750 - train 0.024387 - val 0.042640
Epoch 650/750 - train 0.024230 - val 0.041921
Epoch 651/750 - train 0.024554 - val 0.043001
Epoch 652/750 - train 0.024306 - val 0.045154
Epoch 653/750 - train 0.024332 - val 0.043779
Epoch 654/750 - train 0.024434 - val 0.043409
Epoch 655/750 - train 0.024562 - val 0.043790
Epoch 656/750 - train 0.024626 - val 0.044431
Epoch 657/750 - train 0.024583 - val 0.047602
Epoch 658/750 - train 0.024208 - val 0.042359
Epoch 659/750 - train 0.024660 - val 0.042016
Epoch 660/750 - train 0.025080 - val 0.043520
Epoch 661/750 - train 0.024572 - val 0.041578
Epoch 662/750 - train 0.023591 - val 0.042771
Epoch 663/750 - train 0.024360 - val 0.041643
Epoch 664/750 - train 0.024340 - val 0.042396
Epoch 665/750 - train 0.024029 - val 0.043010
Epoch 666/750 - train 0.024749 - val 0.043619
Epoch 667/750 - train 0.024059 - val 0.044194
Epoch 668/750 - train 0.024165 - val 0.046265
Epoch 669/750 - train 0.023984 - val 0.042426
Epoch 670/750 - train 0.024976 - val 0.042893
Epoch 671/750 - train 0.023948 - val 0.042597
Epoch 672/750 - train 0.024003 - val 0.042856
Epoch 673/750 - train 0.023736 - val 0.043842
Epoch 674/750 - train 0.024069 - val 0.044486
Epoch 675/750 - train 0.024156 - val 0.043041
Epoch 676/750 - train 0.025110 - val 0.042658
Epoch 677/750 - train 0.023591 - val 0.043525
Epoch 678/750 - train 0.024330 - val 0.043288
Epoch 679/750 - train 0.023756 - val 0.043320
Epoch 680/750 - train 0.024738 - val 0.042839
Epoch 681/750 - train 0.023694 - val 0.044747
Epoch 682/750 - train 0.024258 - val 0.043476
Epoch 683/750 - train 0.024560 - val 0.043908
Epoch 684/750 - train 0.024282 - val 0.048798
Epoch 685/750 - train 0.024147 - val 0.042797
Epoch 686/750 - train 0.023728 - val 0.043056
Epoch 687/750 - train 0.024009 - val 0.047134
Epoch 688/750 - train 0.023990 - val 0.043721
Epoch 689/750 - train 0.023772 - val 0.041808
Epoch 690/750 - train 0.023920 - val 0.041327
Epoch 691/750 - train 0.023994 - val 0.045096
Epoch 692/750 - train 0.023636 - val 0.043328
Epoch 693/750 - train 0.024115 - val 0.045410
Epoch 694/750 - train 0.023734 - val 0.042289
Epoch 695/750 - train 0.024555 - val 0.043889
Epoch 696/750 - train 0.023920 - val 0.042162
Epoch 697/750 - train 0.023894 - val 0.045178
Epoch 698/750 - train 0.023768 - val 0.042768
Epoch 699/750 - train 0.024008 - val 0.041863
Epoch 700/750 - train 0.023759 - val 0.042636
Epoch 701/750 - train 0.023501 - val 0.044488
Epoch 702/750 - train 0.023888 - val 0.044644
Epoch 703/750 - train 0.023315 - val 0.041601
Epoch 704/750 - train 0.023572 - val 0.042414
Epoch 705/750 - train 0.023737 - val 0.042182
Epoch 706/750 - train 0.023572 - val 0.042643
Epoch 707/750 - train 0.023297 - val 0.042477
Epoch 708/750 - train 0.024003 - val 0.043925
Epoch 709/750 - train 0.024010 - val 0.042060
Epoch 710/750 - train 0.023016 - val 0.042842
Epoch 711/750 - train 0.023759 - val 0.045261
Epoch 712/750 - train 0.023648 - val 0.043934
Epoch 713/750 - train 0.022796 - val 0.042167
Epoch 714/750 - train 0.023514 - val 0.042800
Epoch 715/750 - train 0.023224 - val 0.041806
Epoch 716/750 - train 0.023600 - val 0.043936
Epoch 717/750 - train 0.023966 - val 0.043675
Epoch 718/750 - train 0.023525 - val 0.047305
Epoch 719/750 - train 0.024698 - val 0.041747
Epoch 720/750 - train 0.022868 - val 0.041743
Epoch 721/750 - train 0.024035 - val 0.042215
Epoch 722/750 - train 0.023065 - val 0.046211
Epoch 723/750 - train 0.023268 - val 0.041833
Epoch 724/750 - train 0.023885 - val 0.044704
Epoch 725/750 - train 0.023910 - val 0.041612
Epoch 726/750 - train 0.022852 - val 0.043961
Epoch 727/750 - train 0.023282 - val 0.043174
Epoch 728/750 - train 0.022838 - val 0.041845
Epoch 729/750 - train 0.023484 - val 0.042259
Epoch 730/750 - train 0.023773 - val 0.044230
Epoch 731/750 - train 0.023064 - val 0.043331
Epoch 732/750 - train 0.022726 - val 0.042316
Epoch 733/750 - train 0.023341 - val 0.041841
Epoch 734/750 - train 0.023308 - val 0.041932
Epoch 735/750 - train 0.024190 - val 0.043833
Epoch 736/750 - train 0.022975 - val 0.042354
Epoch 737/750 - train 0.023037 - val 0.043020
Epoch 738/750 - train 0.023007 - val 0.044086
Epoch 739/750 - train 0.023385 - val 0.043015
Epoch 740/750 - train 0.022671 - val 0.042711
Epoch 741/750 - train 0.022906 - val 0.042535
Epoch 742/750 - train 0.022359 - val 0.043475
Epoch 743/750 - train 0.022782 - val 0.042433
Epoch 744/750 - train 0.023289 - val 0.042977
Epoch 745/750 - train 0.023517 - val 0.043189
Epoch 746/750 - train 0.023263 - val 0.045964
Epoch 747/750 - train 0.023209 - val 0.042769
Epoch 748/750 - train 0.023146 - val 0.046349
Epoch 749/750 - train 0.022223 - val 0.041498
Epoch 750/750 - train 0.023451 - val 0.049255
Saved model to /scratch/network/ak9088/NASA-RL-Wavefront-Control/RL/jobs/20251231_001004/exp-fc1-zscore-ep750-bs256-lr1e-3-s42-h64-images-mc0/fc1_best.pth
