y: [[-8.89294595e-02  3.68765652e-01 -3.35200205e-02 ... -2.49889821e-01
   1.67958364e-02  4.47161561e-08]
 [-1.95354253e-01  3.17699492e-01  3.17823112e-01 ...  1.36494249e-01
  -1.03578465e-02  4.47161561e-08]
 [-2.90432423e-01 -1.80993274e-01  2.23017558e-01 ... -2.44340330e-01
  -2.15393677e-02  4.47161597e-08]
 ...
 [ 2.77905110e-02 -3.24629903e-01  2.85629988e-01 ...  5.68953492e-02
  -8.27765688e-02  4.47161561e-08]
 [-2.45659456e-01 -2.43513435e-01  6.57291114e-01 ...  1.29223362e-01
  -6.41752034e-02  4.47161597e-08]
 [-1.38641492e-01  1.17867850e-01  3.85931842e-02 ...  1.19241446e-01
  -2.43191440e-02  4.47161561e-08]]
Dataset loaded: N=100000 (original 100000), C=3, H=20, W=20, y_dim=26
using device: cpu
Epoch 1/750 - train 0.326312 - val 0.220103
Epoch 2/750 - train 0.184482 - val 0.155259
Epoch 3/750 - train 0.142360 - val 0.134727
Epoch 4/750 - train 0.123154 - val 0.123239
Epoch 5/750 - train 0.113497 - val 0.110932
Epoch 6/750 - train 0.106918 - val 0.111989
Epoch 7/750 - train 0.104058 - val 0.108365
Epoch 8/750 - train 0.098929 - val 0.101152
Epoch 9/750 - train 0.097567 - val 0.093481
Epoch 10/750 - train 0.095742 - val 0.095161
Epoch 11/750 - train 0.093267 - val 0.091777
Epoch 12/750 - train 0.091961 - val 0.096850
Epoch 13/750 - train 0.090160 - val 0.091829
Epoch 14/750 - train 0.089147 - val 0.088936
Epoch 15/750 - train 0.089140 - val 0.086081
Epoch 16/750 - train 0.087320 - val 0.088088
Epoch 17/750 - train 0.086069 - val 0.087565
Epoch 18/750 - train 0.086156 - val 0.084362
Epoch 19/750 - train 0.085648 - val 0.081429
Epoch 20/750 - train 0.084235 - val 0.091007
Epoch 21/750 - train 0.084026 - val 0.089920
Epoch 22/750 - train 0.083706 - val 0.081532
Epoch 23/750 - train 0.082701 - val 0.088343
Epoch 24/750 - train 0.082716 - val 0.093068
Epoch 25/750 - train 0.082046 - val 0.085363
Epoch 26/750 - train 0.082385 - val 0.081981
Epoch 27/750 - train 0.081688 - val 0.089435
Epoch 28/750 - train 0.081387 - val 0.084549
Epoch 29/750 - train 0.081121 - val 0.083918
Epoch 30/750 - train 0.080889 - val 0.080601
Epoch 31/750 - train 0.079749 - val 0.079291
Epoch 32/750 - train 0.079921 - val 0.079931
Epoch 33/750 - train 0.079841 - val 0.082366
Epoch 34/750 - train 0.080499 - val 0.081646
Epoch 35/750 - train 0.078914 - val 0.081476
Epoch 36/750 - train 0.079643 - val 0.080026
Epoch 37/750 - train 0.078973 - val 0.078220
Epoch 38/750 - train 0.078747 - val 0.083725
Epoch 39/750 - train 0.078500 - val 0.079854
Epoch 40/750 - train 0.078056 - val 0.077751
Epoch 41/750 - train 0.077611 - val 0.078102
Epoch 42/750 - train 0.078607 - val 0.077939
Epoch 43/750 - train 0.077707 - val 0.079777
Epoch 44/750 - train 0.077515 - val 0.085326
Epoch 45/750 - train 0.077403 - val 0.076907
Epoch 46/750 - train 0.076783 - val 0.078600
Epoch 47/750 - train 0.076950 - val 0.083244
Epoch 48/750 - train 0.075969 - val 0.078692
Epoch 49/750 - train 0.075520 - val 0.076992
Epoch 50/750 - train 0.075271 - val 0.080650
Epoch 51/750 - train 0.076092 - val 0.077235
Epoch 52/750 - train 0.075680 - val 0.074800
Epoch 53/750 - train 0.075814 - val 0.078294
Epoch 54/750 - train 0.075013 - val 0.078475
Epoch 55/750 - train 0.075180 - val 0.078885
Epoch 56/750 - train 0.073757 - val 0.075843
Epoch 57/750 - train 0.074832 - val 0.075557
Epoch 58/750 - train 0.075065 - val 0.075182
Epoch 59/750 - train 0.075136 - val 0.076125
Epoch 60/750 - train 0.075228 - val 0.076595
Epoch 61/750 - train 0.075306 - val 0.082202
Epoch 62/750 - train 0.074414 - val 0.077943
Epoch 63/750 - train 0.073956 - val 0.076440
Epoch 64/750 - train 0.073717 - val 0.077660
Epoch 65/750 - train 0.073380 - val 0.075552
Epoch 66/750 - train 0.073605 - val 0.091681
Epoch 67/750 - train 0.073394 - val 0.074967
Epoch 68/750 - train 0.072982 - val 0.078735
Epoch 69/750 - train 0.073012 - val 0.076159
Epoch 70/750 - train 0.073310 - val 0.079711
Epoch 71/750 - train 0.072216 - val 0.082482
Epoch 72/750 - train 0.073172 - val 0.078242
Epoch 73/750 - train 0.071942 - val 0.073472
Epoch 74/750 - train 0.072536 - val 0.075630
Epoch 75/750 - train 0.072939 - val 0.076850
Epoch 76/750 - train 0.072205 - val 0.075782
Epoch 77/750 - train 0.071724 - val 0.072971
Epoch 78/750 - train 0.072302 - val 0.072228
Epoch 79/750 - train 0.070966 - val 0.070258
Epoch 80/750 - train 0.071785 - val 0.072792
Epoch 81/750 - train 0.072089 - val 0.075610
Epoch 82/750 - train 0.071735 - val 0.077034
Epoch 83/750 - train 0.072324 - val 0.080502
Epoch 84/750 - train 0.071823 - val 0.077697
Epoch 85/750 - train 0.070829 - val 0.072398
Epoch 86/750 - train 0.070862 - val 0.072152
Epoch 87/750 - train 0.069875 - val 0.073079
Epoch 88/750 - train 0.070788 - val 0.073610
Epoch 89/750 - train 0.071174 - val 0.077575
Epoch 90/750 - train 0.070812 - val 0.070750
Epoch 91/750 - train 0.069516 - val 0.076728
Epoch 92/750 - train 0.069082 - val 0.072967
Epoch 93/750 - train 0.069218 - val 0.073218
Epoch 94/750 - train 0.069421 - val 0.066863
Epoch 95/750 - train 0.069628 - val 0.074097
Epoch 96/750 - train 0.068831 - val 0.068154
Epoch 97/750 - train 0.069414 - val 0.068242
Epoch 98/750 - train 0.067439 - val 0.067671
Epoch 99/750 - train 0.068729 - val 0.067575
Epoch 100/750 - train 0.067898 - val 0.070851
Epoch 101/750 - train 0.068868 - val 0.084505
Epoch 102/750 - train 0.068312 - val 0.070035
Epoch 103/750 - train 0.067092 - val 0.068072
Epoch 104/750 - train 0.068103 - val 0.066220
Epoch 105/750 - train 0.066971 - val 0.069218
Epoch 106/750 - train 0.068125 - val 0.069037
Epoch 107/750 - train 0.066517 - val 0.068708
Epoch 108/750 - train 0.066941 - val 0.069650
Epoch 109/750 - train 0.065707 - val 0.081669
Epoch 110/750 - train 0.068370 - val 0.071070
Epoch 111/750 - train 0.067027 - val 0.071467
Epoch 112/750 - train 0.065952 - val 0.067109
Epoch 113/750 - train 0.066858 - val 0.069968
Epoch 114/750 - train 0.066607 - val 0.083975
Epoch 115/750 - train 0.065915 - val 0.066397
Epoch 116/750 - train 0.065616 - val 0.068839
Epoch 117/750 - train 0.065311 - val 0.065674
Epoch 118/750 - train 0.066354 - val 0.063950
Epoch 119/750 - train 0.066258 - val 0.067580
Epoch 120/750 - train 0.064416 - val 0.066344
Epoch 121/750 - train 0.065099 - val 0.064745
Epoch 122/750 - train 0.064319 - val 0.071477
Epoch 123/750 - train 0.064742 - val 0.064890
Epoch 124/750 - train 0.064664 - val 0.068151
Epoch 125/750 - train 0.064219 - val 0.063266
Epoch 126/750 - train 0.064456 - val 0.064102
Epoch 127/750 - train 0.064940 - val 0.067624
Epoch 128/750 - train 0.063333 - val 0.073501
Epoch 129/750 - train 0.064519 - val 0.068470
Epoch 130/750 - train 0.062909 - val 0.066992
Epoch 131/750 - train 0.062900 - val 0.071357
Epoch 132/750 - train 0.063355 - val 0.061243
Epoch 133/750 - train 0.063735 - val 0.067409
Epoch 134/750 - train 0.063969 - val 0.061601
Epoch 135/750 - train 0.063616 - val 0.065817
Epoch 136/750 - train 0.061548 - val 0.066764
Epoch 137/750 - train 0.061894 - val 0.076129
Epoch 138/750 - train 0.062055 - val 0.062014
Epoch 139/750 - train 0.061833 - val 0.062329
Epoch 140/750 - train 0.063184 - val 0.067832
Epoch 141/750 - train 0.061303 - val 0.064701
Epoch 142/750 - train 0.060660 - val 0.059914
Epoch 143/750 - train 0.060541 - val 0.066774
Epoch 144/750 - train 0.062718 - val 0.061303
Epoch 145/750 - train 0.061815 - val 0.061725
Epoch 146/750 - train 0.059939 - val 0.067922
Epoch 147/750 - train 0.060235 - val 0.057571
Epoch 148/750 - train 0.061175 - val 0.069793
Epoch 149/750 - train 0.059841 - val 0.062159
Epoch 150/750 - train 0.060641 - val 0.061771
Epoch 151/750 - train 0.059600 - val 0.064351
Epoch 152/750 - train 0.061164 - val 0.061574
Epoch 153/750 - train 0.060236 - val 0.060506
Epoch 154/750 - train 0.060018 - val 0.070677
Epoch 155/750 - train 0.059727 - val 0.062272
Epoch 156/750 - train 0.059168 - val 0.059724
Epoch 157/750 - train 0.059147 - val 0.072073
Epoch 158/750 - train 0.058733 - val 0.075031
Epoch 159/750 - train 0.059660 - val 0.067750
Epoch 160/750 - train 0.060100 - val 0.102989
Epoch 161/750 - train 0.058859 - val 0.061008
Epoch 162/750 - train 0.059306 - val 0.072991
Epoch 163/750 - train 0.057972 - val 0.057387
Epoch 164/750 - train 0.058248 - val 0.060619
Epoch 165/750 - train 0.058528 - val 0.064752
Epoch 166/750 - train 0.058496 - val 0.084977
Epoch 167/750 - train 0.057929 - val 0.064006
Epoch 168/750 - train 0.058141 - val 0.063095
Epoch 169/750 - train 0.057856 - val 0.062778
Epoch 170/750 - train 0.057843 - val 0.064237
Epoch 171/750 - train 0.058303 - val 0.060609
Epoch 172/750 - train 0.057829 - val 0.062823
Epoch 173/750 - train 0.057029 - val 0.067485
Epoch 174/750 - train 0.057307 - val 0.076603
Epoch 175/750 - train 0.057534 - val 0.056266
Epoch 176/750 - train 0.057571 - val 0.062346
Epoch 177/750 - train 0.056188 - val 0.059491
Epoch 178/750 - train 0.055418 - val 0.058770
Epoch 179/750 - train 0.056391 - val 0.056993
Epoch 180/750 - train 0.055998 - val 0.058670
Epoch 181/750 - train 0.056964 - val 0.056765
Epoch 182/750 - train 0.057231 - val 0.054488
Epoch 183/750 - train 0.055828 - val 0.059152
Epoch 184/750 - train 0.056086 - val 0.061360
Epoch 185/750 - train 0.055488 - val 0.060992
Epoch 186/750 - train 0.056231 - val 0.054365
Epoch 187/750 - train 0.055958 - val 0.057491
Epoch 188/750 - train 0.056478 - val 0.055571
Epoch 189/750 - train 0.054990 - val 0.062296
Epoch 190/750 - train 0.055413 - val 0.066447
Epoch 191/750 - train 0.055397 - val 0.064246
Epoch 192/750 - train 0.054585 - val 0.055715
Epoch 193/750 - train 0.055854 - val 0.054777
Epoch 194/750 - train 0.055102 - val 0.056927
Epoch 195/750 - train 0.054564 - val 0.064913
Epoch 196/750 - train 0.054228 - val 0.055026
Epoch 197/750 - train 0.054171 - val 0.059483
Epoch 198/750 - train 0.055198 - val 0.063573
Epoch 199/750 - train 0.054432 - val 0.056687
Epoch 200/750 - train 0.053260 - val 0.061702
Epoch 201/750 - train 0.054553 - val 0.053203
Epoch 202/750 - train 0.053841 - val 0.057757
Epoch 203/750 - train 0.054700 - val 0.058773
Epoch 204/750 - train 0.054091 - val 0.060460
Epoch 205/750 - train 0.054642 - val 0.059868
Epoch 206/750 - train 0.053887 - val 0.053119
Epoch 207/750 - train 0.053362 - val 0.063405
Epoch 208/750 - train 0.053164 - val 0.055295
Epoch 209/750 - train 0.054055 - val 0.058021
Epoch 210/750 - train 0.052878 - val 0.058704
Epoch 211/750 - train 0.054553 - val 0.055945
Epoch 212/750 - train 0.052517 - val 0.055807
Epoch 213/750 - train 0.052765 - val 0.062629
Epoch 214/750 - train 0.052524 - val 0.055583
Epoch 215/750 - train 0.053221 - val 0.061368
Epoch 216/750 - train 0.053928 - val 0.060800
Epoch 217/750 - train 0.052729 - val 0.059347
Epoch 218/750 - train 0.054285 - val 0.066189
Epoch 219/750 - train 0.052762 - val 0.057198
Epoch 220/750 - train 0.053848 - val 0.056868
Epoch 221/750 - train 0.053080 - val 0.055930
Epoch 222/750 - train 0.051073 - val 0.090222
Epoch 223/750 - train 0.053125 - val 0.058070
Epoch 224/750 - train 0.051664 - val 0.058318
Epoch 225/750 - train 0.051830 - val 0.054756
Epoch 226/750 - train 0.051909 - val 0.053281
Epoch 227/750 - train 0.051641 - val 0.051394
Epoch 228/750 - train 0.051997 - val 0.058438
Epoch 229/750 - train 0.051477 - val 0.060711
Epoch 230/750 - train 0.052590 - val 0.051472
Epoch 231/750 - train 0.051230 - val 0.051268
Epoch 232/750 - train 0.050997 - val 0.054957
Epoch 233/750 - train 0.050421 - val 0.050650
Epoch 234/750 - train 0.051173 - val 0.051136
Epoch 235/750 - train 0.052370 - val 0.053562
Epoch 236/750 - train 0.050060 - val 0.053338
Epoch 237/750 - train 0.050645 - val 0.054890
Epoch 238/750 - train 0.051215 - val 0.050159
Epoch 239/750 - train 0.051049 - val 0.059578
Epoch 240/750 - train 0.049738 - val 0.057209
Epoch 241/750 - train 0.050865 - val 0.055424
Epoch 242/750 - train 0.051506 - val 0.054205
Epoch 243/750 - train 0.050072 - val 0.060414
Epoch 244/750 - train 0.051652 - val 0.051416
Epoch 245/750 - train 0.050927 - val 0.050768
Epoch 246/750 - train 0.050493 - val 0.049455
Epoch 247/750 - train 0.048984 - val 0.059664
Epoch 248/750 - train 0.050021 - val 0.056602
Epoch 249/750 - train 0.049795 - val 0.050078
Epoch 250/750 - train 0.051672 - val 0.073836
Epoch 251/750 - train 0.051038 - val 0.054831
Epoch 252/750 - train 0.048514 - val 0.054106
Epoch 253/750 - train 0.049626 - val 0.051151
Epoch 254/750 - train 0.050519 - val 0.050530
Epoch 255/750 - train 0.049103 - val 0.057709
Epoch 256/750 - train 0.049577 - val 0.055638
Epoch 257/750 - train 0.050501 - val 0.054679
Epoch 258/750 - train 0.048174 - val 0.046988
Epoch 259/750 - train 0.049657 - val 0.047569
Epoch 260/750 - train 0.049256 - val 0.048645
Epoch 261/750 - train 0.049082 - val 0.054133
Epoch 262/750 - train 0.048530 - val 0.050470
Epoch 263/750 - train 0.048539 - val 0.056873
Epoch 264/750 - train 0.048677 - val 0.056258
Epoch 265/750 - train 0.048957 - val 0.054557
Epoch 266/750 - train 0.047884 - val 0.050370
Epoch 267/750 - train 0.048108 - val 0.050786
Epoch 268/750 - train 0.049563 - val 0.053608
Epoch 269/750 - train 0.047071 - val 0.047638
Epoch 270/750 - train 0.046763 - val 0.053528
Epoch 271/750 - train 0.049700 - val 0.048266
Epoch 272/750 - train 0.047770 - val 0.053614
Epoch 273/750 - train 0.048381 - val 0.050745
Epoch 274/750 - train 0.047433 - val 0.051452
Epoch 275/750 - train 0.046367 - val 0.057466
Epoch 276/750 - train 0.047389 - val 0.050310
Epoch 277/750 - train 0.047559 - val 0.057223
Epoch 278/750 - train 0.047138 - val 0.059789
Epoch 279/750 - train 0.046922 - val 0.051284
Epoch 280/750 - train 0.046378 - val 0.045437
Epoch 281/750 - train 0.046047 - val 0.048426
Epoch 282/750 - train 0.045739 - val 0.046499
Epoch 283/750 - train 0.046601 - val 0.047071
Epoch 284/750 - train 0.046486 - val 0.047934
Epoch 285/750 - train 0.047594 - val 0.047431
Epoch 286/750 - train 0.046342 - val 0.045605
Epoch 287/750 - train 0.046573 - val 0.045962
Epoch 288/750 - train 0.045880 - val 0.054947
Epoch 289/750 - train 0.045380 - val 0.044382
Epoch 290/750 - train 0.045355 - val 0.047819
Epoch 291/750 - train 0.045077 - val 0.051054
Epoch 292/750 - train 0.045393 - val 0.054896
Epoch 293/750 - train 0.045622 - val 0.049333
Epoch 294/750 - train 0.044327 - val 0.046733
Epoch 295/750 - train 0.046063 - val 0.045300
Epoch 296/750 - train 0.045504 - val 0.051480
Epoch 297/750 - train 0.044036 - val 0.055689
Epoch 298/750 - train 0.045961 - val 0.072104
Epoch 299/750 - train 0.044371 - val 0.046334
Epoch 300/750 - train 0.043851 - val 0.046357
Epoch 301/750 - train 0.044846 - val 0.048830
Epoch 302/750 - train 0.044565 - val 0.044519
Epoch 303/750 - train 0.044275 - val 0.043578
Epoch 304/750 - train 0.043686 - val 0.042946
Epoch 305/750 - train 0.044252 - val 0.048056
Epoch 306/750 - train 0.044229 - val 0.047219
Epoch 307/750 - train 0.044095 - val 0.040859
Epoch 308/750 - train 0.045361 - val 0.044585
Epoch 309/750 - train 0.041767 - val 0.045924
Epoch 310/750 - train 0.044238 - val 0.051028
Epoch 311/750 - train 0.044044 - val 0.048201
Epoch 312/750 - train 0.044227 - val 0.043830
Epoch 313/750 - train 0.043875 - val 0.046972
Epoch 314/750 - train 0.042445 - val 0.044920
Epoch 315/750 - train 0.043092 - val 0.060985
Epoch 316/750 - train 0.043292 - val 0.045427
Epoch 317/750 - train 0.042899 - val 0.042393
Epoch 318/750 - train 0.043269 - val 0.046884
Epoch 319/750 - train 0.043557 - val 0.046017
Epoch 320/750 - train 0.043101 - val 0.048925
Epoch 321/750 - train 0.042451 - val 0.042562
Epoch 322/750 - train 0.042091 - val 0.045357
Epoch 323/750 - train 0.043063 - val 0.046708
Epoch 324/750 - train 0.042384 - val 0.050824
Epoch 325/750 - train 0.041533 - val 0.042683
Epoch 326/750 - train 0.040881 - val 0.043952
Epoch 327/750 - train 0.041674 - val 0.043197
Epoch 328/750 - train 0.041859 - val 0.038852
Epoch 329/750 - train 0.041981 - val 0.049020
Epoch 330/750 - train 0.042129 - val 0.041083
Epoch 331/750 - train 0.041080 - val 0.044702
Epoch 332/750 - train 0.041507 - val 0.058607
Epoch 333/750 - train 0.041657 - val 0.044314
Epoch 334/750 - train 0.042066 - val 0.043127
Epoch 335/750 - train 0.041995 - val 0.041501
Epoch 336/750 - train 0.039408 - val 0.039498
Epoch 337/750 - train 0.040957 - val 0.043870
Epoch 338/750 - train 0.043911 - val 0.046244
Epoch 339/750 - train 0.039498 - val 0.040441
Epoch 340/750 - train 0.041321 - val 0.041714
Epoch 341/750 - train 0.041547 - val 0.042687
Epoch 342/750 - train 0.041512 - val 0.039674
Epoch 343/750 - train 0.041209 - val 0.038887
Epoch 344/750 - train 0.040249 - val 0.049434
Epoch 345/750 - train 0.041811 - val 0.045766
Epoch 346/750 - train 0.041256 - val 0.042056
Epoch 347/750 - train 0.040254 - val 0.039486
Epoch 348/750 - train 0.040186 - val 0.043573
Epoch 349/750 - train 0.040520 - val 0.044925
Epoch 350/750 - train 0.041091 - val 0.039106
Epoch 351/750 - train 0.040203 - val 0.051187
Epoch 352/750 - train 0.041271 - val 0.044688
Epoch 353/750 - train 0.039000 - val 0.045918
Epoch 354/750 - train 0.039577 - val 0.036908
Epoch 355/750 - train 0.039551 - val 0.044761
Epoch 356/750 - train 0.040980 - val 0.042628
Epoch 357/750 - train 0.038582 - val 0.040463
Epoch 358/750 - train 0.039040 - val 0.045844
Epoch 359/750 - train 0.039606 - val 0.073166
Epoch 360/750 - train 0.041368 - val 0.051310
Epoch 361/750 - train 0.039689 - val 0.046479
Epoch 362/750 - train 0.039073 - val 0.041427
Epoch 363/750 - train 0.039408 - val 0.044292
Epoch 364/750 - train 0.038528 - val 0.051430
Epoch 365/750 - train 0.040257 - val 0.039458
Epoch 366/750 - train 0.039517 - val 0.039233
Epoch 367/750 - train 0.038231 - val 0.039057
Epoch 368/750 - train 0.039144 - val 0.037891
Epoch 369/750 - train 0.039118 - val 0.039163
Epoch 370/750 - train 0.038674 - val 0.039815
Epoch 371/750 - train 0.039706 - val 0.041252
Epoch 372/750 - train 0.038915 - val 0.046479
Epoch 373/750 - train 0.038429 - val 0.046538
Epoch 374/750 - train 0.039164 - val 0.041436
Epoch 375/750 - train 0.038454 - val 0.041226
Epoch 376/750 - train 0.039140 - val 0.046112
Epoch 377/750 - train 0.038211 - val 0.051986
Epoch 378/750 - train 0.039170 - val 0.037974
Epoch 379/750 - train 0.038278 - val 0.042829
Epoch 380/750 - train 0.038607 - val 0.036582
Epoch 381/750 - train 0.038568 - val 0.036891
Epoch 382/750 - train 0.039030 - val 0.037402
Epoch 383/750 - train 0.037136 - val 0.040676
Epoch 384/750 - train 0.038829 - val 0.036970
Epoch 385/750 - train 0.039035 - val 0.044438
Epoch 386/750 - train 0.037715 - val 0.041634
Epoch 387/750 - train 0.038017 - val 0.038834
Epoch 388/750 - train 0.039485 - val 0.039072
Epoch 389/750 - train 0.037165 - val 0.039385
Epoch 390/750 - train 0.038397 - val 0.040002
Epoch 391/750 - train 0.038654 - val 0.036482
Epoch 392/750 - train 0.037050 - val 0.037170
Epoch 393/750 - train 0.038448 - val 0.044963
Epoch 394/750 - train 0.038308 - val 0.042602
Epoch 395/750 - train 0.037932 - val 0.038315
Epoch 396/750 - train 0.037700 - val 0.037536
Epoch 397/750 - train 0.037906 - val 0.048410
Epoch 398/750 - train 0.036946 - val 0.036279
Epoch 399/750 - train 0.038438 - val 0.039168
Epoch 400/750 - train 0.037815 - val 0.038632
Epoch 401/750 - train 0.037615 - val 0.039101
Epoch 402/750 - train 0.038446 - val 0.037240
Epoch 403/750 - train 0.038060 - val 0.047410
Epoch 404/750 - train 0.037884 - val 0.053208
Epoch 405/750 - train 0.037415 - val 0.038165
Epoch 406/750 - train 0.037415 - val 0.038957
Epoch 407/750 - train 0.038051 - val 0.038708
Epoch 408/750 - train 0.037962 - val 0.035944
Epoch 409/750 - train 0.037191 - val 0.036018
Epoch 410/750 - train 0.037890 - val 0.044453
Epoch 411/750 - train 0.035843 - val 0.038696
Epoch 412/750 - train 0.037128 - val 0.040016
Epoch 413/750 - train 0.037035 - val 0.044075
Epoch 414/750 - train 0.037303 - val 0.038257
Epoch 415/750 - train 0.036767 - val 0.038661
Epoch 416/750 - train 0.037673 - val 0.037132
Epoch 417/750 - train 0.036983 - val 0.036258
Epoch 418/750 - train 0.036715 - val 0.046109
Epoch 419/750 - train 0.037035 - val 0.037137
Epoch 420/750 - train 0.036608 - val 0.036061
Epoch 421/750 - train 0.036890 - val 0.038354
Epoch 422/750 - train 0.037191 - val 0.036650
Epoch 423/750 - train 0.037056 - val 0.038628
Epoch 424/750 - train 0.036649 - val 0.040335
Epoch 425/750 - train 0.036238 - val 0.040181
Epoch 426/750 - train 0.037656 - val 0.037299
Epoch 427/750 - train 0.036549 - val 0.035034
Epoch 428/750 - train 0.036205 - val 0.039480
Epoch 429/750 - train 0.036539 - val 0.038387
Epoch 430/750 - train 0.036493 - val 0.036290
Epoch 431/750 - train 0.035790 - val 0.038880
Epoch 432/750 - train 0.035824 - val 0.032900
Epoch 433/750 - train 0.037374 - val 0.040435
Epoch 434/750 - train 0.037088 - val 0.053969
Epoch 435/750 - train 0.036358 - val 0.034990
Epoch 436/750 - train 0.036721 - val 0.050301
Epoch 437/750 - train 0.036716 - val 0.034581
Epoch 438/750 - train 0.035316 - val 0.043849
Epoch 439/750 - train 0.037104 - val 0.040614
Epoch 440/750 - train 0.035882 - val 0.037676
Epoch 441/750 - train 0.035731 - val 0.036057
Epoch 442/750 - train 0.036332 - val 0.042208
Epoch 443/750 - train 0.035864 - val 0.035455
Epoch 444/750 - train 0.036364 - val 0.038427
Epoch 445/750 - train 0.035378 - val 0.036177
Epoch 446/750 - train 0.036731 - val 0.036978
Epoch 447/750 - train 0.036690 - val 0.051033
Epoch 448/750 - train 0.035301 - val 0.044010
Epoch 449/750 - train 0.037201 - val 0.038365
Epoch 450/750 - train 0.035958 - val 0.042682
Epoch 451/750 - train 0.035615 - val 0.035019
Epoch 452/750 - train 0.035689 - val 0.038532
Epoch 453/750 - train 0.035634 - val 0.039054
Epoch 454/750 - train 0.035070 - val 0.045198
Epoch 455/750 - train 0.036699 - val 0.044733
Epoch 456/750 - train 0.036703 - val 0.033327
Epoch 457/750 - train 0.034747 - val 0.036145
Epoch 458/750 - train 0.035264 - val 0.033323
Epoch 459/750 - train 0.036051 - val 0.039569
Epoch 460/750 - train 0.035015 - val 0.039163
Epoch 461/750 - train 0.036197 - val 0.034172
Epoch 462/750 - train 0.034946 - val 0.036971
Epoch 463/750 - train 0.035238 - val 0.036844
Epoch 464/750 - train 0.035429 - val 0.034948
Epoch 465/750 - train 0.035068 - val 0.037605
Epoch 466/750 - train 0.034514 - val 0.033692
Epoch 467/750 - train 0.035781 - val 0.038391
Epoch 468/750 - train 0.035456 - val 0.036459
Epoch 469/750 - train 0.036752 - val 0.040936
Epoch 470/750 - train 0.034471 - val 0.033829
Epoch 471/750 - train 0.034577 - val 0.036395
Epoch 472/750 - train 0.035982 - val 0.033406
Epoch 473/750 - train 0.034691 - val 0.043616
Epoch 474/750 - train 0.035429 - val 0.034604
Epoch 475/750 - train 0.034797 - val 0.037123
Epoch 476/750 - train 0.035125 - val 0.034951
Epoch 477/750 - train 0.035058 - val 0.035606
Epoch 478/750 - train 0.034476 - val 0.036050
Epoch 479/750 - train 0.035724 - val 0.036018
Epoch 480/750 - train 0.034925 - val 0.034141
Epoch 481/750 - train 0.036152 - val 0.038322
Epoch 482/750 - train 0.034131 - val 0.039477
Epoch 483/750 - train 0.035127 - val 0.033906
Epoch 484/750 - train 0.035026 - val 0.042805
Epoch 485/750 - train 0.035234 - val 0.034642
Epoch 486/750 - train 0.034742 - val 0.038623
Epoch 487/750 - train 0.034951 - val 0.035236
Epoch 488/750 - train 0.034464 - val 0.041647
Epoch 489/750 - train 0.034253 - val 0.035828
Epoch 490/750 - train 0.034557 - val 0.048399
Epoch 491/750 - train 0.035152 - val 0.041923
Epoch 492/750 - train 0.034373 - val 0.039708
Epoch 493/750 - train 0.033520 - val 0.038288
Epoch 494/750 - train 0.034951 - val 0.036172
Epoch 495/750 - train 0.034949 - val 0.038635
Epoch 496/750 - train 0.034959 - val 0.033933
Epoch 497/750 - train 0.033830 - val 0.039578
Epoch 498/750 - train 0.034821 - val 0.053252
Epoch 499/750 - train 0.033613 - val 0.033993
Epoch 500/750 - train 0.034617 - val 0.036276
Epoch 501/750 - train 0.034834 - val 0.035410
Epoch 502/750 - train 0.035557 - val 0.037816
Epoch 503/750 - train 0.034121 - val 0.045482
Epoch 504/750 - train 0.035076 - val 0.047081
Epoch 505/750 - train 0.033710 - val 0.034782
Epoch 506/750 - train 0.034717 - val 0.040322
Epoch 507/750 - train 0.034830 - val 0.034931
Epoch 508/750 - train 0.033822 - val 0.044427
Epoch 509/750 - train 0.034338 - val 0.041616
Epoch 510/750 - train 0.033785 - val 0.034868
Epoch 511/750 - train 0.034572 - val 0.037657
Epoch 512/750 - train 0.034824 - val 0.036726
Epoch 513/750 - train 0.033183 - val 0.046713
Epoch 514/750 - train 0.035499 - val 0.036819
Epoch 515/750 - train 0.033760 - val 0.042826
Epoch 516/750 - train 0.033928 - val 0.034419
Epoch 517/750 - train 0.033751 - val 0.037018
Epoch 518/750 - train 0.034502 - val 0.034650
Epoch 519/750 - train 0.033403 - val 0.037621
Epoch 520/750 - train 0.034582 - val 0.035805
Epoch 521/750 - train 0.033168 - val 0.038649
Epoch 522/750 - train 0.034271 - val 0.038531
Epoch 523/750 - train 0.033625 - val 0.035633
Epoch 524/750 - train 0.033953 - val 0.038218
Epoch 525/750 - train 0.034375 - val 0.035888
Epoch 526/750 - train 0.033621 - val 0.037965
Epoch 527/750 - train 0.033006 - val 0.042260
Epoch 528/750 - train 0.032718 - val 0.036313
Epoch 529/750 - train 0.033716 - val 0.034280
Epoch 530/750 - train 0.032937 - val 0.036163
Epoch 531/750 - train 0.033920 - val 0.035881
Epoch 532/750 - train 0.034488 - val 0.036599
Epoch 533/750 - train 0.034240 - val 0.035538
Epoch 534/750 - train 0.032907 - val 0.039376
Epoch 535/750 - train 0.034290 - val 0.032694
Epoch 536/750 - train 0.034185 - val 0.040142
Epoch 537/750 - train 0.033894 - val 0.046200
Epoch 538/750 - train 0.033020 - val 0.036510
Epoch 539/750 - train 0.033545 - val 0.033703
Epoch 540/750 - train 0.034222 - val 0.030299
Epoch 541/750 - train 0.033787 - val 0.034361
Epoch 542/750 - train 0.032915 - val 0.033341
Epoch 543/750 - train 0.033471 - val 0.039967
Epoch 544/750 - train 0.033583 - val 0.033590
Epoch 545/750 - train 0.033538 - val 0.036762
Epoch 546/750 - train 0.033657 - val 0.033549
Epoch 547/750 - train 0.033409 - val 0.038000
Epoch 548/750 - train 0.033722 - val 0.038999
Epoch 549/750 - train 0.034145 - val 0.032990
Epoch 550/750 - train 0.032410 - val 0.042472
Epoch 551/750 - train 0.033574 - val 0.043116
Epoch 552/750 - train 0.033438 - val 0.033449
Epoch 553/750 - train 0.032294 - val 0.034668
Epoch 554/750 - train 0.032741 - val 0.034229
Epoch 555/750 - train 0.033617 - val 0.042661
Epoch 556/750 - train 0.033299 - val 0.030184
Epoch 557/750 - train 0.033743 - val 0.037522
Epoch 558/750 - train 0.033344 - val 0.038901
Epoch 559/750 - train 0.033239 - val 0.036776
Epoch 560/750 - train 0.033354 - val 0.037296
Epoch 561/750 - train 0.032419 - val 0.037425
Epoch 562/750 - train 0.032462 - val 0.044398
Epoch 563/750 - train 0.032595 - val 0.034636
Epoch 564/750 - train 0.033650 - val 0.032221
Epoch 565/750 - train 0.033330 - val 0.042026
Epoch 566/750 - train 0.033716 - val 0.033766
Epoch 567/750 - train 0.032104 - val 0.032592
Epoch 568/750 - train 0.033677 - val 0.031851
Epoch 569/750 - train 0.033124 - val 0.033357
Epoch 570/750 - train 0.032983 - val 0.031189
Epoch 571/750 - train 0.032605 - val 0.033247
Epoch 572/750 - train 0.032736 - val 0.030487
Epoch 573/750 - train 0.033484 - val 0.031387
Epoch 574/750 - train 0.032124 - val 0.034044
Epoch 575/750 - train 0.032137 - val 0.033231
Epoch 576/750 - train 0.033928 - val 0.033377
Epoch 577/750 - train 0.033344 - val 0.034848
Epoch 578/750 - train 0.032973 - val 0.035506
Epoch 579/750 - train 0.032489 - val 0.033287
Epoch 580/750 - train 0.032071 - val 0.032478
Epoch 581/750 - train 0.032564 - val 0.037677
Epoch 582/750 - train 0.032702 - val 0.033744
Epoch 583/750 - train 0.033201 - val 0.041567
Epoch 584/750 - train 0.032370 - val 0.033917
Epoch 585/750 - train 0.032590 - val 0.043057
Epoch 586/750 - train 0.032018 - val 0.031999
Epoch 587/750 - train 0.032517 - val 0.030560
Epoch 588/750 - train 0.033275 - val 0.046479
Epoch 589/750 - train 0.031276 - val 0.030896
Epoch 590/750 - train 0.033271 - val 0.037930
Epoch 591/750 - train 0.032837 - val 0.030364
Epoch 592/750 - train 0.032294 - val 0.035102
Epoch 593/750 - train 0.033383 - val 0.034954
Epoch 594/750 - train 0.032148 - val 0.030883
Epoch 595/750 - train 0.031934 - val 0.031103
Epoch 596/750 - train 0.031609 - val 0.039362
Epoch 597/750 - train 0.032685 - val 0.032998
Epoch 598/750 - train 0.032405 - val 0.034705
Epoch 599/750 - train 0.032818 - val 0.048550
Epoch 600/750 - train 0.031729 - val 0.034306
Epoch 601/750 - train 0.032779 - val 0.032605
Epoch 602/750 - train 0.031430 - val 0.042266
Epoch 603/750 - train 0.032459 - val 0.040890
Epoch 604/750 - train 0.032755 - val 0.034813
Epoch 605/750 - train 0.032344 - val 0.030222
Epoch 606/750 - train 0.032374 - val 0.038747
Epoch 607/750 - train 0.031881 - val 0.035657
Epoch 608/750 - train 0.033035 - val 0.036514
Epoch 609/750 - train 0.031440 - val 0.042196
Epoch 610/750 - train 0.033458 - val 0.032172
Epoch 611/750 - train 0.032999 - val 0.031353
Epoch 612/750 - train 0.031477 - val 0.034553
Epoch 613/750 - train 0.032961 - val 0.037434
Epoch 614/750 - train 0.031368 - val 0.033318
Epoch 615/750 - train 0.033101 - val 0.032451
Epoch 616/750 - train 0.031864 - val 0.034132
Epoch 617/750 - train 0.032217 - val 0.032812
Epoch 618/750 - train 0.032115 - val 0.030959
Epoch 619/750 - train 0.032053 - val 0.038721
Epoch 620/750 - train 0.032196 - val 0.034163
Epoch 621/750 - train 0.032031 - val 0.040279
Epoch 622/750 - train 0.031937 - val 0.033150
Epoch 623/750 - train 0.032413 - val 0.037251
Epoch 624/750 - train 0.031455 - val 0.041010
Epoch 625/750 - train 0.031914 - val 0.037519
Epoch 626/750 - train 0.031673 - val 0.030244
Epoch 627/750 - train 0.032155 - val 0.033566
Epoch 628/750 - train 0.031134 - val 0.037780
Epoch 629/750 - train 0.033242 - val 0.032976
Epoch 630/750 - train 0.031312 - val 0.039118
Epoch 631/750 - train 0.031885 - val 0.030384
Epoch 632/750 - train 0.032131 - val 0.032240
Epoch 633/750 - train 0.032150 - val 0.041547
Epoch 634/750 - train 0.032563 - val 0.032867
Epoch 635/750 - train 0.031754 - val 0.039109
Epoch 636/750 - train 0.031725 - val 0.031102
Epoch 637/750 - train 0.032255 - val 0.038303
Epoch 638/750 - train 0.031013 - val 0.038271
Epoch 639/750 - train 0.032174 - val 0.033785
Epoch 640/750 - train 0.032434 - val 0.031024
Epoch 641/750 - train 0.031148 - val 0.037703
Epoch 642/750 - train 0.031507 - val 0.030633
Epoch 643/750 - train 0.032093 - val 0.041855
Epoch 644/750 - train 0.032042 - val 0.032023
Epoch 645/750 - train 0.032160 - val 0.048384
Epoch 646/750 - train 0.031514 - val 0.031637
Epoch 647/750 - train 0.031620 - val 0.031981
Epoch 648/750 - train 0.031663 - val 0.031633
Epoch 649/750 - train 0.031695 - val 0.032314
Epoch 650/750 - train 0.031760 - val 0.032183
Epoch 651/750 - train 0.031635 - val 0.036081
Epoch 652/750 - train 0.032816 - val 0.028946
Epoch 653/750 - train 0.030860 - val 0.035057
Epoch 654/750 - train 0.030736 - val 0.036562
Epoch 655/750 - train 0.032028 - val 0.029952
Epoch 656/750 - train 0.032352 - val 0.028441
Epoch 657/750 - train 0.031575 - val 0.030743
Epoch 658/750 - train 0.031946 - val 0.029620
Epoch 659/750 - train 0.031115 - val 0.038596
Epoch 660/750 - train 0.032200 - val 0.040116
Epoch 661/750 - train 0.032097 - val 0.037347
Epoch 662/750 - train 0.030954 - val 0.032195
Epoch 663/750 - train 0.031743 - val 0.031544
Epoch 664/750 - train 0.031123 - val 0.031330
Epoch 665/750 - train 0.031986 - val 0.031862
Epoch 666/750 - train 0.031855 - val 0.035500
Epoch 667/750 - train 0.031295 - val 0.034140
Epoch 668/750 - train 0.032554 - val 0.033312
Epoch 669/750 - train 0.031071 - val 0.035277
Epoch 670/750 - train 0.031938 - val 0.027876
Epoch 671/750 - train 0.031574 - val 0.037973
Epoch 672/750 - train 0.031446 - val 0.033389
Epoch 673/750 - train 0.031823 - val 0.037261
Epoch 674/750 - train 0.030946 - val 0.031886
Epoch 675/750 - train 0.031069 - val 0.029442
Epoch 676/750 - train 0.031049 - val 0.035769
Epoch 677/750 - train 0.031073 - val 0.029174
Epoch 678/750 - train 0.031399 - val 0.039156
Epoch 679/750 - train 0.031499 - val 0.030453
Epoch 680/750 - train 0.030609 - val 0.030627
Epoch 681/750 - train 0.031219 - val 0.036763
Epoch 682/750 - train 0.031723 - val 0.031167
Epoch 683/750 - train 0.031376 - val 0.034007
Epoch 684/750 - train 0.031908 - val 0.036173
Epoch 685/750 - train 0.030181 - val 0.028272
Epoch 686/750 - train 0.031199 - val 0.038314
Epoch 687/750 - train 0.031133 - val 0.038980
Epoch 688/750 - train 0.030751 - val 0.031781
Epoch 689/750 - train 0.032546 - val 0.034259
Epoch 690/750 - train 0.030556 - val 0.031356
Epoch 691/750 - train 0.031054 - val 0.032496
Epoch 692/750 - train 0.030808 - val 0.032670
Epoch 693/750 - train 0.030702 - val 0.030507
Epoch 694/750 - train 0.031227 - val 0.041860
Epoch 695/750 - train 0.032128 - val 0.047926
Epoch 696/750 - train 0.029888 - val 0.030641
Epoch 697/750 - train 0.031036 - val 0.030558
Epoch 698/750 - train 0.032030 - val 0.040422
Epoch 699/750 - train 0.031290 - val 0.032282
Epoch 700/750 - train 0.030862 - val 0.030351
Epoch 701/750 - train 0.030932 - val 0.030755
Epoch 702/750 - train 0.030698 - val 0.032531
Epoch 703/750 - train 0.031426 - val 0.035743
Epoch 704/750 - train 0.030739 - val 0.034540
Epoch 705/750 - train 0.031309 - val 0.031294
Epoch 706/750 - train 0.030922 - val 0.032702
Epoch 707/750 - train 0.030877 - val 0.031258
Epoch 708/750 - train 0.030992 - val 0.029473
Epoch 709/750 - train 0.030806 - val 0.028542
Epoch 710/750 - train 0.030319 - val 0.031823
Epoch 711/750 - train 0.030383 - val 0.031634
Epoch 712/750 - train 0.031212 - val 0.034982
Epoch 713/750 - train 0.030193 - val 0.033031
Epoch 714/750 - train 0.030993 - val 0.033832
Epoch 715/750 - train 0.030587 - val 0.030472
Epoch 716/750 - train 0.030740 - val 0.032246
Epoch 717/750 - train 0.031699 - val 0.031050
Epoch 718/750 - train 0.031413 - val 0.036507
Epoch 719/750 - train 0.031468 - val 0.044627
Epoch 720/750 - train 0.031049 - val 0.030546
Epoch 721/750 - train 0.030127 - val 0.038995
Epoch 722/750 - train 0.030881 - val 0.029125
Epoch 723/750 - train 0.031061 - val 0.035209
Epoch 724/750 - train 0.031357 - val 0.029642
Epoch 725/750 - train 0.030324 - val 0.037938
Epoch 726/750 - train 0.030287 - val 0.041408
Epoch 727/750 - train 0.031272 - val 0.032732
Epoch 728/750 - train 0.032045 - val 0.030697
Epoch 729/750 - train 0.030084 - val 0.033253
Epoch 730/750 - train 0.030224 - val 0.041481
Epoch 731/750 - train 0.031046 - val 0.033508
Epoch 732/750 - train 0.030716 - val 0.036755
Epoch 733/750 - train 0.030484 - val 0.033641
Epoch 734/750 - train 0.029870 - val 0.032484
Epoch 735/750 - train 0.030065 - val 0.030589
Epoch 736/750 - train 0.030636 - val 0.031582
Epoch 737/750 - train 0.031178 - val 0.028873
Epoch 738/750 - train 0.029330 - val 0.030737
Epoch 739/750 - train 0.031451 - val 0.034464
Epoch 740/750 - train 0.030631 - val 0.036464
Epoch 741/750 - train 0.030778 - val 0.030733
Epoch 742/750 - train 0.031057 - val 0.030399
Epoch 743/750 - train 0.031146 - val 0.032944
Epoch 744/750 - train 0.030010 - val 0.030534
Epoch 745/750 - train 0.030520 - val 0.048826
Epoch 746/750 - train 0.031126 - val 0.030584
Epoch 747/750 - train 0.031345 - val 0.031949
Epoch 748/750 - train 0.031150 - val 0.032371
Epoch 749/750 - train 0.030598 - val 0.028251
Epoch 750/750 - train 0.029783 - val 0.029420
Saved model to /scratch/network/ak9088/NASA-RL-Wavefront-Control/RL/jobs/20251231_001004/exp-fc1-zscore-ep750-bs256-lr1e-3-s42-h64-images-wd0.0005-mc0/fc1_best.pth
