y: [[-3.01948577e-01 -1.56999201e-01 -8.37100446e-02 ... -4.71909642e-02
   2.47504022e-02  4.47161568e-07]
 [ 2.74821997e-01 -1.02294907e-01 -5.63746214e-01 ... -4.59444225e-02
  -5.64354733e-02  4.47161568e-07]
 [ 5.95149398e-02  2.33263269e-01 -3.06408316e-01 ...  2.25831587e-02
  -1.20181506e-02  4.47161568e-07]
 ...
 [ 4.42554802e-01  3.15719873e-01  2.77699292e-01 ... -3.95034067e-02
  -1.14195935e-01  4.47161568e-07]
 [ 4.53366876e-01  1.46775022e-01  2.77601451e-01 ...  6.94388151e-03
  -6.98646232e-02  4.47161568e-07]
 [ 4.41307187e-01 -6.00950122e-01 -7.07667843e-02 ... -9.30655524e-02
   9.98187251e-03  4.47161568e-07]]
Dataset loaded: N=100000 (original 100000), C=3, H=28, W=28, y_dim=26
using device: cpu
Epoch 1/1500 - train 0.382797 - val 0.328193
Epoch 2/1500 - train 0.313800 - val 0.309377
Epoch 3/1500 - train 0.296070 - val 0.294770
Epoch 4/1500 - train 0.285295 - val 0.287768
Epoch 5/1500 - train 0.278454 - val 0.279574
Epoch 6/1500 - train 0.272714 - val 0.279005
Epoch 7/1500 - train 0.268919 - val 0.277465
Epoch 8/1500 - train 0.265202 - val 0.274673
Epoch 9/1500 - train 0.262072 - val 0.268784
Epoch 10/1500 - train 0.259858 - val 0.276020
Epoch 11/1500 - train 0.256957 - val 0.267330
Epoch 12/1500 - train 0.254740 - val 0.263191
Epoch 13/1500 - train 0.252867 - val 0.263710
Epoch 14/1500 - train 0.250664 - val 0.263576
Epoch 15/1500 - train 0.249780 - val 0.261943
Epoch 16/1500 - train 0.247802 - val 0.260909
Epoch 17/1500 - train 0.245114 - val 0.264114
Epoch 18/1500 - train 0.243996 - val 0.256962
Epoch 19/1500 - train 0.243025 - val 0.259502
Epoch 20/1500 - train 0.241409 - val 0.257680
Epoch 21/1500 - train 0.240495 - val 0.255073
Epoch 22/1500 - train 0.239181 - val 0.253110
Epoch 23/1500 - train 0.237539 - val 0.253810
Epoch 24/1500 - train 0.237011 - val 0.253903
Epoch 25/1500 - train 0.236058 - val 0.251362
Epoch 26/1500 - train 0.234793 - val 0.252623
Epoch 27/1500 - train 0.234153 - val 0.253814
Epoch 28/1500 - train 0.233224 - val 0.250366
Epoch 29/1500 - train 0.232331 - val 0.250024
Epoch 30/1500 - train 0.231451 - val 0.249101
Epoch 31/1500 - train 0.230631 - val 0.247749
Epoch 32/1500 - train 0.230136 - val 0.249724
Epoch 33/1500 - train 0.229648 - val 0.249444
Epoch 34/1500 - train 0.228652 - val 0.246634
Epoch 35/1500 - train 0.228237 - val 0.247419
Epoch 36/1500 - train 0.227458 - val 0.249251
Epoch 37/1500 - train 0.226731 - val 0.246669
Epoch 38/1500 - train 0.225746 - val 0.246187
Epoch 39/1500 - train 0.225406 - val 0.246602
Epoch 40/1500 - train 0.224972 - val 0.243765
Epoch 41/1500 - train 0.224117 - val 0.244454
Epoch 42/1500 - train 0.223910 - val 0.245245
Epoch 43/1500 - train 0.223427 - val 0.243587
Epoch 44/1500 - train 0.222559 - val 0.243631
Epoch 45/1500 - train 0.221627 - val 0.244191
Epoch 46/1500 - train 0.221487 - val 0.243600
Epoch 47/1500 - train 0.220791 - val 0.244654
Epoch 48/1500 - train 0.220483 - val 0.243495
Epoch 49/1500 - train 0.219834 - val 0.243519
Epoch 50/1500 - train 0.219168 - val 0.240398
Epoch 51/1500 - train 0.218767 - val 0.243582
Epoch 52/1500 - train 0.218296 - val 0.243439
Epoch 53/1500 - train 0.217845 - val 0.240465
Epoch 54/1500 - train 0.217367 - val 0.240616
Epoch 55/1500 - train 0.216871 - val 0.240271
Epoch 56/1500 - train 0.216744 - val 0.239812
Epoch 57/1500 - train 0.215953 - val 0.240262
Epoch 58/1500 - train 0.215434 - val 0.239935
Epoch 59/1500 - train 0.215570 - val 0.239304
Epoch 60/1500 - train 0.214946 - val 0.239253
Epoch 61/1500 - train 0.214538 - val 0.238777
Epoch 62/1500 - train 0.213858 - val 0.238443
Epoch 63/1500 - train 0.213814 - val 0.238684
Epoch 64/1500 - train 0.213658 - val 0.242026
Epoch 65/1500 - train 0.213232 - val 0.237527
Epoch 66/1500 - train 0.212529 - val 0.239323
Epoch 67/1500 - train 0.212298 - val 0.236819
Epoch 68/1500 - train 0.211703 - val 0.237735
Epoch 69/1500 - train 0.211848 - val 0.237615
Epoch 70/1500 - train 0.211744 - val 0.236388
Epoch 71/1500 - train 0.210857 - val 0.237057
Epoch 72/1500 - train 0.210774 - val 0.238054
Epoch 73/1500 - train 0.210468 - val 0.238911
Epoch 74/1500 - train 0.210171 - val 0.237419
Epoch 75/1500 - train 0.209837 - val 0.237180
Epoch 76/1500 - train 0.209782 - val 0.236465
Epoch 77/1500 - train 0.209173 - val 0.235572
Epoch 78/1500 - train 0.209307 - val 0.234666
Epoch 79/1500 - train 0.208530 - val 0.235923
Epoch 80/1500 - train 0.208294 - val 0.234959
Epoch 81/1500 - train 0.208181 - val 0.236614
Epoch 82/1500 - train 0.207664 - val 0.235451
Epoch 83/1500 - train 0.207290 - val 0.237217
Epoch 84/1500 - train 0.207800 - val 0.234959
Epoch 85/1500 - train 0.206790 - val 0.236553
Epoch 86/1500 - train 0.206755 - val 0.236873
Epoch 87/1500 - train 0.206599 - val 0.235553
Epoch 88/1500 - train 0.206073 - val 0.234154
Epoch 89/1500 - train 0.205805 - val 0.234803
Epoch 90/1500 - train 0.206030 - val 0.235275
Epoch 91/1500 - train 0.205292 - val 0.234401
Epoch 92/1500 - train 0.205435 - val 0.234111
Epoch 93/1500 - train 0.205221 - val 0.234220
Epoch 94/1500 - train 0.204711 - val 0.234899
Epoch 95/1500 - train 0.204248 - val 0.236379
Epoch 96/1500 - train 0.204200 - val 0.234990
Epoch 97/1500 - train 0.204040 - val 0.246940
Epoch 98/1500 - train 0.203700 - val 0.233637
Epoch 99/1500 - train 0.203438 - val 0.234737
Epoch 100/1500 - train 0.203196 - val 0.234535
Epoch 101/1500 - train 0.202943 - val 0.234936
Epoch 102/1500 - train 0.202694 - val 0.234154
Epoch 103/1500 - train 0.202426 - val 0.232537
Epoch 104/1500 - train 0.202452 - val 0.232603
Epoch 105/1500 - train 0.201572 - val 0.232786
Epoch 106/1500 - train 0.201734 - val 0.235432
Epoch 107/1500 - train 0.201471 - val 0.236816
Epoch 108/1500 - train 0.201535 - val 0.233510
Epoch 109/1500 - train 0.200928 - val 0.232667
Epoch 110/1500 - train 0.200748 - val 0.232995
Epoch 111/1500 - train 0.200564 - val 0.231857
Epoch 112/1500 - train 0.200122 - val 0.232502
Epoch 113/1500 - train 0.200352 - val 0.232623
Epoch 114/1500 - train 0.199666 - val 0.233948
Epoch 115/1500 - train 0.199795 - val 0.233298
Epoch 116/1500 - train 0.199396 - val 0.233596
Epoch 117/1500 - train 0.199039 - val 0.233870
Epoch 118/1500 - train 0.198711 - val 0.235813
Epoch 119/1500 - train 0.198627 - val 0.233277
Epoch 120/1500 - train 0.198886 - val 0.233595
Epoch 121/1500 - train 0.198467 - val 0.233874
Epoch 122/1500 - train 0.197778 - val 0.235346
Epoch 123/1500 - train 0.197751 - val 0.235197
Epoch 124/1500 - train 0.197209 - val 0.234551
Epoch 125/1500 - train 0.197369 - val 0.233062
Epoch 126/1500 - train 0.197216 - val 0.234906
Epoch 127/1500 - train 0.196796 - val 0.233907
Epoch 128/1500 - train 0.196996 - val 0.234257
Epoch 129/1500 - train 0.196671 - val 0.235566
Epoch 130/1500 - train 0.196473 - val 0.234402
Epoch 131/1500 - train 0.196340 - val 0.233935
Epoch 132/1500 - train 0.195644 - val 0.235826
Epoch 133/1500 - train 0.195702 - val 0.232869
Epoch 134/1500 - train 0.195577 - val 0.234254
Epoch 135/1500 - train 0.195239 - val 0.239113
Epoch 136/1500 - train 0.195487 - val 0.234979
Epoch 137/1500 - train 0.194767 - val 0.234930
Epoch 138/1500 - train 0.194876 - val 0.235007
Epoch 139/1500 - train 0.194693 - val 0.233954
Epoch 140/1500 - train 0.194606 - val 0.235723
Epoch 141/1500 - train 0.194014 - val 0.234269
Epoch 142/1500 - train 0.194095 - val 0.233910
Epoch 143/1500 - train 0.193974 - val 0.235909
Epoch 144/1500 - train 0.193674 - val 0.236442
Epoch 145/1500 - train 0.193644 - val 0.232179
Epoch 146/1500 - train 0.193613 - val 0.234699
Epoch 147/1500 - train 0.193014 - val 0.238178
Epoch 148/1500 - train 0.193169 - val 0.233933
Epoch 149/1500 - train 0.192967 - val 0.234127
Epoch 150/1500 - train 0.192475 - val 0.234902
Epoch 151/1500 - train 0.192752 - val 0.232892
Epoch 152/1500 - train 0.192479 - val 0.234566
Epoch 153/1500 - train 0.191894 - val 0.232649
Epoch 154/1500 - train 0.192438 - val 0.235583
Epoch 155/1500 - train 0.191922 - val 0.236674
Epoch 156/1500 - train 0.191836 - val 0.236906
Epoch 157/1500 - train 0.191778 - val 0.234357
Epoch 158/1500 - train 0.191532 - val 0.234913
Epoch 159/1500 - train 0.191503 - val 0.235222
Epoch 160/1500 - train 0.190671 - val 0.234775
Epoch 161/1500 - train 0.190533 - val 0.233966
Epoch 162/1500 - train 0.190936 - val 0.233262
Epoch 163/1500 - train 0.190421 - val 0.235748
Epoch 164/1500 - train 0.190101 - val 0.234886
Epoch 165/1500 - train 0.190252 - val 0.235049
Epoch 166/1500 - train 0.190028 - val 0.236208
Epoch 167/1500 - train 0.190072 - val 0.235695
Epoch 168/1500 - train 0.189814 - val 0.236152
Epoch 169/1500 - train 0.189420 - val 0.240399
Epoch 170/1500 - train 0.189773 - val 0.242285
Epoch 171/1500 - train 0.189177 - val 0.235681
Epoch 172/1500 - train 0.188919 - val 0.238313
Epoch 173/1500 - train 0.188751 - val 0.235361
Epoch 174/1500 - train 0.188674 - val 0.235094
Epoch 175/1500 - train 0.188843 - val 0.235301
Epoch 176/1500 - train 0.188226 - val 0.236684
Epoch 177/1500 - train 0.188250 - val 0.233317
Epoch 178/1500 - train 0.188202 - val 0.235386
Epoch 179/1500 - train 0.188130 - val 0.236907
Epoch 180/1500 - train 0.188373 - val 0.232675
Epoch 181/1500 - train 0.187715 - val 0.234453
Epoch 182/1500 - train 0.187672 - val 0.236344
Epoch 183/1500 - train 0.187372 - val 0.236939
Epoch 184/1500 - train 0.187047 - val 0.235344
Epoch 185/1500 - train 0.186857 - val 0.236313
Epoch 186/1500 - train 0.187209 - val 0.235472
Epoch 187/1500 - train 0.186635 - val 0.235269
Epoch 188/1500 - train 0.187016 - val 0.237880
Epoch 189/1500 - train 0.186735 - val 0.236574
Epoch 190/1500 - train 0.186411 - val 0.235097
Epoch 191/1500 - train 0.186361 - val 0.235602
Epoch 192/1500 - train 0.185675 - val 0.237404
Epoch 193/1500 - train 0.185688 - val 0.242404
Epoch 194/1500 - train 0.185454 - val 0.237240
Epoch 195/1500 - train 0.185790 - val 0.238780
Epoch 196/1500 - train 0.185294 - val 0.237310
Epoch 197/1500 - train 0.185009 - val 0.236401
Epoch 198/1500 - train 0.185016 - val 0.236002
Epoch 199/1500 - train 0.184848 - val 0.237740
Epoch 200/1500 - train 0.185023 - val 0.237449
Epoch 201/1500 - train 0.184549 - val 0.237411
Epoch 202/1500 - train 0.184394 - val 0.237851
Epoch 203/1500 - train 0.185064 - val 0.237254
Epoch 204/1500 - train 0.183847 - val 0.235285
Epoch 205/1500 - train 0.184258 - val 0.237454
Epoch 206/1500 - train 0.183734 - val 0.236123
Epoch 207/1500 - train 0.183802 - val 0.234815
Epoch 208/1500 - train 0.183456 - val 0.238492
Epoch 209/1500 - train 0.183525 - val 0.235893
Epoch 210/1500 - train 0.183491 - val 0.239228
Epoch 211/1500 - train 0.183772 - val 0.237362
Epoch 212/1500 - train 0.183337 - val 0.235896
Epoch 213/1500 - train 0.182968 - val 0.237848
Epoch 214/1500 - train 0.182685 - val 0.235685
Epoch 215/1500 - train 0.183095 - val 0.239121
Epoch 216/1500 - train 0.182813 - val 0.239074
Epoch 217/1500 - train 0.183182 - val 0.238106
Epoch 218/1500 - train 0.181769 - val 0.237924
Epoch 219/1500 - train 0.182258 - val 0.236554
Epoch 220/1500 - train 0.181686 - val 0.238644
Epoch 221/1500 - train 0.182089 - val 0.239789
Epoch 222/1500 - train 0.181819 - val 0.246777
Epoch 223/1500 - train 0.181685 - val 0.237062
Epoch 224/1500 - train 0.181879 - val 0.240972
Epoch 225/1500 - train 0.181456 - val 0.238919
Epoch 226/1500 - train 0.181328 - val 0.239073
Epoch 227/1500 - train 0.180895 - val 0.239120
Epoch 228/1500 - train 0.181170 - val 0.239727
Epoch 229/1500 - train 0.181240 - val 0.236466
Epoch 230/1500 - train 0.180697 - val 0.245906
Epoch 231/1500 - train 0.181202 - val 0.237364
Epoch 232/1500 - train 0.179962 - val 0.240485
Epoch 233/1500 - train 0.180249 - val 0.240442
Epoch 234/1500 - train 0.180151 - val 0.239734
Epoch 235/1500 - train 0.179579 - val 0.238357
Epoch 236/1500 - train 0.180107 - val 0.238282
Epoch 237/1500 - train 0.179733 - val 0.240374
Epoch 238/1500 - train 0.179141 - val 0.237770
Epoch 239/1500 - train 0.179397 - val 0.240367
Epoch 240/1500 - train 0.179596 - val 0.239811
Epoch 241/1500 - train 0.179042 - val 0.237911
Epoch 242/1500 - train 0.179144 - val 0.237823
Epoch 243/1500 - train 0.179200 - val 0.240281
Epoch 244/1500 - train 0.178727 - val 0.239271
Epoch 245/1500 - train 0.178957 - val 0.238977
Epoch 246/1500 - train 0.178202 - val 0.239789
Epoch 247/1500 - train 0.178347 - val 0.239382
Epoch 248/1500 - train 0.178107 - val 0.240691
Epoch 249/1500 - train 0.178648 - val 0.237509
Epoch 250/1500 - train 0.178221 - val 0.239842
Epoch 251/1500 - train 0.178031 - val 0.240361
Epoch 252/1500 - train 0.177735 - val 0.237846
Epoch 253/1500 - train 0.178308 - val 0.241389
Epoch 254/1500 - train 0.177231 - val 0.239349
Epoch 255/1500 - train 0.177721 - val 0.239990
Epoch 256/1500 - train 0.177426 - val 0.238606
Epoch 257/1500 - train 0.177965 - val 0.241895
Epoch 258/1500 - train 0.177027 - val 0.238933
Epoch 259/1500 - train 0.176927 - val 0.240819
Epoch 260/1500 - train 0.176732 - val 0.240119
Epoch 261/1500 - train 0.176995 - val 0.239117
Epoch 262/1500 - train 0.176711 - val 0.240132
Epoch 263/1500 - train 0.176719 - val 0.242302
Epoch 264/1500 - train 0.177317 - val 0.242546
Epoch 265/1500 - train 0.175983 - val 0.240124
Epoch 266/1500 - train 0.176040 - val 0.241617
Epoch 267/1500 - train 0.176540 - val 0.240528
Epoch 268/1500 - train 0.175876 - val 0.239014
Epoch 269/1500 - train 0.175973 - val 0.240555
Epoch 270/1500 - train 0.175825 - val 0.240602
Epoch 271/1500 - train 0.175390 - val 0.240505
Epoch 272/1500 - train 0.175837 - val 0.240438
Epoch 273/1500 - train 0.175636 - val 0.242637
Epoch 274/1500 - train 0.175076 - val 0.244270
Epoch 275/1500 - train 0.175331 - val 0.238454
Epoch 276/1500 - train 0.175182 - val 0.240683
Epoch 277/1500 - train 0.174644 - val 0.241220
Epoch 278/1500 - train 0.174730 - val 0.241404
Epoch 279/1500 - train 0.174663 - val 0.243283
Epoch 280/1500 - train 0.175544 - val 0.241803
Epoch 281/1500 - train 0.174722 - val 0.242488
Epoch 282/1500 - train 0.174246 - val 0.240957
Epoch 283/1500 - train 0.174428 - val 0.242173
Epoch 284/1500 - train 0.174333 - val 0.242621
Epoch 285/1500 - train 0.173819 - val 0.237900
Epoch 286/1500 - train 0.173996 - val 0.241088
Epoch 287/1500 - train 0.173732 - val 0.242325
Epoch 288/1500 - train 0.174075 - val 0.241336
Epoch 289/1500 - train 0.173812 - val 0.242348
Epoch 290/1500 - train 0.173722 - val 0.241874
Epoch 291/1500 - train 0.173777 - val 0.241219
Epoch 292/1500 - train 0.173298 - val 0.242949
Epoch 293/1500 - train 0.173446 - val 0.242431
Epoch 294/1500 - train 0.173692 - val 0.244720
Epoch 295/1500 - train 0.173279 - val 0.242216
Epoch 296/1500 - train 0.172648 - val 0.241783
Epoch 297/1500 - train 0.172945 - val 0.246359
Epoch 298/1500 - train 0.173327 - val 0.242146
Epoch 299/1500 - train 0.172334 - val 0.242096
Epoch 300/1500 - train 0.172525 - val 0.242364
Epoch 301/1500 - train 0.172626 - val 0.242681
Epoch 302/1500 - train 0.172424 - val 0.244660
Epoch 303/1500 - train 0.171912 - val 0.242529
Epoch 304/1500 - train 0.172657 - val 0.241811
Epoch 305/1500 - train 0.171950 - val 0.244034
Epoch 306/1500 - train 0.172531 - val 0.243912
Epoch 307/1500 - train 0.171465 - val 0.240949
Epoch 308/1500 - train 0.171906 - val 0.242294
Epoch 309/1500 - train 0.172005 - val 0.244788
Epoch 310/1500 - train 0.171644 - val 0.243971
Epoch 311/1500 - train 0.171154 - val 0.242306
Epoch 312/1500 - train 0.171471 - val 0.244015
Epoch 313/1500 - train 0.171389 - val 0.244118
Epoch 314/1500 - train 0.171238 - val 0.245553
Epoch 315/1500 - train 0.171483 - val 0.245783
Epoch 316/1500 - train 0.171100 - val 0.243986
Epoch 317/1500 - train 0.170890 - val 0.246089
Epoch 318/1500 - train 0.170659 - val 0.240273
Epoch 319/1500 - train 0.170948 - val 0.245301
Epoch 320/1500 - train 0.170769 - val 0.245314
Epoch 321/1500 - train 0.170420 - val 0.243855
Epoch 322/1500 - train 0.170782 - val 0.243546
Epoch 323/1500 - train 0.170719 - val 0.245299
Epoch 324/1500 - train 0.170290 - val 0.244198
Epoch 325/1500 - train 0.170496 - val 0.245590
Epoch 326/1500 - train 0.169897 - val 0.243697
Epoch 327/1500 - train 0.170466 - val 0.244987
Epoch 328/1500 - train 0.170313 - val 0.242974
Epoch 329/1500 - train 0.170177 - val 0.245938
Epoch 330/1500 - train 0.169389 - val 0.244159
Epoch 331/1500 - train 0.170264 - val 0.246343
Epoch 332/1500 - train 0.169161 - val 0.245323
Epoch 333/1500 - train 0.169480 - val 0.245659
Epoch 334/1500 - train 0.169772 - val 0.243455
Epoch 335/1500 - train 0.169617 - val 0.246509
Epoch 336/1500 - train 0.169650 - val 0.249501
Epoch 337/1500 - train 0.168950 - val 0.245855
Epoch 338/1500 - train 0.169093 - val 0.243211
Epoch 339/1500 - train 0.168488 - val 0.244692
Epoch 340/1500 - train 0.168909 - val 0.245286
Epoch 341/1500 - train 0.169581 - val 0.244005
Epoch 342/1500 - train 0.168518 - val 0.244768
Epoch 343/1500 - train 0.168567 - val 0.245335
Epoch 344/1500 - train 0.168458 - val 0.244560
Epoch 345/1500 - train 0.168482 - val 0.246562
Epoch 346/1500 - train 0.168424 - val 0.246368
Epoch 347/1500 - train 0.168387 - val 0.246083
Epoch 348/1500 - train 0.167914 - val 0.252083
Epoch 349/1500 - train 0.168334 - val 0.244903
Epoch 350/1500 - train 0.168177 - val 0.245376
Epoch 351/1500 - train 0.167686 - val 0.245831
Epoch 352/1500 - train 0.167862 - val 0.245256
Epoch 353/1500 - train 0.168238 - val 0.244778
Epoch 354/1500 - train 0.167486 - val 0.243491
Epoch 355/1500 - train 0.167411 - val 0.244371
Epoch 356/1500 - train 0.167701 - val 0.244996
Epoch 357/1500 - train 0.167415 - val 0.246043
Epoch 358/1500 - train 0.167330 - val 0.245091
Epoch 359/1500 - train 0.167561 - val 0.246230
Epoch 360/1500 - train 0.167454 - val 0.246362
Epoch 361/1500 - train 0.167341 - val 0.244827
Epoch 362/1500 - train 0.167325 - val 0.246324
Epoch 363/1500 - train 0.167102 - val 0.245133
Epoch 364/1500 - train 0.166506 - val 0.247514
Epoch 365/1500 - train 0.166980 - val 0.243947
Epoch 366/1500 - train 0.166863 - val 0.244895
Epoch 367/1500 - train 0.166722 - val 0.245954
Epoch 368/1500 - train 0.166850 - val 0.251520
Epoch 369/1500 - train 0.166300 - val 0.246496
Epoch 370/1500 - train 0.166455 - val 0.247179
Epoch 371/1500 - train 0.166256 - val 0.248378
Epoch 372/1500 - train 0.166648 - val 0.251435
Epoch 373/1500 - train 0.166876 - val 0.247192
Epoch 374/1500 - train 0.166130 - val 0.245897
Epoch 375/1500 - train 0.166420 - val 0.245694
Epoch 376/1500 - train 0.166669 - val 0.246210
Epoch 377/1500 - train 0.165739 - val 0.245424
Epoch 378/1500 - train 0.166023 - val 0.246815
Epoch 379/1500 - train 0.166020 - val 0.246952
Epoch 380/1500 - train 0.165897 - val 0.250026
Epoch 381/1500 - train 0.165660 - val 0.247079
Epoch 382/1500 - train 0.165918 - val 0.248405
Epoch 383/1500 - train 0.165041 - val 0.247146
Epoch 384/1500 - train 0.165270 - val 0.247225
Epoch 385/1500 - train 0.165146 - val 0.248845
Epoch 386/1500 - train 0.165773 - val 0.246651
Epoch 387/1500 - train 0.165124 - val 0.247379
Epoch 388/1500 - train 0.165656 - val 0.255015
Epoch 389/1500 - train 0.164771 - val 0.247085
Epoch 390/1500 - train 0.165409 - val 0.248811
Epoch 391/1500 - train 0.164738 - val 0.249689
Epoch 392/1500 - train 0.164722 - val 0.248093
Epoch 393/1500 - train 0.165486 - val 0.249789
Epoch 394/1500 - train 0.164192 - val 0.249923
Epoch 395/1500 - train 0.165326 - val 0.248389
Epoch 396/1500 - train 0.164957 - val 0.247489
Epoch 397/1500 - train 0.164294 - val 0.247717
Epoch 398/1500 - train 0.164199 - val 0.249289
Epoch 399/1500 - train 0.164348 - val 0.247772
Epoch 400/1500 - train 0.164051 - val 0.246551
Epoch 401/1500 - train 0.164386 - val 0.253045
Epoch 402/1500 - train 0.164177 - val 0.248380
Epoch 403/1500 - train 0.163929 - val 0.249021
Epoch 404/1500 - train 0.164290 - val 0.247554
Epoch 405/1500 - train 0.163679 - val 0.247899
Epoch 406/1500 - train 0.164011 - val 0.246043
Epoch 407/1500 - train 0.164172 - val 0.251654
Epoch 408/1500 - train 0.163635 - val 0.248374
Epoch 409/1500 - train 0.163750 - val 0.248688
Epoch 410/1500 - train 0.163733 - val 0.250328
Epoch 411/1500 - train 0.163795 - val 0.247827
Epoch 412/1500 - train 0.163642 - val 0.249252
Epoch 413/1500 - train 0.163567 - val 0.278512
Epoch 414/1500 - train 0.163655 - val 0.250488
Epoch 415/1500 - train 0.164420 - val 0.247569
Epoch 416/1500 - train 0.162948 - val 0.247694
Epoch 417/1500 - train 0.163670 - val 0.250272
Epoch 418/1500 - train 0.162920 - val 0.249670
Epoch 419/1500 - train 0.163381 - val 0.249964
Epoch 420/1500 - train 0.162933 - val 0.251168
Epoch 421/1500 - train 0.162446 - val 0.250633
Epoch 422/1500 - train 0.162420 - val 0.248471
Epoch 423/1500 - train 0.163459 - val 0.247937
Epoch 424/1500 - train 0.162691 - val 0.249783
Epoch 425/1500 - train 0.162850 - val 0.249718
Epoch 426/1500 - train 0.162527 - val 0.247990
Epoch 427/1500 - train 0.162453 - val 0.250621
Epoch 428/1500 - train 0.163309 - val 0.263714
Epoch 429/1500 - train 0.162104 - val 0.247973
Epoch 430/1500 - train 0.162841 - val 0.253443
Epoch 431/1500 - train 0.162306 - val 0.248737
Epoch 432/1500 - train 0.162154 - val 0.250462
Epoch 433/1500 - train 0.161669 - val 0.254383
Epoch 434/1500 - train 0.161920 - val 0.250570
Epoch 435/1500 - train 0.162378 - val 0.251110
Epoch 436/1500 - train 0.161755 - val 0.250849
Epoch 437/1500 - train 0.161568 - val 0.252287
Epoch 438/1500 - train 0.161958 - val 0.249356
Epoch 439/1500 - train 0.162289 - val 0.252323
Epoch 440/1500 - train 0.162064 - val 0.252046
Epoch 441/1500 - train 0.161901 - val 0.252279
Epoch 442/1500 - train 0.161937 - val 0.247973
Epoch 443/1500 - train 0.161713 - val 0.251055
Epoch 444/1500 - train 0.161524 - val 0.250461
Epoch 445/1500 - train 0.161765 - val 0.253222
Epoch 446/1500 - train 0.161850 - val 0.251940
Epoch 447/1500 - train 0.161499 - val 0.252805
Epoch 448/1500 - train 0.161092 - val 0.252554
Epoch 449/1500 - train 0.161480 - val 0.250392
Epoch 450/1500 - train 0.161581 - val 0.251216
Epoch 451/1500 - train 0.161054 - val 0.251047
Epoch 452/1500 - train 0.160793 - val 0.249087
Epoch 453/1500 - train 0.161217 - val 0.249760
Epoch 454/1500 - train 0.161074 - val 0.250673
Epoch 455/1500 - train 0.161322 - val 0.250596
Epoch 456/1500 - train 0.160954 - val 0.252567
Epoch 457/1500 - train 0.160713 - val 0.251575
Epoch 458/1500 - train 0.160922 - val 0.253101
Epoch 459/1500 - train 0.160629 - val 0.252989
Epoch 460/1500 - train 0.160283 - val 0.254109
Epoch 461/1500 - train 0.160552 - val 0.250630
Epoch 462/1500 - train 0.160756 - val 0.253874
Epoch 463/1500 - train 0.160777 - val 0.252543
Epoch 464/1500 - train 0.160965 - val 0.252209
Epoch 465/1500 - train 0.160613 - val 0.252998
Epoch 466/1500 - train 0.160393 - val 0.251805
Epoch 467/1500 - train 0.160666 - val 0.254066
Epoch 468/1500 - train 0.160080 - val 0.249811
Epoch 469/1500 - train 0.160239 - val 0.251231
Epoch 470/1500 - train 0.160100 - val 0.250453
Epoch 471/1500 - train 0.160217 - val 0.255925
Epoch 472/1500 - train 0.160288 - val 0.253851
Epoch 473/1500 - train 0.159704 - val 0.251439
Epoch 474/1500 - train 0.159832 - val 0.253349
Epoch 475/1500 - train 0.159538 - val 0.250949
Epoch 476/1500 - train 0.159969 - val 0.253487
Epoch 477/1500 - train 0.160335 - val 0.250915
Epoch 478/1500 - train 0.160418 - val 0.252695
Epoch 479/1500 - train 0.159406 - val 0.252734
Epoch 480/1500 - train 0.159595 - val 0.250675
Epoch 481/1500 - train 0.159541 - val 0.255206
Epoch 482/1500 - train 0.159486 - val 0.254929
Epoch 483/1500 - train 0.159485 - val 0.253741
Epoch 484/1500 - train 0.160094 - val 0.252679
Epoch 485/1500 - train 0.159181 - val 0.252373
Epoch 486/1500 - train 0.159041 - val 0.252925
Epoch 487/1500 - train 0.159337 - val 0.256123
Epoch 488/1500 - train 0.159397 - val 0.254671
Epoch 489/1500 - train 0.159524 - val 0.252705
Epoch 490/1500 - train 0.159030 - val 0.254462
Epoch 491/1500 - train 0.158904 - val 0.252314
Epoch 492/1500 - train 0.159150 - val 0.253244
Epoch 493/1500 - train 0.159613 - val 0.255289
Epoch 494/1500 - train 0.158576 - val 0.253886
Epoch 495/1500 - train 0.158837 - val 0.251075
Epoch 496/1500 - train 0.158737 - val 0.253293
Epoch 497/1500 - train 0.159160 - val 0.253325
Epoch 498/1500 - train 0.158772 - val 0.252448
Epoch 499/1500 - train 0.158126 - val 0.253452
Epoch 500/1500 - train 0.159062 - val 0.255287
Epoch 501/1500 - train 0.158777 - val 0.251151
Epoch 502/1500 - train 0.158872 - val 0.251910
Epoch 503/1500 - train 0.158479 - val 0.254113
Epoch 504/1500 - train 0.158052 - val 0.252698
Epoch 505/1500 - train 0.158041 - val 0.254346
Epoch 506/1500 - train 0.158335 - val 0.253055
Epoch 507/1500 - train 0.158221 - val 0.253513
Epoch 508/1500 - train 0.158172 - val 0.252949
Epoch 509/1500 - train 0.157980 - val 0.251754
Epoch 510/1500 - train 0.158261 - val 0.255562
Epoch 511/1500 - train 0.158042 - val 0.255759
Epoch 512/1500 - train 0.158308 - val 0.254234
Epoch 513/1500 - train 0.157660 - val 0.255443
Epoch 514/1500 - train 0.158258 - val 0.256183
Epoch 515/1500 - train 0.157603 - val 0.255761
Epoch 516/1500 - train 0.157930 - val 0.253694
Epoch 517/1500 - train 0.158609 - val 0.256522
Epoch 518/1500 - train 0.157354 - val 0.253490
Epoch 519/1500 - train 0.158276 - val 0.254564
Epoch 520/1500 - train 0.157490 - val 0.265124
Epoch 521/1500 - train 0.158229 - val 0.253674
Epoch 522/1500 - train 0.158115 - val 0.255100
Epoch 523/1500 - train 0.157467 - val 0.254774
Epoch 524/1500 - train 0.157148 - val 0.257343
Epoch 525/1500 - train 0.156958 - val 0.255606
Epoch 526/1500 - train 0.157313 - val 0.256874
Epoch 527/1500 - train 0.157178 - val 0.255542
Epoch 528/1500 - train 0.157431 - val 0.256356
Epoch 529/1500 - train 0.157431 - val 0.257135
Epoch 530/1500 - train 0.157761 - val 0.254628
Epoch 531/1500 - train 0.156718 - val 0.254237
Epoch 532/1500 - train 0.156652 - val 0.265490
Epoch 533/1500 - train 0.157548 - val 0.253550
Epoch 534/1500 - train 0.157249 - val 0.255282
Epoch 535/1500 - train 0.156064 - val 0.254210
Epoch 536/1500 - train 0.156811 - val 0.257483
Epoch 537/1500 - train 0.157576 - val 0.256773
Epoch 538/1500 - train 0.156506 - val 0.252891
Epoch 539/1500 - train 0.157660 - val 0.255055
Epoch 540/1500 - train 0.157331 - val 0.255806
Epoch 541/1500 - train 0.156183 - val 0.254495
Epoch 542/1500 - train 0.156641 - val 0.255409
Epoch 543/1500 - train 0.156610 - val 0.261234
Epoch 544/1500 - train 0.156232 - val 0.253658
Epoch 545/1500 - train 0.156755 - val 0.254161
Epoch 546/1500 - train 0.156908 - val 0.255925
Epoch 547/1500 - train 0.156546 - val 0.256258
Epoch 548/1500 - train 0.157429 - val 0.269760
Epoch 549/1500 - train 0.155790 - val 0.255307
Epoch 550/1500 - train 0.156072 - val 0.259249
Epoch 551/1500 - train 0.156286 - val 0.254742
Epoch 552/1500 - train 0.156362 - val 0.255844
Epoch 553/1500 - train 0.156313 - val 0.254039
Epoch 554/1500 - train 0.155992 - val 0.254777
Epoch 555/1500 - train 0.156086 - val 0.257539
Epoch 556/1500 - train 0.156669 - val 0.255422
Epoch 557/1500 - train 0.155487 - val 0.256503
Epoch 558/1500 - train 0.156044 - val 0.257643
Epoch 559/1500 - train 0.156036 - val 0.256499
Epoch 560/1500 - train 0.156129 - val 0.254627
Epoch 561/1500 - train 0.155704 - val 0.257572
Epoch 562/1500 - train 0.155512 - val 0.266750
Epoch 563/1500 - train 0.156161 - val 0.256331
Epoch 564/1500 - train 0.155833 - val 0.255146
Epoch 565/1500 - train 0.155638 - val 0.257480
Epoch 566/1500 - train 0.155834 - val 0.256285
Epoch 567/1500 - train 0.155526 - val 0.257246
Epoch 568/1500 - train 0.154954 - val 0.257942
Epoch 569/1500 - train 0.155645 - val 0.256900
Epoch 570/1500 - train 0.155325 - val 0.256988
Epoch 571/1500 - train 0.155764 - val 0.256469
Epoch 572/1500 - train 0.155198 - val 0.257948
Epoch 573/1500 - train 0.155378 - val 0.264354
Epoch 574/1500 - train 0.155125 - val 0.254710
Epoch 575/1500 - train 0.155066 - val 0.255835
Epoch 576/1500 - train 0.155837 - val 0.259051
Epoch 577/1500 - train 0.155208 - val 0.263250
Epoch 578/1500 - train 0.154865 - val 0.256345
Epoch 579/1500 - train 0.155469 - val 0.256819
Epoch 580/1500 - train 0.155435 - val 0.257313
Epoch 581/1500 - train 0.155208 - val 0.258760
Epoch 582/1500 - train 0.154696 - val 0.258983
Epoch 583/1500 - train 0.154769 - val 0.257801
Epoch 584/1500 - train 0.154847 - val 0.260312
Epoch 585/1500 - train 0.154483 - val 0.255632
Epoch 586/1500 - train 0.154809 - val 0.260526
Epoch 587/1500 - train 0.155578 - val 0.254508
Epoch 588/1500 - train 0.154710 - val 0.259017
Epoch 589/1500 - train 0.154781 - val 0.257516
Epoch 590/1500 - train 0.154236 - val 0.257572
Epoch 591/1500 - train 0.154178 - val 0.257168
Epoch 592/1500 - train 0.154757 - val 0.257364
Epoch 593/1500 - train 0.154191 - val 0.258099
Epoch 594/1500 - train 0.155385 - val 0.257350
Epoch 595/1500 - train 0.154220 - val 0.257090
Epoch 596/1500 - train 0.154378 - val 0.258476
Epoch 597/1500 - train 0.154124 - val 0.258393
Epoch 598/1500 - train 0.154073 - val 0.256850
Epoch 599/1500 - train 0.154279 - val 0.259622
Epoch 600/1500 - train 0.154799 - val 0.258429
Epoch 601/1500 - train 0.154701 - val 0.258942
Epoch 602/1500 - train 0.154155 - val 0.259517
Epoch 603/1500 - train 0.154293 - val 0.260572
Epoch 604/1500 - train 0.154194 - val 0.258127
Epoch 605/1500 - train 0.154376 - val 0.255358
Epoch 606/1500 - train 0.154333 - val 0.256757
Epoch 607/1500 - train 0.153801 - val 0.255714
Epoch 608/1500 - train 0.153948 - val 0.259370
Epoch 609/1500 - train 0.154212 - val 0.257236
Epoch 610/1500 - train 0.153850 - val 0.255459
Epoch 611/1500 - train 0.154198 - val 0.258303
Epoch 612/1500 - train 0.153583 - val 0.258921
Epoch 613/1500 - train 0.154127 - val 0.259965
Epoch 614/1500 - train 0.153686 - val 0.260336
Epoch 615/1500 - train 0.153548 - val 0.258280
Epoch 616/1500 - train 0.153921 - val 0.257678
Epoch 617/1500 - train 0.153673 - val 0.257898
Epoch 618/1500 - train 0.153965 - val 0.258582
Epoch 619/1500 - train 0.153727 - val 0.258739
Epoch 620/1500 - train 0.153674 - val 0.258272
Epoch 621/1500 - train 0.153638 - val 0.265526
Epoch 622/1500 - train 0.153370 - val 0.258066
Epoch 623/1500 - train 0.153242 - val 0.258066
Epoch 624/1500 - train 0.153352 - val 0.259682
Epoch 625/1500 - train 0.154395 - val 0.258718
Epoch 626/1500 - train 0.153859 - val 0.260712
Epoch 627/1500 - train 0.152653 - val 0.259879
Epoch 628/1500 - train 0.153791 - val 0.261027
Epoch 629/1500 - train 0.154094 - val 0.258366
Epoch 630/1500 - train 0.152065 - val 0.262054
Epoch 631/1500 - train 0.153400 - val 0.257754
Epoch 632/1500 - train 0.152533 - val 0.257587
Epoch 633/1500 - train 0.153530 - val 0.261003
Epoch 634/1500 - train 0.153227 - val 0.259680
Epoch 635/1500 - train 0.153586 - val 0.258707
Epoch 636/1500 - train 0.152411 - val 0.257826
Epoch 637/1500 - train 0.153161 - val 0.262927
Epoch 638/1500 - train 0.153419 - val 0.259971
Epoch 639/1500 - train 0.152815 - val 0.259111
Epoch 640/1500 - train 0.152786 - val 0.258778
Epoch 641/1500 - train 0.152397 - val 0.281822
Epoch 642/1500 - train 0.152579 - val 0.259000
Epoch 643/1500 - train 0.152940 - val 0.256899
Epoch 644/1500 - train 0.152299 - val 0.259020
Epoch 645/1500 - train 0.152580 - val 0.259652
Epoch 646/1500 - train 0.152581 - val 0.262647
Epoch 647/1500 - train 0.152295 - val 0.259554
Epoch 648/1500 - train 0.152735 - val 0.259421
Epoch 649/1500 - train 0.153148 - val 0.260864
Epoch 650/1500 - train 0.153531 - val 0.259091
Epoch 651/1500 - train 0.152704 - val 0.264569
Epoch 652/1500 - train 0.152680 - val 0.258744
Epoch 653/1500 - train 0.152209 - val 0.256386
Epoch 654/1500 - train 0.152344 - val 0.260521
Epoch 655/1500 - train 0.152579 - val 0.261170
Epoch 656/1500 - train 0.152619 - val 0.257490
Epoch 657/1500 - train 0.152483 - val 0.258627
Epoch 658/1500 - train 0.151820 - val 0.260360
Epoch 659/1500 - train 0.152018 - val 0.259908
Epoch 660/1500 - train 0.152178 - val 0.259832
Epoch 661/1500 - train 0.152528 - val 0.258669
Epoch 662/1500 - train 0.152479 - val 0.260530
Epoch 663/1500 - train 0.151843 - val 0.262103
Epoch 664/1500 - train 0.152705 - val 0.260479
Epoch 665/1500 - train 0.151980 - val 0.260584
Epoch 666/1500 - train 0.152239 - val 0.260035
Epoch 667/1500 - train 0.151584 - val 0.260071
Epoch 668/1500 - train 0.152049 - val 0.260363
Epoch 669/1500 - train 0.151879 - val 0.260087
Epoch 670/1500 - train 0.152305 - val 0.258039
Epoch 671/1500 - train 0.151908 - val 0.258636
Epoch 672/1500 - train 0.152285 - val 0.261849
Epoch 673/1500 - train 0.152016 - val 0.262065
Epoch 674/1500 - train 0.151598 - val 0.259638
Epoch 675/1500 - train 0.151553 - val 0.259810
Epoch 676/1500 - train 0.151818 - val 0.260461
Epoch 677/1500 - train 0.151994 - val 0.260147
Epoch 678/1500 - train 0.151644 - val 0.258808
Epoch 679/1500 - train 0.151472 - val 0.261175
Epoch 680/1500 - train 0.151506 - val 0.262611
Epoch 681/1500 - train 0.151472 - val 0.259402
Epoch 682/1500 - train 0.151723 - val 0.268091
Epoch 683/1500 - train 0.151011 - val 0.259043
Epoch 684/1500 - train 0.151335 - val 0.259361
Epoch 685/1500 - train 0.151622 - val 0.259756
Epoch 686/1500 - train 0.152048 - val 0.261726
Epoch 687/1500 - train 0.151534 - val 0.261579
Epoch 688/1500 - train 0.151260 - val 0.259570
Epoch 689/1500 - train 0.151281 - val 0.262647
Epoch 690/1500 - train 0.151968 - val 0.264154
Epoch 691/1500 - train 0.151965 - val 0.263170
Epoch 692/1500 - train 0.150506 - val 0.261053
Epoch 693/1500 - train 0.151110 - val 0.261369
Epoch 694/1500 - train 0.151034 - val 0.260263
Epoch 695/1500 - train 0.151151 - val 0.261768
Epoch 696/1500 - train 0.150696 - val 0.259598
Epoch 697/1500 - train 0.150727 - val 0.262494
Epoch 698/1500 - train 0.151592 - val 0.260502
Epoch 699/1500 - train 0.151133 - val 0.263114
Epoch 700/1500 - train 0.150539 - val 0.261783
Epoch 701/1500 - train 0.151023 - val 0.262350
Epoch 702/1500 - train 0.150977 - val 0.264147
Epoch 703/1500 - train 0.150872 - val 0.264944
Epoch 704/1500 - train 0.150483 - val 0.262085
Epoch 705/1500 - train 0.150543 - val 0.261784
Epoch 706/1500 - train 0.150579 - val 0.261472
Epoch 707/1500 - train 0.150966 - val 0.266108
Epoch 708/1500 - train 0.150681 - val 0.259037
Epoch 709/1500 - train 0.150638 - val 0.262697
Epoch 710/1500 - train 0.150676 - val 0.261870
Epoch 711/1500 - train 0.150748 - val 0.262155
Epoch 712/1500 - train 0.150154 - val 0.259971
Epoch 713/1500 - train 0.150316 - val 0.262149
Epoch 714/1500 - train 0.151408 - val 0.260932
Epoch 715/1500 - train 0.149846 - val 0.259720
Epoch 716/1500 - train 0.151263 - val 0.264565
Epoch 717/1500 - train 0.150418 - val 0.261455
Epoch 718/1500 - train 0.149890 - val 0.261315
Epoch 719/1500 - train 0.150847 - val 0.262024
Epoch 720/1500 - train 0.150082 - val 0.262285
Epoch 721/1500 - train 0.150747 - val 0.260916
Epoch 722/1500 - train 0.150852 - val 0.260969
Epoch 723/1500 - train 0.150141 - val 0.261947
Epoch 724/1500 - train 0.150707 - val 0.262993
Epoch 725/1500 - train 0.150007 - val 0.263909
Epoch 726/1500 - train 0.150771 - val 0.264159
Epoch 727/1500 - train 0.149607 - val 0.260970
Epoch 728/1500 - train 0.149995 - val 0.263248
Epoch 729/1500 - train 0.150393 - val 0.260810
Epoch 730/1500 - train 0.150207 - val 0.263076
Epoch 731/1500 - train 0.150264 - val 0.262051
Epoch 732/1500 - train 0.149774 - val 0.263560
Epoch 733/1500 - train 0.150511 - val 0.265907
Epoch 734/1500 - train 0.150041 - val 0.263069
Epoch 735/1500 - train 0.149564 - val 0.260183
Epoch 736/1500 - train 0.150582 - val 0.262941
Epoch 737/1500 - train 0.149795 - val 0.260868
Epoch 738/1500 - train 0.150514 - val 0.263532
Epoch 739/1500 - train 0.149550 - val 0.279862
Epoch 740/1500 - train 0.149563 - val 0.263077
Epoch 741/1500 - train 0.149972 - val 0.261153
Epoch 742/1500 - train 0.150436 - val 0.261100
Epoch 743/1500 - train 0.149217 - val 0.261465
Epoch 744/1500 - train 0.149882 - val 0.262827
Epoch 745/1500 - train 0.149399 - val 0.264243
Epoch 746/1500 - train 0.150200 - val 0.262944
Epoch 747/1500 - train 0.149687 - val 0.264485
Epoch 748/1500 - train 0.149693 - val 0.264336
Epoch 749/1500 - train 0.150068 - val 0.260143
Epoch 750/1500 - train 0.149003 - val 0.263068
Epoch 751/1500 - train 0.149875 - val 0.263102
Epoch 752/1500 - train 0.149314 - val 0.263815
Epoch 753/1500 - train 0.149773 - val 0.264956
Epoch 754/1500 - train 0.149898 - val 0.262985
Epoch 755/1500 - train 0.149731 - val 0.264602
Epoch 756/1500 - train 0.149131 - val 0.262121
Epoch 757/1500 - train 0.149648 - val 0.263814
Epoch 758/1500 - train 0.149421 - val 0.261961
Epoch 759/1500 - train 0.149485 - val 0.262232
Epoch 760/1500 - train 0.148687 - val 0.262200
Epoch 761/1500 - train 0.149208 - val 0.263683
Epoch 762/1500 - train 0.149254 - val 0.266090
Epoch 763/1500 - train 0.149551 - val 0.263295
Epoch 764/1500 - train 0.149158 - val 0.264205
Epoch 765/1500 - train 0.149173 - val 0.262868
Epoch 766/1500 - train 0.149465 - val 0.262260
Epoch 767/1500 - train 0.149421 - val 0.263054
Epoch 768/1500 - train 0.149566 - val 0.261964
Epoch 769/1500 - train 0.148561 - val 0.262542
Epoch 770/1500 - train 0.148856 - val 0.268380
Epoch 771/1500 - train 0.149053 - val 0.267574
Epoch 772/1500 - train 0.149351 - val 0.262612
Epoch 773/1500 - train 0.149731 - val 0.263468
Epoch 774/1500 - train 0.148155 - val 0.262280
Epoch 775/1500 - train 0.149066 - val 0.262076
Epoch 776/1500 - train 0.148800 - val 0.264441
Epoch 777/1500 - train 0.148963 - val 0.265012
Epoch 778/1500 - train 0.149082 - val 0.264096
Epoch 779/1500 - train 0.148835 - val 0.263837
Epoch 780/1500 - train 0.148034 - val 0.262570
Epoch 781/1500 - train 0.149354 - val 0.261370
Epoch 782/1500 - train 0.149121 - val 0.262771
Epoch 783/1500 - train 0.148314 - val 0.264634
Epoch 784/1500 - train 0.148284 - val 0.264269
Epoch 785/1500 - train 0.149774 - val 0.264517
Epoch 786/1500 - train 0.148826 - val 0.264027
Epoch 787/1500 - train 0.148790 - val 0.264846
Epoch 788/1500 - train 0.149408 - val 0.264932
Epoch 789/1500 - train 0.147720 - val 0.265420
Epoch 790/1500 - train 0.148926 - val 0.262678
Epoch 791/1500 - train 0.148763 - val 0.262348
Epoch 792/1500 - train 0.148603 - val 0.263603
Epoch 793/1500 - train 0.148722 - val 0.272341
Epoch 794/1500 - train 0.147949 - val 0.262786
Epoch 795/1500 - train 0.149674 - val 0.268732
Epoch 796/1500 - train 0.147870 - val 0.263085
Epoch 797/1500 - train 0.148383 - val 0.264381
Epoch 798/1500 - train 0.148669 - val 0.263820
Epoch 799/1500 - train 0.148092 - val 0.270036
Epoch 800/1500 - train 0.148277 - val 0.265062
Epoch 801/1500 - train 0.148450 - val 0.264377
Epoch 802/1500 - train 0.148604 - val 0.267711
Epoch 803/1500 - train 0.147950 - val 0.265705
Epoch 804/1500 - train 0.148630 - val 0.264431
Epoch 805/1500 - train 0.147610 - val 0.264227
Epoch 806/1500 - train 0.148383 - val 0.265369
Epoch 807/1500 - train 0.148368 - val 0.264042
Epoch 808/1500 - train 0.147735 - val 0.264322
Epoch 809/1500 - train 0.147789 - val 0.264036
Epoch 810/1500 - train 0.148453 - val 0.265603
Epoch 811/1500 - train 0.147892 - val 0.263410
Epoch 812/1500 - train 0.148368 - val 0.261955
Epoch 813/1500 - train 0.147982 - val 0.261532
Epoch 814/1500 - train 0.147692 - val 0.267456
Epoch 815/1500 - train 0.147932 - val 0.263841
Epoch 816/1500 - train 0.147912 - val 0.265555
Epoch 817/1500 - train 0.147723 - val 0.263119
Epoch 818/1500 - train 0.148070 - val 0.281387
Epoch 819/1500 - train 0.147694 - val 0.262496
Epoch 820/1500 - train 0.148153 - val 0.268974
Epoch 821/1500 - train 0.147559 - val 0.264566
Epoch 822/1500 - train 0.147461 - val 0.265003
Epoch 823/1500 - train 0.148120 - val 0.267630
Epoch 824/1500 - train 0.147578 - val 0.267043
Epoch 825/1500 - train 0.147887 - val 0.264863
Epoch 826/1500 - train 0.147412 - val 0.263918
Epoch 827/1500 - train 0.147621 - val 0.264732
Epoch 828/1500 - train 0.148034 - val 0.266559
Epoch 829/1500 - train 0.148526 - val 0.264911
Epoch 830/1500 - train 0.147499 - val 0.262530
Epoch 831/1500 - train 0.147731 - val 0.261610
Epoch 832/1500 - train 0.148211 - val 0.266257
Epoch 833/1500 - train 0.147777 - val 0.264901
Epoch 834/1500 - train 0.147505 - val 0.263244
Epoch 835/1500 - train 0.147796 - val 0.264426
Epoch 836/1500 - train 0.147362 - val 0.264912
Epoch 837/1500 - train 0.148404 - val 0.266174
Epoch 838/1500 - train 0.146592 - val 0.266205
Epoch 839/1500 - train 0.147633 - val 0.268160
Epoch 840/1500 - train 0.148105 - val 0.265646
Epoch 841/1500 - train 0.147735 - val 0.262706
Epoch 842/1500 - train 0.147395 - val 0.266488
Epoch 843/1500 - train 0.147265 - val 0.266748
Epoch 844/1500 - train 0.148018 - val 0.267196
Epoch 845/1500 - train 0.147695 - val 0.267685
Epoch 846/1500 - train 0.146606 - val 0.268576
Epoch 847/1500 - train 0.147697 - val 0.264470
Epoch 848/1500 - train 0.147051 - val 0.268942
Epoch 849/1500 - train 0.147310 - val 0.266186
Epoch 850/1500 - train 0.147872 - val 0.270938
Epoch 851/1500 - train 0.146584 - val 0.264570
Epoch 852/1500 - train 0.147294 - val 0.273594
Epoch 853/1500 - train 0.146861 - val 0.265272
Epoch 854/1500 - train 0.147323 - val 0.264005
Epoch 855/1500 - train 0.147716 - val 0.265157
Epoch 856/1500 - train 0.147156 - val 0.265901
Epoch 857/1500 - train 0.146386 - val 0.264671
Epoch 858/1500 - train 0.147081 - val 0.265862
Epoch 859/1500 - train 0.146836 - val 0.269556
Epoch 860/1500 - train 0.146862 - val 0.266127
Epoch 861/1500 - train 0.146802 - val 0.264677
Epoch 862/1500 - train 0.147191 - val 0.265253
Epoch 863/1500 - train 0.147241 - val 0.265005
Epoch 864/1500 - train 0.147320 - val 0.266379
Epoch 865/1500 - train 0.146132 - val 0.266644
Epoch 866/1500 - train 0.146853 - val 0.266826
Epoch 867/1500 - train 0.147414 - val 0.268619
Epoch 868/1500 - train 0.146920 - val 0.264399
Epoch 869/1500 - train 0.146828 - val 0.262587
Epoch 870/1500 - train 0.146260 - val 0.265311
Epoch 871/1500 - train 0.146635 - val 0.266559
Epoch 872/1500 - train 0.146555 - val 0.264371
Epoch 873/1500 - train 0.147092 - val 0.265181
Epoch 874/1500 - train 0.146531 - val 0.265019
Epoch 875/1500 - train 0.147142 - val 0.265348
Epoch 876/1500 - train 0.146182 - val 0.265473
Epoch 877/1500 - train 0.146668 - val 0.265607
Epoch 878/1500 - train 0.146826 - val 0.265195
Epoch 879/1500 - train 0.146057 - val 0.263557
Epoch 880/1500 - train 0.147105 - val 0.264677
Epoch 881/1500 - train 0.146612 - val 0.263709
Epoch 882/1500 - train 0.146085 - val 0.267068
Epoch 883/1500 - train 0.146189 - val 0.263501
Epoch 884/1500 - train 0.146781 - val 0.264022
Epoch 885/1500 - train 0.146219 - val 0.265167
Epoch 886/1500 - train 0.146204 - val 0.265916
Epoch 887/1500 - train 0.146550 - val 0.265949
Epoch 888/1500 - train 0.146657 - val 0.265789
Epoch 889/1500 - train 0.146217 - val 0.265555
Epoch 890/1500 - train 0.146310 - val 0.266922
Epoch 891/1500 - train 0.146007 - val 0.264134
Epoch 892/1500 - train 0.146229 - val 0.266333
Epoch 893/1500 - train 0.146292 - val 0.267968
Epoch 894/1500 - train 0.146488 - val 0.264314
Epoch 895/1500 - train 0.146203 - val 0.266649
Epoch 896/1500 - train 0.146554 - val 0.267582
Epoch 897/1500 - train 0.146278 - val 0.265125
Epoch 898/1500 - train 0.145978 - val 0.266059
Epoch 899/1500 - train 0.146076 - val 0.266255
Epoch 900/1500 - train 0.146074 - val 0.267842
Epoch 901/1500 - train 0.147151 - val 0.268802
Epoch 902/1500 - train 0.146090 - val 0.267877
Epoch 903/1500 - train 0.146023 - val 0.265520
Epoch 904/1500 - train 0.145589 - val 0.268578
Epoch 905/1500 - train 0.146103 - val 0.267010
Epoch 906/1500 - train 0.145755 - val 0.265266
Epoch 907/1500 - train 0.145683 - val 0.265118
Epoch 908/1500 - train 0.147124 - val 0.265003
Epoch 909/1500 - train 0.145460 - val 0.272114
Epoch 910/1500 - train 0.145965 - val 0.266361
Epoch 911/1500 - train 0.145582 - val 0.265946
Epoch 912/1500 - train 0.146412 - val 0.269633
Epoch 913/1500 - train 0.145518 - val 0.265719
Epoch 914/1500 - train 0.145360 - val 0.269943
Epoch 915/1500 - train 0.146100 - val 0.266067
Epoch 916/1500 - train 0.145820 - val 0.268858
Epoch 917/1500 - train 0.146586 - val 0.267652
Epoch 918/1500 - train 0.145978 - val 0.269229
Epoch 919/1500 - train 0.145837 - val 0.270008
Epoch 920/1500 - train 0.145218 - val 0.266695
Epoch 921/1500 - train 0.146241 - val 0.266109
Epoch 922/1500 - train 0.145827 - val 0.266450
Epoch 923/1500 - train 0.146202 - val 0.268318
Epoch 924/1500 - train 0.144916 - val 0.267183
Epoch 925/1500 - train 0.145578 - val 0.266418
Epoch 926/1500 - train 0.145508 - val 0.268794
Epoch 927/1500 - train 0.145205 - val 0.267283
Epoch 928/1500 - train 0.145921 - val 0.291892
Epoch 929/1500 - train 0.145752 - val 0.266083
Epoch 930/1500 - train 0.145359 - val 0.266486
Epoch 931/1500 - train 0.145742 - val 0.270688
Epoch 932/1500 - train 0.145041 - val 0.268719
Epoch 933/1500 - train 0.146142 - val 0.265857
Epoch 934/1500 - train 0.144896 - val 0.267050
Epoch 935/1500 - train 0.145398 - val 0.266354
Epoch 936/1500 - train 0.145867 - val 0.273328
Epoch 937/1500 - train 0.145474 - val 0.265576
Epoch 938/1500 - train 0.145269 - val 0.267596
Epoch 939/1500 - train 0.145616 - val 0.266680
Epoch 940/1500 - train 0.145502 - val 0.265989
Epoch 941/1500 - train 0.144949 - val 0.266801
Epoch 942/1500 - train 0.145473 - val 0.268267
Epoch 943/1500 - train 0.145777 - val 0.264746
Epoch 944/1500 - train 0.144829 - val 0.269794
Epoch 945/1500 - train 0.145431 - val 0.266609
Epoch 946/1500 - train 0.145175 - val 0.267004
Epoch 947/1500 - train 0.145505 - val 0.268515
Epoch 948/1500 - train 0.145292 - val 0.268546
Epoch 949/1500 - train 0.145094 - val 0.269672
Epoch 950/1500 - train 0.145272 - val 0.266482
Epoch 951/1500 - train 0.145284 - val 0.266845
Epoch 952/1500 - train 0.144407 - val 0.268701
Epoch 953/1500 - train 0.145031 - val 0.280278
Epoch 954/1500 - train 0.145126 - val 0.267576
Epoch 955/1500 - train 0.144868 - val 0.270161
Epoch 956/1500 - train 0.144855 - val 0.266783
Epoch 957/1500 - train 0.145485 - val 0.268505
Epoch 958/1500 - train 0.145146 - val 0.283676
Epoch 959/1500 - train 0.145007 - val 0.268631
Epoch 960/1500 - train 0.145248 - val 0.269676
Epoch 961/1500 - train 0.145081 - val 0.270578
Epoch 962/1500 - train 0.144472 - val 0.270353
Epoch 963/1500 - train 0.145235 - val 0.268431
Epoch 964/1500 - train 0.144958 - val 0.266342
Epoch 965/1500 - train 0.145138 - val 0.267062
Epoch 966/1500 - train 0.145513 - val 0.268343
Epoch 967/1500 - train 0.144153 - val 0.268715
Epoch 968/1500 - train 0.145901 - val 0.266753
Epoch 969/1500 - train 0.145183 - val 0.270416
Epoch 970/1500 - train 0.143929 - val 0.269468
Epoch 971/1500 - train 0.144194 - val 0.265810
Epoch 972/1500 - train 0.145182 - val 0.269626
Epoch 973/1500 - train 0.144261 - val 0.267891
Epoch 974/1500 - train 0.144406 - val 0.265911
Epoch 975/1500 - train 0.145349 - val 0.267605
Epoch 976/1500 - train 0.144441 - val 0.269153
Epoch 977/1500 - train 0.144300 - val 0.266494
Epoch 978/1500 - train 0.145158 - val 0.277395
Epoch 979/1500 - train 0.144517 - val 0.268682
Epoch 980/1500 - train 0.144862 - val 0.265701
Epoch 981/1500 - train 0.145156 - val 0.267759
Epoch 982/1500 - train 0.144546 - val 0.267467
Epoch 983/1500 - train 0.143679 - val 0.267082
Epoch 984/1500 - train 0.145494 - val 0.278808
Epoch 985/1500 - train 0.144548 - val 0.267843
Epoch 986/1500 - train 0.144080 - val 0.268941
Epoch 987/1500 - train 0.144460 - val 0.266184
Epoch 988/1500 - train 0.144093 - val 0.267657
Epoch 989/1500 - train 0.144244 - val 0.269218
Epoch 990/1500 - train 0.144130 - val 0.266871
Epoch 991/1500 - train 0.144427 - val 0.269667
Epoch 992/1500 - train 0.146229 - val 0.267325
Epoch 993/1500 - train 0.143430 - val 0.265369
Epoch 994/1500 - train 0.143911 - val 0.269154
Epoch 995/1500 - train 0.143906 - val 0.266790
Epoch 996/1500 - train 0.144039 - val 0.268965
Epoch 997/1500 - train 0.145884 - val 0.270915
Epoch 998/1500 - train 0.143199 - val 0.265686
Epoch 999/1500 - train 0.145227 - val 0.272169
Epoch 1000/1500 - train 0.143513 - val 0.267487
Epoch 1001/1500 - train 0.143872 - val 0.269902
Epoch 1002/1500 - train 0.145081 - val 0.267313
Epoch 1003/1500 - train 0.143732 - val 0.269077
Epoch 1004/1500 - train 0.144064 - val 0.267869
Epoch 1005/1500 - train 0.144242 - val 0.267678
Epoch 1006/1500 - train 0.144530 - val 0.272724
Epoch 1007/1500 - train 0.144028 - val 0.270583
Epoch 1008/1500 - train 0.144034 - val 0.267495
Epoch 1009/1500 - train 0.143951 - val 0.270516
Epoch 1010/1500 - train 0.143303 - val 0.271148
Epoch 1011/1500 - train 0.144811 - val 0.267572
Epoch 1012/1500 - train 0.143849 - val 0.270164
Epoch 1013/1500 - train 0.143792 - val 0.269331
Epoch 1014/1500 - train 0.143672 - val 0.273085
Epoch 1015/1500 - train 0.144601 - val 0.267069
Epoch 1016/1500 - train 0.143245 - val 0.270086
Epoch 1017/1500 - train 0.144266 - val 0.269488
Epoch 1018/1500 - train 0.143642 - val 0.269463
Epoch 1019/1500 - train 0.144492 - val 0.268944
Epoch 1020/1500 - train 0.143919 - val 0.267292
Epoch 1021/1500 - train 0.143441 - val 0.268609
Epoch 1022/1500 - train 0.143755 - val 0.267729
Epoch 1023/1500 - train 0.143982 - val 0.268286
Epoch 1024/1500 - train 0.144766 - val 0.269209
Epoch 1025/1500 - train 0.143233 - val 0.269314
Epoch 1026/1500 - train 0.143387 - val 0.270592
Epoch 1027/1500 - train 0.143609 - val 0.271783
Epoch 1028/1500 - train 0.143356 - val 0.268721
Epoch 1029/1500 - train 0.144223 - val 0.269897
Epoch 1030/1500 - train 0.143405 - val 0.269337
Epoch 1031/1500 - train 0.144304 - val 0.268482
Epoch 1032/1500 - train 0.143852 - val 0.268008
Epoch 1033/1500 - train 0.143311 - val 0.277521
Epoch 1034/1500 - train 0.143132 - val 0.269433
Epoch 1035/1500 - train 0.144401 - val 0.272251
Epoch 1036/1500 - train 0.143699 - val 0.269433
Epoch 1037/1500 - train 0.143477 - val 0.268409
Epoch 1038/1500 - train 0.143201 - val 0.268897
Epoch 1039/1500 - train 0.143775 - val 0.274177
Epoch 1040/1500 - train 0.143211 - val 0.271384
Epoch 1041/1500 - train 0.143524 - val 0.268587
Epoch 1042/1500 - train 0.143754 - val 0.269465
Epoch 1043/1500 - train 0.143065 - val 0.269244
Epoch 1044/1500 - train 0.143269 - val 0.271546
Epoch 1045/1500 - train 0.143758 - val 0.271113
Epoch 1046/1500 - train 0.144220 - val 0.268079
Epoch 1047/1500 - train 0.143487 - val 0.270171
Epoch 1048/1500 - train 0.143990 - val 0.269563
Epoch 1049/1500 - train 0.143444 - val 0.272028
Epoch 1050/1500 - train 0.143016 - val 0.270164
Epoch 1051/1500 - train 0.143405 - val 0.267468
Epoch 1052/1500 - train 0.143073 - val 0.269530
Epoch 1053/1500 - train 0.143441 - val 0.274554
Epoch 1054/1500 - train 0.143428 - val 0.271161
Epoch 1055/1500 - train 0.143118 - val 0.269150
Epoch 1056/1500 - train 0.143348 - val 0.269850
Epoch 1057/1500 - train 0.143257 - val 0.269929
Epoch 1058/1500 - train 0.143462 - val 0.270728
Epoch 1059/1500 - train 0.142777 - val 0.270351
Epoch 1060/1500 - train 0.143242 - val 0.269609
Epoch 1061/1500 - train 0.143437 - val 0.278409
Epoch 1062/1500 - train 0.142749 - val 0.278348
Epoch 1063/1500 - train 0.143263 - val 0.272196
Epoch 1064/1500 - train 0.143272 - val 0.270162
Epoch 1065/1500 - train 0.144088 - val 0.270038
Epoch 1066/1500 - train 0.142535 - val 0.271480
Epoch 1067/1500 - train 0.143040 - val 0.272761
Epoch 1068/1500 - train 0.142550 - val 0.271948
Epoch 1069/1500 - train 0.143481 - val 0.270733
Epoch 1070/1500 - train 0.143147 - val 0.269190
Epoch 1071/1500 - train 0.142810 - val 0.272567
Epoch 1072/1500 - train 0.143218 - val 0.270020
Epoch 1073/1500 - train 0.143369 - val 0.269830
Epoch 1074/1500 - train 0.143002 - val 0.270308
Epoch 1075/1500 - train 0.143289 - val 0.268747
Epoch 1076/1500 - train 0.142797 - val 0.270362
Epoch 1077/1500 - train 0.142680 - val 0.269290
Epoch 1078/1500 - train 0.142775 - val 0.269435
Epoch 1079/1500 - train 0.142844 - val 0.271286
Epoch 1080/1500 - train 0.143259 - val 0.270433
Epoch 1081/1500 - train 0.142291 - val 0.275093
Epoch 1082/1500 - train 0.143394 - val 0.268241
Epoch 1083/1500 - train 0.142350 - val 0.269109
Epoch 1084/1500 - train 0.142793 - val 0.270357
Epoch 1085/1500 - train 0.142941 - val 0.269579
Epoch 1086/1500 - train 0.143281 - val 0.268937
Epoch 1087/1500 - train 0.142247 - val 0.267660
Epoch 1088/1500 - train 0.142772 - val 0.269804
Epoch 1089/1500 - train 0.142804 - val 0.270176
Epoch 1090/1500 - train 0.143130 - val 0.266423
Epoch 1091/1500 - train 0.143142 - val 0.272587
Epoch 1092/1500 - train 0.142729 - val 0.270309
Epoch 1093/1500 - train 0.142727 - val 0.272090
Epoch 1094/1500 - train 0.142494 - val 0.270044
Epoch 1095/1500 - train 0.142785 - val 0.276786
Epoch 1096/1500 - train 0.142363 - val 0.273242
Epoch 1097/1500 - train 0.143464 - val 0.270667
Epoch 1098/1500 - train 0.141846 - val 0.268054
Epoch 1099/1500 - train 0.142556 - val 0.268854
Epoch 1100/1500 - train 0.142765 - val 0.270389
Epoch 1101/1500 - train 0.142972 - val 0.271441
Epoch 1102/1500 - train 0.142240 - val 0.268687
Epoch 1103/1500 - train 0.143039 - val 0.271103
Epoch 1104/1500 - train 0.142311 - val 0.273635
Epoch 1105/1500 - train 0.142245 - val 0.269772
Epoch 1106/1500 - train 0.142139 - val 0.273732
Epoch 1107/1500 - train 0.142257 - val 0.270171
Epoch 1108/1500 - train 0.142581 - val 0.269840
Epoch 1109/1500 - train 0.142328 - val 0.282081
Epoch 1110/1500 - train 0.143359 - val 0.270343
Epoch 1111/1500 - train 0.142013 - val 0.272014
Epoch 1112/1500 - train 0.142174 - val 0.272849
Epoch 1113/1500 - train 0.142478 - val 0.268820
Epoch 1114/1500 - train 0.142231 - val 0.272142
Epoch 1115/1500 - train 0.142349 - val 0.268694
Epoch 1116/1500 - train 0.142246 - val 0.269615
Epoch 1117/1500 - train 0.142354 - val 0.270467
Epoch 1118/1500 - train 0.142895 - val 0.278383
Epoch 1119/1500 - train 0.142939 - val 0.272819
Epoch 1120/1500 - train 0.141356 - val 0.270874
Epoch 1121/1500 - train 0.142394 - val 0.271749
Epoch 1122/1500 - train 0.142107 - val 0.271788
Epoch 1123/1500 - train 0.142363 - val 0.272109
Epoch 1124/1500 - train 0.141790 - val 0.269820
Epoch 1125/1500 - train 0.142365 - val 0.269282
Epoch 1126/1500 - train 0.142060 - val 0.272292
Epoch 1127/1500 - train 0.142194 - val 0.268812
Epoch 1128/1500 - train 0.142834 - val 0.271612
Epoch 1129/1500 - train 0.141884 - val 0.271406
Epoch 1130/1500 - train 0.141978 - val 0.271716
Epoch 1131/1500 - train 0.142214 - val 0.271187
Epoch 1132/1500 - train 0.141417 - val 0.273277
Epoch 1133/1500 - train 0.142367 - val 0.270299
Epoch 1134/1500 - train 0.141733 - val 0.274322
Epoch 1135/1500 - train 0.142193 - val 0.270147
Epoch 1136/1500 - train 0.141869 - val 0.272767
Epoch 1137/1500 - train 0.142624 - val 0.273060
Epoch 1138/1500 - train 0.141274 - val 0.275132
Epoch 1139/1500 - train 0.142233 - val 0.270145
Epoch 1140/1500 - train 0.141965 - val 0.277547
Epoch 1141/1500 - train 0.141556 - val 0.270498
Epoch 1142/1500 - train 0.141984 - val 0.269616
Epoch 1143/1500 - train 0.141921 - val 0.271910
Epoch 1144/1500 - train 0.142249 - val 0.271037
Epoch 1145/1500 - train 0.141566 - val 0.274242
Epoch 1146/1500 - train 0.141925 - val 0.270529
Epoch 1147/1500 - train 0.141958 - val 0.274298
Epoch 1148/1500 - train 0.142384 - val 0.274309
Epoch 1149/1500 - train 0.142056 - val 0.272303
Epoch 1150/1500 - train 0.141792 - val 0.271950
Epoch 1151/1500 - train 0.141799 - val 0.272256
Epoch 1152/1500 - train 0.141834 - val 0.272122
Epoch 1153/1500 - train 0.141635 - val 0.279982
Epoch 1154/1500 - train 0.142092 - val 0.272584
Epoch 1155/1500 - train 0.141352 - val 0.272450
Epoch 1156/1500 - train 0.141911 - val 0.279482
Epoch 1157/1500 - train 0.141690 - val 0.273453
Epoch 1158/1500 - train 0.142068 - val 0.271180
Epoch 1159/1500 - train 0.141969 - val 0.273223
Epoch 1160/1500 - train 0.141722 - val 0.270744
Epoch 1161/1500 - train 0.141422 - val 0.272395
Epoch 1162/1500 - train 0.141374 - val 0.272473
Epoch 1163/1500 - train 0.141447 - val 0.272410
Epoch 1164/1500 - train 0.141809 - val 0.271647
Epoch 1165/1500 - train 0.141313 - val 0.280790
Epoch 1166/1500 - train 0.141533 - val 0.272256
Epoch 1167/1500 - train 0.142133 - val 0.271317
Epoch 1168/1500 - train 0.141500 - val 0.271249
Epoch 1169/1500 - train 0.141887 - val 0.271820
Epoch 1170/1500 - train 0.141741 - val 0.275295
Epoch 1171/1500 - train 0.141475 - val 0.279037
Epoch 1172/1500 - train 0.142004 - val 0.269852
Epoch 1173/1500 - train 0.141436 - val 0.276390
Epoch 1174/1500 - train 0.141700 - val 0.287957
Epoch 1175/1500 - train 0.141876 - val 0.269208
Epoch 1176/1500 - train 0.141539 - val 0.273802
Epoch 1177/1500 - train 0.141283 - val 0.272348
Epoch 1178/1500 - train 0.141687 - val 0.269464
Epoch 1179/1500 - train 0.141154 - val 0.270609
Epoch 1180/1500 - train 0.141083 - val 0.271057
Epoch 1181/1500 - train 0.141275 - val 0.272696
Epoch 1182/1500 - train 0.141185 - val 0.273027
Epoch 1183/1500 - train 0.142566 - val 0.273880
Epoch 1184/1500 - train 0.141212 - val 0.274811
Epoch 1185/1500 - train 0.140922 - val 0.273636
Epoch 1186/1500 - train 0.141765 - val 0.271029
Epoch 1187/1500 - train 0.140746 - val 0.273238
Epoch 1188/1500 - train 0.141293 - val 0.273042
Epoch 1189/1500 - train 0.142053 - val 0.272667
Epoch 1190/1500 - train 0.141697 - val 0.271951
Epoch 1191/1500 - train 0.141540 - val 0.271226
Epoch 1192/1500 - train 0.141127 - val 0.271482
Epoch 1193/1500 - train 0.141038 - val 0.272448
Epoch 1194/1500 - train 0.141309 - val 0.283794
Epoch 1195/1500 - train 0.141638 - val 0.272512
Epoch 1196/1500 - train 0.141563 - val 0.273981
Epoch 1197/1500 - train 0.140656 - val 0.276476
Epoch 1198/1500 - train 0.141562 - val 0.272700
Epoch 1199/1500 - train 0.140517 - val 0.272903
Epoch 1200/1500 - train 0.141437 - val 0.271511
Epoch 1201/1500 - train 0.140818 - val 0.271076
Epoch 1202/1500 - train 0.141128 - val 0.272647
Epoch 1203/1500 - train 0.141632 - val 0.271885
Epoch 1204/1500 - train 0.141741 - val 0.272123
Epoch 1205/1500 - train 0.141222 - val 0.270913
Epoch 1206/1500 - train 0.141023 - val 0.272362
Epoch 1207/1500 - train 0.141055 - val 0.272957
Epoch 1208/1500 - train 0.140907 - val 0.277181
Epoch 1209/1500 - train 0.142556 - val 0.273571
Epoch 1210/1500 - train 0.139991 - val 0.273231
Epoch 1211/1500 - train 0.140987 - val 0.273377
Epoch 1212/1500 - train 0.141316 - val 0.272188
Epoch 1213/1500 - train 0.140651 - val 0.274123
Epoch 1214/1500 - train 0.141533 - val 0.272989
Epoch 1215/1500 - train 0.140468 - val 0.271844
Epoch 1216/1500 - train 0.141082 - val 0.273155
Epoch 1217/1500 - train 0.140723 - val 0.282980
Epoch 1218/1500 - train 0.140831 - val 0.274038
Epoch 1219/1500 - train 0.141010 - val 0.274476
Epoch 1220/1500 - train 0.140801 - val 0.273607
Epoch 1221/1500 - train 0.140620 - val 0.273096
Epoch 1222/1500 - train 0.140702 - val 0.271195
Epoch 1223/1500 - train 0.140820 - val 0.273472
Epoch 1224/1500 - train 0.141089 - val 0.273189
Epoch 1225/1500 - train 0.141024 - val 0.272167
Epoch 1226/1500 - train 0.140685 - val 0.272411
Epoch 1227/1500 - train 0.140740 - val 0.272534
Epoch 1228/1500 - train 0.141516 - val 0.272610
Epoch 1229/1500 - train 0.141129 - val 0.275044
Epoch 1230/1500 - train 0.139955 - val 0.273164
Epoch 1231/1500 - train 0.140401 - val 0.272021
Epoch 1232/1500 - train 0.141355 - val 0.273629
Epoch 1233/1500 - train 0.141488 - val 0.275027
Epoch 1234/1500 - train 0.140154 - val 0.273859
Epoch 1235/1500 - train 0.140164 - val 0.273079
Epoch 1236/1500 - train 0.141087 - val 0.272785
Epoch 1237/1500 - train 0.140314 - val 0.272570
Epoch 1238/1500 - train 0.141054 - val 0.273706
Epoch 1239/1500 - train 0.141102 - val 0.272648
Epoch 1240/1500 - train 0.140236 - val 0.272566
Epoch 1241/1500 - train 0.140432 - val 0.270489
Epoch 1242/1500 - train 0.140913 - val 0.274485
Epoch 1243/1500 - train 0.140640 - val 0.275420
Epoch 1244/1500 - train 0.140896 - val 0.272235
Epoch 1245/1500 - train 0.140385 - val 0.275136
Epoch 1246/1500 - train 0.140795 - val 0.271899
Epoch 1247/1500 - train 0.141005 - val 0.273464
Epoch 1248/1500 - train 0.140192 - val 0.273989
Epoch 1249/1500 - train 0.140772 - val 0.272834
Epoch 1250/1500 - train 0.140591 - val 0.274264
Epoch 1251/1500 - train 0.140746 - val 0.273843
Epoch 1252/1500 - train 0.140385 - val 0.274376
Epoch 1253/1500 - train 0.140369 - val 0.273618
Epoch 1254/1500 - train 0.141419 - val 0.272434
Epoch 1255/1500 - train 0.139792 - val 0.272493
Epoch 1256/1500 - train 0.141107 - val 0.275865
Epoch 1257/1500 - train 0.142864 - val 0.273611
Epoch 1258/1500 - train 0.139384 - val 0.272224
Epoch 1259/1500 - train 0.139935 - val 0.320599
Epoch 1260/1500 - train 0.140720 - val 0.276376
Epoch 1261/1500 - train 0.139818 - val 0.274813
Epoch 1262/1500 - train 0.140528 - val 0.272344
Epoch 1263/1500 - train 0.140007 - val 0.272983
Epoch 1264/1500 - train 0.140380 - val 0.274204
Epoch 1265/1500 - train 0.140268 - val 0.274801
Epoch 1266/1500 - train 0.140201 - val 0.271575
Epoch 1267/1500 - train 0.142119 - val 0.276026
Epoch 1268/1500 - train 0.139141 - val 0.273638
Epoch 1269/1500 - train 0.140535 - val 0.275927
Epoch 1270/1500 - train 0.140483 - val 0.273956
Epoch 1271/1500 - train 0.139934 - val 0.270143
Epoch 1272/1500 - train 0.139957 - val 0.272370
Epoch 1273/1500 - train 0.140466 - val 0.274915
Epoch 1274/1500 - train 0.140424 - val 0.271520
Epoch 1275/1500 - train 0.140192 - val 0.271996
Epoch 1276/1500 - train 0.139979 - val 0.272818
Epoch 1277/1500 - train 0.140922 - val 0.273093
Epoch 1278/1500 - train 0.140123 - val 0.275715
Epoch 1279/1500 - train 0.140015 - val 0.272523
Epoch 1280/1500 - train 0.140315 - val 0.275421
Epoch 1281/1500 - train 0.140627 - val 0.276368
Epoch 1282/1500 - train 0.140490 - val 0.272988
Epoch 1283/1500 - train 0.139827 - val 0.273597
Epoch 1284/1500 - train 0.140051 - val 0.277632
Epoch 1285/1500 - train 0.139943 - val 0.273076
Epoch 1286/1500 - train 0.140584 - val 0.274028
Epoch 1287/1500 - train 0.140061 - val 0.271893
Epoch 1288/1500 - train 0.140611 - val 0.279707
Epoch 1289/1500 - train 0.140273 - val 0.277654
Epoch 1290/1500 - train 0.139503 - val 0.273867
Epoch 1291/1500 - train 0.140420 - val 0.273172
Epoch 1292/1500 - train 0.140357 - val 0.275317
Epoch 1293/1500 - train 0.139415 - val 0.274966
Epoch 1294/1500 - train 0.140104 - val 0.274396
Epoch 1295/1500 - train 0.139849 - val 0.274326
Epoch 1296/1500 - train 0.140662 - val 0.276758
Epoch 1297/1500 - train 0.139723 - val 0.273134
Epoch 1298/1500 - train 0.141076 - val 0.273570
Epoch 1299/1500 - train 0.139658 - val 0.272754
Epoch 1300/1500 - train 0.139931 - val 0.275156
Epoch 1301/1500 - train 0.139976 - val 0.275043
Epoch 1302/1500 - train 0.139856 - val 0.282655
Epoch 1303/1500 - train 0.139583 - val 0.276400
Epoch 1304/1500 - train 0.140114 - val 0.271863
Epoch 1305/1500 - train 0.140103 - val 0.274024
Epoch 1306/1500 - train 0.139481 - val 0.272733
Epoch 1307/1500 - train 0.139969 - val 0.275751
Epoch 1308/1500 - train 0.140002 - val 0.280332
Epoch 1309/1500 - train 0.139638 - val 0.274522
Epoch 1310/1500 - train 0.139001 - val 0.273814
Epoch 1311/1500 - train 0.140130 - val 0.273538
Epoch 1312/1500 - train 0.140421 - val 0.277473
Epoch 1313/1500 - train 0.140458 - val 0.276001
Epoch 1314/1500 - train 0.139791 - val 0.275552
Epoch 1315/1500 - train 0.139484 - val 0.276431
Epoch 1316/1500 - train 0.139056 - val 0.274540
Epoch 1317/1500 - train 0.139797 - val 0.273913
Epoch 1318/1500 - train 0.139627 - val 0.271277
Epoch 1319/1500 - train 0.139935 - val 0.274749
Epoch 1320/1500 - train 0.140356 - val 0.272135
Epoch 1321/1500 - train 0.140237 - val 0.273213
Epoch 1322/1500 - train 0.139205 - val 0.274264
Epoch 1323/1500 - train 0.139509 - val 0.288532
Epoch 1324/1500 - train 0.139555 - val 0.274330
Epoch 1325/1500 - train 0.140050 - val 0.273755
Epoch 1326/1500 - train 0.139660 - val 0.275185
Epoch 1327/1500 - train 0.139490 - val 0.275382
Epoch 1328/1500 - train 0.139736 - val 0.275490
Epoch 1329/1500 - train 0.139349 - val 0.276098
Epoch 1330/1500 - train 0.140004 - val 0.274254
Epoch 1331/1500 - train 0.139685 - val 0.275139
Epoch 1332/1500 - train 0.139107 - val 0.274794
Epoch 1333/1500 - train 0.139404 - val 0.273931
Epoch 1334/1500 - train 0.139707 - val 0.275383
Epoch 1335/1500 - train 0.138912 - val 0.273277
Epoch 1336/1500 - train 0.139808 - val 0.274986
Epoch 1337/1500 - train 0.140787 - val 0.275895
Epoch 1338/1500 - train 0.138354 - val 0.278350
Epoch 1339/1500 - train 0.139798 - val 0.273197
Epoch 1340/1500 - train 0.139468 - val 0.277145
Epoch 1341/1500 - train 0.140054 - val 0.273406
Epoch 1342/1500 - train 0.139382 - val 0.275373
Epoch 1343/1500 - train 0.139520 - val 0.275275
Epoch 1344/1500 - train 0.139604 - val 0.276700
Epoch 1345/1500 - train 0.138843 - val 0.273232
Epoch 1346/1500 - train 0.139500 - val 0.275049
Epoch 1347/1500 - train 0.139452 - val 0.274968
Epoch 1348/1500 - train 0.139744 - val 0.273186
Epoch 1349/1500 - train 0.139176 - val 0.273620
Epoch 1350/1500 - train 0.139266 - val 0.280618
Epoch 1351/1500 - train 0.139291 - val 0.273720
Epoch 1352/1500 - train 0.139764 - val 0.277117
Epoch 1353/1500 - train 0.138989 - val 0.274753
Epoch 1354/1500 - train 0.139324 - val 0.274764
Epoch 1355/1500 - train 0.139991 - val 0.274349
Epoch 1356/1500 - train 0.139440 - val 0.277526
Epoch 1357/1500 - train 0.139564 - val 0.274980
Epoch 1358/1500 - train 0.139610 - val 0.274302
Epoch 1359/1500 - train 0.139474 - val 0.275929
Epoch 1360/1500 - train 0.139169 - val 0.276388
Epoch 1361/1500 - train 0.139443 - val 0.275141
Epoch 1362/1500 - train 0.139581 - val 0.278796
Epoch 1363/1500 - train 0.138613 - val 0.276005
Epoch 1364/1500 - train 0.139658 - val 0.275394
Epoch 1365/1500 - train 0.139463 - val 0.278123
Epoch 1366/1500 - train 0.138694 - val 0.274645
Epoch 1367/1500 - train 0.139585 - val 0.292508
Epoch 1368/1500 - train 0.139537 - val 0.275744
Epoch 1369/1500 - train 0.138705 - val 0.275078
Epoch 1370/1500 - train 0.139434 - val 0.278081
Epoch 1371/1500 - train 0.138898 - val 0.276255
Epoch 1372/1500 - train 0.139704 - val 0.276242
Epoch 1373/1500 - train 0.139545 - val 0.271882
Epoch 1374/1500 - train 0.138774 - val 0.279464
Epoch 1375/1500 - train 0.138802 - val 0.274939
Epoch 1376/1500 - train 0.140086 - val 0.274830
Epoch 1377/1500 - train 0.139859 - val 0.277368
Epoch 1378/1500 - train 0.138781 - val 0.280751
Epoch 1379/1500 - train 0.139020 - val 0.278234
Epoch 1380/1500 - train 0.138532 - val 0.283480
Epoch 1381/1500 - train 0.139355 - val 0.276728
Epoch 1382/1500 - train 0.138533 - val 0.277709
Epoch 1383/1500 - train 0.138899 - val 0.275307
Epoch 1384/1500 - train 0.139295 - val 0.282304
Epoch 1385/1500 - train 0.139428 - val 0.277577
Epoch 1386/1500 - train 0.138672 - val 0.273510
Epoch 1387/1500 - train 0.138465 - val 0.277480
Epoch 1388/1500 - train 0.139048 - val 0.276065
Epoch 1389/1500 - train 0.138555 - val 0.275714
Epoch 1390/1500 - train 0.138626 - val 0.273517
Epoch 1391/1500 - train 0.139133 - val 0.277496
Epoch 1392/1500 - train 0.139067 - val 0.274755
Epoch 1393/1500 - train 0.139357 - val 0.277464
Epoch 1394/1500 - train 0.138324 - val 0.275054
Epoch 1395/1500 - train 0.138884 - val 0.275195
Epoch 1396/1500 - train 0.139271 - val 0.275966
Epoch 1397/1500 - train 0.138516 - val 0.275744
Epoch 1398/1500 - train 0.138905 - val 0.298739
Epoch 1399/1500 - train 0.139903 - val 0.274731
Epoch 1400/1500 - train 0.139069 - val 0.277639
Epoch 1401/1500 - train 0.138402 - val 0.276617
Epoch 1402/1500 - train 0.139243 - val 0.283084
Epoch 1403/1500 - train 0.138288 - val 0.274881
Epoch 1404/1500 - train 0.139820 - val 0.276841
Epoch 1405/1500 - train 0.139447 - val 0.280881
Epoch 1406/1500 - train 0.137922 - val 0.274564
Epoch 1407/1500 - train 0.138788 - val 0.279068
Epoch 1408/1500 - train 0.138359 - val 0.273880
Epoch 1409/1500 - train 0.138758 - val 0.277389
Epoch 1410/1500 - train 0.138639 - val 0.275719
Epoch 1411/1500 - train 0.138942 - val 0.275406
Epoch 1412/1500 - train 0.139541 - val 0.273597
Epoch 1413/1500 - train 0.138625 - val 0.274508
Epoch 1414/1500 - train 0.139063 - val 0.276968
Epoch 1415/1500 - train 0.138175 - val 0.275442
Epoch 1416/1500 - train 0.139352 - val 0.275980
Epoch 1417/1500 - train 0.138172 - val 0.274391
Epoch 1418/1500 - train 0.138928 - val 0.274165
Epoch 1419/1500 - train 0.138873 - val 0.275847
Epoch 1420/1500 - train 0.138604 - val 0.277170
Epoch 1421/1500 - train 0.138292 - val 0.275345
Epoch 1422/1500 - train 0.138467 - val 0.275980
Epoch 1423/1500 - train 0.138329 - val 0.275293
Epoch 1424/1500 - train 0.138563 - val 0.275772
Epoch 1425/1500 - train 0.138476 - val 0.274446
Epoch 1426/1500 - train 0.138599 - val 0.274093
Epoch 1427/1500 - train 0.138763 - val 0.273949
Epoch 1428/1500 - train 0.138618 - val 0.274501
Epoch 1429/1500 - train 0.138464 - val 0.274660
Epoch 1430/1500 - train 0.138343 - val 0.275499
Epoch 1431/1500 - train 0.138312 - val 0.276060
Epoch 1432/1500 - train 0.138783 - val 0.277673
Epoch 1433/1500 - train 0.138391 - val 0.276415
Epoch 1434/1500 - train 0.138726 - val 0.275752
Epoch 1435/1500 - train 0.138405 - val 0.285611
Epoch 1436/1500 - train 0.138253 - val 0.275983
Epoch 1437/1500 - train 0.138655 - val 0.275851
Epoch 1438/1500 - train 0.138798 - val 0.276792
Epoch 1439/1500 - train 0.138149 - val 0.280195
Epoch 1440/1500 - train 0.137911 - val 0.277970
Epoch 1441/1500 - train 0.138553 - val 0.278900
Epoch 1442/1500 - train 0.139213 - val 0.276106
Epoch 1443/1500 - train 0.138215 - val 0.274653
Epoch 1444/1500 - train 0.137883 - val 0.275344
Epoch 1445/1500 - train 0.138747 - val 0.276493
Epoch 1446/1500 - train 0.138143 - val 0.275057
Epoch 1447/1500 - train 0.138019 - val 0.279604
Epoch 1448/1500 - train 0.138550 - val 0.276480
Epoch 1449/1500 - train 0.138943 - val 0.277672
Epoch 1450/1500 - train 0.138340 - val 0.277206
Epoch 1451/1500 - train 0.138087 - val 0.275454
Epoch 1452/1500 - train 0.138522 - val 0.275432
Epoch 1453/1500 - train 0.138281 - val 0.277929
Epoch 1454/1500 - train 0.139265 - val 0.275886
Epoch 1455/1500 - train 0.137942 - val 0.276550
Epoch 1456/1500 - train 0.137874 - val 0.276221
Epoch 1457/1500 - train 0.137742 - val 0.275737
Epoch 1458/1500 - train 0.138200 - val 0.277803
Epoch 1459/1500 - train 0.138334 - val 0.276183
Epoch 1460/1500 - train 0.138506 - val 0.275960
Epoch 1461/1500 - train 0.138005 - val 0.275845
Epoch 1462/1500 - train 0.138351 - val 0.274903
Epoch 1463/1500 - train 0.138126 - val 0.276013
Epoch 1464/1500 - train 0.138304 - val 0.276847
Epoch 1465/1500 - train 0.137730 - val 0.276937
Epoch 1466/1500 - train 0.139011 - val 0.274699
Epoch 1467/1500 - train 0.137881 - val 0.276027
Epoch 1468/1500 - train 0.138196 - val 0.276743
Epoch 1469/1500 - train 0.138502 - val 0.277455
Epoch 1470/1500 - train 0.137325 - val 0.276116
Epoch 1471/1500 - train 0.137984 - val 0.276458
Epoch 1472/1500 - train 0.138254 - val 0.275772
Epoch 1473/1500 - train 0.138175 - val 0.279027
Epoch 1474/1500 - train 0.138057 - val 0.278187
Epoch 1475/1500 - train 0.138479 - val 0.276674
Epoch 1476/1500 - train 0.138337 - val 0.277478
Epoch 1477/1500 - train 0.137657 - val 0.282464
Epoch 1478/1500 - train 0.138558 - val 0.276567
Epoch 1479/1500 - train 0.137820 - val 0.279918
Epoch 1480/1500 - train 0.137913 - val 0.273958
Epoch 1481/1500 - train 0.138204 - val 0.278107
Epoch 1482/1500 - train 0.138031 - val 0.276277
Epoch 1483/1500 - train 0.138312 - val 0.276769
Epoch 1484/1500 - train 0.137791 - val 0.275906
Epoch 1485/1500 - train 0.137958 - val 0.276430
Epoch 1486/1500 - train 0.137673 - val 0.278591
Epoch 1487/1500 - train 0.138195 - val 0.275370
Epoch 1488/1500 - train 0.138349 - val 0.275992
Epoch 1489/1500 - train 0.137494 - val 0.275754
Epoch 1490/1500 - train 0.137651 - val 0.278295
Epoch 1491/1500 - train 0.138214 - val 0.278717
Epoch 1492/1500 - train 0.138096 - val 0.274952
Epoch 1493/1500 - train 0.137899 - val 0.276304
Epoch 1494/1500 - train 0.138155 - val 0.285344
Epoch 1495/1500 - train 0.137501 - val 0.275003
Epoch 1496/1500 - train 0.138121 - val 0.274670
Epoch 1497/1500 - train 0.137975 - val 0.277382
Epoch 1498/1500 - train 0.137490 - val 0.276240
Epoch 1499/1500 - train 0.137881 - val 0.275871
Epoch 1500/1500 - train 0.137748 - val 0.277068
Saved model to /scratch/network/ak9088/NASA-RL-Wavefront-Control/RL/jobs/20251225_000621/exp-fc1-zscore-ep1500-bs256-lr1e-3-s42-h128-64-images/fc1_best.pth
