y: [[-3.01948577e-01 -1.56999201e-01 -8.37100446e-02 ... -4.71909642e-02
   2.47504022e-02  4.47161568e-07]
 [ 2.74821997e-01 -1.02294907e-01 -5.63746214e-01 ... -4.59444225e-02
  -5.64354733e-02  4.47161568e-07]
 [ 5.95149398e-02  2.33263269e-01 -3.06408316e-01 ...  2.25831587e-02
  -1.20181506e-02  4.47161568e-07]
 ...
 [ 4.42554802e-01  3.15719873e-01  2.77699292e-01 ... -3.95034067e-02
  -1.14195935e-01  4.47161568e-07]
 [ 4.53366876e-01  1.46775022e-01  2.77601451e-01 ...  6.94388151e-03
  -6.98646232e-02  4.47161568e-07]
 [ 4.41307187e-01 -6.00950122e-01 -7.07667843e-02 ... -9.30655524e-02
   9.98187251e-03  4.47161568e-07]]
Dataset loaded: N=100000 (original 100000), C=3, H=28, W=28, y_dim=26
using device: cpu
Epoch 1/1500 - train 0.401928 - val 0.327327
Epoch 2/1500 - train 0.335046 - val 0.306562
Epoch 3/1500 - train 0.315955 - val 0.290362
Epoch 4/1500 - train 0.302927 - val 0.279521
Epoch 5/1500 - train 0.292273 - val 0.272377
Epoch 6/1500 - train 0.284219 - val 0.268240
Epoch 7/1500 - train 0.277037 - val 0.260851
Epoch 8/1500 - train 0.271282 - val 0.255191
Epoch 9/1500 - train 0.265821 - val 0.253379
Epoch 10/1500 - train 0.260919 - val 0.248682
Epoch 11/1500 - train 0.257026 - val 0.250743
Epoch 12/1500 - train 0.253206 - val 0.244849
Epoch 13/1500 - train 0.249145 - val 0.241624
Epoch 14/1500 - train 0.245812 - val 0.240115
Epoch 15/1500 - train 0.242832 - val 0.238480
Epoch 16/1500 - train 0.240137 - val 0.236193
Epoch 17/1500 - train 0.237276 - val 0.234093
Epoch 18/1500 - train 0.234677 - val 0.232504
Epoch 19/1500 - train 0.231969 - val 0.233098
Epoch 20/1500 - train 0.230047 - val 0.229198
Epoch 21/1500 - train 0.228355 - val 0.228052
Epoch 22/1500 - train 0.225998 - val 0.229454
Epoch 23/1500 - train 0.224120 - val 0.228057
Epoch 24/1500 - train 0.222368 - val 0.224288
Epoch 25/1500 - train 0.220914 - val 0.224902
Epoch 26/1500 - train 0.218811 - val 0.226253
Epoch 27/1500 - train 0.217287 - val 0.224709
Epoch 28/1500 - train 0.216166 - val 0.224813
Epoch 29/1500 - train 0.214745 - val 0.224935
Epoch 30/1500 - train 0.213054 - val 0.224449
Epoch 31/1500 - train 0.211782 - val 0.224097
Epoch 32/1500 - train 0.210266 - val 0.224044
Epoch 33/1500 - train 0.208748 - val 0.225964
Epoch 34/1500 - train 0.207899 - val 0.225273
Epoch 35/1500 - train 0.206267 - val 0.225505
Epoch 36/1500 - train 0.205066 - val 0.225537
Epoch 37/1500 - train 0.204225 - val 0.226452
Epoch 38/1500 - train 0.202206 - val 0.226958
Epoch 39/1500 - train 0.201079 - val 0.225267
Epoch 40/1500 - train 0.200092 - val 0.226700
Epoch 41/1500 - train 0.198622 - val 0.229939
Epoch 42/1500 - train 0.197302 - val 0.228084
Epoch 43/1500 - train 0.195908 - val 0.227117
Epoch 44/1500 - train 0.194733 - val 0.228496
Epoch 45/1500 - train 0.193757 - val 0.230234
Epoch 46/1500 - train 0.192502 - val 0.228916
Epoch 47/1500 - train 0.191307 - val 0.230446
Epoch 48/1500 - train 0.190115 - val 0.230302
Epoch 49/1500 - train 0.189289 - val 0.229884
Epoch 50/1500 - train 0.188367 - val 0.233381
Epoch 51/1500 - train 0.187071 - val 0.231837
Epoch 52/1500 - train 0.186147 - val 0.231631
Epoch 53/1500 - train 0.185821 - val 0.227762
Epoch 54/1500 - train 0.183660 - val 0.231481
Epoch 55/1500 - train 0.183049 - val 0.231611
Epoch 56/1500 - train 0.183143 - val 0.231331
Epoch 57/1500 - train 0.181909 - val 0.233282
Epoch 58/1500 - train 0.180539 - val 0.245103
Epoch 59/1500 - train 0.180422 - val 0.230736
Epoch 60/1500 - train 0.178634 - val 0.232152
Epoch 61/1500 - train 0.179518 - val 0.233320
Epoch 62/1500 - train 0.179530 - val 0.233417
Epoch 63/1500 - train 0.176694 - val 0.235246
Epoch 64/1500 - train 0.176187 - val 0.232826
Epoch 65/1500 - train 0.176406 - val 0.231263
Epoch 66/1500 - train 0.174630 - val 0.232952
Epoch 67/1500 - train 0.174592 - val 0.230490
Epoch 68/1500 - train 0.173708 - val 0.230567
Epoch 69/1500 - train 0.173110 - val 0.235465
Epoch 70/1500 - train 0.172587 - val 0.234119
Epoch 71/1500 - train 0.172279 - val 0.230892
Epoch 72/1500 - train 0.171150 - val 0.233261
Epoch 73/1500 - train 0.171711 - val 0.234904
Epoch 74/1500 - train 0.169217 - val 0.235272
Epoch 75/1500 - train 0.169274 - val 0.233472
Epoch 76/1500 - train 0.170545 - val 0.232112
Epoch 77/1500 - train 0.169529 - val 0.234264
Epoch 78/1500 - train 0.167042 - val 0.234349
Epoch 79/1500 - train 0.167578 - val 0.233991
Epoch 80/1500 - train 0.168446 - val 0.237771
Epoch 81/1500 - train 0.166473 - val 0.231396
Epoch 82/1500 - train 0.166352 - val 0.230476
Epoch 83/1500 - train 0.165816 - val 0.232397
Epoch 84/1500 - train 0.165004 - val 0.233142
Epoch 85/1500 - train 0.165315 - val 0.231053
Epoch 86/1500 - train 0.165470 - val 0.235959
Epoch 87/1500 - train 0.163593 - val 0.231794
Epoch 88/1500 - train 0.163930 - val 0.235486
Epoch 89/1500 - train 0.162611 - val 0.233996
Epoch 90/1500 - train 0.163186 - val 0.235046
Epoch 91/1500 - train 0.162249 - val 0.232036
Epoch 92/1500 - train 0.161931 - val 0.231360
Epoch 93/1500 - train 0.162431 - val 0.244530
Epoch 94/1500 - train 0.161322 - val 0.232066
Epoch 95/1500 - train 0.161140 - val 0.235966
Epoch 96/1500 - train 0.160354 - val 0.237889
Epoch 97/1500 - train 0.160288 - val 0.233623
Epoch 98/1500 - train 0.159784 - val 0.231301
Epoch 99/1500 - train 0.159775 - val 0.234214
Epoch 100/1500 - train 0.159381 - val 0.231647
Epoch 101/1500 - train 0.159508 - val 0.233419
Epoch 102/1500 - train 0.158707 - val 0.232384
Epoch 103/1500 - train 0.158019 - val 0.235005
Epoch 104/1500 - train 0.157260 - val 0.231931
Epoch 105/1500 - train 0.157376 - val 0.233962
Epoch 106/1500 - train 0.157746 - val 0.232018
Epoch 107/1500 - train 0.157273 - val 0.232175
Epoch 108/1500 - train 0.157286 - val 0.234354
Epoch 109/1500 - train 0.157076 - val 0.229631
Epoch 110/1500 - train 0.155792 - val 0.232043
Epoch 111/1500 - train 0.156180 - val 0.234125
Epoch 112/1500 - train 0.156666 - val 0.235895
Epoch 113/1500 - train 0.155668 - val 0.232784
Epoch 114/1500 - train 0.155381 - val 0.231766
Epoch 115/1500 - train 0.155276 - val 0.231973
Epoch 116/1500 - train 0.153820 - val 0.233417
Epoch 117/1500 - train 0.154419 - val 0.233289
Epoch 118/1500 - train 0.154594 - val 0.230892
Epoch 119/1500 - train 0.153565 - val 0.234471
Epoch 120/1500 - train 0.154910 - val 0.233958
Epoch 121/1500 - train 0.153068 - val 0.231257
Epoch 122/1500 - train 0.153154 - val 0.233599
Epoch 123/1500 - train 0.152326 - val 0.233503
Epoch 124/1500 - train 0.152606 - val 0.230098
Epoch 125/1500 - train 0.152856 - val 0.229991
Epoch 126/1500 - train 0.152078 - val 0.232487
Epoch 127/1500 - train 0.151353 - val 0.231536
Epoch 128/1500 - train 0.151570 - val 0.233199
Epoch 129/1500 - train 0.151868 - val 0.233073
Epoch 130/1500 - train 0.151147 - val 0.233661
Epoch 131/1500 - train 0.150854 - val 0.230978
Epoch 132/1500 - train 0.150675 - val 0.232605
Epoch 133/1500 - train 0.150104 - val 0.235237
Epoch 134/1500 - train 0.150369 - val 0.230222
Epoch 135/1500 - train 0.150797 - val 0.231330
Epoch 136/1500 - train 0.149965 - val 0.238174
Epoch 137/1500 - train 0.151179 - val 0.233356
Epoch 138/1500 - train 0.149022 - val 0.234066
Epoch 139/1500 - train 0.149436 - val 0.233879
Epoch 140/1500 - train 0.148761 - val 0.229116
Epoch 141/1500 - train 0.149124 - val 0.231817
Epoch 142/1500 - train 0.148743 - val 0.230547
Epoch 143/1500 - train 0.148107 - val 0.241964
Epoch 144/1500 - train 0.148462 - val 0.230703
Epoch 145/1500 - train 0.148196 - val 0.228324
Epoch 146/1500 - train 0.147403 - val 0.236446
Epoch 147/1500 - train 0.147819 - val 0.232122
Epoch 148/1500 - train 0.147844 - val 0.232881
Epoch 149/1500 - train 0.147137 - val 0.229884
Epoch 150/1500 - train 0.147277 - val 0.235048
Epoch 151/1500 - train 0.146366 - val 0.236148
Epoch 152/1500 - train 0.147296 - val 0.241112
Epoch 153/1500 - train 0.147356 - val 0.233411
Epoch 154/1500 - train 0.147237 - val 0.230725
Epoch 155/1500 - train 0.145429 - val 0.231273
Epoch 156/1500 - train 0.145949 - val 0.232228
Epoch 157/1500 - train 0.145504 - val 0.231337
Epoch 158/1500 - train 0.145353 - val 0.230892
Epoch 159/1500 - train 0.145527 - val 0.229885
Epoch 160/1500 - train 0.145357 - val 0.231326
Epoch 161/1500 - train 0.145895 - val 0.231409
Epoch 162/1500 - train 0.145123 - val 0.231949
Epoch 163/1500 - train 0.145252 - val 0.230533
Epoch 164/1500 - train 0.144480 - val 0.230763
Epoch 165/1500 - train 0.144225 - val 0.228891
Epoch 166/1500 - train 0.144349 - val 0.234216
Epoch 167/1500 - train 0.144560 - val 0.229737
Epoch 168/1500 - train 0.143592 - val 0.233436
Epoch 169/1500 - train 0.143396 - val 0.229337
Epoch 170/1500 - train 0.144496 - val 0.231413
Epoch 171/1500 - train 0.143481 - val 0.229915
Epoch 172/1500 - train 0.143141 - val 0.230816
Epoch 173/1500 - train 0.144316 - val 0.227867
Epoch 174/1500 - train 0.142257 - val 0.251889
Epoch 175/1500 - train 0.142818 - val 0.231503
Epoch 176/1500 - train 0.142222 - val 0.230973
Epoch 177/1500 - train 0.144566 - val 0.232405
Epoch 178/1500 - train 0.141820 - val 0.228892
Epoch 179/1500 - train 0.141798 - val 0.230264
Epoch 180/1500 - train 0.141914 - val 0.229331
Epoch 181/1500 - train 0.141839 - val 0.230138
Epoch 182/1500 - train 0.141801 - val 0.231104
Epoch 183/1500 - train 0.142396 - val 0.227970
Epoch 184/1500 - train 0.141731 - val 0.228900
Epoch 185/1500 - train 0.140365 - val 0.232286
Epoch 186/1500 - train 0.143073 - val 0.230332
Epoch 187/1500 - train 0.140936 - val 0.227627
Epoch 188/1500 - train 0.140054 - val 0.227209
Epoch 189/1500 - train 0.140821 - val 0.227567
Epoch 190/1500 - train 0.140267 - val 0.230970
Epoch 191/1500 - train 0.140464 - val 0.230262
Epoch 192/1500 - train 0.140415 - val 0.229281
Epoch 193/1500 - train 0.141612 - val 0.230239
Epoch 194/1500 - train 0.139383 - val 0.230730
Epoch 195/1500 - train 0.139336 - val 0.233562
Epoch 196/1500 - train 0.139573 - val 0.228478
Epoch 197/1500 - train 0.139892 - val 0.227804
Epoch 198/1500 - train 0.139257 - val 0.230268
Epoch 199/1500 - train 0.140529 - val 0.230918
Epoch 200/1500 - train 0.138336 - val 0.229724
Epoch 201/1500 - train 0.138929 - val 0.227971
Epoch 202/1500 - train 0.139133 - val 0.229932
Epoch 203/1500 - train 0.138778 - val 0.227785
Epoch 204/1500 - train 0.139244 - val 0.231814
Epoch 205/1500 - train 0.138172 - val 0.230149
Epoch 206/1500 - train 0.138428 - val 0.242867
Epoch 207/1500 - train 0.139082 - val 0.228799
Epoch 208/1500 - train 0.137661 - val 0.226607
Epoch 209/1500 - train 0.138548 - val 0.229695
Epoch 210/1500 - train 0.137645 - val 0.227215
Epoch 211/1500 - train 0.138952 - val 0.229800
Epoch 212/1500 - train 0.137445 - val 0.227376
Epoch 213/1500 - train 0.137692 - val 0.230466
Epoch 214/1500 - train 0.137900 - val 0.229477
Epoch 215/1500 - train 0.137100 - val 0.229717
Epoch 216/1500 - train 0.137308 - val 0.226290
Epoch 217/1500 - train 0.136934 - val 0.228801
Epoch 218/1500 - train 0.136976 - val 0.227722
Epoch 219/1500 - train 0.137795 - val 0.233393
Epoch 220/1500 - train 0.137079 - val 0.227820
Epoch 221/1500 - train 0.136869 - val 0.226487
Epoch 222/1500 - train 0.135788 - val 0.232294
Epoch 223/1500 - train 0.136633 - val 0.230943
Epoch 224/1500 - train 0.136184 - val 0.227971
Epoch 225/1500 - train 0.136108 - val 0.227508
Epoch 226/1500 - train 0.135979 - val 0.227913
Epoch 227/1500 - train 0.136558 - val 0.228132
Epoch 228/1500 - train 0.135766 - val 0.229780
Epoch 229/1500 - train 0.135538 - val 0.227219
Epoch 230/1500 - train 0.136188 - val 0.229384
Epoch 231/1500 - train 0.135943 - val 0.232819
Epoch 232/1500 - train 0.135250 - val 0.227528
Epoch 233/1500 - train 0.135670 - val 0.230226
Epoch 234/1500 - train 0.134865 - val 0.228312
Epoch 235/1500 - train 0.135400 - val 0.227935
Epoch 236/1500 - train 0.134204 - val 0.228712
Epoch 237/1500 - train 0.135515 - val 0.226298
Epoch 238/1500 - train 0.134526 - val 0.227556
Epoch 239/1500 - train 0.134491 - val 0.227794
Epoch 240/1500 - train 0.134081 - val 0.227764
Epoch 241/1500 - train 0.134308 - val 0.227838
Epoch 242/1500 - train 0.134264 - val 0.226261
Epoch 243/1500 - train 0.134234 - val 0.226553
Epoch 244/1500 - train 0.133661 - val 0.228158
Epoch 245/1500 - train 0.134183 - val 0.231749
Epoch 246/1500 - train 0.134226 - val 0.228275
Epoch 247/1500 - train 0.133896 - val 0.230413
Epoch 248/1500 - train 0.134208 - val 0.234387
Epoch 249/1500 - train 0.133826 - val 0.226105
Epoch 250/1500 - train 0.133498 - val 0.232254
Epoch 251/1500 - train 0.133359 - val 0.228059
Epoch 252/1500 - train 0.133883 - val 0.227240
Epoch 253/1500 - train 0.133726 - val 0.229709
Epoch 254/1500 - train 0.134169 - val 0.226467
Epoch 255/1500 - train 0.134239 - val 0.227892
Epoch 256/1500 - train 0.132435 - val 0.227339
Epoch 257/1500 - train 0.132684 - val 0.228133
Epoch 258/1500 - train 0.132492 - val 0.225529
Epoch 259/1500 - train 0.132307 - val 0.228873
Epoch 260/1500 - train 0.132952 - val 0.227926
Epoch 261/1500 - train 0.132520 - val 0.226394
Epoch 262/1500 - train 0.133174 - val 0.226472
Epoch 263/1500 - train 0.131909 - val 0.231236
Epoch 264/1500 - train 0.132601 - val 0.226972
Epoch 265/1500 - train 0.131945 - val 0.228306
Epoch 266/1500 - train 0.131918 - val 0.228292
Epoch 267/1500 - train 0.132368 - val 0.230281
Epoch 268/1500 - train 0.131891 - val 0.226150
Epoch 269/1500 - train 0.131742 - val 0.227563
Epoch 270/1500 - train 0.131584 - val 0.227481
Epoch 271/1500 - train 0.131333 - val 0.243047
Epoch 272/1500 - train 0.132525 - val 0.224113
Epoch 273/1500 - train 0.131045 - val 0.228173
Epoch 274/1500 - train 0.131249 - val 0.226157
Epoch 275/1500 - train 0.132056 - val 0.225970
Epoch 276/1500 - train 0.131748 - val 0.226046
Epoch 277/1500 - train 0.130597 - val 0.227855
Epoch 278/1500 - train 0.130849 - val 0.226220
Epoch 279/1500 - train 0.131312 - val 0.225610
Epoch 280/1500 - train 0.130753 - val 0.228133
Epoch 281/1500 - train 0.131300 - val 0.233042
Epoch 282/1500 - train 0.130492 - val 0.225851
Epoch 283/1500 - train 0.130432 - val 0.226430
Epoch 284/1500 - train 0.130363 - val 0.227959
Epoch 285/1500 - train 0.130718 - val 0.228112
Epoch 286/1500 - train 0.130496 - val 0.227935
Epoch 287/1500 - train 0.130018 - val 0.227079
Epoch 288/1500 - train 0.130653 - val 0.226255
Epoch 289/1500 - train 0.130014 - val 0.225467
Epoch 290/1500 - train 0.130165 - val 0.226415
Epoch 291/1500 - train 0.130066 - val 0.227000
Epoch 292/1500 - train 0.130163 - val 0.225746
Epoch 293/1500 - train 0.130695 - val 0.229923
Epoch 294/1500 - train 0.129332 - val 0.225802
Epoch 295/1500 - train 0.129649 - val 0.225210
Epoch 296/1500 - train 0.129156 - val 0.226501
Epoch 297/1500 - train 0.130037 - val 0.226652
Epoch 298/1500 - train 0.129355 - val 0.229148
Epoch 299/1500 - train 0.129122 - val 0.225891
Epoch 300/1500 - train 0.129473 - val 0.223776
Epoch 301/1500 - train 0.129284 - val 0.231355
Epoch 302/1500 - train 0.129660 - val 0.225376
Epoch 303/1500 - train 0.128777 - val 0.227125
Epoch 304/1500 - train 0.128560 - val 0.226319
Epoch 305/1500 - train 0.128897 - val 0.225008
Epoch 306/1500 - train 0.129150 - val 0.225692
Epoch 307/1500 - train 0.128821 - val 0.225984
Epoch 308/1500 - train 0.128197 - val 0.225568
Epoch 309/1500 - train 0.129045 - val 0.229087
Epoch 310/1500 - train 0.128590 - val 0.232038
Epoch 311/1500 - train 0.128771 - val 0.227031
Epoch 312/1500 - train 0.128537 - val 0.226717
Epoch 313/1500 - train 0.128019 - val 0.226164
Epoch 314/1500 - train 0.128295 - val 0.225280
Epoch 315/1500 - train 0.128403 - val 0.227061
Epoch 316/1500 - train 0.127975 - val 0.225370
Epoch 317/1500 - train 0.128348 - val 0.224799
Epoch 318/1500 - train 0.128105 - val 0.227290
Epoch 319/1500 - train 0.128444 - val 0.224370
Epoch 320/1500 - train 0.127898 - val 0.225145
Epoch 321/1500 - train 0.127460 - val 0.224592
Epoch 322/1500 - train 0.127641 - val 0.223280
Epoch 323/1500 - train 0.128410 - val 0.226044
Epoch 324/1500 - train 0.127653 - val 0.226016
Epoch 325/1500 - train 0.126693 - val 0.227251
Epoch 326/1500 - train 0.127787 - val 0.225673
Epoch 327/1500 - train 0.126577 - val 0.227855
Epoch 328/1500 - train 0.127276 - val 0.227138
Epoch 329/1500 - train 0.127030 - val 0.225788
Epoch 330/1500 - train 0.127145 - val 0.224630
Epoch 331/1500 - train 0.127283 - val 0.225241
Epoch 332/1500 - train 0.126704 - val 0.225190
Epoch 333/1500 - train 0.127034 - val 0.232106
Epoch 334/1500 - train 0.127227 - val 0.228197
Epoch 335/1500 - train 0.127144 - val 0.225005
Epoch 336/1500 - train 0.126302 - val 0.223147
Epoch 337/1500 - train 0.126702 - val 0.223965
Epoch 338/1500 - train 0.126487 - val 0.225432
Epoch 339/1500 - train 0.126780 - val 0.224563
Epoch 340/1500 - train 0.126754 - val 0.225790
Epoch 341/1500 - train 0.127099 - val 0.227550
Epoch 342/1500 - train 0.125973 - val 0.233932
Epoch 343/1500 - train 0.126056 - val 0.225711
Epoch 344/1500 - train 0.126593 - val 0.229677
Epoch 345/1500 - train 0.126059 - val 0.224506
Epoch 346/1500 - train 0.126547 - val 0.223866
Epoch 347/1500 - train 0.125653 - val 0.224301
Epoch 348/1500 - train 0.125962 - val 0.226651
Epoch 349/1500 - train 0.125586 - val 0.224018
Epoch 350/1500 - train 0.126154 - val 0.224075
Epoch 351/1500 - train 0.126613 - val 0.224257
Epoch 352/1500 - train 0.125922 - val 0.227345
Epoch 353/1500 - train 0.125529 - val 0.241288
Epoch 354/1500 - train 0.125867 - val 0.224457
Epoch 355/1500 - train 0.125748 - val 0.226545
Epoch 356/1500 - train 0.125481 - val 0.225050
Epoch 357/1500 - train 0.125002 - val 0.223883
Epoch 358/1500 - train 0.125718 - val 0.223580
Epoch 359/1500 - train 0.127022 - val 0.241389
Epoch 360/1500 - train 0.125605 - val 0.225136
Epoch 361/1500 - train 0.125151 - val 0.224901
Epoch 362/1500 - train 0.124112 - val 0.223170
Epoch 363/1500 - train 0.125056 - val 0.225585
Epoch 364/1500 - train 0.125325 - val 0.223679
Epoch 365/1500 - train 0.126670 - val 0.228730
Epoch 366/1500 - train 0.124477 - val 0.234030
Epoch 367/1500 - train 0.124971 - val 0.223903
Epoch 368/1500 - train 0.124980 - val 0.226111
Epoch 369/1500 - train 0.124724 - val 0.225476
Epoch 370/1500 - train 0.124478 - val 0.227554
Epoch 371/1500 - train 0.125222 - val 0.225826
Epoch 372/1500 - train 0.124264 - val 0.224154
Epoch 373/1500 - train 0.124153 - val 0.224402
Epoch 374/1500 - train 0.124867 - val 0.227143
Epoch 375/1500 - train 0.123977 - val 0.225995
Epoch 376/1500 - train 0.124471 - val 0.225877
Epoch 377/1500 - train 0.124481 - val 0.221770
Epoch 378/1500 - train 0.124606 - val 0.227061
Epoch 379/1500 - train 0.124010 - val 0.226697
Epoch 380/1500 - train 0.124330 - val 0.223185
Epoch 381/1500 - train 0.124280 - val 0.224771
Epoch 382/1500 - train 0.125536 - val 0.223249
Epoch 383/1500 - train 0.123685 - val 0.225128
Epoch 384/1500 - train 0.123607 - val 0.223152
Epoch 385/1500 - train 0.123999 - val 0.225704
Epoch 386/1500 - train 0.124013 - val 0.225583
Epoch 387/1500 - train 0.125795 - val 0.225972
Epoch 388/1500 - train 0.123266 - val 0.224575
Epoch 389/1500 - train 0.123230 - val 0.224380
Epoch 390/1500 - train 0.123737 - val 0.223717
Epoch 391/1500 - train 0.123498 - val 0.224767
Epoch 392/1500 - train 0.123796 - val 0.225686
Epoch 393/1500 - train 0.123758 - val 0.225920
Epoch 394/1500 - train 0.123430 - val 0.226973
Epoch 395/1500 - train 0.123108 - val 0.226410
Epoch 396/1500 - train 0.123304 - val 0.225295
Epoch 397/1500 - train 0.122738 - val 0.224797
Epoch 398/1500 - train 0.123608 - val 0.228792
Epoch 399/1500 - train 0.123281 - val 0.222605
Epoch 400/1500 - train 0.123181 - val 0.222662
Epoch 401/1500 - train 0.123527 - val 0.223251
Epoch 402/1500 - train 0.122308 - val 0.224389
Epoch 403/1500 - train 0.123105 - val 0.228112
Epoch 404/1500 - train 0.122765 - val 0.224701
Epoch 405/1500 - train 0.123158 - val 0.225922
Epoch 406/1500 - train 0.123571 - val 0.225545
Epoch 407/1500 - train 0.122708 - val 0.222988
Epoch 408/1500 - train 0.123227 - val 0.224581
Epoch 409/1500 - train 0.122295 - val 0.224410
Epoch 410/1500 - train 0.122232 - val 0.224141
Epoch 411/1500 - train 0.123221 - val 0.223081
Epoch 412/1500 - train 0.122569 - val 0.221797
Epoch 413/1500 - train 0.122030 - val 0.222609
Epoch 414/1500 - train 0.122339 - val 0.225393
Epoch 415/1500 - train 0.122684 - val 0.225662
Epoch 416/1500 - train 0.122397 - val 0.223686
Epoch 417/1500 - train 0.122800 - val 0.222262
Epoch 418/1500 - train 0.122538 - val 0.223813
Epoch 419/1500 - train 0.122353 - val 0.224425
Epoch 420/1500 - train 0.121774 - val 0.227221
Epoch 421/1500 - train 0.122232 - val 0.223444
Epoch 422/1500 - train 0.121991 - val 0.224243
Epoch 423/1500 - train 0.122637 - val 0.223469
Epoch 424/1500 - train 0.122143 - val 0.222561
Epoch 425/1500 - train 0.122722 - val 0.224861
Epoch 426/1500 - train 0.121845 - val 0.225161
Epoch 427/1500 - train 0.121403 - val 0.224058
Epoch 428/1500 - train 0.121488 - val 0.224431
Epoch 429/1500 - train 0.122271 - val 0.226917
Epoch 430/1500 - train 0.122968 - val 0.222898
Epoch 431/1500 - train 0.122240 - val 0.224618
Epoch 432/1500 - train 0.121459 - val 0.224249
Epoch 433/1500 - train 0.121949 - val 0.222663
Epoch 434/1500 - train 0.121183 - val 0.224422
Epoch 435/1500 - train 0.121603 - val 0.228993
Epoch 436/1500 - train 0.120981 - val 0.223528
Epoch 437/1500 - train 0.121995 - val 0.225123
Epoch 438/1500 - train 0.121572 - val 0.225300
Epoch 439/1500 - train 0.121804 - val 0.235062
Epoch 440/1500 - train 0.121440 - val 0.223631
Epoch 441/1500 - train 0.121571 - val 0.222797
Epoch 442/1500 - train 0.121167 - val 0.224540
Epoch 443/1500 - train 0.120777 - val 0.224939
Epoch 444/1500 - train 0.121054 - val 0.226685
Epoch 445/1500 - train 0.120426 - val 0.224817
Epoch 446/1500 - train 0.121650 - val 0.223022
Epoch 447/1500 - train 0.121184 - val 0.223295
Epoch 448/1500 - train 0.120742 - val 0.224479
Epoch 449/1500 - train 0.121101 - val 0.224240
Epoch 450/1500 - train 0.120357 - val 0.222981
Epoch 451/1500 - train 0.120458 - val 0.225252
Epoch 452/1500 - train 0.120514 - val 0.225726
Epoch 453/1500 - train 0.120869 - val 0.224622
Epoch 454/1500 - train 0.120853 - val 0.223947
Epoch 455/1500 - train 0.121186 - val 0.223502
Epoch 456/1500 - train 0.120239 - val 0.222192
Epoch 457/1500 - train 0.121856 - val 0.222602
Epoch 458/1500 - train 0.120704 - val 0.222318
Epoch 459/1500 - train 0.120361 - val 0.224685
Epoch 460/1500 - train 0.121169 - val 0.228666
Epoch 461/1500 - train 0.120290 - val 0.223314
Epoch 462/1500 - train 0.120141 - val 0.223746
Epoch 463/1500 - train 0.119981 - val 0.224513
Epoch 464/1500 - train 0.120171 - val 0.223043
Epoch 465/1500 - train 0.120461 - val 0.223071
Epoch 466/1500 - train 0.120149 - val 0.224457
Epoch 467/1500 - train 0.119537 - val 0.223972
Epoch 468/1500 - train 0.120503 - val 0.224039
Epoch 469/1500 - train 0.119153 - val 0.222692
Epoch 470/1500 - train 0.120689 - val 0.223341
Epoch 471/1500 - train 0.119379 - val 0.224460
Epoch 472/1500 - train 0.120830 - val 0.222938
Epoch 473/1500 - train 0.120151 - val 0.224864
Epoch 474/1500 - train 0.120743 - val 0.221870
Epoch 475/1500 - train 0.119674 - val 0.224763
Epoch 476/1500 - train 0.119506 - val 0.223521
Epoch 477/1500 - train 0.120190 - val 0.224011
Epoch 478/1500 - train 0.119437 - val 0.222138
Epoch 479/1500 - train 0.119841 - val 0.230587
Epoch 480/1500 - train 0.119986 - val 0.222651
Epoch 481/1500 - train 0.119471 - val 0.227067
Epoch 482/1500 - train 0.119161 - val 0.223536
Epoch 483/1500 - train 0.119870 - val 0.223959
Epoch 484/1500 - train 0.119269 - val 0.224417
Epoch 485/1500 - train 0.119746 - val 0.223130
Epoch 486/1500 - train 0.119312 - val 0.226096
Epoch 487/1500 - train 0.118817 - val 0.223579
Epoch 488/1500 - train 0.119039 - val 0.225710
Epoch 489/1500 - train 0.119280 - val 0.224819
Epoch 490/1500 - train 0.119311 - val 0.223720
Epoch 491/1500 - train 0.119143 - val 0.223795
Epoch 492/1500 - train 0.119892 - val 0.222708
Epoch 493/1500 - train 0.118942 - val 0.221859
Epoch 494/1500 - train 0.118854 - val 0.222764
Epoch 495/1500 - train 0.119336 - val 0.222664
Epoch 496/1500 - train 0.118982 - val 0.222478
Epoch 497/1500 - train 0.119651 - val 0.226465
Epoch 498/1500 - train 0.118905 - val 0.221349
Epoch 499/1500 - train 0.119276 - val 0.221764
Epoch 500/1500 - train 0.118709 - val 0.221443
Epoch 501/1500 - train 0.118519 - val 0.223635
Epoch 502/1500 - train 0.119257 - val 0.221480
Epoch 503/1500 - train 0.119021 - val 0.226282
Epoch 504/1500 - train 0.118475 - val 0.222850
Epoch 505/1500 - train 0.118488 - val 0.227566
Epoch 506/1500 - train 0.119167 - val 0.239382
Epoch 507/1500 - train 0.119466 - val 0.224606
Epoch 508/1500 - train 0.118631 - val 0.224155
Epoch 509/1500 - train 0.119099 - val 0.224069
Epoch 510/1500 - train 0.118857 - val 0.225112
Epoch 511/1500 - train 0.118682 - val 0.222041
Epoch 512/1500 - train 0.118157 - val 0.223246
Epoch 513/1500 - train 0.118384 - val 0.225507
Epoch 514/1500 - train 0.118573 - val 0.222165
Epoch 515/1500 - train 0.118311 - val 0.223707
Epoch 516/1500 - train 0.117812 - val 0.222183
Epoch 517/1500 - train 0.118106 - val 0.224429
Epoch 518/1500 - train 0.118671 - val 0.225893
Epoch 519/1500 - train 0.119009 - val 0.223758
Epoch 520/1500 - train 0.118137 - val 0.223383
Epoch 521/1500 - train 0.118064 - val 0.226132
Epoch 522/1500 - train 0.118305 - val 0.223340
Epoch 523/1500 - train 0.118042 - val 0.224543
Epoch 524/1500 - train 0.118286 - val 0.230882
Epoch 525/1500 - train 0.118777 - val 0.222543
Epoch 526/1500 - train 0.117688 - val 0.223608
Epoch 527/1500 - train 0.117563 - val 0.222437
Epoch 528/1500 - train 0.118170 - val 0.223587
Epoch 529/1500 - train 0.117967 - val 0.223959
Epoch 530/1500 - train 0.118099 - val 0.223041
Epoch 531/1500 - train 0.117524 - val 0.222091
Epoch 532/1500 - train 0.118007 - val 0.226930
Epoch 533/1500 - train 0.117688 - val 0.222028
Epoch 534/1500 - train 0.118363 - val 0.223139
Epoch 535/1500 - train 0.117413 - val 0.220097
Epoch 536/1500 - train 0.117160 - val 0.223923
Epoch 537/1500 - train 0.117645 - val 0.224352
Epoch 538/1500 - train 0.117549 - val 0.224257
Epoch 539/1500 - train 0.120435 - val 0.222954
Epoch 540/1500 - train 0.117364 - val 0.224135
Epoch 541/1500 - train 0.117745 - val 0.223738
Epoch 542/1500 - train 0.116904 - val 0.222242
Epoch 543/1500 - train 0.117381 - val 0.220745
Epoch 544/1500 - train 0.116967 - val 0.226944
Epoch 545/1500 - train 0.117397 - val 0.223676
Epoch 546/1500 - train 0.117157 - val 0.223147
Epoch 547/1500 - train 0.117759 - val 0.221864
Epoch 548/1500 - train 0.117228 - val 0.223060
Epoch 549/1500 - train 0.117751 - val 0.224145
Epoch 550/1500 - train 0.117134 - val 0.222139
Epoch 551/1500 - train 0.117025 - val 0.221760
Epoch 552/1500 - train 0.116615 - val 0.221467
Epoch 553/1500 - train 0.117512 - val 0.222218
Epoch 554/1500 - train 0.116922 - val 0.221894
Epoch 555/1500 - train 0.117767 - val 0.222921
Epoch 556/1500 - train 0.116868 - val 0.222709
Epoch 557/1500 - train 0.117120 - val 0.223946
Epoch 558/1500 - train 0.117115 - val 0.224879
Epoch 559/1500 - train 0.117388 - val 0.224635
Epoch 560/1500 - train 0.116777 - val 0.223405
Epoch 561/1500 - train 0.116541 - val 0.223534
Epoch 562/1500 - train 0.117032 - val 0.226066
Epoch 563/1500 - train 0.116789 - val 0.221944
Epoch 564/1500 - train 0.116963 - val 0.223946
Epoch 565/1500 - train 0.116939 - val 0.224184
Epoch 566/1500 - train 0.116799 - val 0.227678
Epoch 567/1500 - train 0.117425 - val 0.224471
Epoch 568/1500 - train 0.116199 - val 0.222986
Epoch 569/1500 - train 0.116606 - val 0.224566
Epoch 570/1500 - train 0.116771 - val 0.223359
Epoch 571/1500 - train 0.116920 - val 0.222449
Epoch 572/1500 - train 0.117140 - val 0.221527
Epoch 573/1500 - train 0.116232 - val 0.221996
Epoch 574/1500 - train 0.116598 - val 0.222309
Epoch 575/1500 - train 0.116510 - val 0.220393
Epoch 576/1500 - train 0.116589 - val 0.223178
Epoch 577/1500 - train 0.116511 - val 0.224006
Epoch 578/1500 - train 0.116474 - val 0.224056
Epoch 579/1500 - train 0.116341 - val 0.223003
Epoch 580/1500 - train 0.116198 - val 0.221797
Epoch 581/1500 - train 0.116291 - val 0.223359
Epoch 582/1500 - train 0.115841 - val 0.222341
Epoch 583/1500 - train 0.117112 - val 0.223700
Epoch 584/1500 - train 0.116200 - val 0.224264
Epoch 585/1500 - train 0.116046 - val 0.224629
Epoch 586/1500 - train 0.116070 - val 0.222705
Epoch 587/1500 - train 0.116045 - val 0.227855
Epoch 588/1500 - train 0.118640 - val 0.221909
Epoch 589/1500 - train 0.115346 - val 0.221491
Epoch 590/1500 - train 0.115711 - val 0.225263
Epoch 591/1500 - train 0.116202 - val 0.223428
Epoch 592/1500 - train 0.116166 - val 0.224563
Epoch 593/1500 - train 0.115457 - val 0.223061
Epoch 594/1500 - train 0.115546 - val 0.223236
Epoch 595/1500 - train 0.116106 - val 0.219468
Epoch 596/1500 - train 0.115761 - val 0.223219
Epoch 597/1500 - train 0.115994 - val 0.221527
Epoch 598/1500 - train 0.116057 - val 0.222109
Epoch 599/1500 - train 0.115789 - val 0.221077
Epoch 600/1500 - train 0.116374 - val 0.223340
Epoch 601/1500 - train 0.116834 - val 0.223674
Epoch 602/1500 - train 0.115765 - val 0.224667
Epoch 603/1500 - train 0.115428 - val 0.222311
Epoch 604/1500 - train 0.115747 - val 0.221981
Epoch 605/1500 - train 0.115394 - val 0.230914
Epoch 606/1500 - train 0.115491 - val 0.223254
Epoch 607/1500 - train 0.115565 - val 0.222012
Epoch 608/1500 - train 0.115596 - val 0.223452
Epoch 609/1500 - train 0.115001 - val 0.231441
Epoch 610/1500 - train 0.115866 - val 0.222958
Epoch 611/1500 - train 0.115572 - val 0.223997
Epoch 612/1500 - train 0.115466 - val 0.223876
Epoch 613/1500 - train 0.115103 - val 0.221407
Epoch 614/1500 - train 0.115578 - val 0.223524
Epoch 615/1500 - train 0.114868 - val 0.223777
Epoch 616/1500 - train 0.115740 - val 0.222295
Epoch 617/1500 - train 0.115318 - val 0.230436
Epoch 618/1500 - train 0.115596 - val 0.223202
Epoch 619/1500 - train 0.114627 - val 0.221515
Epoch 620/1500 - train 0.115503 - val 0.222220
Epoch 621/1500 - train 0.115497 - val 0.222125
Epoch 622/1500 - train 0.115580 - val 0.221321
Epoch 623/1500 - train 0.115035 - val 0.221112
Epoch 624/1500 - train 0.115213 - val 0.220522
Epoch 625/1500 - train 0.115129 - val 0.220535
Epoch 626/1500 - train 0.114987 - val 0.225108
Epoch 627/1500 - train 0.114810 - val 0.222507
Epoch 628/1500 - train 0.114698 - val 0.223810
Epoch 629/1500 - train 0.114645 - val 0.223268
Epoch 630/1500 - train 0.114690 - val 0.224670
Epoch 631/1500 - train 0.114911 - val 0.223228
Epoch 632/1500 - train 0.114910 - val 0.221168
Epoch 633/1500 - train 0.114747 - val 0.223049
Epoch 634/1500 - train 0.115705 - val 0.223769
Epoch 635/1500 - train 0.114686 - val 0.221290
Epoch 636/1500 - train 0.115327 - val 0.220133
Epoch 637/1500 - train 0.114757 - val 0.223420
Epoch 638/1500 - train 0.115275 - val 0.226994
Epoch 639/1500 - train 0.114908 - val 0.229911
Epoch 640/1500 - train 0.114617 - val 0.220678
Epoch 641/1500 - train 0.114681 - val 0.220863
Epoch 642/1500 - train 0.115065 - val 0.219452
Epoch 643/1500 - train 0.114456 - val 0.221433
Epoch 644/1500 - train 0.113880 - val 0.224463
Epoch 645/1500 - train 0.114271 - val 0.221083
Epoch 646/1500 - train 0.114829 - val 0.221545
Epoch 647/1500 - train 0.114577 - val 0.223273
Epoch 648/1500 - train 0.114384 - val 0.221702
Epoch 649/1500 - train 0.114585 - val 0.221244
Epoch 650/1500 - train 0.114773 - val 0.221924
Epoch 651/1500 - train 0.114239 - val 0.222260
Epoch 652/1500 - train 0.114286 - val 0.224665
Epoch 653/1500 - train 0.114215 - val 0.225222
Epoch 654/1500 - train 0.115409 - val 0.226830
Epoch 655/1500 - train 0.113796 - val 0.222307
Epoch 656/1500 - train 0.114266 - val 0.220990
Epoch 657/1500 - train 0.114162 - val 0.222482
Epoch 658/1500 - train 0.114168 - val 0.222736
Epoch 659/1500 - train 0.114121 - val 0.225410
Epoch 660/1500 - train 0.113769 - val 0.221855
Epoch 661/1500 - train 0.114645 - val 0.228524
Epoch 662/1500 - train 0.114404 - val 0.220849
Epoch 663/1500 - train 0.114484 - val 0.221681
Epoch 664/1500 - train 0.113718 - val 0.221923
Epoch 665/1500 - train 0.115222 - val 0.224357
Epoch 666/1500 - train 0.114212 - val 0.225588
Epoch 667/1500 - train 0.113809 - val 0.221932
Epoch 668/1500 - train 0.114127 - val 0.223677
Epoch 669/1500 - train 0.113994 - val 0.221752
Epoch 670/1500 - train 0.114706 - val 0.219582
Epoch 671/1500 - train 0.113670 - val 0.223190
Epoch 672/1500 - train 0.114452 - val 0.241125
Epoch 673/1500 - train 0.114038 - val 0.220205
Epoch 674/1500 - train 0.114148 - val 0.221966
Epoch 675/1500 - train 0.113637 - val 0.222762
Epoch 676/1500 - train 0.113400 - val 0.221751
Epoch 677/1500 - train 0.114321 - val 0.223242
Epoch 678/1500 - train 0.114072 - val 0.226967
Epoch 679/1500 - train 0.113911 - val 0.222139
Epoch 680/1500 - train 0.113707 - val 0.222394
Epoch 681/1500 - train 0.113436 - val 0.222669
Epoch 682/1500 - train 0.113815 - val 0.232655
Epoch 683/1500 - train 0.114593 - val 0.224842
Epoch 684/1500 - train 0.113232 - val 0.222546
Epoch 685/1500 - train 0.113442 - val 0.222730
Epoch 686/1500 - train 0.113318 - val 0.223290
Epoch 687/1500 - train 0.113224 - val 0.220882
Epoch 688/1500 - train 0.113660 - val 0.221786
Epoch 689/1500 - train 0.114301 - val 0.221524
Epoch 690/1500 - train 0.113719 - val 0.223428
Epoch 691/1500 - train 0.112815 - val 0.222735
Epoch 692/1500 - train 0.113613 - val 0.223486
Epoch 693/1500 - train 0.113606 - val 0.224072
Epoch 694/1500 - train 0.113108 - val 0.225288
Epoch 695/1500 - train 0.113227 - val 0.222905
Epoch 696/1500 - train 0.113214 - val 0.222810
Epoch 697/1500 - train 0.113772 - val 0.224902
Epoch 698/1500 - train 0.113643 - val 0.224663
Epoch 699/1500 - train 0.112998 - val 0.222939
Epoch 700/1500 - train 0.113490 - val 0.223287
Epoch 701/1500 - train 0.113799 - val 0.221673
Epoch 702/1500 - train 0.113168 - val 0.223957
Epoch 703/1500 - train 0.113315 - val 0.222095
Epoch 704/1500 - train 0.112833 - val 0.221997
Epoch 705/1500 - train 0.113083 - val 0.221176
Epoch 706/1500 - train 0.112940 - val 0.224999
Epoch 707/1500 - train 0.113050 - val 0.223351
Epoch 708/1500 - train 0.113249 - val 0.221533
Epoch 709/1500 - train 0.113279 - val 0.222156
Epoch 710/1500 - train 0.112899 - val 0.223899
Epoch 711/1500 - train 0.113504 - val 0.221527
Epoch 712/1500 - train 0.113054 - val 0.224058
Epoch 713/1500 - train 0.112673 - val 0.223206
Epoch 714/1500 - train 0.113308 - val 0.222604
Epoch 715/1500 - train 0.112730 - val 0.223469
Epoch 716/1500 - train 0.112832 - val 0.221190
Epoch 717/1500 - train 0.112933 - val 0.225050
Epoch 718/1500 - train 0.113017 - val 0.221558
Epoch 719/1500 - train 0.112637 - val 0.222196
Epoch 720/1500 - train 0.112862 - val 0.223636
Epoch 721/1500 - train 0.112829 - val 0.223563
Epoch 722/1500 - train 0.113067 - val 0.229694
Epoch 723/1500 - train 0.112967 - val 0.223328
Epoch 724/1500 - train 0.112681 - val 0.221661
Epoch 725/1500 - train 0.113174 - val 0.222383
Epoch 726/1500 - train 0.113369 - val 0.222857
Epoch 727/1500 - train 0.112237 - val 0.222776
Epoch 728/1500 - train 0.112547 - val 0.221813
Epoch 729/1500 - train 0.112383 - val 0.221845
Epoch 730/1500 - train 0.112435 - val 0.223550
Epoch 731/1500 - train 0.114186 - val 0.219955
Epoch 732/1500 - train 0.111500 - val 0.226534
Epoch 733/1500 - train 0.112629 - val 0.220586
Epoch 734/1500 - train 0.112954 - val 0.223155
Epoch 735/1500 - train 0.112432 - val 0.220400
Epoch 736/1500 - train 0.112916 - val 0.223746
Epoch 737/1500 - train 0.112275 - val 0.221327
Epoch 738/1500 - train 0.112669 - val 0.221723
Epoch 739/1500 - train 0.112448 - val 0.222571
Epoch 740/1500 - train 0.112177 - val 0.221834
Epoch 741/1500 - train 0.112481 - val 0.221496
Epoch 742/1500 - train 0.112642 - val 0.221227
Epoch 743/1500 - train 0.112042 - val 0.224098
Epoch 744/1500 - train 0.112405 - val 0.224878
Epoch 745/1500 - train 0.112365 - val 0.225833
Epoch 746/1500 - train 0.112188 - val 0.224639
Epoch 747/1500 - train 0.112563 - val 0.221637
Epoch 748/1500 - train 0.112327 - val 0.222063
Epoch 749/1500 - train 0.112928 - val 0.220624
Epoch 750/1500 - train 0.112371 - val 0.221286
Epoch 751/1500 - train 0.112368 - val 0.222169
Epoch 752/1500 - train 0.112443 - val 0.223918
Epoch 753/1500 - train 0.111762 - val 0.221372
Epoch 754/1500 - train 0.111831 - val 0.222232
Epoch 755/1500 - train 0.112240 - val 0.220618
Epoch 756/1500 - train 0.111973 - val 0.220785
Epoch 757/1500 - train 0.112167 - val 0.221055
Epoch 758/1500 - train 0.111812 - val 0.220588
Epoch 759/1500 - train 0.112067 - val 0.218129
Epoch 760/1500 - train 0.112272 - val 0.221912
Epoch 761/1500 - train 0.111884 - val 0.222715
Epoch 762/1500 - train 0.111846 - val 0.222687
Epoch 763/1500 - train 0.112126 - val 0.224851
Epoch 764/1500 - train 0.112053 - val 0.218947
Epoch 765/1500 - train 0.111529 - val 0.222465
Epoch 766/1500 - train 0.113174 - val 0.222215
Epoch 767/1500 - train 0.111410 - val 0.221206
Epoch 768/1500 - train 0.111377 - val 0.223118
Epoch 769/1500 - train 0.111769 - val 0.222283
Epoch 770/1500 - train 0.111836 - val 0.220017
Epoch 771/1500 - train 0.112045 - val 0.222749
Epoch 772/1500 - train 0.112380 - val 0.222391
Epoch 773/1500 - train 0.111676 - val 0.230777
Epoch 774/1500 - train 0.111984 - val 0.223630
Epoch 775/1500 - train 0.111533 - val 0.222760
Epoch 776/1500 - train 0.111399 - val 0.222654
Epoch 777/1500 - train 0.111603 - val 0.222402
Epoch 778/1500 - train 0.111598 - val 0.222524
Epoch 779/1500 - train 0.111908 - val 0.223145
Epoch 780/1500 - train 0.111625 - val 0.221049
Epoch 781/1500 - train 0.112021 - val 0.220825
Epoch 782/1500 - train 0.111205 - val 0.224099
Epoch 783/1500 - train 0.112238 - val 0.225583
Epoch 784/1500 - train 0.111488 - val 0.222168
Epoch 785/1500 - train 0.111261 - val 0.222626
Epoch 786/1500 - train 0.111688 - val 0.222245
Epoch 787/1500 - train 0.111150 - val 0.222384
Epoch 788/1500 - train 0.111883 - val 0.221446
Epoch 789/1500 - train 0.111202 - val 0.222045
Epoch 790/1500 - train 0.111407 - val 0.223130
Epoch 791/1500 - train 0.111369 - val 0.222221
Epoch 792/1500 - train 0.111324 - val 0.222574
Epoch 793/1500 - train 0.111808 - val 0.221728
Epoch 794/1500 - train 0.111374 - val 0.223652
Epoch 795/1500 - train 0.111703 - val 0.225858
Epoch 796/1500 - train 0.111173 - val 0.221917
Epoch 797/1500 - train 0.111018 - val 0.221799
Epoch 798/1500 - train 0.111680 - val 0.220776
Epoch 799/1500 - train 0.110877 - val 0.220576
Epoch 800/1500 - train 0.111764 - val 0.221036
Epoch 801/1500 - train 0.110882 - val 0.223241
Epoch 802/1500 - train 0.110835 - val 0.222118
Epoch 803/1500 - train 0.111058 - val 0.222200
Epoch 804/1500 - train 0.110882 - val 0.221671
Epoch 805/1500 - train 0.111904 - val 0.221840
Epoch 806/1500 - train 0.110845 - val 0.220602
Epoch 807/1500 - train 0.111205 - val 0.221672
Epoch 808/1500 - train 0.111899 - val 0.229141
Epoch 809/1500 - train 0.110911 - val 0.223949
Epoch 810/1500 - train 0.110874 - val 0.222221
Epoch 811/1500 - train 0.111347 - val 0.221258
Epoch 812/1500 - train 0.111120 - val 0.223499
Epoch 813/1500 - train 0.111180 - val 0.224091
Epoch 814/1500 - train 0.111039 - val 0.224896
Epoch 815/1500 - train 0.111714 - val 0.225080
Epoch 816/1500 - train 0.111087 - val 0.224012
Epoch 817/1500 - train 0.110579 - val 0.220206
Epoch 818/1500 - train 0.110928 - val 0.219977
Epoch 819/1500 - train 0.111296 - val 0.221975
Epoch 820/1500 - train 0.110553 - val 0.223561
Epoch 821/1500 - train 0.110750 - val 0.220185
Epoch 822/1500 - train 0.110381 - val 0.221517
Epoch 823/1500 - train 0.112245 - val 0.221953
Epoch 824/1500 - train 0.110892 - val 0.221809
Epoch 825/1500 - train 0.110757 - val 0.223753
Epoch 826/1500 - train 0.110826 - val 0.223593
Epoch 827/1500 - train 0.110804 - val 0.222829
Epoch 828/1500 - train 0.110438 - val 0.221128
Epoch 829/1500 - train 0.110557 - val 0.222283
Epoch 830/1500 - train 0.110789 - val 0.219653
Epoch 831/1500 - train 0.111415 - val 0.238246
Epoch 832/1500 - train 0.111397 - val 0.220334
Epoch 833/1500 - train 0.109722 - val 0.220263
Epoch 834/1500 - train 0.110468 - val 0.220449
Epoch 835/1500 - train 0.110608 - val 0.222899
Epoch 836/1500 - train 0.110696 - val 0.223478
Epoch 837/1500 - train 0.110265 - val 0.221577
Epoch 838/1500 - train 0.110580 - val 0.223549
Epoch 839/1500 - train 0.110514 - val 0.220739
Epoch 840/1500 - train 0.110319 - val 0.221719
Epoch 841/1500 - train 0.111253 - val 0.221027
Epoch 842/1500 - train 0.110254 - val 0.222539
Epoch 843/1500 - train 0.110265 - val 0.222297
Epoch 844/1500 - train 0.110286 - val 0.221968
Epoch 845/1500 - train 0.110740 - val 0.220970
Epoch 846/1500 - train 0.110729 - val 0.222684
Epoch 847/1500 - train 0.110180 - val 0.221998
Epoch 848/1500 - train 0.110335 - val 0.222247
Epoch 849/1500 - train 0.110305 - val 0.222292
Epoch 850/1500 - train 0.110873 - val 0.221004
Epoch 851/1500 - train 0.110086 - val 0.224261
Epoch 852/1500 - train 0.110642 - val 0.222306
Epoch 853/1500 - train 0.110856 - val 0.224622
Epoch 854/1500 - train 0.109768 - val 0.223753
Epoch 855/1500 - train 0.109909 - val 0.221471
Epoch 856/1500 - train 0.110581 - val 0.221942
Epoch 857/1500 - train 0.110628 - val 0.220748
Epoch 858/1500 - train 0.109768 - val 0.223155
Epoch 859/1500 - train 0.110911 - val 0.220667
Epoch 860/1500 - train 0.110211 - val 0.221208
Epoch 861/1500 - train 0.109790 - val 0.221984
Epoch 862/1500 - train 0.111409 - val 0.219332
Epoch 863/1500 - train 0.109586 - val 0.224686
Epoch 864/1500 - train 0.110160 - val 0.220489
Epoch 865/1500 - train 0.109842 - val 0.221398
Epoch 866/1500 - train 0.111110 - val 0.222496
Epoch 867/1500 - train 0.110236 - val 0.222326
Epoch 868/1500 - train 0.109448 - val 0.220036
Epoch 869/1500 - train 0.109839 - val 0.222814
Epoch 870/1500 - train 0.109925 - val 0.221261
Epoch 871/1500 - train 0.110622 - val 0.221985
Epoch 872/1500 - train 0.109991 - val 0.223699
Epoch 873/1500 - train 0.110257 - val 0.221054
Epoch 874/1500 - train 0.109852 - val 0.223629
Epoch 875/1500 - train 0.109726 - val 0.220130
Epoch 876/1500 - train 0.110398 - val 0.222964
Epoch 877/1500 - train 0.109650 - val 0.221675
Epoch 878/1500 - train 0.110212 - val 0.222969
Epoch 879/1500 - train 0.109533 - val 0.221276
Epoch 880/1500 - train 0.109871 - val 0.224151
Epoch 881/1500 - train 0.109911 - val 0.220425
Epoch 882/1500 - train 0.109418 - val 0.221246
Epoch 883/1500 - train 0.109725 - val 0.226586
Epoch 884/1500 - train 0.110509 - val 0.225400
Epoch 885/1500 - train 0.109407 - val 0.220114
Epoch 886/1500 - train 0.110139 - val 0.221918
Epoch 887/1500 - train 0.110107 - val 0.220869
Epoch 888/1500 - train 0.110046 - val 0.222685
Epoch 889/1500 - train 0.110233 - val 0.222778
Epoch 890/1500 - train 0.109449 - val 0.226789
Epoch 891/1500 - train 0.109905 - val 0.226482
Epoch 892/1500 - train 0.109126 - val 0.222894
Epoch 893/1500 - train 0.109815 - val 0.220146
Epoch 894/1500 - train 0.109744 - val 0.223023
Epoch 895/1500 - train 0.109259 - val 0.220730
Epoch 896/1500 - train 0.109783 - val 0.222690
Epoch 897/1500 - train 0.109266 - val 0.220822
Epoch 898/1500 - train 0.109680 - val 0.221276
Epoch 899/1500 - train 0.109865 - val 0.224303
Epoch 900/1500 - train 0.109429 - val 0.222642
Epoch 901/1500 - train 0.110026 - val 0.222064
Epoch 902/1500 - train 0.109819 - val 0.220224
Epoch 903/1500 - train 0.109033 - val 0.224775
Epoch 904/1500 - train 0.109474 - val 0.222936
Epoch 905/1500 - train 0.109509 - val 0.221248
Epoch 906/1500 - train 0.109299 - val 0.221311
Epoch 907/1500 - train 0.109447 - val 0.222292
Epoch 908/1500 - train 0.110002 - val 0.221296
Epoch 909/1500 - train 0.108947 - val 0.222011
Epoch 910/1500 - train 0.109317 - val 0.232725
Epoch 911/1500 - train 0.109702 - val 0.223778
Epoch 912/1500 - train 0.110156 - val 0.227266
Epoch 913/1500 - train 0.108922 - val 0.221380
Epoch 914/1500 - train 0.109617 - val 0.226143
Epoch 915/1500 - train 0.109085 - val 0.221913
Epoch 916/1500 - train 0.109205 - val 0.220769
Epoch 917/1500 - train 0.109210 - val 0.223253
Epoch 918/1500 - train 0.109387 - val 0.224158
Epoch 919/1500 - train 0.109042 - val 0.221252
Epoch 920/1500 - train 0.109433 - val 0.222085
Epoch 921/1500 - train 0.109628 - val 0.221659
Epoch 922/1500 - train 0.109760 - val 0.221081
Epoch 923/1500 - train 0.108431 - val 0.222705
Epoch 924/1500 - train 0.109520 - val 0.220952
Epoch 925/1500 - train 0.109501 - val 0.220782
Epoch 926/1500 - train 0.108812 - val 0.226742
Epoch 927/1500 - train 0.109037 - val 0.222445
Epoch 928/1500 - train 0.109057 - val 0.221607
Epoch 929/1500 - train 0.109078 - val 0.219934
Epoch 930/1500 - train 0.108982 - val 0.221222
Epoch 931/1500 - train 0.109252 - val 0.221223
Epoch 932/1500 - train 0.109058 - val 0.220020
Epoch 933/1500 - train 0.108977 - val 0.221863
Epoch 934/1500 - train 0.109413 - val 0.221637
Epoch 935/1500 - train 0.108901 - val 0.220899
Epoch 936/1500 - train 0.109088 - val 0.224240
Epoch 937/1500 - train 0.108907 - val 0.221168
Epoch 938/1500 - train 0.108779 - val 0.221529
Epoch 939/1500 - train 0.108684 - val 0.221412
Epoch 940/1500 - train 0.108684 - val 0.222111
Epoch 941/1500 - train 0.108872 - val 0.224472
Epoch 942/1500 - train 0.108996 - val 0.223677
Epoch 943/1500 - train 0.108851 - val 0.223390
Epoch 944/1500 - train 0.109155 - val 0.221822
Epoch 945/1500 - train 0.108922 - val 0.222926
Epoch 946/1500 - train 0.108712 - val 0.225415
Epoch 947/1500 - train 0.109089 - val 0.220185
Epoch 948/1500 - train 0.108487 - val 0.220080
Epoch 949/1500 - train 0.109206 - val 0.221261
Epoch 950/1500 - train 0.108417 - val 0.220881
Epoch 951/1500 - train 0.108610 - val 0.221056
Epoch 952/1500 - train 0.108636 - val 0.220633
Epoch 953/1500 - train 0.109164 - val 0.219721
Epoch 954/1500 - train 0.108850 - val 0.221267
Epoch 955/1500 - train 0.108720 - val 0.220612
Epoch 956/1500 - train 0.108573 - val 0.221993
Epoch 957/1500 - train 0.108860 - val 0.222552
Epoch 958/1500 - train 0.108313 - val 0.222679
Epoch 959/1500 - train 0.108137 - val 0.221800
Epoch 960/1500 - train 0.109248 - val 0.223007
Epoch 961/1500 - train 0.107800 - val 0.222150
Epoch 962/1500 - train 0.108783 - val 0.222277
Epoch 963/1500 - train 0.108466 - val 0.220819
Epoch 964/1500 - train 0.109114 - val 0.229894
Epoch 965/1500 - train 0.108339 - val 0.224853
Epoch 966/1500 - train 0.108633 - val 0.236207
Epoch 967/1500 - train 0.108668 - val 0.228851
Epoch 968/1500 - train 0.108661 - val 0.219841
Epoch 969/1500 - train 0.107901 - val 0.222418
Epoch 970/1500 - train 0.108287 - val 0.222223
Epoch 971/1500 - train 0.108308 - val 0.222442
Epoch 972/1500 - train 0.108464 - val 0.221915
Epoch 973/1500 - train 0.108329 - val 0.222811
Epoch 974/1500 - train 0.108189 - val 0.220947
Epoch 975/1500 - train 0.108026 - val 0.222893
Epoch 976/1500 - train 0.108888 - val 0.222404
Epoch 977/1500 - train 0.108489 - val 0.223645
Epoch 978/1500 - train 0.108612 - val 0.220254
Epoch 979/1500 - train 0.108105 - val 0.222606
Epoch 980/1500 - train 0.108030 - val 0.224522
Epoch 981/1500 - train 0.108891 - val 0.219681
Epoch 982/1500 - train 0.108244 - val 0.222319
Epoch 983/1500 - train 0.108037 - val 0.220218
Epoch 984/1500 - train 0.108521 - val 0.221608
Epoch 985/1500 - train 0.108347 - val 0.222770
Epoch 986/1500 - train 0.108603 - val 0.219819
Epoch 987/1500 - train 0.109232 - val 0.220536
Epoch 988/1500 - train 0.108063 - val 0.220805
Epoch 989/1500 - train 0.108531 - val 0.224345
Epoch 990/1500 - train 0.108732 - val 0.225178
Epoch 991/1500 - train 0.107963 - val 0.221185
Epoch 992/1500 - train 0.107665 - val 0.223098
Epoch 993/1500 - train 0.107758 - val 0.223986
Epoch 994/1500 - train 0.108448 - val 0.222666
Epoch 995/1500 - train 0.108312 - val 0.220811
Epoch 996/1500 - train 0.108156 - val 0.221502
Epoch 997/1500 - train 0.107848 - val 0.220856
Epoch 998/1500 - train 0.107960 - val 0.224408
Epoch 999/1500 - train 0.108165 - val 0.219936
Epoch 1000/1500 - train 0.107870 - val 0.221747
Epoch 1001/1500 - train 0.108265 - val 0.221671
Epoch 1002/1500 - train 0.108165 - val 0.225670
Epoch 1003/1500 - train 0.108031 - val 0.221011
Epoch 1004/1500 - train 0.108315 - val 0.222082
Epoch 1005/1500 - train 0.107737 - val 0.220286
Epoch 1006/1500 - train 0.108429 - val 0.224218
Epoch 1007/1500 - train 0.108192 - val 0.223061
Epoch 1008/1500 - train 0.107436 - val 0.220213
Epoch 1009/1500 - train 0.108044 - val 0.220906
Epoch 1010/1500 - train 0.107558 - val 0.221753
Epoch 1011/1500 - train 0.108296 - val 0.224542
Epoch 1012/1500 - train 0.108147 - val 0.221433
Epoch 1013/1500 - train 0.107582 - val 0.220383
Epoch 1014/1500 - train 0.107745 - val 0.224765
Epoch 1015/1500 - train 0.107527 - val 0.222710
Epoch 1016/1500 - train 0.107669 - val 0.223175
Epoch 1017/1500 - train 0.107551 - val 0.223111
Epoch 1018/1500 - train 0.107665 - val 0.221251
Epoch 1019/1500 - train 0.107551 - val 0.223076
Epoch 1020/1500 - train 0.107963 - val 0.221945
Epoch 1021/1500 - train 0.107552 - val 0.220327
Epoch 1022/1500 - train 0.107688 - val 0.222725
Epoch 1023/1500 - train 0.107662 - val 0.220862
Epoch 1024/1500 - train 0.107687 - val 0.222594
Epoch 1025/1500 - train 0.107956 - val 0.222812
Epoch 1026/1500 - train 0.107560 - val 0.220725
Epoch 1027/1500 - train 0.108554 - val 0.222975
Epoch 1028/1500 - train 0.107116 - val 0.224648
Epoch 1029/1500 - train 0.107961 - val 0.222601
Epoch 1030/1500 - train 0.107756 - val 0.222341
Epoch 1031/1500 - train 0.107245 - val 0.220813
Epoch 1032/1500 - train 0.108204 - val 0.220784
Epoch 1033/1500 - train 0.107734 - val 0.225665
Epoch 1034/1500 - train 0.107168 - val 0.222671
Epoch 1035/1500 - train 0.107641 - val 0.220923
Epoch 1036/1500 - train 0.107865 - val 0.220431
Epoch 1037/1500 - train 0.107286 - val 0.220526
Epoch 1038/1500 - train 0.107576 - val 0.222544
Epoch 1039/1500 - train 0.107670 - val 0.220530
Epoch 1040/1500 - train 0.107242 - val 0.221202
Epoch 1041/1500 - train 0.107070 - val 0.221633
Epoch 1042/1500 - train 0.107279 - val 0.221833
Epoch 1043/1500 - train 0.107463 - val 0.221937
Epoch 1044/1500 - train 0.107604 - val 0.220988
Epoch 1045/1500 - train 0.108057 - val 0.220365
Epoch 1046/1500 - train 0.107028 - val 0.224999
Epoch 1047/1500 - train 0.107435 - val 0.221094
Epoch 1048/1500 - train 0.107558 - val 0.219114
Epoch 1049/1500 - train 0.107201 - val 0.221568
Epoch 1050/1500 - train 0.108078 - val 0.222266
Epoch 1051/1500 - train 0.106888 - val 0.221050
Epoch 1052/1500 - train 0.106934 - val 0.220539
Epoch 1053/1500 - train 0.107652 - val 0.221274
Epoch 1054/1500 - train 0.107107 - val 0.219612
Epoch 1055/1500 - train 0.106930 - val 0.222058
Epoch 1056/1500 - train 0.107670 - val 0.225011
Epoch 1057/1500 - train 0.107641 - val 0.220327
Epoch 1058/1500 - train 0.107243 - val 0.219813
Epoch 1059/1500 - train 0.106561 - val 0.221161
Epoch 1060/1500 - train 0.106952 - val 0.221250
Epoch 1061/1500 - train 0.107406 - val 0.220386
Epoch 1062/1500 - train 0.107546 - val 0.222810
Epoch 1063/1500 - train 0.106916 - val 0.221546
Epoch 1064/1500 - train 0.107005 - val 0.222117
Epoch 1065/1500 - train 0.107312 - val 0.224896
Epoch 1066/1500 - train 0.107407 - val 0.223647
Epoch 1067/1500 - train 0.106683 - val 0.222246
Epoch 1068/1500 - train 0.107679 - val 0.220322
Epoch 1069/1500 - train 0.106745 - val 0.222529
Epoch 1070/1500 - train 0.107066 - val 0.220878
Epoch 1071/1500 - train 0.107681 - val 0.222413
Epoch 1072/1500 - train 0.107176 - val 0.222340
Epoch 1073/1500 - train 0.106919 - val 0.221362
Epoch 1074/1500 - train 0.106490 - val 0.221230
Epoch 1075/1500 - train 0.107407 - val 0.221477
Epoch 1076/1500 - train 0.107156 - val 0.220511
Epoch 1077/1500 - train 0.108052 - val 0.219347
Epoch 1078/1500 - train 0.106647 - val 0.221906
Epoch 1079/1500 - train 0.106630 - val 0.222223
Epoch 1080/1500 - train 0.106955 - val 0.221294
Epoch 1081/1500 - train 0.108420 - val 0.220369
Epoch 1082/1500 - train 0.106351 - val 0.222215
Epoch 1083/1500 - train 0.106929 - val 0.220443
Epoch 1084/1500 - train 0.107428 - val 0.226160
Epoch 1085/1500 - train 0.106653 - val 0.221043
Epoch 1086/1500 - train 0.107082 - val 0.222386
Epoch 1087/1500 - train 0.106776 - val 0.219426
Epoch 1088/1500 - train 0.106629 - val 0.220923
Epoch 1089/1500 - train 0.107200 - val 0.221357
Epoch 1090/1500 - train 0.106601 - val 0.221281
Epoch 1091/1500 - train 0.107005 - val 0.221876
Epoch 1092/1500 - train 0.106764 - val 0.221122
Epoch 1093/1500 - train 0.107562 - val 0.225795
Epoch 1094/1500 - train 0.106199 - val 0.220901
Epoch 1095/1500 - train 0.107105 - val 0.225928
Epoch 1096/1500 - train 0.107468 - val 0.222314
Epoch 1097/1500 - train 0.106355 - val 0.220313
Epoch 1098/1500 - train 0.106857 - val 0.222823
Epoch 1099/1500 - train 0.107158 - val 0.224026
Epoch 1100/1500 - train 0.106948 - val 0.221361
Epoch 1101/1500 - train 0.106759 - val 0.224017
Epoch 1102/1500 - train 0.106366 - val 0.220529
Epoch 1103/1500 - train 0.106397 - val 0.224053
Epoch 1104/1500 - train 0.106967 - val 0.221226
Epoch 1105/1500 - train 0.106671 - val 0.225544
Epoch 1106/1500 - train 0.106561 - val 0.220584
Epoch 1107/1500 - train 0.106489 - val 0.221530
Epoch 1108/1500 - train 0.106796 - val 0.220401
Epoch 1109/1500 - train 0.106098 - val 0.219905
Epoch 1110/1500 - train 0.106288 - val 0.221346
Epoch 1111/1500 - train 0.106383 - val 0.220199
Epoch 1112/1500 - train 0.106455 - val 0.222993
Epoch 1113/1500 - train 0.107183 - val 0.222058
Epoch 1114/1500 - train 0.106142 - val 0.219200
Epoch 1115/1500 - train 0.106484 - val 0.222761
Epoch 1116/1500 - train 0.106776 - val 0.221611
Epoch 1117/1500 - train 0.107408 - val 0.221329
Epoch 1118/1500 - train 0.105953 - val 0.221735
Epoch 1119/1500 - train 0.106791 - val 0.222637
Epoch 1120/1500 - train 0.106372 - val 0.220838
Epoch 1121/1500 - train 0.106770 - val 0.219866
Epoch 1122/1500 - train 0.106124 - val 0.222215
Epoch 1123/1500 - train 0.106774 - val 0.222868
Epoch 1124/1500 - train 0.106416 - val 0.220865
Epoch 1125/1500 - train 0.106075 - val 0.220366
Epoch 1126/1500 - train 0.106503 - val 0.220959
Epoch 1127/1500 - train 0.106237 - val 0.222846
Epoch 1128/1500 - train 0.106407 - val 0.223933
Epoch 1129/1500 - train 0.106740 - val 0.220040
Epoch 1130/1500 - train 0.106039 - val 0.226100
Epoch 1131/1500 - train 0.106929 - val 0.220404
Epoch 1132/1500 - train 0.106055 - val 0.223721
Epoch 1133/1500 - train 0.106025 - val 0.220676
Epoch 1134/1500 - train 0.106427 - val 0.221447
Epoch 1135/1500 - train 0.106531 - val 0.222673
Epoch 1136/1500 - train 0.106618 - val 0.221271
Epoch 1137/1500 - train 0.106607 - val 0.221191
Epoch 1138/1500 - train 0.106178 - val 0.222302
Epoch 1139/1500 - train 0.106492 - val 0.221726
Epoch 1140/1500 - train 0.105918 - val 0.219029
Epoch 1141/1500 - train 0.106874 - val 0.221700
Epoch 1142/1500 - train 0.106157 - val 0.223262
Epoch 1143/1500 - train 0.106228 - val 0.221353
Epoch 1144/1500 - train 0.106408 - val 0.222539
Epoch 1145/1500 - train 0.106068 - val 0.221357
Epoch 1146/1500 - train 0.106415 - val 0.223790
Epoch 1147/1500 - train 0.106275 - val 0.221430
Epoch 1148/1500 - train 0.106342 - val 0.221389
Epoch 1149/1500 - train 0.105742 - val 0.220816
Epoch 1150/1500 - train 0.106404 - val 0.221907
Epoch 1151/1500 - train 0.105941 - val 0.221979
Epoch 1152/1500 - train 0.106769 - val 0.221636
Epoch 1153/1500 - train 0.105880 - val 0.220945
Epoch 1154/1500 - train 0.106647 - val 0.229366
Epoch 1155/1500 - train 0.105704 - val 0.221803
Epoch 1156/1500 - train 0.106097 - val 0.221615
Epoch 1157/1500 - train 0.105704 - val 0.220797
Epoch 1158/1500 - train 0.106166 - val 0.219782
Epoch 1159/1500 - train 0.106034 - val 0.246840
Epoch 1160/1500 - train 0.106754 - val 0.219752
Epoch 1161/1500 - train 0.106368 - val 0.222127
Epoch 1162/1500 - train 0.105480 - val 0.220382
Epoch 1163/1500 - train 0.106255 - val 0.222094
Epoch 1164/1500 - train 0.106024 - val 0.219884
Epoch 1165/1500 - train 0.106326 - val 0.219343
Epoch 1166/1500 - train 0.106043 - val 0.222021
Epoch 1167/1500 - train 0.105956 - val 0.222248
Epoch 1168/1500 - train 0.106013 - val 0.222028
Epoch 1169/1500 - train 0.105581 - val 0.220807
Epoch 1170/1500 - train 0.106447 - val 0.222292
Epoch 1171/1500 - train 0.105279 - val 0.223250
Epoch 1172/1500 - train 0.105944 - val 0.222336
Epoch 1173/1500 - train 0.106283 - val 0.222883
Epoch 1174/1500 - train 0.105427 - val 0.223103
Epoch 1175/1500 - train 0.105676 - val 0.221569
Epoch 1176/1500 - train 0.106053 - val 0.223539
Epoch 1177/1500 - train 0.105920 - val 0.222622
Epoch 1178/1500 - train 0.106041 - val 0.222044
Epoch 1179/1500 - train 0.106343 - val 0.219337
Epoch 1180/1500 - train 0.106795 - val 0.220302
Epoch 1181/1500 - train 0.105386 - val 0.230856
Epoch 1182/1500 - train 0.106176 - val 0.219971
Epoch 1183/1500 - train 0.105676 - val 0.220204
Epoch 1184/1500 - train 0.105538 - val 0.219827
Epoch 1185/1500 - train 0.105703 - val 0.221823
Epoch 1186/1500 - train 0.105448 - val 0.221933
Epoch 1187/1500 - train 0.106106 - val 0.219462
Epoch 1188/1500 - train 0.105420 - val 0.222377
Epoch 1189/1500 - train 0.105995 - val 0.222168
Epoch 1190/1500 - train 0.105590 - val 0.221398
Epoch 1191/1500 - train 0.106039 - val 0.222799
Epoch 1192/1500 - train 0.105575 - val 0.220878
Epoch 1193/1500 - train 0.105768 - val 0.223162
Epoch 1194/1500 - train 0.105382 - val 0.221456
Epoch 1195/1500 - train 0.105655 - val 0.225905
Epoch 1196/1500 - train 0.105969 - val 0.226349
Epoch 1197/1500 - train 0.105578 - val 0.220878
Epoch 1198/1500 - train 0.106430 - val 0.223589
Epoch 1199/1500 - train 0.105838 - val 0.219611
Epoch 1200/1500 - train 0.105164 - val 0.220902
Epoch 1201/1500 - train 0.105718 - val 0.221697
Epoch 1202/1500 - train 0.105939 - val 0.220619
Epoch 1203/1500 - train 0.105476 - val 0.220692
Epoch 1204/1500 - train 0.105558 - val 0.223739
Epoch 1205/1500 - train 0.106006 - val 0.222508
Epoch 1206/1500 - train 0.106026 - val 0.221188
Epoch 1207/1500 - train 0.105328 - val 0.220966
Epoch 1208/1500 - train 0.105430 - val 0.223107
Epoch 1209/1500 - train 0.105455 - val 0.221030
Epoch 1210/1500 - train 0.105498 - val 0.223428
Epoch 1211/1500 - train 0.105633 - val 0.227686
Epoch 1212/1500 - train 0.105740 - val 0.220622
Epoch 1213/1500 - train 0.105604 - val 0.221552
Epoch 1214/1500 - train 0.105359 - val 0.224040
Epoch 1215/1500 - train 0.106470 - val 0.225285
Epoch 1216/1500 - train 0.105018 - val 0.221568
Epoch 1217/1500 - train 0.104967 - val 0.222730
Epoch 1218/1500 - train 0.105416 - val 0.222638
Epoch 1219/1500 - train 0.105814 - val 0.225610
Epoch 1220/1500 - train 0.104692 - val 0.222001
Epoch 1221/1500 - train 0.105608 - val 0.221250
Epoch 1222/1500 - train 0.105649 - val 0.221543
Epoch 1223/1500 - train 0.106077 - val 0.223798
Epoch 1224/1500 - train 0.105415 - val 0.222634
Epoch 1225/1500 - train 0.105171 - val 0.221671
Epoch 1226/1500 - train 0.105131 - val 0.221994
Epoch 1227/1500 - train 0.105283 - val 0.221244
Epoch 1228/1500 - train 0.104761 - val 0.219425
Epoch 1229/1500 - train 0.105644 - val 0.221331
Epoch 1230/1500 - train 0.105101 - val 0.220311
Epoch 1231/1500 - train 0.105699 - val 0.221831
Epoch 1232/1500 - train 0.105059 - val 0.221630
Epoch 1233/1500 - train 0.105215 - val 0.222447
Epoch 1234/1500 - train 0.105000 - val 0.221484
Epoch 1235/1500 - train 0.105183 - val 0.219387
Epoch 1236/1500 - train 0.105696 - val 0.222783
Epoch 1237/1500 - train 0.105591 - val 0.220577
Epoch 1238/1500 - train 0.105217 - val 0.223921
Epoch 1239/1500 - train 0.105679 - val 0.221133
Epoch 1240/1500 - train 0.104969 - val 0.220652
Epoch 1241/1500 - train 0.104769 - val 0.222576
Epoch 1242/1500 - train 0.105057 - val 0.223556
Epoch 1243/1500 - train 0.105366 - val 0.221106
Epoch 1244/1500 - train 0.105696 - val 0.221132
Epoch 1245/1500 - train 0.104891 - val 0.227732
Epoch 1246/1500 - train 0.105199 - val 0.223475
Epoch 1247/1500 - train 0.104854 - val 0.221768
Epoch 1248/1500 - train 0.105036 - val 0.230267
Epoch 1249/1500 - train 0.105370 - val 0.221983
Epoch 1250/1500 - train 0.104917 - val 0.223089
Epoch 1251/1500 - train 0.105551 - val 0.221698
Epoch 1252/1500 - train 0.104996 - val 0.223907
Epoch 1253/1500 - train 0.105923 - val 0.223026
Epoch 1254/1500 - train 0.104921 - val 0.220485
Epoch 1255/1500 - train 0.105019 - val 0.224823
Epoch 1256/1500 - train 0.104903 - val 0.222288
Epoch 1257/1500 - train 0.104824 - val 0.220189
Epoch 1258/1500 - train 0.105157 - val 0.221217
Epoch 1259/1500 - train 0.104610 - val 0.222032
Epoch 1260/1500 - train 0.104449 - val 0.223275
Epoch 1261/1500 - train 0.105182 - val 0.224552
Epoch 1262/1500 - train 0.105122 - val 0.221801
Epoch 1263/1500 - train 0.104592 - val 0.224113
Epoch 1264/1500 - train 0.105291 - val 0.226758
Epoch 1265/1500 - train 0.104657 - val 0.223283
Epoch 1266/1500 - train 0.105213 - val 0.220932
Epoch 1267/1500 - train 0.105104 - val 0.220200
Epoch 1268/1500 - train 0.105104 - val 0.218453
Epoch 1269/1500 - train 0.105091 - val 0.221734
Epoch 1270/1500 - train 0.104816 - val 0.220636
Epoch 1271/1500 - train 0.104378 - val 0.227751
Epoch 1272/1500 - train 0.104978 - val 0.223292
Epoch 1273/1500 - train 0.104735 - val 0.222410
Epoch 1274/1500 - train 0.104651 - val 0.221497
Epoch 1275/1500 - train 0.105002 - val 0.219522
Epoch 1276/1500 - train 0.105063 - val 0.220676
Epoch 1277/1500 - train 0.104896 - val 0.222574
Epoch 1278/1500 - train 0.104628 - val 0.221541
Epoch 1279/1500 - train 0.104666 - val 0.224336
Epoch 1280/1500 - train 0.105131 - val 0.220782
Epoch 1281/1500 - train 0.105931 - val 0.220675
Epoch 1282/1500 - train 0.104027 - val 0.221727
Epoch 1283/1500 - train 0.104831 - val 0.221159
Epoch 1284/1500 - train 0.105012 - val 0.222644
Epoch 1285/1500 - train 0.104522 - val 0.219988
Epoch 1286/1500 - train 0.105024 - val 0.221692
Epoch 1287/1500 - train 0.104648 - val 0.220158
Epoch 1288/1500 - train 0.105173 - val 0.220420
Epoch 1289/1500 - train 0.104196 - val 0.223999
Epoch 1290/1500 - train 0.104703 - val 0.222832
Epoch 1291/1500 - train 0.104875 - val 0.226086
Epoch 1292/1500 - train 0.104484 - val 0.221067
Epoch 1293/1500 - train 0.104698 - val 0.220412
Epoch 1294/1500 - train 0.104701 - val 0.221457
Epoch 1295/1500 - train 0.104612 - val 0.221028
Epoch 1296/1500 - train 0.104652 - val 0.218905
Epoch 1297/1500 - train 0.104757 - val 0.219934
Epoch 1298/1500 - train 0.104794 - val 0.222083
Epoch 1299/1500 - train 0.104631 - val 0.222409
Epoch 1300/1500 - train 0.104208 - val 0.222428
Epoch 1301/1500 - train 0.104691 - val 0.219047
Epoch 1302/1500 - train 0.105011 - val 0.221162
Epoch 1303/1500 - train 0.104560 - val 0.222983
Epoch 1304/1500 - train 0.105017 - val 0.223528
Epoch 1305/1500 - train 0.104471 - val 0.220146
Epoch 1306/1500 - train 0.104489 - val 0.227388
Epoch 1307/1500 - train 0.104042 - val 0.220143
Epoch 1308/1500 - train 0.104704 - val 0.219925
Epoch 1309/1500 - train 0.104462 - val 0.222503
Epoch 1310/1500 - train 0.104905 - val 0.221297
Epoch 1311/1500 - train 0.104909 - val 0.220342
Epoch 1312/1500 - train 0.104853 - val 0.220728
Epoch 1313/1500 - train 0.104343 - val 0.222869
Epoch 1314/1500 - train 0.104834 - val 0.221587
Epoch 1315/1500 - train 0.104066 - val 0.221154
Epoch 1316/1500 - train 0.104537 - val 0.220381
Epoch 1317/1500 - train 0.104584 - val 0.221288
Epoch 1318/1500 - train 0.104340 - val 0.221848
Epoch 1319/1500 - train 0.104241 - val 0.221361
Epoch 1320/1500 - train 0.104470 - val 0.221802
Epoch 1321/1500 - train 0.104257 - val 0.221385
Epoch 1322/1500 - train 0.104386 - val 0.220825
Epoch 1323/1500 - train 0.104516 - val 0.219956
Epoch 1324/1500 - train 0.104948 - val 0.220176
Epoch 1325/1500 - train 0.103953 - val 0.221472
Epoch 1326/1500 - train 0.104477 - val 0.223268
Epoch 1327/1500 - train 0.104613 - val 0.222031
Epoch 1328/1500 - train 0.104705 - val 0.220714
Epoch 1329/1500 - train 0.104430 - val 0.222654
Epoch 1330/1500 - train 0.104184 - val 0.227539
Epoch 1331/1500 - train 0.104116 - val 0.221844
Epoch 1332/1500 - train 0.104311 - val 0.225746
Epoch 1333/1500 - train 0.104149 - val 0.221627
Epoch 1334/1500 - train 0.104466 - val 0.224836
Epoch 1335/1500 - train 0.104583 - val 0.219622
Epoch 1336/1500 - train 0.104243 - val 0.220542
Epoch 1337/1500 - train 0.104504 - val 0.218470
Epoch 1338/1500 - train 0.104350 - val 0.221866
Epoch 1339/1500 - train 0.104382 - val 0.224586
Epoch 1340/1500 - train 0.103912 - val 0.220787
Epoch 1341/1500 - train 0.104433 - val 0.219822
Epoch 1342/1500 - train 0.104230 - val 0.221953
Epoch 1343/1500 - train 0.103651 - val 0.222502
Epoch 1344/1500 - train 0.104461 - val 0.222401
Epoch 1345/1500 - train 0.103974 - val 0.221003
Epoch 1346/1500 - train 0.104082 - val 0.225795
Epoch 1347/1500 - train 0.104657 - val 0.222768
Epoch 1348/1500 - train 0.103233 - val 0.219146
Epoch 1349/1500 - train 0.104332 - val 0.221346
Epoch 1350/1500 - train 0.104016 - val 0.221569
Epoch 1351/1500 - train 0.104069 - val 0.219613
Epoch 1352/1500 - train 0.104604 - val 0.221325
Epoch 1353/1500 - train 0.103718 - val 0.222188
Epoch 1354/1500 - train 0.104256 - val 0.221800
Epoch 1355/1500 - train 0.104310 - val 0.222968
Epoch 1356/1500 - train 0.104072 - val 0.220336
Epoch 1357/1500 - train 0.104107 - val 0.222086
Epoch 1358/1500 - train 0.103667 - val 0.221928
Epoch 1359/1500 - train 0.104545 - val 0.223296
Epoch 1360/1500 - train 0.103919 - val 0.224235
Epoch 1361/1500 - train 0.103843 - val 0.221522
Epoch 1362/1500 - train 0.104399 - val 0.220844
Epoch 1363/1500 - train 0.103892 - val 0.220058
Epoch 1364/1500 - train 0.103764 - val 0.224685
Epoch 1365/1500 - train 0.104432 - val 0.222390
Epoch 1366/1500 - train 0.104119 - val 0.223573
Epoch 1367/1500 - train 0.104403 - val 0.220946
Epoch 1368/1500 - train 0.103967 - val 0.223351
Epoch 1369/1500 - train 0.104244 - val 0.219353
Epoch 1370/1500 - train 0.103552 - val 0.225013
Epoch 1371/1500 - train 0.104426 - val 0.220895
Epoch 1372/1500 - train 0.104169 - val 0.220337
Epoch 1373/1500 - train 0.103728 - val 0.219337
Epoch 1374/1500 - train 0.103903 - val 0.220410
Epoch 1375/1500 - train 0.104021 - val 0.221629
Epoch 1376/1500 - train 0.103617 - val 0.221415
Epoch 1377/1500 - train 0.104191 - val 0.224819
Epoch 1378/1500 - train 0.103527 - val 0.222309
Epoch 1379/1500 - train 0.104422 - val 0.224697
Epoch 1380/1500 - train 0.103529 - val 0.220946
Epoch 1381/1500 - train 0.103905 - val 0.228775
Epoch 1382/1500 - train 0.103908 - val 0.222994
Epoch 1383/1500 - train 0.103821 - val 0.222724
Epoch 1384/1500 - train 0.103983 - val 0.224201
Epoch 1385/1500 - train 0.104180 - val 0.219889
Epoch 1386/1500 - train 0.103484 - val 0.220423
Epoch 1387/1500 - train 0.103666 - val 0.220587
Epoch 1388/1500 - train 0.103824 - val 0.219864
Epoch 1389/1500 - train 0.104351 - val 0.221876
Epoch 1390/1500 - train 0.103953 - val 0.222392
Epoch 1391/1500 - train 0.103522 - val 0.222630
Epoch 1392/1500 - train 0.104092 - val 0.221344
Epoch 1393/1500 - train 0.104308 - val 0.221084
Epoch 1394/1500 - train 0.103890 - val 0.223342
Epoch 1395/1500 - train 0.103704 - val 0.222378
Epoch 1396/1500 - train 0.103770 - val 0.219515
Epoch 1397/1500 - train 0.103612 - val 0.221291
Epoch 1398/1500 - train 0.104315 - val 0.220981
Epoch 1399/1500 - train 0.103076 - val 0.221356
Epoch 1400/1500 - train 0.103780 - val 0.222987
Epoch 1401/1500 - train 0.104032 - val 0.222738
Epoch 1402/1500 - train 0.103580 - val 0.221333
Epoch 1403/1500 - train 0.104121 - val 0.221944
Epoch 1404/1500 - train 0.103985 - val 0.221215
Epoch 1405/1500 - train 0.103742 - val 0.221137
Epoch 1406/1500 - train 0.103337 - val 0.221862
Epoch 1407/1500 - train 0.103105 - val 0.220947
Epoch 1408/1500 - train 0.103181 - val 0.222594
Epoch 1409/1500 - train 0.103454 - val 0.219903
Epoch 1410/1500 - train 0.103365 - val 0.219702
Epoch 1411/1500 - train 0.103402 - val 0.222151
Epoch 1412/1500 - train 0.103942 - val 0.222272
Epoch 1413/1500 - train 0.103277 - val 0.221075
Epoch 1414/1500 - train 0.103595 - val 0.222555
Epoch 1415/1500 - train 0.103337 - val 0.220223
Epoch 1416/1500 - train 0.103989 - val 0.221368
Epoch 1417/1500 - train 0.103143 - val 0.222020
Epoch 1418/1500 - train 0.103748 - val 0.222126
Epoch 1419/1500 - train 0.103439 - val 0.222110
Epoch 1420/1500 - train 0.103305 - val 0.222703
Epoch 1421/1500 - train 0.103470 - val 0.221347
Epoch 1422/1500 - train 0.103232 - val 0.224826
Epoch 1423/1500 - train 0.103500 - val 0.232344
Epoch 1424/1500 - train 0.103972 - val 0.221643
Epoch 1425/1500 - train 0.103227 - val 0.221285
Epoch 1426/1500 - train 0.103806 - val 0.221186
Epoch 1427/1500 - train 0.103603 - val 0.220393
Epoch 1428/1500 - train 0.103066 - val 0.221615
Epoch 1429/1500 - train 0.103134 - val 0.222273
Epoch 1430/1500 - train 0.103095 - val 0.221405
Epoch 1431/1500 - train 0.103249 - val 0.221508
Epoch 1432/1500 - train 0.103973 - val 0.220043
Epoch 1433/1500 - train 0.103031 - val 0.221066
Epoch 1434/1500 - train 0.103356 - val 0.223485
Epoch 1435/1500 - train 0.104131 - val 0.223332
Epoch 1436/1500 - train 0.103364 - val 0.222251
Epoch 1437/1500 - train 0.103217 - val 0.219599
Epoch 1438/1500 - train 0.103782 - val 0.219760
Epoch 1439/1500 - train 0.103583 - val 0.222110
Epoch 1440/1500 - train 0.103189 - val 0.223436
Epoch 1441/1500 - train 0.103411 - val 0.222454
Epoch 1442/1500 - train 0.102751 - val 0.221914
Epoch 1443/1500 - train 0.104210 - val 0.222720
Epoch 1444/1500 - train 0.102953 - val 0.221650
Epoch 1445/1500 - train 0.103862 - val 0.220362
Epoch 1446/1500 - train 0.103037 - val 0.221472
Epoch 1447/1500 - train 0.103158 - val 0.221119
Epoch 1448/1500 - train 0.103428 - val 0.221646
Epoch 1449/1500 - train 0.103411 - val 0.223995
Epoch 1450/1500 - train 0.103428 - val 0.219925
Epoch 1451/1500 - train 0.103646 - val 0.220746
Epoch 1452/1500 - train 0.102594 - val 0.220823
Epoch 1453/1500 - train 0.103349 - val 0.221541
Epoch 1454/1500 - train 0.102972 - val 0.221526
Epoch 1455/1500 - train 0.103580 - val 0.220876
Epoch 1456/1500 - train 0.103403 - val 0.220241
Epoch 1457/1500 - train 0.102730 - val 0.221972
Epoch 1458/1500 - train 0.103554 - val 0.219908
Epoch 1459/1500 - train 0.103213 - val 0.226367
Epoch 1460/1500 - train 0.103512 - val 0.223403
Epoch 1461/1500 - train 0.102663 - val 0.220520
Epoch 1462/1500 - train 0.103328 - val 0.219740
Epoch 1463/1500 - train 0.103193 - val 0.221273
Epoch 1464/1500 - train 0.102674 - val 0.220859
Epoch 1465/1500 - train 0.103624 - val 0.220478
Epoch 1466/1500 - train 0.103316 - val 0.220829
Epoch 1467/1500 - train 0.102787 - val 0.222197
Epoch 1468/1500 - train 0.103704 - val 0.221028
Epoch 1469/1500 - train 0.103023 - val 0.223383
Epoch 1470/1500 - train 0.102459 - val 0.223943
Epoch 1471/1500 - train 0.103725 - val 0.220607
Epoch 1472/1500 - train 0.103463 - val 0.224765
Epoch 1473/1500 - train 0.103036 - val 0.221895
Epoch 1474/1500 - train 0.103525 - val 0.223542
Epoch 1475/1500 - train 0.102567 - val 0.220481
Epoch 1476/1500 - train 0.102938 - val 0.220746
Epoch 1477/1500 - train 0.103190 - val 0.234138
Epoch 1478/1500 - train 0.103171 - val 0.221056
Epoch 1479/1500 - train 0.103114 - val 0.219804
Epoch 1480/1500 - train 0.102602 - val 0.222731
Epoch 1481/1500 - train 0.103531 - val 0.220991
Epoch 1482/1500 - train 0.102672 - val 0.220752
Epoch 1483/1500 - train 0.103697 - val 0.222312
Epoch 1484/1500 - train 0.103037 - val 0.222946
Epoch 1485/1500 - train 0.102342 - val 0.219465
Epoch 1486/1500 - train 0.103000 - val 0.219636
Epoch 1487/1500 - train 0.103194 - val 0.222775
Epoch 1488/1500 - train 0.103558 - val 0.220525
Epoch 1489/1500 - train 0.102704 - val 0.220551
Epoch 1490/1500 - train 0.103031 - val 0.221446
Epoch 1491/1500 - train 0.102648 - val 0.220130
Epoch 1492/1500 - train 0.102825 - val 0.221833
Epoch 1493/1500 - train 0.102656 - val 0.222192
Epoch 1494/1500 - train 0.103394 - val 0.221971
Epoch 1495/1500 - train 0.102734 - val 0.220646
Epoch 1496/1500 - train 0.102828 - val 0.224918
Epoch 1497/1500 - train 0.102812 - val 0.222811
Epoch 1498/1500 - train 0.103428 - val 0.220902
Epoch 1499/1500 - train 0.102781 - val 0.225057
Epoch 1500/1500 - train 0.103264 - val 0.221444
Saved model to /scratch/network/ak9088/NASA-RL-Wavefront-Control/RL/jobs/20251225_000621/exp-fc1-zscore-ep1500-bs256-lr1e-3-s42-h512-256-128-images-do0.1/fc1_best.pth
