y: [[-2.35998277e-02 -2.75871515e-01  6.02177918e-01 ... -1.45009488e-01
   1.37586817e-01  5.20542969e-08]
 [ 2.95631289e-01 -5.61051369e-01  7.74623975e-02 ...  2.91730184e-02
  -7.50362873e-02  4.47253754e-08]
 [-3.29329483e-02 -6.01176620e-02  3.24746937e-01 ...  2.15225220e-02
   1.27907038e-01  4.16605346e-08]
 ...
 [-4.33955073e-01 -4.90099400e-01 -1.55435922e-02 ...  3.90027910e-02
   1.10533364e-01  3.87430106e-08]
 [ 5.37902117e-01 -1.41388550e-01  5.18994570e-01 ...  1.73039939e-02
   7.44224042e-02  5.09173859e-08]
 [ 4.88248914e-01  5.02021909e-01  1.60611402e-02 ...  2.46921293e-02
  -7.26920664e-02  4.84270082e-08]]
Dataset loaded: N=100000 (original 100000), C=3, H=20, W=20, y_dim=26
using device: cpu
Epoch 1/1500 - train 0.483821 - val 0.314598
Epoch 2/1500 - train 0.268711 - val 0.241263
Epoch 3/1500 - train 0.223356 - val 0.213243
Epoch 4/1500 - train 0.194398 - val 0.184216
Epoch 5/1500 - train 0.175805 - val 0.174149
Epoch 6/1500 - train 0.161326 - val 0.160179
Epoch 7/1500 - train 0.148621 - val 0.141424
Epoch 8/1500 - train 0.142918 - val 0.143732
Epoch 9/1500 - train 0.136247 - val 0.144432
Epoch 10/1500 - train 0.130404 - val 0.126650
Epoch 11/1500 - train 0.126731 - val 0.133702
Epoch 12/1500 - train 0.122815 - val 0.126525
Epoch 13/1500 - train 0.119289 - val 0.113534
Epoch 14/1500 - train 0.115844 - val 0.112025
Epoch 15/1500 - train 0.115136 - val 0.112152
Epoch 16/1500 - train 0.111847 - val 0.108277
Epoch 17/1500 - train 0.112787 - val 0.111081
Epoch 18/1500 - train 0.106634 - val 0.109903
Epoch 19/1500 - train 0.105880 - val 0.100872
Epoch 20/1500 - train 0.106485 - val 0.112235
Epoch 21/1500 - train 0.103420 - val 0.103803
Epoch 22/1500 - train 0.101905 - val 0.105877
Epoch 23/1500 - train 0.101518 - val 0.101288
Epoch 24/1500 - train 0.100033 - val 0.107830
Epoch 25/1500 - train 0.100427 - val 0.101155
Epoch 26/1500 - train 0.097659 - val 0.103928
Epoch 27/1500 - train 0.098950 - val 0.113494
Epoch 28/1500 - train 0.096802 - val 0.118687
Epoch 29/1500 - train 0.098253 - val 0.101498
Epoch 30/1500 - train 0.095369 - val 0.095546
Epoch 31/1500 - train 0.095197 - val 0.101795
Epoch 32/1500 - train 0.094170 - val 0.105402
Epoch 33/1500 - train 0.095558 - val 0.115257
Epoch 34/1500 - train 0.095350 - val 0.093793
Epoch 35/1500 - train 0.092342 - val 0.096085
Epoch 36/1500 - train 0.093511 - val 0.092502
Epoch 37/1500 - train 0.090032 - val 0.115802
Epoch 38/1500 - train 0.092116 - val 0.100460
Epoch 39/1500 - train 0.090421 - val 0.087274
Epoch 40/1500 - train 0.090440 - val 0.095838
Epoch 41/1500 - train 0.089884 - val 0.095714
Epoch 42/1500 - train 0.088528 - val 0.102013
Epoch 43/1500 - train 0.091306 - val 0.092811
Epoch 44/1500 - train 0.088102 - val 0.088002
Epoch 45/1500 - train 0.087525 - val 0.087642
Epoch 46/1500 - train 0.086275 - val 0.087017
Epoch 47/1500 - train 0.088173 - val 0.085897
Epoch 48/1500 - train 0.087406 - val 0.096144
Epoch 49/1500 - train 0.087183 - val 0.093514
Epoch 50/1500 - train 0.086818 - val 0.090380
Epoch 51/1500 - train 0.086591 - val 0.087838
Epoch 52/1500 - train 0.086806 - val 0.087152
Epoch 53/1500 - train 0.085420 - val 0.087770
Epoch 54/1500 - train 0.086284 - val 0.090541
Epoch 55/1500 - train 0.084486 - val 0.091952
Epoch 56/1500 - train 0.086483 - val 0.092489
Epoch 57/1500 - train 0.083720 - val 0.086743
Epoch 58/1500 - train 0.083744 - val 0.085209
Epoch 59/1500 - train 0.084119 - val 0.109088
Epoch 60/1500 - train 0.086721 - val 0.091845
Epoch 61/1500 - train 0.083013 - val 0.083173
Epoch 62/1500 - train 0.083634 - val 0.085450
Epoch 63/1500 - train 0.083563 - val 0.086809
Epoch 64/1500 - train 0.082100 - val 0.094724
Epoch 65/1500 - train 0.084642 - val 0.089413
Epoch 66/1500 - train 0.082481 - val 0.093194
Epoch 67/1500 - train 0.081816 - val 0.088780
Epoch 68/1500 - train 0.081537 - val 0.082039
Epoch 69/1500 - train 0.083889 - val 0.085073
Epoch 70/1500 - train 0.081849 - val 0.095156
Epoch 71/1500 - train 0.080751 - val 0.090122
Epoch 72/1500 - train 0.080194 - val 0.085037
Epoch 73/1500 - train 0.082742 - val 0.084528
Epoch 74/1500 - train 0.080451 - val 0.087082
Epoch 75/1500 - train 0.080493 - val 0.085681
Epoch 76/1500 - train 0.079023 - val 0.081527
Epoch 77/1500 - train 0.081196 - val 0.080550
Epoch 78/1500 - train 0.079032 - val 0.082520
Epoch 79/1500 - train 0.079133 - val 0.078992
Epoch 80/1500 - train 0.078791 - val 0.095761
Epoch 81/1500 - train 0.081350 - val 0.085102
Epoch 82/1500 - train 0.078941 - val 0.079676
Epoch 83/1500 - train 0.078351 - val 0.079072
Epoch 84/1500 - train 0.079116 - val 0.078450
Epoch 85/1500 - train 0.078607 - val 0.081339
Epoch 86/1500 - train 0.078623 - val 0.104892
Epoch 87/1500 - train 0.079356 - val 0.082634
Epoch 88/1500 - train 0.077534 - val 0.083433
Epoch 89/1500 - train 0.077619 - val 0.088401
Epoch 90/1500 - train 0.079179 - val 0.085773
Epoch 91/1500 - train 0.075579 - val 0.099011
Epoch 92/1500 - train 0.076497 - val 0.079010
Epoch 93/1500 - train 0.078082 - val 0.096698
Epoch 94/1500 - train 0.078384 - val 0.086615
Epoch 95/1500 - train 0.075421 - val 0.080169
Epoch 96/1500 - train 0.077080 - val 0.097644
Epoch 97/1500 - train 0.074292 - val 0.077684
Epoch 98/1500 - train 0.076375 - val 0.079735
Epoch 99/1500 - train 0.076472 - val 0.083904
Epoch 100/1500 - train 0.075152 - val 0.084903
Epoch 101/1500 - train 0.078514 - val 0.076202
Epoch 102/1500 - train 0.072422 - val 0.077582
Epoch 103/1500 - train 0.074365 - val 0.081629
Epoch 104/1500 - train 0.072070 - val 0.076630
Epoch 105/1500 - train 0.076054 - val 0.082445
Epoch 106/1500 - train 0.073006 - val 0.077558
Epoch 107/1500 - train 0.077108 - val 0.076068
Epoch 108/1500 - train 0.071861 - val 0.084935
Epoch 109/1500 - train 0.070859 - val 0.083494
Epoch 110/1500 - train 0.071944 - val 0.112302
Epoch 111/1500 - train 0.076768 - val 0.096421
Epoch 112/1500 - train 0.070708 - val 0.084791
Epoch 113/1500 - train 0.072231 - val 0.093534
Epoch 114/1500 - train 0.076325 - val 0.075247
Epoch 115/1500 - train 0.070628 - val 0.101312
Epoch 116/1500 - train 0.074531 - val 0.079608
Epoch 117/1500 - train 0.072313 - val 0.074517
Epoch 118/1500 - train 0.069956 - val 0.096310
Epoch 119/1500 - train 0.072687 - val 0.076980
Epoch 120/1500 - train 0.070689 - val 0.071521
Epoch 121/1500 - train 0.070806 - val 0.073282
Epoch 122/1500 - train 0.070668 - val 0.073273
Epoch 123/1500 - train 0.069423 - val 0.071017
Epoch 124/1500 - train 0.069458 - val 0.077086
Epoch 125/1500 - train 0.073062 - val 0.077486
Epoch 126/1500 - train 0.069296 - val 0.073464
Epoch 127/1500 - train 0.069154 - val 0.080513
Epoch 128/1500 - train 0.070515 - val 0.075846
Epoch 129/1500 - train 0.069233 - val 0.069259
Epoch 130/1500 - train 0.069260 - val 0.074828
Epoch 131/1500 - train 0.069904 - val 0.073218
Epoch 132/1500 - train 0.067892 - val 0.141044
Epoch 133/1500 - train 0.073195 - val 0.075000
Epoch 134/1500 - train 0.069099 - val 0.070774
Epoch 135/1500 - train 0.067499 - val 0.081161
Epoch 136/1500 - train 0.072652 - val 0.072871
Epoch 137/1500 - train 0.066489 - val 0.072215
Epoch 138/1500 - train 0.068222 - val 0.070005
Epoch 139/1500 - train 0.067079 - val 0.069663
Epoch 140/1500 - train 0.069819 - val 0.090382
Epoch 141/1500 - train 0.068535 - val 0.072396
Epoch 142/1500 - train 0.066551 - val 0.081759
Epoch 143/1500 - train 0.069148 - val 0.078062
Epoch 144/1500 - train 0.068439 - val 0.075387
Epoch 145/1500 - train 0.067803 - val 0.088437
Epoch 146/1500 - train 0.069265 - val 0.082173
Epoch 147/1500 - train 0.067331 - val 0.080178
Epoch 148/1500 - train 0.067463 - val 0.073262
Epoch 149/1500 - train 0.065387 - val 0.080443
Epoch 150/1500 - train 0.067304 - val 0.085706
Epoch 151/1500 - train 0.066055 - val 0.065262
Epoch 152/1500 - train 0.064837 - val 0.066563
Epoch 153/1500 - train 0.066308 - val 0.067818
Epoch 154/1500 - train 0.067061 - val 0.069265
Epoch 155/1500 - train 0.065495 - val 0.083297
Epoch 156/1500 - train 0.068079 - val 0.071793
Epoch 157/1500 - train 0.064922 - val 0.066048
Epoch 158/1500 - train 0.065600 - val 0.065920
Epoch 159/1500 - train 0.066620 - val 0.078929
Epoch 160/1500 - train 0.066175 - val 0.067110
Epoch 161/1500 - train 0.064541 - val 0.066165
Epoch 162/1500 - train 0.065879 - val 0.069701
Epoch 163/1500 - train 0.063570 - val 0.088415
Epoch 164/1500 - train 0.063759 - val 0.065471
Epoch 165/1500 - train 0.062502 - val 0.069436
Epoch 166/1500 - train 0.064012 - val 0.067282
Epoch 167/1500 - train 0.063145 - val 0.068817
Epoch 168/1500 - train 0.066341 - val 0.068893
Epoch 169/1500 - train 0.060710 - val 0.080835
Epoch 170/1500 - train 0.064745 - val 0.066760
Epoch 171/1500 - train 0.062766 - val 0.078908
Epoch 172/1500 - train 0.064671 - val 0.074944
Epoch 173/1500 - train 0.064146 - val 0.065826
Epoch 174/1500 - train 0.062651 - val 0.066454
Epoch 175/1500 - train 0.061470 - val 0.072140
Epoch 176/1500 - train 0.065418 - val 0.084603
Epoch 177/1500 - train 0.063298 - val 0.064760
Epoch 178/1500 - train 0.060455 - val 0.076964
Epoch 179/1500 - train 0.061206 - val 0.078463
Epoch 180/1500 - train 0.062749 - val 0.064323
Epoch 181/1500 - train 0.062167 - val 0.064902
Epoch 182/1500 - train 0.061608 - val 0.066951
Epoch 183/1500 - train 0.061852 - val 0.073900
Epoch 184/1500 - train 0.064641 - val 0.063596
Epoch 185/1500 - train 0.060823 - val 0.068047
Epoch 186/1500 - train 0.061590 - val 0.061502
Epoch 187/1500 - train 0.058789 - val 0.091072
Epoch 188/1500 - train 0.061644 - val 0.082278
Epoch 189/1500 - train 0.064145 - val 0.064547
Epoch 190/1500 - train 0.064058 - val 0.061155
Epoch 191/1500 - train 0.061006 - val 0.064275
Epoch 192/1500 - train 0.058350 - val 0.083872
Epoch 193/1500 - train 0.062542 - val 0.068283
Epoch 194/1500 - train 0.062055 - val 0.087759
Epoch 195/1500 - train 0.059006 - val 0.062932
Epoch 196/1500 - train 0.063027 - val 0.067116
Epoch 197/1500 - train 0.060755 - val 0.074812
Epoch 198/1500 - train 0.060127 - val 0.094112
Epoch 199/1500 - train 0.061288 - val 0.061112
Epoch 200/1500 - train 0.059022 - val 0.073816
Epoch 201/1500 - train 0.058451 - val 0.067939
Epoch 202/1500 - train 0.057988 - val 0.064487
Epoch 203/1500 - train 0.060566 - val 0.065317
Epoch 204/1500 - train 0.058370 - val 0.075450
Epoch 205/1500 - train 0.058221 - val 0.068138
Epoch 206/1500 - train 0.059575 - val 0.063189
Epoch 207/1500 - train 0.058583 - val 0.061442
Epoch 208/1500 - train 0.058082 - val 0.069918
Epoch 209/1500 - train 0.056934 - val 0.085341
Epoch 210/1500 - train 0.060525 - val 0.068674
Epoch 211/1500 - train 0.058425 - val 0.058577
Epoch 212/1500 - train 0.060467 - val 0.076239
Epoch 213/1500 - train 0.059743 - val 0.060109
Epoch 214/1500 - train 0.057146 - val 0.059899
Epoch 215/1500 - train 0.058950 - val 0.072163
Epoch 216/1500 - train 0.060559 - val 0.085189
Epoch 217/1500 - train 0.058723 - val 0.062104
Epoch 218/1500 - train 0.057302 - val 0.076766
Epoch 219/1500 - train 0.057341 - val 0.061462
Epoch 220/1500 - train 0.057051 - val 0.070536
Epoch 221/1500 - train 0.056829 - val 0.057952
Epoch 222/1500 - train 0.055129 - val 0.059097
Epoch 223/1500 - train 0.056708 - val 0.062123
Epoch 224/1500 - train 0.058987 - val 0.061134
Epoch 225/1500 - train 0.056946 - val 0.081713
Epoch 226/1500 - train 0.055708 - val 0.074314
Epoch 227/1500 - train 0.061585 - val 0.062148
Epoch 228/1500 - train 0.058248 - val 0.082024
Epoch 229/1500 - train 0.056378 - val 0.062756
Epoch 230/1500 - train 0.057563 - val 0.059718
Epoch 231/1500 - train 0.056572 - val 0.061561
Epoch 232/1500 - train 0.055790 - val 0.067738
Epoch 233/1500 - train 0.056116 - val 0.058567
Epoch 234/1500 - train 0.057202 - val 0.057464
Epoch 235/1500 - train 0.054132 - val 0.061491
Epoch 236/1500 - train 0.057893 - val 0.057593
Epoch 237/1500 - train 0.054559 - val 0.069631
Epoch 238/1500 - train 0.055499 - val 0.055672
Epoch 239/1500 - train 0.055527 - val 0.056569
Epoch 240/1500 - train 0.056900 - val 0.058538
Epoch 241/1500 - train 0.053004 - val 0.075282
Epoch 242/1500 - train 0.058585 - val 0.056932
Epoch 243/1500 - train 0.054302 - val 0.076820
Epoch 244/1500 - train 0.058650 - val 0.061138
Epoch 245/1500 - train 0.053091 - val 0.073156
Epoch 246/1500 - train 0.055967 - val 0.114162
Epoch 247/1500 - train 0.058282 - val 0.059772
Epoch 248/1500 - train 0.053354 - val 0.063924
Epoch 249/1500 - train 0.056687 - val 0.059612
Epoch 250/1500 - train 0.054771 - val 0.060216
Epoch 251/1500 - train 0.055299 - val 0.072134
Epoch 252/1500 - train 0.055491 - val 0.063594
Epoch 253/1500 - train 0.052048 - val 0.076001
Epoch 254/1500 - train 0.054570 - val 0.063558
Epoch 255/1500 - train 0.057127 - val 0.069442
Epoch 256/1500 - train 0.055569 - val 0.058325
Epoch 257/1500 - train 0.053502 - val 0.055188
Epoch 258/1500 - train 0.053838 - val 0.075423
Epoch 259/1500 - train 0.053223 - val 0.056601
Epoch 260/1500 - train 0.052557 - val 0.059907
Epoch 261/1500 - train 0.054330 - val 0.057182
Epoch 262/1500 - train 0.055797 - val 0.056657
Epoch 263/1500 - train 0.053766 - val 0.063248
Epoch 264/1500 - train 0.053734 - val 0.059123
Epoch 265/1500 - train 0.053387 - val 0.063357
Epoch 266/1500 - train 0.054141 - val 0.054422
Epoch 267/1500 - train 0.051855 - val 0.063974
Epoch 268/1500 - train 0.055446 - val 0.059222
Epoch 269/1500 - train 0.051715 - val 0.057229
Epoch 270/1500 - train 0.053285 - val 0.061833
Epoch 271/1500 - train 0.052369 - val 0.072604
Epoch 272/1500 - train 0.054541 - val 0.055288
Epoch 273/1500 - train 0.052683 - val 0.060187
Epoch 274/1500 - train 0.050727 - val 0.086879
Epoch 275/1500 - train 0.056039 - val 0.059706
Epoch 276/1500 - train 0.049797 - val 0.057425
Epoch 277/1500 - train 0.053369 - val 0.059152
Epoch 278/1500 - train 0.051187 - val 0.060935
Epoch 279/1500 - train 0.052892 - val 0.054436
Epoch 280/1500 - train 0.054272 - val 0.068734
Epoch 281/1500 - train 0.053204 - val 0.071635
Epoch 282/1500 - train 0.052542 - val 0.054103
Epoch 283/1500 - train 0.050486 - val 0.078206
Epoch 284/1500 - train 0.054350 - val 0.052342
Epoch 285/1500 - train 0.050986 - val 0.065600
Epoch 286/1500 - train 0.050526 - val 0.098137
Epoch 287/1500 - train 0.052969 - val 0.082315
Epoch 288/1500 - train 0.052663 - val 0.067738
Epoch 289/1500 - train 0.050592 - val 0.055021
Epoch 290/1500 - train 0.051485 - val 0.053790
Epoch 291/1500 - train 0.051429 - val 0.052131
Epoch 292/1500 - train 0.050148 - val 0.055392
Epoch 293/1500 - train 0.050164 - val 0.073870
Epoch 294/1500 - train 0.051552 - val 0.054922
Epoch 295/1500 - train 0.050643 - val 0.056324
Epoch 296/1500 - train 0.050989 - val 0.118986
Epoch 297/1500 - train 0.056886 - val 0.058895
Epoch 298/1500 - train 0.052797 - val 0.054184
Epoch 299/1500 - train 0.049630 - val 0.054161
Epoch 300/1500 - train 0.052473 - val 0.056743
Epoch 301/1500 - train 0.049921 - val 0.060215
Epoch 302/1500 - train 0.049708 - val 0.061292
Epoch 303/1500 - train 0.053939 - val 0.064915
Epoch 304/1500 - train 0.050914 - val 0.053421
Epoch 305/1500 - train 0.049299 - val 0.054431
Epoch 306/1500 - train 0.050909 - val 0.052665
Epoch 307/1500 - train 0.051618 - val 0.055228
Epoch 308/1500 - train 0.050050 - val 0.057341
Epoch 309/1500 - train 0.052080 - val 0.068545
Epoch 310/1500 - train 0.049050 - val 0.053621
Epoch 311/1500 - train 0.050066 - val 0.072097
Epoch 312/1500 - train 0.052092 - val 0.052797
Epoch 313/1500 - train 0.051217 - val 0.058866
Epoch 314/1500 - train 0.048667 - val 0.067095
Epoch 315/1500 - train 0.050438 - val 0.068685
Epoch 316/1500 - train 0.049526 - val 0.090775
Epoch 317/1500 - train 0.051741 - val 0.055394
Epoch 318/1500 - train 0.047830 - val 0.059231
Epoch 319/1500 - train 0.050250 - val 0.070654
Epoch 320/1500 - train 0.053817 - val 0.055975
Epoch 321/1500 - train 0.048906 - val 0.058373
Epoch 322/1500 - train 0.049176 - val 0.065742
Epoch 323/1500 - train 0.049641 - val 0.059783
Epoch 324/1500 - train 0.047415 - val 0.058718
Epoch 325/1500 - train 0.049290 - val 0.058530
Epoch 326/1500 - train 0.048567 - val 0.059884
Epoch 327/1500 - train 0.049028 - val 0.072286
Epoch 328/1500 - train 0.050011 - val 0.055754
Epoch 329/1500 - train 0.050578 - val 0.072239
Epoch 330/1500 - train 0.048096 - val 0.050615
Epoch 331/1500 - train 0.048113 - val 0.056357
Epoch 332/1500 - train 0.048267 - val 0.061292
Epoch 333/1500 - train 0.048883 - val 0.062844
Epoch 334/1500 - train 0.050296 - val 0.054534
Epoch 335/1500 - train 0.047437 - val 0.054969
Epoch 336/1500 - train 0.046036 - val 0.052043
Epoch 337/1500 - train 0.050782 - val 0.053089
Epoch 338/1500 - train 0.052428 - val 0.069573
Epoch 339/1500 - train 0.049553 - val 0.058510
Epoch 340/1500 - train 0.048254 - val 0.055331
Epoch 341/1500 - train 0.047997 - val 0.082412
Epoch 342/1500 - train 0.049772 - val 0.069740
Epoch 343/1500 - train 0.053885 - val 0.058380
Epoch 344/1500 - train 0.047014 - val 0.082305
Epoch 345/1500 - train 0.049798 - val 0.057008
Epoch 346/1500 - train 0.051238 - val 0.066601
Epoch 347/1500 - train 0.047275 - val 0.060366
Epoch 348/1500 - train 0.046753 - val 0.083852
Epoch 349/1500 - train 0.052253 - val 0.050952
Epoch 350/1500 - train 0.044205 - val 0.052287
Epoch 351/1500 - train 0.048604 - val 0.065878
Epoch 352/1500 - train 0.049894 - val 0.064870
Epoch 353/1500 - train 0.046902 - val 0.052575
Epoch 354/1500 - train 0.047933 - val 0.061653
Epoch 355/1500 - train 0.047266 - val 0.070876
Epoch 356/1500 - train 0.048990 - val 0.051355
Epoch 357/1500 - train 0.046453 - val 0.059128
Epoch 358/1500 - train 0.045981 - val 0.066889
Epoch 359/1500 - train 0.047050 - val 0.050925
Epoch 360/1500 - train 0.046635 - val 0.050096
Epoch 361/1500 - train 0.047842 - val 0.053204
Epoch 362/1500 - train 0.047529 - val 0.061493
Epoch 363/1500 - train 0.050908 - val 0.061023
Epoch 364/1500 - train 0.045350 - val 0.055376
Epoch 365/1500 - train 0.048001 - val 0.049716
Epoch 366/1500 - train 0.045355 - val 0.050422
Epoch 367/1500 - train 0.051036 - val 0.051491
Epoch 368/1500 - train 0.046898 - val 0.061504
Epoch 369/1500 - train 0.046459 - val 0.054575
Epoch 370/1500 - train 0.046498 - val 0.050737
Epoch 371/1500 - train 0.048968 - val 0.052968
Epoch 372/1500 - train 0.044598 - val 0.067734
Epoch 373/1500 - train 0.045780 - val 0.050307
Epoch 374/1500 - train 0.046489 - val 0.061285
Epoch 375/1500 - train 0.048168 - val 0.054232
Epoch 376/1500 - train 0.044680 - val 0.050780
Epoch 377/1500 - train 0.046338 - val 0.050552
Epoch 378/1500 - train 0.045449 - val 0.076991
Epoch 379/1500 - train 0.048016 - val 0.057940
Epoch 380/1500 - train 0.045506 - val 0.077583
Epoch 381/1500 - train 0.047964 - val 0.054833
Epoch 382/1500 - train 0.046670 - val 0.053170
Epoch 383/1500 - train 0.045640 - val 0.060578
Epoch 384/1500 - train 0.047013 - val 0.059677
Epoch 385/1500 - train 0.047497 - val 0.059989
Epoch 386/1500 - train 0.046239 - val 0.061751
Epoch 387/1500 - train 0.048627 - val 0.048749
Epoch 388/1500 - train 0.048018 - val 0.050774
Epoch 389/1500 - train 0.045250 - val 0.050787
Epoch 390/1500 - train 0.046708 - val 0.057281
Epoch 391/1500 - train 0.044816 - val 0.050740
Epoch 392/1500 - train 0.046153 - val 0.065205
Epoch 393/1500 - train 0.044756 - val 0.048741
Epoch 394/1500 - train 0.045420 - val 0.053748
Epoch 395/1500 - train 0.046380 - val 0.066140
Epoch 396/1500 - train 0.045477 - val 0.103476
Epoch 397/1500 - train 0.047657 - val 0.048869
Epoch 398/1500 - train 0.045208 - val 0.054833
Epoch 399/1500 - train 0.042820 - val 0.057640
Epoch 400/1500 - train 0.047168 - val 0.049416
Epoch 401/1500 - train 0.046537 - val 0.056565
Epoch 402/1500 - train 0.047368 - val 0.057336
Epoch 403/1500 - train 0.045158 - val 0.049354
Epoch 404/1500 - train 0.042962 - val 0.056356
Epoch 405/1500 - train 0.048426 - val 0.050008
Epoch 406/1500 - train 0.043148 - val 0.052670
Epoch 407/1500 - train 0.044780 - val 0.056978
Epoch 408/1500 - train 0.045400 - val 0.058988
Epoch 409/1500 - train 0.045338 - val 0.054376
Epoch 410/1500 - train 0.045408 - val 0.053689
Epoch 411/1500 - train 0.043987 - val 0.088696
Epoch 412/1500 - train 0.046151 - val 0.053533
Epoch 413/1500 - train 0.045534 - val 0.052302
Epoch 414/1500 - train 0.044038 - val 0.057796
Epoch 415/1500 - train 0.043404 - val 0.050295
Epoch 416/1500 - train 0.048275 - val 0.050510
Epoch 417/1500 - train 0.044769 - val 0.054882
Epoch 418/1500 - train 0.043479 - val 0.055778
Epoch 419/1500 - train 0.048470 - val 0.055505
Epoch 420/1500 - train 0.044939 - val 0.072231
Epoch 421/1500 - train 0.045199 - val 0.054478
Epoch 422/1500 - train 0.042550 - val 0.048155
Epoch 423/1500 - train 0.044614 - val 0.060159
Epoch 424/1500 - train 0.044363 - val 0.055512
Epoch 425/1500 - train 0.043827 - val 0.060069
Epoch 426/1500 - train 0.044055 - val 0.050337
Epoch 427/1500 - train 0.042773 - val 0.061619
Epoch 428/1500 - train 0.046113 - val 0.051605
Epoch 429/1500 - train 0.046051 - val 0.065690
Epoch 430/1500 - train 0.043166 - val 0.055039
Epoch 431/1500 - train 0.050505 - val 0.058199
Epoch 432/1500 - train 0.041575 - val 0.064035
Epoch 433/1500 - train 0.044621 - val 0.071825
Epoch 434/1500 - train 0.044606 - val 0.056326
Epoch 435/1500 - train 0.045406 - val 0.054628
Epoch 436/1500 - train 0.044556 - val 0.051273
Epoch 437/1500 - train 0.043177 - val 0.048231
Epoch 438/1500 - train 0.044333 - val 0.051212
Epoch 439/1500 - train 0.044233 - val 0.046638
Epoch 440/1500 - train 0.043760 - val 0.068947
Epoch 441/1500 - train 0.043665 - val 0.073047
Epoch 442/1500 - train 0.046223 - val 0.054069
Epoch 443/1500 - train 0.043175 - val 0.074186
Epoch 444/1500 - train 0.046368 - val 0.052249
Epoch 445/1500 - train 0.041229 - val 0.048277
Epoch 446/1500 - train 0.042474 - val 0.048193
Epoch 447/1500 - train 0.044934 - val 0.051771
Epoch 448/1500 - train 0.040915 - val 0.051057
Epoch 449/1500 - train 0.044351 - val 0.064843
Epoch 450/1500 - train 0.044732 - val 0.054021
Epoch 451/1500 - train 0.043580 - val 0.059070
Epoch 452/1500 - train 0.042113 - val 0.051680
Epoch 453/1500 - train 0.042703 - val 0.047819
Epoch 454/1500 - train 0.043180 - val 0.058666
Epoch 455/1500 - train 0.043429 - val 0.072939
Epoch 456/1500 - train 0.043476 - val 0.046603
Epoch 457/1500 - train 0.042196 - val 0.047772
Epoch 458/1500 - train 0.042661 - val 0.057062
Epoch 459/1500 - train 0.043928 - val 0.054448
Epoch 460/1500 - train 0.043666 - val 0.047372
Epoch 461/1500 - train 0.042657 - val 0.048216
Epoch 462/1500 - train 0.043031 - val 0.048689
Epoch 463/1500 - train 0.042302 - val 0.104159
Epoch 464/1500 - train 0.048061 - val 0.056522
Epoch 465/1500 - train 0.043691 - val 0.050241
Epoch 466/1500 - train 0.043003 - val 0.047136
Epoch 467/1500 - train 0.044179 - val 0.048460
Epoch 468/1500 - train 0.043198 - val 0.057095
Epoch 469/1500 - train 0.041466 - val 0.059036
Epoch 470/1500 - train 0.040667 - val 0.047262
Epoch 471/1500 - train 0.043132 - val 0.062215
Epoch 472/1500 - train 0.045194 - val 0.046456
Epoch 473/1500 - train 0.043976 - val 0.047987
Epoch 474/1500 - train 0.042635 - val 0.047118
Epoch 475/1500 - train 0.040012 - val 0.051968
Epoch 476/1500 - train 0.043297 - val 0.047728
Epoch 477/1500 - train 0.040663 - val 0.046518
Epoch 478/1500 - train 0.045331 - val 0.049527
Epoch 479/1500 - train 0.041915 - val 0.053572
Epoch 480/1500 - train 0.042939 - val 0.047634
Epoch 481/1500 - train 0.040996 - val 0.066525
Epoch 482/1500 - train 0.042306 - val 0.050800
Epoch 483/1500 - train 0.043356 - val 0.051480
Epoch 484/1500 - train 0.043957 - val 0.046218
Epoch 485/1500 - train 0.041184 - val 0.048315
Epoch 486/1500 - train 0.039516 - val 0.059793
Epoch 487/1500 - train 0.042618 - val 0.074873
Epoch 488/1500 - train 0.043733 - val 0.049095
Epoch 489/1500 - train 0.045479 - val 0.061278
Epoch 490/1500 - train 0.042178 - val 0.062519
Epoch 491/1500 - train 0.040889 - val 0.051725
Epoch 492/1500 - train 0.041937 - val 0.047028
Epoch 493/1500 - train 0.041641 - val 0.054240
Epoch 494/1500 - train 0.040669 - val 0.048217
Epoch 495/1500 - train 0.041703 - val 0.045972
Epoch 496/1500 - train 0.041212 - val 0.049257
Epoch 497/1500 - train 0.042408 - val 0.055898
Epoch 498/1500 - train 0.040470 - val 0.049234
Epoch 499/1500 - train 0.043064 - val 0.053987
Epoch 500/1500 - train 0.040358 - val 0.055312
Epoch 501/1500 - train 0.043090 - val 0.046419
Epoch 502/1500 - train 0.040414 - val 0.044961
Epoch 503/1500 - train 0.042150 - val 0.075924
Epoch 504/1500 - train 0.043146 - val 0.060039
Epoch 505/1500 - train 0.040893 - val 0.047815
Epoch 506/1500 - train 0.043093 - val 0.058698
Epoch 507/1500 - train 0.041118 - val 0.054100
Epoch 508/1500 - train 0.041335 - val 0.055684
Epoch 509/1500 - train 0.040407 - val 0.050703
Epoch 510/1500 - train 0.041529 - val 0.057869
Epoch 511/1500 - train 0.040467 - val 0.055970
Epoch 512/1500 - train 0.042225 - val 0.050638
Epoch 513/1500 - train 0.039933 - val 0.055697
Epoch 514/1500 - train 0.040072 - val 0.053940
Epoch 515/1500 - train 0.041814 - val 0.050884
Epoch 516/1500 - train 0.042546 - val 0.046661
Epoch 517/1500 - train 0.040185 - val 0.056767
Epoch 518/1500 - train 0.041043 - val 0.046916
Epoch 519/1500 - train 0.041027 - val 0.056897
Epoch 520/1500 - train 0.041454 - val 0.067291
Epoch 521/1500 - train 0.041757 - val 0.059976
Epoch 522/1500 - train 0.040219 - val 0.047463
Epoch 523/1500 - train 0.041568 - val 0.048834
Epoch 524/1500 - train 0.041716 - val 0.048183
Epoch 525/1500 - train 0.040125 - val 0.048365
Epoch 526/1500 - train 0.040875 - val 0.050810
Epoch 527/1500 - train 0.042848 - val 0.052083
Epoch 528/1500 - train 0.039550 - val 0.048922
Epoch 529/1500 - train 0.041394 - val 0.047863
Epoch 530/1500 - train 0.042768 - val 0.071519
Epoch 531/1500 - train 0.043641 - val 0.045297
Epoch 532/1500 - train 0.039521 - val 0.057543
Epoch 533/1500 - train 0.040782 - val 0.047507
Epoch 534/1500 - train 0.041521 - val 0.046168
Epoch 535/1500 - train 0.040429 - val 0.047064
Epoch 536/1500 - train 0.040224 - val 0.047875
Epoch 537/1500 - train 0.041506 - val 0.046293
Epoch 538/1500 - train 0.039153 - val 0.060570
Epoch 539/1500 - train 0.040589 - val 0.044665
Epoch 540/1500 - train 0.038433 - val 0.047610
Epoch 541/1500 - train 0.041430 - val 0.054632
Epoch 542/1500 - train 0.042132 - val 0.046869
Epoch 543/1500 - train 0.039695 - val 0.054295
Epoch 544/1500 - train 0.038453 - val 0.044898
Epoch 545/1500 - train 0.041017 - val 0.048071
Epoch 546/1500 - train 0.041355 - val 0.044977
Epoch 547/1500 - train 0.038839 - val 0.051996
Epoch 548/1500 - train 0.040397 - val 0.043746
Epoch 549/1500 - train 0.039894 - val 0.046126
Epoch 550/1500 - train 0.040516 - val 0.053544
Epoch 551/1500 - train 0.041522 - val 0.046862
Epoch 552/1500 - train 0.039831 - val 0.047142
Epoch 553/1500 - train 0.038366 - val 0.045165
Epoch 554/1500 - train 0.039209 - val 0.048864
Epoch 555/1500 - train 0.038986 - val 0.063898
Epoch 556/1500 - train 0.041630 - val 0.045490
Epoch 557/1500 - train 0.039740 - val 0.045256
Epoch 558/1500 - train 0.040523 - val 0.054357
Epoch 559/1500 - train 0.039620 - val 0.044469
Epoch 560/1500 - train 0.037905 - val 0.058615
Epoch 561/1500 - train 0.043495 - val 0.071544
Epoch 562/1500 - train 0.041337 - val 0.048318
Epoch 563/1500 - train 0.042258 - val 0.047633
Epoch 564/1500 - train 0.037707 - val 0.047009
Epoch 565/1500 - train 0.039984 - val 0.055321
Epoch 566/1500 - train 0.041692 - val 0.052064
Epoch 567/1500 - train 0.038732 - val 0.052064
Epoch 568/1500 - train 0.041134 - val 0.052626
Epoch 569/1500 - train 0.037567 - val 0.066668
Epoch 570/1500 - train 0.039630 - val 0.045932
Epoch 571/1500 - train 0.040744 - val 0.045386
Epoch 572/1500 - train 0.038202 - val 0.046281
Epoch 573/1500 - train 0.039577 - val 0.051804
Epoch 574/1500 - train 0.040425 - val 0.083170
Epoch 575/1500 - train 0.041295 - val 0.046948
Epoch 576/1500 - train 0.041749 - val 0.057629
Epoch 577/1500 - train 0.040200 - val 0.046420
Epoch 578/1500 - train 0.038676 - val 0.043363
Epoch 579/1500 - train 0.037668 - val 0.047632
Epoch 580/1500 - train 0.038259 - val 0.058916
Epoch 581/1500 - train 0.040073 - val 0.052525
Epoch 582/1500 - train 0.037690 - val 0.058417
Epoch 583/1500 - train 0.038993 - val 0.053562
Epoch 584/1500 - train 0.040489 - val 0.046201
Epoch 585/1500 - train 0.038353 - val 0.045649
Epoch 586/1500 - train 0.038580 - val 0.059788
Epoch 587/1500 - train 0.043058 - val 0.047958
Epoch 588/1500 - train 0.037678 - val 0.045692
Epoch 589/1500 - train 0.037921 - val 0.046588
Epoch 590/1500 - train 0.038345 - val 0.066853
Epoch 591/1500 - train 0.040900 - val 0.053290
Epoch 592/1500 - train 0.038543 - val 0.044488
Epoch 593/1500 - train 0.038166 - val 0.099620
Epoch 594/1500 - train 0.042816 - val 0.049549
Epoch 595/1500 - train 0.038953 - val 0.048347
Epoch 596/1500 - train 0.041332 - val 0.046545
Epoch 597/1500 - train 0.040637 - val 0.048661
Epoch 598/1500 - train 0.037443 - val 0.048064
Epoch 599/1500 - train 0.038427 - val 0.045517
Epoch 600/1500 - train 0.040314 - val 0.053468
Epoch 601/1500 - train 0.043771 - val 0.045066
Epoch 602/1500 - train 0.038310 - val 0.045555
Epoch 603/1500 - train 0.037809 - val 0.055460
Epoch 604/1500 - train 0.040660 - val 0.044532
Epoch 605/1500 - train 0.037914 - val 0.044291
Epoch 606/1500 - train 0.037850 - val 0.048545
Epoch 607/1500 - train 0.037834 - val 0.044338
Epoch 608/1500 - train 0.037044 - val 0.051146
Epoch 609/1500 - train 0.039111 - val 0.064311
Epoch 610/1500 - train 0.039289 - val 0.049912
Epoch 611/1500 - train 0.040156 - val 0.056569
Epoch 612/1500 - train 0.038225 - val 0.048216
Epoch 613/1500 - train 0.038515 - val 0.054289
Epoch 614/1500 - train 0.039279 - val 0.044862
Epoch 615/1500 - train 0.039107 - val 0.053124
Epoch 616/1500 - train 0.037285 - val 0.043523
Epoch 617/1500 - train 0.038370 - val 0.061236
Epoch 618/1500 - train 0.039348 - val 0.065963
Epoch 619/1500 - train 0.038091 - val 0.045509
Epoch 620/1500 - train 0.039669 - val 0.046164
Epoch 621/1500 - train 0.036708 - val 0.049891
Epoch 622/1500 - train 0.038392 - val 0.052365
Epoch 623/1500 - train 0.039908 - val 0.065431
Epoch 624/1500 - train 0.040065 - val 0.054295
Epoch 625/1500 - train 0.038143 - val 0.046709
Epoch 626/1500 - train 0.039130 - val 0.045511
Epoch 627/1500 - train 0.037863 - val 0.047000
Epoch 628/1500 - train 0.037025 - val 0.044631
Epoch 629/1500 - train 0.037927 - val 0.054118
Epoch 630/1500 - train 0.038219 - val 0.042863
Epoch 631/1500 - train 0.037169 - val 0.043560
Epoch 632/1500 - train 0.038231 - val 0.045601
Epoch 633/1500 - train 0.039762 - val 0.048209
Epoch 634/1500 - train 0.037701 - val 0.052890
Epoch 635/1500 - train 0.037679 - val 0.049242
Epoch 636/1500 - train 0.037287 - val 0.043538
Epoch 637/1500 - train 0.036401 - val 0.053086
Epoch 638/1500 - train 0.039900 - val 0.045929
Epoch 639/1500 - train 0.039630 - val 0.042808
Epoch 640/1500 - train 0.035945 - val 0.044973
Epoch 641/1500 - train 0.038244 - val 0.045276
Epoch 642/1500 - train 0.037267 - val 0.053565
Epoch 643/1500 - train 0.037764 - val 0.075013
Epoch 644/1500 - train 0.040270 - val 0.048499
Epoch 645/1500 - train 0.037697 - val 0.045490
Epoch 646/1500 - train 0.037941 - val 0.047210
Epoch 647/1500 - train 0.036282 - val 0.050714
Epoch 648/1500 - train 0.038616 - val 0.048292
Epoch 649/1500 - train 0.040114 - val 0.045975
Epoch 650/1500 - train 0.036506 - val 0.044203
Epoch 651/1500 - train 0.037903 - val 0.068911
Epoch 652/1500 - train 0.039870 - val 0.051924
Epoch 653/1500 - train 0.038873 - val 0.044539
Epoch 654/1500 - train 0.037558 - val 0.047402
Epoch 655/1500 - train 0.038130 - val 0.061199
Epoch 656/1500 - train 0.037688 - val 0.042316
Epoch 657/1500 - train 0.035884 - val 0.051561
Epoch 658/1500 - train 0.037429 - val 0.065645
Epoch 659/1500 - train 0.038061 - val 0.064090
Epoch 660/1500 - train 0.038643 - val 0.044874
Epoch 661/1500 - train 0.037103 - val 0.048254
Epoch 662/1500 - train 0.039376 - val 0.043368
Epoch 663/1500 - train 0.035689 - val 0.053797
Epoch 664/1500 - train 0.038166 - val 0.063021
Epoch 665/1500 - train 0.038059 - val 0.041648
Epoch 666/1500 - train 0.037912 - val 0.043135
Epoch 667/1500 - train 0.038541 - val 0.045831
Epoch 668/1500 - train 0.035518 - val 0.051742
Epoch 669/1500 - train 0.036907 - val 0.050613
Epoch 670/1500 - train 0.037191 - val 0.051741
Epoch 671/1500 - train 0.037068 - val 0.049068
Epoch 672/1500 - train 0.040326 - val 0.064890
Epoch 673/1500 - train 0.038645 - val 0.044749
Epoch 674/1500 - train 0.037193 - val 0.071149
Epoch 675/1500 - train 0.039710 - val 0.045138
Epoch 676/1500 - train 0.037086 - val 0.046962
Epoch 677/1500 - train 0.036099 - val 0.044710
Epoch 678/1500 - train 0.037323 - val 0.050019
Epoch 679/1500 - train 0.036143 - val 0.056650
Epoch 680/1500 - train 0.036592 - val 0.053699
Epoch 681/1500 - train 0.039716 - val 0.050070
Epoch 682/1500 - train 0.036096 - val 0.042186
Epoch 683/1500 - train 0.038374 - val 0.044670
Epoch 684/1500 - train 0.037138 - val 0.042398
Epoch 685/1500 - train 0.036047 - val 0.044971
Epoch 686/1500 - train 0.037190 - val 0.045854
Epoch 687/1500 - train 0.036492 - val 0.046613
Epoch 688/1500 - train 0.036962 - val 0.045294
Epoch 689/1500 - train 0.035220 - val 0.050770
Epoch 690/1500 - train 0.038736 - val 0.045546
Epoch 691/1500 - train 0.035851 - val 0.044478
Epoch 692/1500 - train 0.036572 - val 0.054617
Epoch 693/1500 - train 0.036402 - val 0.055303
Epoch 694/1500 - train 0.039022 - val 0.043320
Epoch 695/1500 - train 0.035551 - val 0.045305
Epoch 696/1500 - train 0.036745 - val 0.043346
Epoch 697/1500 - train 0.035796 - val 0.049564
Epoch 698/1500 - train 0.037730 - val 0.047440
Epoch 699/1500 - train 0.036452 - val 0.047528
Epoch 700/1500 - train 0.037315 - val 0.063887
Epoch 701/1500 - train 0.036256 - val 0.041629
Epoch 702/1500 - train 0.035535 - val 0.056519
Epoch 703/1500 - train 0.037537 - val 0.054520
Epoch 704/1500 - train 0.037791 - val 0.050619
Epoch 705/1500 - train 0.038776 - val 0.047727
Epoch 706/1500 - train 0.034409 - val 0.047838
Epoch 707/1500 - train 0.035442 - val 0.084629
Epoch 708/1500 - train 0.039514 - val 0.045086
Epoch 709/1500 - train 0.037328 - val 0.045491
Epoch 710/1500 - train 0.038788 - val 0.081618
Epoch 711/1500 - train 0.039526 - val 0.043806
Epoch 712/1500 - train 0.034070 - val 0.044457
Epoch 713/1500 - train 0.036590 - val 0.046453
Epoch 714/1500 - train 0.034395 - val 0.068371
Epoch 715/1500 - train 0.037443 - val 0.043765
Epoch 716/1500 - train 0.037005 - val 0.048417
Epoch 717/1500 - train 0.038066 - val 0.043561
Epoch 718/1500 - train 0.038053 - val 0.048472
Epoch 719/1500 - train 0.033110 - val 0.054592
Epoch 720/1500 - train 0.037501 - val 0.048557
Epoch 721/1500 - train 0.035159 - val 0.041858
Epoch 722/1500 - train 0.034557 - val 0.051598
Epoch 723/1500 - train 0.036236 - val 0.054650
Epoch 724/1500 - train 0.037204 - val 0.044543
Epoch 725/1500 - train 0.036416 - val 0.065397
Epoch 726/1500 - train 0.039665 - val 0.076328
Epoch 727/1500 - train 0.037672 - val 0.042950
Epoch 728/1500 - train 0.034975 - val 0.047618
Epoch 729/1500 - train 0.034795 - val 0.042847
Epoch 730/1500 - train 0.035360 - val 0.041213
Epoch 731/1500 - train 0.036989 - val 0.047302
Epoch 732/1500 - train 0.035990 - val 0.042031
Epoch 733/1500 - train 0.035732 - val 0.044407
Epoch 734/1500 - train 0.036959 - val 0.049367
Epoch 735/1500 - train 0.036248 - val 0.059420
Epoch 736/1500 - train 0.035648 - val 0.052410
Epoch 737/1500 - train 0.035000 - val 0.044929
Epoch 738/1500 - train 0.036865 - val 0.047849
Epoch 739/1500 - train 0.035007 - val 0.044600
Epoch 740/1500 - train 0.037086 - val 0.041463
Epoch 741/1500 - train 0.038029 - val 0.054238
Epoch 742/1500 - train 0.035957 - val 0.045171
Epoch 743/1500 - train 0.036838 - val 0.041071
Epoch 744/1500 - train 0.034381 - val 0.059987
Epoch 745/1500 - train 0.038138 - val 0.042779
Epoch 746/1500 - train 0.035070 - val 0.048244
Epoch 747/1500 - train 0.035293 - val 0.044371
Epoch 748/1500 - train 0.036481 - val 0.062475
Epoch 749/1500 - train 0.036166 - val 0.059656
Epoch 750/1500 - train 0.034883 - val 0.041544
Epoch 751/1500 - train 0.034509 - val 0.054599
Epoch 752/1500 - train 0.034202 - val 0.043524
Epoch 753/1500 - train 0.035534 - val 0.043206
Epoch 754/1500 - train 0.035832 - val 0.058834
Epoch 755/1500 - train 0.037950 - val 0.048179
Epoch 756/1500 - train 0.035162 - val 0.041401
Epoch 757/1500 - train 0.034210 - val 0.056788
Epoch 758/1500 - train 0.036745 - val 0.043928
Epoch 759/1500 - train 0.033928 - val 0.057739
Epoch 760/1500 - train 0.037518 - val 0.048964
Epoch 761/1500 - train 0.035232 - val 0.045362
Epoch 762/1500 - train 0.033664 - val 0.053675
Epoch 763/1500 - train 0.034766 - val 0.053233
Epoch 764/1500 - train 0.038038 - val 0.057317
Epoch 765/1500 - train 0.039901 - val 0.042638
Epoch 766/1500 - train 0.035537 - val 0.044613
Epoch 767/1500 - train 0.033444 - val 0.043039
Epoch 768/1500 - train 0.035873 - val 0.051686
Epoch 769/1500 - train 0.036255 - val 0.041815
Epoch 770/1500 - train 0.034783 - val 0.046115
Epoch 771/1500 - train 0.036974 - val 0.043670
Epoch 772/1500 - train 0.035990 - val 0.045564
Epoch 773/1500 - train 0.033063 - val 0.043270
Epoch 774/1500 - train 0.034574 - val 0.048489
Epoch 775/1500 - train 0.035997 - val 0.044242
Epoch 776/1500 - train 0.035729 - val 0.040716
Epoch 777/1500 - train 0.033950 - val 0.050291
Epoch 778/1500 - train 0.035787 - val 0.041069
Epoch 779/1500 - train 0.034707 - val 0.042739
Epoch 780/1500 - train 0.036640 - val 0.049716
Epoch 781/1500 - train 0.034551 - val 0.068410
Epoch 782/1500 - train 0.035243 - val 0.047824
Epoch 783/1500 - train 0.036781 - val 0.044071
Epoch 784/1500 - train 0.034547 - val 0.056389
Epoch 785/1500 - train 0.035614 - val 0.042995
Epoch 786/1500 - train 0.034796 - val 0.045541
Epoch 787/1500 - train 0.035683 - val 0.058798
Epoch 788/1500 - train 0.035332 - val 0.050144
Epoch 789/1500 - train 0.035137 - val 0.062429
Epoch 790/1500 - train 0.036077 - val 0.042802
Epoch 791/1500 - train 0.036564 - val 0.046380
Epoch 792/1500 - train 0.034151 - val 0.042731
Epoch 793/1500 - train 0.033960 - val 0.054049
Epoch 794/1500 - train 0.034363 - val 0.067624
Epoch 795/1500 - train 0.037445 - val 0.045126
Epoch 796/1500 - train 0.033952 - val 0.056400
Epoch 797/1500 - train 0.036089 - val 0.072798
Epoch 798/1500 - train 0.037120 - val 0.070519
Epoch 799/1500 - train 0.038052 - val 0.050876
Epoch 800/1500 - train 0.034197 - val 0.042356
Epoch 801/1500 - train 0.035538 - val 0.041867
Epoch 802/1500 - train 0.032388 - val 0.042897
Epoch 803/1500 - train 0.034551 - val 0.050092
Epoch 804/1500 - train 0.033503 - val 0.051629
Epoch 805/1500 - train 0.034155 - val 0.064496
Epoch 806/1500 - train 0.033681 - val 0.041727
Epoch 807/1500 - train 0.036095 - val 0.054411
Epoch 808/1500 - train 0.036483 - val 0.070427
Epoch 809/1500 - train 0.034746 - val 0.053512
Epoch 810/1500 - train 0.034272 - val 0.041543
Epoch 811/1500 - train 0.034693 - val 0.040940
Epoch 812/1500 - train 0.033702 - val 0.041054
Epoch 813/1500 - train 0.035088 - val 0.046115
Epoch 814/1500 - train 0.034363 - val 0.045899
Epoch 815/1500 - train 0.035337 - val 0.041845
Epoch 816/1500 - train 0.034319 - val 0.042399
Epoch 817/1500 - train 0.033480 - val 0.048559
Epoch 818/1500 - train 0.034780 - val 0.043931
Epoch 819/1500 - train 0.035426 - val 0.052139
Epoch 820/1500 - train 0.035769 - val 0.055865
Epoch 821/1500 - train 0.035609 - val 0.049290
Epoch 822/1500 - train 0.034406 - val 0.048403
Epoch 823/1500 - train 0.033591 - val 0.048945
Epoch 824/1500 - train 0.034125 - val 0.051657
Epoch 825/1500 - train 0.035180 - val 0.054248
Epoch 826/1500 - train 0.034579 - val 0.047089
Epoch 827/1500 - train 0.036658 - val 0.042307
Epoch 828/1500 - train 0.032691 - val 0.063774
Epoch 829/1500 - train 0.035604 - val 0.044642
Epoch 830/1500 - train 0.033584 - val 0.044832
Epoch 831/1500 - train 0.037115 - val 0.046789
Epoch 832/1500 - train 0.036973 - val 0.052268
Epoch 833/1500 - train 0.033188 - val 0.068940
Epoch 834/1500 - train 0.036320 - val 0.046890
Epoch 835/1500 - train 0.032290 - val 0.042106
Epoch 836/1500 - train 0.033220 - val 0.042867
Epoch 837/1500 - train 0.034767 - val 0.046138
Epoch 838/1500 - train 0.036067 - val 0.059292
Epoch 839/1500 - train 0.036902 - val 0.048163
Epoch 840/1500 - train 0.033058 - val 0.043347
Epoch 841/1500 - train 0.033017 - val 0.048503
Epoch 842/1500 - train 0.034842 - val 0.042111
Epoch 843/1500 - train 0.032288 - val 0.044649
Epoch 844/1500 - train 0.032996 - val 0.055559
Epoch 845/1500 - train 0.036001 - val 0.056294
Epoch 846/1500 - train 0.033688 - val 0.041539
Epoch 847/1500 - train 0.033589 - val 0.040348
Epoch 848/1500 - train 0.035929 - val 0.044945
Epoch 849/1500 - train 0.031759 - val 0.047971
Epoch 850/1500 - train 0.036754 - val 0.041472
Epoch 851/1500 - train 0.032802 - val 0.043537
Epoch 852/1500 - train 0.034299 - val 0.043979
Epoch 853/1500 - train 0.035541 - val 0.059429
Epoch 854/1500 - train 0.033407 - val 0.059936
Epoch 855/1500 - train 0.036041 - val 0.042863
Epoch 856/1500 - train 0.035279 - val 0.041967
Epoch 857/1500 - train 0.035101 - val 0.043356
Epoch 858/1500 - train 0.032968 - val 0.043840
Epoch 859/1500 - train 0.036484 - val 0.041060
Epoch 860/1500 - train 0.034348 - val 0.043142
Epoch 861/1500 - train 0.031967 - val 0.044704
Epoch 862/1500 - train 0.034507 - val 0.048519
Epoch 863/1500 - train 0.033204 - val 0.040915
Epoch 864/1500 - train 0.033065 - val 0.044492
Epoch 865/1500 - train 0.035238 - val 0.042906
Epoch 866/1500 - train 0.033889 - val 0.073842
Epoch 867/1500 - train 0.036905 - val 0.044185
Epoch 868/1500 - train 0.032261 - val 0.042373
Epoch 869/1500 - train 0.035740 - val 0.044545
Epoch 870/1500 - train 0.032692 - val 0.042869
Epoch 871/1500 - train 0.032803 - val 0.040237
Epoch 872/1500 - train 0.036765 - val 0.047022
Epoch 873/1500 - train 0.031449 - val 0.041210
Epoch 874/1500 - train 0.032395 - val 0.040562
Epoch 875/1500 - train 0.036350 - val 0.043285
Epoch 876/1500 - train 0.032777 - val 0.041977
Epoch 877/1500 - train 0.032088 - val 0.058547
Epoch 878/1500 - train 0.034690 - val 0.064510
Epoch 879/1500 - train 0.034750 - val 0.040805
Epoch 880/1500 - train 0.032226 - val 0.039236
Epoch 881/1500 - train 0.033637 - val 0.042804
Epoch 882/1500 - train 0.034411 - val 0.044915
Epoch 883/1500 - train 0.030801 - val 0.038691
Epoch 884/1500 - train 0.036562 - val 0.063700
Epoch 885/1500 - train 0.032715 - val 0.051458
Epoch 886/1500 - train 0.035121 - val 0.040751
Epoch 887/1500 - train 0.033277 - val 0.049789
Epoch 888/1500 - train 0.035231 - val 0.070736
Epoch 889/1500 - train 0.035687 - val 0.041698
Epoch 890/1500 - train 0.033615 - val 0.054783
Epoch 891/1500 - train 0.035783 - val 0.048784
Epoch 892/1500 - train 0.033722 - val 0.042222
Epoch 893/1500 - train 0.032546 - val 0.046041
Epoch 894/1500 - train 0.032315 - val 0.044003
Epoch 895/1500 - train 0.036775 - val 0.045757
Epoch 896/1500 - train 0.032714 - val 0.051393
Epoch 897/1500 - train 0.035045 - val 0.047719
Epoch 898/1500 - train 0.032334 - val 0.041596
Epoch 899/1500 - train 0.033586 - val 0.042864
Epoch 900/1500 - train 0.031225 - val 0.045248
Epoch 901/1500 - train 0.032795 - val 0.057722
Epoch 902/1500 - train 0.036135 - val 0.047024
Epoch 903/1500 - train 0.032661 - val 0.059355
Epoch 904/1500 - train 0.034368 - val 0.042434
Epoch 905/1500 - train 0.033329 - val 0.045373
Epoch 906/1500 - train 0.032124 - val 0.048375
Epoch 907/1500 - train 0.032916 - val 0.043263
Epoch 908/1500 - train 0.033073 - val 0.052893
Epoch 909/1500 - train 0.035388 - val 0.044108
Epoch 910/1500 - train 0.032504 - val 0.041438
Epoch 911/1500 - train 0.033186 - val 0.047085
Epoch 912/1500 - train 0.034194 - val 0.040826
Epoch 913/1500 - train 0.031601 - val 0.039745
Epoch 914/1500 - train 0.030711 - val 0.055662
Epoch 915/1500 - train 0.035033 - val 0.043205
Epoch 916/1500 - train 0.032953 - val 0.047442
Epoch 917/1500 - train 0.033088 - val 0.044373
Epoch 918/1500 - train 0.034171 - val 0.071090
Epoch 919/1500 - train 0.034946 - val 0.045269
Epoch 920/1500 - train 0.033769 - val 0.045063
Epoch 921/1500 - train 0.032582 - val 0.049963
Epoch 922/1500 - train 0.031973 - val 0.044824
Epoch 923/1500 - train 0.033153 - val 0.047699
Epoch 924/1500 - train 0.032403 - val 0.048569
Epoch 925/1500 - train 0.035845 - val 0.042441
Epoch 926/1500 - train 0.034233 - val 0.042604
Epoch 927/1500 - train 0.032982 - val 0.060679
Epoch 928/1500 - train 0.032801 - val 0.052738
Epoch 929/1500 - train 0.034498 - val 0.044363
Epoch 930/1500 - train 0.032838 - val 0.040041
Epoch 931/1500 - train 0.033519 - val 0.045370
Epoch 932/1500 - train 0.030289 - val 0.042971
Epoch 933/1500 - train 0.034592 - val 0.041593
Epoch 934/1500 - train 0.032114 - val 0.040125
Epoch 935/1500 - train 0.033104 - val 0.041398
Epoch 936/1500 - train 0.032525 - val 0.046532
Epoch 937/1500 - train 0.031121 - val 0.042253
Epoch 938/1500 - train 0.033689 - val 0.043319
Epoch 939/1500 - train 0.033389 - val 0.039954
Epoch 940/1500 - train 0.033936 - val 0.049253
Epoch 941/1500 - train 0.031905 - val 0.053795
Epoch 942/1500 - train 0.033322 - val 0.042383
Epoch 943/1500 - train 0.031488 - val 0.045894
Epoch 944/1500 - train 0.035797 - val 0.043619
Epoch 945/1500 - train 0.031044 - val 0.045769
Epoch 946/1500 - train 0.031676 - val 0.046154
Epoch 947/1500 - train 0.032648 - val 0.040808
Epoch 948/1500 - train 0.032392 - val 0.045948
Epoch 949/1500 - train 0.031951 - val 0.044335
Epoch 950/1500 - train 0.034597 - val 0.062942
Epoch 951/1500 - train 0.034873 - val 0.043149
Epoch 952/1500 - train 0.032646 - val 0.047844
Epoch 953/1500 - train 0.032411 - val 0.069072
Epoch 954/1500 - train 0.035840 - val 0.040540
Epoch 955/1500 - train 0.031677 - val 0.048575
Epoch 956/1500 - train 0.032576 - val 0.039124
Epoch 957/1500 - train 0.032083 - val 0.041535
Epoch 958/1500 - train 0.032999 - val 0.044638
Epoch 959/1500 - train 0.031412 - val 0.041818
Epoch 960/1500 - train 0.032853 - val 0.040243
Epoch 961/1500 - train 0.033757 - val 0.066283
Epoch 962/1500 - train 0.032413 - val 0.042669
Epoch 963/1500 - train 0.031429 - val 0.043110
Epoch 964/1500 - train 0.031463 - val 0.053924
Epoch 965/1500 - train 0.032528 - val 0.043653
Epoch 966/1500 - train 0.032314 - val 0.039141
Epoch 967/1500 - train 0.033914 - val 0.051813
Epoch 968/1500 - train 0.033598 - val 0.049029
Epoch 969/1500 - train 0.032426 - val 0.047622
Epoch 970/1500 - train 0.032309 - val 0.041051
Epoch 971/1500 - train 0.031497 - val 0.040217
Epoch 972/1500 - train 0.032127 - val 0.048874
Epoch 973/1500 - train 0.032798 - val 0.052137
Epoch 974/1500 - train 0.033994 - val 0.045011
Epoch 975/1500 - train 0.029925 - val 0.050517
Epoch 976/1500 - train 0.031434 - val 0.039891
Epoch 977/1500 - train 0.035711 - val 0.042640
Epoch 978/1500 - train 0.032260 - val 0.049098
Epoch 979/1500 - train 0.031851 - val 0.051702
Epoch 980/1500 - train 0.034269 - val 0.042298
Epoch 981/1500 - train 0.031455 - val 0.093807
Epoch 982/1500 - train 0.037131 - val 0.044446
Epoch 983/1500 - train 0.033918 - val 0.053454
Epoch 984/1500 - train 0.032259 - val 0.042994
Epoch 985/1500 - train 0.030605 - val 0.046033
Epoch 986/1500 - train 0.032058 - val 0.041287
Epoch 987/1500 - train 0.034041 - val 0.042547
Epoch 988/1500 - train 0.034260 - val 0.041984
Epoch 989/1500 - train 0.031124 - val 0.046773
Epoch 990/1500 - train 0.031249 - val 0.038150
Epoch 991/1500 - train 0.034480 - val 0.039892
Epoch 992/1500 - train 0.033987 - val 0.055119
Epoch 993/1500 - train 0.032132 - val 0.039245
Epoch 994/1500 - train 0.030959 - val 0.045789
Epoch 995/1500 - train 0.029984 - val 0.038333
Epoch 996/1500 - train 0.033266 - val 0.041424
Epoch 997/1500 - train 0.032553 - val 0.045115
Epoch 998/1500 - train 0.032513 - val 0.038399
Epoch 999/1500 - train 0.031850 - val 0.055812
Epoch 1000/1500 - train 0.034815 - val 0.041306
Epoch 1001/1500 - train 0.029474 - val 0.039024
Epoch 1002/1500 - train 0.034197 - val 0.039177
Epoch 1003/1500 - train 0.030368 - val 0.040151
Epoch 1004/1500 - train 0.032634 - val 0.048832
Epoch 1005/1500 - train 0.030904 - val 0.039162
Epoch 1006/1500 - train 0.032271 - val 0.052347
Epoch 1007/1500 - train 0.032238 - val 0.038929
Epoch 1008/1500 - train 0.030878 - val 0.053732
Epoch 1009/1500 - train 0.033733 - val 0.042502
Epoch 1010/1500 - train 0.031033 - val 0.038906
Epoch 1011/1500 - train 0.033840 - val 0.043341
Epoch 1012/1500 - train 0.031096 - val 0.038345
Epoch 1013/1500 - train 0.031300 - val 0.045039
Epoch 1014/1500 - train 0.033529 - val 0.045534
Epoch 1015/1500 - train 0.034304 - val 0.040057
Epoch 1016/1500 - train 0.030990 - val 0.048192
Epoch 1017/1500 - train 0.033632 - val 0.045624
Epoch 1018/1500 - train 0.030890 - val 0.043326
Epoch 1019/1500 - train 0.031098 - val 0.071512
Epoch 1020/1500 - train 0.032290 - val 0.042474
Epoch 1021/1500 - train 0.033923 - val 0.056892
Epoch 1022/1500 - train 0.031857 - val 0.051816
Epoch 1023/1500 - train 0.030745 - val 0.039876
Epoch 1024/1500 - train 0.031522 - val 0.054874
Epoch 1025/1500 - train 0.032840 - val 0.039016
Epoch 1026/1500 - train 0.032343 - val 0.054666
Epoch 1027/1500 - train 0.033660 - val 0.065176
Epoch 1028/1500 - train 0.031206 - val 0.066619
Epoch 1029/1500 - train 0.033155 - val 0.048472
Epoch 1030/1500 - train 0.029390 - val 0.042052
Epoch 1031/1500 - train 0.031445 - val 0.039840
Epoch 1032/1500 - train 0.030478 - val 0.039468
Epoch 1033/1500 - train 0.031519 - val 0.047782
Epoch 1034/1500 - train 0.032249 - val 0.038567
Epoch 1035/1500 - train 0.029424 - val 0.042457
Epoch 1036/1500 - train 0.031915 - val 0.044618
Epoch 1037/1500 - train 0.031987 - val 0.040045
Epoch 1038/1500 - train 0.030460 - val 0.039011
Epoch 1039/1500 - train 0.032062 - val 0.054952
Epoch 1040/1500 - train 0.033968 - val 0.039595
Epoch 1041/1500 - train 0.031704 - val 0.040310
Epoch 1042/1500 - train 0.031990 - val 0.041805
Epoch 1043/1500 - train 0.030284 - val 0.049307
Epoch 1044/1500 - train 0.033483 - val 0.045172
Epoch 1045/1500 - train 0.033444 - val 0.045490
Epoch 1046/1500 - train 0.031027 - val 0.041031
Epoch 1047/1500 - train 0.031185 - val 0.040456
Epoch 1048/1500 - train 0.030650 - val 0.044232
Epoch 1049/1500 - train 0.032419 - val 0.039695
Epoch 1050/1500 - train 0.031704 - val 0.043051
Epoch 1051/1500 - train 0.030079 - val 0.052644
Epoch 1052/1500 - train 0.031602 - val 0.041129
Epoch 1053/1500 - train 0.031000 - val 0.048267
Epoch 1054/1500 - train 0.031725 - val 0.041533
Epoch 1055/1500 - train 0.030760 - val 0.037821
Epoch 1056/1500 - train 0.030837 - val 0.045858
Epoch 1057/1500 - train 0.031755 - val 0.043372
Epoch 1058/1500 - train 0.031960 - val 0.040689
Epoch 1059/1500 - train 0.032147 - val 0.038200
Epoch 1060/1500 - train 0.030364 - val 0.039786
Epoch 1061/1500 - train 0.031683 - val 0.057785
Epoch 1062/1500 - train 0.036999 - val 0.042686
Epoch 1063/1500 - train 0.030714 - val 0.041637
Epoch 1064/1500 - train 0.033194 - val 0.039889
Epoch 1065/1500 - train 0.030839 - val 0.043639
Epoch 1066/1500 - train 0.031545 - val 0.038028
Epoch 1067/1500 - train 0.029789 - val 0.039561
Epoch 1068/1500 - train 0.029601 - val 0.045053
Epoch 1069/1500 - train 0.034733 - val 0.042102
Epoch 1070/1500 - train 0.029261 - val 0.039788
Epoch 1071/1500 - train 0.031035 - val 0.039443
Epoch 1072/1500 - train 0.029779 - val 0.041800
Epoch 1073/1500 - train 0.031076 - val 0.039611
Epoch 1074/1500 - train 0.031153 - val 0.038525
Epoch 1075/1500 - train 0.032092 - val 0.046651
Epoch 1076/1500 - train 0.031716 - val 0.040124
Epoch 1077/1500 - train 0.031351 - val 0.042570
Epoch 1078/1500 - train 0.031553 - val 0.044397
Epoch 1079/1500 - train 0.030102 - val 0.038668
Epoch 1080/1500 - train 0.031013 - val 0.047288
Epoch 1081/1500 - train 0.032331 - val 0.048681
Epoch 1082/1500 - train 0.031271 - val 0.046528
Epoch 1083/1500 - train 0.030914 - val 0.068145
Epoch 1084/1500 - train 0.031866 - val 0.046980
Epoch 1085/1500 - train 0.030100 - val 0.048061
Epoch 1086/1500 - train 0.033313 - val 0.039401
Epoch 1087/1500 - train 0.030039 - val 0.041409
Epoch 1088/1500 - train 0.031198 - val 0.046192
Epoch 1089/1500 - train 0.031043 - val 0.042708
Epoch 1090/1500 - train 0.031897 - val 0.040424
Epoch 1091/1500 - train 0.029841 - val 0.039994
Epoch 1092/1500 - train 0.030279 - val 0.040947
Epoch 1093/1500 - train 0.030338 - val 0.043227
Epoch 1094/1500 - train 0.031551 - val 0.044480
Epoch 1095/1500 - train 0.032562 - val 0.040418
Epoch 1096/1500 - train 0.030822 - val 0.041176
Epoch 1097/1500 - train 0.029541 - val 0.044293
Epoch 1098/1500 - train 0.030598 - val 0.052646
Epoch 1099/1500 - train 0.033198 - val 0.047768
Epoch 1100/1500 - train 0.029748 - val 0.039559
Epoch 1101/1500 - train 0.030641 - val 0.041771
Epoch 1102/1500 - train 0.032847 - val 0.051428
Epoch 1103/1500 - train 0.031044 - val 0.038054
Epoch 1104/1500 - train 0.030342 - val 0.046983
Epoch 1105/1500 - train 0.032720 - val 0.045017
Epoch 1106/1500 - train 0.033167 - val 0.063055
Epoch 1107/1500 - train 0.032721 - val 0.038210
Epoch 1108/1500 - train 0.030973 - val 0.041763
Epoch 1109/1500 - train 0.027984 - val 0.048164
Epoch 1110/1500 - train 0.030348 - val 0.040730
Epoch 1111/1500 - train 0.030141 - val 0.049794
Epoch 1112/1500 - train 0.032064 - val 0.039714
Epoch 1113/1500 - train 0.029775 - val 0.038023
Epoch 1114/1500 - train 0.030064 - val 0.040334
Epoch 1115/1500 - train 0.032288 - val 0.039625
Epoch 1116/1500 - train 0.029851 - val 0.047484
Epoch 1117/1500 - train 0.029820 - val 0.039904
Epoch 1118/1500 - train 0.030664 - val 0.041147
Epoch 1119/1500 - train 0.030402 - val 0.037075
Epoch 1120/1500 - train 0.032694 - val 0.040137
Epoch 1121/1500 - train 0.029938 - val 0.039262
Epoch 1122/1500 - train 0.029705 - val 0.037952
Epoch 1123/1500 - train 0.031055 - val 0.039188
Epoch 1124/1500 - train 0.030954 - val 0.044871
Epoch 1125/1500 - train 0.029131 - val 0.044587
Epoch 1126/1500 - train 0.030795 - val 0.065367
Epoch 1127/1500 - train 0.033524 - val 0.046827
Epoch 1128/1500 - train 0.029102 - val 0.040581
Epoch 1129/1500 - train 0.030609 - val 0.044697
Epoch 1130/1500 - train 0.029818 - val 0.042705
Epoch 1131/1500 - train 0.032273 - val 0.040096
Epoch 1132/1500 - train 0.028514 - val 0.041526
Epoch 1133/1500 - train 0.032892 - val 0.039354
Epoch 1134/1500 - train 0.031390 - val 0.057309
Epoch 1135/1500 - train 0.033046 - val 0.046939
Epoch 1136/1500 - train 0.031452 - val 0.044533
Epoch 1137/1500 - train 0.031259 - val 0.038233
Epoch 1138/1500 - train 0.029536 - val 0.040278
Epoch 1139/1500 - train 0.029497 - val 0.040376
Epoch 1140/1500 - train 0.031137 - val 0.047982
Epoch 1141/1500 - train 0.029022 - val 0.039024
Epoch 1142/1500 - train 0.030238 - val 0.046001
Epoch 1143/1500 - train 0.033341 - val 0.039173
Epoch 1144/1500 - train 0.031426 - val 0.051205
Epoch 1145/1500 - train 0.029904 - val 0.039018
Epoch 1146/1500 - train 0.030147 - val 0.039462
Epoch 1147/1500 - train 0.029392 - val 0.047413
Epoch 1148/1500 - train 0.033163 - val 0.041361
Epoch 1149/1500 - train 0.029820 - val 0.040674
Epoch 1150/1500 - train 0.030186 - val 0.040850
Epoch 1151/1500 - train 0.030931 - val 0.041643
Epoch 1152/1500 - train 0.030685 - val 0.040927
Epoch 1153/1500 - train 0.029302 - val 0.040119
Epoch 1154/1500 - train 0.029196 - val 0.039126
Epoch 1155/1500 - train 0.030660 - val 0.038091
Epoch 1156/1500 - train 0.030835 - val 0.044023
Epoch 1157/1500 - train 0.029969 - val 0.041807
Epoch 1158/1500 - train 0.029730 - val 0.048918
Epoch 1159/1500 - train 0.029714 - val 0.040011
Epoch 1160/1500 - train 0.030539 - val 0.040606
Epoch 1161/1500 - train 0.029382 - val 0.051477
Epoch 1162/1500 - train 0.031202 - val 0.039172
Epoch 1163/1500 - train 0.030558 - val 0.038977
Epoch 1164/1500 - train 0.031026 - val 0.044794
Epoch 1165/1500 - train 0.031767 - val 0.038970
Epoch 1166/1500 - train 0.031195 - val 0.040211
Epoch 1167/1500 - train 0.027948 - val 0.040155
Epoch 1168/1500 - train 0.029485 - val 0.037331
Epoch 1169/1500 - train 0.030535 - val 0.039139
Epoch 1170/1500 - train 0.032290 - val 0.050259
Epoch 1171/1500 - train 0.031292 - val 0.060274
Epoch 1172/1500 - train 0.031925 - val 0.041718
Epoch 1173/1500 - train 0.029959 - val 0.041947
Epoch 1174/1500 - train 0.030307 - val 0.045176
Epoch 1175/1500 - train 0.029898 - val 0.037174
Epoch 1176/1500 - train 0.029514 - val 0.043402
Epoch 1177/1500 - train 0.029296 - val 0.038300
Epoch 1178/1500 - train 0.029226 - val 0.050046
Epoch 1179/1500 - train 0.030680 - val 0.042869
Epoch 1180/1500 - train 0.030508 - val 0.037867
Epoch 1181/1500 - train 0.030571 - val 0.042334
Epoch 1182/1500 - train 0.030038 - val 0.056253
Epoch 1183/1500 - train 0.030170 - val 0.039395
Epoch 1184/1500 - train 0.028213 - val 0.037379
Epoch 1185/1500 - train 0.028248 - val 0.037633
Epoch 1186/1500 - train 0.031777 - val 0.037431
Epoch 1187/1500 - train 0.030062 - val 0.058979
Epoch 1188/1500 - train 0.031580 - val 0.038822
Epoch 1189/1500 - train 0.029200 - val 0.038382
Epoch 1190/1500 - train 0.028935 - val 0.039244
Epoch 1191/1500 - train 0.031273 - val 0.045676
Epoch 1192/1500 - train 0.030143 - val 0.042818
Epoch 1193/1500 - train 0.031915 - val 0.040894
Epoch 1194/1500 - train 0.031413 - val 0.038564
Epoch 1195/1500 - train 0.027371 - val 0.064626
Epoch 1196/1500 - train 0.033199 - val 0.042160
Epoch 1197/1500 - train 0.028951 - val 0.037853
Epoch 1198/1500 - train 0.029816 - val 0.040979
Epoch 1199/1500 - train 0.028555 - val 0.037671
Epoch 1200/1500 - train 0.029580 - val 0.039406
Epoch 1201/1500 - train 0.032419 - val 0.041421
Epoch 1202/1500 - train 0.028079 - val 0.042508
Epoch 1203/1500 - train 0.032935 - val 0.039668
Epoch 1204/1500 - train 0.027622 - val 0.061655
Epoch 1205/1500 - train 0.030654 - val 0.039619
Epoch 1206/1500 - train 0.030283 - val 0.043153
Epoch 1207/1500 - train 0.027550 - val 0.043522
Epoch 1208/1500 - train 0.030209 - val 0.039710
Epoch 1209/1500 - train 0.031415 - val 0.037036
Epoch 1210/1500 - train 0.030165 - val 0.039308
Epoch 1211/1500 - train 0.028433 - val 0.038340
Epoch 1212/1500 - train 0.029877 - val 0.057363
Epoch 1213/1500 - train 0.033072 - val 0.041031
Epoch 1214/1500 - train 0.029438 - val 0.048812
Epoch 1215/1500 - train 0.029863 - val 0.044787
Epoch 1216/1500 - train 0.028577 - val 0.047114
Epoch 1217/1500 - train 0.030319 - val 0.056595
Epoch 1218/1500 - train 0.030870 - val 0.038447
Epoch 1219/1500 - train 0.028433 - val 0.037148
Epoch 1220/1500 - train 0.030456 - val 0.045325
Epoch 1221/1500 - train 0.031196 - val 0.039562
Epoch 1222/1500 - train 0.027896 - val 0.036701
Epoch 1223/1500 - train 0.029103 - val 0.049174
Epoch 1224/1500 - train 0.030816 - val 0.047721
Epoch 1225/1500 - train 0.028107 - val 0.038401
Epoch 1226/1500 - train 0.030725 - val 0.037358
Epoch 1227/1500 - train 0.029849 - val 0.057208
Epoch 1228/1500 - train 0.031260 - val 0.041094
Epoch 1229/1500 - train 0.027505 - val 0.043520
Epoch 1230/1500 - train 0.030553 - val 0.039382
Epoch 1231/1500 - train 0.028284 - val 0.040008
Epoch 1232/1500 - train 0.029220 - val 0.039225
Epoch 1233/1500 - train 0.031709 - val 0.040501
Epoch 1234/1500 - train 0.029033 - val 0.037738
Epoch 1235/1500 - train 0.030223 - val 0.045753
Epoch 1236/1500 - train 0.030405 - val 0.040410
Epoch 1237/1500 - train 0.029804 - val 0.038195
Epoch 1238/1500 - train 0.029408 - val 0.040064
Epoch 1239/1500 - train 0.028807 - val 0.041924
Epoch 1240/1500 - train 0.029282 - val 0.060862
Epoch 1241/1500 - train 0.032324 - val 0.039846
Epoch 1242/1500 - train 0.030922 - val 0.037569
Epoch 1243/1500 - train 0.028632 - val 0.037063
Epoch 1244/1500 - train 0.028145 - val 0.055812
Epoch 1245/1500 - train 0.032009 - val 0.054186
Epoch 1246/1500 - train 0.030659 - val 0.040833
Epoch 1247/1500 - train 0.027446 - val 0.039377
Epoch 1248/1500 - train 0.029416 - val 0.042431
Epoch 1249/1500 - train 0.027914 - val 0.036836
Epoch 1250/1500 - train 0.030308 - val 0.043253
Epoch 1251/1500 - train 0.029263 - val 0.050284
Epoch 1252/1500 - train 0.030947 - val 0.050886
Epoch 1253/1500 - train 0.029941 - val 0.037534
Epoch 1254/1500 - train 0.030506 - val 0.052955
Epoch 1255/1500 - train 0.031259 - val 0.038154
Epoch 1256/1500 - train 0.026911 - val 0.040670
Epoch 1257/1500 - train 0.029662 - val 0.043357
Epoch 1258/1500 - train 0.029159 - val 0.036857
Epoch 1259/1500 - train 0.028988 - val 0.046349
Epoch 1260/1500 - train 0.028984 - val 0.041147
Epoch 1261/1500 - train 0.028647 - val 0.039154
Epoch 1262/1500 - train 0.030191 - val 0.047595
Epoch 1263/1500 - train 0.029071 - val 0.042695
Epoch 1264/1500 - train 0.030135 - val 0.040942
Epoch 1265/1500 - train 0.030287 - val 0.045358
Epoch 1266/1500 - train 0.031798 - val 0.039670
Epoch 1267/1500 - train 0.027143 - val 0.040362
Epoch 1268/1500 - train 0.027854 - val 0.038440
Epoch 1269/1500 - train 0.030571 - val 0.038837
Epoch 1270/1500 - train 0.029312 - val 0.042302
Epoch 1271/1500 - train 0.029285 - val 0.039306
Epoch 1272/1500 - train 0.028164 - val 0.067297
Epoch 1273/1500 - train 0.033092 - val 0.036648
Epoch 1274/1500 - train 0.029444 - val 0.047419
Epoch 1275/1500 - train 0.029003 - val 0.037418
Epoch 1276/1500 - train 0.025999 - val 0.036901
Epoch 1277/1500 - train 0.029862 - val 0.040158
Epoch 1278/1500 - train 0.030037 - val 0.036563
Epoch 1279/1500 - train 0.029826 - val 0.046402
Epoch 1280/1500 - train 0.028717 - val 0.055819
Epoch 1281/1500 - train 0.031801 - val 0.038161
Epoch 1282/1500 - train 0.028808 - val 0.046454
Epoch 1283/1500 - train 0.028581 - val 0.068208
Epoch 1284/1500 - train 0.033186 - val 0.042298
Epoch 1285/1500 - train 0.028670 - val 0.037653
Epoch 1286/1500 - train 0.027081 - val 0.061940
Epoch 1287/1500 - train 0.032763 - val 0.050271
Epoch 1288/1500 - train 0.028852 - val 0.041586
Epoch 1289/1500 - train 0.031946 - val 0.038079
Epoch 1290/1500 - train 0.028985 - val 0.037327
Epoch 1291/1500 - train 0.027715 - val 0.041449
Epoch 1292/1500 - train 0.029834 - val 0.039443
Epoch 1293/1500 - train 0.028606 - val 0.039051
Epoch 1294/1500 - train 0.027357 - val 0.039174
Epoch 1295/1500 - train 0.031250 - val 0.037326
Epoch 1296/1500 - train 0.028248 - val 0.038552
Epoch 1297/1500 - train 0.027925 - val 0.044073
Epoch 1298/1500 - train 0.030357 - val 0.052226
Epoch 1299/1500 - train 0.028516 - val 0.036504
Epoch 1300/1500 - train 0.032202 - val 0.052762
Epoch 1301/1500 - train 0.028114 - val 0.054491
Epoch 1302/1500 - train 0.028217 - val 0.040959
Epoch 1303/1500 - train 0.029223 - val 0.036831
Epoch 1304/1500 - train 0.028744 - val 0.038643
Epoch 1305/1500 - train 0.030161 - val 0.045161
Epoch 1306/1500 - train 0.028742 - val 0.040850
Epoch 1307/1500 - train 0.027622 - val 0.035951
Epoch 1308/1500 - train 0.026836 - val 0.046659
Epoch 1309/1500 - train 0.032543 - val 0.036676
Epoch 1310/1500 - train 0.027676 - val 0.038327
Epoch 1311/1500 - train 0.028849 - val 0.037111
Epoch 1312/1500 - train 0.028777 - val 0.043998
Epoch 1313/1500 - train 0.030074 - val 0.038240
Epoch 1314/1500 - train 0.029212 - val 0.074904
Epoch 1315/1500 - train 0.031928 - val 0.036569
Epoch 1316/1500 - train 0.028030 - val 0.039802
Epoch 1317/1500 - train 0.028927 - val 0.040657
Epoch 1318/1500 - train 0.029223 - val 0.047816
Epoch 1319/1500 - train 0.032088 - val 0.039882
Epoch 1320/1500 - train 0.027477 - val 0.040990
Epoch 1321/1500 - train 0.028094 - val 0.040077
Epoch 1322/1500 - train 0.029809 - val 0.037508
Epoch 1323/1500 - train 0.030279 - val 0.039431
Epoch 1324/1500 - train 0.027473 - val 0.038290
Epoch 1325/1500 - train 0.027383 - val 0.035845
Epoch 1326/1500 - train 0.030305 - val 0.040088
Epoch 1327/1500 - train 0.029087 - val 0.043303
Epoch 1328/1500 - train 0.028220 - val 0.040716
Epoch 1329/1500 - train 0.030644 - val 0.039882
Epoch 1330/1500 - train 0.030400 - val 0.037941
Epoch 1331/1500 - train 0.029573 - val 0.041120
Epoch 1332/1500 - train 0.026285 - val 0.037833
Epoch 1333/1500 - train 0.029552 - val 0.038712
Epoch 1334/1500 - train 0.029212 - val 0.050707
Epoch 1335/1500 - train 0.030808 - val 0.038901
Epoch 1336/1500 - train 0.029019 - val 0.040901
Epoch 1337/1500 - train 0.028266 - val 0.037451
Epoch 1338/1500 - train 0.027462 - val 0.037243
Epoch 1339/1500 - train 0.029591 - val 0.036870
Epoch 1340/1500 - train 0.029313 - val 0.037683
Epoch 1341/1500 - train 0.028472 - val 0.043466
Epoch 1342/1500 - train 0.029760 - val 0.038036
Epoch 1343/1500 - train 0.027444 - val 0.040328
Epoch 1344/1500 - train 0.029947 - val 0.039987
Epoch 1345/1500 - train 0.028883 - val 0.039617
Epoch 1346/1500 - train 0.029448 - val 0.050374
Epoch 1347/1500 - train 0.029921 - val 0.039022
Epoch 1348/1500 - train 0.029281 - val 0.036607
Epoch 1349/1500 - train 0.028531 - val 0.040114
Epoch 1350/1500 - train 0.028434 - val 0.040389
Epoch 1351/1500 - train 0.029753 - val 0.037426
Epoch 1352/1500 - train 0.027144 - val 0.037931
Epoch 1353/1500 - train 0.028766 - val 0.046481
Epoch 1354/1500 - train 0.028861 - val 0.040417
Epoch 1355/1500 - train 0.030559 - val 0.042131
Epoch 1356/1500 - train 0.027487 - val 0.037406
Epoch 1357/1500 - train 0.029907 - val 0.037506
Epoch 1358/1500 - train 0.027921 - val 0.041525
Epoch 1359/1500 - train 0.028440 - val 0.038635
Epoch 1360/1500 - train 0.027660 - val 0.042513
Epoch 1361/1500 - train 0.027619 - val 0.042980
Epoch 1362/1500 - train 0.032215 - val 0.043163
Epoch 1363/1500 - train 0.026456 - val 0.040401
Epoch 1364/1500 - train 0.028555 - val 0.037577
Epoch 1365/1500 - train 0.029178 - val 0.047544
Epoch 1366/1500 - train 0.028217 - val 0.037453
Epoch 1367/1500 - train 0.027092 - val 0.038517
Epoch 1368/1500 - train 0.030605 - val 0.041935
Epoch 1369/1500 - train 0.031413 - val 0.040724
Epoch 1370/1500 - train 0.027461 - val 0.040589
Epoch 1371/1500 - train 0.027698 - val 0.038552
Epoch 1372/1500 - train 0.028885 - val 0.039325
Epoch 1373/1500 - train 0.027396 - val 0.056741
Epoch 1374/1500 - train 0.030207 - val 0.037281
Epoch 1375/1500 - train 0.028715 - val 0.039085
Epoch 1376/1500 - train 0.028800 - val 0.036439
Epoch 1377/1500 - train 0.029452 - val 0.054955
Epoch 1378/1500 - train 0.029167 - val 0.036761
Epoch 1379/1500 - train 0.028361 - val 0.036031
Epoch 1380/1500 - train 0.026353 - val 0.041541
Epoch 1381/1500 - train 0.030404 - val 0.036930
Epoch 1382/1500 - train 0.026275 - val 0.037288
Epoch 1383/1500 - train 0.028566 - val 0.049515
Epoch 1384/1500 - train 0.029700 - val 0.042317
Epoch 1385/1500 - train 0.028475 - val 0.035441
Epoch 1386/1500 - train 0.027295 - val 0.037807
Epoch 1387/1500 - train 0.029207 - val 0.038388
Epoch 1388/1500 - train 0.026458 - val 0.039211
Epoch 1389/1500 - train 0.028817 - val 0.039090
Epoch 1390/1500 - train 0.027274 - val 0.038503
Epoch 1391/1500 - train 0.029885 - val 0.038268
Epoch 1392/1500 - train 0.026458 - val 0.051289
Epoch 1393/1500 - train 0.029281 - val 0.036989
Epoch 1394/1500 - train 0.028720 - val 0.037400
Epoch 1395/1500 - train 0.029669 - val 0.038110
Epoch 1396/1500 - train 0.026779 - val 0.037132
Epoch 1397/1500 - train 0.027631 - val 0.049545
Epoch 1398/1500 - train 0.029554 - val 0.037119
Epoch 1399/1500 - train 0.030461 - val 0.036359
Epoch 1400/1500 - train 0.025864 - val 0.040287
Epoch 1401/1500 - train 0.029241 - val 0.035431
Epoch 1402/1500 - train 0.029548 - val 0.038000
Epoch 1403/1500 - train 0.026522 - val 0.040040
Epoch 1404/1500 - train 0.028212 - val 0.043942
Epoch 1405/1500 - train 0.027772 - val 0.037346
Epoch 1406/1500 - train 0.028019 - val 0.043177
Epoch 1407/1500 - train 0.027869 - val 0.035965
Epoch 1408/1500 - train 0.028703 - val 0.040315
Epoch 1409/1500 - train 0.028309 - val 0.043772
Epoch 1410/1500 - train 0.032153 - val 0.044969
Epoch 1411/1500 - train 0.027135 - val 0.035610
Epoch 1412/1500 - train 0.028300 - val 0.037880
Epoch 1413/1500 - train 0.028402 - val 0.044388
Epoch 1414/1500 - train 0.028846 - val 0.039136
Epoch 1415/1500 - train 0.026822 - val 0.047896
Epoch 1416/1500 - train 0.029817 - val 0.037967
Epoch 1417/1500 - train 0.028360 - val 0.044796
Epoch 1418/1500 - train 0.026277 - val 0.052972
Epoch 1419/1500 - train 0.029170 - val 0.039346
Epoch 1420/1500 - train 0.027417 - val 0.035829
Epoch 1421/1500 - train 0.031978 - val 0.041112
Epoch 1422/1500 - train 0.027699 - val 0.035586
Epoch 1423/1500 - train 0.027882 - val 0.051279
Epoch 1424/1500 - train 0.030352 - val 0.044804
Epoch 1425/1500 - train 0.028447 - val 0.039784
Epoch 1426/1500 - train 0.027472 - val 0.037661
Epoch 1427/1500 - train 0.025726 - val 0.044895
Epoch 1428/1500 - train 0.029137 - val 0.036266
Epoch 1429/1500 - train 0.027273 - val 0.041306
Epoch 1430/1500 - train 0.027701 - val 0.046640
Epoch 1431/1500 - train 0.027878 - val 0.036866
Epoch 1432/1500 - train 0.026692 - val 0.039304
Epoch 1433/1500 - train 0.028689 - val 0.036622
Epoch 1434/1500 - train 0.029400 - val 0.042868
Epoch 1435/1500 - train 0.028476 - val 0.072183
Epoch 1436/1500 - train 0.031044 - val 0.043357
Epoch 1437/1500 - train 0.026911 - val 0.046772
Epoch 1438/1500 - train 0.028546 - val 0.036422
Epoch 1439/1500 - train 0.028209 - val 0.040980
Epoch 1440/1500 - train 0.027843 - val 0.042275
Epoch 1441/1500 - train 0.026896 - val 0.045027
Epoch 1442/1500 - train 0.027857 - val 0.037502
Epoch 1443/1500 - train 0.028000 - val 0.035637
Epoch 1444/1500 - train 0.026026 - val 0.055112
Epoch 1445/1500 - train 0.030424 - val 0.046057
Epoch 1446/1500 - train 0.029574 - val 0.040999
Epoch 1447/1500 - train 0.029875 - val 0.035515
Epoch 1448/1500 - train 0.026004 - val 0.037445
Epoch 1449/1500 - train 0.028128 - val 0.042436
Epoch 1450/1500 - train 0.027620 - val 0.047082
Epoch 1451/1500 - train 0.027652 - val 0.039961
Epoch 1452/1500 - train 0.027693 - val 0.038146
Epoch 1453/1500 - train 0.026639 - val 0.041050
Epoch 1454/1500 - train 0.028730 - val 0.036336
Epoch 1455/1500 - train 0.028306 - val 0.046551
Epoch 1456/1500 - train 0.026623 - val 0.035018
Epoch 1457/1500 - train 0.026590 - val 0.040046
Epoch 1458/1500 - train 0.028091 - val 0.039390
Epoch 1459/1500 - train 0.028886 - val 0.038709
Epoch 1460/1500 - train 0.026958 - val 0.040497
Epoch 1461/1500 - train 0.029862 - val 0.038856
Epoch 1462/1500 - train 0.026700 - val 0.038352
Epoch 1463/1500 - train 0.028383 - val 0.036485
Epoch 1464/1500 - train 0.027459 - val 0.041211
Epoch 1465/1500 - train 0.028756 - val 0.036975
Epoch 1466/1500 - train 0.027814 - val 0.039933
Epoch 1467/1500 - train 0.031752 - val 0.049364
Epoch 1468/1500 - train 0.028927 - val 0.042379
Epoch 1469/1500 - train 0.028088 - val 0.039177
Epoch 1470/1500 - train 0.026742 - val 0.039376
Epoch 1471/1500 - train 0.027120 - val 0.051005
Epoch 1472/1500 - train 0.028925 - val 0.036928
Epoch 1473/1500 - train 0.026941 - val 0.044083
Epoch 1474/1500 - train 0.029355 - val 0.039473
Epoch 1475/1500 - train 0.028469 - val 0.038418
Epoch 1476/1500 - train 0.026433 - val 0.047473
Epoch 1477/1500 - train 0.028114 - val 0.036947
Epoch 1478/1500 - train 0.027425 - val 0.038349
Epoch 1479/1500 - train 0.029390 - val 0.040932
Epoch 1480/1500 - train 0.028375 - val 0.039224
Epoch 1481/1500 - train 0.027728 - val 0.036544
Epoch 1482/1500 - train 0.026482 - val 0.035290
Epoch 1483/1500 - train 0.025775 - val 0.037359
Epoch 1484/1500 - train 0.027054 - val 0.037828
Epoch 1485/1500 - train 0.028399 - val 0.044042
Epoch 1486/1500 - train 0.026301 - val 0.039909
Epoch 1487/1500 - train 0.028347 - val 0.036827
Epoch 1488/1500 - train 0.029070 - val 0.035824
Epoch 1489/1500 - train 0.025604 - val 0.039814
Epoch 1490/1500 - train 0.028428 - val 0.038889
Epoch 1491/1500 - train 0.027984 - val 0.038271
Epoch 1492/1500 - train 0.027635 - val 0.036324
Epoch 1493/1500 - train 0.029002 - val 0.041321
Epoch 1494/1500 - train 0.026582 - val 0.037519
Epoch 1495/1500 - train 0.025841 - val 0.052245
Epoch 1496/1500 - train 0.029647 - val 0.035048
Epoch 1497/1500 - train 0.027479 - val 0.052502
Epoch 1498/1500 - train 0.028223 - val 0.040296
Epoch 1499/1500 - train 0.026411 - val 0.039852
Epoch 1500/1500 - train 0.027827 - val 0.042225
Saved model to /scratch/network/ak9088/NASA-RL-Wavefront-Control/RL/jobs/20251224_231857/exp-fc1-zscore-ep1500-bs2048-lr1e-3-s42-h128-64-images/fc1_best.pth
