y: [[-2.35998277e-02 -2.75871515e-01  6.02177918e-01 ... -1.45009488e-01
   1.37586817e-01  5.20542969e-08]
 [ 2.95631289e-01 -5.61051369e-01  7.74623975e-02 ...  2.91730184e-02
  -7.50362873e-02  4.47253754e-08]
 [-3.29329483e-02 -6.01176620e-02  3.24746937e-01 ...  2.15225220e-02
   1.27907038e-01  4.16605346e-08]
 ...
 [-4.33955073e-01 -4.90099400e-01 -1.55435922e-02 ...  3.90027910e-02
   1.10533364e-01  3.87430106e-08]
 [ 5.37902117e-01 -1.41388550e-01  5.18994570e-01 ...  1.73039939e-02
   7.44224042e-02  5.09173859e-08]
 [ 4.88248914e-01  5.02021909e-01  1.60611402e-02 ...  2.46921293e-02
  -7.26920664e-02  4.84270082e-08]]
Dataset loaded: N=100000 (original 100000), C=3, H=20, W=20, y_dim=26
using device: cpu
Epoch 1/1500 - train 0.449704 - val 0.300746
Epoch 2/1500 - train 0.264238 - val 0.239140
Epoch 3/1500 - train 0.223153 - val 0.206101
Epoch 4/1500 - train 0.198712 - val 0.209292
Epoch 5/1500 - train 0.177498 - val 0.175097
Epoch 6/1500 - train 0.160858 - val 0.169753
Epoch 7/1500 - train 0.149879 - val 0.145147
Epoch 8/1500 - train 0.142155 - val 0.151511
Epoch 9/1500 - train 0.136367 - val 0.142301
Epoch 10/1500 - train 0.131326 - val 0.128166
Epoch 11/1500 - train 0.122922 - val 0.116378
Epoch 12/1500 - train 0.119925 - val 0.128521
Epoch 13/1500 - train 0.119178 - val 0.113902
Epoch 14/1500 - train 0.115762 - val 0.115177
Epoch 15/1500 - train 0.113467 - val 0.125219
Epoch 16/1500 - train 0.111943 - val 0.113576
Epoch 17/1500 - train 0.110564 - val 0.111575
Epoch 18/1500 - train 0.107051 - val 0.107841
Epoch 19/1500 - train 0.106673 - val 0.101188
Epoch 20/1500 - train 0.104571 - val 0.109464
Epoch 21/1500 - train 0.104181 - val 0.102270
Epoch 22/1500 - train 0.102568 - val 0.118219
Epoch 23/1500 - train 0.101600 - val 0.101951
Epoch 24/1500 - train 0.099816 - val 0.105385
Epoch 25/1500 - train 0.100256 - val 0.093634
Epoch 26/1500 - train 0.100433 - val 0.113825
Epoch 27/1500 - train 0.099957 - val 0.103613
Epoch 28/1500 - train 0.098754 - val 0.115464
Epoch 29/1500 - train 0.099129 - val 0.103836
Epoch 30/1500 - train 0.097531 - val 0.092825
Epoch 31/1500 - train 0.097618 - val 0.123587
Epoch 32/1500 - train 0.096275 - val 0.097172
Epoch 33/1500 - train 0.096239 - val 0.102262
Epoch 34/1500 - train 0.095334 - val 0.092010
Epoch 35/1500 - train 0.093898 - val 0.094756
Epoch 36/1500 - train 0.092860 - val 0.091661
Epoch 37/1500 - train 0.091503 - val 0.108885
Epoch 38/1500 - train 0.092940 - val 0.101492
Epoch 39/1500 - train 0.093058 - val 0.095865
Epoch 40/1500 - train 0.093594 - val 0.104609
Epoch 41/1500 - train 0.091461 - val 0.093643
Epoch 42/1500 - train 0.091423 - val 0.101552
Epoch 43/1500 - train 0.091090 - val 0.090333
Epoch 44/1500 - train 0.091378 - val 0.093620
Epoch 45/1500 - train 0.089155 - val 0.093032
Epoch 46/1500 - train 0.089949 - val 0.085221
Epoch 47/1500 - train 0.090493 - val 0.086421
Epoch 48/1500 - train 0.089405 - val 0.093913
Epoch 49/1500 - train 0.089656 - val 0.098075
Epoch 50/1500 - train 0.089290 - val 0.094892
Epoch 51/1500 - train 0.090182 - val 0.089531
Epoch 52/1500 - train 0.089316 - val 0.087467
Epoch 53/1500 - train 0.087158 - val 0.103940
Epoch 54/1500 - train 0.087336 - val 0.102156
Epoch 55/1500 - train 0.088556 - val 0.098974
Epoch 56/1500 - train 0.087485 - val 0.094524
Epoch 57/1500 - train 0.087964 - val 0.093857
Epoch 58/1500 - train 0.086325 - val 0.095202
Epoch 59/1500 - train 0.086457 - val 0.128322
Epoch 60/1500 - train 0.089755 - val 0.091881
Epoch 61/1500 - train 0.085343 - val 0.098668
Epoch 62/1500 - train 0.087014 - val 0.092712
Epoch 63/1500 - train 0.086595 - val 0.086609
Epoch 64/1500 - train 0.085442 - val 0.096300
Epoch 65/1500 - train 0.086386 - val 0.100572
Epoch 66/1500 - train 0.086771 - val 0.090458
Epoch 67/1500 - train 0.082830 - val 0.091388
Epoch 68/1500 - train 0.086654 - val 0.085563
Epoch 69/1500 - train 0.086063 - val 0.088315
Epoch 70/1500 - train 0.086427 - val 0.090277
Epoch 71/1500 - train 0.083580 - val 0.091052
Epoch 72/1500 - train 0.083890 - val 0.086654
Epoch 73/1500 - train 0.085730 - val 0.084154
Epoch 74/1500 - train 0.083325 - val 0.091860
Epoch 75/1500 - train 0.083524 - val 0.087059
Epoch 76/1500 - train 0.085045 - val 0.083215
Epoch 77/1500 - train 0.085091 - val 0.092467
Epoch 78/1500 - train 0.083988 - val 0.088876
Epoch 79/1500 - train 0.081636 - val 0.089058
Epoch 80/1500 - train 0.083882 - val 0.089002
Epoch 81/1500 - train 0.085163 - val 0.083566
Epoch 82/1500 - train 0.083140 - val 0.088695
Epoch 83/1500 - train 0.081734 - val 0.082271
Epoch 84/1500 - train 0.082337 - val 0.081884
Epoch 85/1500 - train 0.083374 - val 0.083118
Epoch 86/1500 - train 0.084157 - val 0.112570
Epoch 87/1500 - train 0.081406 - val 0.081096
Epoch 88/1500 - train 0.083288 - val 0.085882
Epoch 89/1500 - train 0.081738 - val 0.108388
Epoch 90/1500 - train 0.083995 - val 0.093544
Epoch 91/1500 - train 0.080273 - val 0.108710
Epoch 92/1500 - train 0.082424 - val 0.077682
Epoch 93/1500 - train 0.083350 - val 0.086062
Epoch 94/1500 - train 0.080069 - val 0.076719
Epoch 95/1500 - train 0.080630 - val 0.092847
Epoch 96/1500 - train 0.081925 - val 0.096843
Epoch 97/1500 - train 0.079963 - val 0.080949
Epoch 98/1500 - train 0.080571 - val 0.081003
Epoch 99/1500 - train 0.081962 - val 0.086558
Epoch 100/1500 - train 0.080170 - val 0.089307
Epoch 101/1500 - train 0.081853 - val 0.086951
Epoch 102/1500 - train 0.080031 - val 0.090659
Epoch 103/1500 - train 0.079973 - val 0.104557
Epoch 104/1500 - train 0.079528 - val 0.081173
Epoch 105/1500 - train 0.080788 - val 0.078313
Epoch 106/1500 - train 0.078962 - val 0.086856
Epoch 107/1500 - train 0.079609 - val 0.107065
Epoch 108/1500 - train 0.078759 - val 0.099663
Epoch 109/1500 - train 0.078657 - val 0.085962
Epoch 110/1500 - train 0.078776 - val 0.139872
Epoch 111/1500 - train 0.084342 - val 0.089984
Epoch 112/1500 - train 0.078165 - val 0.084485
Epoch 113/1500 - train 0.078847 - val 0.100092
Epoch 114/1500 - train 0.080665 - val 0.086462
Epoch 115/1500 - train 0.078931 - val 0.098033
Epoch 116/1500 - train 0.079620 - val 0.098545
Epoch 117/1500 - train 0.082164 - val 0.091106
Epoch 118/1500 - train 0.077541 - val 0.083136
Epoch 119/1500 - train 0.079255 - val 0.094670
Epoch 120/1500 - train 0.079191 - val 0.077446
Epoch 121/1500 - train 0.077776 - val 0.080311
Epoch 122/1500 - train 0.078341 - val 0.077590
Epoch 123/1500 - train 0.079695 - val 0.075401
Epoch 124/1500 - train 0.076931 - val 0.087647
Epoch 125/1500 - train 0.079871 - val 0.081862
Epoch 126/1500 - train 0.076095 - val 0.081137
Epoch 127/1500 - train 0.077949 - val 0.085104
Epoch 128/1500 - train 0.077110 - val 0.081203
Epoch 129/1500 - train 0.076629 - val 0.085753
Epoch 130/1500 - train 0.081550 - val 0.082017
Epoch 131/1500 - train 0.077234 - val 0.076858
Epoch 132/1500 - train 0.075626 - val 0.122249
Epoch 133/1500 - train 0.079258 - val 0.098324
Epoch 134/1500 - train 0.077993 - val 0.086864
Epoch 135/1500 - train 0.075841 - val 0.082190
Epoch 136/1500 - train 0.078191 - val 0.104988
Epoch 137/1500 - train 0.077072 - val 0.087242
Epoch 138/1500 - train 0.077092 - val 0.076924
Epoch 139/1500 - train 0.075307 - val 0.083878
Epoch 140/1500 - train 0.075496 - val 0.097438
Epoch 141/1500 - train 0.079436 - val 0.087943
Epoch 142/1500 - train 0.076325 - val 0.100424
Epoch 143/1500 - train 0.078326 - val 0.079035
Epoch 144/1500 - train 0.076359 - val 0.081175
Epoch 145/1500 - train 0.075685 - val 0.110898
Epoch 146/1500 - train 0.075916 - val 0.076074
Epoch 147/1500 - train 0.075353 - val 0.083488
Epoch 148/1500 - train 0.076807 - val 0.078882
Epoch 149/1500 - train 0.075011 - val 0.079782
Epoch 150/1500 - train 0.074759 - val 0.096065
Epoch 151/1500 - train 0.080193 - val 0.084145
Epoch 152/1500 - train 0.073742 - val 0.076309
Epoch 153/1500 - train 0.076060 - val 0.087008
Epoch 154/1500 - train 0.076267 - val 0.102140
Epoch 155/1500 - train 0.076725 - val 0.075617
Epoch 156/1500 - train 0.076178 - val 0.074870
Epoch 157/1500 - train 0.075460 - val 0.074154
Epoch 158/1500 - train 0.073237 - val 0.079423
Epoch 159/1500 - train 0.076643 - val 0.102395
Epoch 160/1500 - train 0.076043 - val 0.080917
Epoch 161/1500 - train 0.075363 - val 0.084933
Epoch 162/1500 - train 0.075673 - val 0.095281
Epoch 163/1500 - train 0.076540 - val 0.093806
Epoch 164/1500 - train 0.074647 - val 0.075661
Epoch 165/1500 - train 0.074719 - val 0.076829
Epoch 166/1500 - train 0.075452 - val 0.077527
Epoch 167/1500 - train 0.075211 - val 0.074894
Epoch 168/1500 - train 0.071732 - val 0.078308
Epoch 169/1500 - train 0.075736 - val 0.085313
Epoch 170/1500 - train 0.076350 - val 0.073153
Epoch 171/1500 - train 0.073517 - val 0.083297
Epoch 172/1500 - train 0.074616 - val 0.079880
Epoch 173/1500 - train 0.075876 - val 0.102467
Epoch 174/1500 - train 0.077403 - val 0.082322
Epoch 175/1500 - train 0.073329 - val 0.072462
Epoch 176/1500 - train 0.076930 - val 0.086190
Epoch 177/1500 - train 0.072928 - val 0.097831
Epoch 178/1500 - train 0.074777 - val 0.087622
Epoch 179/1500 - train 0.073992 - val 0.084201
Epoch 180/1500 - train 0.072202 - val 0.071441
Epoch 181/1500 - train 0.072860 - val 0.109834
Epoch 182/1500 - train 0.075312 - val 0.087836
Epoch 183/1500 - train 0.076743 - val 0.083132
Epoch 184/1500 - train 0.072979 - val 0.074131
Epoch 185/1500 - train 0.074095 - val 0.077335
Epoch 186/1500 - train 0.072621 - val 0.091661
Epoch 187/1500 - train 0.073015 - val 0.074632
Epoch 188/1500 - train 0.074267 - val 0.092021
Epoch 189/1500 - train 0.074730 - val 0.124584
Epoch 190/1500 - train 0.077322 - val 0.075760
Epoch 191/1500 - train 0.072490 - val 0.082937
Epoch 192/1500 - train 0.071411 - val 0.075316
Epoch 193/1500 - train 0.069823 - val 0.070820
Epoch 194/1500 - train 0.077129 - val 0.088621
Epoch 195/1500 - train 0.074372 - val 0.068855
Epoch 196/1500 - train 0.072053 - val 0.083676
Epoch 197/1500 - train 0.073230 - val 0.091447
Epoch 198/1500 - train 0.070575 - val 0.159721
Epoch 199/1500 - train 0.075134 - val 0.078148
Epoch 200/1500 - train 0.070552 - val 0.079685
Epoch 201/1500 - train 0.073150 - val 0.088537
Epoch 202/1500 - train 0.073091 - val 0.074160
Epoch 203/1500 - train 0.072692 - val 0.078411
Epoch 204/1500 - train 0.073162 - val 0.079271
Epoch 205/1500 - train 0.071772 - val 0.089526
Epoch 206/1500 - train 0.072017 - val 0.069996
Epoch 207/1500 - train 0.074284 - val 0.087075
Epoch 208/1500 - train 0.070822 - val 0.078514
Epoch 209/1500 - train 0.072837 - val 0.119319
Epoch 210/1500 - train 0.074342 - val 0.077091
Epoch 211/1500 - train 0.072326 - val 0.071204
Epoch 212/1500 - train 0.072253 - val 0.098770
Epoch 213/1500 - train 0.072256 - val 0.082785
Epoch 214/1500 - train 0.071094 - val 0.077006
Epoch 215/1500 - train 0.074470 - val 0.076699
Epoch 216/1500 - train 0.073698 - val 0.093980
Epoch 217/1500 - train 0.071739 - val 0.071210
Epoch 218/1500 - train 0.071658 - val 0.073584
Epoch 219/1500 - train 0.071793 - val 0.074477
Epoch 220/1500 - train 0.069967 - val 0.091068
Epoch 221/1500 - train 0.071361 - val 0.074910
Epoch 222/1500 - train 0.070503 - val 0.068729
Epoch 223/1500 - train 0.072463 - val 0.079741
Epoch 224/1500 - train 0.070952 - val 0.078019
Epoch 225/1500 - train 0.072078 - val 0.071719
Epoch 226/1500 - train 0.070239 - val 0.081151
Epoch 227/1500 - train 0.075351 - val 0.076037
Epoch 228/1500 - train 0.072522 - val 0.073679
Epoch 229/1500 - train 0.069843 - val 0.079619
Epoch 230/1500 - train 0.068418 - val 0.097943
Epoch 231/1500 - train 0.074494 - val 0.074692
Epoch 232/1500 - train 0.070499 - val 0.069065
Epoch 233/1500 - train 0.070312 - val 0.072285
Epoch 234/1500 - train 0.071726 - val 0.087772
Epoch 235/1500 - train 0.071983 - val 0.072495
Epoch 236/1500 - train 0.070698 - val 0.082084
Epoch 237/1500 - train 0.071314 - val 0.083492
Epoch 238/1500 - train 0.071131 - val 0.074249
Epoch 239/1500 - train 0.069641 - val 0.076033
Epoch 240/1500 - train 0.072390 - val 0.072125
Epoch 241/1500 - train 0.068742 - val 0.067781
Epoch 242/1500 - train 0.074635 - val 0.073268
Epoch 243/1500 - train 0.070575 - val 0.102926
Epoch 244/1500 - train 0.073189 - val 0.075378
Epoch 245/1500 - train 0.067803 - val 0.076718
Epoch 246/1500 - train 0.070254 - val 0.076861
Epoch 247/1500 - train 0.069238 - val 0.078649
Epoch 248/1500 - train 0.070599 - val 0.076043
Epoch 249/1500 - train 0.072150 - val 0.070567
Epoch 250/1500 - train 0.067596 - val 0.067302
Epoch 251/1500 - train 0.070519 - val 0.073001
Epoch 252/1500 - train 0.071812 - val 0.072502
Epoch 253/1500 - train 0.069245 - val 0.075704
Epoch 254/1500 - train 0.068188 - val 0.078072
Epoch 255/1500 - train 0.074884 - val 0.079833
Epoch 256/1500 - train 0.068586 - val 0.076587
Epoch 257/1500 - train 0.070081 - val 0.069106
Epoch 258/1500 - train 0.071374 - val 0.082251
Epoch 259/1500 - train 0.071422 - val 0.071401
Epoch 260/1500 - train 0.068485 - val 0.089245
Epoch 261/1500 - train 0.074775 - val 0.073547
Epoch 262/1500 - train 0.070107 - val 0.070331
Epoch 263/1500 - train 0.069480 - val 0.076644
Epoch 264/1500 - train 0.071659 - val 0.071936
Epoch 265/1500 - train 0.068015 - val 0.083578
Epoch 266/1500 - train 0.069392 - val 0.072931
Epoch 267/1500 - train 0.068561 - val 0.074285
Epoch 268/1500 - train 0.070854 - val 0.094407
Epoch 269/1500 - train 0.069380 - val 0.071693
Epoch 270/1500 - train 0.068212 - val 0.078980
Epoch 271/1500 - train 0.066415 - val 0.097985
Epoch 272/1500 - train 0.073935 - val 0.072922
Epoch 273/1500 - train 0.068372 - val 0.082857
Epoch 274/1500 - train 0.069538 - val 0.079975
Epoch 275/1500 - train 0.067811 - val 0.071390
Epoch 276/1500 - train 0.070073 - val 0.085357
Epoch 277/1500 - train 0.068259 - val 0.071179
Epoch 278/1500 - train 0.069487 - val 0.077310
Epoch 279/1500 - train 0.069733 - val 0.080315
Epoch 280/1500 - train 0.069109 - val 0.070607
Epoch 281/1500 - train 0.068057 - val 0.075943
Epoch 282/1500 - train 0.069258 - val 0.086708
Epoch 283/1500 - train 0.069658 - val 0.079706
Epoch 284/1500 - train 0.071510 - val 0.069929
Epoch 285/1500 - train 0.067986 - val 0.076874
Epoch 286/1500 - train 0.067311 - val 0.082631
Epoch 287/1500 - train 0.070468 - val 0.082323
Epoch 288/1500 - train 0.067398 - val 0.067919
Epoch 289/1500 - train 0.068062 - val 0.073046
Epoch 290/1500 - train 0.067632 - val 0.078178
Epoch 291/1500 - train 0.068242 - val 0.071822
Epoch 292/1500 - train 0.067698 - val 0.079177
Epoch 293/1500 - train 0.066609 - val 0.066247
Epoch 294/1500 - train 0.072204 - val 0.077445
Epoch 295/1500 - train 0.069012 - val 0.096044
Epoch 296/1500 - train 0.069838 - val 0.080221
Epoch 297/1500 - train 0.067859 - val 0.111280
Epoch 298/1500 - train 0.069630 - val 0.068257
Epoch 299/1500 - train 0.067505 - val 0.084975
Epoch 300/1500 - train 0.067441 - val 0.094892
Epoch 301/1500 - train 0.069331 - val 0.068166
Epoch 302/1500 - train 0.065071 - val 0.115702
Epoch 303/1500 - train 0.075592 - val 0.070093
Epoch 304/1500 - train 0.066935 - val 0.066152
Epoch 305/1500 - train 0.066752 - val 0.068538
Epoch 306/1500 - train 0.066995 - val 0.081791
Epoch 307/1500 - train 0.068064 - val 0.080018
Epoch 308/1500 - train 0.068425 - val 0.123178
Epoch 309/1500 - train 0.068704 - val 0.068727
Epoch 310/1500 - train 0.066631 - val 0.074520
Epoch 311/1500 - train 0.067457 - val 0.090482
Epoch 312/1500 - train 0.068146 - val 0.086303
Epoch 313/1500 - train 0.067788 - val 0.071842
Epoch 314/1500 - train 0.065323 - val 0.068287
Epoch 315/1500 - train 0.067330 - val 0.072689
Epoch 316/1500 - train 0.067412 - val 0.076724
Epoch 317/1500 - train 0.070469 - val 0.090796
Epoch 318/1500 - train 0.068749 - val 0.071065
Epoch 319/1500 - train 0.067133 - val 0.073142
Epoch 320/1500 - train 0.071452 - val 0.069612
Epoch 321/1500 - train 0.068049 - val 0.068527
Epoch 322/1500 - train 0.066964 - val 0.094823
Epoch 323/1500 - train 0.064902 - val 0.093238
Epoch 324/1500 - train 0.068321 - val 0.080969
Epoch 325/1500 - train 0.068294 - val 0.073818
Epoch 326/1500 - train 0.066620 - val 0.089300
Epoch 327/1500 - train 0.067679 - val 0.075460
Epoch 328/1500 - train 0.068282 - val 0.069620
Epoch 329/1500 - train 0.068427 - val 0.079488
Epoch 330/1500 - train 0.066655 - val 0.105064
Epoch 331/1500 - train 0.069068 - val 0.074713
Epoch 332/1500 - train 0.065939 - val 0.081765
Epoch 333/1500 - train 0.065618 - val 0.083028
Epoch 334/1500 - train 0.069759 - val 0.076034
Epoch 335/1500 - train 0.064934 - val 0.070426
Epoch 336/1500 - train 0.065429 - val 0.068969
Epoch 337/1500 - train 0.064289 - val 0.068872
Epoch 338/1500 - train 0.071081 - val 0.070485
Epoch 339/1500 - train 0.066622 - val 0.113413
Epoch 340/1500 - train 0.070111 - val 0.067900
Epoch 341/1500 - train 0.063706 - val 0.128106
Epoch 342/1500 - train 0.071531 - val 0.085529
Epoch 343/1500 - train 0.073134 - val 0.075676
Epoch 344/1500 - train 0.067446 - val 0.074721
Epoch 345/1500 - train 0.065097 - val 0.066299
Epoch 346/1500 - train 0.068128 - val 0.104510
Epoch 347/1500 - train 0.074528 - val 0.076439
Epoch 348/1500 - train 0.064491 - val 0.092384
Epoch 349/1500 - train 0.072719 - val 0.074473
Epoch 350/1500 - train 0.062809 - val 0.068105
Epoch 351/1500 - train 0.064747 - val 0.074694
Epoch 352/1500 - train 0.066704 - val 0.076465
Epoch 353/1500 - train 0.066012 - val 0.070908
Epoch 354/1500 - train 0.063746 - val 0.065487
Epoch 355/1500 - train 0.066928 - val 0.101485
Epoch 356/1500 - train 0.067669 - val 0.064436
Epoch 357/1500 - train 0.063450 - val 0.071392
Epoch 358/1500 - train 0.072320 - val 0.067698
Epoch 359/1500 - train 0.066033 - val 0.089433
Epoch 360/1500 - train 0.064308 - val 0.070125
Epoch 361/1500 - train 0.064642 - val 0.071183
Epoch 362/1500 - train 0.065958 - val 0.074131
Epoch 363/1500 - train 0.070634 - val 0.084346
Epoch 364/1500 - train 0.067608 - val 0.098403
Epoch 365/1500 - train 0.068193 - val 0.075692
Epoch 366/1500 - train 0.063964 - val 0.065074
Epoch 367/1500 - train 0.065023 - val 0.067206
Epoch 368/1500 - train 0.065543 - val 0.077311
Epoch 369/1500 - train 0.065135 - val 0.075386
Epoch 370/1500 - train 0.066443 - val 0.064116
Epoch 371/1500 - train 0.065395 - val 0.080291
Epoch 372/1500 - train 0.064948 - val 0.069149
Epoch 373/1500 - train 0.067046 - val 0.077312
Epoch 374/1500 - train 0.065946 - val 0.069573
Epoch 375/1500 - train 0.068622 - val 0.067890
Epoch 376/1500 - train 0.067981 - val 0.073057
Epoch 377/1500 - train 0.065446 - val 0.077999
Epoch 378/1500 - train 0.066552 - val 0.067416
Epoch 379/1500 - train 0.063417 - val 0.065775
Epoch 380/1500 - train 0.064311 - val 0.074609
Epoch 381/1500 - train 0.065107 - val 0.066950
Epoch 382/1500 - train 0.066370 - val 0.064549
Epoch 383/1500 - train 0.064980 - val 0.076119
Epoch 384/1500 - train 0.064558 - val 0.067489
Epoch 385/1500 - train 0.064603 - val 0.081597
Epoch 386/1500 - train 0.066911 - val 0.065678
Epoch 387/1500 - train 0.065770 - val 0.075046
Epoch 388/1500 - train 0.064597 - val 0.070576
Epoch 389/1500 - train 0.067944 - val 0.066845
Epoch 390/1500 - train 0.065229 - val 0.072894
Epoch 391/1500 - train 0.064541 - val 0.066165
Epoch 392/1500 - train 0.063974 - val 0.082591
Epoch 393/1500 - train 0.065869 - val 0.078540
Epoch 394/1500 - train 0.065942 - val 0.062010
Epoch 395/1500 - train 0.064970 - val 0.082237
Epoch 396/1500 - train 0.064523 - val 0.073113
Epoch 397/1500 - train 0.063668 - val 0.062418
Epoch 398/1500 - train 0.064242 - val 0.066213
Epoch 399/1500 - train 0.065349 - val 0.074083
Epoch 400/1500 - train 0.066669 - val 0.061096
Epoch 401/1500 - train 0.065656 - val 0.067418
Epoch 402/1500 - train 0.063220 - val 0.065943
Epoch 403/1500 - train 0.065115 - val 0.068751
Epoch 404/1500 - train 0.062717 - val 0.134077
Epoch 405/1500 - train 0.070236 - val 0.067459
Epoch 406/1500 - train 0.063245 - val 0.071073
Epoch 407/1500 - train 0.062941 - val 0.081716
Epoch 408/1500 - train 0.065261 - val 0.069380
Epoch 409/1500 - train 0.066771 - val 0.065675
Epoch 410/1500 - train 0.063172 - val 0.066747
Epoch 411/1500 - train 0.066421 - val 0.079064
Epoch 412/1500 - train 0.073359 - val 0.075572
Epoch 413/1500 - train 0.065037 - val 0.075463
Epoch 414/1500 - train 0.062305 - val 0.064269
Epoch 415/1500 - train 0.064990 - val 0.086171
Epoch 416/1500 - train 0.067089 - val 0.066700
Epoch 417/1500 - train 0.065282 - val 0.065187
Epoch 418/1500 - train 0.063000 - val 0.090341
Epoch 419/1500 - train 0.067335 - val 0.083132
Epoch 420/1500 - train 0.065769 - val 0.074578
Epoch 421/1500 - train 0.063578 - val 0.078516
Epoch 422/1500 - train 0.064582 - val 0.072626
Epoch 423/1500 - train 0.062431 - val 0.080505
Epoch 424/1500 - train 0.064429 - val 0.066853
Epoch 425/1500 - train 0.063015 - val 0.070479
Epoch 426/1500 - train 0.063981 - val 0.068703
Epoch 427/1500 - train 0.062251 - val 0.067028
Epoch 428/1500 - train 0.063677 - val 0.063194
Epoch 429/1500 - train 0.063686 - val 0.066701
Epoch 430/1500 - train 0.063314 - val 0.073737
Epoch 431/1500 - train 0.067614 - val 0.081640
Epoch 432/1500 - train 0.063993 - val 0.065526
Epoch 433/1500 - train 0.068009 - val 0.083024
Epoch 434/1500 - train 0.064677 - val 0.067593
Epoch 435/1500 - train 0.065036 - val 0.067148
Epoch 436/1500 - train 0.063647 - val 0.070696
Epoch 437/1500 - train 0.061940 - val 0.060269
Epoch 438/1500 - train 0.066294 - val 0.063192
Epoch 439/1500 - train 0.061718 - val 0.067797
Epoch 440/1500 - train 0.066077 - val 0.083121
Epoch 441/1500 - train 0.062880 - val 0.064711
Epoch 442/1500 - train 0.063076 - val 0.061191
Epoch 443/1500 - train 0.065578 - val 0.068749
Epoch 444/1500 - train 0.063732 - val 0.063543
Epoch 445/1500 - train 0.064093 - val 0.081004
Epoch 446/1500 - train 0.063577 - val 0.068960
Epoch 447/1500 - train 0.063253 - val 0.064031
Epoch 448/1500 - train 0.064306 - val 0.066457
Epoch 449/1500 - train 0.063158 - val 0.068746
Epoch 450/1500 - train 0.062564 - val 0.087379
Epoch 451/1500 - train 0.066420 - val 0.072480
Epoch 452/1500 - train 0.065856 - val 0.067179
Epoch 453/1500 - train 0.063620 - val 0.063283
Epoch 454/1500 - train 0.061018 - val 0.063383
Epoch 455/1500 - train 0.061913 - val 0.069320
Epoch 456/1500 - train 0.062196 - val 0.060492
Epoch 457/1500 - train 0.061062 - val 0.062677
Epoch 458/1500 - train 0.063708 - val 0.066631
Epoch 459/1500 - train 0.063188 - val 0.076022
Epoch 460/1500 - train 0.063833 - val 0.065315
Epoch 461/1500 - train 0.062208 - val 0.070987
Epoch 462/1500 - train 0.062157 - val 0.064073
Epoch 463/1500 - train 0.061944 - val 0.081649
Epoch 464/1500 - train 0.065190 - val 0.090276
Epoch 465/1500 - train 0.064799 - val 0.090142
Epoch 466/1500 - train 0.065647 - val 0.064087
Epoch 467/1500 - train 0.063600 - val 0.071094
Epoch 468/1500 - train 0.064151 - val 0.064714
Epoch 469/1500 - train 0.061696 - val 0.073201
Epoch 470/1500 - train 0.062492 - val 0.069924
Epoch 471/1500 - train 0.063770 - val 0.081591
Epoch 472/1500 - train 0.063810 - val 0.062063
Epoch 473/1500 - train 0.067602 - val 0.059727
Epoch 474/1500 - train 0.062277 - val 0.097324
Epoch 475/1500 - train 0.063834 - val 0.058311
Epoch 476/1500 - train 0.065314 - val 0.069476
Epoch 477/1500 - train 0.063523 - val 0.074872
Epoch 478/1500 - train 0.063015 - val 0.068860
Epoch 479/1500 - train 0.061526 - val 0.062360
Epoch 480/1500 - train 0.066666 - val 0.064060
Epoch 481/1500 - train 0.060287 - val 0.073660
Epoch 482/1500 - train 0.064041 - val 0.072549
Epoch 483/1500 - train 0.061337 - val 0.061081
Epoch 484/1500 - train 0.064995 - val 0.060939
Epoch 485/1500 - train 0.061903 - val 0.069095
Epoch 486/1500 - train 0.061467 - val 0.058983
Epoch 487/1500 - train 0.063716 - val 0.072632
Epoch 488/1500 - train 0.062556 - val 0.062197
Epoch 489/1500 - train 0.061366 - val 0.100029
Epoch 490/1500 - train 0.064026 - val 0.068894
Epoch 491/1500 - train 0.062471 - val 0.071650
Epoch 492/1500 - train 0.061742 - val 0.068694
Epoch 493/1500 - train 0.062240 - val 0.063934
Epoch 494/1500 - train 0.061836 - val 0.063294
Epoch 495/1500 - train 0.060710 - val 0.076915
Epoch 496/1500 - train 0.061993 - val 0.065253
Epoch 497/1500 - train 0.062029 - val 0.062427
Epoch 498/1500 - train 0.063007 - val 0.065478
Epoch 499/1500 - train 0.060818 - val 0.060138
Epoch 500/1500 - train 0.064679 - val 0.067901
Epoch 501/1500 - train 0.062226 - val 0.068071
Epoch 502/1500 - train 0.061434 - val 0.063423
Epoch 503/1500 - train 0.062414 - val 0.117075
Epoch 504/1500 - train 0.072187 - val 0.061994
Epoch 505/1500 - train 0.060242 - val 0.076918
Epoch 506/1500 - train 0.062416 - val 0.067509
Epoch 507/1500 - train 0.062686 - val 0.074553
Epoch 508/1500 - train 0.062113 - val 0.064756
Epoch 509/1500 - train 0.061845 - val 0.065257
Epoch 510/1500 - train 0.062917 - val 0.067172
Epoch 511/1500 - train 0.064982 - val 0.063284
Epoch 512/1500 - train 0.059981 - val 0.063813
Epoch 513/1500 - train 0.065183 - val 0.065864
Epoch 514/1500 - train 0.062560 - val 0.064554
Epoch 515/1500 - train 0.062051 - val 0.063752
Epoch 516/1500 - train 0.064684 - val 0.060512
Epoch 517/1500 - train 0.061171 - val 0.102619
Epoch 518/1500 - train 0.063204 - val 0.063473
Epoch 519/1500 - train 0.060518 - val 0.061440
Epoch 520/1500 - train 0.060804 - val 0.064337
Epoch 521/1500 - train 0.062127 - val 0.067083
Epoch 522/1500 - train 0.059024 - val 0.100556
Epoch 523/1500 - train 0.066465 - val 0.075653
Epoch 524/1500 - train 0.061632 - val 0.073404
Epoch 525/1500 - train 0.061576 - val 0.067542
Epoch 526/1500 - train 0.063120 - val 0.081389
Epoch 527/1500 - train 0.063080 - val 0.060138
Epoch 528/1500 - train 0.063989 - val 0.062635
Epoch 529/1500 - train 0.060794 - val 0.072591
Epoch 530/1500 - train 0.062268 - val 0.115683
Epoch 531/1500 - train 0.065368 - val 0.065344
Epoch 532/1500 - train 0.060443 - val 0.060562
Epoch 533/1500 - train 0.061913 - val 0.065409
Epoch 534/1500 - train 0.059500 - val 0.099582
Epoch 535/1500 - train 0.062830 - val 0.061627
Epoch 536/1500 - train 0.066226 - val 0.063149
Epoch 537/1500 - train 0.061492 - val 0.064960
Epoch 538/1500 - train 0.062349 - val 0.070776
Epoch 539/1500 - train 0.061649 - val 0.062706
Epoch 540/1500 - train 0.062149 - val 0.067359
Epoch 541/1500 - train 0.060635 - val 0.073706
Epoch 542/1500 - train 0.061345 - val 0.068559
Epoch 543/1500 - train 0.060006 - val 0.083341
Epoch 544/1500 - train 0.062395 - val 0.073444
Epoch 545/1500 - train 0.058898 - val 0.109509
Epoch 546/1500 - train 0.063908 - val 0.059455
Epoch 547/1500 - train 0.063025 - val 0.062502
Epoch 548/1500 - train 0.062646 - val 0.067876
Epoch 549/1500 - train 0.060908 - val 0.063365
Epoch 550/1500 - train 0.059747 - val 0.129880
Epoch 551/1500 - train 0.071879 - val 0.061134
Epoch 552/1500 - train 0.060430 - val 0.061523
Epoch 553/1500 - train 0.060258 - val 0.063331
Epoch 554/1500 - train 0.061135 - val 0.069213
Epoch 555/1500 - train 0.059540 - val 0.063279
Epoch 556/1500 - train 0.061491 - val 0.086737
Epoch 557/1500 - train 0.062654 - val 0.060951
Epoch 558/1500 - train 0.062446 - val 0.085159
Epoch 559/1500 - train 0.061081 - val 0.066040
Epoch 560/1500 - train 0.060742 - val 0.068721
Epoch 561/1500 - train 0.060956 - val 0.075324
Epoch 562/1500 - train 0.064695 - val 0.060639
Epoch 563/1500 - train 0.061247 - val 0.061196
Epoch 564/1500 - train 0.059325 - val 0.067540
Epoch 565/1500 - train 0.061018 - val 0.069859
Epoch 566/1500 - train 0.060961 - val 0.064012
Epoch 567/1500 - train 0.060552 - val 0.074516
Epoch 568/1500 - train 0.063017 - val 0.117319
Epoch 569/1500 - train 0.064988 - val 0.072143
Epoch 570/1500 - train 0.059232 - val 0.103068
Epoch 571/1500 - train 0.064726 - val 0.060163
Epoch 572/1500 - train 0.059037 - val 0.071699
Epoch 573/1500 - train 0.063849 - val 0.063350
Epoch 574/1500 - train 0.062046 - val 0.081176
Epoch 575/1500 - train 0.060268 - val 0.074297
Epoch 576/1500 - train 0.061532 - val 0.074887
Epoch 577/1500 - train 0.061520 - val 0.063363
Epoch 578/1500 - train 0.059517 - val 0.083440
Epoch 579/1500 - train 0.062593 - val 0.069678
Epoch 580/1500 - train 0.060365 - val 0.067067
Epoch 581/1500 - train 0.061326 - val 0.078480
Epoch 582/1500 - train 0.064431 - val 0.059598
Epoch 583/1500 - train 0.060998 - val 0.063230
Epoch 584/1500 - train 0.059314 - val 0.061311
Epoch 585/1500 - train 0.061078 - val 0.060141
Epoch 586/1500 - train 0.059855 - val 0.062796
Epoch 587/1500 - train 0.057630 - val 0.061947
Epoch 588/1500 - train 0.061367 - val 0.061139
Epoch 589/1500 - train 0.064951 - val 0.061167
Epoch 590/1500 - train 0.061992 - val 0.065081
Epoch 591/1500 - train 0.059628 - val 0.072922
Epoch 592/1500 - train 0.061489 - val 0.076012
Epoch 593/1500 - train 0.060806 - val 0.085959
Epoch 594/1500 - train 0.061080 - val 0.065809
Epoch 595/1500 - train 0.061167 - val 0.087002
Epoch 596/1500 - train 0.060739 - val 0.063187
Epoch 597/1500 - train 0.061136 - val 0.067095
Epoch 598/1500 - train 0.068604 - val 0.063905
Epoch 599/1500 - train 0.063454 - val 0.063781
Epoch 600/1500 - train 0.061083 - val 0.063451
Epoch 601/1500 - train 0.062460 - val 0.074728
Epoch 602/1500 - train 0.059689 - val 0.059067
Epoch 603/1500 - train 0.062420 - val 0.072128
Epoch 604/1500 - train 0.061033 - val 0.059617
Epoch 605/1500 - train 0.058933 - val 0.061970
Epoch 606/1500 - train 0.058980 - val 0.068193
Epoch 607/1500 - train 0.059379 - val 0.078418
Epoch 608/1500 - train 0.061570 - val 0.084198
Epoch 609/1500 - train 0.062517 - val 0.073111
Epoch 610/1500 - train 0.058935 - val 0.068261
Epoch 611/1500 - train 0.058698 - val 0.058955
Epoch 612/1500 - train 0.065897 - val 0.063104
Epoch 613/1500 - train 0.058561 - val 0.131218
Epoch 614/1500 - train 0.073833 - val 0.069900
Epoch 615/1500 - train 0.057962 - val 0.063327
Epoch 616/1500 - train 0.059904 - val 0.077460
Epoch 617/1500 - train 0.062326 - val 0.064670
Epoch 618/1500 - train 0.061400 - val 0.060288
Epoch 619/1500 - train 0.057188 - val 0.064676
Epoch 620/1500 - train 0.061966 - val 0.060764
Epoch 621/1500 - train 0.059536 - val 0.080930
Epoch 622/1500 - train 0.060161 - val 0.060522
Epoch 623/1500 - train 0.059494 - val 0.091995
Epoch 624/1500 - train 0.062347 - val 0.066044
Epoch 625/1500 - train 0.059580 - val 0.059876
Epoch 626/1500 - train 0.057714 - val 0.066131
Epoch 627/1500 - train 0.059963 - val 0.064437
Epoch 628/1500 - train 0.059505 - val 0.075343
Epoch 629/1500 - train 0.062043 - val 0.064364
Epoch 630/1500 - train 0.059509 - val 0.062853
Epoch 631/1500 - train 0.059273 - val 0.070317
Epoch 632/1500 - train 0.059695 - val 0.059948
Epoch 633/1500 - train 0.064876 - val 0.073169
Epoch 634/1500 - train 0.057551 - val 0.065449
Epoch 635/1500 - train 0.059738 - val 0.067575
Epoch 636/1500 - train 0.059312 - val 0.124921
Epoch 637/1500 - train 0.071337 - val 0.068413
Epoch 638/1500 - train 0.060094 - val 0.064285
Epoch 639/1500 - train 0.059010 - val 0.067328
Epoch 640/1500 - train 0.058102 - val 0.059592
Epoch 641/1500 - train 0.061033 - val 0.076215
Epoch 642/1500 - train 0.059686 - val 0.055367
Epoch 643/1500 - train 0.058988 - val 0.066279
Epoch 644/1500 - train 0.060047 - val 0.066991
Epoch 645/1500 - train 0.060200 - val 0.060999
Epoch 646/1500 - train 0.060150 - val 0.074336
Epoch 647/1500 - train 0.058301 - val 0.072054
Epoch 648/1500 - train 0.058559 - val 0.091266
Epoch 649/1500 - train 0.061456 - val 0.074127
Epoch 650/1500 - train 0.059687 - val 0.059789
Epoch 651/1500 - train 0.067513 - val 0.068029
Epoch 652/1500 - train 0.059158 - val 0.059970
Epoch 653/1500 - train 0.059917 - val 0.068737
Epoch 654/1500 - train 0.059122 - val 0.066680
Epoch 655/1500 - train 0.060323 - val 0.064261
Epoch 656/1500 - train 0.059321 - val 0.064917
Epoch 657/1500 - train 0.057995 - val 0.086127
Epoch 658/1500 - train 0.059842 - val 0.066321
Epoch 659/1500 - train 0.058172 - val 0.089136
Epoch 660/1500 - train 0.060621 - val 0.060280
Epoch 661/1500 - train 0.057979 - val 0.072796
Epoch 662/1500 - train 0.059259 - val 0.100719
Epoch 663/1500 - train 0.065272 - val 0.057096
Epoch 664/1500 - train 0.058292 - val 0.066581
Epoch 665/1500 - train 0.059168 - val 0.062620
Epoch 666/1500 - train 0.060844 - val 0.059201
Epoch 667/1500 - train 0.058546 - val 0.063759
Epoch 668/1500 - train 0.058489 - val 0.060880
Epoch 669/1500 - train 0.059381 - val 0.069244
Epoch 670/1500 - train 0.065343 - val 0.067715
Epoch 671/1500 - train 0.061348 - val 0.065839
Epoch 672/1500 - train 0.064430 - val 0.063895
Epoch 673/1500 - train 0.059220 - val 0.068134
Epoch 674/1500 - train 0.062876 - val 0.067497
Epoch 675/1500 - train 0.061548 - val 0.058796
Epoch 676/1500 - train 0.057813 - val 0.094608
Epoch 677/1500 - train 0.062124 - val 0.078053
Epoch 678/1500 - train 0.058580 - val 0.078049
Epoch 679/1500 - train 0.061248 - val 0.112133
Epoch 680/1500 - train 0.063428 - val 0.070737
Epoch 681/1500 - train 0.057904 - val 0.077527
Epoch 682/1500 - train 0.062650 - val 0.065528
Epoch 683/1500 - train 0.061376 - val 0.066504
Epoch 684/1500 - train 0.056785 - val 0.061663
Epoch 685/1500 - train 0.060148 - val 0.069848
Epoch 686/1500 - train 0.056961 - val 0.059285
Epoch 687/1500 - train 0.062913 - val 0.067563
Epoch 688/1500 - train 0.059874 - val 0.063198
Epoch 689/1500 - train 0.058875 - val 0.060948
Epoch 690/1500 - train 0.059478 - val 0.062343
Epoch 691/1500 - train 0.057747 - val 0.063405
Epoch 692/1500 - train 0.056635 - val 0.095257
Epoch 693/1500 - train 0.059099 - val 0.096097
Epoch 694/1500 - train 0.060623 - val 0.057078
Epoch 695/1500 - train 0.059442 - val 0.058415
Epoch 696/1500 - train 0.057600 - val 0.064345
Epoch 697/1500 - train 0.061516 - val 0.056346
Epoch 698/1500 - train 0.059445 - val 0.064298
Epoch 699/1500 - train 0.057202 - val 0.087954
Epoch 700/1500 - train 0.064280 - val 0.077733
Epoch 701/1500 - train 0.058055 - val 0.056314
Epoch 702/1500 - train 0.064140 - val 0.080909
Epoch 703/1500 - train 0.056916 - val 0.078584
Epoch 704/1500 - train 0.061513 - val 0.072415
Epoch 705/1500 - train 0.058440 - val 0.074123
Epoch 706/1500 - train 0.061134 - val 0.068062
Epoch 707/1500 - train 0.062562 - val 0.062423
Epoch 708/1500 - train 0.059459 - val 0.069567
Epoch 709/1500 - train 0.061242 - val 0.060809
Epoch 710/1500 - train 0.058049 - val 0.101503
Epoch 711/1500 - train 0.061613 - val 0.070289
Epoch 712/1500 - train 0.057474 - val 0.068897
Epoch 713/1500 - train 0.060291 - val 0.065175
Epoch 714/1500 - train 0.056620 - val 0.061341
Epoch 715/1500 - train 0.058313 - val 0.063590
Epoch 716/1500 - train 0.058973 - val 0.087060
Epoch 717/1500 - train 0.060241 - val 0.061933
Epoch 718/1500 - train 0.058959 - val 0.065916
Epoch 719/1500 - train 0.056796 - val 0.074920
Epoch 720/1500 - train 0.066289 - val 0.084205
Epoch 721/1500 - train 0.058417 - val 0.085102
Epoch 722/1500 - train 0.067043 - val 0.063179
Epoch 723/1500 - train 0.058086 - val 0.063619
Epoch 724/1500 - train 0.059672 - val 0.064934
Epoch 725/1500 - train 0.055897 - val 0.095383
Epoch 726/1500 - train 0.063825 - val 0.073577
Epoch 727/1500 - train 0.058244 - val 0.068806
Epoch 728/1500 - train 0.057159 - val 0.090653
Epoch 729/1500 - train 0.065609 - val 0.060632
Epoch 730/1500 - train 0.057324 - val 0.055824
Epoch 731/1500 - train 0.062638 - val 0.064309
Epoch 732/1500 - train 0.058462 - val 0.067259
Epoch 733/1500 - train 0.060692 - val 0.061399
Epoch 734/1500 - train 0.055833 - val 0.063298
Epoch 735/1500 - train 0.058219 - val 0.060105
Epoch 736/1500 - train 0.056016 - val 0.055304
Epoch 737/1500 - train 0.061058 - val 0.059068
Epoch 738/1500 - train 0.058186 - val 0.061433
Epoch 739/1500 - train 0.061434 - val 0.061096
Epoch 740/1500 - train 0.056295 - val 0.056729
Epoch 741/1500 - train 0.059912 - val 0.057132
Epoch 742/1500 - train 0.057729 - val 0.064122
Epoch 743/1500 - train 0.057763 - val 0.082044
Epoch 744/1500 - train 0.057275 - val 0.067423
Epoch 745/1500 - train 0.061492 - val 0.056660
Epoch 746/1500 - train 0.056930 - val 0.079567
Epoch 747/1500 - train 0.058337 - val 0.061014
Epoch 748/1500 - train 0.063476 - val 0.065110
Epoch 749/1500 - train 0.056936 - val 0.063323
Epoch 750/1500 - train 0.059468 - val 0.061827
Epoch 751/1500 - train 0.059786 - val 0.058584
Epoch 752/1500 - train 0.057431 - val 0.061558
Epoch 753/1500 - train 0.058006 - val 0.077248
Epoch 754/1500 - train 0.057667 - val 0.056183
Epoch 755/1500 - train 0.058405 - val 0.070505
Epoch 756/1500 - train 0.060580 - val 0.068038
Epoch 757/1500 - train 0.057448 - val 0.077039
Epoch 758/1500 - train 0.059205 - val 0.066246
Epoch 759/1500 - train 0.056391 - val 0.065635
Epoch 760/1500 - train 0.062310 - val 0.088514
Epoch 761/1500 - train 0.058515 - val 0.116322
Epoch 762/1500 - train 0.061968 - val 0.079021
Epoch 763/1500 - train 0.058658 - val 0.059236
Epoch 764/1500 - train 0.057968 - val 0.067587
Epoch 765/1500 - train 0.058908 - val 0.067619
Epoch 766/1500 - train 0.060086 - val 0.066323
Epoch 767/1500 - train 0.057946 - val 0.065499
Epoch 768/1500 - train 0.056732 - val 0.066277
Epoch 769/1500 - train 0.061659 - val 0.059417
Epoch 770/1500 - train 0.056380 - val 0.057660
Epoch 771/1500 - train 0.058278 - val 0.081583
Epoch 772/1500 - train 0.059751 - val 0.059477
Epoch 773/1500 - train 0.059829 - val 0.081996
Epoch 774/1500 - train 0.059277 - val 0.061511
Epoch 775/1500 - train 0.057063 - val 0.059162
Epoch 776/1500 - train 0.055872 - val 0.072862
Epoch 777/1500 - train 0.058112 - val 0.058814
Epoch 778/1500 - train 0.061340 - val 0.065634
Epoch 779/1500 - train 0.061808 - val 0.089286
Epoch 780/1500 - train 0.062073 - val 0.070088
Epoch 781/1500 - train 0.056915 - val 0.061841
Epoch 782/1500 - train 0.056875 - val 0.071514
Epoch 783/1500 - train 0.060134 - val 0.117805
Epoch 784/1500 - train 0.062562 - val 0.059245
Epoch 785/1500 - train 0.057413 - val 0.063091
Epoch 786/1500 - train 0.058398 - val 0.083265
Epoch 787/1500 - train 0.058156 - val 0.071994
Epoch 788/1500 - train 0.057746 - val 0.066339
Epoch 789/1500 - train 0.057893 - val 0.084821
Epoch 790/1500 - train 0.065667 - val 0.060213
Epoch 791/1500 - train 0.055060 - val 0.061322
Epoch 792/1500 - train 0.055317 - val 0.076334
Epoch 793/1500 - train 0.057909 - val 0.059327
Epoch 794/1500 - train 0.055930 - val 0.058155
Epoch 795/1500 - train 0.057361 - val 0.063872
Epoch 796/1500 - train 0.057323 - val 0.061314
Epoch 797/1500 - train 0.055722 - val 0.078412
Epoch 798/1500 - train 0.058604 - val 0.060539
Epoch 799/1500 - train 0.064947 - val 0.098255
Epoch 800/1500 - train 0.064501 - val 0.061061
Epoch 801/1500 - train 0.058931 - val 0.064311
Epoch 802/1500 - train 0.055546 - val 0.066142
Epoch 803/1500 - train 0.058972 - val 0.075348
Epoch 804/1500 - train 0.056195 - val 0.094605
Epoch 805/1500 - train 0.060172 - val 0.064276
Epoch 806/1500 - train 0.057169 - val 0.058685
Epoch 807/1500 - train 0.055157 - val 0.061529
Epoch 808/1500 - train 0.057651 - val 0.066882
Epoch 809/1500 - train 0.055055 - val 0.067000
Epoch 810/1500 - train 0.059446 - val 0.056477
Epoch 811/1500 - train 0.055794 - val 0.058937
Epoch 812/1500 - train 0.056666 - val 0.061747
Epoch 813/1500 - train 0.058532 - val 0.069808
Epoch 814/1500 - train 0.058071 - val 0.071389
Epoch 815/1500 - train 0.056673 - val 0.057319
Epoch 816/1500 - train 0.056184 - val 0.069421
Epoch 817/1500 - train 0.057999 - val 0.086334
Epoch 818/1500 - train 0.056114 - val 0.065408
Epoch 819/1500 - train 0.056396 - val 0.058625
Epoch 820/1500 - train 0.057315 - val 0.059511
Epoch 821/1500 - train 0.057588 - val 0.060887
Epoch 822/1500 - train 0.056871 - val 0.080282
Epoch 823/1500 - train 0.059787 - val 0.064009
Epoch 824/1500 - train 0.057521 - val 0.061470
Epoch 825/1500 - train 0.057364 - val 0.058621
Epoch 826/1500 - train 0.057934 - val 0.057772
Epoch 827/1500 - train 0.055371 - val 0.087147
Epoch 828/1500 - train 0.064822 - val 0.070636
Epoch 829/1500 - train 0.057590 - val 0.063889
Epoch 830/1500 - train 0.055198 - val 0.064089
Epoch 831/1500 - train 0.061715 - val 0.055998
Epoch 832/1500 - train 0.057854 - val 0.060925
Epoch 833/1500 - train 0.058052 - val 0.075171
Epoch 834/1500 - train 0.056371 - val 0.063919
Epoch 835/1500 - train 0.056337 - val 0.056516
Epoch 836/1500 - train 0.056352 - val 0.061930
Epoch 837/1500 - train 0.055714 - val 0.063148
Epoch 838/1500 - train 0.057768 - val 0.056159
Epoch 839/1500 - train 0.062711 - val 0.072047
Epoch 840/1500 - train 0.056675 - val 0.085295
Epoch 841/1500 - train 0.057170 - val 0.058196
Epoch 842/1500 - train 0.056776 - val 0.064162
Epoch 843/1500 - train 0.057141 - val 0.060560
Epoch 844/1500 - train 0.056436 - val 0.054967
Epoch 845/1500 - train 0.056384 - val 0.073646
Epoch 846/1500 - train 0.057049 - val 0.073256
Epoch 847/1500 - train 0.059147 - val 0.071432
Epoch 848/1500 - train 0.057155 - val 0.066342
Epoch 849/1500 - train 0.056026 - val 0.084468
Epoch 850/1500 - train 0.057683 - val 0.056465
Epoch 851/1500 - train 0.056404 - val 0.068454
Epoch 852/1500 - train 0.057179 - val 0.060335
Epoch 853/1500 - train 0.054794 - val 0.061163
Epoch 854/1500 - train 0.055480 - val 0.059937
Epoch 855/1500 - train 0.056464 - val 0.078316
Epoch 856/1500 - train 0.063473 - val 0.065529
Epoch 857/1500 - train 0.057775 - val 0.072423
Epoch 858/1500 - train 0.058488 - val 0.064264
Epoch 859/1500 - train 0.057355 - val 0.057802
Epoch 860/1500 - train 0.055799 - val 0.057402
Epoch 861/1500 - train 0.057150 - val 0.084823
Epoch 862/1500 - train 0.056630 - val 0.058474
Epoch 863/1500 - train 0.059553 - val 0.063560
Epoch 864/1500 - train 0.059196 - val 0.074123
Epoch 865/1500 - train 0.057603 - val 0.132919
Epoch 866/1500 - train 0.061690 - val 0.061174
Epoch 867/1500 - train 0.058561 - val 0.071965
Epoch 868/1500 - train 0.055704 - val 0.052227
Epoch 869/1500 - train 0.055872 - val 0.068755
Epoch 870/1500 - train 0.062812 - val 0.072551
Epoch 871/1500 - train 0.056439 - val 0.096068
Epoch 872/1500 - train 0.063195 - val 0.070310
Epoch 873/1500 - train 0.062082 - val 0.078698
Epoch 874/1500 - train 0.058189 - val 0.068602
Epoch 875/1500 - train 0.055407 - val 0.056609
Epoch 876/1500 - train 0.055624 - val 0.059572
Epoch 877/1500 - train 0.055551 - val 0.069502
Epoch 878/1500 - train 0.056577 - val 0.066477
Epoch 879/1500 - train 0.056665 - val 0.057303
Epoch 880/1500 - train 0.056644 - val 0.059404
Epoch 881/1500 - train 0.059031 - val 0.069123
Epoch 882/1500 - train 0.056986 - val 0.063952
Epoch 883/1500 - train 0.055062 - val 0.066338
Epoch 884/1500 - train 0.056873 - val 0.067947
Epoch 885/1500 - train 0.055393 - val 0.086289
Epoch 886/1500 - train 0.061059 - val 0.059964
Epoch 887/1500 - train 0.058401 - val 0.058115
Epoch 888/1500 - train 0.054090 - val 0.054385
Epoch 889/1500 - train 0.053659 - val 0.058352
Epoch 890/1500 - train 0.062287 - val 0.067169
Epoch 891/1500 - train 0.055870 - val 0.055805
Epoch 892/1500 - train 0.052402 - val 0.134871
Epoch 893/1500 - train 0.060771 - val 0.091365
Epoch 894/1500 - train 0.060789 - val 0.056206
Epoch 895/1500 - train 0.059418 - val 0.069354
Epoch 896/1500 - train 0.055733 - val 0.061091
Epoch 897/1500 - train 0.056993 - val 0.082834
Epoch 898/1500 - train 0.059220 - val 0.064084
Epoch 899/1500 - train 0.056855 - val 0.058943
Epoch 900/1500 - train 0.055975 - val 0.071661
Epoch 901/1500 - train 0.055096 - val 0.065156
Epoch 902/1500 - train 0.056750 - val 0.062625
Epoch 903/1500 - train 0.056903 - val 0.068686
Epoch 904/1500 - train 0.057908 - val 0.060604
Epoch 905/1500 - train 0.054844 - val 0.055971
Epoch 906/1500 - train 0.055933 - val 0.067841
Epoch 907/1500 - train 0.056248 - val 0.060965
Epoch 908/1500 - train 0.055863 - val 0.060983
Epoch 909/1500 - train 0.056181 - val 0.068141
Epoch 910/1500 - train 0.055322 - val 0.057845
Epoch 911/1500 - train 0.060439 - val 0.062776
Epoch 912/1500 - train 0.056493 - val 0.070048
Epoch 913/1500 - train 0.055589 - val 0.060176
Epoch 914/1500 - train 0.059177 - val 0.054778
Epoch 915/1500 - train 0.056461 - val 0.067598
Epoch 916/1500 - train 0.057274 - val 0.064067
Epoch 917/1500 - train 0.059822 - val 0.063303
Epoch 918/1500 - train 0.057143 - val 0.069769
Epoch 919/1500 - train 0.057640 - val 0.058664
Epoch 920/1500 - train 0.055364 - val 0.057908
Epoch 921/1500 - train 0.060448 - val 0.064510
Epoch 922/1500 - train 0.054336 - val 0.068512
Epoch 923/1500 - train 0.058848 - val 0.061452
Epoch 924/1500 - train 0.059181 - val 0.082005
Epoch 925/1500 - train 0.057567 - val 0.058351
Epoch 926/1500 - train 0.059764 - val 0.067560
Epoch 927/1500 - train 0.058264 - val 0.063026
Epoch 928/1500 - train 0.054333 - val 0.061014
Epoch 929/1500 - train 0.055115 - val 0.059293
Epoch 930/1500 - train 0.054264 - val 0.062654
Epoch 931/1500 - train 0.054874 - val 0.070559
Epoch 932/1500 - train 0.056282 - val 0.059869
Epoch 933/1500 - train 0.057081 - val 0.058438
Epoch 934/1500 - train 0.054388 - val 0.056195
Epoch 935/1500 - train 0.054625 - val 0.093382
Epoch 936/1500 - train 0.056964 - val 0.062107
Epoch 937/1500 - train 0.059359 - val 0.064022
Epoch 938/1500 - train 0.055928 - val 0.070514
Epoch 939/1500 - train 0.057016 - val 0.059831
Epoch 940/1500 - train 0.054715 - val 0.061872
Epoch 941/1500 - train 0.056448 - val 0.064709
Epoch 942/1500 - train 0.055972 - val 0.067961
Epoch 943/1500 - train 0.055740 - val 0.089637
Epoch 944/1500 - train 0.062387 - val 0.056287
Epoch 945/1500 - train 0.053301 - val 0.069003
Epoch 946/1500 - train 0.056796 - val 0.092894
Epoch 947/1500 - train 0.062785 - val 0.099187
Epoch 948/1500 - train 0.056503 - val 0.061297
Epoch 949/1500 - train 0.056723 - val 0.059263
Epoch 950/1500 - train 0.056191 - val 0.072728
Epoch 951/1500 - train 0.056585 - val 0.062958
Epoch 952/1500 - train 0.055961 - val 0.059096
Epoch 953/1500 - train 0.054796 - val 0.066382
Epoch 954/1500 - train 0.057287 - val 0.056863
Epoch 955/1500 - train 0.055425 - val 0.056714
Epoch 956/1500 - train 0.061738 - val 0.071287
Epoch 957/1500 - train 0.054844 - val 0.079405
Epoch 958/1500 - train 0.058204 - val 0.062344
Epoch 959/1500 - train 0.057474 - val 0.062575
Epoch 960/1500 - train 0.059566 - val 0.054898
Epoch 961/1500 - train 0.055121 - val 0.068803
Epoch 962/1500 - train 0.055247 - val 0.065857
Epoch 963/1500 - train 0.055992 - val 0.061386
Epoch 964/1500 - train 0.054392 - val 0.083746
Epoch 965/1500 - train 0.058191 - val 0.061622
Epoch 966/1500 - train 0.056139 - val 0.062952
Epoch 967/1500 - train 0.055675 - val 0.065164
Epoch 968/1500 - train 0.058665 - val 0.082772
Epoch 969/1500 - train 0.053120 - val 0.075434
Epoch 970/1500 - train 0.059992 - val 0.071538
Epoch 971/1500 - train 0.058619 - val 0.075783
Epoch 972/1500 - train 0.057677 - val 0.071022
Epoch 973/1500 - train 0.054182 - val 0.060076
Epoch 974/1500 - train 0.054026 - val 0.056839
Epoch 975/1500 - train 0.055430 - val 0.061999
Epoch 976/1500 - train 0.056618 - val 0.121681
Epoch 977/1500 - train 0.062180 - val 0.055245
Epoch 978/1500 - train 0.056795 - val 0.058783
Epoch 979/1500 - train 0.055774 - val 0.084477
Epoch 980/1500 - train 0.056384 - val 0.057302
Epoch 981/1500 - train 0.058157 - val 0.065495
Epoch 982/1500 - train 0.054610 - val 0.060605
Epoch 983/1500 - train 0.060177 - val 0.061841
Epoch 984/1500 - train 0.056300 - val 0.059101
Epoch 985/1500 - train 0.058459 - val 0.060399
Epoch 986/1500 - train 0.052494 - val 0.085349
Epoch 987/1500 - train 0.059878 - val 0.062201
Epoch 988/1500 - train 0.056358 - val 0.079203
Epoch 989/1500 - train 0.054734 - val 0.069879
Epoch 990/1500 - train 0.055942 - val 0.084772
Epoch 991/1500 - train 0.057656 - val 0.059444
Epoch 992/1500 - train 0.056738 - val 0.061381
Epoch 993/1500 - train 0.056031 - val 0.065662
Epoch 994/1500 - train 0.056874 - val 0.064083
Epoch 995/1500 - train 0.055906 - val 0.063849
Epoch 996/1500 - train 0.057510 - val 0.068947
Epoch 997/1500 - train 0.056580 - val 0.080053
Epoch 998/1500 - train 0.062585 - val 0.060452
Epoch 999/1500 - train 0.056429 - val 0.068187
Epoch 1000/1500 - train 0.054416 - val 0.057893
Epoch 1001/1500 - train 0.055224 - val 0.075414
Epoch 1002/1500 - train 0.059236 - val 0.072301
Epoch 1003/1500 - train 0.054812 - val 0.053490
Epoch 1004/1500 - train 0.055813 - val 0.079994
Epoch 1005/1500 - train 0.057422 - val 0.070170
Epoch 1006/1500 - train 0.053590 - val 0.090301
Epoch 1007/1500 - train 0.060575 - val 0.067171
Epoch 1008/1500 - train 0.057078 - val 0.058369
Epoch 1009/1500 - train 0.054659 - val 0.058191
Epoch 1010/1500 - train 0.054239 - val 0.061810
Epoch 1011/1500 - train 0.057109 - val 0.063759
Epoch 1012/1500 - train 0.055286 - val 0.057905
Epoch 1013/1500 - train 0.054018 - val 0.059121
Epoch 1014/1500 - train 0.054349 - val 0.074914
Epoch 1015/1500 - train 0.056272 - val 0.076167
Epoch 1016/1500 - train 0.055988 - val 0.061323
Epoch 1017/1500 - train 0.055946 - val 0.057592
Epoch 1018/1500 - train 0.055447 - val 0.055583
Epoch 1019/1500 - train 0.056581 - val 0.062135
Epoch 1020/1500 - train 0.062596 - val 0.070915
Epoch 1021/1500 - train 0.055901 - val 0.054108
Epoch 1022/1500 - train 0.054733 - val 0.054991
Epoch 1023/1500 - train 0.052929 - val 0.070780
Epoch 1024/1500 - train 0.056846 - val 0.068562
Epoch 1025/1500 - train 0.055556 - val 0.052992
Epoch 1026/1500 - train 0.053327 - val 0.060982
Epoch 1027/1500 - train 0.052680 - val 0.081503
Epoch 1028/1500 - train 0.057184 - val 0.062583
Epoch 1029/1500 - train 0.056181 - val 0.058261
Epoch 1030/1500 - train 0.055513 - val 0.057963
Epoch 1031/1500 - train 0.054835 - val 0.077189
Epoch 1032/1500 - train 0.056245 - val 0.062543
Epoch 1033/1500 - train 0.055303 - val 0.064236
Epoch 1034/1500 - train 0.055227 - val 0.078824
Epoch 1035/1500 - train 0.054381 - val 0.067146
Epoch 1036/1500 - train 0.057208 - val 0.078555
Epoch 1037/1500 - train 0.056629 - val 0.065779
Epoch 1038/1500 - train 0.055504 - val 0.092002
Epoch 1039/1500 - train 0.059081 - val 0.094829
Epoch 1040/1500 - train 0.057147 - val 0.064049
Epoch 1041/1500 - train 0.055433 - val 0.067392
Epoch 1042/1500 - train 0.055799 - val 0.076670
Epoch 1043/1500 - train 0.054832 - val 0.053615
Epoch 1044/1500 - train 0.052871 - val 0.071479
Epoch 1045/1500 - train 0.062316 - val 0.059107
Epoch 1046/1500 - train 0.054970 - val 0.060149
Epoch 1047/1500 - train 0.054321 - val 0.060893
Epoch 1048/1500 - train 0.055865 - val 0.059591
Epoch 1049/1500 - train 0.054820 - val 0.053000
Epoch 1050/1500 - train 0.057109 - val 0.058878
Epoch 1051/1500 - train 0.057579 - val 0.078167
Epoch 1052/1500 - train 0.058982 - val 0.062087
Epoch 1053/1500 - train 0.054459 - val 0.055382
Epoch 1054/1500 - train 0.055775 - val 0.061991
Epoch 1055/1500 - train 0.054328 - val 0.060009
Epoch 1056/1500 - train 0.056159 - val 0.067363
Epoch 1057/1500 - train 0.055598 - val 0.064503
Epoch 1058/1500 - train 0.051749 - val 0.073464
Epoch 1059/1500 - train 0.063713 - val 0.057476
Epoch 1060/1500 - train 0.053084 - val 0.053568
Epoch 1061/1500 - train 0.056397 - val 0.066410
Epoch 1062/1500 - train 0.054929 - val 0.066107
Epoch 1063/1500 - train 0.056942 - val 0.057113
Epoch 1064/1500 - train 0.054930 - val 0.058314
Epoch 1065/1500 - train 0.057029 - val 0.089063
Epoch 1066/1500 - train 0.056235 - val 0.053059
Epoch 1067/1500 - train 0.056298 - val 0.071708
Epoch 1068/1500 - train 0.054886 - val 0.059868
Epoch 1069/1500 - train 0.053471 - val 0.055582
Epoch 1070/1500 - train 0.059960 - val 0.087469
Epoch 1071/1500 - train 0.059264 - val 0.066534
Epoch 1072/1500 - train 0.055884 - val 0.065441
Epoch 1073/1500 - train 0.054058 - val 0.069432
Epoch 1074/1500 - train 0.056248 - val 0.055495
Epoch 1075/1500 - train 0.055170 - val 0.054281
Epoch 1076/1500 - train 0.054053 - val 0.056697
Epoch 1077/1500 - train 0.053829 - val 0.055784
Epoch 1078/1500 - train 0.057303 - val 0.061448
Epoch 1079/1500 - train 0.055940 - val 0.056821
Epoch 1080/1500 - train 0.055657 - val 0.064999
Epoch 1081/1500 - train 0.056403 - val 0.057538
Epoch 1082/1500 - train 0.054606 - val 0.062391
Epoch 1083/1500 - train 0.056157 - val 0.073110
Epoch 1084/1500 - train 0.053626 - val 0.073864
Epoch 1085/1500 - train 0.055972 - val 0.054651
Epoch 1086/1500 - train 0.055146 - val 0.063928
Epoch 1087/1500 - train 0.058308 - val 0.061194
Epoch 1088/1500 - train 0.053521 - val 0.091905
Epoch 1089/1500 - train 0.058778 - val 0.059069
Epoch 1090/1500 - train 0.055350 - val 0.060012
Epoch 1091/1500 - train 0.053773 - val 0.052735
Epoch 1092/1500 - train 0.053915 - val 0.065864
Epoch 1093/1500 - train 0.053938 - val 0.055236
Epoch 1094/1500 - train 0.053712 - val 0.055447
Epoch 1095/1500 - train 0.058079 - val 0.064314
Epoch 1096/1500 - train 0.057024 - val 0.058983
Epoch 1097/1500 - train 0.053038 - val 0.085059
Epoch 1098/1500 - train 0.056875 - val 0.072820
Epoch 1099/1500 - train 0.055592 - val 0.055958
Epoch 1100/1500 - train 0.057414 - val 0.072357
Epoch 1101/1500 - train 0.053878 - val 0.074604
Epoch 1102/1500 - train 0.055146 - val 0.058454
Epoch 1103/1500 - train 0.055578 - val 0.062479
Epoch 1104/1500 - train 0.054203 - val 0.065139
Epoch 1105/1500 - train 0.057660 - val 0.067391
Epoch 1106/1500 - train 0.058619 - val 0.074450
Epoch 1107/1500 - train 0.055722 - val 0.055998
Epoch 1108/1500 - train 0.052327 - val 0.065741
Epoch 1109/1500 - train 0.054686 - val 0.060733
Epoch 1110/1500 - train 0.056440 - val 0.075415
Epoch 1111/1500 - train 0.056015 - val 0.056532
Epoch 1112/1500 - train 0.055009 - val 0.065780
Epoch 1113/1500 - train 0.054159 - val 0.057821
Epoch 1114/1500 - train 0.053907 - val 0.070621
Epoch 1115/1500 - train 0.052591 - val 0.080178
Epoch 1116/1500 - train 0.055255 - val 0.056451
Epoch 1117/1500 - train 0.055059 - val 0.065252
Epoch 1118/1500 - train 0.055609 - val 0.061898
Epoch 1119/1500 - train 0.053998 - val 0.085669
Epoch 1120/1500 - train 0.056636 - val 0.066029
Epoch 1121/1500 - train 0.054739 - val 0.055678
Epoch 1122/1500 - train 0.052330 - val 0.055119
Epoch 1123/1500 - train 0.056562 - val 0.056646
Epoch 1124/1500 - train 0.056314 - val 0.077324
Epoch 1125/1500 - train 0.054024 - val 0.070729
Epoch 1126/1500 - train 0.055044 - val 0.076714
Epoch 1127/1500 - train 0.054912 - val 0.111445
Epoch 1128/1500 - train 0.059043 - val 0.059946
Epoch 1129/1500 - train 0.054125 - val 0.074002
Epoch 1130/1500 - train 0.054727 - val 0.058595
Epoch 1131/1500 - train 0.057186 - val 0.054162
Epoch 1132/1500 - train 0.056124 - val 0.061334
Epoch 1133/1500 - train 0.054418 - val 0.066646
Epoch 1134/1500 - train 0.054494 - val 0.078130
Epoch 1135/1500 - train 0.053914 - val 0.075469
Epoch 1136/1500 - train 0.053458 - val 0.056158
Epoch 1137/1500 - train 0.056301 - val 0.063996
Epoch 1138/1500 - train 0.057422 - val 0.076590
Epoch 1139/1500 - train 0.054705 - val 0.062095
Epoch 1140/1500 - train 0.054313 - val 0.071996
Epoch 1141/1500 - train 0.052973 - val 0.051938
Epoch 1142/1500 - train 0.053545 - val 0.056446
Epoch 1143/1500 - train 0.054277 - val 0.065530
Epoch 1144/1500 - train 0.054291 - val 0.056032
Epoch 1145/1500 - train 0.053855 - val 0.063554
Epoch 1146/1500 - train 0.058314 - val 0.055462
Epoch 1147/1500 - train 0.055491 - val 0.095628
Epoch 1148/1500 - train 0.055740 - val 0.063503
Epoch 1149/1500 - train 0.054263 - val 0.055694
Epoch 1150/1500 - train 0.055495 - val 0.056063
Epoch 1151/1500 - train 0.057024 - val 0.055006
Epoch 1152/1500 - train 0.054043 - val 0.062084
Epoch 1153/1500 - train 0.053179 - val 0.056525
Epoch 1154/1500 - train 0.054994 - val 0.059611
Epoch 1155/1500 - train 0.053212 - val 0.058360
Epoch 1156/1500 - train 0.055611 - val 0.053388
Epoch 1157/1500 - train 0.056434 - val 0.071312
Epoch 1158/1500 - train 0.056339 - val 0.095827
Epoch 1159/1500 - train 0.056500 - val 0.062177
Epoch 1160/1500 - train 0.053182 - val 0.069522
Epoch 1161/1500 - train 0.055802 - val 0.055746
Epoch 1162/1500 - train 0.054848 - val 0.065354
Epoch 1163/1500 - train 0.054396 - val 0.055112
Epoch 1164/1500 - train 0.055570 - val 0.058956
Epoch 1165/1500 - train 0.055432 - val 0.053574
Epoch 1166/1500 - train 0.053816 - val 0.069844
Epoch 1167/1500 - train 0.056356 - val 0.059715
Epoch 1168/1500 - train 0.054646 - val 0.059722
Epoch 1169/1500 - train 0.054768 - val 0.068380
Epoch 1170/1500 - train 0.055401 - val 0.059808
Epoch 1171/1500 - train 0.053725 - val 0.060144
Epoch 1172/1500 - train 0.053382 - val 0.080831
Epoch 1173/1500 - train 0.055848 - val 0.061059
Epoch 1174/1500 - train 0.057238 - val 0.061664
Epoch 1175/1500 - train 0.054127 - val 0.060579
Epoch 1176/1500 - train 0.054250 - val 0.073295
Epoch 1177/1500 - train 0.053927 - val 0.054991
Epoch 1178/1500 - train 0.056579 - val 0.065240
Epoch 1179/1500 - train 0.051797 - val 0.072626
Epoch 1180/1500 - train 0.054786 - val 0.054591
Epoch 1181/1500 - train 0.054958 - val 0.061421
Epoch 1182/1500 - train 0.054177 - val 0.060266
Epoch 1183/1500 - train 0.055821 - val 0.052898
Epoch 1184/1500 - train 0.053405 - val 0.123942
Epoch 1185/1500 - train 0.059402 - val 0.053931
Epoch 1186/1500 - train 0.052503 - val 0.056768
Epoch 1187/1500 - train 0.055362 - val 0.060506
Epoch 1188/1500 - train 0.053557 - val 0.056033
Epoch 1189/1500 - train 0.053664 - val 0.056204
Epoch 1190/1500 - train 0.054118 - val 0.058631
Epoch 1191/1500 - train 0.053517 - val 0.070299
Epoch 1192/1500 - train 0.054704 - val 0.076561
Epoch 1193/1500 - train 0.055257 - val 0.058911
Epoch 1194/1500 - train 0.053323 - val 0.055614
Epoch 1195/1500 - train 0.053098 - val 0.058089
Epoch 1196/1500 - train 0.053309 - val 0.054218
Epoch 1197/1500 - train 0.054294 - val 0.060611
Epoch 1198/1500 - train 0.054222 - val 0.058762
Epoch 1199/1500 - train 0.053444 - val 0.056007
Epoch 1200/1500 - train 0.056223 - val 0.065237
Epoch 1201/1500 - train 0.054416 - val 0.058333
Epoch 1202/1500 - train 0.054561 - val 0.080192
Epoch 1203/1500 - train 0.055605 - val 0.052938
Epoch 1204/1500 - train 0.052670 - val 0.060268
Epoch 1205/1500 - train 0.055227 - val 0.056584
Epoch 1206/1500 - train 0.053762 - val 0.071082
Epoch 1207/1500 - train 0.054920 - val 0.069170
Epoch 1208/1500 - train 0.055181 - val 0.053150
Epoch 1209/1500 - train 0.055663 - val 0.074753
Epoch 1210/1500 - train 0.054122 - val 0.091527
Epoch 1211/1500 - train 0.056143 - val 0.052333
Epoch 1212/1500 - train 0.052946 - val 0.082990
Epoch 1213/1500 - train 0.056985 - val 0.063983
Epoch 1214/1500 - train 0.053523 - val 0.056026
Epoch 1215/1500 - train 0.055146 - val 0.063997
Epoch 1216/1500 - train 0.052219 - val 0.064824
Epoch 1217/1500 - train 0.055900 - val 0.067337
Epoch 1218/1500 - train 0.053279 - val 0.049524
Epoch 1219/1500 - train 0.053118 - val 0.054638
Epoch 1220/1500 - train 0.055629 - val 0.061862
Epoch 1221/1500 - train 0.055056 - val 0.072539
Epoch 1222/1500 - train 0.055095 - val 0.056467
Epoch 1223/1500 - train 0.054620 - val 0.062483
Epoch 1224/1500 - train 0.055291 - val 0.119696
Epoch 1225/1500 - train 0.061533 - val 0.094857
Epoch 1226/1500 - train 0.055663 - val 0.055798
Epoch 1227/1500 - train 0.052405 - val 0.055182
Epoch 1228/1500 - train 0.053143 - val 0.075198
Epoch 1229/1500 - train 0.054267 - val 0.056357
Epoch 1230/1500 - train 0.053316 - val 0.066707
Epoch 1231/1500 - train 0.054286 - val 0.056232
Epoch 1232/1500 - train 0.055026 - val 0.058098
Epoch 1233/1500 - train 0.053581 - val 0.064451
Epoch 1234/1500 - train 0.058001 - val 0.084153
Epoch 1235/1500 - train 0.054376 - val 0.065545
Epoch 1236/1500 - train 0.053503 - val 0.062064
Epoch 1237/1500 - train 0.055153 - val 0.074892
Epoch 1238/1500 - train 0.054467 - val 0.052712
Epoch 1239/1500 - train 0.053862 - val 0.062126
Epoch 1240/1500 - train 0.054552 - val 0.068245
Epoch 1241/1500 - train 0.054269 - val 0.066284
Epoch 1242/1500 - train 0.055341 - val 0.057929
Epoch 1243/1500 - train 0.053437 - val 0.055887
Epoch 1244/1500 - train 0.051993 - val 0.057518
Epoch 1245/1500 - train 0.056829 - val 0.075001
Epoch 1246/1500 - train 0.054586 - val 0.055265
Epoch 1247/1500 - train 0.053099 - val 0.055598
Epoch 1248/1500 - train 0.051461 - val 0.066018
Epoch 1249/1500 - train 0.055460 - val 0.058308
Epoch 1250/1500 - train 0.054655 - val 0.052750
Epoch 1251/1500 - train 0.054036 - val 0.062308
Epoch 1252/1500 - train 0.054480 - val 0.063272
Epoch 1253/1500 - train 0.051364 - val 0.072909
Epoch 1254/1500 - train 0.054302 - val 0.107311
Epoch 1255/1500 - train 0.061624 - val 0.062585
Epoch 1256/1500 - train 0.054424 - val 0.063634
Epoch 1257/1500 - train 0.052060 - val 0.052705
Epoch 1258/1500 - train 0.055098 - val 0.059967
Epoch 1259/1500 - train 0.053269 - val 0.059563
Epoch 1260/1500 - train 0.053396 - val 0.053179
Epoch 1261/1500 - train 0.052929 - val 0.058980
Epoch 1262/1500 - train 0.054889 - val 0.056259
Epoch 1263/1500 - train 0.053635 - val 0.069174
Epoch 1264/1500 - train 0.056340 - val 0.081320
Epoch 1265/1500 - train 0.054155 - val 0.071785
Epoch 1266/1500 - train 0.053437 - val 0.060161
Epoch 1267/1500 - train 0.054653 - val 0.063993
Epoch 1268/1500 - train 0.051876 - val 0.074605
Epoch 1269/1500 - train 0.054984 - val 0.059622
Epoch 1270/1500 - train 0.053459 - val 0.063239
Epoch 1271/1500 - train 0.055797 - val 0.057701
Epoch 1272/1500 - train 0.053883 - val 0.081401
Epoch 1273/1500 - train 0.055080 - val 0.076111
Epoch 1274/1500 - train 0.055109 - val 0.076081
Epoch 1275/1500 - train 0.053177 - val 0.056201
Epoch 1276/1500 - train 0.056889 - val 0.053578
Epoch 1277/1500 - train 0.053199 - val 0.057785
Epoch 1278/1500 - train 0.052862 - val 0.056320
Epoch 1279/1500 - train 0.052215 - val 0.061241
Epoch 1280/1500 - train 0.055738 - val 0.061523
Epoch 1281/1500 - train 0.053890 - val 0.073320
Epoch 1282/1500 - train 0.055230 - val 0.068655
Epoch 1283/1500 - train 0.052829 - val 0.052920
Epoch 1284/1500 - train 0.054990 - val 0.073635
Epoch 1285/1500 - train 0.053280 - val 0.068850
Epoch 1286/1500 - train 0.052707 - val 0.067997
Epoch 1287/1500 - train 0.056094 - val 0.075943
Epoch 1288/1500 - train 0.053795 - val 0.055647
Epoch 1289/1500 - train 0.054084 - val 0.073897
Epoch 1290/1500 - train 0.054446 - val 0.062824
Epoch 1291/1500 - train 0.055231 - val 0.052843
Epoch 1292/1500 - train 0.053480 - val 0.064417
Epoch 1293/1500 - train 0.052435 - val 0.069784
Epoch 1294/1500 - train 0.057202 - val 0.068157
Epoch 1295/1500 - train 0.057415 - val 0.063104
Epoch 1296/1500 - train 0.055500 - val 0.076897
Epoch 1297/1500 - train 0.052528 - val 0.054137
Epoch 1298/1500 - train 0.055007 - val 0.063279
Epoch 1299/1500 - train 0.052812 - val 0.053190
Epoch 1300/1500 - train 0.053937 - val 0.090050
Epoch 1301/1500 - train 0.054186 - val 0.060803
Epoch 1302/1500 - train 0.054094 - val 0.110341
Epoch 1303/1500 - train 0.058511 - val 0.055259
Epoch 1304/1500 - train 0.052788 - val 0.050508
Epoch 1305/1500 - train 0.056117 - val 0.053608
Epoch 1306/1500 - train 0.051886 - val 0.062664
Epoch 1307/1500 - train 0.054894 - val 0.057637
Epoch 1308/1500 - train 0.053025 - val 0.070205
Epoch 1309/1500 - train 0.053896 - val 0.062787
Epoch 1310/1500 - train 0.054139 - val 0.051608
Epoch 1311/1500 - train 0.051848 - val 0.060954
Epoch 1312/1500 - train 0.054602 - val 0.055955
Epoch 1313/1500 - train 0.052963 - val 0.071106
Epoch 1314/1500 - train 0.053657 - val 0.070682
Epoch 1315/1500 - train 0.053881 - val 0.056159
Epoch 1316/1500 - train 0.052306 - val 0.057423
Epoch 1317/1500 - train 0.058261 - val 0.079639
Epoch 1318/1500 - train 0.054164 - val 0.085002
Epoch 1319/1500 - train 0.054351 - val 0.056528
Epoch 1320/1500 - train 0.053363 - val 0.056873
Epoch 1321/1500 - train 0.052275 - val 0.061093
Epoch 1322/1500 - train 0.058288 - val 0.071490
Epoch 1323/1500 - train 0.053756 - val 0.065238
Epoch 1324/1500 - train 0.052068 - val 0.057744
Epoch 1325/1500 - train 0.055682 - val 0.059020
Epoch 1326/1500 - train 0.053571 - val 0.067630
Epoch 1327/1500 - train 0.054090 - val 0.075219
Epoch 1328/1500 - train 0.054589 - val 0.052207
Epoch 1329/1500 - train 0.052677 - val 0.055787
Epoch 1330/1500 - train 0.054173 - val 0.066888
Epoch 1331/1500 - train 0.053004 - val 0.071039
Epoch 1332/1500 - train 0.054704 - val 0.084094
Epoch 1333/1500 - train 0.058661 - val 0.064598
Epoch 1334/1500 - train 0.053203 - val 0.073644
Epoch 1335/1500 - train 0.053342 - val 0.058602
Epoch 1336/1500 - train 0.054964 - val 0.076744
Epoch 1337/1500 - train 0.054314 - val 0.055424
Epoch 1338/1500 - train 0.054525 - val 0.069497
Epoch 1339/1500 - train 0.052554 - val 0.056238
Epoch 1340/1500 - train 0.052238 - val 0.060981
Epoch 1341/1500 - train 0.054131 - val 0.062342
Epoch 1342/1500 - train 0.055707 - val 0.062588
Epoch 1343/1500 - train 0.051541 - val 0.053513
Epoch 1344/1500 - train 0.054217 - val 0.057241
Epoch 1345/1500 - train 0.052551 - val 0.056007
Epoch 1346/1500 - train 0.052650 - val 0.056314
Epoch 1347/1500 - train 0.055468 - val 0.055028
Epoch 1348/1500 - train 0.052523 - val 0.065694
Epoch 1349/1500 - train 0.053439 - val 0.064517
Epoch 1350/1500 - train 0.051817 - val 0.075398
Epoch 1351/1500 - train 0.056974 - val 0.057418
Epoch 1352/1500 - train 0.055425 - val 0.057348
Epoch 1353/1500 - train 0.052779 - val 0.056820
Epoch 1354/1500 - train 0.051976 - val 0.054198
Epoch 1355/1500 - train 0.055893 - val 0.062018
Epoch 1356/1500 - train 0.054282 - val 0.064994
Epoch 1357/1500 - train 0.054445 - val 0.065052
Epoch 1358/1500 - train 0.052239 - val 0.081257
Epoch 1359/1500 - train 0.054381 - val 0.052623
Epoch 1360/1500 - train 0.052633 - val 0.057744
Epoch 1361/1500 - train 0.054024 - val 0.129816
Epoch 1362/1500 - train 0.059932 - val 0.053032
Epoch 1363/1500 - train 0.052093 - val 0.054193
Epoch 1364/1500 - train 0.053482 - val 0.082734
Epoch 1365/1500 - train 0.062367 - val 0.057600
Epoch 1366/1500 - train 0.051520 - val 0.055623
Epoch 1367/1500 - train 0.052422 - val 0.056558
Epoch 1368/1500 - train 0.052146 - val 0.054140
Epoch 1369/1500 - train 0.051242 - val 0.053108
Epoch 1370/1500 - train 0.052951 - val 0.056074
Epoch 1371/1500 - train 0.055763 - val 0.075952
Epoch 1372/1500 - train 0.055588 - val 0.052503
Epoch 1373/1500 - train 0.051964 - val 0.074559
Epoch 1374/1500 - train 0.054361 - val 0.051351
Epoch 1375/1500 - train 0.050464 - val 0.056653
Epoch 1376/1500 - train 0.054980 - val 0.049774
Epoch 1377/1500 - train 0.052825 - val 0.066888
Epoch 1378/1500 - train 0.053393 - val 0.052950
Epoch 1379/1500 - train 0.053808 - val 0.051608
Epoch 1380/1500 - train 0.055453 - val 0.055762
Epoch 1381/1500 - train 0.054467 - val 0.059132
Epoch 1382/1500 - train 0.052965 - val 0.056716
Epoch 1383/1500 - train 0.054572 - val 0.057991
Epoch 1384/1500 - train 0.051560 - val 0.075754
Epoch 1385/1500 - train 0.053926 - val 0.085991
Epoch 1386/1500 - train 0.057146 - val 0.057200
Epoch 1387/1500 - train 0.053510 - val 0.057666
Epoch 1388/1500 - train 0.053167 - val 0.060000
Epoch 1389/1500 - train 0.053238 - val 0.072046
Epoch 1390/1500 - train 0.053493 - val 0.056680
Epoch 1391/1500 - train 0.053158 - val 0.055598
Epoch 1392/1500 - train 0.050899 - val 0.053384
Epoch 1393/1500 - train 0.054491 - val 0.074135
Epoch 1394/1500 - train 0.054328 - val 0.065662
Epoch 1395/1500 - train 0.052613 - val 0.058660
Epoch 1396/1500 - train 0.056207 - val 0.050672
Epoch 1397/1500 - train 0.051235 - val 0.064677
Epoch 1398/1500 - train 0.057131 - val 0.051373
Epoch 1399/1500 - train 0.052473 - val 0.055539
Epoch 1400/1500 - train 0.056209 - val 0.070337
Epoch 1401/1500 - train 0.054608 - val 0.058595
Epoch 1402/1500 - train 0.053424 - val 0.055949
Epoch 1403/1500 - train 0.050840 - val 0.060187
Epoch 1404/1500 - train 0.054861 - val 0.058313
Epoch 1405/1500 - train 0.053557 - val 0.058542
Epoch 1406/1500 - train 0.052437 - val 0.059740
Epoch 1407/1500 - train 0.053344 - val 0.063058
Epoch 1408/1500 - train 0.053385 - val 0.053564
Epoch 1409/1500 - train 0.051896 - val 0.060716
Epoch 1410/1500 - train 0.055241 - val 0.058115
Epoch 1411/1500 - train 0.052426 - val 0.070378
Epoch 1412/1500 - train 0.052967 - val 0.054630
Epoch 1413/1500 - train 0.053372 - val 0.055706
Epoch 1414/1500 - train 0.055762 - val 0.066447
Epoch 1415/1500 - train 0.055178 - val 0.069605
Epoch 1416/1500 - train 0.053260 - val 0.091096
Epoch 1417/1500 - train 0.056714 - val 0.063063
Epoch 1418/1500 - train 0.051005 - val 0.056081
Epoch 1419/1500 - train 0.053453 - val 0.064483
Epoch 1420/1500 - train 0.053143 - val 0.051515
Epoch 1421/1500 - train 0.054805 - val 0.053310
Epoch 1422/1500 - train 0.052249 - val 0.057729
Epoch 1423/1500 - train 0.050431 - val 0.054769
Epoch 1424/1500 - train 0.054106 - val 0.065586
Epoch 1425/1500 - train 0.054600 - val 0.054668
Epoch 1426/1500 - train 0.053977 - val 0.058306
Epoch 1427/1500 - train 0.055824 - val 0.053435
Epoch 1428/1500 - train 0.052343 - val 0.059070
Epoch 1429/1500 - train 0.054220 - val 0.063105
Epoch 1430/1500 - train 0.054586 - val 0.052521
Epoch 1431/1500 - train 0.054005 - val 0.054316
Epoch 1432/1500 - train 0.052483 - val 0.075049
Epoch 1433/1500 - train 0.056882 - val 0.053178
Epoch 1434/1500 - train 0.053140 - val 0.069709
Epoch 1435/1500 - train 0.055335 - val 0.054381
Epoch 1436/1500 - train 0.051109 - val 0.062022
Epoch 1437/1500 - train 0.053411 - val 0.060460
Epoch 1438/1500 - train 0.050584 - val 0.077046
Epoch 1439/1500 - train 0.051498 - val 0.053352
Epoch 1440/1500 - train 0.054334 - val 0.092223
Epoch 1441/1500 - train 0.056333 - val 0.077789
Epoch 1442/1500 - train 0.052688 - val 0.052832
Epoch 1443/1500 - train 0.050974 - val 0.052791
Epoch 1444/1500 - train 0.054244 - val 0.062170
Epoch 1445/1500 - train 0.051818 - val 0.076261
Epoch 1446/1500 - train 0.053652 - val 0.060950
Epoch 1447/1500 - train 0.053250 - val 0.053206
Epoch 1448/1500 - train 0.052884 - val 0.072312
Epoch 1449/1500 - train 0.054515 - val 0.060611
Epoch 1450/1500 - train 0.052177 - val 0.078188
Epoch 1451/1500 - train 0.051485 - val 0.061522
Epoch 1452/1500 - train 0.051707 - val 0.057050
Epoch 1453/1500 - train 0.052996 - val 0.069519
Epoch 1454/1500 - train 0.052198 - val 0.058851
Epoch 1455/1500 - train 0.052244 - val 0.055944
Epoch 1456/1500 - train 0.050035 - val 0.050531
Epoch 1457/1500 - train 0.056693 - val 0.056312
Epoch 1458/1500 - train 0.052618 - val 0.086830
Epoch 1459/1500 - train 0.058378 - val 0.056165
Epoch 1460/1500 - train 0.053152 - val 0.061251
Epoch 1461/1500 - train 0.052218 - val 0.060188
Epoch 1462/1500 - train 0.052590 - val 0.056249
Epoch 1463/1500 - train 0.053404 - val 0.062959
Epoch 1464/1500 - train 0.053207 - val 0.063633
Epoch 1465/1500 - train 0.055657 - val 0.087841
Epoch 1466/1500 - train 0.057107 - val 0.080402
Epoch 1467/1500 - train 0.051824 - val 0.093553
Epoch 1468/1500 - train 0.061997 - val 0.051926
Epoch 1469/1500 - train 0.052231 - val 0.065379
Epoch 1470/1500 - train 0.051588 - val 0.071880
Epoch 1471/1500 - train 0.052121 - val 0.074822
Epoch 1472/1500 - train 0.053425 - val 0.059265
Epoch 1473/1500 - train 0.053472 - val 0.085415
Epoch 1474/1500 - train 0.055149 - val 0.089445
Epoch 1475/1500 - train 0.053579 - val 0.055799
Epoch 1476/1500 - train 0.051652 - val 0.055943
Epoch 1477/1500 - train 0.054651 - val 0.057773
Epoch 1478/1500 - train 0.053220 - val 0.062532
Epoch 1479/1500 - train 0.051916 - val 0.066847
Epoch 1480/1500 - train 0.052118 - val 0.057170
Epoch 1481/1500 - train 0.049836 - val 0.062691
Epoch 1482/1500 - train 0.054096 - val 0.067826
Epoch 1483/1500 - train 0.051832 - val 0.056857
Epoch 1484/1500 - train 0.054758 - val 0.052898
Epoch 1485/1500 - train 0.050710 - val 0.062572
Epoch 1486/1500 - train 0.053703 - val 0.057143
Epoch 1487/1500 - train 0.053565 - val 0.071655
Epoch 1488/1500 - train 0.056183 - val 0.056807
Epoch 1489/1500 - train 0.051832 - val 0.067665
Epoch 1490/1500 - train 0.054425 - val 0.056343
Epoch 1491/1500 - train 0.051410 - val 0.071653
Epoch 1492/1500 - train 0.053861 - val 0.073309
Epoch 1493/1500 - train 0.056920 - val 0.058137
Epoch 1494/1500 - train 0.052412 - val 0.077618
Epoch 1495/1500 - train 0.052398 - val 0.062377
Epoch 1496/1500 - train 0.053061 - val 0.057517
Epoch 1497/1500 - train 0.052620 - val 0.057495
Epoch 1498/1500 - train 0.053202 - val 0.053223
Epoch 1499/1500 - train 0.052429 - val 0.075404
Epoch 1500/1500 - train 0.053339 - val 0.056070
Saved model to /scratch/network/ak9088/NASA-RL-Wavefront-Control/RL/jobs/20251224_231857/exp-fc1-zscore-ep1500-bs2048-lr1e-3-s42-h128-64-images-wd0.0005/fc1_best.pth
