y: [[-2.35998277e-02 -2.75871515e-01  6.02177918e-01 ... -1.45009488e-01
   1.37586817e-01  5.20542969e-08]
 [ 2.95631289e-01 -5.61051369e-01  7.74623975e-02 ...  2.91730184e-02
  -7.50362873e-02  4.47253754e-08]
 [-3.29329483e-02 -6.01176620e-02  3.24746937e-01 ...  2.15225220e-02
   1.27907038e-01  4.16605346e-08]
 ...
 [-4.33955073e-01 -4.90099400e-01 -1.55435922e-02 ...  3.90027910e-02
   1.10533364e-01  3.87430106e-08]
 [ 5.37902117e-01 -1.41388550e-01  5.18994570e-01 ...  1.73039939e-02
   7.44224042e-02  5.09173859e-08]
 [ 4.88248914e-01  5.02021909e-01  1.60611402e-02 ...  2.46921293e-02
  -7.26920664e-02  4.84270082e-08]]
Dataset loaded: N=100000 (original 100000), C=3, H=20, W=20, y_dim=26
using device: cpu
Epoch 1/1500 - train 0.415666 - val 0.290504
Epoch 2/1500 - train 0.253057 - val 0.226127
Epoch 3/1500 - train 0.210500 - val 0.199640
Epoch 4/1500 - train 0.175829 - val 0.165774
Epoch 5/1500 - train 0.151845 - val 0.132726
Epoch 6/1500 - train 0.136024 - val 0.139003
Epoch 7/1500 - train 0.128822 - val 0.143738
Epoch 8/1500 - train 0.118342 - val 0.113767
Epoch 9/1500 - train 0.114229 - val 0.106989
Epoch 10/1500 - train 0.108699 - val 0.123675
Epoch 11/1500 - train 0.106225 - val 0.128046
Epoch 12/1500 - train 0.106032 - val 0.103985
Epoch 13/1500 - train 0.105843 - val 0.097500
Epoch 14/1500 - train 0.101024 - val 0.105452
Epoch 15/1500 - train 0.098564 - val 0.106160
Epoch 16/1500 - train 0.098471 - val 0.103887
Epoch 17/1500 - train 0.094521 - val 0.111317
Epoch 18/1500 - train 0.094992 - val 0.094202
Epoch 19/1500 - train 0.095346 - val 0.097808
Epoch 20/1500 - train 0.094085 - val 0.119375
Epoch 21/1500 - train 0.095733 - val 0.089763
Epoch 22/1500 - train 0.091919 - val 0.097149
Epoch 23/1500 - train 0.089176 - val 0.083756
Epoch 24/1500 - train 0.092329 - val 0.097371
Epoch 25/1500 - train 0.092380 - val 0.087097
Epoch 26/1500 - train 0.088149 - val 0.092474
Epoch 27/1500 - train 0.088337 - val 0.090079
Epoch 28/1500 - train 0.089094 - val 0.104845
Epoch 29/1500 - train 0.090183 - val 0.093369
Epoch 30/1500 - train 0.086528 - val 0.087977
Epoch 31/1500 - train 0.088647 - val 0.100364
Epoch 32/1500 - train 0.087188 - val 0.089132
Epoch 33/1500 - train 0.086259 - val 0.095386
Epoch 34/1500 - train 0.086034 - val 0.089672
Epoch 35/1500 - train 0.086272 - val 0.102979
Epoch 36/1500 - train 0.084846 - val 0.082023
Epoch 37/1500 - train 0.084416 - val 0.097317
Epoch 38/1500 - train 0.083574 - val 0.094728
Epoch 39/1500 - train 0.083879 - val 0.085637
Epoch 40/1500 - train 0.083977 - val 0.086127
Epoch 41/1500 - train 0.081937 - val 0.100431
Epoch 42/1500 - train 0.082504 - val 0.080092
Epoch 43/1500 - train 0.082020 - val 0.106543
Epoch 44/1500 - train 0.083051 - val 0.079687
Epoch 45/1500 - train 0.084588 - val 0.085011
Epoch 46/1500 - train 0.081432 - val 0.075097
Epoch 47/1500 - train 0.082286 - val 0.123642
Epoch 48/1500 - train 0.080336 - val 0.081184
Epoch 49/1500 - train 0.079252 - val 0.112261
Epoch 50/1500 - train 0.080721 - val 0.076415
Epoch 51/1500 - train 0.077889 - val 0.081047
Epoch 52/1500 - train 0.080243 - val 0.095125
Epoch 53/1500 - train 0.078069 - val 0.096836
Epoch 54/1500 - train 0.090779 - val 0.090429
Epoch 55/1500 - train 0.078809 - val 0.112896
Epoch 56/1500 - train 0.076684 - val 0.088288
Epoch 57/1500 - train 0.082136 - val 0.090554
Epoch 58/1500 - train 0.077885 - val 0.089366
Epoch 59/1500 - train 0.075265 - val 0.080191
Epoch 60/1500 - train 0.078487 - val 0.086382
Epoch 61/1500 - train 0.075583 - val 0.099790
Epoch 62/1500 - train 0.078845 - val 0.089921
Epoch 63/1500 - train 0.076106 - val 0.080646
Epoch 64/1500 - train 0.075014 - val 0.075355
Epoch 65/1500 - train 0.073924 - val 0.084525
Epoch 66/1500 - train 0.077848 - val 0.080145
Epoch 67/1500 - train 0.075138 - val 0.122753
Epoch 68/1500 - train 0.078223 - val 0.081485
Epoch 69/1500 - train 0.077251 - val 0.093332
Epoch 70/1500 - train 0.073560 - val 0.075833
Epoch 71/1500 - train 0.074187 - val 0.104470
Epoch 72/1500 - train 0.075524 - val 0.109946
Epoch 73/1500 - train 0.074583 - val 0.077305
Epoch 74/1500 - train 0.073674 - val 0.082402
Epoch 75/1500 - train 0.076441 - val 0.085197
Epoch 76/1500 - train 0.075316 - val 0.076482
Epoch 77/1500 - train 0.072979 - val 0.077369
Epoch 78/1500 - train 0.077754 - val 0.082193
Epoch 79/1500 - train 0.073988 - val 0.090777
Epoch 80/1500 - train 0.075050 - val 0.100591
Epoch 81/1500 - train 0.071768 - val 0.144049
Epoch 82/1500 - train 0.074343 - val 0.084917
Epoch 83/1500 - train 0.075889 - val 0.084467
Epoch 84/1500 - train 0.075304 - val 0.093213
Epoch 85/1500 - train 0.074065 - val 0.089148
Epoch 86/1500 - train 0.070989 - val 0.109157
Epoch 87/1500 - train 0.077223 - val 0.076642
Epoch 88/1500 - train 0.075239 - val 0.080427
Epoch 89/1500 - train 0.068759 - val 0.100151
Epoch 90/1500 - train 0.070473 - val 0.102539
Epoch 91/1500 - train 0.075773 - val 0.073665
Epoch 92/1500 - train 0.074047 - val 0.080654
Epoch 93/1500 - train 0.071637 - val 0.112764
Epoch 94/1500 - train 0.073405 - val 0.072036
Epoch 95/1500 - train 0.067943 - val 0.082692
Epoch 96/1500 - train 0.069912 - val 0.084152
Epoch 97/1500 - train 0.072792 - val 0.072302
Epoch 98/1500 - train 0.069441 - val 0.082481
Epoch 99/1500 - train 0.070141 - val 0.077101
Epoch 100/1500 - train 0.070063 - val 0.079071
Epoch 101/1500 - train 0.071808 - val 0.071475
Epoch 102/1500 - train 0.073581 - val 0.074224
Epoch 103/1500 - train 0.070932 - val 0.087312
Epoch 104/1500 - train 0.069445 - val 0.098274
Epoch 105/1500 - train 0.070001 - val 0.146967
Epoch 106/1500 - train 0.073484 - val 0.074999
Epoch 107/1500 - train 0.072994 - val 0.107379
Epoch 108/1500 - train 0.068513 - val 0.100776
Epoch 109/1500 - train 0.068357 - val 0.071059
Epoch 110/1500 - train 0.068469 - val 0.140911
Epoch 111/1500 - train 0.072051 - val 0.079039
Epoch 112/1500 - train 0.068208 - val 0.089480
Epoch 113/1500 - train 0.069560 - val 0.088140
Epoch 114/1500 - train 0.067572 - val 0.072432
Epoch 115/1500 - train 0.069690 - val 0.086991
Epoch 116/1500 - train 0.069528 - val 0.079972
Epoch 117/1500 - train 0.067409 - val 0.090386
Epoch 118/1500 - train 0.068778 - val 0.074492
Epoch 119/1500 - train 0.067872 - val 0.080335
Epoch 120/1500 - train 0.066181 - val 0.079708
Epoch 121/1500 - train 0.067538 - val 0.073564
Epoch 122/1500 - train 0.066664 - val 0.084119
Epoch 123/1500 - train 0.068690 - val 0.081139
Epoch 124/1500 - train 0.068679 - val 0.074008
Epoch 125/1500 - train 0.065191 - val 0.087803
Epoch 126/1500 - train 0.067953 - val 0.073074
Epoch 127/1500 - train 0.067776 - val 0.083228
Epoch 128/1500 - train 0.063531 - val 0.088647
Epoch 129/1500 - train 0.065984 - val 0.068551
Epoch 130/1500 - train 0.065289 - val 0.077022
Epoch 131/1500 - train 0.067864 - val 0.078305
Epoch 132/1500 - train 0.064706 - val 0.136436
Epoch 133/1500 - train 0.068471 - val 0.088429
Epoch 134/1500 - train 0.067475 - val 0.076523
Epoch 135/1500 - train 0.068431 - val 0.068832
Epoch 136/1500 - train 0.066121 - val 0.097137
Epoch 137/1500 - train 0.062866 - val 0.072182
Epoch 138/1500 - train 0.065173 - val 0.070379
Epoch 139/1500 - train 0.065730 - val 0.079080
Epoch 140/1500 - train 0.066009 - val 0.088757
Epoch 141/1500 - train 0.068105 - val 0.072205
Epoch 142/1500 - train 0.066042 - val 0.092939
Epoch 143/1500 - train 0.065206 - val 0.075841
Epoch 144/1500 - train 0.065504 - val 0.068588
Epoch 145/1500 - train 0.062505 - val 0.071809
Epoch 146/1500 - train 0.063087 - val 0.070280
Epoch 147/1500 - train 0.063851 - val 0.080340
Epoch 148/1500 - train 0.060048 - val 0.075005
Epoch 149/1500 - train 0.065807 - val 0.066944
Epoch 150/1500 - train 0.063336 - val 0.101767
Epoch 151/1500 - train 0.067419 - val 0.086540
Epoch 152/1500 - train 0.064296 - val 0.088326
Epoch 153/1500 - train 0.064816 - val 0.068534
Epoch 154/1500 - train 0.063513 - val 0.073353
Epoch 155/1500 - train 0.061631 - val 0.129901
Epoch 156/1500 - train 0.067658 - val 0.097832
Epoch 157/1500 - train 0.066934 - val 0.081667
Epoch 158/1500 - train 0.063176 - val 0.074156
Epoch 159/1500 - train 0.061424 - val 0.113747
Epoch 160/1500 - train 0.067014 - val 0.132543
Epoch 161/1500 - train 0.063817 - val 0.076407
Epoch 162/1500 - train 0.060558 - val 0.125249
Epoch 163/1500 - train 0.065122 - val 0.069864
Epoch 164/1500 - train 0.063548 - val 0.083955
Epoch 165/1500 - train 0.061303 - val 0.077263
Epoch 166/1500 - train 0.062721 - val 0.076418
Epoch 167/1500 - train 0.062623 - val 0.070007
Epoch 168/1500 - train 0.062481 - val 0.069489
Epoch 169/1500 - train 0.061104 - val 0.072629
Epoch 170/1500 - train 0.064745 - val 0.082636
Epoch 171/1500 - train 0.059673 - val 0.084209
Epoch 172/1500 - train 0.063661 - val 0.091532
Epoch 173/1500 - train 0.063995 - val 0.091805
Epoch 174/1500 - train 0.061696 - val 0.069076
Epoch 175/1500 - train 0.067517 - val 0.076817
Epoch 176/1500 - train 0.063092 - val 0.066670
Epoch 177/1500 - train 0.059638 - val 0.075935
Epoch 178/1500 - train 0.059746 - val 0.079230
Epoch 179/1500 - train 0.061470 - val 0.088660
Epoch 180/1500 - train 0.063100 - val 0.070052
Epoch 181/1500 - train 0.059823 - val 0.089310
Epoch 182/1500 - train 0.062281 - val 0.076715
Epoch 183/1500 - train 0.061808 - val 0.105888
Epoch 184/1500 - train 0.063109 - val 0.072365
Epoch 185/1500 - train 0.059916 - val 0.067585
Epoch 186/1500 - train 0.064348 - val 0.083547
Epoch 187/1500 - train 0.061413 - val 0.102932
Epoch 188/1500 - train 0.067836 - val 0.089348
Epoch 189/1500 - train 0.059533 - val 0.078114
Epoch 190/1500 - train 0.060946 - val 0.090604
Epoch 191/1500 - train 0.061078 - val 0.071836
Epoch 192/1500 - train 0.061882 - val 0.078835
Epoch 193/1500 - train 0.062028 - val 0.079388
Epoch 194/1500 - train 0.062415 - val 0.065149
Epoch 195/1500 - train 0.063662 - val 0.071511
Epoch 196/1500 - train 0.059169 - val 0.082011
Epoch 197/1500 - train 0.059360 - val 0.072846
Epoch 198/1500 - train 0.059103 - val 0.065605
Epoch 199/1500 - train 0.058915 - val 0.069319
Epoch 200/1500 - train 0.063556 - val 0.067196
Epoch 201/1500 - train 0.058505 - val 0.067551
Epoch 202/1500 - train 0.059068 - val 0.066462
Epoch 203/1500 - train 0.059334 - val 0.081535
Epoch 204/1500 - train 0.060561 - val 0.073165
Epoch 205/1500 - train 0.059211 - val 0.070639
Epoch 206/1500 - train 0.058557 - val 0.068850
Epoch 207/1500 - train 0.059968 - val 0.093050
Epoch 208/1500 - train 0.060950 - val 0.067030
Epoch 209/1500 - train 0.056095 - val 0.173292
Epoch 210/1500 - train 0.066919 - val 0.076301
Epoch 211/1500 - train 0.058662 - val 0.067204
Epoch 212/1500 - train 0.060047 - val 0.075494
Epoch 213/1500 - train 0.056687 - val 0.066182
Epoch 214/1500 - train 0.057899 - val 0.071134
Epoch 215/1500 - train 0.060294 - val 0.077979
Epoch 216/1500 - train 0.062541 - val 0.079441
Epoch 217/1500 - train 0.058659 - val 0.079245
Epoch 218/1500 - train 0.060323 - val 0.066262
Epoch 219/1500 - train 0.057648 - val 0.072657
Epoch 220/1500 - train 0.056876 - val 0.064908
Epoch 221/1500 - train 0.056060 - val 0.061453
Epoch 222/1500 - train 0.060217 - val 0.080385
Epoch 223/1500 - train 0.057071 - val 0.075333
Epoch 224/1500 - train 0.058229 - val 0.070110
Epoch 225/1500 - train 0.060093 - val 0.096381
Epoch 226/1500 - train 0.058437 - val 0.069218
Epoch 227/1500 - train 0.060836 - val 0.096350
Epoch 228/1500 - train 0.059220 - val 0.070789
Epoch 229/1500 - train 0.056635 - val 0.107161
Epoch 230/1500 - train 0.060274 - val 0.065615
Epoch 231/1500 - train 0.060912 - val 0.070069
Epoch 232/1500 - train 0.057925 - val 0.067139
Epoch 233/1500 - train 0.054550 - val 0.065361
Epoch 234/1500 - train 0.056879 - val 0.071623
Epoch 235/1500 - train 0.059900 - val 0.072913
Epoch 236/1500 - train 0.055663 - val 0.070160
Epoch 237/1500 - train 0.060082 - val 0.073777
Epoch 238/1500 - train 0.060111 - val 0.065529
Epoch 239/1500 - train 0.057746 - val 0.064064
Epoch 240/1500 - train 0.056948 - val 0.075334
Epoch 241/1500 - train 0.053966 - val 0.087390
Epoch 242/1500 - train 0.055140 - val 0.093365
Epoch 243/1500 - train 0.059109 - val 0.102072
Epoch 244/1500 - train 0.057712 - val 0.088248
Epoch 245/1500 - train 0.055952 - val 0.072361
Epoch 246/1500 - train 0.057388 - val 0.079254
Epoch 247/1500 - train 0.055108 - val 0.071473
Epoch 248/1500 - train 0.057607 - val 0.069901
Epoch 249/1500 - train 0.057310 - val 0.063520
Epoch 250/1500 - train 0.055961 - val 0.067716
Epoch 251/1500 - train 0.056485 - val 0.073793
Epoch 252/1500 - train 0.057072 - val 0.063814
Epoch 253/1500 - train 0.055301 - val 0.069920
Epoch 254/1500 - train 0.057225 - val 0.060705
Epoch 255/1500 - train 0.057450 - val 0.064520
Epoch 256/1500 - train 0.055865 - val 0.072001
Epoch 257/1500 - train 0.056572 - val 0.064713
Epoch 258/1500 - train 0.054682 - val 0.084204
Epoch 259/1500 - train 0.055730 - val 0.077655
Epoch 260/1500 - train 0.058523 - val 0.069213
Epoch 261/1500 - train 0.053828 - val 0.098784
Epoch 262/1500 - train 0.057656 - val 0.062223
Epoch 263/1500 - train 0.054686 - val 0.066561
Epoch 264/1500 - train 0.056945 - val 0.078439
Epoch 265/1500 - train 0.056773 - val 0.075777
Epoch 266/1500 - train 0.055791 - val 0.077318
Epoch 267/1500 - train 0.057751 - val 0.076264
Epoch 268/1500 - train 0.056938 - val 0.080785
Epoch 269/1500 - train 0.055306 - val 0.067420
Epoch 270/1500 - train 0.055088 - val 0.092369
Epoch 271/1500 - train 0.059625 - val 0.081752
Epoch 272/1500 - train 0.054525 - val 0.069374
Epoch 273/1500 - train 0.058971 - val 0.068345
Epoch 274/1500 - train 0.056338 - val 0.062625
Epoch 275/1500 - train 0.055779 - val 0.088702
Epoch 276/1500 - train 0.057723 - val 0.067827
Epoch 277/1500 - train 0.054552 - val 0.068431
Epoch 278/1500 - train 0.055249 - val 0.066679
Epoch 279/1500 - train 0.055836 - val 0.066172
Epoch 280/1500 - train 0.057437 - val 0.068733
Epoch 281/1500 - train 0.051592 - val 0.095406
Epoch 282/1500 - train 0.055898 - val 0.062268
Epoch 283/1500 - train 0.056545 - val 0.071208
Epoch 284/1500 - train 0.054071 - val 0.090532
Epoch 285/1500 - train 0.053818 - val 0.062495
Epoch 286/1500 - train 0.056213 - val 0.064275
Epoch 287/1500 - train 0.054604 - val 0.080168
Epoch 288/1500 - train 0.054245 - val 0.073007
Epoch 289/1500 - train 0.055816 - val 0.066475
Epoch 290/1500 - train 0.054029 - val 0.098683
Epoch 291/1500 - train 0.055046 - val 0.065169
Epoch 292/1500 - train 0.054541 - val 0.066975
Epoch 293/1500 - train 0.052392 - val 0.077719
Epoch 294/1500 - train 0.053594 - val 0.083204
Epoch 295/1500 - train 0.054954 - val 0.073296
Epoch 296/1500 - train 0.057531 - val 0.112217
Epoch 297/1500 - train 0.057422 - val 0.090007
Epoch 298/1500 - train 0.054769 - val 0.071910
Epoch 299/1500 - train 0.052429 - val 0.064634
Epoch 300/1500 - train 0.055072 - val 0.081498
Epoch 301/1500 - train 0.054906 - val 0.065887
Epoch 302/1500 - train 0.055517 - val 0.082614
Epoch 303/1500 - train 0.058561 - val 0.067038
Epoch 304/1500 - train 0.053523 - val 0.073175
Epoch 305/1500 - train 0.053225 - val 0.076482
Epoch 306/1500 - train 0.056849 - val 0.095544
Epoch 307/1500 - train 0.053798 - val 0.091125
Epoch 308/1500 - train 0.055380 - val 0.071338
Epoch 309/1500 - train 0.052684 - val 0.094302
Epoch 310/1500 - train 0.055380 - val 0.059972
Epoch 311/1500 - train 0.053218 - val 0.063493
Epoch 312/1500 - train 0.057106 - val 0.073031
Epoch 313/1500 - train 0.052816 - val 0.062190
Epoch 314/1500 - train 0.053652 - val 0.064188
Epoch 315/1500 - train 0.054258 - val 0.065973
Epoch 316/1500 - train 0.053342 - val 0.075110
Epoch 317/1500 - train 0.051997 - val 0.067629
Epoch 318/1500 - train 0.053255 - val 0.066770
Epoch 319/1500 - train 0.054264 - val 0.073417
Epoch 320/1500 - train 0.054172 - val 0.078387
Epoch 321/1500 - train 0.054146 - val 0.080611
Epoch 322/1500 - train 0.055448 - val 0.085098
Epoch 323/1500 - train 0.055064 - val 0.064595
Epoch 324/1500 - train 0.052429 - val 0.090623
Epoch 325/1500 - train 0.054839 - val 0.074629
Epoch 326/1500 - train 0.053657 - val 0.064340
Epoch 327/1500 - train 0.053905 - val 0.062085
Epoch 328/1500 - train 0.052247 - val 0.064866
Epoch 329/1500 - train 0.053534 - val 0.070092
Epoch 330/1500 - train 0.054438 - val 0.084652
Epoch 331/1500 - train 0.053413 - val 0.075044
Epoch 332/1500 - train 0.054361 - val 0.070255
Epoch 333/1500 - train 0.052559 - val 0.069343
Epoch 334/1500 - train 0.055522 - val 0.066492
Epoch 335/1500 - train 0.050911 - val 0.064168
Epoch 336/1500 - train 0.056406 - val 0.070765
Epoch 337/1500 - train 0.052298 - val 0.058829
Epoch 338/1500 - train 0.057807 - val 0.062511
Epoch 339/1500 - train 0.052074 - val 0.065801
Epoch 340/1500 - train 0.050716 - val 0.089677
Epoch 341/1500 - train 0.056280 - val 0.071576
Epoch 342/1500 - train 0.052000 - val 0.110919
Epoch 343/1500 - train 0.055681 - val 0.088515
Epoch 344/1500 - train 0.055235 - val 0.070459
Epoch 345/1500 - train 0.051784 - val 0.095882
Epoch 346/1500 - train 0.054179 - val 0.100131
Epoch 347/1500 - train 0.053039 - val 0.088524
Epoch 348/1500 - train 0.053472 - val 0.083841
Epoch 349/1500 - train 0.054945 - val 0.069612
Epoch 350/1500 - train 0.051591 - val 0.062718
Epoch 351/1500 - train 0.049753 - val 0.194175
Epoch 352/1500 - train 0.069172 - val 0.087841
Epoch 353/1500 - train 0.053135 - val 0.081633
Epoch 354/1500 - train 0.059034 - val 0.080768
Epoch 355/1500 - train 0.052853 - val 0.060944
Epoch 356/1500 - train 0.052832 - val 0.061500
Epoch 357/1500 - train 0.053665 - val 0.079205
Epoch 358/1500 - train 0.054901 - val 0.077284
Epoch 359/1500 - train 0.050997 - val 0.077596
Epoch 360/1500 - train 0.048318 - val 0.109846
Epoch 361/1500 - train 0.057286 - val 0.091731
Epoch 362/1500 - train 0.053236 - val 0.068484
Epoch 363/1500 - train 0.051919 - val 0.070451
Epoch 364/1500 - train 0.053584 - val 0.074785
Epoch 365/1500 - train 0.051401 - val 0.062325
Epoch 366/1500 - train 0.052455 - val 0.075819
Epoch 367/1500 - train 0.052620 - val 0.061715
Epoch 368/1500 - train 0.051382 - val 0.061539
Epoch 369/1500 - train 0.051980 - val 0.062663
Epoch 370/1500 - train 0.052740 - val 0.064999
Epoch 371/1500 - train 0.055265 - val 0.075998
Epoch 372/1500 - train 0.052298 - val 0.092654
Epoch 373/1500 - train 0.051903 - val 0.084691
Epoch 374/1500 - train 0.058754 - val 0.086473
Epoch 375/1500 - train 0.057286 - val 0.083999
Epoch 376/1500 - train 0.050774 - val 0.066994
Epoch 377/1500 - train 0.050873 - val 0.066898
Epoch 378/1500 - train 0.052047 - val 0.091422
Epoch 379/1500 - train 0.053713 - val 0.064958
Epoch 380/1500 - train 0.050163 - val 0.106657
Epoch 381/1500 - train 0.054523 - val 0.072720
Epoch 382/1500 - train 0.052131 - val 0.068144
Epoch 383/1500 - train 0.051808 - val 0.061866
Epoch 384/1500 - train 0.049038 - val 0.097211
Epoch 385/1500 - train 0.056008 - val 0.099831
Epoch 386/1500 - train 0.051521 - val 0.131569
Epoch 387/1500 - train 0.072494 - val 0.067035
Epoch 388/1500 - train 0.057386 - val 0.069965
Epoch 389/1500 - train 0.053110 - val 0.073105
Epoch 390/1500 - train 0.053272 - val 0.065036
Epoch 391/1500 - train 0.050355 - val 0.066121
Epoch 392/1500 - train 0.051324 - val 0.071459
Epoch 393/1500 - train 0.048739 - val 0.073779
Epoch 394/1500 - train 0.051997 - val 0.059650
Epoch 395/1500 - train 0.053316 - val 0.077237
Epoch 396/1500 - train 0.050449 - val 0.064065
Epoch 397/1500 - train 0.048896 - val 0.066723
Epoch 398/1500 - train 0.050054 - val 0.081805
Epoch 399/1500 - train 0.051737 - val 0.079733
Epoch 400/1500 - train 0.047270 - val 0.139638
Epoch 401/1500 - train 0.062947 - val 0.070011
Epoch 402/1500 - train 0.053429 - val 0.068058
Epoch 403/1500 - train 0.050081 - val 0.060762
Epoch 404/1500 - train 0.054047 - val 0.098555
Epoch 405/1500 - train 0.054065 - val 0.056621
Epoch 406/1500 - train 0.049118 - val 0.078796
Epoch 407/1500 - train 0.049490 - val 0.119228
Epoch 408/1500 - train 0.055083 - val 0.065268
Epoch 409/1500 - train 0.051536 - val 0.089734
Epoch 410/1500 - train 0.053668 - val 0.076357
Epoch 411/1500 - train 0.048545 - val 0.119307
Epoch 412/1500 - train 0.056557 - val 0.064266
Epoch 413/1500 - train 0.051499 - val 0.065866
Epoch 414/1500 - train 0.050371 - val 0.070083
Epoch 415/1500 - train 0.054053 - val 0.059796
Epoch 416/1500 - train 0.051612 - val 0.060467
Epoch 417/1500 - train 0.050114 - val 0.064064
Epoch 418/1500 - train 0.049417 - val 0.064452
Epoch 419/1500 - train 0.050587 - val 0.071008
Epoch 420/1500 - train 0.049573 - val 0.069066
Epoch 421/1500 - train 0.050699 - val 0.057978
Epoch 422/1500 - train 0.057101 - val 0.095310
Epoch 423/1500 - train 0.057466 - val 0.062105
Epoch 424/1500 - train 0.049299 - val 0.071386
Epoch 425/1500 - train 0.055201 - val 0.065370
Epoch 426/1500 - train 0.051837 - val 0.073547
Epoch 427/1500 - train 0.050927 - val 0.072735
Epoch 428/1500 - train 0.050076 - val 0.059313
Epoch 429/1500 - train 0.051998 - val 0.066037
Epoch 430/1500 - train 0.052691 - val 0.065054
Epoch 431/1500 - train 0.049388 - val 0.077473
Epoch 432/1500 - train 0.048278 - val 0.059487
Epoch 433/1500 - train 0.050171 - val 0.136805
Epoch 434/1500 - train 0.056228 - val 0.077409
Epoch 435/1500 - train 0.050964 - val 0.085742
Epoch 436/1500 - train 0.050193 - val 0.062450
Epoch 437/1500 - train 0.051500 - val 0.075401
Epoch 438/1500 - train 0.050843 - val 0.074948
Epoch 439/1500 - train 0.050787 - val 0.059142
Epoch 440/1500 - train 0.052397 - val 0.065291
Epoch 441/1500 - train 0.061257 - val 0.069495
Epoch 442/1500 - train 0.052055 - val 0.097627
Epoch 443/1500 - train 0.051565 - val 0.082320
Epoch 444/1500 - train 0.053678 - val 0.058522
Epoch 445/1500 - train 0.049747 - val 0.060570
Epoch 446/1500 - train 0.048070 - val 0.058399
Epoch 447/1500 - train 0.047946 - val 0.126480
Epoch 448/1500 - train 0.054145 - val 0.062917
Epoch 449/1500 - train 0.050419 - val 0.060824
Epoch 450/1500 - train 0.050079 - val 0.086929
Epoch 451/1500 - train 0.052130 - val 0.088505
Epoch 452/1500 - train 0.052259 - val 0.074197
Epoch 453/1500 - train 0.048710 - val 0.061539
Epoch 454/1500 - train 0.049795 - val 0.059900
Epoch 455/1500 - train 0.049689 - val 0.062768
Epoch 456/1500 - train 0.049532 - val 0.100554
Epoch 457/1500 - train 0.058588 - val 0.061292
Epoch 458/1500 - train 0.049586 - val 0.066136
Epoch 459/1500 - train 0.048620 - val 0.071416
Epoch 460/1500 - train 0.049008 - val 0.067175
Epoch 461/1500 - train 0.050282 - val 0.073040
Epoch 462/1500 - train 0.052435 - val 0.072386
Epoch 463/1500 - train 0.049468 - val 0.057406
Epoch 464/1500 - train 0.048333 - val 0.061259
Epoch 465/1500 - train 0.050955 - val 0.061564
Epoch 466/1500 - train 0.050124 - val 0.063862
Epoch 467/1500 - train 0.049415 - val 0.059263
Epoch 468/1500 - train 0.049388 - val 0.061672
Epoch 469/1500 - train 0.048954 - val 0.060549
Epoch 470/1500 - train 0.048875 - val 0.059210
Epoch 471/1500 - train 0.051319 - val 0.060446
Epoch 472/1500 - train 0.051260 - val 0.055220
Epoch 473/1500 - train 0.053283 - val 0.070295
Epoch 474/1500 - train 0.054047 - val 0.062234
Epoch 475/1500 - train 0.045893 - val 0.079138
Epoch 476/1500 - train 0.051502 - val 0.077566
Epoch 477/1500 - train 0.050456 - val 0.066457
Epoch 478/1500 - train 0.049475 - val 0.065928
Epoch 479/1500 - train 0.049095 - val 0.072135
Epoch 480/1500 - train 0.048838 - val 0.074142
Epoch 481/1500 - train 0.049911 - val 0.073539
Epoch 482/1500 - train 0.049432 - val 0.066009
Epoch 483/1500 - train 0.046835 - val 0.054644
Epoch 484/1500 - train 0.052323 - val 0.066291
Epoch 485/1500 - train 0.052157 - val 0.060772
Epoch 486/1500 - train 0.049423 - val 0.054260
Epoch 487/1500 - train 0.050196 - val 0.068410
Epoch 488/1500 - train 0.050471 - val 0.065534
Epoch 489/1500 - train 0.050882 - val 0.064069
Epoch 490/1500 - train 0.051475 - val 0.061618
Epoch 491/1500 - train 0.054311 - val 0.064987
Epoch 492/1500 - train 0.051884 - val 0.065146
Epoch 493/1500 - train 0.048744 - val 0.057143
Epoch 494/1500 - train 0.047307 - val 0.060567
Epoch 495/1500 - train 0.049172 - val 0.065702
Epoch 496/1500 - train 0.048078 - val 0.082603
Epoch 497/1500 - train 0.049277 - val 0.062538
Epoch 498/1500 - train 0.047499 - val 0.065969
Epoch 499/1500 - train 0.047918 - val 0.066535
Epoch 500/1500 - train 0.047778 - val 0.056779
Epoch 501/1500 - train 0.047036 - val 0.057570
Epoch 502/1500 - train 0.048260 - val 0.074963
Epoch 503/1500 - train 0.050473 - val 0.087700
Epoch 504/1500 - train 0.052485 - val 0.072284
Epoch 505/1500 - train 0.051463 - val 0.067505
Epoch 506/1500 - train 0.051015 - val 0.063171
Epoch 507/1500 - train 0.045577 - val 0.075537
Epoch 508/1500 - train 0.049893 - val 0.062930
Epoch 509/1500 - train 0.049266 - val 0.057242
Epoch 510/1500 - train 0.048664 - val 0.063047
Epoch 511/1500 - train 0.050532 - val 0.067487
Epoch 512/1500 - train 0.048712 - val 0.059961
Epoch 513/1500 - train 0.046959 - val 0.059577
Epoch 514/1500 - train 0.048591 - val 0.059106
Epoch 515/1500 - train 0.047244 - val 0.059104
Epoch 516/1500 - train 0.056172 - val 0.079443
Epoch 517/1500 - train 0.049435 - val 0.082034
Epoch 518/1500 - train 0.050883 - val 0.085037
Epoch 519/1500 - train 0.050249 - val 0.075284
Epoch 520/1500 - train 0.048576 - val 0.072742
Epoch 521/1500 - train 0.053477 - val 0.075171
Epoch 522/1500 - train 0.047908 - val 0.052762
Epoch 523/1500 - train 0.048834 - val 0.062657
Epoch 524/1500 - train 0.048426 - val 0.062402
Epoch 525/1500 - train 0.048179 - val 0.091042
Epoch 526/1500 - train 0.050351 - val 0.067324
Epoch 527/1500 - train 0.049768 - val 0.062284
Epoch 528/1500 - train 0.052976 - val 0.059091
Epoch 529/1500 - train 0.047191 - val 0.060173
Epoch 530/1500 - train 0.048725 - val 0.062471
Epoch 531/1500 - train 0.045695 - val 0.074931
Epoch 532/1500 - train 0.048370 - val 0.089561
Epoch 533/1500 - train 0.052839 - val 0.057519
Epoch 534/1500 - train 0.048482 - val 0.067309
Epoch 535/1500 - train 0.048601 - val 0.073339
Epoch 536/1500 - train 0.046792 - val 0.061251
Epoch 537/1500 - train 0.051845 - val 0.056275
Epoch 538/1500 - train 0.047774 - val 0.093748
Epoch 539/1500 - train 0.051380 - val 0.062164
Epoch 540/1500 - train 0.047982 - val 0.058994
Epoch 541/1500 - train 0.047197 - val 0.070170
Epoch 542/1500 - train 0.052651 - val 0.057219
Epoch 543/1500 - train 0.047558 - val 0.087386
Epoch 544/1500 - train 0.050044 - val 0.058552
Epoch 545/1500 - train 0.048317 - val 0.060703
Epoch 546/1500 - train 0.048276 - val 0.061408
Epoch 547/1500 - train 0.048436 - val 0.061574
Epoch 548/1500 - train 0.046564 - val 0.066424
Epoch 549/1500 - train 0.047603 - val 0.055380
Epoch 550/1500 - train 0.048713 - val 0.071102
Epoch 551/1500 - train 0.051224 - val 0.055568
Epoch 552/1500 - train 0.048011 - val 0.062027
Epoch 553/1500 - train 0.047337 - val 0.056585
Epoch 554/1500 - train 0.045678 - val 0.081478
Epoch 555/1500 - train 0.047140 - val 0.076427
Epoch 556/1500 - train 0.051251 - val 0.086630
Epoch 557/1500 - train 0.046604 - val 0.065170
Epoch 558/1500 - train 0.052645 - val 0.059431
Epoch 559/1500 - train 0.048961 - val 0.064020
Epoch 560/1500 - train 0.048071 - val 0.062215
Epoch 561/1500 - train 0.046057 - val 0.158687
Epoch 562/1500 - train 0.070906 - val 0.082346
Epoch 563/1500 - train 0.051238 - val 0.055433
Epoch 564/1500 - train 0.049830 - val 0.072088
Epoch 565/1500 - train 0.047922 - val 0.056412
Epoch 566/1500 - train 0.051964 - val 0.065345
Epoch 567/1500 - train 0.051396 - val 0.066007
Epoch 568/1500 - train 0.048689 - val 0.110042
Epoch 569/1500 - train 0.055590 - val 0.073180
Epoch 570/1500 - train 0.050440 - val 0.067268
Epoch 571/1500 - train 0.048572 - val 0.059981
Epoch 572/1500 - train 0.043081 - val 0.057553
Epoch 573/1500 - train 0.051221 - val 0.057363
Epoch 574/1500 - train 0.047791 - val 0.061612
Epoch 575/1500 - train 0.047731 - val 0.065658
Epoch 576/1500 - train 0.046393 - val 0.074802
Epoch 577/1500 - train 0.047591 - val 0.060499
Epoch 578/1500 - train 0.047102 - val 0.102970
Epoch 579/1500 - train 0.056708 - val 0.057045
Epoch 580/1500 - train 0.045892 - val 0.081713
Epoch 581/1500 - train 0.047574 - val 0.099660
Epoch 582/1500 - train 0.054342 - val 0.065716
Epoch 583/1500 - train 0.050681 - val 0.078511
Epoch 584/1500 - train 0.053132 - val 0.066255
Epoch 585/1500 - train 0.047676 - val 0.069946
Epoch 586/1500 - train 0.049962 - val 0.119651
Epoch 587/1500 - train 0.053458 - val 0.054306
Epoch 588/1500 - train 0.049477 - val 0.069675
Epoch 589/1500 - train 0.047776 - val 0.075248
Epoch 590/1500 - train 0.050570 - val 0.080812
Epoch 591/1500 - train 0.048795 - val 0.059231
Epoch 592/1500 - train 0.050094 - val 0.074442
Epoch 593/1500 - train 0.048431 - val 0.095955
Epoch 594/1500 - train 0.050806 - val 0.058213
Epoch 595/1500 - train 0.045035 - val 0.062255
Epoch 596/1500 - train 0.057770 - val 0.065956
Epoch 597/1500 - train 0.051612 - val 0.055821
Epoch 598/1500 - train 0.045344 - val 0.057727
Epoch 599/1500 - train 0.047463 - val 0.056000
Epoch 600/1500 - train 0.046952 - val 0.062899
Epoch 601/1500 - train 0.047784 - val 0.087165
Epoch 602/1500 - train 0.048787 - val 0.056461
Epoch 603/1500 - train 0.047486 - val 0.054851
Epoch 604/1500 - train 0.045697 - val 0.072573
Epoch 605/1500 - train 0.048000 - val 0.066277
Epoch 606/1500 - train 0.046782 - val 0.070607
Epoch 607/1500 - train 0.045584 - val 0.097930
Epoch 608/1500 - train 0.054560 - val 0.095329
Epoch 609/1500 - train 0.051065 - val 0.120574
Epoch 610/1500 - train 0.052637 - val 0.068122
Epoch 611/1500 - train 0.045611 - val 0.059068
Epoch 612/1500 - train 0.047435 - val 0.059038
Epoch 613/1500 - train 0.046726 - val 0.071203
Epoch 614/1500 - train 0.046555 - val 0.055733
Epoch 615/1500 - train 0.046547 - val 0.077587
Epoch 616/1500 - train 0.048192 - val 0.057479
Epoch 617/1500 - train 0.046824 - val 0.062587
Epoch 618/1500 - train 0.047249 - val 0.062671
Epoch 619/1500 - train 0.046508 - val 0.054426
Epoch 620/1500 - train 0.046608 - val 0.055266
Epoch 621/1500 - train 0.048333 - val 0.072261
Epoch 622/1500 - train 0.046556 - val 0.160365
Epoch 623/1500 - train 0.067800 - val 0.068430
Epoch 624/1500 - train 0.048968 - val 0.055238
Epoch 625/1500 - train 0.047638 - val 0.059684
Epoch 626/1500 - train 0.048078 - val 0.095565
Epoch 627/1500 - train 0.050739 - val 0.060371
Epoch 628/1500 - train 0.046995 - val 0.084699
Epoch 629/1500 - train 0.047321 - val 0.060218
Epoch 630/1500 - train 0.045548 - val 0.059046
Epoch 631/1500 - train 0.046274 - val 0.055887
Epoch 632/1500 - train 0.046863 - val 0.064924
Epoch 633/1500 - train 0.046315 - val 0.060667
Epoch 634/1500 - train 0.049291 - val 0.055705
Epoch 635/1500 - train 0.048077 - val 0.060319
Epoch 636/1500 - train 0.047851 - val 0.051486
Epoch 637/1500 - train 0.047511 - val 0.065260
Epoch 638/1500 - train 0.045639 - val 0.063165
Epoch 639/1500 - train 0.046669 - val 0.059013
Epoch 640/1500 - train 0.046336 - val 0.060002
Epoch 641/1500 - train 0.046530 - val 0.056238
Epoch 642/1500 - train 0.046861 - val 0.067684
Epoch 643/1500 - train 0.047331 - val 0.059082
Epoch 644/1500 - train 0.049607 - val 0.057441
Epoch 645/1500 - train 0.047772 - val 0.066116
Epoch 646/1500 - train 0.046699 - val 0.089401
Epoch 647/1500 - train 0.050353 - val 0.051030
Epoch 648/1500 - train 0.057189 - val 0.077288
Epoch 649/1500 - train 0.050072 - val 0.055846
Epoch 650/1500 - train 0.049551 - val 0.056686
Epoch 651/1500 - train 0.047573 - val 0.055347
Epoch 652/1500 - train 0.045916 - val 0.060440
Epoch 653/1500 - train 0.047095 - val 0.058890
Epoch 654/1500 - train 0.045281 - val 0.069757
Epoch 655/1500 - train 0.047625 - val 0.053830
Epoch 656/1500 - train 0.045770 - val 0.060526
Epoch 657/1500 - train 0.047251 - val 0.056239
Epoch 658/1500 - train 0.046489 - val 0.074680
Epoch 659/1500 - train 0.048305 - val 0.062043
Epoch 660/1500 - train 0.048973 - val 0.064226
Epoch 661/1500 - train 0.047262 - val 0.057626
Epoch 662/1500 - train 0.043974 - val 0.066569
Epoch 663/1500 - train 0.047013 - val 0.059281
Epoch 664/1500 - train 0.046169 - val 0.066430
Epoch 665/1500 - train 0.046445 - val 0.057498
Epoch 666/1500 - train 0.045978 - val 0.056441
Epoch 667/1500 - train 0.045565 - val 0.054207
Epoch 668/1500 - train 0.054334 - val 0.063560
Epoch 669/1500 - train 0.045964 - val 0.052228
Epoch 670/1500 - train 0.045114 - val 0.059876
Epoch 671/1500 - train 0.045500 - val 0.056824
Epoch 672/1500 - train 0.050964 - val 0.061134
Epoch 673/1500 - train 0.046284 - val 0.062218
Epoch 674/1500 - train 0.047070 - val 0.054416
Epoch 675/1500 - train 0.044356 - val 0.053182
Epoch 676/1500 - train 0.045244 - val 0.054118
Epoch 677/1500 - train 0.043684 - val 0.057450
Epoch 678/1500 - train 0.044297 - val 0.068671
Epoch 679/1500 - train 0.044258 - val 0.059779
Epoch 680/1500 - train 0.045870 - val 0.053515
Epoch 681/1500 - train 0.053681 - val 0.058723
Epoch 682/1500 - train 0.048496 - val 0.086816
Epoch 683/1500 - train 0.050976 - val 0.059645
Epoch 684/1500 - train 0.047052 - val 0.060258
Epoch 685/1500 - train 0.046129 - val 0.057077
Epoch 686/1500 - train 0.049397 - val 0.058894
Epoch 687/1500 - train 0.045185 - val 0.063569
Epoch 688/1500 - train 0.045041 - val 0.064570
Epoch 689/1500 - train 0.046630 - val 0.057975
Epoch 690/1500 - train 0.045889 - val 0.073107
Epoch 691/1500 - train 0.046119 - val 0.063831
Epoch 692/1500 - train 0.044047 - val 0.063929
Epoch 693/1500 - train 0.046853 - val 0.063330
Epoch 694/1500 - train 0.048444 - val 0.061488
Epoch 695/1500 - train 0.046109 - val 0.082412
Epoch 696/1500 - train 0.046813 - val 0.052460
Epoch 697/1500 - train 0.045038 - val 0.057094
Epoch 698/1500 - train 0.044857 - val 0.058570
Epoch 699/1500 - train 0.044507 - val 0.084200
Epoch 700/1500 - train 0.049522 - val 0.062104
Epoch 701/1500 - train 0.044881 - val 0.051021
Epoch 702/1500 - train 0.046234 - val 0.058379
Epoch 703/1500 - train 0.045201 - val 0.052558
Epoch 704/1500 - train 0.044780 - val 0.078561
Epoch 705/1500 - train 0.046077 - val 0.082695
Epoch 706/1500 - train 0.048500 - val 0.075718
Epoch 707/1500 - train 0.045098 - val 0.067104
Epoch 708/1500 - train 0.046352 - val 0.078786
Epoch 709/1500 - train 0.048532 - val 0.052011
Epoch 710/1500 - train 0.046554 - val 0.058038
Epoch 711/1500 - train 0.046120 - val 0.052263
Epoch 712/1500 - train 0.047090 - val 0.093510
Epoch 713/1500 - train 0.047068 - val 0.053392
Epoch 714/1500 - train 0.048319 - val 0.060120
Epoch 715/1500 - train 0.043832 - val 0.072258
Epoch 716/1500 - train 0.049901 - val 0.055889
Epoch 717/1500 - train 0.047645 - val 0.057966
Epoch 718/1500 - train 0.046055 - val 0.058167
Epoch 719/1500 - train 0.045554 - val 0.060308
Epoch 720/1500 - train 0.045771 - val 0.052488
Epoch 721/1500 - train 0.045328 - val 0.082280
Epoch 722/1500 - train 0.048386 - val 0.071922
Epoch 723/1500 - train 0.046590 - val 0.059601
Epoch 724/1500 - train 0.048145 - val 0.063417
Epoch 725/1500 - train 0.046292 - val 0.100168
Epoch 726/1500 - train 0.049321 - val 0.055722
Epoch 727/1500 - train 0.043791 - val 0.067351
Epoch 728/1500 - train 0.044620 - val 0.062431
Epoch 729/1500 - train 0.048521 - val 0.064588
Epoch 730/1500 - train 0.043952 - val 0.050861
Epoch 731/1500 - train 0.048423 - val 0.110627
Epoch 732/1500 - train 0.048827 - val 0.060286
Epoch 733/1500 - train 0.043562 - val 0.062177
Epoch 734/1500 - train 0.043785 - val 0.054365
Epoch 735/1500 - train 0.043793 - val 0.061657
Epoch 736/1500 - train 0.047238 - val 0.059579
Epoch 737/1500 - train 0.045541 - val 0.052515
Epoch 738/1500 - train 0.046286 - val 0.060587
Epoch 739/1500 - train 0.046795 - val 0.061042
Epoch 740/1500 - train 0.044874 - val 0.055240
Epoch 741/1500 - train 0.047168 - val 0.054025
Epoch 742/1500 - train 0.045330 - val 0.068535
Epoch 743/1500 - train 0.045699 - val 0.073684
Epoch 744/1500 - train 0.049353 - val 0.073343
Epoch 745/1500 - train 0.044564 - val 0.081559
Epoch 746/1500 - train 0.044458 - val 0.060038
Epoch 747/1500 - train 0.046320 - val 0.050223
Epoch 748/1500 - train 0.044244 - val 0.072732
Epoch 749/1500 - train 0.046433 - val 0.060359
Epoch 750/1500 - train 0.044302 - val 0.056424
Epoch 751/1500 - train 0.047969 - val 0.071186
Epoch 752/1500 - train 0.045379 - val 0.052171
Epoch 753/1500 - train 0.067533 - val 0.071404
Epoch 754/1500 - train 0.045564 - val 0.066821
Epoch 755/1500 - train 0.046355 - val 0.063791
Epoch 756/1500 - train 0.045585 - val 0.053723
Epoch 757/1500 - train 0.043887 - val 0.061641
Epoch 758/1500 - train 0.045020 - val 0.079965
Epoch 759/1500 - train 0.046280 - val 0.078548
Epoch 760/1500 - train 0.046115 - val 0.074244
Epoch 761/1500 - train 0.045037 - val 0.050269
Epoch 762/1500 - train 0.051364 - val 0.059110
Epoch 763/1500 - train 0.049188 - val 0.082581
Epoch 764/1500 - train 0.050875 - val 0.052497
Epoch 765/1500 - train 0.042400 - val 0.062062
Epoch 766/1500 - train 0.044702 - val 0.071187
Epoch 767/1500 - train 0.047169 - val 0.057406
Epoch 768/1500 - train 0.045275 - val 0.060521
Epoch 769/1500 - train 0.043926 - val 0.060216
Epoch 770/1500 - train 0.044723 - val 0.053165
Epoch 771/1500 - train 0.045252 - val 0.059016
Epoch 772/1500 - train 0.045830 - val 0.053001
Epoch 773/1500 - train 0.044567 - val 0.055415
Epoch 774/1500 - train 0.044752 - val 0.054446
Epoch 775/1500 - train 0.045442 - val 0.057838
Epoch 776/1500 - train 0.046970 - val 0.080138
Epoch 777/1500 - train 0.048826 - val 0.062892
Epoch 778/1500 - train 0.048073 - val 0.066126
Epoch 779/1500 - train 0.046082 - val 0.063896
Epoch 780/1500 - train 0.043143 - val 0.065390
Epoch 781/1500 - train 0.043830 - val 0.053020
Epoch 782/1500 - train 0.043847 - val 0.053476
Epoch 783/1500 - train 0.043272 - val 0.067122
Epoch 784/1500 - train 0.046889 - val 0.072416
Epoch 785/1500 - train 0.048256 - val 0.063434
Epoch 786/1500 - train 0.046000 - val 0.054735
Epoch 787/1500 - train 0.044696 - val 0.072615
Epoch 788/1500 - train 0.045861 - val 0.060559
Epoch 789/1500 - train 0.046293 - val 0.057998
Epoch 790/1500 - train 0.046248 - val 0.052496
Epoch 791/1500 - train 0.042810 - val 0.048608
Epoch 792/1500 - train 0.045723 - val 0.108779
Epoch 793/1500 - train 0.054214 - val 0.086595
Epoch 794/1500 - train 0.045298 - val 0.116127
Epoch 795/1500 - train 0.048707 - val 0.054914
Epoch 796/1500 - train 0.045309 - val 0.067406
Epoch 797/1500 - train 0.044660 - val 0.051040
Epoch 798/1500 - train 0.042269 - val 0.119622
Epoch 799/1500 - train 0.050934 - val 0.057217
Epoch 800/1500 - train 0.046898 - val 0.056293
Epoch 801/1500 - train 0.045343 - val 0.060765
Epoch 802/1500 - train 0.044942 - val 0.071396
Epoch 803/1500 - train 0.047398 - val 0.054157
Epoch 804/1500 - train 0.042873 - val 0.064985
Epoch 805/1500 - train 0.044234 - val 0.075423
Epoch 806/1500 - train 0.046288 - val 0.054934
Epoch 807/1500 - train 0.045281 - val 0.080682
Epoch 808/1500 - train 0.046170 - val 0.082760
Epoch 809/1500 - train 0.049433 - val 0.065369
Epoch 810/1500 - train 0.047527 - val 0.053081
Epoch 811/1500 - train 0.045665 - val 0.052485
Epoch 812/1500 - train 0.043448 - val 0.056676
Epoch 813/1500 - train 0.043841 - val 0.070290
Epoch 814/1500 - train 0.044539 - val 0.108352
Epoch 815/1500 - train 0.047634 - val 0.052569
Epoch 816/1500 - train 0.043434 - val 0.089015
Epoch 817/1500 - train 0.047093 - val 0.084184
Epoch 818/1500 - train 0.046153 - val 0.084794
Epoch 819/1500 - train 0.050357 - val 0.063654
Epoch 820/1500 - train 0.047444 - val 0.056417
Epoch 821/1500 - train 0.043050 - val 0.052665
Epoch 822/1500 - train 0.043592 - val 0.074478
Epoch 823/1500 - train 0.046315 - val 0.055839
Epoch 824/1500 - train 0.044946 - val 0.050036
Epoch 825/1500 - train 0.042174 - val 0.065123
Epoch 826/1500 - train 0.044921 - val 0.060507
Epoch 827/1500 - train 0.042681 - val 0.073934
Epoch 828/1500 - train 0.051255 - val 0.056412
Epoch 829/1500 - train 0.045569 - val 0.057137
Epoch 830/1500 - train 0.043300 - val 0.053502
Epoch 831/1500 - train 0.042573 - val 0.078116
Epoch 832/1500 - train 0.047089 - val 0.063794
Epoch 833/1500 - train 0.045786 - val 0.073560
Epoch 834/1500 - train 0.044023 - val 0.059480
Epoch 835/1500 - train 0.044297 - val 0.084134
Epoch 836/1500 - train 0.047408 - val 0.059042
Epoch 837/1500 - train 0.044446 - val 0.065015
Epoch 838/1500 - train 0.045176 - val 0.104608
Epoch 839/1500 - train 0.051310 - val 0.069074
Epoch 840/1500 - train 0.045624 - val 0.051619
Epoch 841/1500 - train 0.042344 - val 0.047835
Epoch 842/1500 - train 0.045372 - val 0.056644
Epoch 843/1500 - train 0.043567 - val 0.053527
Epoch 844/1500 - train 0.043420 - val 0.065044
Epoch 845/1500 - train 0.043806 - val 0.092406
Epoch 846/1500 - train 0.045476 - val 0.067999
Epoch 847/1500 - train 0.043812 - val 0.061894
Epoch 848/1500 - train 0.044163 - val 0.061220
Epoch 849/1500 - train 0.043830 - val 0.056388
Epoch 850/1500 - train 0.042478 - val 0.063282
Epoch 851/1500 - train 0.043818 - val 0.080005
Epoch 852/1500 - train 0.050074 - val 0.061950
Epoch 853/1500 - train 0.044216 - val 0.054186
Epoch 854/1500 - train 0.044121 - val 0.080143
Epoch 855/1500 - train 0.045901 - val 0.063098
Epoch 856/1500 - train 0.045239 - val 0.057275
Epoch 857/1500 - train 0.042328 - val 0.055369
Epoch 858/1500 - train 0.045176 - val 0.062581
Epoch 859/1500 - train 0.042742 - val 0.053428
Epoch 860/1500 - train 0.044792 - val 0.052638
Epoch 861/1500 - train 0.043371 - val 0.060489
Epoch 862/1500 - train 0.042693 - val 0.055327
Epoch 863/1500 - train 0.042891 - val 0.056826
Epoch 864/1500 - train 0.046582 - val 0.063160
Epoch 865/1500 - train 0.044571 - val 0.107839
Epoch 866/1500 - train 0.045892 - val 0.101229
Epoch 867/1500 - train 0.048126 - val 0.070982
Epoch 868/1500 - train 0.043981 - val 0.076165
Epoch 869/1500 - train 0.046008 - val 0.056062
Epoch 870/1500 - train 0.044558 - val 0.085150
Epoch 871/1500 - train 0.045757 - val 0.059150
Epoch 872/1500 - train 0.044748 - val 0.076182
Epoch 873/1500 - train 0.049013 - val 0.058643
Epoch 874/1500 - train 0.042767 - val 0.047839
Epoch 875/1500 - train 0.043352 - val 0.086788
Epoch 876/1500 - train 0.043385 - val 0.060731
Epoch 877/1500 - train 0.045638 - val 0.064866
Epoch 878/1500 - train 0.043863 - val 0.071697
Epoch 879/1500 - train 0.044526 - val 0.049576
Epoch 880/1500 - train 0.043742 - val 0.060608
Epoch 881/1500 - train 0.042828 - val 0.062001
Epoch 882/1500 - train 0.043752 - val 0.066561
Epoch 883/1500 - train 0.045711 - val 0.060763
Epoch 884/1500 - train 0.045149 - val 0.086086
Epoch 885/1500 - train 0.045207 - val 0.061458
Epoch 886/1500 - train 0.042853 - val 0.063517
Epoch 887/1500 - train 0.047043 - val 0.100526
Epoch 888/1500 - train 0.049275 - val 0.052990
Epoch 889/1500 - train 0.044383 - val 0.059395
Epoch 890/1500 - train 0.042342 - val 0.051679
Epoch 891/1500 - train 0.044014 - val 0.056257
Epoch 892/1500 - train 0.042583 - val 0.053432
Epoch 893/1500 - train 0.042010 - val 0.127827
Epoch 894/1500 - train 0.056099 - val 0.055591
Epoch 895/1500 - train 0.044976 - val 0.059314
Epoch 896/1500 - train 0.041804 - val 0.050160
Epoch 897/1500 - train 0.044496 - val 0.141877
Epoch 898/1500 - train 0.056964 - val 0.057140
Epoch 899/1500 - train 0.040175 - val 0.070184
Epoch 900/1500 - train 0.050541 - val 0.076744
Epoch 901/1500 - train 0.043900 - val 0.076228
Epoch 902/1500 - train 0.042884 - val 0.079876
Epoch 903/1500 - train 0.046272 - val 0.083081
Epoch 904/1500 - train 0.048619 - val 0.094503
Epoch 905/1500 - train 0.050099 - val 0.056570
Epoch 906/1500 - train 0.045706 - val 0.096343
Epoch 907/1500 - train 0.046875 - val 0.050896
Epoch 908/1500 - train 0.041562 - val 0.050006
Epoch 909/1500 - train 0.040510 - val 0.051008
Epoch 910/1500 - train 0.046557 - val 0.062687
Epoch 911/1500 - train 0.042231 - val 0.064628
Epoch 912/1500 - train 0.041285 - val 0.052017
Epoch 913/1500 - train 0.046018 - val 0.055477
Epoch 914/1500 - train 0.044307 - val 0.060689
Epoch 915/1500 - train 0.043732 - val 0.071465
Epoch 916/1500 - train 0.045436 - val 0.048994
Epoch 917/1500 - train 0.047581 - val 0.064989
Epoch 918/1500 - train 0.043847 - val 0.090843
Epoch 919/1500 - train 0.049692 - val 0.051047
Epoch 920/1500 - train 0.042013 - val 0.047864
Epoch 921/1500 - train 0.041279 - val 0.059039
Epoch 922/1500 - train 0.045050 - val 0.059985
Epoch 923/1500 - train 0.041652 - val 0.047871
Epoch 924/1500 - train 0.043382 - val 0.069928
Epoch 925/1500 - train 0.047214 - val 0.053192
Epoch 926/1500 - train 0.042169 - val 0.052545
Epoch 927/1500 - train 0.043851 - val 0.056785
Epoch 928/1500 - train 0.044342 - val 0.067755
Epoch 929/1500 - train 0.042457 - val 0.069387
Epoch 930/1500 - train 0.042916 - val 0.074059
Epoch 931/1500 - train 0.044694 - val 0.050934
Epoch 932/1500 - train 0.044333 - val 0.055500
Epoch 933/1500 - train 0.043809 - val 0.048372
Epoch 934/1500 - train 0.043451 - val 0.054526
Epoch 935/1500 - train 0.042566 - val 0.062434
Epoch 936/1500 - train 0.043353 - val 0.054757
Epoch 937/1500 - train 0.043047 - val 0.050135
Epoch 938/1500 - train 0.042644 - val 0.050671
Epoch 939/1500 - train 0.041629 - val 0.049281
Epoch 940/1500 - train 0.044797 - val 0.086784
Epoch 941/1500 - train 0.046484 - val 0.068896
Epoch 942/1500 - train 0.044046 - val 0.053766
Epoch 943/1500 - train 0.042969 - val 0.056639
Epoch 944/1500 - train 0.041712 - val 0.059337
Epoch 945/1500 - train 0.044964 - val 0.049373
Epoch 946/1500 - train 0.041034 - val 0.049714
Epoch 947/1500 - train 0.059800 - val 0.087282
Epoch 948/1500 - train 0.045957 - val 0.058875
Epoch 949/1500 - train 0.042943 - val 0.087134
Epoch 950/1500 - train 0.043821 - val 0.069355
Epoch 951/1500 - train 0.044513 - val 0.052546
Epoch 952/1500 - train 0.043956 - val 0.063506
Epoch 953/1500 - train 0.042618 - val 0.061905
Epoch 954/1500 - train 0.046296 - val 0.053951
Epoch 955/1500 - train 0.043720 - val 0.050931
Epoch 956/1500 - train 0.044072 - val 0.051610
Epoch 957/1500 - train 0.042426 - val 0.057030
Epoch 958/1500 - train 0.043228 - val 0.057881
Epoch 959/1500 - train 0.045097 - val 0.057840
Epoch 960/1500 - train 0.043836 - val 0.058989
Epoch 961/1500 - train 0.042118 - val 0.082405
Epoch 962/1500 - train 0.044109 - val 0.066477
Epoch 963/1500 - train 0.042692 - val 0.058101
Epoch 964/1500 - train 0.040123 - val 0.059030
Epoch 965/1500 - train 0.045165 - val 0.082466
Epoch 966/1500 - train 0.054476 - val 0.070812
Epoch 967/1500 - train 0.048152 - val 0.072042
Epoch 968/1500 - train 0.045502 - val 0.069345
Epoch 969/1500 - train 0.042329 - val 0.084613
Epoch 970/1500 - train 0.046132 - val 0.058994
Epoch 971/1500 - train 0.043943 - val 0.061666
Epoch 972/1500 - train 0.044236 - val 0.053791
Epoch 973/1500 - train 0.043523 - val 0.053921
Epoch 974/1500 - train 0.042758 - val 0.108075
Epoch 975/1500 - train 0.046573 - val 0.052641
Epoch 976/1500 - train 0.041214 - val 0.049548
Epoch 977/1500 - train 0.043348 - val 0.053212
Epoch 978/1500 - train 0.042969 - val 0.055407
Epoch 979/1500 - train 0.042285 - val 0.059813
Epoch 980/1500 - train 0.042396 - val 0.071302
Epoch 981/1500 - train 0.043544 - val 0.052942
Epoch 982/1500 - train 0.044271 - val 0.067338
Epoch 983/1500 - train 0.042129 - val 0.056306
Epoch 984/1500 - train 0.042947 - val 0.055219
Epoch 985/1500 - train 0.042681 - val 0.052355
Epoch 986/1500 - train 0.041450 - val 0.050973
Epoch 987/1500 - train 0.044978 - val 0.062730
Epoch 988/1500 - train 0.040321 - val 0.061573
Epoch 989/1500 - train 0.043977 - val 0.053131
Epoch 990/1500 - train 0.042246 - val 0.090944
Epoch 991/1500 - train 0.044921 - val 0.054429
Epoch 992/1500 - train 0.047483 - val 0.052954
Epoch 993/1500 - train 0.043554 - val 0.056766
Epoch 994/1500 - train 0.042102 - val 0.045795
Epoch 995/1500 - train 0.040820 - val 0.046128
Epoch 996/1500 - train 0.042771 - val 0.058204
Epoch 997/1500 - train 0.044699 - val 0.050487
Epoch 998/1500 - train 0.044659 - val 0.061916
Epoch 999/1500 - train 0.043817 - val 0.053574
Epoch 1000/1500 - train 0.040877 - val 0.047665
Epoch 1001/1500 - train 0.040261 - val 0.048813
Epoch 1002/1500 - train 0.043668 - val 0.074410
Epoch 1003/1500 - train 0.045775 - val 0.055714
Epoch 1004/1500 - train 0.042440 - val 0.055033
Epoch 1005/1500 - train 0.043714 - val 0.055814
Epoch 1006/1500 - train 0.041587 - val 0.054246
Epoch 1007/1500 - train 0.042157 - val 0.052074
Epoch 1008/1500 - train 0.042690 - val 0.058802
Epoch 1009/1500 - train 0.038552 - val 0.051313
Epoch 1010/1500 - train 0.059244 - val 0.052316
Epoch 1011/1500 - train 0.041691 - val 0.047687
Epoch 1012/1500 - train 0.042082 - val 0.050201
Epoch 1013/1500 - train 0.040409 - val 0.055342
Epoch 1014/1500 - train 0.042099 - val 0.069174
Epoch 1015/1500 - train 0.043957 - val 0.054126
Epoch 1016/1500 - train 0.041612 - val 0.056255
Epoch 1017/1500 - train 0.039793 - val 0.048533
Epoch 1018/1500 - train 0.041539 - val 0.057446
Epoch 1019/1500 - train 0.040537 - val 0.063770
Epoch 1020/1500 - train 0.042672 - val 0.054250
Epoch 1021/1500 - train 0.044836 - val 0.045358
Epoch 1022/1500 - train 0.041713 - val 0.055508
Epoch 1023/1500 - train 0.041386 - val 0.059732
Epoch 1024/1500 - train 0.040337 - val 0.115179
Epoch 1025/1500 - train 0.048517 - val 0.059628
Epoch 1026/1500 - train 0.043506 - val 0.057805
Epoch 1027/1500 - train 0.043397 - val 0.062911
Epoch 1028/1500 - train 0.042756 - val 0.052894
Epoch 1029/1500 - train 0.046654 - val 0.061400
Epoch 1030/1500 - train 0.046091 - val 0.056394
Epoch 1031/1500 - train 0.043040 - val 0.079730
Epoch 1032/1500 - train 0.042252 - val 0.052396
Epoch 1033/1500 - train 0.042297 - val 0.051850
Epoch 1034/1500 - train 0.040036 - val 0.062492
Epoch 1035/1500 - train 0.041318 - val 0.051439
Epoch 1036/1500 - train 0.039937 - val 0.051125
Epoch 1037/1500 - train 0.046068 - val 0.067023
Epoch 1038/1500 - train 0.042266 - val 0.057394
Epoch 1039/1500 - train 0.042291 - val 0.093460
Epoch 1040/1500 - train 0.044356 - val 0.045195
Epoch 1041/1500 - train 0.042044 - val 0.061368
Epoch 1042/1500 - train 0.040407 - val 0.066714
Epoch 1043/1500 - train 0.041502 - val 0.057085
Epoch 1044/1500 - train 0.041797 - val 0.055165
Epoch 1045/1500 - train 0.044428 - val 0.050454
Epoch 1046/1500 - train 0.042013 - val 0.073898
Epoch 1047/1500 - train 0.048878 - val 0.057000
Epoch 1048/1500 - train 0.046613 - val 0.063178
Epoch 1049/1500 - train 0.041368 - val 0.049984
Epoch 1050/1500 - train 0.042109 - val 0.051277
Epoch 1051/1500 - train 0.040247 - val 0.047783
Epoch 1052/1500 - train 0.043763 - val 0.054891
Epoch 1053/1500 - train 0.041346 - val 0.054120
Epoch 1054/1500 - train 0.051822 - val 0.051626
Epoch 1055/1500 - train 0.040942 - val 0.047204
Epoch 1056/1500 - train 0.040519 - val 0.065572
Epoch 1057/1500 - train 0.042277 - val 0.058465
Epoch 1058/1500 - train 0.043905 - val 0.104382
Epoch 1059/1500 - train 0.046796 - val 0.048116
Epoch 1060/1500 - train 0.042488 - val 0.053188
Epoch 1061/1500 - train 0.042126 - val 0.050575
Epoch 1062/1500 - train 0.041754 - val 0.055674
Epoch 1063/1500 - train 0.040983 - val 0.074269
Epoch 1064/1500 - train 0.044516 - val 0.061479
Epoch 1065/1500 - train 0.040986 - val 0.122764
Epoch 1066/1500 - train 0.044809 - val 0.050221
Epoch 1067/1500 - train 0.042939 - val 0.048631
Epoch 1068/1500 - train 0.038631 - val 0.048260
Epoch 1069/1500 - train 0.042797 - val 0.054953
Epoch 1070/1500 - train 0.040418 - val 0.065141
Epoch 1071/1500 - train 0.043995 - val 0.059656
Epoch 1072/1500 - train 0.044136 - val 0.050082
Epoch 1073/1500 - train 0.042106 - val 0.050468
Epoch 1074/1500 - train 0.041096 - val 0.051758
Epoch 1075/1500 - train 0.041515 - val 0.047640
Epoch 1076/1500 - train 0.044771 - val 0.052513
Epoch 1077/1500 - train 0.040366 - val 0.051745
Epoch 1078/1500 - train 0.043851 - val 0.054999
Epoch 1079/1500 - train 0.040691 - val 0.048638
Epoch 1080/1500 - train 0.042045 - val 0.054804
Epoch 1081/1500 - train 0.042049 - val 0.049112
Epoch 1082/1500 - train 0.041475 - val 0.054814
Epoch 1083/1500 - train 0.044678 - val 0.062146
Epoch 1084/1500 - train 0.043163 - val 0.071682
Epoch 1085/1500 - train 0.042733 - val 0.056006
Epoch 1086/1500 - train 0.041314 - val 0.053169
Epoch 1087/1500 - train 0.039659 - val 0.058108
Epoch 1088/1500 - train 0.042495 - val 0.062088
Epoch 1089/1500 - train 0.045507 - val 0.062711
Epoch 1090/1500 - train 0.042999 - val 0.060391
Epoch 1091/1500 - train 0.041014 - val 0.050332
Epoch 1092/1500 - train 0.038441 - val 0.056560
Epoch 1093/1500 - train 0.040359 - val 0.047059
Epoch 1094/1500 - train 0.040529 - val 0.056187
Epoch 1095/1500 - train 0.039631 - val 0.057193
Epoch 1096/1500 - train 0.042426 - val 0.059559
Epoch 1097/1500 - train 0.041066 - val 0.064780
Epoch 1098/1500 - train 0.045638 - val 0.061456
Epoch 1099/1500 - train 0.043433 - val 0.048270
Epoch 1100/1500 - train 0.041591 - val 0.060746
Epoch 1101/1500 - train 0.041110 - val 0.043832
Epoch 1102/1500 - train 0.042242 - val 0.045823
Epoch 1103/1500 - train 0.043873 - val 0.059449
Epoch 1104/1500 - train 0.046354 - val 0.076763
Epoch 1105/1500 - train 0.044620 - val 0.058520
Epoch 1106/1500 - train 0.041564 - val 0.054204
Epoch 1107/1500 - train 0.038298 - val 0.066694
Epoch 1108/1500 - train 0.041752 - val 0.068070
Epoch 1109/1500 - train 0.042591 - val 0.051180
Epoch 1110/1500 - train 0.042710 - val 0.067817
Epoch 1111/1500 - train 0.042126 - val 0.051049
Epoch 1112/1500 - train 0.039568 - val 0.062283
Epoch 1113/1500 - train 0.042471 - val 0.051126
Epoch 1114/1500 - train 0.038946 - val 0.055590
Epoch 1115/1500 - train 0.041899 - val 0.053675
Epoch 1116/1500 - train 0.043869 - val 0.074919
Epoch 1117/1500 - train 0.047065 - val 0.055155
Epoch 1118/1500 - train 0.040172 - val 0.051036
Epoch 1119/1500 - train 0.045180 - val 0.050086
Epoch 1120/1500 - train 0.040588 - val 0.055628
Epoch 1121/1500 - train 0.042530 - val 0.056427
Epoch 1122/1500 - train 0.040298 - val 0.053811
Epoch 1123/1500 - train 0.041695 - val 0.051396
Epoch 1124/1500 - train 0.042111 - val 0.056392
Epoch 1125/1500 - train 0.040350 - val 0.060788
Epoch 1126/1500 - train 0.040871 - val 0.051268
Epoch 1127/1500 - train 0.045354 - val 0.057063
Epoch 1128/1500 - train 0.039619 - val 0.044143
Epoch 1129/1500 - train 0.043932 - val 0.050074
Epoch 1130/1500 - train 0.041461 - val 0.060153
Epoch 1131/1500 - train 0.041829 - val 0.049725
Epoch 1132/1500 - train 0.039436 - val 0.054853
Epoch 1133/1500 - train 0.047026 - val 0.060591
Epoch 1134/1500 - train 0.044808 - val 0.054678
Epoch 1135/1500 - train 0.038837 - val 0.045944
Epoch 1136/1500 - train 0.041310 - val 0.050296
Epoch 1137/1500 - train 0.046498 - val 0.070091
Epoch 1138/1500 - train 0.043083 - val 0.068056
Epoch 1139/1500 - train 0.041858 - val 0.052708
Epoch 1140/1500 - train 0.039466 - val 0.062843
Epoch 1141/1500 - train 0.040331 - val 0.060561
Epoch 1142/1500 - train 0.042027 - val 0.052253
Epoch 1143/1500 - train 0.041697 - val 0.080850
Epoch 1144/1500 - train 0.047939 - val 0.070999
Epoch 1145/1500 - train 0.041313 - val 0.046235
Epoch 1146/1500 - train 0.039007 - val 0.060116
Epoch 1147/1500 - train 0.040332 - val 0.189440
Epoch 1148/1500 - train 0.063519 - val 0.064001
Epoch 1149/1500 - train 0.045422 - val 0.050357
Epoch 1150/1500 - train 0.045035 - val 0.057614
Epoch 1151/1500 - train 0.042581 - val 0.054843
Epoch 1152/1500 - train 0.044197 - val 0.059079
Epoch 1153/1500 - train 0.040248 - val 0.090487
Epoch 1154/1500 - train 0.046094 - val 0.051899
Epoch 1155/1500 - train 0.042354 - val 0.069568
Epoch 1156/1500 - train 0.041129 - val 0.046485
Epoch 1157/1500 - train 0.045194 - val 0.076068
Epoch 1158/1500 - train 0.044605 - val 0.072788
Epoch 1159/1500 - train 0.042096 - val 0.049483
Epoch 1160/1500 - train 0.039721 - val 0.076791
Epoch 1161/1500 - train 0.045256 - val 0.081331
Epoch 1162/1500 - train 0.041855 - val 0.046456
Epoch 1163/1500 - train 0.039976 - val 0.064490
Epoch 1164/1500 - train 0.043750 - val 0.051526
Epoch 1165/1500 - train 0.044416 - val 0.045711
Epoch 1166/1500 - train 0.040093 - val 0.049914
Epoch 1167/1500 - train 0.042329 - val 0.063151
Epoch 1168/1500 - train 0.038865 - val 0.055246
Epoch 1169/1500 - train 0.043116 - val 0.054419
Epoch 1170/1500 - train 0.039734 - val 0.056251
Epoch 1171/1500 - train 0.045288 - val 0.056359
Epoch 1172/1500 - train 0.042191 - val 0.052308
Epoch 1173/1500 - train 0.041435 - val 0.050380
Epoch 1174/1500 - train 0.040735 - val 0.049891
Epoch 1175/1500 - train 0.041562 - val 0.059466
Epoch 1176/1500 - train 0.042007 - val 0.058427
Epoch 1177/1500 - train 0.043846 - val 0.058512
Epoch 1178/1500 - train 0.045755 - val 0.055186
Epoch 1179/1500 - train 0.040292 - val 0.046971
Epoch 1180/1500 - train 0.040192 - val 0.073637
Epoch 1181/1500 - train 0.043641 - val 0.059340
Epoch 1182/1500 - train 0.040120 - val 0.057613
Epoch 1183/1500 - train 0.041026 - val 0.045185
Epoch 1184/1500 - train 0.040655 - val 0.070778
Epoch 1185/1500 - train 0.043233 - val 0.046929
Epoch 1186/1500 - train 0.041881 - val 0.060457
Epoch 1187/1500 - train 0.042841 - val 0.067367
Epoch 1188/1500 - train 0.040853 - val 0.056330
Epoch 1189/1500 - train 0.038852 - val 0.048916
Epoch 1190/1500 - train 0.041041 - val 0.044800
Epoch 1191/1500 - train 0.040620 - val 0.047685
Epoch 1192/1500 - train 0.041038 - val 0.043172
Epoch 1193/1500 - train 0.045134 - val 0.059659
Epoch 1194/1500 - train 0.041557 - val 0.055341
Epoch 1195/1500 - train 0.041137 - val 0.052846
Epoch 1196/1500 - train 0.041417 - val 0.051084
Epoch 1197/1500 - train 0.041177 - val 0.054582
Epoch 1198/1500 - train 0.039471 - val 0.051855
Epoch 1199/1500 - train 0.043796 - val 0.045946
Epoch 1200/1500 - train 0.041137 - val 0.049940
Epoch 1201/1500 - train 0.038677 - val 0.051058
Epoch 1202/1500 - train 0.052762 - val 0.077692
Epoch 1203/1500 - train 0.042767 - val 0.050243
Epoch 1204/1500 - train 0.042633 - val 0.073213
Epoch 1205/1500 - train 0.045205 - val 0.048874
Epoch 1206/1500 - train 0.040425 - val 0.087652
Epoch 1207/1500 - train 0.044123 - val 0.048513
Epoch 1208/1500 - train 0.041237 - val 0.049947
Epoch 1209/1500 - train 0.038331 - val 0.047061
Epoch 1210/1500 - train 0.040824 - val 0.046866
Epoch 1211/1500 - train 0.042354 - val 0.050329
Epoch 1212/1500 - train 0.042813 - val 0.069305
Epoch 1213/1500 - train 0.043575 - val 0.051290
Epoch 1214/1500 - train 0.039026 - val 0.078530
Epoch 1215/1500 - train 0.042195 - val 0.065647
Epoch 1216/1500 - train 0.041588 - val 0.056636
Epoch 1217/1500 - train 0.040623 - val 0.058299
Epoch 1218/1500 - train 0.040817 - val 0.046066
Epoch 1219/1500 - train 0.039833 - val 0.045713
Epoch 1220/1500 - train 0.039558 - val 0.058023
Epoch 1221/1500 - train 0.041847 - val 0.058251
Epoch 1222/1500 - train 0.043246 - val 0.045322
Epoch 1223/1500 - train 0.040012 - val 0.053290
Epoch 1224/1500 - train 0.040028 - val 0.061245
Epoch 1225/1500 - train 0.040173 - val 0.048413
Epoch 1226/1500 - train 0.040586 - val 0.048181
Epoch 1227/1500 - train 0.039636 - val 0.046963
Epoch 1228/1500 - train 0.039282 - val 0.079462
Epoch 1229/1500 - train 0.040914 - val 0.050405
Epoch 1230/1500 - train 0.042921 - val 0.052503
Epoch 1231/1500 - train 0.042828 - val 0.074633
Epoch 1232/1500 - train 0.044324 - val 0.053421
Epoch 1233/1500 - train 0.042511 - val 0.066263
Epoch 1234/1500 - train 0.050518 - val 0.052885
Epoch 1235/1500 - train 0.056012 - val 0.064771
Epoch 1236/1500 - train 0.044267 - val 0.053209
Epoch 1237/1500 - train 0.037974 - val 0.059143
Epoch 1238/1500 - train 0.043251 - val 0.049987
Epoch 1239/1500 - train 0.038553 - val 0.052420
Epoch 1240/1500 - train 0.042877 - val 0.057831
Epoch 1241/1500 - train 0.044417 - val 0.053166
Epoch 1242/1500 - train 0.041317 - val 0.052134
Epoch 1243/1500 - train 0.039199 - val 0.055962
Epoch 1244/1500 - train 0.039114 - val 0.048467
Epoch 1245/1500 - train 0.039597 - val 0.062419
Epoch 1246/1500 - train 0.040436 - val 0.061662
Epoch 1247/1500 - train 0.042048 - val 0.048534
Epoch 1248/1500 - train 0.043425 - val 0.049616
Epoch 1249/1500 - train 0.039199 - val 0.046914
Epoch 1250/1500 - train 0.039295 - val 0.053957
Epoch 1251/1500 - train 0.041372 - val 0.053351
Epoch 1252/1500 - train 0.036448 - val 0.049112
Epoch 1253/1500 - train 0.045471 - val 0.053696
Epoch 1254/1500 - train 0.041064 - val 0.049052
Epoch 1255/1500 - train 0.041132 - val 0.046440
Epoch 1256/1500 - train 0.049692 - val 0.048983
Epoch 1257/1500 - train 0.038432 - val 0.062334
Epoch 1258/1500 - train 0.038603 - val 0.047695
Epoch 1259/1500 - train 0.040834 - val 0.048290
Epoch 1260/1500 - train 0.038846 - val 0.052496
Epoch 1261/1500 - train 0.043822 - val 0.049818
Epoch 1262/1500 - train 0.040957 - val 0.046899
Epoch 1263/1500 - train 0.039468 - val 0.060730
Epoch 1264/1500 - train 0.039347 - val 0.069166
Epoch 1265/1500 - train 0.041284 - val 0.049455
Epoch 1266/1500 - train 0.040082 - val 0.048090
Epoch 1267/1500 - train 0.038649 - val 0.056616
Epoch 1268/1500 - train 0.042996 - val 0.051755
Epoch 1269/1500 - train 0.043840 - val 0.048157
Epoch 1270/1500 - train 0.039702 - val 0.055681
Epoch 1271/1500 - train 0.043024 - val 0.057640
Epoch 1272/1500 - train 0.043189 - val 0.058982
Epoch 1273/1500 - train 0.042592 - val 0.053953
Epoch 1274/1500 - train 0.042879 - val 0.047957
Epoch 1275/1500 - train 0.038386 - val 0.063639
Epoch 1276/1500 - train 0.040516 - val 0.051632
Epoch 1277/1500 - train 0.042541 - val 0.054960
Epoch 1278/1500 - train 0.039933 - val 0.045832
Epoch 1279/1500 - train 0.041540 - val 0.056144
Epoch 1280/1500 - train 0.040122 - val 0.049231
Epoch 1281/1500 - train 0.038872 - val 0.045625
Epoch 1282/1500 - train 0.040365 - val 0.050067
Epoch 1283/1500 - train 0.040337 - val 0.068317
Epoch 1284/1500 - train 0.040066 - val 0.072180
Epoch 1285/1500 - train 0.041536 - val 0.080050
Epoch 1286/1500 - train 0.044746 - val 0.045485
Epoch 1287/1500 - train 0.038075 - val 0.071390
Epoch 1288/1500 - train 0.041532 - val 0.063198
Epoch 1289/1500 - train 0.042075 - val 0.062270
Epoch 1290/1500 - train 0.041311 - val 0.050140
Epoch 1291/1500 - train 0.039778 - val 0.055329
Epoch 1292/1500 - train 0.040053 - val 0.061374
Epoch 1293/1500 - train 0.040266 - val 0.066213
Epoch 1294/1500 - train 0.047892 - val 0.081657
Epoch 1295/1500 - train 0.044379 - val 0.079222
Epoch 1296/1500 - train 0.042931 - val 0.051459
Epoch 1297/1500 - train 0.039587 - val 0.050424
Epoch 1298/1500 - train 0.040887 - val 0.056876
Epoch 1299/1500 - train 0.039509 - val 0.067666
Epoch 1300/1500 - train 0.042244 - val 0.046712
Epoch 1301/1500 - train 0.038782 - val 0.051005
Epoch 1302/1500 - train 0.041434 - val 0.047801
Epoch 1303/1500 - train 0.042070 - val 0.047683
Epoch 1304/1500 - train 0.041358 - val 0.063440
Epoch 1305/1500 - train 0.041321 - val 0.048623
Epoch 1306/1500 - train 0.040400 - val 0.072916
Epoch 1307/1500 - train 0.042715 - val 0.055080
Epoch 1308/1500 - train 0.039306 - val 0.061298
Epoch 1309/1500 - train 0.041848 - val 0.051936
Epoch 1310/1500 - train 0.040032 - val 0.054027
Epoch 1311/1500 - train 0.038794 - val 0.049740
Epoch 1312/1500 - train 0.039121 - val 0.046730
Epoch 1313/1500 - train 0.041375 - val 0.085501
Epoch 1314/1500 - train 0.044085 - val 0.058157
Epoch 1315/1500 - train 0.043658 - val 0.058600
Epoch 1316/1500 - train 0.040192 - val 0.049591
Epoch 1317/1500 - train 0.038968 - val 0.050261
Epoch 1318/1500 - train 0.040413 - val 0.063578
Epoch 1319/1500 - train 0.038674 - val 0.045311
Epoch 1320/1500 - train 0.037368 - val 0.077307
Epoch 1321/1500 - train 0.043237 - val 0.064116
Epoch 1322/1500 - train 0.042338 - val 0.056784
Epoch 1323/1500 - train 0.045096 - val 0.063311
Epoch 1324/1500 - train 0.041069 - val 0.048098
Epoch 1325/1500 - train 0.040905 - val 0.055816
Epoch 1326/1500 - train 0.039798 - val 0.055403
Epoch 1327/1500 - train 0.041018 - val 0.054377
Epoch 1328/1500 - train 0.041152 - val 0.051295
Epoch 1329/1500 - train 0.039143 - val 0.067796
Epoch 1330/1500 - train 0.040785 - val 0.068146
Epoch 1331/1500 - train 0.042089 - val 0.055040
Epoch 1332/1500 - train 0.042966 - val 0.059205
Epoch 1333/1500 - train 0.041690 - val 0.071762
Epoch 1334/1500 - train 0.040632 - val 0.054434
Epoch 1335/1500 - train 0.040831 - val 0.064271
Epoch 1336/1500 - train 0.036437 - val 0.052620
Epoch 1337/1500 - train 0.044991 - val 0.049862
Epoch 1338/1500 - train 0.039919 - val 0.059493
Epoch 1339/1500 - train 0.039394 - val 0.043469
Epoch 1340/1500 - train 0.043899 - val 0.064340
Epoch 1341/1500 - train 0.039144 - val 0.060944
Epoch 1342/1500 - train 0.038931 - val 0.052711
Epoch 1343/1500 - train 0.042383 - val 0.048425
Epoch 1344/1500 - train 0.040314 - val 0.050381
Epoch 1345/1500 - train 0.044497 - val 0.077145
Epoch 1346/1500 - train 0.044110 - val 0.054130
Epoch 1347/1500 - train 0.044881 - val 0.052298
Epoch 1348/1500 - train 0.040450 - val 0.053289
Epoch 1349/1500 - train 0.043519 - val 0.053336
Epoch 1350/1500 - train 0.045248 - val 0.053061
Epoch 1351/1500 - train 0.039100 - val 0.046984
Epoch 1352/1500 - train 0.039209 - val 0.044989
Epoch 1353/1500 - train 0.039021 - val 0.063680
Epoch 1354/1500 - train 0.040246 - val 0.050333
Epoch 1355/1500 - train 0.038959 - val 0.050351
Epoch 1356/1500 - train 0.047587 - val 0.054892
Epoch 1357/1500 - train 0.037848 - val 0.061879
Epoch 1358/1500 - train 0.042893 - val 0.054846
Epoch 1359/1500 - train 0.041747 - val 0.048290
Epoch 1360/1500 - train 0.040452 - val 0.053218
Epoch 1361/1500 - train 0.037585 - val 0.046657
Epoch 1362/1500 - train 0.038590 - val 0.047877
Epoch 1363/1500 - train 0.040649 - val 0.045536
Epoch 1364/1500 - train 0.038321 - val 0.052427
Epoch 1365/1500 - train 0.037387 - val 0.045781
Epoch 1366/1500 - train 0.041382 - val 0.060043
Epoch 1367/1500 - train 0.059527 - val 0.047580
Epoch 1368/1500 - train 0.041753 - val 0.049266
Epoch 1369/1500 - train 0.038146 - val 0.071177
Epoch 1370/1500 - train 0.040738 - val 0.066965
Epoch 1371/1500 - train 0.041412 - val 0.054874
Epoch 1372/1500 - train 0.040906 - val 0.049776
Epoch 1373/1500 - train 0.041258 - val 0.052698
Epoch 1374/1500 - train 0.037351 - val 0.089924
Epoch 1375/1500 - train 0.042300 - val 0.050647
Epoch 1376/1500 - train 0.042023 - val 0.054360
Epoch 1377/1500 - train 0.041480 - val 0.058464
Epoch 1378/1500 - train 0.039702 - val 0.065198
Epoch 1379/1500 - train 0.039512 - val 0.043207
Epoch 1380/1500 - train 0.042476 - val 0.048901
Epoch 1381/1500 - train 0.042521 - val 0.057390
Epoch 1382/1500 - train 0.040211 - val 0.058937
Epoch 1383/1500 - train 0.042443 - val 0.047983
Epoch 1384/1500 - train 0.039261 - val 0.055804
Epoch 1385/1500 - train 0.037835 - val 0.110513
Epoch 1386/1500 - train 0.046544 - val 0.061130
Epoch 1387/1500 - train 0.042541 - val 0.052328
Epoch 1388/1500 - train 0.038190 - val 0.082816
Epoch 1389/1500 - train 0.043462 - val 0.046787
Epoch 1390/1500 - train 0.043583 - val 0.059376
Epoch 1391/1500 - train 0.042280 - val 0.062576
Epoch 1392/1500 - train 0.039842 - val 0.047685
Epoch 1393/1500 - train 0.039834 - val 0.052988
Epoch 1394/1500 - train 0.039859 - val 0.062797
Epoch 1395/1500 - train 0.042727 - val 0.056587
Epoch 1396/1500 - train 0.038513 - val 0.043264
Epoch 1397/1500 - train 0.039420 - val 0.052900
Epoch 1398/1500 - train 0.039912 - val 0.059679
Epoch 1399/1500 - train 0.041463 - val 0.046232
Epoch 1400/1500 - train 0.039583 - val 0.049968
Epoch 1401/1500 - train 0.038324 - val 0.044418
Epoch 1402/1500 - train 0.040861 - val 0.045483
Epoch 1403/1500 - train 0.040129 - val 0.066281
Epoch 1404/1500 - train 0.040710 - val 0.059474
Epoch 1405/1500 - train 0.039203 - val 0.073638
Epoch 1406/1500 - train 0.043143 - val 0.050407
Epoch 1407/1500 - train 0.042801 - val 0.059936
Epoch 1408/1500 - train 0.042293 - val 0.057392
Epoch 1409/1500 - train 0.040354 - val 0.061211
Epoch 1410/1500 - train 0.039050 - val 0.048197
Epoch 1411/1500 - train 0.038111 - val 0.047501
Epoch 1412/1500 - train 0.043147 - val 0.052093
Epoch 1413/1500 - train 0.041556 - val 0.050450
Epoch 1414/1500 - train 0.040191 - val 0.046810
Epoch 1415/1500 - train 0.039533 - val 0.060812
Epoch 1416/1500 - train 0.040640 - val 0.052238
Epoch 1417/1500 - train 0.040544 - val 0.056920
Epoch 1418/1500 - train 0.038290 - val 0.050496
Epoch 1419/1500 - train 0.039856 - val 0.045587
Epoch 1420/1500 - train 0.043270 - val 0.051653
Epoch 1421/1500 - train 0.040412 - val 0.055038
Epoch 1422/1500 - train 0.039802 - val 0.053501
Epoch 1423/1500 - train 0.039163 - val 0.052682
Epoch 1424/1500 - train 0.040297 - val 0.044809
Epoch 1425/1500 - train 0.038303 - val 0.069791
Epoch 1426/1500 - train 0.041091 - val 0.062367
Epoch 1427/1500 - train 0.049695 - val 0.053949
Epoch 1428/1500 - train 0.040774 - val 0.055041
Epoch 1429/1500 - train 0.043652 - val 0.050754
Epoch 1430/1500 - train 0.038487 - val 0.052651
Epoch 1431/1500 - train 0.039624 - val 0.048967
Epoch 1432/1500 - train 0.038950 - val 0.057607
Epoch 1433/1500 - train 0.037601 - val 0.050763
Epoch 1434/1500 - train 0.040953 - val 0.053619
Epoch 1435/1500 - train 0.040227 - val 0.049791
Epoch 1436/1500 - train 0.039176 - val 0.044169
Epoch 1437/1500 - train 0.039131 - val 0.064322
Epoch 1438/1500 - train 0.039105 - val 0.056094
Epoch 1439/1500 - train 0.042302 - val 0.051723
Epoch 1440/1500 - train 0.040148 - val 0.069219
Epoch 1441/1500 - train 0.045049 - val 0.052189
Epoch 1442/1500 - train 0.039101 - val 0.050031
Epoch 1443/1500 - train 0.038205 - val 0.050362
Epoch 1444/1500 - train 0.038390 - val 0.051082
Epoch 1445/1500 - train 0.046948 - val 0.046486
Epoch 1446/1500 - train 0.038436 - val 0.052929
Epoch 1447/1500 - train 0.042105 - val 0.060159
Epoch 1448/1500 - train 0.058349 - val 0.054217
Epoch 1449/1500 - train 0.040349 - val 0.044554
Epoch 1450/1500 - train 0.041042 - val 0.054236
Epoch 1451/1500 - train 0.036238 - val 0.054267
Epoch 1452/1500 - train 0.039517 - val 0.046204
Epoch 1453/1500 - train 0.038869 - val 0.064341
Epoch 1454/1500 - train 0.041337 - val 0.057014
Epoch 1455/1500 - train 0.038387 - val 0.044909
Epoch 1456/1500 - train 0.038367 - val 0.053378
Epoch 1457/1500 - train 0.040713 - val 0.062110
Epoch 1458/1500 - train 0.040614 - val 0.059056
Epoch 1459/1500 - train 0.041433 - val 0.048703
Epoch 1460/1500 - train 0.039832 - val 0.055524
Epoch 1461/1500 - train 0.039677 - val 0.067766
Epoch 1462/1500 - train 0.039377 - val 0.050444
Epoch 1463/1500 - train 0.040706 - val 0.054275
Epoch 1464/1500 - train 0.040741 - val 0.086701
Epoch 1465/1500 - train 0.041894 - val 0.070416
Epoch 1466/1500 - train 0.039917 - val 0.057635
Epoch 1467/1500 - train 0.042689 - val 0.070949
Epoch 1468/1500 - train 0.039871 - val 0.072153
Epoch 1469/1500 - train 0.040903 - val 0.062577
Epoch 1470/1500 - train 0.041219 - val 0.050083
Epoch 1471/1500 - train 0.037816 - val 0.054796
Epoch 1472/1500 - train 0.043524 - val 0.047839
Epoch 1473/1500 - train 0.036849 - val 0.102330
Epoch 1474/1500 - train 0.044723 - val 0.051474
Epoch 1475/1500 - train 0.038377 - val 0.059468
Epoch 1476/1500 - train 0.038939 - val 0.052576
Epoch 1477/1500 - train 0.038685 - val 0.045994
Epoch 1478/1500 - train 0.039847 - val 0.046917
Epoch 1479/1500 - train 0.042731 - val 0.050266
Epoch 1480/1500 - train 0.040579 - val 0.051971
Epoch 1481/1500 - train 0.036543 - val 0.047149
Epoch 1482/1500 - train 0.038933 - val 0.046267
Epoch 1483/1500 - train 0.036441 - val 0.071488
Epoch 1484/1500 - train 0.041667 - val 0.065286
Epoch 1485/1500 - train 0.039318 - val 0.055837
Epoch 1486/1500 - train 0.040396 - val 0.054152
Epoch 1487/1500 - train 0.039827 - val 0.044233
Epoch 1488/1500 - train 0.040696 - val 0.057449
Epoch 1489/1500 - train 0.038144 - val 0.047844
Epoch 1490/1500 - train 0.040315 - val 0.051416
Epoch 1491/1500 - train 0.037830 - val 0.052725
Epoch 1492/1500 - train 0.039014 - val 0.056416
Epoch 1493/1500 - train 0.038381 - val 0.058899
Epoch 1494/1500 - train 0.041207 - val 0.051274
Epoch 1495/1500 - train 0.038124 - val 0.058449
Epoch 1496/1500 - train 0.042620 - val 0.052381
Epoch 1497/1500 - train 0.042717 - val 0.048366
Epoch 1498/1500 - train 0.039056 - val 0.068718
Epoch 1499/1500 - train 0.042379 - val 0.064996
Epoch 1500/1500 - train 0.040349 - val 0.049578
Saved model to /scratch/network/ak9088/NASA-RL-Wavefront-Control/RL/jobs/20251224_231857/exp-fc1-zscore-ep1500-bs2048-lr1e-3-s42-h512-256-128-images-wd0.0005/fc1_best.pth
