y: [[-8.89294595e-02  3.68765652e-01 -3.35200205e-02 ... -2.49889821e-01
   1.67958364e-02  4.47161561e-08]
 [-1.95354253e-01  3.17699492e-01  3.17823112e-01 ...  1.36494249e-01
  -1.03578465e-02  4.47161561e-08]
 [-2.90432423e-01 -1.80993274e-01  2.23017558e-01 ... -2.44340330e-01
  -2.15393677e-02  4.47161597e-08]
 ...
 [ 2.77905110e-02 -3.24629903e-01  2.85629988e-01 ...  5.68953492e-02
  -8.27765688e-02  4.47161561e-08]
 [-2.45659456e-01 -2.43513435e-01  6.57291114e-01 ...  1.29223362e-01
  -6.41752034e-02  4.47161597e-08]
 [-1.38641492e-01  1.17867850e-01  3.85931842e-02 ...  1.19241446e-01
  -2.43191440e-02  4.47161561e-08]]
Dataset loaded: N=100000 (original 100000), C=3, H=20, W=20, y_dim=26
using device: cpu
Epoch 1/1500 - train 0.336169 - val 0.178243
Epoch 2/1500 - train 0.217995 - val 0.136933
Epoch 3/1500 - train 0.194612 - val 0.122944
Epoch 4/1500 - train 0.182581 - val 0.116090
Epoch 5/1500 - train 0.173795 - val 0.127563
Epoch 6/1500 - train 0.168461 - val 0.106039
Epoch 7/1500 - train 0.164061 - val 0.101835
Epoch 8/1500 - train 0.159461 - val 0.100416
Epoch 9/1500 - train 0.156860 - val 0.097216
Epoch 10/1500 - train 0.154475 - val 0.095739
Epoch 11/1500 - train 0.152260 - val 0.094436
Epoch 12/1500 - train 0.150046 - val 0.092410
Epoch 13/1500 - train 0.148615 - val 0.090598
Epoch 14/1500 - train 0.147823 - val 0.089707
Epoch 15/1500 - train 0.146962 - val 0.089559
Epoch 16/1500 - train 0.144993 - val 0.090241
Epoch 17/1500 - train 0.144409 - val 0.091425
Epoch 18/1500 - train 0.143239 - val 0.089262
Epoch 19/1500 - train 0.142559 - val 0.086424
Epoch 20/1500 - train 0.142658 - val 0.086155
Epoch 21/1500 - train 0.141630 - val 0.084941
Epoch 22/1500 - train 0.141052 - val 0.085440
Epoch 23/1500 - train 0.140214 - val 0.087556
Epoch 24/1500 - train 0.139593 - val 0.087537
Epoch 25/1500 - train 0.139103 - val 0.086412
Epoch 26/1500 - train 0.138965 - val 0.083561
Epoch 27/1500 - train 0.138098 - val 0.083676
Epoch 28/1500 - train 0.137694 - val 0.083637
Epoch 29/1500 - train 0.136965 - val 0.083698
Epoch 30/1500 - train 0.137555 - val 0.083897
Epoch 31/1500 - train 0.136596 - val 0.083794
Epoch 32/1500 - train 0.136200 - val 0.083451
Epoch 33/1500 - train 0.135726 - val 0.080655
Epoch 34/1500 - train 0.135397 - val 0.079989
Epoch 35/1500 - train 0.135180 - val 0.080669
Epoch 36/1500 - train 0.134501 - val 0.080012
Epoch 37/1500 - train 0.134504 - val 0.085711
Epoch 38/1500 - train 0.133772 - val 0.081248
Epoch 39/1500 - train 0.134109 - val 0.078870
Epoch 40/1500 - train 0.132681 - val 0.080822
Epoch 41/1500 - train 0.132517 - val 0.080050
Epoch 42/1500 - train 0.132073 - val 0.078623
Epoch 43/1500 - train 0.132002 - val 0.080067
Epoch 44/1500 - train 0.131469 - val 0.078734
Epoch 45/1500 - train 0.130919 - val 0.079051
Epoch 46/1500 - train 0.130886 - val 0.078563
Epoch 47/1500 - train 0.130794 - val 0.079299
Epoch 48/1500 - train 0.129973 - val 0.079372
Epoch 49/1500 - train 0.129345 - val 0.083801
Epoch 50/1500 - train 0.129828 - val 0.077408
Epoch 51/1500 - train 0.128608 - val 0.076660
Epoch 52/1500 - train 0.128561 - val 0.076905
Epoch 53/1500 - train 0.128783 - val 0.076874
Epoch 54/1500 - train 0.128022 - val 0.079977
Epoch 55/1500 - train 0.128275 - val 0.076305
Epoch 56/1500 - train 0.128155 - val 0.077810
Epoch 57/1500 - train 0.127415 - val 0.079071
Epoch 58/1500 - train 0.127355 - val 0.077030
Epoch 59/1500 - train 0.126482 - val 0.079235
Epoch 60/1500 - train 0.127255 - val 0.075656
Epoch 61/1500 - train 0.126679 - val 0.076303
Epoch 62/1500 - train 0.125968 - val 0.074251
Epoch 63/1500 - train 0.125601 - val 0.074217
Epoch 64/1500 - train 0.125327 - val 0.077559
Epoch 65/1500 - train 0.125546 - val 0.074548
Epoch 66/1500 - train 0.125224 - val 0.074006
Epoch 67/1500 - train 0.124257 - val 0.075917
Epoch 68/1500 - train 0.124873 - val 0.072730
Epoch 69/1500 - train 0.124161 - val 0.072541
Epoch 70/1500 - train 0.123799 - val 0.072515
Epoch 71/1500 - train 0.123678 - val 0.071928
Epoch 72/1500 - train 0.123463 - val 0.074267
Epoch 73/1500 - train 0.123189 - val 0.074643
Epoch 74/1500 - train 0.123181 - val 0.074351
Epoch 75/1500 - train 0.122986 - val 0.077953
Epoch 76/1500 - train 0.123005 - val 0.070127
Epoch 77/1500 - train 0.122528 - val 0.077022
Epoch 78/1500 - train 0.122459 - val 0.072238
Epoch 79/1500 - train 0.121728 - val 0.072031
Epoch 80/1500 - train 0.121525 - val 0.076221
Epoch 81/1500 - train 0.122042 - val 0.069518
Epoch 82/1500 - train 0.121757 - val 0.072368
Epoch 83/1500 - train 0.121682 - val 0.074079
Epoch 84/1500 - train 0.120809 - val 0.072092
Epoch 85/1500 - train 0.121283 - val 0.073053
Epoch 86/1500 - train 0.120760 - val 0.068338
Epoch 87/1500 - train 0.120358 - val 0.071711
Epoch 88/1500 - train 0.121396 - val 0.072253
Epoch 89/1500 - train 0.119642 - val 0.069568
Epoch 90/1500 - train 0.119593 - val 0.070687
Epoch 91/1500 - train 0.120276 - val 0.085563
Epoch 92/1500 - train 0.120347 - val 0.069570
Epoch 93/1500 - train 0.120294 - val 0.070926
Epoch 94/1500 - train 0.119466 - val 0.069955
Epoch 95/1500 - train 0.119702 - val 0.070156
Epoch 96/1500 - train 0.119350 - val 0.068727
Epoch 97/1500 - train 0.119372 - val 0.071780
Epoch 98/1500 - train 0.119451 - val 0.069244
Epoch 99/1500 - train 0.118621 - val 0.065482
Epoch 100/1500 - train 0.118946 - val 0.067489
Epoch 101/1500 - train 0.118765 - val 0.067985
Epoch 102/1500 - train 0.118604 - val 0.069833
Epoch 103/1500 - train 0.118507 - val 0.066116
Epoch 104/1500 - train 0.118095 - val 0.066815
Epoch 105/1500 - train 0.117032 - val 0.066517
Epoch 106/1500 - train 0.117497 - val 0.069558
Epoch 107/1500 - train 0.117971 - val 0.069678
Epoch 108/1500 - train 0.117230 - val 0.065610
Epoch 109/1500 - train 0.117157 - val 0.066011
Epoch 110/1500 - train 0.117014 - val 0.064068
Epoch 111/1500 - train 0.116799 - val 0.067116
Epoch 112/1500 - train 0.116766 - val 0.067184
Epoch 113/1500 - train 0.115856 - val 0.063898
Epoch 114/1500 - train 0.116957 - val 0.066777
Epoch 115/1500 - train 0.116580 - val 0.064816
Epoch 116/1500 - train 0.115945 - val 0.063474
Epoch 117/1500 - train 0.115863 - val 0.067596
Epoch 118/1500 - train 0.115742 - val 0.064197
Epoch 119/1500 - train 0.115400 - val 0.070671
Epoch 120/1500 - train 0.115726 - val 0.065377
Epoch 121/1500 - train 0.115826 - val 0.065157
Epoch 122/1500 - train 0.115042 - val 0.065785
Epoch 123/1500 - train 0.115466 - val 0.067539
Epoch 124/1500 - train 0.115421 - val 0.064985
Epoch 125/1500 - train 0.114465 - val 0.068130
Epoch 126/1500 - train 0.114658 - val 0.068215
Epoch 127/1500 - train 0.115204 - val 0.061641
Epoch 128/1500 - train 0.114656 - val 0.063240
Epoch 129/1500 - train 0.114520 - val 0.065714
Epoch 130/1500 - train 0.113465 - val 0.061375
Epoch 131/1500 - train 0.114057 - val 0.065342
Epoch 132/1500 - train 0.113880 - val 0.061007
Epoch 133/1500 - train 0.113081 - val 0.063694
Epoch 134/1500 - train 0.113602 - val 0.061342
Epoch 135/1500 - train 0.113428 - val 0.064638
Epoch 136/1500 - train 0.112745 - val 0.065887
Epoch 137/1500 - train 0.113517 - val 0.062085
Epoch 138/1500 - train 0.112433 - val 0.064357
Epoch 139/1500 - train 0.112682 - val 0.062858
Epoch 140/1500 - train 0.112519 - val 0.060627
Epoch 141/1500 - train 0.112552 - val 0.062848
Epoch 142/1500 - train 0.112435 - val 0.060783
Epoch 143/1500 - train 0.111919 - val 0.062017
Epoch 144/1500 - train 0.112036 - val 0.059119
Epoch 145/1500 - train 0.112337 - val 0.062861
Epoch 146/1500 - train 0.110897 - val 0.061625
Epoch 147/1500 - train 0.111192 - val 0.062318
Epoch 148/1500 - train 0.111716 - val 0.057273
Epoch 149/1500 - train 0.111589 - val 0.059015
Epoch 150/1500 - train 0.111706 - val 0.061094
Epoch 151/1500 - train 0.110628 - val 0.063332
Epoch 152/1500 - train 0.111365 - val 0.058701
Epoch 153/1500 - train 0.110453 - val 0.061263
Epoch 154/1500 - train 0.110655 - val 0.060549
Epoch 155/1500 - train 0.111291 - val 0.060873
Epoch 156/1500 - train 0.109716 - val 0.060993
Epoch 157/1500 - train 0.110880 - val 0.070736
Epoch 158/1500 - train 0.110366 - val 0.062480
Epoch 159/1500 - train 0.110994 - val 0.058076
Epoch 160/1500 - train 0.110193 - val 0.070214
Epoch 161/1500 - train 0.111042 - val 0.061127
Epoch 162/1500 - train 0.109646 - val 0.059677
Epoch 163/1500 - train 0.110286 - val 0.058812
Epoch 164/1500 - train 0.109593 - val 0.058414
Epoch 165/1500 - train 0.110200 - val 0.061569
Epoch 166/1500 - train 0.110296 - val 0.061828
Epoch 167/1500 - train 0.109918 - val 0.058720
Epoch 168/1500 - train 0.109628 - val 0.058134
Epoch 169/1500 - train 0.108588 - val 0.057135
Epoch 170/1500 - train 0.108208 - val 0.056757
Epoch 171/1500 - train 0.108899 - val 0.060882
Epoch 172/1500 - train 0.109523 - val 0.062590
Epoch 173/1500 - train 0.108135 - val 0.059728
Epoch 174/1500 - train 0.108174 - val 0.057484
Epoch 175/1500 - train 0.107845 - val 0.057670
Epoch 176/1500 - train 0.108059 - val 0.055081
Epoch 177/1500 - train 0.108527 - val 0.057518
Epoch 178/1500 - train 0.108248 - val 0.056006
Epoch 179/1500 - train 0.107809 - val 0.055530
Epoch 180/1500 - train 0.108018 - val 0.057869
Epoch 181/1500 - train 0.108352 - val 0.055333
Epoch 182/1500 - train 0.107941 - val 0.056974
Epoch 183/1500 - train 0.107456 - val 0.057805
Epoch 184/1500 - train 0.106921 - val 0.055261
Epoch 185/1500 - train 0.107473 - val 0.071305
Epoch 186/1500 - train 0.106955 - val 0.054888
Epoch 187/1500 - train 0.107043 - val 0.054360
Epoch 188/1500 - train 0.107221 - val 0.057314
Epoch 189/1500 - train 0.108019 - val 0.059239
Epoch 190/1500 - train 0.106682 - val 0.056967
Epoch 191/1500 - train 0.106661 - val 0.055970
Epoch 192/1500 - train 0.106840 - val 0.054780
Epoch 193/1500 - train 0.106339 - val 0.054931
Epoch 194/1500 - train 0.106505 - val 0.054966
Epoch 195/1500 - train 0.105892 - val 0.058032
Epoch 196/1500 - train 0.105430 - val 0.054492
Epoch 197/1500 - train 0.106622 - val 0.054913
Epoch 198/1500 - train 0.105682 - val 0.058928
Epoch 199/1500 - train 0.105204 - val 0.057505
Epoch 200/1500 - train 0.106206 - val 0.057117
Epoch 201/1500 - train 0.104467 - val 0.054528
Epoch 202/1500 - train 0.107618 - val 0.053464
Epoch 203/1500 - train 0.105112 - val 0.055707
Epoch 204/1500 - train 0.105623 - val 0.052525
Epoch 205/1500 - train 0.105699 - val 0.064764
Epoch 206/1500 - train 0.106664 - val 0.061693
Epoch 207/1500 - train 0.105300 - val 0.054291
Epoch 208/1500 - train 0.104948 - val 0.054972
Epoch 209/1500 - train 0.105030 - val 0.057011
Epoch 210/1500 - train 0.104399 - val 0.052177
Epoch 211/1500 - train 0.104724 - val 0.055593
Epoch 212/1500 - train 0.104582 - val 0.056407
Epoch 213/1500 - train 0.104662 - val 0.055760
Epoch 214/1500 - train 0.104246 - val 0.057981
Epoch 215/1500 - train 0.104460 - val 0.059299
Epoch 216/1500 - train 0.104973 - val 0.053055
Epoch 217/1500 - train 0.104194 - val 0.052026
Epoch 218/1500 - train 0.104431 - val 0.053257
Epoch 219/1500 - train 0.104574 - val 0.057116
Epoch 220/1500 - train 0.103478 - val 0.053863
Epoch 221/1500 - train 0.104194 - val 0.050814
Epoch 222/1500 - train 0.103787 - val 0.052139
Epoch 223/1500 - train 0.102647 - val 0.051805
Epoch 224/1500 - train 0.103605 - val 0.051914
Epoch 225/1500 - train 0.103516 - val 0.054261
Epoch 226/1500 - train 0.103462 - val 0.051324
Epoch 227/1500 - train 0.103552 - val 0.054201
Epoch 228/1500 - train 0.103335 - val 0.054852
Epoch 229/1500 - train 0.102676 - val 0.053347
Epoch 230/1500 - train 0.102989 - val 0.049513
Epoch 231/1500 - train 0.102822 - val 0.052616
Epoch 232/1500 - train 0.103424 - val 0.051291
Epoch 233/1500 - train 0.102526 - val 0.054796
Epoch 234/1500 - train 0.102939 - val 0.052728
Epoch 235/1500 - train 0.102760 - val 0.055062
Epoch 236/1500 - train 0.102297 - val 0.052826
Epoch 237/1500 - train 0.102083 - val 0.061108
Epoch 238/1500 - train 0.102010 - val 0.058194
Epoch 239/1500 - train 0.102467 - val 0.055628
Epoch 240/1500 - train 0.102669 - val 0.055817
Epoch 241/1500 - train 0.102584 - val 0.057482
Epoch 242/1500 - train 0.102385 - val 0.055212
Epoch 243/1500 - train 0.102343 - val 0.052311
Epoch 244/1500 - train 0.102127 - val 0.052857
Epoch 245/1500 - train 0.102058 - val 0.051070
Epoch 246/1500 - train 0.101593 - val 0.053447
Epoch 247/1500 - train 0.101950 - val 0.049251
Epoch 248/1500 - train 0.100675 - val 0.050117
Epoch 249/1500 - train 0.101899 - val 0.052728
Epoch 250/1500 - train 0.101388 - val 0.049135
Epoch 251/1500 - train 0.100912 - val 0.050833
Epoch 252/1500 - train 0.101686 - val 0.049442
Epoch 253/1500 - train 0.101027 - val 0.053533
Epoch 254/1500 - train 0.101514 - val 0.049882
Epoch 255/1500 - train 0.101160 - val 0.053263
Epoch 256/1500 - train 0.100957 - val 0.049740
Epoch 257/1500 - train 0.101113 - val 0.052583
Epoch 258/1500 - train 0.101496 - val 0.050220
Epoch 259/1500 - train 0.100546 - val 0.051415
Epoch 260/1500 - train 0.100675 - val 0.049999
Epoch 261/1500 - train 0.100694 - val 0.056335
Epoch 262/1500 - train 0.100572 - val 0.048994
Epoch 263/1500 - train 0.100420 - val 0.050484
Epoch 264/1500 - train 0.100285 - val 0.053309
Epoch 265/1500 - train 0.100293 - val 0.047942
Epoch 266/1500 - train 0.100133 - val 0.051748
Epoch 267/1500 - train 0.100390 - val 0.056313
Epoch 268/1500 - train 0.100570 - val 0.052802
Epoch 269/1500 - train 0.100771 - val 0.051916
Epoch 270/1500 - train 0.099830 - val 0.053278
Epoch 271/1500 - train 0.100338 - val 0.050362
Epoch 272/1500 - train 0.100594 - val 0.050695
Epoch 273/1500 - train 0.099185 - val 0.047449
Epoch 274/1500 - train 0.099237 - val 0.049228
Epoch 275/1500 - train 0.100113 - val 0.050586
Epoch 276/1500 - train 0.100171 - val 0.052520
Epoch 277/1500 - train 0.099492 - val 0.048365
Epoch 278/1500 - train 0.099600 - val 0.047869
Epoch 279/1500 - train 0.099123 - val 0.048875
Epoch 280/1500 - train 0.099669 - val 0.054297
Epoch 281/1500 - train 0.099290 - val 0.049171
Epoch 282/1500 - train 0.099679 - val 0.048602
Epoch 283/1500 - train 0.099185 - val 0.048999
Epoch 284/1500 - train 0.099128 - val 0.053262
Epoch 285/1500 - train 0.099441 - val 0.048380
Epoch 286/1500 - train 0.098791 - val 0.047907
Epoch 287/1500 - train 0.099719 - val 0.048630
Epoch 288/1500 - train 0.099358 - val 0.052188
Epoch 289/1500 - train 0.098804 - val 0.049859
Epoch 290/1500 - train 0.099497 - val 0.049930
Epoch 291/1500 - train 0.098390 - val 0.051156
Epoch 292/1500 - train 0.098762 - val 0.049059
Epoch 293/1500 - train 0.098532 - val 0.047472
Epoch 294/1500 - train 0.097945 - val 0.055491
Epoch 295/1500 - train 0.099165 - val 0.051559
Epoch 296/1500 - train 0.098094 - val 0.049100
Epoch 297/1500 - train 0.098926 - val 0.052171
Epoch 298/1500 - train 0.098076 - val 0.046845
Epoch 299/1500 - train 0.098550 - val 0.046514
Epoch 300/1500 - train 0.097822 - val 0.048295
Epoch 301/1500 - train 0.098016 - val 0.046043
Epoch 302/1500 - train 0.097865 - val 0.047782
Epoch 303/1500 - train 0.097811 - val 0.062438
Epoch 304/1500 - train 0.098132 - val 0.048044
Epoch 305/1500 - train 0.098145 - val 0.046956
Epoch 306/1500 - train 0.097282 - val 0.048087
Epoch 307/1500 - train 0.097588 - val 0.048603
Epoch 308/1500 - train 0.097959 - val 0.049993
Epoch 309/1500 - train 0.098028 - val 0.049434
Epoch 310/1500 - train 0.097533 - val 0.047815
Epoch 311/1500 - train 0.097421 - val 0.049973
Epoch 312/1500 - train 0.097920 - val 0.050973
Epoch 313/1500 - train 0.097954 - val 0.048185
Epoch 314/1500 - train 0.097161 - val 0.046083
Epoch 315/1500 - train 0.097875 - val 0.046571
Epoch 316/1500 - train 0.097660 - val 0.055299
Epoch 317/1500 - train 0.096335 - val 0.047839
Epoch 318/1500 - train 0.096940 - val 0.047226
Epoch 319/1500 - train 0.097435 - val 0.061633
Epoch 320/1500 - train 0.097474 - val 0.045248
Epoch 321/1500 - train 0.096698 - val 0.047401
Epoch 322/1500 - train 0.096583 - val 0.046151
Epoch 323/1500 - train 0.096946 - val 0.048282
Epoch 324/1500 - train 0.096771 - val 0.048227
Epoch 325/1500 - train 0.096468 - val 0.046788
Epoch 326/1500 - train 0.096787 - val 0.047337
Epoch 327/1500 - train 0.096312 - val 0.050832
Epoch 328/1500 - train 0.097209 - val 0.046765
Epoch 329/1500 - train 0.096545 - val 0.047836
Epoch 330/1500 - train 0.095478 - val 0.046549
Epoch 331/1500 - train 0.096470 - val 0.047857
Epoch 332/1500 - train 0.096945 - val 0.050738
Epoch 333/1500 - train 0.096240 - val 0.050231
Epoch 334/1500 - train 0.095856 - val 0.049285
Epoch 335/1500 - train 0.095637 - val 0.047431
Epoch 336/1500 - train 0.095051 - val 0.046930
Epoch 337/1500 - train 0.095534 - val 0.042793
Epoch 338/1500 - train 0.095472 - val 0.045598
Epoch 339/1500 - train 0.095890 - val 0.045227
Epoch 340/1500 - train 0.096765 - val 0.047482
Epoch 341/1500 - train 0.095037 - val 0.045912
Epoch 342/1500 - train 0.095397 - val 0.045016
Epoch 343/1500 - train 0.095193 - val 0.045603
Epoch 344/1500 - train 0.095213 - val 0.047368
Epoch 345/1500 - train 0.096187 - val 0.045473
Epoch 346/1500 - train 0.096196 - val 0.060292
Epoch 347/1500 - train 0.095057 - val 0.045062
Epoch 348/1500 - train 0.095037 - val 0.045544
Epoch 349/1500 - train 0.095101 - val 0.045144
Epoch 350/1500 - train 0.095070 - val 0.045583
Epoch 351/1500 - train 0.094476 - val 0.046541
Epoch 352/1500 - train 0.094993 - val 0.048159
Epoch 353/1500 - train 0.094751 - val 0.052860
Epoch 354/1500 - train 0.094774 - val 0.046117
Epoch 355/1500 - train 0.094997 - val 0.052313
Epoch 356/1500 - train 0.095460 - val 0.047312
Epoch 357/1500 - train 0.095218 - val 0.044080
Epoch 358/1500 - train 0.094494 - val 0.044642
Epoch 359/1500 - train 0.094773 - val 0.048361
Epoch 360/1500 - train 0.095022 - val 0.049593
Epoch 361/1500 - train 0.094480 - val 0.045528
Epoch 362/1500 - train 0.094100 - val 0.047994
Epoch 363/1500 - train 0.094116 - val 0.045342
Epoch 364/1500 - train 0.093532 - val 0.045478
Epoch 365/1500 - train 0.094607 - val 0.045426
Epoch 366/1500 - train 0.094202 - val 0.047564
Epoch 367/1500 - train 0.094070 - val 0.047519
Epoch 368/1500 - train 0.094759 - val 0.047987
Epoch 369/1500 - train 0.093863 - val 0.047948
Epoch 370/1500 - train 0.094567 - val 0.042808
Epoch 371/1500 - train 0.094153 - val 0.046676
Epoch 372/1500 - train 0.093673 - val 0.043841
Epoch 373/1500 - train 0.093692 - val 0.051898
Epoch 374/1500 - train 0.093281 - val 0.044716
Epoch 375/1500 - train 0.094415 - val 0.047376
Epoch 376/1500 - train 0.093978 - val 0.044185
Epoch 377/1500 - train 0.093017 - val 0.043822
Epoch 378/1500 - train 0.093867 - val 0.043570
Epoch 379/1500 - train 0.093292 - val 0.044426
Epoch 380/1500 - train 0.093426 - val 0.043194
Epoch 381/1500 - train 0.093802 - val 0.045644
Epoch 382/1500 - train 0.093067 - val 0.045124
Epoch 383/1500 - train 0.093365 - val 0.045580
Epoch 384/1500 - train 0.093179 - val 0.044683
Epoch 385/1500 - train 0.093798 - val 0.043784
Epoch 386/1500 - train 0.092741 - val 0.045620
Epoch 387/1500 - train 0.093710 - val 0.044187
Epoch 388/1500 - train 0.092637 - val 0.044343
Epoch 389/1500 - train 0.092235 - val 0.043099
Epoch 390/1500 - train 0.092273 - val 0.048813
Epoch 391/1500 - train 0.093446 - val 0.047008
Epoch 392/1500 - train 0.092369 - val 0.044655
Epoch 393/1500 - train 0.093059 - val 0.044405
Epoch 394/1500 - train 0.092816 - val 0.043063
Epoch 395/1500 - train 0.092340 - val 0.043670
Epoch 396/1500 - train 0.092789 - val 0.043705
Epoch 397/1500 - train 0.092278 - val 0.042824
Epoch 398/1500 - train 0.093251 - val 0.043127
Epoch 399/1500 - train 0.092436 - val 0.048668
Epoch 400/1500 - train 0.092578 - val 0.053706
Epoch 401/1500 - train 0.092592 - val 0.043955
Epoch 402/1500 - train 0.092285 - val 0.042892
Epoch 403/1500 - train 0.091984 - val 0.041947
Epoch 404/1500 - train 0.091348 - val 0.042428
Epoch 405/1500 - train 0.092527 - val 0.042745
Epoch 406/1500 - train 0.091964 - val 0.045836
Epoch 407/1500 - train 0.092103 - val 0.044340
Epoch 408/1500 - train 0.092427 - val 0.045967
Epoch 409/1500 - train 0.091467 - val 0.043473
Epoch 410/1500 - train 0.092653 - val 0.042188
Epoch 411/1500 - train 0.090810 - val 0.043752
Epoch 412/1500 - train 0.091584 - val 0.045152
Epoch 413/1500 - train 0.091202 - val 0.043918
Epoch 414/1500 - train 0.091639 - val 0.044241
Epoch 415/1500 - train 0.091188 - val 0.044101
Epoch 416/1500 - train 0.091552 - val 0.044516
Epoch 417/1500 - train 0.091223 - val 0.043659
Epoch 418/1500 - train 0.090548 - val 0.049353
Epoch 419/1500 - train 0.090976 - val 0.042574
Epoch 420/1500 - train 0.091430 - val 0.043171
Epoch 421/1500 - train 0.091676 - val 0.043455
Epoch 422/1500 - train 0.091153 - val 0.043724
Epoch 423/1500 - train 0.090842 - val 0.041383
Epoch 424/1500 - train 0.091082 - val 0.045258
Epoch 425/1500 - train 0.090765 - val 0.042119
Epoch 426/1500 - train 0.090406 - val 0.043989
Epoch 427/1500 - train 0.091038 - val 0.044610
Epoch 428/1500 - train 0.091291 - val 0.046243
Epoch 429/1500 - train 0.090732 - val 0.044409
Epoch 430/1500 - train 0.090634 - val 0.042954
Epoch 431/1500 - train 0.090145 - val 0.041001
Epoch 432/1500 - train 0.090063 - val 0.041632
Epoch 433/1500 - train 0.089819 - val 0.042220
Epoch 434/1500 - train 0.091754 - val 0.041285
Epoch 435/1500 - train 0.090142 - val 0.041832
Epoch 436/1500 - train 0.090135 - val 0.042167
Epoch 437/1500 - train 0.090287 - val 0.041050
Epoch 438/1500 - train 0.090686 - val 0.043670
Epoch 439/1500 - train 0.089411 - val 0.043375
Epoch 440/1500 - train 0.090083 - val 0.051989
Epoch 441/1500 - train 0.090806 - val 0.040611
Epoch 442/1500 - train 0.089742 - val 0.048979
Epoch 443/1500 - train 0.089896 - val 0.041679
Epoch 444/1500 - train 0.089333 - val 0.042164
Epoch 445/1500 - train 0.090234 - val 0.049141
Epoch 446/1500 - train 0.089524 - val 0.040941
Epoch 447/1500 - train 0.089447 - val 0.040699
Epoch 448/1500 - train 0.090355 - val 0.041972
Epoch 449/1500 - train 0.089768 - val 0.043805
Epoch 450/1500 - train 0.089753 - val 0.043254
Epoch 451/1500 - train 0.088666 - val 0.042090
Epoch 452/1500 - train 0.090048 - val 0.044498
Epoch 453/1500 - train 0.089783 - val 0.040910
Epoch 454/1500 - train 0.089281 - val 0.047540
Epoch 455/1500 - train 0.089609 - val 0.041820
Epoch 456/1500 - train 0.088963 - val 0.046498
Epoch 457/1500 - train 0.090129 - val 0.041983
Epoch 458/1500 - train 0.089272 - val 0.042505
Epoch 459/1500 - train 0.089772 - val 0.042230
Epoch 460/1500 - train 0.088722 - val 0.045260
Epoch 461/1500 - train 0.089221 - val 0.041702
Epoch 462/1500 - train 0.088924 - val 0.044892
Epoch 463/1500 - train 0.089407 - val 0.043573
Epoch 464/1500 - train 0.089216 - val 0.040722
Epoch 465/1500 - train 0.089893 - val 0.040681
Epoch 466/1500 - train 0.089062 - val 0.045253
Epoch 467/1500 - train 0.088603 - val 0.040676
Epoch 468/1500 - train 0.088905 - val 0.040438
Epoch 469/1500 - train 0.089476 - val 0.040649
Epoch 470/1500 - train 0.088652 - val 0.040620
Epoch 471/1500 - train 0.088438 - val 0.040071
Epoch 472/1500 - train 0.088997 - val 0.040298
Epoch 473/1500 - train 0.089479 - val 0.042597
Epoch 474/1500 - train 0.087994 - val 0.041935
Epoch 475/1500 - train 0.088219 - val 0.041804
Epoch 476/1500 - train 0.088214 - val 0.041081
Epoch 477/1500 - train 0.088942 - val 0.040189
Epoch 478/1500 - train 0.088426 - val 0.038665
Epoch 479/1500 - train 0.088388 - val 0.040020
Epoch 480/1500 - train 0.087776 - val 0.047040
Epoch 481/1500 - train 0.088842 - val 0.042001
Epoch 482/1500 - train 0.088452 - val 0.039333
Epoch 483/1500 - train 0.088361 - val 0.040963
Epoch 484/1500 - train 0.088158 - val 0.041125
Epoch 485/1500 - train 0.088384 - val 0.040473
Epoch 486/1500 - train 0.087669 - val 0.043831
Epoch 487/1500 - train 0.088138 - val 0.041857
Epoch 488/1500 - train 0.088448 - val 0.039080
Epoch 489/1500 - train 0.088004 - val 0.040417
Epoch 490/1500 - train 0.087827 - val 0.043538
Epoch 491/1500 - train 0.089167 - val 0.040622
Epoch 492/1500 - train 0.088044 - val 0.041176
Epoch 493/1500 - train 0.087998 - val 0.039964
Epoch 494/1500 - train 0.087463 - val 0.041866
Epoch 495/1500 - train 0.087665 - val 0.040054
Epoch 496/1500 - train 0.087690 - val 0.042685
Epoch 497/1500 - train 0.088838 - val 0.041913
Epoch 498/1500 - train 0.088026 - val 0.038863
Epoch 499/1500 - train 0.088191 - val 0.040309
Epoch 500/1500 - train 0.087585 - val 0.037845
Epoch 501/1500 - train 0.086921 - val 0.038658
Epoch 502/1500 - train 0.087626 - val 0.041990
Epoch 503/1500 - train 0.087311 - val 0.038050
Epoch 504/1500 - train 0.087296 - val 0.040777
Epoch 505/1500 - train 0.086990 - val 0.040594
Epoch 506/1500 - train 0.087133 - val 0.038749
Epoch 507/1500 - train 0.087642 - val 0.042243
Epoch 508/1500 - train 0.087649 - val 0.039345
Epoch 509/1500 - train 0.087203 - val 0.041275
Epoch 510/1500 - train 0.087190 - val 0.039942
Epoch 511/1500 - train 0.087244 - val 0.038946
Epoch 512/1500 - train 0.087568 - val 0.041517
Epoch 513/1500 - train 0.087207 - val 0.041401
Epoch 514/1500 - train 0.088237 - val 0.039320
Epoch 515/1500 - train 0.087420 - val 0.038077
Epoch 516/1500 - train 0.086757 - val 0.040297
Epoch 517/1500 - train 0.087451 - val 0.045016
Epoch 518/1500 - train 0.086292 - val 0.038563
Epoch 519/1500 - train 0.086210 - val 0.040395
Epoch 520/1500 - train 0.087794 - val 0.043151
Epoch 521/1500 - train 0.087193 - val 0.038688
Epoch 522/1500 - train 0.086876 - val 0.036730
Epoch 523/1500 - train 0.086632 - val 0.042797
Epoch 524/1500 - train 0.086865 - val 0.039899
Epoch 525/1500 - train 0.086840 - val 0.038037
Epoch 526/1500 - train 0.086792 - val 0.038811
Epoch 527/1500 - train 0.087076 - val 0.040687
Epoch 528/1500 - train 0.086221 - val 0.037808
Epoch 529/1500 - train 0.086720 - val 0.037307
Epoch 530/1500 - train 0.086860 - val 0.037392
Epoch 531/1500 - train 0.087552 - val 0.045747
Epoch 532/1500 - train 0.086928 - val 0.040821
Epoch 533/1500 - train 0.085936 - val 0.040784
Epoch 534/1500 - train 0.086615 - val 0.038169
Epoch 535/1500 - train 0.085987 - val 0.041234
Epoch 536/1500 - train 0.086492 - val 0.038463
Epoch 537/1500 - train 0.086324 - val 0.043557
Epoch 538/1500 - train 0.087048 - val 0.039071
Epoch 539/1500 - train 0.086863 - val 0.038573
Epoch 540/1500 - train 0.085436 - val 0.040678
Epoch 541/1500 - train 0.086266 - val 0.039030
Epoch 542/1500 - train 0.086378 - val 0.037429
Epoch 543/1500 - train 0.086660 - val 0.038337
Epoch 544/1500 - train 0.085953 - val 0.038104
Epoch 545/1500 - train 0.085978 - val 0.045468
Epoch 546/1500 - train 0.086813 - val 0.036910
Epoch 547/1500 - train 0.085630 - val 0.038268
Epoch 548/1500 - train 0.085840 - val 0.039132
Epoch 549/1500 - train 0.086694 - val 0.037878
Epoch 550/1500 - train 0.085523 - val 0.037952
Epoch 551/1500 - train 0.086385 - val 0.040117
Epoch 552/1500 - train 0.085050 - val 0.038008
Epoch 553/1500 - train 0.085092 - val 0.037265
Epoch 554/1500 - train 0.085952 - val 0.043345
Epoch 555/1500 - train 0.085891 - val 0.038964
Epoch 556/1500 - train 0.085610 - val 0.039380
Epoch 557/1500 - train 0.086676 - val 0.039415
Epoch 558/1500 - train 0.085635 - val 0.040161
Epoch 559/1500 - train 0.085522 - val 0.039190
Epoch 560/1500 - train 0.085210 - val 0.037537
Epoch 561/1500 - train 0.084851 - val 0.038714
Epoch 562/1500 - train 0.085377 - val 0.038738
Epoch 563/1500 - train 0.085522 - val 0.039715
Epoch 564/1500 - train 0.085653 - val 0.040535
Epoch 565/1500 - train 0.085676 - val 0.038782
Epoch 566/1500 - train 0.085008 - val 0.043160
Epoch 567/1500 - train 0.085524 - val 0.044917
Epoch 568/1500 - train 0.085779 - val 0.042877
Epoch 569/1500 - train 0.085710 - val 0.038358
Epoch 570/1500 - train 0.085084 - val 0.042883
Epoch 571/1500 - train 0.085829 - val 0.037159
Epoch 572/1500 - train 0.085585 - val 0.037425
Epoch 573/1500 - train 0.084914 - val 0.038602
Epoch 574/1500 - train 0.084166 - val 0.038469
Epoch 575/1500 - train 0.085493 - val 0.038671
Epoch 576/1500 - train 0.085552 - val 0.042158
Epoch 577/1500 - train 0.084964 - val 0.038206
Epoch 578/1500 - train 0.085296 - val 0.043085
Epoch 579/1500 - train 0.084630 - val 0.038105
Epoch 580/1500 - train 0.084750 - val 0.037349
Epoch 581/1500 - train 0.084194 - val 0.037705
Epoch 582/1500 - train 0.084665 - val 0.038366
Epoch 583/1500 - train 0.084467 - val 0.037899
Epoch 584/1500 - train 0.084105 - val 0.037078
Epoch 585/1500 - train 0.084814 - val 0.039210
Epoch 586/1500 - train 0.084638 - val 0.037908
Epoch 587/1500 - train 0.084158 - val 0.039730
Epoch 588/1500 - train 0.084527 - val 0.041279
Epoch 589/1500 - train 0.084814 - val 0.038325
Epoch 590/1500 - train 0.084246 - val 0.042378
Epoch 591/1500 - train 0.084451 - val 0.038312
Epoch 592/1500 - train 0.084319 - val 0.040727
Epoch 593/1500 - train 0.084497 - val 0.035719
Epoch 594/1500 - train 0.084137 - val 0.036169
Epoch 595/1500 - train 0.085342 - val 0.037394
Epoch 596/1500 - train 0.083630 - val 0.037917
Epoch 597/1500 - train 0.084496 - val 0.036943
Epoch 598/1500 - train 0.084108 - val 0.038021
Epoch 599/1500 - train 0.084860 - val 0.039455
Epoch 600/1500 - train 0.084111 - val 0.039405
Epoch 601/1500 - train 0.084189 - val 0.038451
Epoch 602/1500 - train 0.083847 - val 0.035919
Epoch 603/1500 - train 0.083618 - val 0.038400
Epoch 604/1500 - train 0.083999 - val 0.038179
Epoch 605/1500 - train 0.083936 - val 0.037954
Epoch 606/1500 - train 0.084390 - val 0.037742
Epoch 607/1500 - train 0.083979 - val 0.038710
Epoch 608/1500 - train 0.084532 - val 0.038102
Epoch 609/1500 - train 0.084064 - val 0.038304
Epoch 610/1500 - train 0.083323 - val 0.035214
Epoch 611/1500 - train 0.084083 - val 0.037009
Epoch 612/1500 - train 0.083993 - val 0.037982
Epoch 613/1500 - train 0.083249 - val 0.037348
Epoch 614/1500 - train 0.083228 - val 0.039709
Epoch 615/1500 - train 0.083711 - val 0.037181
Epoch 616/1500 - train 0.083564 - val 0.039485
Epoch 617/1500 - train 0.083143 - val 0.036098
Epoch 618/1500 - train 0.083312 - val 0.043260
Epoch 619/1500 - train 0.083766 - val 0.037318
Epoch 620/1500 - train 0.083790 - val 0.036891
Epoch 621/1500 - train 0.083689 - val 0.038082
Epoch 622/1500 - train 0.083906 - val 0.036645
Epoch 623/1500 - train 0.082670 - val 0.040644
Epoch 624/1500 - train 0.083436 - val 0.037003
Epoch 625/1500 - train 0.083192 - val 0.040581
Epoch 626/1500 - train 0.083488 - val 0.047254
Epoch 627/1500 - train 0.083642 - val 0.036789
Epoch 628/1500 - train 0.083367 - val 0.037083
Epoch 629/1500 - train 0.084002 - val 0.037605
Epoch 630/1500 - train 0.083238 - val 0.039612
Epoch 631/1500 - train 0.083174 - val 0.038185
Epoch 632/1500 - train 0.083080 - val 0.035225
Epoch 633/1500 - train 0.082576 - val 0.036150
Epoch 634/1500 - train 0.083282 - val 0.037185
Epoch 635/1500 - train 0.083871 - val 0.037905
Epoch 636/1500 - train 0.081947 - val 0.037259
Epoch 637/1500 - train 0.082998 - val 0.037081
Epoch 638/1500 - train 0.083104 - val 0.044684
Epoch 639/1500 - train 0.084394 - val 0.036468
Epoch 640/1500 - train 0.082527 - val 0.038294
Epoch 641/1500 - train 0.083000 - val 0.039895
Epoch 642/1500 - train 0.083554 - val 0.037542
Epoch 643/1500 - train 0.083442 - val 0.035621
Epoch 644/1500 - train 0.082612 - val 0.037370
Epoch 645/1500 - train 0.083317 - val 0.035705
Epoch 646/1500 - train 0.082462 - val 0.034768
Epoch 647/1500 - train 0.082486 - val 0.037743
Epoch 648/1500 - train 0.081488 - val 0.036221
Epoch 649/1500 - train 0.083433 - val 0.036815
Epoch 650/1500 - train 0.082311 - val 0.036643
Epoch 651/1500 - train 0.082811 - val 0.039519
Epoch 652/1500 - train 0.082996 - val 0.036739
Epoch 653/1500 - train 0.083165 - val 0.037895
Epoch 654/1500 - train 0.082296 - val 0.035682
Epoch 655/1500 - train 0.082773 - val 0.036010
Epoch 656/1500 - train 0.082283 - val 0.043497
Epoch 657/1500 - train 0.082765 - val 0.039754
Epoch 658/1500 - train 0.082618 - val 0.045112
Epoch 659/1500 - train 0.083101 - val 0.036643
Epoch 660/1500 - train 0.083125 - val 0.037154
Epoch 661/1500 - train 0.082174 - val 0.034691
Epoch 662/1500 - train 0.082612 - val 0.036672
Epoch 663/1500 - train 0.081986 - val 0.039618
Epoch 664/1500 - train 0.083168 - val 0.041450
Epoch 665/1500 - train 0.082899 - val 0.039378
Epoch 666/1500 - train 0.081949 - val 0.036976
Epoch 667/1500 - train 0.082298 - val 0.036358
Epoch 668/1500 - train 0.082571 - val 0.036017
Epoch 669/1500 - train 0.082732 - val 0.035182
Epoch 670/1500 - train 0.082071 - val 0.035594
Epoch 671/1500 - train 0.081751 - val 0.035175
Epoch 672/1500 - train 0.082317 - val 0.036856
Epoch 673/1500 - train 0.081677 - val 0.034716
Epoch 674/1500 - train 0.081432 - val 0.035521
Epoch 675/1500 - train 0.082067 - val 0.038328
Epoch 676/1500 - train 0.083126 - val 0.034379
Epoch 677/1500 - train 0.082831 - val 0.036267
Epoch 678/1500 - train 0.081913 - val 0.036134
Epoch 679/1500 - train 0.081374 - val 0.035392
Epoch 680/1500 - train 0.081520 - val 0.035695
Epoch 681/1500 - train 0.083031 - val 0.034920
Epoch 682/1500 - train 0.081488 - val 0.035986
Epoch 683/1500 - train 0.081611 - val 0.035272
Epoch 684/1500 - train 0.081857 - val 0.034321
Epoch 685/1500 - train 0.081845 - val 0.034821
Epoch 686/1500 - train 0.081942 - val 0.037687
Epoch 687/1500 - train 0.081827 - val 0.034361
Epoch 688/1500 - train 0.081377 - val 0.034479
Epoch 689/1500 - train 0.082006 - val 0.035305
Epoch 690/1500 - train 0.082053 - val 0.034492
Epoch 691/1500 - train 0.081460 - val 0.034358
Epoch 692/1500 - train 0.081840 - val 0.034705
Epoch 693/1500 - train 0.081052 - val 0.036882
Epoch 694/1500 - train 0.082840 - val 0.038119
Epoch 695/1500 - train 0.081433 - val 0.039330
Epoch 696/1500 - train 0.081688 - val 0.039312
Epoch 697/1500 - train 0.082269 - val 0.036749
Epoch 698/1500 - train 0.082310 - val 0.036420
Epoch 699/1500 - train 0.081400 - val 0.035091
Epoch 700/1500 - train 0.081546 - val 0.036720
Epoch 701/1500 - train 0.081685 - val 0.034896
Epoch 702/1500 - train 0.081081 - val 0.036904
Epoch 703/1500 - train 0.081804 - val 0.033818
Epoch 704/1500 - train 0.081229 - val 0.036982
Epoch 705/1500 - train 0.081055 - val 0.034840
Epoch 706/1500 - train 0.081384 - val 0.036245
Epoch 707/1500 - train 0.081469 - val 0.039563
Epoch 708/1500 - train 0.080580 - val 0.035456
Epoch 709/1500 - train 0.081150 - val 0.034467
Epoch 710/1500 - train 0.081977 - val 0.035711
Epoch 711/1500 - train 0.081113 - val 0.034085
Epoch 712/1500 - train 0.080297 - val 0.034477
Epoch 713/1500 - train 0.080452 - val 0.035869
Epoch 714/1500 - train 0.081272 - val 0.041647
Epoch 715/1500 - train 0.081313 - val 0.034267
Epoch 716/1500 - train 0.081248 - val 0.033117
Epoch 717/1500 - train 0.080896 - val 0.036177
Epoch 718/1500 - train 0.081324 - val 0.035652
Epoch 719/1500 - train 0.081891 - val 0.036286
Epoch 720/1500 - train 0.080593 - val 0.033992
Epoch 721/1500 - train 0.080171 - val 0.036888
Epoch 722/1500 - train 0.081203 - val 0.036661
Epoch 723/1500 - train 0.081271 - val 0.033567
Epoch 724/1500 - train 0.080760 - val 0.033380
Epoch 725/1500 - train 0.081003 - val 0.035011
Epoch 726/1500 - train 0.080492 - val 0.035703
Epoch 727/1500 - train 0.080648 - val 0.035855
Epoch 728/1500 - train 0.080402 - val 0.038747
Epoch 729/1500 - train 0.080662 - val 0.036014
Epoch 730/1500 - train 0.080372 - val 0.032969
Epoch 731/1500 - train 0.080476 - val 0.035995
Epoch 732/1500 - train 0.079898 - val 0.039868
Epoch 733/1500 - train 0.080475 - val 0.034237
Epoch 734/1500 - train 0.080370 - val 0.038271
Epoch 735/1500 - train 0.080581 - val 0.043422
Epoch 736/1500 - train 0.081137 - val 0.034905
Epoch 737/1500 - train 0.080221 - val 0.040470
Epoch 738/1500 - train 0.080883 - val 0.035936
Epoch 739/1500 - train 0.079874 - val 0.034274
Epoch 740/1500 - train 0.079960 - val 0.034252
Epoch 741/1500 - train 0.080320 - val 0.033259
Epoch 742/1500 - train 0.080551 - val 0.036211
Epoch 743/1500 - train 0.080190 - val 0.033320
Epoch 744/1500 - train 0.080166 - val 0.035939
Epoch 745/1500 - train 0.079940 - val 0.035842
Epoch 746/1500 - train 0.079869 - val 0.036203
Epoch 747/1500 - train 0.079647 - val 0.035671
Epoch 748/1500 - train 0.080227 - val 0.034106
Epoch 749/1500 - train 0.080095 - val 0.037237
Epoch 750/1500 - train 0.080113 - val 0.035994
Epoch 751/1500 - train 0.079820 - val 0.034860
Epoch 752/1500 - train 0.079227 - val 0.033432
Epoch 753/1500 - train 0.080441 - val 0.034296
Epoch 754/1500 - train 0.079694 - val 0.036286
Epoch 755/1500 - train 0.079729 - val 0.038745
Epoch 756/1500 - train 0.080274 - val 0.034345
Epoch 757/1500 - train 0.079676 - val 0.034309
Epoch 758/1500 - train 0.080288 - val 0.032800
Epoch 759/1500 - train 0.079674 - val 0.033366
Epoch 760/1500 - train 0.079322 - val 0.036987
Epoch 761/1500 - train 0.079635 - val 0.034691
Epoch 762/1500 - train 0.079412 - val 0.032926
Epoch 763/1500 - train 0.080020 - val 0.033407
Epoch 764/1500 - train 0.079672 - val 0.033306
Epoch 765/1500 - train 0.079532 - val 0.033893
Epoch 766/1500 - train 0.080075 - val 0.048261
Epoch 767/1500 - train 0.079182 - val 0.033841
Epoch 768/1500 - train 0.079301 - val 0.033679
Epoch 769/1500 - train 0.080137 - val 0.033176
Epoch 770/1500 - train 0.079091 - val 0.041691
Epoch 771/1500 - train 0.079720 - val 0.034876
Epoch 772/1500 - train 0.079320 - val 0.036208
Epoch 773/1500 - train 0.079434 - val 0.034849
Epoch 774/1500 - train 0.078857 - val 0.034129
Epoch 775/1500 - train 0.079749 - val 0.033651
Epoch 776/1500 - train 0.079303 - val 0.037297
Epoch 777/1500 - train 0.079305 - val 0.038868
Epoch 778/1500 - train 0.078625 - val 0.033360
Epoch 779/1500 - train 0.079643 - val 0.033964
Epoch 780/1500 - train 0.078989 - val 0.032421
Epoch 781/1500 - train 0.079836 - val 0.033064
Epoch 782/1500 - train 0.078359 - val 0.036736
Epoch 783/1500 - train 0.079313 - val 0.037855
Epoch 784/1500 - train 0.078592 - val 0.035810
Epoch 785/1500 - train 0.079382 - val 0.032887
Epoch 786/1500 - train 0.079347 - val 0.032629
Epoch 787/1500 - train 0.078317 - val 0.038376
Epoch 788/1500 - train 0.079314 - val 0.034182
Epoch 789/1500 - train 0.078356 - val 0.036410
Epoch 790/1500 - train 0.079322 - val 0.041152
Epoch 791/1500 - train 0.078846 - val 0.032811
Epoch 792/1500 - train 0.078736 - val 0.033679
Epoch 793/1500 - train 0.078109 - val 0.033676
Epoch 794/1500 - train 0.078819 - val 0.035159
Epoch 795/1500 - train 0.079207 - val 0.038827
Epoch 796/1500 - train 0.078682 - val 0.034197
Epoch 797/1500 - train 0.078970 - val 0.033457
Epoch 798/1500 - train 0.078737 - val 0.036069
Epoch 799/1500 - train 0.079068 - val 0.036671
Epoch 800/1500 - train 0.079016 - val 0.034219
Epoch 801/1500 - train 0.079030 - val 0.041615
Epoch 802/1500 - train 0.078540 - val 0.035096
Epoch 803/1500 - train 0.078624 - val 0.037158
Epoch 804/1500 - train 0.078406 - val 0.049001
Epoch 805/1500 - train 0.078407 - val 0.034794
Epoch 806/1500 - train 0.077959 - val 0.034849
Epoch 807/1500 - train 0.078521 - val 0.033522
Epoch 808/1500 - train 0.078563 - val 0.032420
Epoch 809/1500 - train 0.078405 - val 0.036491
Epoch 810/1500 - train 0.079317 - val 0.036349
Epoch 811/1500 - train 0.078345 - val 0.037254
Epoch 812/1500 - train 0.079010 - val 0.031875
Epoch 813/1500 - train 0.078001 - val 0.032544
Epoch 814/1500 - train 0.078431 - val 0.035405
Epoch 815/1500 - train 0.078515 - val 0.036503
Epoch 816/1500 - train 0.078619 - val 0.033455
Epoch 817/1500 - train 0.078977 - val 0.038594
Epoch 818/1500 - train 0.077856 - val 0.034469
Epoch 819/1500 - train 0.078726 - val 0.031800
Epoch 820/1500 - train 0.078049 - val 0.039858
Epoch 821/1500 - train 0.078179 - val 0.032416
Epoch 822/1500 - train 0.078378 - val 0.033064
Epoch 823/1500 - train 0.078131 - val 0.033042
Epoch 824/1500 - train 0.078731 - val 0.032604
Epoch 825/1500 - train 0.078148 - val 0.034768
Epoch 826/1500 - train 0.077694 - val 0.033818
Epoch 827/1500 - train 0.078218 - val 0.041892
Epoch 828/1500 - train 0.078682 - val 0.033575
Epoch 829/1500 - train 0.078346 - val 0.031504
Epoch 830/1500 - train 0.077691 - val 0.033236
Epoch 831/1500 - train 0.077784 - val 0.032823
Epoch 832/1500 - train 0.078255 - val 0.038704
Epoch 833/1500 - train 0.079112 - val 0.035425
Epoch 834/1500 - train 0.079177 - val 0.035480
Epoch 835/1500 - train 0.077686 - val 0.033790
Epoch 836/1500 - train 0.077727 - val 0.033073
Epoch 837/1500 - train 0.077568 - val 0.033765
Epoch 838/1500 - train 0.078496 - val 0.035906
Epoch 839/1500 - train 0.078553 - val 0.032551
Epoch 840/1500 - train 0.076927 - val 0.031848
Epoch 841/1500 - train 0.077495 - val 0.044579
Epoch 842/1500 - train 0.077866 - val 0.032560
Epoch 843/1500 - train 0.077717 - val 0.034987
Epoch 844/1500 - train 0.077479 - val 0.034311
Epoch 845/1500 - train 0.078184 - val 0.045623
Epoch 846/1500 - train 0.078058 - val 0.032575
Epoch 847/1500 - train 0.077397 - val 0.032625
Epoch 848/1500 - train 0.077784 - val 0.033457
Epoch 849/1500 - train 0.078463 - val 0.032572
Epoch 850/1500 - train 0.077589 - val 0.033783
Epoch 851/1500 - train 0.077624 - val 0.036049
Epoch 852/1500 - train 0.077918 - val 0.031711
Epoch 853/1500 - train 0.077351 - val 0.033706
Epoch 854/1500 - train 0.077337 - val 0.033002
Epoch 855/1500 - train 0.078020 - val 0.034250
Epoch 856/1500 - train 0.077815 - val 0.033725
Epoch 857/1500 - train 0.077313 - val 0.035125
Epoch 858/1500 - train 0.077798 - val 0.035717
Epoch 859/1500 - train 0.077950 - val 0.046469
Epoch 860/1500 - train 0.077571 - val 0.049122
Epoch 861/1500 - train 0.077723 - val 0.031713
Epoch 862/1500 - train 0.077719 - val 0.035632
Epoch 863/1500 - train 0.078016 - val 0.034948
Epoch 864/1500 - train 0.077494 - val 0.031220
Epoch 865/1500 - train 0.077876 - val 0.031839
Epoch 866/1500 - train 0.077384 - val 0.045932
Epoch 867/1500 - train 0.077356 - val 0.034773
Epoch 868/1500 - train 0.077512 - val 0.033687
Epoch 869/1500 - train 0.077082 - val 0.032795
Epoch 870/1500 - train 0.077230 - val 0.031613
Epoch 871/1500 - train 0.077359 - val 0.032207
Epoch 872/1500 - train 0.076984 - val 0.033035
Epoch 873/1500 - train 0.077267 - val 0.031978
Epoch 874/1500 - train 0.077350 - val 0.033774
Epoch 875/1500 - train 0.077735 - val 0.032779
Epoch 876/1500 - train 0.077652 - val 0.033079
Epoch 877/1500 - train 0.076459 - val 0.033058
Epoch 878/1500 - train 0.077305 - val 0.040996
Epoch 879/1500 - train 0.078032 - val 0.032312
Epoch 880/1500 - train 0.077074 - val 0.035692
Epoch 881/1500 - train 0.077190 - val 0.033265
Epoch 882/1500 - train 0.076504 - val 0.033769
Epoch 883/1500 - train 0.077488 - val 0.031358
Epoch 884/1500 - train 0.076548 - val 0.032032
Epoch 885/1500 - train 0.076666 - val 0.032479
Epoch 886/1500 - train 0.077079 - val 0.032189
Epoch 887/1500 - train 0.077096 - val 0.033161
Epoch 888/1500 - train 0.076751 - val 0.031377
Epoch 889/1500 - train 0.076875 - val 0.034747
Epoch 890/1500 - train 0.077191 - val 0.031663
Epoch 891/1500 - train 0.077469 - val 0.031685
Epoch 892/1500 - train 0.076587 - val 0.031733
Epoch 893/1500 - train 0.076914 - val 0.033576
Epoch 894/1500 - train 0.077054 - val 0.031467
Epoch 895/1500 - train 0.077118 - val 0.035349
Epoch 896/1500 - train 0.076757 - val 0.035507
Epoch 897/1500 - train 0.076172 - val 0.031396
Epoch 898/1500 - train 0.077469 - val 0.032158
Epoch 899/1500 - train 0.076126 - val 0.031279
Epoch 900/1500 - train 0.075820 - val 0.034803
Epoch 901/1500 - train 0.077244 - val 0.039848
Epoch 902/1500 - train 0.076431 - val 0.034276
Epoch 903/1500 - train 0.076706 - val 0.035621
Epoch 904/1500 - train 0.076539 - val 0.031795
Epoch 905/1500 - train 0.076477 - val 0.035725
Epoch 906/1500 - train 0.076434 - val 0.032722
Epoch 907/1500 - train 0.077310 - val 0.036209
Epoch 908/1500 - train 0.076820 - val 0.030547
Epoch 909/1500 - train 0.077255 - val 0.037038
Epoch 910/1500 - train 0.076135 - val 0.032738
Epoch 911/1500 - train 0.077109 - val 0.030740
Epoch 912/1500 - train 0.077503 - val 0.035870
Epoch 913/1500 - train 0.076559 - val 0.032131
Epoch 914/1500 - train 0.076319 - val 0.032314
Epoch 915/1500 - train 0.076128 - val 0.032084
Epoch 916/1500 - train 0.076220 - val 0.031747
Epoch 917/1500 - train 0.076256 - val 0.032216
Epoch 918/1500 - train 0.076751 - val 0.031825
Epoch 919/1500 - train 0.075885 - val 0.031828
Epoch 920/1500 - train 0.076427 - val 0.031885
Epoch 921/1500 - train 0.075684 - val 0.031767
Epoch 922/1500 - train 0.075972 - val 0.031572
Epoch 923/1500 - train 0.076128 - val 0.033042
Epoch 924/1500 - train 0.077078 - val 0.031956
Epoch 925/1500 - train 0.076874 - val 0.033749
Epoch 926/1500 - train 0.075920 - val 0.031540
Epoch 927/1500 - train 0.076566 - val 0.033612
Epoch 928/1500 - train 0.076121 - val 0.032459
Epoch 929/1500 - train 0.075647 - val 0.033155
Epoch 930/1500 - train 0.076526 - val 0.035354
Epoch 931/1500 - train 0.076547 - val 0.033993
Epoch 932/1500 - train 0.075913 - val 0.031874
Epoch 933/1500 - train 0.075949 - val 0.030247
Epoch 934/1500 - train 0.076687 - val 0.034846
Epoch 935/1500 - train 0.075393 - val 0.031496
Epoch 936/1500 - train 0.075774 - val 0.031038
Epoch 937/1500 - train 0.076356 - val 0.032855
Epoch 938/1500 - train 0.076628 - val 0.031202
Epoch 939/1500 - train 0.075954 - val 0.032455
Epoch 940/1500 - train 0.075749 - val 0.033102
Epoch 941/1500 - train 0.076440 - val 0.031243
Epoch 942/1500 - train 0.075642 - val 0.031090
Epoch 943/1500 - train 0.075899 - val 0.032692
Epoch 944/1500 - train 0.076258 - val 0.032071
Epoch 945/1500 - train 0.075522 - val 0.031325
Epoch 946/1500 - train 0.075608 - val 0.031295
Epoch 947/1500 - train 0.076182 - val 0.032544
Epoch 948/1500 - train 0.076097 - val 0.032215
Epoch 949/1500 - train 0.076165 - val 0.033906
Epoch 950/1500 - train 0.075737 - val 0.032057
Epoch 951/1500 - train 0.075926 - val 0.032297
Epoch 952/1500 - train 0.076093 - val 0.030965
Epoch 953/1500 - train 0.075478 - val 0.032052
Epoch 954/1500 - train 0.075689 - val 0.032661
Epoch 955/1500 - train 0.075653 - val 0.031060
Epoch 956/1500 - train 0.075451 - val 0.031168
Epoch 957/1500 - train 0.075549 - val 0.032580
Epoch 958/1500 - train 0.075647 - val 0.031767
Epoch 959/1500 - train 0.076367 - val 0.033298
Epoch 960/1500 - train 0.075642 - val 0.034193
Epoch 961/1500 - train 0.075999 - val 0.031707
Epoch 962/1500 - train 0.076220 - val 0.031426
Epoch 963/1500 - train 0.075514 - val 0.031780
Epoch 964/1500 - train 0.076137 - val 0.035567
Epoch 965/1500 - train 0.075712 - val 0.030985
Epoch 966/1500 - train 0.075645 - val 0.032054
Epoch 967/1500 - train 0.075487 - val 0.032624
Epoch 968/1500 - train 0.075456 - val 0.030567
Epoch 969/1500 - train 0.075495 - val 0.033224
Epoch 970/1500 - train 0.074768 - val 0.032230
Epoch 971/1500 - train 0.075334 - val 0.030128
Epoch 972/1500 - train 0.075600 - val 0.031990
Epoch 973/1500 - train 0.075731 - val 0.030844
Epoch 974/1500 - train 0.075461 - val 0.031068
Epoch 975/1500 - train 0.075264 - val 0.033176
Epoch 976/1500 - train 0.076061 - val 0.036992
Epoch 977/1500 - train 0.075377 - val 0.032091
Epoch 978/1500 - train 0.075051 - val 0.031738
Epoch 979/1500 - train 0.075832 - val 0.031480
Epoch 980/1500 - train 0.075384 - val 0.030555
Epoch 981/1500 - train 0.075703 - val 0.030555
Epoch 982/1500 - train 0.075307 - val 0.030116
Epoch 983/1500 - train 0.075083 - val 0.033391
Epoch 984/1500 - train 0.074963 - val 0.036215
Epoch 985/1500 - train 0.075582 - val 0.031499
Epoch 986/1500 - train 0.074903 - val 0.033776
Epoch 987/1500 - train 0.075405 - val 0.030710
Epoch 988/1500 - train 0.075341 - val 0.034793
Epoch 989/1500 - train 0.074749 - val 0.033027
Epoch 990/1500 - train 0.075257 - val 0.032561
Epoch 991/1500 - train 0.075770 - val 0.031249
Epoch 992/1500 - train 0.074927 - val 0.036192
Epoch 993/1500 - train 0.074377 - val 0.033448
Epoch 994/1500 - train 0.075765 - val 0.030913
Epoch 995/1500 - train 0.075103 - val 0.031195
Epoch 996/1500 - train 0.075452 - val 0.034293
Epoch 997/1500 - train 0.075587 - val 0.031449
Epoch 998/1500 - train 0.075317 - val 0.031385
Epoch 999/1500 - train 0.074665 - val 0.031310
Epoch 1000/1500 - train 0.074633 - val 0.030125
Epoch 1001/1500 - train 0.075598 - val 0.038273
Epoch 1002/1500 - train 0.074864 - val 0.031218
Epoch 1003/1500 - train 0.074521 - val 0.030754
Epoch 1004/1500 - train 0.075545 - val 0.029358
Epoch 1005/1500 - train 0.075267 - val 0.030533
Epoch 1006/1500 - train 0.075512 - val 0.032216
Epoch 1007/1500 - train 0.075043 - val 0.031449
Epoch 1008/1500 - train 0.075118 - val 0.031284
Epoch 1009/1500 - train 0.074730 - val 0.031090
Epoch 1010/1500 - train 0.074687 - val 0.031107
Epoch 1011/1500 - train 0.074529 - val 0.031377
Epoch 1012/1500 - train 0.074135 - val 0.032754
Epoch 1013/1500 - train 0.074579 - val 0.028871
Epoch 1014/1500 - train 0.074965 - val 0.033167
Epoch 1015/1500 - train 0.075062 - val 0.037748
Epoch 1016/1500 - train 0.074853 - val 0.032036
Epoch 1017/1500 - train 0.075032 - val 0.032190
Epoch 1018/1500 - train 0.074590 - val 0.033818
Epoch 1019/1500 - train 0.075214 - val 0.030569
Epoch 1020/1500 - train 0.074707 - val 0.038041
Epoch 1021/1500 - train 0.074797 - val 0.030070
Epoch 1022/1500 - train 0.074445 - val 0.031105
Epoch 1023/1500 - train 0.074881 - val 0.032430
Epoch 1024/1500 - train 0.074727 - val 0.030169
Epoch 1025/1500 - train 0.074315 - val 0.033051
Epoch 1026/1500 - train 0.074903 - val 0.029348
Epoch 1027/1500 - train 0.074481 - val 0.030122
Epoch 1028/1500 - train 0.074713 - val 0.030884
Epoch 1029/1500 - train 0.074301 - val 0.030690
Epoch 1030/1500 - train 0.074973 - val 0.032390
Epoch 1031/1500 - train 0.074962 - val 0.030327
Epoch 1032/1500 - train 0.074746 - val 0.031901
Epoch 1033/1500 - train 0.074356 - val 0.029874
Epoch 1034/1500 - train 0.074531 - val 0.029765
Epoch 1035/1500 - train 0.074655 - val 0.030360
Epoch 1036/1500 - train 0.074642 - val 0.029646
Epoch 1037/1500 - train 0.074690 - val 0.031532
Epoch 1038/1500 - train 0.074313 - val 0.034791
Epoch 1039/1500 - train 0.074868 - val 0.032073
Epoch 1040/1500 - train 0.074109 - val 0.034456
Epoch 1041/1500 - train 0.074711 - val 0.029682
Epoch 1042/1500 - train 0.074685 - val 0.033461
Epoch 1043/1500 - train 0.074356 - val 0.029769
Epoch 1044/1500 - train 0.074575 - val 0.030394
Epoch 1045/1500 - train 0.074628 - val 0.030487
Epoch 1046/1500 - train 0.074783 - val 0.030664
Epoch 1047/1500 - train 0.074389 - val 0.032426
Epoch 1048/1500 - train 0.074256 - val 0.030301
Epoch 1049/1500 - train 0.073974 - val 0.032498
Epoch 1050/1500 - train 0.074141 - val 0.031105
Epoch 1051/1500 - train 0.074331 - val 0.031622
Epoch 1052/1500 - train 0.074390 - val 0.037049
Epoch 1053/1500 - train 0.073941 - val 0.030735
Epoch 1054/1500 - train 0.074219 - val 0.030593
Epoch 1055/1500 - train 0.074525 - val 0.033360
Epoch 1056/1500 - train 0.074492 - val 0.037296
Epoch 1057/1500 - train 0.074397 - val 0.030455
Epoch 1058/1500 - train 0.074514 - val 0.029733
Epoch 1059/1500 - train 0.073404 - val 0.031297
Epoch 1060/1500 - train 0.073571 - val 0.032470
Epoch 1061/1500 - train 0.074211 - val 0.030077
Epoch 1062/1500 - train 0.074124 - val 0.033034
Epoch 1063/1500 - train 0.074805 - val 0.030955
Epoch 1064/1500 - train 0.074633 - val 0.037198
Epoch 1065/1500 - train 0.074595 - val 0.030145
Epoch 1066/1500 - train 0.074356 - val 0.030709
Epoch 1067/1500 - train 0.073544 - val 0.032520
Epoch 1068/1500 - train 0.073419 - val 0.035387
Epoch 1069/1500 - train 0.074361 - val 0.031030
Epoch 1070/1500 - train 0.073655 - val 0.030678
Epoch 1071/1500 - train 0.074302 - val 0.029285
Epoch 1072/1500 - train 0.074057 - val 0.031658
Epoch 1073/1500 - train 0.073952 - val 0.035653
Epoch 1074/1500 - train 0.074010 - val 0.029508
Epoch 1075/1500 - train 0.073389 - val 0.030529
Epoch 1076/1500 - train 0.073972 - val 0.029832
Epoch 1077/1500 - train 0.074952 - val 0.032512
Epoch 1078/1500 - train 0.073431 - val 0.029557
Epoch 1079/1500 - train 0.074266 - val 0.028621
Epoch 1080/1500 - train 0.073771 - val 0.030058
Epoch 1081/1500 - train 0.074405 - val 0.031024
Epoch 1082/1500 - train 0.073809 - val 0.030834
Epoch 1083/1500 - train 0.074123 - val 0.032467
Epoch 1084/1500 - train 0.074024 - val 0.031595
Epoch 1085/1500 - train 0.073760 - val 0.030773
Epoch 1086/1500 - train 0.074004 - val 0.030169
Epoch 1087/1500 - train 0.074184 - val 0.031398
Epoch 1088/1500 - train 0.074048 - val 0.029272
Epoch 1089/1500 - train 0.073476 - val 0.032742
Epoch 1090/1500 - train 0.073028 - val 0.029358
Epoch 1091/1500 - train 0.073616 - val 0.034600
Epoch 1092/1500 - train 0.074234 - val 0.028830
Epoch 1093/1500 - train 0.073926 - val 0.029775
Epoch 1094/1500 - train 0.074224 - val 0.034715
Epoch 1095/1500 - train 0.073651 - val 0.032487
Epoch 1096/1500 - train 0.073227 - val 0.029044
Epoch 1097/1500 - train 0.073445 - val 0.029587
Epoch 1098/1500 - train 0.073775 - val 0.031782
Epoch 1099/1500 - train 0.073764 - val 0.030851
Epoch 1100/1500 - train 0.073548 - val 0.029725
Epoch 1101/1500 - train 0.073410 - val 0.030159
Epoch 1102/1500 - train 0.073703 - val 0.033942
Epoch 1103/1500 - train 0.073839 - val 0.030590
Epoch 1104/1500 - train 0.074064 - val 0.032847
Epoch 1105/1500 - train 0.073945 - val 0.029606
Epoch 1106/1500 - train 0.074349 - val 0.028678
Epoch 1107/1500 - train 0.072908 - val 0.031985
Epoch 1108/1500 - train 0.073464 - val 0.030539
Epoch 1109/1500 - train 0.073522 - val 0.029479
Epoch 1110/1500 - train 0.073141 - val 0.030532
Epoch 1111/1500 - train 0.073079 - val 0.030696
Epoch 1112/1500 - train 0.073868 - val 0.029770
Epoch 1113/1500 - train 0.073520 - val 0.032825
Epoch 1114/1500 - train 0.073349 - val 0.029269
Epoch 1115/1500 - train 0.073315 - val 0.030985
Epoch 1116/1500 - train 0.073157 - val 0.029881
Epoch 1117/1500 - train 0.072913 - val 0.034308
Epoch 1118/1500 - train 0.073070 - val 0.029317
Epoch 1119/1500 - train 0.073656 - val 0.031089
Epoch 1120/1500 - train 0.073310 - val 0.029732
Epoch 1121/1500 - train 0.074709 - val 0.030524
Epoch 1122/1500 - train 0.072963 - val 0.028110
Epoch 1123/1500 - train 0.073109 - val 0.028631
Epoch 1124/1500 - train 0.072984 - val 0.028360
Epoch 1125/1500 - train 0.073596 - val 0.031969
Epoch 1126/1500 - train 0.073007 - val 0.033424
Epoch 1127/1500 - train 0.073101 - val 0.029932
Epoch 1128/1500 - train 0.072922 - val 0.030782
Epoch 1129/1500 - train 0.073010 - val 0.030090
Epoch 1130/1500 - train 0.073364 - val 0.029716
Epoch 1131/1500 - train 0.073824 - val 0.030189
Epoch 1132/1500 - train 0.073146 - val 0.030261
Epoch 1133/1500 - train 0.072652 - val 0.029616
Epoch 1134/1500 - train 0.073208 - val 0.028947
Epoch 1135/1500 - train 0.072626 - val 0.029739
Epoch 1136/1500 - train 0.073390 - val 0.031901
Epoch 1137/1500 - train 0.073169 - val 0.031105
Epoch 1138/1500 - train 0.073373 - val 0.038643
Epoch 1139/1500 - train 0.072737 - val 0.028882
Epoch 1140/1500 - train 0.072570 - val 0.030107
Epoch 1141/1500 - train 0.073604 - val 0.032397
Epoch 1142/1500 - train 0.073322 - val 0.029930
Epoch 1143/1500 - train 0.072648 - val 0.033309
Epoch 1144/1500 - train 0.072787 - val 0.029400
Epoch 1145/1500 - train 0.073162 - val 0.033868
Epoch 1146/1500 - train 0.073066 - val 0.028902
Epoch 1147/1500 - train 0.073246 - val 0.030460
Epoch 1148/1500 - train 0.073215 - val 0.031419
Epoch 1149/1500 - train 0.072367 - val 0.032737
Epoch 1150/1500 - train 0.072133 - val 0.031543
Epoch 1151/1500 - train 0.073101 - val 0.036466
Epoch 1152/1500 - train 0.072867 - val 0.039514
Epoch 1153/1500 - train 0.072728 - val 0.029218
Epoch 1154/1500 - train 0.072602 - val 0.030585
Epoch 1155/1500 - train 0.072818 - val 0.034263
Epoch 1156/1500 - train 0.072681 - val 0.029823
Epoch 1157/1500 - train 0.072710 - val 0.029278
Epoch 1158/1500 - train 0.072696 - val 0.029293
Epoch 1159/1500 - train 0.072574 - val 0.029582
Epoch 1160/1500 - train 0.073403 - val 0.031054
Epoch 1161/1500 - train 0.072379 - val 0.028860
Epoch 1162/1500 - train 0.072193 - val 0.028422
Epoch 1163/1500 - train 0.072054 - val 0.029699
Epoch 1164/1500 - train 0.071945 - val 0.029896
Epoch 1165/1500 - train 0.072909 - val 0.028206
Epoch 1166/1500 - train 0.072435 - val 0.030391
Epoch 1167/1500 - train 0.072760 - val 0.032475
Epoch 1168/1500 - train 0.072383 - val 0.034948
Epoch 1169/1500 - train 0.072834 - val 0.031975
Epoch 1170/1500 - train 0.073388 - val 0.028494
Epoch 1171/1500 - train 0.072106 - val 0.030861
Epoch 1172/1500 - train 0.072608 - val 0.030657
Epoch 1173/1500 - train 0.071856 - val 0.034831
Epoch 1174/1500 - train 0.072216 - val 0.029354
Epoch 1175/1500 - train 0.072344 - val 0.030362
Epoch 1176/1500 - train 0.072619 - val 0.030193
Epoch 1177/1500 - train 0.072243 - val 0.028390
Epoch 1178/1500 - train 0.072515 - val 0.033293
Epoch 1179/1500 - train 0.071760 - val 0.028548
Epoch 1180/1500 - train 0.072168 - val 0.028507
Epoch 1181/1500 - train 0.071941 - val 0.029485
Epoch 1182/1500 - train 0.072179 - val 0.030503
Epoch 1183/1500 - train 0.072356 - val 0.031020
Epoch 1184/1500 - train 0.072294 - val 0.029708
Epoch 1185/1500 - train 0.071700 - val 0.029485
Epoch 1186/1500 - train 0.072967 - val 0.028966
Epoch 1187/1500 - train 0.071780 - val 0.030052
Epoch 1188/1500 - train 0.072294 - val 0.029824
Epoch 1189/1500 - train 0.071510 - val 0.031271
Epoch 1190/1500 - train 0.071982 - val 0.032106
Epoch 1191/1500 - train 0.071717 - val 0.031911
Epoch 1192/1500 - train 0.072274 - val 0.029662
Epoch 1193/1500 - train 0.072007 - val 0.031706
Epoch 1194/1500 - train 0.072061 - val 0.028679
Epoch 1195/1500 - train 0.071763 - val 0.034068
Epoch 1196/1500 - train 0.071783 - val 0.030619
Epoch 1197/1500 - train 0.071704 - val 0.029112
Epoch 1198/1500 - train 0.072037 - val 0.035238
Epoch 1199/1500 - train 0.071168 - val 0.028293
Epoch 1200/1500 - train 0.071481 - val 0.031924
Epoch 1201/1500 - train 0.072503 - val 0.030666
Epoch 1202/1500 - train 0.071584 - val 0.027824
Epoch 1203/1500 - train 0.071984 - val 0.030190
Epoch 1204/1500 - train 0.071300 - val 0.028539
Epoch 1205/1500 - train 0.071916 - val 0.029268
Epoch 1206/1500 - train 0.072176 - val 0.032969
Epoch 1207/1500 - train 0.071756 - val 0.031186
Epoch 1208/1500 - train 0.071568 - val 0.028483
Epoch 1209/1500 - train 0.071196 - val 0.029800
Epoch 1210/1500 - train 0.072093 - val 0.031619
Epoch 1211/1500 - train 0.071674 - val 0.039148
Epoch 1212/1500 - train 0.071712 - val 0.029679
Epoch 1213/1500 - train 0.071200 - val 0.028422
Epoch 1214/1500 - train 0.072048 - val 0.031768
Epoch 1215/1500 - train 0.071603 - val 0.032169
Epoch 1216/1500 - train 0.071246 - val 0.027435
Epoch 1217/1500 - train 0.071424 - val 0.031389
Epoch 1218/1500 - train 0.071710 - val 0.029784
Epoch 1219/1500 - train 0.071154 - val 0.028651
Epoch 1220/1500 - train 0.071093 - val 0.029326
Epoch 1221/1500 - train 0.072048 - val 0.034037
Epoch 1222/1500 - train 0.071668 - val 0.028231
Epoch 1223/1500 - train 0.071318 - val 0.030390
Epoch 1224/1500 - train 0.071481 - val 0.030505
Epoch 1225/1500 - train 0.072152 - val 0.028749
Epoch 1226/1500 - train 0.071942 - val 0.027524
Epoch 1227/1500 - train 0.070577 - val 0.028033
Epoch 1228/1500 - train 0.071536 - val 0.028035
Epoch 1229/1500 - train 0.071279 - val 0.030037
Epoch 1230/1500 - train 0.071140 - val 0.028726
Epoch 1231/1500 - train 0.070968 - val 0.028163
Epoch 1232/1500 - train 0.071163 - val 0.028309
Epoch 1233/1500 - train 0.071026 - val 0.028075
Epoch 1234/1500 - train 0.071181 - val 0.030778
Epoch 1235/1500 - train 0.071581 - val 0.028541
Epoch 1236/1500 - train 0.071491 - val 0.027736
Epoch 1237/1500 - train 0.071154 - val 0.030924
Epoch 1238/1500 - train 0.071549 - val 0.029114
Epoch 1239/1500 - train 0.070826 - val 0.028533
Epoch 1240/1500 - train 0.071575 - val 0.033131
Epoch 1241/1500 - train 0.071713 - val 0.028332
Epoch 1242/1500 - train 0.070941 - val 0.028619
Epoch 1243/1500 - train 0.071008 - val 0.028320
Epoch 1244/1500 - train 0.071320 - val 0.028944
Epoch 1245/1500 - train 0.071688 - val 0.032263
Epoch 1246/1500 - train 0.071562 - val 0.028237
Epoch 1247/1500 - train 0.070752 - val 0.029347
Epoch 1248/1500 - train 0.070649 - val 0.032018
Epoch 1249/1500 - train 0.071344 - val 0.028232
Epoch 1250/1500 - train 0.071088 - val 0.030559
Epoch 1251/1500 - train 0.070193 - val 0.027317
Epoch 1252/1500 - train 0.070915 - val 0.029854
Epoch 1253/1500 - train 0.071243 - val 0.029897
Epoch 1254/1500 - train 0.070881 - val 0.030403
Epoch 1255/1500 - train 0.070793 - val 0.028792
Epoch 1256/1500 - train 0.071137 - val 0.035546
Epoch 1257/1500 - train 0.071680 - val 0.028466
Epoch 1258/1500 - train 0.070774 - val 0.027641
Epoch 1259/1500 - train 0.070869 - val 0.028227
Epoch 1260/1500 - train 0.071047 - val 0.031193
Epoch 1261/1500 - train 0.070181 - val 0.028964
Epoch 1262/1500 - train 0.071547 - val 0.026922
Epoch 1263/1500 - train 0.070255 - val 0.029872
Epoch 1264/1500 - train 0.071354 - val 0.031473
Epoch 1265/1500 - train 0.071171 - val 0.029845
Epoch 1266/1500 - train 0.070705 - val 0.027992
Epoch 1267/1500 - train 0.070721 - val 0.027468
Epoch 1268/1500 - train 0.070289 - val 0.027363
Epoch 1269/1500 - train 0.071260 - val 0.030469
Epoch 1270/1500 - train 0.070427 - val 0.027519
Epoch 1271/1500 - train 0.070555 - val 0.034084
Epoch 1272/1500 - train 0.071355 - val 0.031025
Epoch 1273/1500 - train 0.070797 - val 0.031448
Epoch 1274/1500 - train 0.070469 - val 0.027796
Epoch 1275/1500 - train 0.070994 - val 0.027470
Epoch 1276/1500 - train 0.070471 - val 0.030557
Epoch 1277/1500 - train 0.071462 - val 0.030870
Epoch 1278/1500 - train 0.070573 - val 0.035929
Epoch 1279/1500 - train 0.071193 - val 0.031837
Epoch 1280/1500 - train 0.070250 - val 0.028631
Epoch 1281/1500 - train 0.070825 - val 0.028946
Epoch 1282/1500 - train 0.070466 - val 0.027994
Epoch 1283/1500 - train 0.070497 - val 0.030145
Epoch 1284/1500 - train 0.070455 - val 0.030545
Epoch 1285/1500 - train 0.070399 - val 0.027344
Epoch 1286/1500 - train 0.070633 - val 0.027314
Epoch 1287/1500 - train 0.070795 - val 0.028151
Epoch 1288/1500 - train 0.070846 - val 0.027512
Epoch 1289/1500 - train 0.070581 - val 0.028618
Epoch 1290/1500 - train 0.070245 - val 0.028146
Epoch 1291/1500 - train 0.071015 - val 0.030868
Epoch 1292/1500 - train 0.071108 - val 0.029174
Epoch 1293/1500 - train 0.070326 - val 0.026949
Epoch 1294/1500 - train 0.070226 - val 0.028086
Epoch 1295/1500 - train 0.070757 - val 0.028061
Epoch 1296/1500 - train 0.070987 - val 0.028244
Epoch 1297/1500 - train 0.070066 - val 0.027913
Epoch 1298/1500 - train 0.070228 - val 0.027228
Epoch 1299/1500 - train 0.070603 - val 0.031752
Epoch 1300/1500 - train 0.070226 - val 0.030653
Epoch 1301/1500 - train 0.070636 - val 0.032742
Epoch 1302/1500 - train 0.070253 - val 0.030151
Epoch 1303/1500 - train 0.070521 - val 0.029764
Epoch 1304/1500 - train 0.070339 - val 0.028697
Epoch 1305/1500 - train 0.070610 - val 0.029940
Epoch 1306/1500 - train 0.070047 - val 0.029492
Epoch 1307/1500 - train 0.070407 - val 0.028368
Epoch 1308/1500 - train 0.070554 - val 0.029437
Epoch 1309/1500 - train 0.070207 - val 0.029612
Epoch 1310/1500 - train 0.070437 - val 0.027892
Epoch 1311/1500 - train 0.070401 - val 0.029471
Epoch 1312/1500 - train 0.070250 - val 0.027609
Epoch 1313/1500 - train 0.070675 - val 0.029247
Epoch 1314/1500 - train 0.069965 - val 0.031537
Epoch 1315/1500 - train 0.070278 - val 0.027441
Epoch 1316/1500 - train 0.070095 - val 0.027770
Epoch 1317/1500 - train 0.070501 - val 0.028507
Epoch 1318/1500 - train 0.069918 - val 0.028654
Epoch 1319/1500 - train 0.070103 - val 0.034035
Epoch 1320/1500 - train 0.069816 - val 0.027563
Epoch 1321/1500 - train 0.070263 - val 0.026876
Epoch 1322/1500 - train 0.069939 - val 0.027482
Epoch 1323/1500 - train 0.070359 - val 0.029223
Epoch 1324/1500 - train 0.070166 - val 0.029124
Epoch 1325/1500 - train 0.070012 - val 0.027979
Epoch 1326/1500 - train 0.069947 - val 0.033175
Epoch 1327/1500 - train 0.069923 - val 0.028615
Epoch 1328/1500 - train 0.070154 - val 0.027143
Epoch 1329/1500 - train 0.069509 - val 0.027747
Epoch 1330/1500 - train 0.070900 - val 0.028254
Epoch 1331/1500 - train 0.070025 - val 0.027513
Epoch 1332/1500 - train 0.070980 - val 0.028019
Epoch 1333/1500 - train 0.069341 - val 0.028450
Epoch 1334/1500 - train 0.069703 - val 0.028808
Epoch 1335/1500 - train 0.069828 - val 0.029199
Epoch 1336/1500 - train 0.070521 - val 0.029935
Epoch 1337/1500 - train 0.070225 - val 0.027907
Epoch 1338/1500 - train 0.070089 - val 0.035864
Epoch 1339/1500 - train 0.070608 - val 0.037851
Epoch 1340/1500 - train 0.070271 - val 0.028226
Epoch 1341/1500 - train 0.069433 - val 0.029378
Epoch 1342/1500 - train 0.070643 - val 0.026470
Epoch 1343/1500 - train 0.070106 - val 0.027318
Epoch 1344/1500 - train 0.070167 - val 0.032560
Epoch 1345/1500 - train 0.069813 - val 0.033463
Epoch 1346/1500 - train 0.070070 - val 0.028146
Epoch 1347/1500 - train 0.069188 - val 0.027236
Epoch 1348/1500 - train 0.069962 - val 0.030946
Epoch 1349/1500 - train 0.069561 - val 0.030271
Epoch 1350/1500 - train 0.069901 - val 0.030156
Epoch 1351/1500 - train 0.069985 - val 0.027751
Epoch 1352/1500 - train 0.069679 - val 0.029372
Epoch 1353/1500 - train 0.069323 - val 0.027315
Epoch 1354/1500 - train 0.070673 - val 0.031096
Epoch 1355/1500 - train 0.069644 - val 0.026904
Epoch 1356/1500 - train 0.069952 - val 0.026694
Epoch 1357/1500 - train 0.069881 - val 0.028678
Epoch 1358/1500 - train 0.070212 - val 0.027160
Epoch 1359/1500 - train 0.069810 - val 0.028561
Epoch 1360/1500 - train 0.069852 - val 0.034912
Epoch 1361/1500 - train 0.069491 - val 0.028361
Epoch 1362/1500 - train 0.069754 - val 0.027493
Epoch 1363/1500 - train 0.070317 - val 0.033766
Epoch 1364/1500 - train 0.069516 - val 0.027539
Epoch 1365/1500 - train 0.069439 - val 0.027674
Epoch 1366/1500 - train 0.070186 - val 0.030094
Epoch 1367/1500 - train 0.069404 - val 0.027307
Epoch 1368/1500 - train 0.069242 - val 0.029066
Epoch 1369/1500 - train 0.070208 - val 0.026536
Epoch 1370/1500 - train 0.069435 - val 0.029321
Epoch 1371/1500 - train 0.069412 - val 0.028465
Epoch 1372/1500 - train 0.069279 - val 0.027844
Epoch 1373/1500 - train 0.069004 - val 0.029143
Epoch 1374/1500 - train 0.069710 - val 0.026382
Epoch 1375/1500 - train 0.070164 - val 0.031928
Epoch 1376/1500 - train 0.069299 - val 0.029288
Epoch 1377/1500 - train 0.069534 - val 0.027204
Epoch 1378/1500 - train 0.069804 - val 0.028752
Epoch 1379/1500 - train 0.069351 - val 0.027477
Epoch 1380/1500 - train 0.069651 - val 0.031417
Epoch 1381/1500 - train 0.069292 - val 0.028581
Epoch 1382/1500 - train 0.069717 - val 0.031097
Epoch 1383/1500 - train 0.069547 - val 0.031421
Epoch 1384/1500 - train 0.069144 - val 0.028270
Epoch 1385/1500 - train 0.069811 - val 0.028759
Epoch 1386/1500 - train 0.068710 - val 0.029280
Epoch 1387/1500 - train 0.069481 - val 0.028590
Epoch 1388/1500 - train 0.069459 - val 0.036008
Epoch 1389/1500 - train 0.069396 - val 0.031382
Epoch 1390/1500 - train 0.069387 - val 0.031581
Epoch 1391/1500 - train 0.069629 - val 0.027887
Epoch 1392/1500 - train 0.069215 - val 0.028329
Epoch 1393/1500 - train 0.069596 - val 0.028073
Epoch 1394/1500 - train 0.069347 - val 0.026579
Epoch 1395/1500 - train 0.069113 - val 0.026474
Epoch 1396/1500 - train 0.069893 - val 0.027522
Epoch 1397/1500 - train 0.069651 - val 0.027500
Epoch 1398/1500 - train 0.069220 - val 0.030522
Epoch 1399/1500 - train 0.069087 - val 0.026681
Epoch 1400/1500 - train 0.069473 - val 0.030696
Epoch 1401/1500 - train 0.069045 - val 0.026963
Epoch 1402/1500 - train 0.069123 - val 0.027431
Epoch 1403/1500 - train 0.068942 - val 0.029451
Epoch 1404/1500 - train 0.069254 - val 0.026735
Epoch 1405/1500 - train 0.069092 - val 0.028047
Epoch 1406/1500 - train 0.069157 - val 0.027450
Epoch 1407/1500 - train 0.069306 - val 0.031225
Epoch 1408/1500 - train 0.069201 - val 0.026809
Epoch 1409/1500 - train 0.069331 - val 0.026615
Epoch 1410/1500 - train 0.069710 - val 0.030034
Epoch 1411/1500 - train 0.069137 - val 0.030093
Epoch 1412/1500 - train 0.069063 - val 0.026491
Epoch 1413/1500 - train 0.068853 - val 0.027538
Epoch 1414/1500 - train 0.068850 - val 0.030202
Epoch 1415/1500 - train 0.069104 - val 0.030387
Epoch 1416/1500 - train 0.069297 - val 0.028415
Epoch 1417/1500 - train 0.069271 - val 0.028813
Epoch 1418/1500 - train 0.068595 - val 0.029406
Epoch 1419/1500 - train 0.070011 - val 0.026752
Epoch 1420/1500 - train 0.068790 - val 0.027317
Epoch 1421/1500 - train 0.069280 - val 0.028186
Epoch 1422/1500 - train 0.069148 - val 0.027926
Epoch 1423/1500 - train 0.068540 - val 0.025710
Epoch 1424/1500 - train 0.069663 - val 0.027052
Epoch 1425/1500 - train 0.069085 - val 0.029371
Epoch 1426/1500 - train 0.068678 - val 0.026090
Epoch 1427/1500 - train 0.068959 - val 0.026219
Epoch 1428/1500 - train 0.068581 - val 0.027854
Epoch 1429/1500 - train 0.069092 - val 0.026965
Epoch 1430/1500 - train 0.068640 - val 0.028183
Epoch 1431/1500 - train 0.068922 - val 0.026010
Epoch 1432/1500 - train 0.069636 - val 0.027205
Epoch 1433/1500 - train 0.068570 - val 0.032246
Epoch 1434/1500 - train 0.069248 - val 0.028362
Epoch 1435/1500 - train 0.068612 - val 0.028495
Epoch 1436/1500 - train 0.069066 - val 0.027668
Epoch 1437/1500 - train 0.068427 - val 0.027269
Epoch 1438/1500 - train 0.068755 - val 0.026110
Epoch 1439/1500 - train 0.069062 - val 0.027272
Epoch 1440/1500 - train 0.069501 - val 0.026481
Epoch 1441/1500 - train 0.068768 - val 0.026764
Epoch 1442/1500 - train 0.068858 - val 0.028263
Epoch 1443/1500 - train 0.069358 - val 0.031756
Epoch 1444/1500 - train 0.069090 - val 0.030573
Epoch 1445/1500 - train 0.068268 - val 0.027311
Epoch 1446/1500 - train 0.068791 - val 0.030177
Epoch 1447/1500 - train 0.068935 - val 0.026748
Epoch 1448/1500 - train 0.068918 - val 0.028851
Epoch 1449/1500 - train 0.068394 - val 0.027707
Epoch 1450/1500 - train 0.069053 - val 0.031045
Epoch 1451/1500 - train 0.069717 - val 0.025352
Epoch 1452/1500 - train 0.068559 - val 0.026276
Epoch 1453/1500 - train 0.069147 - val 0.027404
Epoch 1454/1500 - train 0.068324 - val 0.026040
Epoch 1455/1500 - train 0.069015 - val 0.028582
Epoch 1456/1500 - train 0.068798 - val 0.026804
Epoch 1457/1500 - train 0.068797 - val 0.026295
Epoch 1458/1500 - train 0.068816 - val 0.026505
Epoch 1459/1500 - train 0.069057 - val 0.028222
Epoch 1460/1500 - train 0.069069 - val 0.032885
Epoch 1461/1500 - train 0.068471 - val 0.026854
Epoch 1462/1500 - train 0.068452 - val 0.026142
Epoch 1463/1500 - train 0.068412 - val 0.027894
Epoch 1464/1500 - train 0.068736 - val 0.026860
Epoch 1465/1500 - train 0.068708 - val 0.026587
Epoch 1466/1500 - train 0.068469 - val 0.030819
Epoch 1467/1500 - train 0.068389 - val 0.027615
Epoch 1468/1500 - train 0.068665 - val 0.028170
Epoch 1469/1500 - train 0.068620 - val 0.028034
Epoch 1470/1500 - train 0.068607 - val 0.026881
Epoch 1471/1500 - train 0.068694 - val 0.026879
Epoch 1472/1500 - train 0.068390 - val 0.029127
Epoch 1473/1500 - train 0.068778 - val 0.026916
Epoch 1474/1500 - train 0.068925 - val 0.025957
Epoch 1475/1500 - train 0.068734 - val 0.033205
Epoch 1476/1500 - train 0.068350 - val 0.027052
Epoch 1477/1500 - train 0.068364 - val 0.028827
Epoch 1478/1500 - train 0.068670 - val 0.026145
Epoch 1479/1500 - train 0.068590 - val 0.027016
Epoch 1480/1500 - train 0.068388 - val 0.028496
Epoch 1481/1500 - train 0.068870 - val 0.026965
Epoch 1482/1500 - train 0.068674 - val 0.025717
Epoch 1483/1500 - train 0.068072 - val 0.027844
Epoch 1484/1500 - train 0.068170 - val 0.026682
Epoch 1485/1500 - train 0.068422 - val 0.026606
Epoch 1486/1500 - train 0.068497 - val 0.028038
Epoch 1487/1500 - train 0.068261 - val 0.026171
Epoch 1488/1500 - train 0.068953 - val 0.027605
Epoch 1489/1500 - train 0.068414 - val 0.031636
Epoch 1490/1500 - train 0.068830 - val 0.025698
Epoch 1491/1500 - train 0.068882 - val 0.027823
Epoch 1492/1500 - train 0.068011 - val 0.025988
Epoch 1493/1500 - train 0.067901 - val 0.026820
Epoch 1494/1500 - train 0.068599 - val 0.027858
Epoch 1495/1500 - train 0.068598 - val 0.026522
Epoch 1496/1500 - train 0.067662 - val 0.025383
Epoch 1497/1500 - train 0.069156 - val 0.026826
Epoch 1498/1500 - train 0.068569 - val 0.029050
Epoch 1499/1500 - train 0.068216 - val 0.027375
Epoch 1500/1500 - train 0.068483 - val 0.027009
Saved model to /scratch/network/ak9088/NASA-RL-Wavefront-Control/RL/jobs/20251225_000638/exp-fc1-zscore-ep1500-bs256-lr1e-3-s42-h128-64-images-do0.1/fc1_best.pth
