y: [[-8.89294595e-02  3.68765652e-01 -3.35200205e-02 ... -2.49889821e-01
   1.67958364e-02  4.47161561e-08]
 [-1.95354253e-01  3.17699492e-01  3.17823112e-01 ...  1.36494249e-01
  -1.03578465e-02  4.47161561e-08]
 [-2.90432423e-01 -1.80993274e-01  2.23017558e-01 ... -2.44340330e-01
  -2.15393677e-02  4.47161597e-08]
 ...
 [ 2.77905110e-02 -3.24629903e-01  2.85629988e-01 ...  5.68953492e-02
  -8.27765688e-02  4.47161561e-08]
 [-2.45659456e-01 -2.43513435e-01  6.57291114e-01 ...  1.29223362e-01
  -6.41752034e-02  4.47161597e-08]
 [-1.38641492e-01  1.17867850e-01  3.85931842e-02 ...  1.19241446e-01
  -2.43191440e-02  4.47161561e-08]]
Dataset loaded: N=100000 (original 100000), C=3, H=20, W=20, y_dim=26
using device: cpu
Epoch 1/1500 - train 0.431110 - val 0.288308
Epoch 2/1500 - train 0.257273 - val 0.241437
Epoch 3/1500 - train 0.213713 - val 0.212781
Epoch 4/1500 - train 0.183518 - val 0.165627
Epoch 5/1500 - train 0.161145 - val 0.169330
Epoch 6/1500 - train 0.148450 - val 0.143856
Epoch 7/1500 - train 0.136590 - val 0.132308
Epoch 8/1500 - train 0.131244 - val 0.123238
Epoch 9/1500 - train 0.123931 - val 0.121962
Epoch 10/1500 - train 0.119943 - val 0.154995
Epoch 11/1500 - train 0.117681 - val 0.113534
Epoch 12/1500 - train 0.113994 - val 0.113876
Epoch 13/1500 - train 0.109174 - val 0.117841
Epoch 14/1500 - train 0.105934 - val 0.112063
Epoch 15/1500 - train 0.104202 - val 0.102784
Epoch 16/1500 - train 0.104227 - val 0.101126
Epoch 17/1500 - train 0.100718 - val 0.093393
Epoch 18/1500 - train 0.100238 - val 0.108831
Epoch 19/1500 - train 0.099846 - val 0.101196
Epoch 20/1500 - train 0.098343 - val 0.092629
Epoch 21/1500 - train 0.096318 - val 0.104678
Epoch 22/1500 - train 0.098532 - val 0.094664
Epoch 23/1500 - train 0.093124 - val 0.089762
Epoch 24/1500 - train 0.095510 - val 0.108654
Epoch 25/1500 - train 0.092638 - val 0.087350
Epoch 26/1500 - train 0.092673 - val 0.089418
Epoch 27/1500 - train 0.091379 - val 0.121051
Epoch 28/1500 - train 0.094202 - val 0.090386
Epoch 29/1500 - train 0.090812 - val 0.083999
Epoch 30/1500 - train 0.091824 - val 0.088949
Epoch 31/1500 - train 0.090251 - val 0.086573
Epoch 32/1500 - train 0.091237 - val 0.086956
Epoch 33/1500 - train 0.087494 - val 0.101398
Epoch 34/1500 - train 0.089172 - val 0.085415
Epoch 35/1500 - train 0.088070 - val 0.098192
Epoch 36/1500 - train 0.089734 - val 0.085746
Epoch 37/1500 - train 0.086883 - val 0.089152
Epoch 38/1500 - train 0.085451 - val 0.141628
Epoch 39/1500 - train 0.090043 - val 0.088165
Epoch 40/1500 - train 0.086922 - val 0.097022
Epoch 41/1500 - train 0.088419 - val 0.085818
Epoch 42/1500 - train 0.085314 - val 0.085131
Epoch 43/1500 - train 0.085945 - val 0.087238
Epoch 44/1500 - train 0.085696 - val 0.090844
Epoch 45/1500 - train 0.084782 - val 0.096758
Epoch 46/1500 - train 0.084942 - val 0.091087
Epoch 47/1500 - train 0.088563 - val 0.079670
Epoch 48/1500 - train 0.083621 - val 0.091812
Epoch 49/1500 - train 0.083664 - val 0.089869
Epoch 50/1500 - train 0.084775 - val 0.086694
Epoch 51/1500 - train 0.085585 - val 0.086422
Epoch 52/1500 - train 0.081891 - val 0.097133
Epoch 53/1500 - train 0.083169 - val 0.093828
Epoch 54/1500 - train 0.084650 - val 0.109378
Epoch 55/1500 - train 0.083512 - val 0.096654
Epoch 56/1500 - train 0.082555 - val 0.089342
Epoch 57/1500 - train 0.084123 - val 0.088783
Epoch 58/1500 - train 0.081173 - val 0.082746
Epoch 59/1500 - train 0.083554 - val 0.103723
Epoch 60/1500 - train 0.081038 - val 0.096355
Epoch 61/1500 - train 0.082782 - val 0.077712
Epoch 62/1500 - train 0.081035 - val 0.088559
Epoch 63/1500 - train 0.082240 - val 0.097248
Epoch 64/1500 - train 0.082433 - val 0.096940
Epoch 65/1500 - train 0.080820 - val 0.084104
Epoch 66/1500 - train 0.081405 - val 0.092862
Epoch 67/1500 - train 0.082185 - val 0.097325
Epoch 68/1500 - train 0.079727 - val 0.082482
Epoch 69/1500 - train 0.079779 - val 0.075220
Epoch 70/1500 - train 0.079189 - val 0.088220
Epoch 71/1500 - train 0.082357 - val 0.078132
Epoch 72/1500 - train 0.077925 - val 0.088763
Epoch 73/1500 - train 0.078919 - val 0.076196
Epoch 74/1500 - train 0.080504 - val 0.079748
Epoch 75/1500 - train 0.078326 - val 0.108325
Epoch 76/1500 - train 0.078997 - val 0.077028
Epoch 77/1500 - train 0.078525 - val 0.087806
Epoch 78/1500 - train 0.079809 - val 0.082680
Epoch 79/1500 - train 0.079966 - val 0.098879
Epoch 80/1500 - train 0.078041 - val 0.078598
Epoch 81/1500 - train 0.078698 - val 0.088767
Epoch 82/1500 - train 0.077165 - val 0.081399
Epoch 83/1500 - train 0.078677 - val 0.085874
Epoch 84/1500 - train 0.076502 - val 0.103587
Epoch 85/1500 - train 0.080219 - val 0.089471
Epoch 86/1500 - train 0.078111 - val 0.079348
Epoch 87/1500 - train 0.077712 - val 0.079403
Epoch 88/1500 - train 0.076109 - val 0.084985
Epoch 89/1500 - train 0.077164 - val 0.116754
Epoch 90/1500 - train 0.076994 - val 0.090042
Epoch 91/1500 - train 0.075971 - val 0.082658
Epoch 92/1500 - train 0.075467 - val 0.085978
Epoch 93/1500 - train 0.077501 - val 0.081130
Epoch 94/1500 - train 0.075603 - val 0.098826
Epoch 95/1500 - train 0.079398 - val 0.091753
Epoch 96/1500 - train 0.075358 - val 0.070955
Epoch 97/1500 - train 0.074838 - val 0.077688
Epoch 98/1500 - train 0.076353 - val 0.077791
Epoch 99/1500 - train 0.077211 - val 0.074463
Epoch 100/1500 - train 0.074294 - val 0.107454
Epoch 101/1500 - train 0.077729 - val 0.125157
Epoch 102/1500 - train 0.078013 - val 0.085958
Epoch 103/1500 - train 0.075608 - val 0.089276
Epoch 104/1500 - train 0.077300 - val 0.081391
Epoch 105/1500 - train 0.074541 - val 0.073228
Epoch 106/1500 - train 0.075861 - val 0.080153
Epoch 107/1500 - train 0.074177 - val 0.075648
Epoch 108/1500 - train 0.073531 - val 0.073808
Epoch 109/1500 - train 0.075570 - val 0.075293
Epoch 110/1500 - train 0.074750 - val 0.087688
Epoch 111/1500 - train 0.074738 - val 0.107196
Epoch 112/1500 - train 0.074662 - val 0.073635
Epoch 113/1500 - train 0.075284 - val 0.079904
Epoch 114/1500 - train 0.074188 - val 0.119718
Epoch 115/1500 - train 0.077121 - val 0.081925
Epoch 116/1500 - train 0.074219 - val 0.099528
Epoch 117/1500 - train 0.073727 - val 0.073617
Epoch 118/1500 - train 0.071898 - val 0.089407
Epoch 119/1500 - train 0.074582 - val 0.091428
Epoch 120/1500 - train 0.072775 - val 0.081745
Epoch 121/1500 - train 0.074508 - val 0.082648
Epoch 122/1500 - train 0.072940 - val 0.073002
Epoch 123/1500 - train 0.072786 - val 0.068667
Epoch 124/1500 - train 0.072956 - val 0.074972
Epoch 125/1500 - train 0.072564 - val 0.070776
Epoch 126/1500 - train 0.072236 - val 0.072573
Epoch 127/1500 - train 0.068951 - val 0.075107
Epoch 128/1500 - train 0.072707 - val 0.142907
Epoch 129/1500 - train 0.075111 - val 0.069993
Epoch 130/1500 - train 0.071151 - val 0.079611
Epoch 131/1500 - train 0.073265 - val 0.068804
Epoch 132/1500 - train 0.070368 - val 0.075440
Epoch 133/1500 - train 0.072387 - val 0.072525
Epoch 134/1500 - train 0.071072 - val 0.104233
Epoch 135/1500 - train 0.070742 - val 0.092906
Epoch 136/1500 - train 0.072200 - val 0.091208
Epoch 137/1500 - train 0.070581 - val 0.077207
Epoch 138/1500 - train 0.072049 - val 0.070805
Epoch 139/1500 - train 0.070808 - val 0.070972
Epoch 140/1500 - train 0.069586 - val 0.108511
Epoch 141/1500 - train 0.074069 - val 0.094175
Epoch 142/1500 - train 0.072839 - val 0.084760
Epoch 143/1500 - train 0.069993 - val 0.093842
Epoch 144/1500 - train 0.071916 - val 0.075852
Epoch 145/1500 - train 0.068711 - val 0.083106
Epoch 146/1500 - train 0.071179 - val 0.099610
Epoch 147/1500 - train 0.073385 - val 0.075134
Epoch 148/1500 - train 0.071646 - val 0.089938
Epoch 149/1500 - train 0.072791 - val 0.073787
Epoch 150/1500 - train 0.070433 - val 0.072063
Epoch 151/1500 - train 0.070919 - val 0.069767
Epoch 152/1500 - train 0.069088 - val 0.080860
Epoch 153/1500 - train 0.071052 - val 0.079707
Epoch 154/1500 - train 0.071268 - val 0.083220
Epoch 155/1500 - train 0.069335 - val 0.066185
Epoch 156/1500 - train 0.067784 - val 0.067962
Epoch 157/1500 - train 0.070941 - val 0.071042
Epoch 158/1500 - train 0.068800 - val 0.073176
Epoch 159/1500 - train 0.068423 - val 0.080878
Epoch 160/1500 - train 0.072688 - val 0.117329
Epoch 161/1500 - train 0.074061 - val 0.063677
Epoch 162/1500 - train 0.066624 - val 0.068630
Epoch 163/1500 - train 0.067863 - val 0.076322
Epoch 164/1500 - train 0.067172 - val 0.092154
Epoch 165/1500 - train 0.068153 - val 0.071808
Epoch 166/1500 - train 0.069856 - val 0.068848
Epoch 167/1500 - train 0.067323 - val 0.070535
Epoch 168/1500 - train 0.070570 - val 0.092344
Epoch 169/1500 - train 0.071781 - val 0.074995
Epoch 170/1500 - train 0.066993 - val 0.070885
Epoch 171/1500 - train 0.066190 - val 0.077131
Epoch 172/1500 - train 0.071917 - val 0.076715
Epoch 173/1500 - train 0.069238 - val 0.075414
Epoch 174/1500 - train 0.068558 - val 0.070269
Epoch 175/1500 - train 0.067998 - val 0.061531
Epoch 176/1500 - train 0.067303 - val 0.078398
Epoch 177/1500 - train 0.070071 - val 0.064244
Epoch 178/1500 - train 0.069761 - val 0.077646
Epoch 179/1500 - train 0.066326 - val 0.065235
Epoch 180/1500 - train 0.068012 - val 0.073035
Epoch 181/1500 - train 0.067683 - val 0.070075
Epoch 182/1500 - train 0.067711 - val 0.072512
Epoch 183/1500 - train 0.067390 - val 0.069789
Epoch 184/1500 - train 0.064601 - val 0.066738
Epoch 185/1500 - train 0.070355 - val 0.068388
Epoch 186/1500 - train 0.066739 - val 0.094181
Epoch 187/1500 - train 0.068644 - val 0.074050
Epoch 188/1500 - train 0.066807 - val 0.077489
Epoch 189/1500 - train 0.066882 - val 0.074150
Epoch 190/1500 - train 0.068155 - val 0.077012
Epoch 191/1500 - train 0.069520 - val 0.075119
Epoch 192/1500 - train 0.067671 - val 0.065763
Epoch 193/1500 - train 0.068118 - val 0.066909
Epoch 194/1500 - train 0.064418 - val 0.100335
Epoch 195/1500 - train 0.068704 - val 0.066868
Epoch 196/1500 - train 0.065756 - val 0.067641
Epoch 197/1500 - train 0.066836 - val 0.062012
Epoch 198/1500 - train 0.067595 - val 0.075687
Epoch 199/1500 - train 0.069423 - val 0.078841
Epoch 200/1500 - train 0.066898 - val 0.070494
Epoch 201/1500 - train 0.065564 - val 0.067080
Epoch 202/1500 - train 0.065191 - val 0.069540
Epoch 203/1500 - train 0.068277 - val 0.066545
Epoch 204/1500 - train 0.064789 - val 0.077217
Epoch 205/1500 - train 0.067618 - val 0.069665
Epoch 206/1500 - train 0.065408 - val 0.064362
Epoch 207/1500 - train 0.066607 - val 0.065253
Epoch 208/1500 - train 0.066604 - val 0.069956
Epoch 209/1500 - train 0.067406 - val 0.070286
Epoch 210/1500 - train 0.064941 - val 0.064974
Epoch 211/1500 - train 0.065941 - val 0.064094
Epoch 212/1500 - train 0.064351 - val 0.066425
Epoch 213/1500 - train 0.063039 - val 0.084928
Epoch 214/1500 - train 0.071024 - val 0.069283
Epoch 215/1500 - train 0.065540 - val 0.069340
Epoch 216/1500 - train 0.062725 - val 0.068219
Epoch 217/1500 - train 0.064938 - val 0.064992
Epoch 218/1500 - train 0.066127 - val 0.074105
Epoch 219/1500 - train 0.065709 - val 0.072511
Epoch 220/1500 - train 0.067666 - val 0.065981
Epoch 221/1500 - train 0.063643 - val 0.067531
Epoch 222/1500 - train 0.070137 - val 0.067297
Epoch 223/1500 - train 0.061900 - val 0.074981
Epoch 224/1500 - train 0.064568 - val 0.091931
Epoch 225/1500 - train 0.067282 - val 0.063632
Epoch 226/1500 - train 0.064667 - val 0.063018
Epoch 227/1500 - train 0.061886 - val 0.129424
Epoch 228/1500 - train 0.072307 - val 0.083176
Epoch 229/1500 - train 0.064780 - val 0.071099
Epoch 230/1500 - train 0.062832 - val 0.162547
Epoch 231/1500 - train 0.071194 - val 0.070214
Epoch 232/1500 - train 0.062861 - val 0.071631
Epoch 233/1500 - train 0.065231 - val 0.061605
Epoch 234/1500 - train 0.066732 - val 0.067557
Epoch 235/1500 - train 0.064394 - val 0.071358
Epoch 236/1500 - train 0.065633 - val 0.071183
Epoch 237/1500 - train 0.063923 - val 0.069910
Epoch 238/1500 - train 0.061842 - val 0.068057
Epoch 239/1500 - train 0.068389 - val 0.078374
Epoch 240/1500 - train 0.068097 - val 0.066629
Epoch 241/1500 - train 0.064162 - val 0.077278
Epoch 242/1500 - train 0.064753 - val 0.069211
Epoch 243/1500 - train 0.063925 - val 0.072169
Epoch 244/1500 - train 0.065408 - val 0.064444
Epoch 245/1500 - train 0.063470 - val 0.074650
Epoch 246/1500 - train 0.064605 - val 0.065398
Epoch 247/1500 - train 0.068393 - val 0.065929
Epoch 248/1500 - train 0.062050 - val 0.060690
Epoch 249/1500 - train 0.064813 - val 0.062703
Epoch 250/1500 - train 0.061784 - val 0.069780
Epoch 251/1500 - train 0.063287 - val 0.085292
Epoch 252/1500 - train 0.064568 - val 0.103889
Epoch 253/1500 - train 0.065554 - val 0.061549
Epoch 254/1500 - train 0.064938 - val 0.060929
Epoch 255/1500 - train 0.065784 - val 0.085223
Epoch 256/1500 - train 0.064118 - val 0.070838
Epoch 257/1500 - train 0.059835 - val 0.083033
Epoch 258/1500 - train 0.063989 - val 0.082088
Epoch 259/1500 - train 0.063257 - val 0.080411
Epoch 260/1500 - train 0.064147 - val 0.070451
Epoch 261/1500 - train 0.063173 - val 0.070161
Epoch 262/1500 - train 0.061992 - val 0.076612
Epoch 263/1500 - train 0.064681 - val 0.065207
Epoch 264/1500 - train 0.064804 - val 0.066691
Epoch 265/1500 - train 0.062808 - val 0.064265
Epoch 266/1500 - train 0.063858 - val 0.093724
Epoch 267/1500 - train 0.064335 - val 0.067649
Epoch 268/1500 - train 0.060934 - val 0.076090
Epoch 269/1500 - train 0.064745 - val 0.062208
Epoch 270/1500 - train 0.062194 - val 0.073158
Epoch 271/1500 - train 0.062940 - val 0.077536
Epoch 272/1500 - train 0.063491 - val 0.073295
Epoch 273/1500 - train 0.063563 - val 0.060739
Epoch 274/1500 - train 0.061825 - val 0.064622
Epoch 275/1500 - train 0.063826 - val 0.083208
Epoch 276/1500 - train 0.062578 - val 0.066149
Epoch 277/1500 - train 0.061965 - val 0.059734
Epoch 278/1500 - train 0.062222 - val 0.074039
Epoch 279/1500 - train 0.062466 - val 0.069730
Epoch 280/1500 - train 0.061539 - val 0.064524
Epoch 281/1500 - train 0.063079 - val 0.071309
Epoch 282/1500 - train 0.061602 - val 0.074981
Epoch 283/1500 - train 0.062847 - val 0.074458
Epoch 284/1500 - train 0.063669 - val 0.071698
Epoch 285/1500 - train 0.063425 - val 0.063759
Epoch 286/1500 - train 0.063765 - val 0.061203
Epoch 287/1500 - train 0.060114 - val 0.063681
Epoch 288/1500 - train 0.063698 - val 0.066025
Epoch 289/1500 - train 0.063753 - val 0.061206
Epoch 290/1500 - train 0.058985 - val 0.071519
Epoch 291/1500 - train 0.064013 - val 0.075859
Epoch 292/1500 - train 0.061754 - val 0.063563
Epoch 293/1500 - train 0.061070 - val 0.072533
Epoch 294/1500 - train 0.063419 - val 0.062599
Epoch 295/1500 - train 0.064551 - val 0.068236
Epoch 296/1500 - train 0.061256 - val 0.061916
Epoch 297/1500 - train 0.059081 - val 0.083134
Epoch 298/1500 - train 0.064106 - val 0.073727
Epoch 299/1500 - train 0.062311 - val 0.068553
Epoch 300/1500 - train 0.061304 - val 0.073637
Epoch 301/1500 - train 0.065486 - val 0.066962
Epoch 302/1500 - train 0.060978 - val 0.058115
Epoch 303/1500 - train 0.061846 - val 0.063314
Epoch 304/1500 - train 0.060785 - val 0.061180
Epoch 305/1500 - train 0.062411 - val 0.061153
Epoch 306/1500 - train 0.061247 - val 0.064587
Epoch 307/1500 - train 0.064316 - val 0.063453
Epoch 308/1500 - train 0.062138 - val 0.072468
Epoch 309/1500 - train 0.059790 - val 0.101091
Epoch 310/1500 - train 0.063879 - val 0.063873
Epoch 311/1500 - train 0.058745 - val 0.066197
Epoch 312/1500 - train 0.061788 - val 0.089793
Epoch 313/1500 - train 0.065380 - val 0.065322
Epoch 314/1500 - train 0.061273 - val 0.066125
Epoch 315/1500 - train 0.063120 - val 0.059566
Epoch 316/1500 - train 0.063355 - val 0.067044
Epoch 317/1500 - train 0.061089 - val 0.061884
Epoch 318/1500 - train 0.062483 - val 0.064758
Epoch 319/1500 - train 0.060256 - val 0.064114
Epoch 320/1500 - train 0.061523 - val 0.060899
Epoch 321/1500 - train 0.060679 - val 0.072196
Epoch 322/1500 - train 0.059820 - val 0.060439
Epoch 323/1500 - train 0.062428 - val 0.077070
Epoch 324/1500 - train 0.060693 - val 0.057859
Epoch 325/1500 - train 0.060095 - val 0.065195
Epoch 326/1500 - train 0.062040 - val 0.056650
Epoch 327/1500 - train 0.059468 - val 0.070265
Epoch 328/1500 - train 0.059983 - val 0.074553
Epoch 329/1500 - train 0.061037 - val 0.068593
Epoch 330/1500 - train 0.061493 - val 0.072232
Epoch 331/1500 - train 0.062920 - val 0.058822
Epoch 332/1500 - train 0.060254 - val 0.075802
Epoch 333/1500 - train 0.060331 - val 0.074949
Epoch 334/1500 - train 0.062034 - val 0.090305
Epoch 335/1500 - train 0.061264 - val 0.085269
Epoch 336/1500 - train 0.060732 - val 0.067205
Epoch 337/1500 - train 0.060862 - val 0.064466
Epoch 338/1500 - train 0.059894 - val 0.077730
Epoch 339/1500 - train 0.062967 - val 0.066462
Epoch 340/1500 - train 0.058970 - val 0.060814
Epoch 341/1500 - train 0.060417 - val 0.058497
Epoch 342/1500 - train 0.058736 - val 0.062706
Epoch 343/1500 - train 0.060713 - val 0.056842
Epoch 344/1500 - train 0.061220 - val 0.060118
Epoch 345/1500 - train 0.058300 - val 0.062431
Epoch 346/1500 - train 0.060157 - val 0.071027
Epoch 347/1500 - train 0.060507 - val 0.078509
Epoch 348/1500 - train 0.063672 - val 0.056996
Epoch 349/1500 - train 0.057059 - val 0.067835
Epoch 350/1500 - train 0.061193 - val 0.059840
Epoch 351/1500 - train 0.057747 - val 0.063129
Epoch 352/1500 - train 0.060291 - val 0.057345
Epoch 353/1500 - train 0.059947 - val 0.067998
Epoch 354/1500 - train 0.059144 - val 0.058856
Epoch 355/1500 - train 0.061768 - val 0.080662
Epoch 356/1500 - train 0.060703 - val 0.103849
Epoch 357/1500 - train 0.061555 - val 0.067372
Epoch 358/1500 - train 0.058853 - val 0.056725
Epoch 359/1500 - train 0.059750 - val 0.063606
Epoch 360/1500 - train 0.059706 - val 0.065950
Epoch 361/1500 - train 0.062152 - val 0.059963
Epoch 362/1500 - train 0.057881 - val 0.057022
Epoch 363/1500 - train 0.058993 - val 0.077385
Epoch 364/1500 - train 0.064973 - val 0.063056
Epoch 365/1500 - train 0.059163 - val 0.060670
Epoch 366/1500 - train 0.057631 - val 0.056339
Epoch 367/1500 - train 0.056323 - val 0.160272
Epoch 368/1500 - train 0.069956 - val 0.061185
Epoch 369/1500 - train 0.055315 - val 0.078714
Epoch 370/1500 - train 0.062429 - val 0.062191
Epoch 371/1500 - train 0.058278 - val 0.062894
Epoch 372/1500 - train 0.060440 - val 0.073607
Epoch 373/1500 - train 0.058509 - val 0.057734
Epoch 374/1500 - train 0.060015 - val 0.075206
Epoch 375/1500 - train 0.059138 - val 0.061560
Epoch 376/1500 - train 0.057981 - val 0.066670
Epoch 377/1500 - train 0.058372 - val 0.068022
Epoch 378/1500 - train 0.060837 - val 0.069580
Epoch 379/1500 - train 0.060176 - val 0.057726
Epoch 380/1500 - train 0.067749 - val 0.091379
Epoch 381/1500 - train 0.060531 - val 0.070952
Epoch 382/1500 - train 0.059533 - val 0.089504
Epoch 383/1500 - train 0.062372 - val 0.065694
Epoch 384/1500 - train 0.058522 - val 0.074193
Epoch 385/1500 - train 0.059429 - val 0.060481
Epoch 386/1500 - train 0.058658 - val 0.063285
Epoch 387/1500 - train 0.058813 - val 0.071143
Epoch 388/1500 - train 0.057091 - val 0.061603
Epoch 389/1500 - train 0.063429 - val 0.079086
Epoch 390/1500 - train 0.059515 - val 0.085223
Epoch 391/1500 - train 0.061349 - val 0.059077
Epoch 392/1500 - train 0.057022 - val 0.060106
Epoch 393/1500 - train 0.059693 - val 0.057874
Epoch 394/1500 - train 0.060193 - val 0.062037
Epoch 395/1500 - train 0.060964 - val 0.062321
Epoch 396/1500 - train 0.055628 - val 0.064420
Epoch 397/1500 - train 0.065204 - val 0.061246
Epoch 398/1500 - train 0.056175 - val 0.067342
Epoch 399/1500 - train 0.057027 - val 0.069942
Epoch 400/1500 - train 0.057519 - val 0.059692
Epoch 401/1500 - train 0.059323 - val 0.061741
Epoch 402/1500 - train 0.059327 - val 0.070910
Epoch 403/1500 - train 0.060749 - val 0.063698
Epoch 404/1500 - train 0.058604 - val 0.057255
Epoch 405/1500 - train 0.058218 - val 0.064240
Epoch 406/1500 - train 0.058409 - val 0.082568
Epoch 407/1500 - train 0.057596 - val 0.052460
Epoch 408/1500 - train 0.056121 - val 0.061766
Epoch 409/1500 - train 0.058459 - val 0.063192
Epoch 410/1500 - train 0.057964 - val 0.077698
Epoch 411/1500 - train 0.061648 - val 0.072486
Epoch 412/1500 - train 0.060755 - val 0.062644
Epoch 413/1500 - train 0.055974 - val 0.053795
Epoch 414/1500 - train 0.059883 - val 0.068443
Epoch 415/1500 - train 0.058443 - val 0.055985
Epoch 416/1500 - train 0.059526 - val 0.060471
Epoch 417/1500 - train 0.056315 - val 0.065710
Epoch 418/1500 - train 0.056000 - val 0.054805
Epoch 419/1500 - train 0.063848 - val 0.058527
Epoch 420/1500 - train 0.058164 - val 0.062576
Epoch 421/1500 - train 0.059565 - val 0.079928
Epoch 422/1500 - train 0.056555 - val 0.062760
Epoch 423/1500 - train 0.058059 - val 0.072361
Epoch 424/1500 - train 0.061121 - val 0.057990
Epoch 425/1500 - train 0.057888 - val 0.074562
Epoch 426/1500 - train 0.058746 - val 0.064315
Epoch 427/1500 - train 0.058655 - val 0.063409
Epoch 428/1500 - train 0.059896 - val 0.073903
Epoch 429/1500 - train 0.057729 - val 0.066235
Epoch 430/1500 - train 0.057930 - val 0.061688
Epoch 431/1500 - train 0.054370 - val 0.072393
Epoch 432/1500 - train 0.058058 - val 0.079543
Epoch 433/1500 - train 0.060276 - val 0.056511
Epoch 434/1500 - train 0.055469 - val 0.056875
Epoch 435/1500 - train 0.057897 - val 0.065528
Epoch 436/1500 - train 0.057160 - val 0.075393
Epoch 437/1500 - train 0.058167 - val 0.078275
Epoch 438/1500 - train 0.058974 - val 0.063356
Epoch 439/1500 - train 0.056589 - val 0.065104
Epoch 440/1500 - train 0.057448 - val 0.081199
Epoch 441/1500 - train 0.056925 - val 0.053998
Epoch 442/1500 - train 0.057033 - val 0.064179
Epoch 443/1500 - train 0.059396 - val 0.055557
Epoch 444/1500 - train 0.060131 - val 0.062560
Epoch 445/1500 - train 0.057958 - val 0.078454
Epoch 446/1500 - train 0.060083 - val 0.060931
Epoch 447/1500 - train 0.057667 - val 0.056155
Epoch 448/1500 - train 0.060461 - val 0.062509
Epoch 449/1500 - train 0.054831 - val 0.057256
Epoch 450/1500 - train 0.059938 - val 0.065202
Epoch 451/1500 - train 0.058226 - val 0.068737
Epoch 452/1500 - train 0.057069 - val 0.065663
Epoch 453/1500 - train 0.055901 - val 0.089436
Epoch 454/1500 - train 0.062132 - val 0.084621
Epoch 455/1500 - train 0.059845 - val 0.060654
Epoch 456/1500 - train 0.059715 - val 0.057706
Epoch 457/1500 - train 0.054783 - val 0.054431
Epoch 458/1500 - train 0.057313 - val 0.065815
Epoch 459/1500 - train 0.055430 - val 0.057164
Epoch 460/1500 - train 0.063789 - val 0.061718
Epoch 461/1500 - train 0.055334 - val 0.062645
Epoch 462/1500 - train 0.059550 - val 0.060837
Epoch 463/1500 - train 0.057809 - val 0.061105
Epoch 464/1500 - train 0.057328 - val 0.074000
Epoch 465/1500 - train 0.058759 - val 0.055706
Epoch 466/1500 - train 0.059039 - val 0.056017
Epoch 467/1500 - train 0.055040 - val 0.058798
Epoch 468/1500 - train 0.057031 - val 0.061178
Epoch 469/1500 - train 0.059977 - val 0.069939
Epoch 470/1500 - train 0.059875 - val 0.057832
Epoch 471/1500 - train 0.055611 - val 0.061263
Epoch 472/1500 - train 0.055704 - val 0.054036
Epoch 473/1500 - train 0.056868 - val 0.103650
Epoch 474/1500 - train 0.058895 - val 0.074647
Epoch 475/1500 - train 0.053589 - val 0.063990
Epoch 476/1500 - train 0.060039 - val 0.061737
Epoch 477/1500 - train 0.056162 - val 0.075672
Epoch 478/1500 - train 0.059241 - val 0.071074
Epoch 479/1500 - train 0.059853 - val 0.056176
Epoch 480/1500 - train 0.054550 - val 0.071982
Epoch 481/1500 - train 0.056474 - val 0.055447
Epoch 482/1500 - train 0.053444 - val 0.066475
Epoch 483/1500 - train 0.057643 - val 0.070162
Epoch 484/1500 - train 0.059995 - val 0.075921
Epoch 485/1500 - train 0.057411 - val 0.069439
Epoch 486/1500 - train 0.057122 - val 0.058508
Epoch 487/1500 - train 0.059029 - val 0.068336
Epoch 488/1500 - train 0.057109 - val 0.073821
Epoch 489/1500 - train 0.056985 - val 0.076034
Epoch 490/1500 - train 0.054512 - val 0.058511
Epoch 491/1500 - train 0.056851 - val 0.056457
Epoch 492/1500 - train 0.056682 - val 0.107343
Epoch 493/1500 - train 0.063905 - val 0.084343
Epoch 494/1500 - train 0.056087 - val 0.056953
Epoch 495/1500 - train 0.054071 - val 0.065100
Epoch 496/1500 - train 0.057368 - val 0.064979
Epoch 497/1500 - train 0.056269 - val 0.057129
Epoch 498/1500 - train 0.057498 - val 0.061473
Epoch 499/1500 - train 0.056282 - val 0.060770
Epoch 500/1500 - train 0.061137 - val 0.066343
Epoch 501/1500 - train 0.058864 - val 0.063700
Epoch 502/1500 - train 0.054268 - val 0.071159
Epoch 503/1500 - train 0.057657 - val 0.080255
Epoch 504/1500 - train 0.056870 - val 0.082002
Epoch 505/1500 - train 0.064821 - val 0.061940
Epoch 506/1500 - train 0.054793 - val 0.066027
Epoch 507/1500 - train 0.057560 - val 0.061968
Epoch 508/1500 - train 0.056213 - val 0.063446
Epoch 509/1500 - train 0.057112 - val 0.063232
Epoch 510/1500 - train 0.054501 - val 0.069168
Epoch 511/1500 - train 0.058853 - val 0.058767
Epoch 512/1500 - train 0.056434 - val 0.071355
Epoch 513/1500 - train 0.058568 - val 0.066650
Epoch 514/1500 - train 0.061990 - val 0.061435
Epoch 515/1500 - train 0.055819 - val 0.054546
Epoch 516/1500 - train 0.055683 - val 0.054707
Epoch 517/1500 - train 0.057168 - val 0.098658
Epoch 518/1500 - train 0.060649 - val 0.082223
Epoch 519/1500 - train 0.058776 - val 0.056950
Epoch 520/1500 - train 0.055141 - val 0.057182
Epoch 521/1500 - train 0.055923 - val 0.054666
Epoch 522/1500 - train 0.054509 - val 0.064522
Epoch 523/1500 - train 0.057847 - val 0.061770
Epoch 524/1500 - train 0.055204 - val 0.059334
Epoch 525/1500 - train 0.055214 - val 0.064575
Epoch 526/1500 - train 0.055250 - val 0.052769
Epoch 527/1500 - train 0.057065 - val 0.061898
Epoch 528/1500 - train 0.059128 - val 0.063545
Epoch 529/1500 - train 0.053567 - val 0.053015
Epoch 530/1500 - train 0.057220 - val 0.053504
Epoch 531/1500 - train 0.054114 - val 0.084406
Epoch 532/1500 - train 0.057301 - val 0.078492
Epoch 533/1500 - train 0.053835 - val 0.114079
Epoch 534/1500 - train 0.063237 - val 0.064720
Epoch 535/1500 - train 0.059626 - val 0.071645
Epoch 536/1500 - train 0.055722 - val 0.057075
Epoch 537/1500 - train 0.057871 - val 0.053804
Epoch 538/1500 - train 0.056262 - val 0.059495
Epoch 539/1500 - train 0.056201 - val 0.071347
Epoch 540/1500 - train 0.062817 - val 0.064802
Epoch 541/1500 - train 0.055058 - val 0.062044
Epoch 542/1500 - train 0.058004 - val 0.059710
Epoch 543/1500 - train 0.054854 - val 0.053088
Epoch 544/1500 - train 0.052859 - val 0.065032
Epoch 545/1500 - train 0.054362 - val 0.071016
Epoch 546/1500 - train 0.056037 - val 0.056048
Epoch 547/1500 - train 0.057742 - val 0.081477
Epoch 548/1500 - train 0.058133 - val 0.059502
Epoch 549/1500 - train 0.058619 - val 0.056808
Epoch 550/1500 - train 0.054558 - val 0.054609
Epoch 551/1500 - train 0.055338 - val 0.078614
Epoch 552/1500 - train 0.056910 - val 0.053609
Epoch 553/1500 - train 0.053498 - val 0.067262
Epoch 554/1500 - train 0.056574 - val 0.061151
Epoch 555/1500 - train 0.058120 - val 0.072005
Epoch 556/1500 - train 0.055861 - val 0.050956
Epoch 557/1500 - train 0.056946 - val 0.057324
Epoch 558/1500 - train 0.055742 - val 0.060265
Epoch 559/1500 - train 0.054066 - val 0.053899
Epoch 560/1500 - train 0.056848 - val 0.075150
Epoch 561/1500 - train 0.056530 - val 0.056868
Epoch 562/1500 - train 0.057497 - val 0.090776
Epoch 563/1500 - train 0.058433 - val 0.055185
Epoch 564/1500 - train 0.053428 - val 0.084128
Epoch 565/1500 - train 0.057540 - val 0.078183
Epoch 566/1500 - train 0.056604 - val 0.057552
Epoch 567/1500 - train 0.055429 - val 0.074672
Epoch 568/1500 - train 0.055023 - val 0.078365
Epoch 569/1500 - train 0.056117 - val 0.071972
Epoch 570/1500 - train 0.061314 - val 0.070017
Epoch 571/1500 - train 0.054191 - val 0.072039
Epoch 572/1500 - train 0.055914 - val 0.057877
Epoch 573/1500 - train 0.057110 - val 0.060582
Epoch 574/1500 - train 0.054012 - val 0.054436
Epoch 575/1500 - train 0.054732 - val 0.056972
Epoch 576/1500 - train 0.053308 - val 0.120041
Epoch 577/1500 - train 0.061258 - val 0.060389
Epoch 578/1500 - train 0.052358 - val 0.054951
Epoch 579/1500 - train 0.056964 - val 0.061363
Epoch 580/1500 - train 0.054879 - val 0.072300
Epoch 581/1500 - train 0.058350 - val 0.072436
Epoch 582/1500 - train 0.054708 - val 0.070262
Epoch 583/1500 - train 0.055367 - val 0.064960
Epoch 584/1500 - train 0.052808 - val 0.069066
Epoch 585/1500 - train 0.056098 - val 0.062989
Epoch 586/1500 - train 0.061814 - val 0.070704
Epoch 587/1500 - train 0.055117 - val 0.054095
Epoch 588/1500 - train 0.056410 - val 0.081035
Epoch 589/1500 - train 0.058295 - val 0.053578
Epoch 590/1500 - train 0.051998 - val 0.072649
Epoch 591/1500 - train 0.056301 - val 0.063715
Epoch 592/1500 - train 0.058979 - val 0.071520
Epoch 593/1500 - train 0.057716 - val 0.058111
Epoch 594/1500 - train 0.055103 - val 0.059976
Epoch 595/1500 - train 0.051418 - val 0.055804
Epoch 596/1500 - train 0.054346 - val 0.060365
Epoch 597/1500 - train 0.056062 - val 0.054803
Epoch 598/1500 - train 0.055276 - val 0.081796
Epoch 599/1500 - train 0.057325 - val 0.069677
Epoch 600/1500 - train 0.056826 - val 0.054476
Epoch 601/1500 - train 0.052293 - val 0.057510
Epoch 602/1500 - train 0.052133 - val 0.122529
Epoch 603/1500 - train 0.060195 - val 0.102175
Epoch 604/1500 - train 0.060018 - val 0.101152
Epoch 605/1500 - train 0.056391 - val 0.054397
Epoch 606/1500 - train 0.055521 - val 0.057936
Epoch 607/1500 - train 0.055209 - val 0.089642
Epoch 608/1500 - train 0.059046 - val 0.059545
Epoch 609/1500 - train 0.058276 - val 0.063756
Epoch 610/1500 - train 0.051873 - val 0.054930
Epoch 611/1500 - train 0.054080 - val 0.068805
Epoch 612/1500 - train 0.054265 - val 0.060207
Epoch 613/1500 - train 0.055641 - val 0.063534
Epoch 614/1500 - train 0.052212 - val 0.084385
Epoch 615/1500 - train 0.063198 - val 0.054448
Epoch 616/1500 - train 0.054415 - val 0.060724
Epoch 617/1500 - train 0.052412 - val 0.054202
Epoch 618/1500 - train 0.056327 - val 0.066930
Epoch 619/1500 - train 0.056651 - val 0.066398
Epoch 620/1500 - train 0.052965 - val 0.057889
Epoch 621/1500 - train 0.054577 - val 0.052380
Epoch 622/1500 - train 0.056196 - val 0.067681
Epoch 623/1500 - train 0.055710 - val 0.091537
Epoch 624/1500 - train 0.055466 - val 0.060025
Epoch 625/1500 - train 0.056352 - val 0.063521
Epoch 626/1500 - train 0.052550 - val 0.071642
Epoch 627/1500 - train 0.056116 - val 0.058284
Epoch 628/1500 - train 0.054863 - val 0.065786
Epoch 629/1500 - train 0.053367 - val 0.072990
Epoch 630/1500 - train 0.051954 - val 0.050472
Epoch 631/1500 - train 0.061252 - val 0.105449
Epoch 632/1500 - train 0.057196 - val 0.054384
Epoch 633/1500 - train 0.058002 - val 0.069785
Epoch 634/1500 - train 0.057285 - val 0.074097
Epoch 635/1500 - train 0.054092 - val 0.057225
Epoch 636/1500 - train 0.055762 - val 0.055462
Epoch 637/1500 - train 0.057113 - val 0.084166
Epoch 638/1500 - train 0.057991 - val 0.082125
Epoch 639/1500 - train 0.053329 - val 0.051603
Epoch 640/1500 - train 0.053906 - val 0.056690
Epoch 641/1500 - train 0.054793 - val 0.063543
Epoch 642/1500 - train 0.056650 - val 0.079857
Epoch 643/1500 - train 0.052677 - val 0.058096
Epoch 644/1500 - train 0.055184 - val 0.053496
Epoch 645/1500 - train 0.054075 - val 0.056941
Epoch 646/1500 - train 0.055733 - val 0.071462
Epoch 647/1500 - train 0.053959 - val 0.067273
Epoch 648/1500 - train 0.057269 - val 0.068038
Epoch 649/1500 - train 0.054627 - val 0.051422
Epoch 650/1500 - train 0.052181 - val 0.086743
Epoch 651/1500 - train 0.059482 - val 0.049421
Epoch 652/1500 - train 0.054151 - val 0.052018
Epoch 653/1500 - train 0.056946 - val 0.058189
Epoch 654/1500 - train 0.051668 - val 0.060168
Epoch 655/1500 - train 0.055838 - val 0.056757
Epoch 656/1500 - train 0.052641 - val 0.068664
Epoch 657/1500 - train 0.053271 - val 0.051975
Epoch 658/1500 - train 0.052990 - val 0.052350
Epoch 659/1500 - train 0.054336 - val 0.051965
Epoch 660/1500 - train 0.058129 - val 0.070209
Epoch 661/1500 - train 0.054716 - val 0.052738
Epoch 662/1500 - train 0.056077 - val 0.059479
Epoch 663/1500 - train 0.052928 - val 0.066231
Epoch 664/1500 - train 0.054718 - val 0.072259
Epoch 665/1500 - train 0.052898 - val 0.069190
Epoch 666/1500 - train 0.057481 - val 0.058646
Epoch 667/1500 - train 0.058384 - val 0.078129
Epoch 668/1500 - train 0.056107 - val 0.071216
Epoch 669/1500 - train 0.053161 - val 0.056554
Epoch 670/1500 - train 0.054058 - val 0.066440
Epoch 671/1500 - train 0.055053 - val 0.055034
Epoch 672/1500 - train 0.054948 - val 0.061155
Epoch 673/1500 - train 0.053193 - val 0.056330
Epoch 674/1500 - train 0.055149 - val 0.054347
Epoch 675/1500 - train 0.056136 - val 0.055809
Epoch 676/1500 - train 0.054807 - val 0.057067
Epoch 677/1500 - train 0.051581 - val 0.080951
Epoch 678/1500 - train 0.053715 - val 0.050136
Epoch 679/1500 - train 0.054835 - val 0.063979
Epoch 680/1500 - train 0.057752 - val 0.071562
Epoch 681/1500 - train 0.055002 - val 0.051999
Epoch 682/1500 - train 0.054081 - val 0.055770
Epoch 683/1500 - train 0.053952 - val 0.064678
Epoch 684/1500 - train 0.052275 - val 0.071994
Epoch 685/1500 - train 0.055142 - val 0.093540
Epoch 686/1500 - train 0.059885 - val 0.078059
Epoch 687/1500 - train 0.052697 - val 0.054551
Epoch 688/1500 - train 0.054224 - val 0.065072
Epoch 689/1500 - train 0.054067 - val 0.068258
Epoch 690/1500 - train 0.052493 - val 0.091162
Epoch 691/1500 - train 0.061247 - val 0.053702
Epoch 692/1500 - train 0.050532 - val 0.051378
Epoch 693/1500 - train 0.054749 - val 0.077178
Epoch 694/1500 - train 0.058209 - val 0.066559
Epoch 695/1500 - train 0.052342 - val 0.056594
Epoch 696/1500 - train 0.052628 - val 0.074202
Epoch 697/1500 - train 0.052793 - val 0.116381
Epoch 698/1500 - train 0.058239 - val 0.070236
Epoch 699/1500 - train 0.055725 - val 0.065813
Epoch 700/1500 - train 0.052592 - val 0.058752
Epoch 701/1500 - train 0.054297 - val 0.083118
Epoch 702/1500 - train 0.056220 - val 0.053832
Epoch 703/1500 - train 0.055579 - val 0.072340
Epoch 704/1500 - train 0.056698 - val 0.065717
Epoch 705/1500 - train 0.053066 - val 0.068376
Epoch 706/1500 - train 0.056363 - val 0.064505
Epoch 707/1500 - train 0.055954 - val 0.058115
Epoch 708/1500 - train 0.052422 - val 0.063957
Epoch 709/1500 - train 0.051774 - val 0.059042
Epoch 710/1500 - train 0.053641 - val 0.060418
Epoch 711/1500 - train 0.055457 - val 0.066773
Epoch 712/1500 - train 0.053439 - val 0.068975
Epoch 713/1500 - train 0.055127 - val 0.055067
Epoch 714/1500 - train 0.057015 - val 0.058622
Epoch 715/1500 - train 0.052490 - val 0.068573
Epoch 716/1500 - train 0.053907 - val 0.066072
Epoch 717/1500 - train 0.053583 - val 0.083759
Epoch 718/1500 - train 0.060107 - val 0.056127
Epoch 719/1500 - train 0.049892 - val 0.048929
Epoch 720/1500 - train 0.053116 - val 0.061264
Epoch 721/1500 - train 0.054279 - val 0.060029
Epoch 722/1500 - train 0.054441 - val 0.053474
Epoch 723/1500 - train 0.053101 - val 0.064142
Epoch 724/1500 - train 0.057831 - val 0.055746
Epoch 725/1500 - train 0.055642 - val 0.050957
Epoch 726/1500 - train 0.054976 - val 0.052535
Epoch 727/1500 - train 0.056725 - val 0.056130
Epoch 728/1500 - train 0.052883 - val 0.065953
Epoch 729/1500 - train 0.052154 - val 0.054067
Epoch 730/1500 - train 0.057026 - val 0.073951
Epoch 731/1500 - train 0.054980 - val 0.065336
Epoch 732/1500 - train 0.053217 - val 0.075011
Epoch 733/1500 - train 0.057066 - val 0.056915
Epoch 734/1500 - train 0.053249 - val 0.063666
Epoch 735/1500 - train 0.053596 - val 0.061623
Epoch 736/1500 - train 0.055225 - val 0.071865
Epoch 737/1500 - train 0.055779 - val 0.056187
Epoch 738/1500 - train 0.052231 - val 0.068912
Epoch 739/1500 - train 0.057548 - val 0.057908
Epoch 740/1500 - train 0.053325 - val 0.054124
Epoch 741/1500 - train 0.053224 - val 0.053120
Epoch 742/1500 - train 0.051300 - val 0.098843
Epoch 743/1500 - train 0.057639 - val 0.051198
Epoch 744/1500 - train 0.053981 - val 0.070020
Epoch 745/1500 - train 0.053142 - val 0.064433
Epoch 746/1500 - train 0.053690 - val 0.055995
Epoch 747/1500 - train 0.051212 - val 0.050651
Epoch 748/1500 - train 0.052801 - val 0.049905
Epoch 749/1500 - train 0.053500 - val 0.074829
Epoch 750/1500 - train 0.056216 - val 0.067433
Epoch 751/1500 - train 0.052192 - val 0.055970
Epoch 752/1500 - train 0.050855 - val 0.064060
Epoch 753/1500 - train 0.053369 - val 0.058081
Epoch 754/1500 - train 0.052811 - val 0.086958
Epoch 755/1500 - train 0.052280 - val 0.050887
Epoch 756/1500 - train 0.057041 - val 0.048146
Epoch 757/1500 - train 0.055031 - val 0.052238
Epoch 758/1500 - train 0.055992 - val 0.066767
Epoch 759/1500 - train 0.060840 - val 0.072599
Epoch 760/1500 - train 0.054320 - val 0.064504
Epoch 761/1500 - train 0.059846 - val 0.071990
Epoch 762/1500 - train 0.055902 - val 0.071395
Epoch 763/1500 - train 0.053663 - val 0.050311
Epoch 764/1500 - train 0.053866 - val 0.055164
Epoch 765/1500 - train 0.052510 - val 0.056356
Epoch 766/1500 - train 0.052609 - val 0.053504
Epoch 767/1500 - train 0.055200 - val 0.058750
Epoch 768/1500 - train 0.054625 - val 0.057311
Epoch 769/1500 - train 0.049926 - val 0.067783
Epoch 770/1500 - train 0.057471 - val 0.057888
Epoch 771/1500 - train 0.050909 - val 0.056207
Epoch 772/1500 - train 0.050823 - val 0.050031
Epoch 773/1500 - train 0.049395 - val 0.050603
Epoch 774/1500 - train 0.052585 - val 0.047630
Epoch 775/1500 - train 0.051843 - val 0.052226
Epoch 776/1500 - train 0.053456 - val 0.055504
Epoch 777/1500 - train 0.052669 - val 0.056836
Epoch 778/1500 - train 0.055563 - val 0.060569
Epoch 779/1500 - train 0.055419 - val 0.076499
Epoch 780/1500 - train 0.055501 - val 0.050574
Epoch 781/1500 - train 0.054396 - val 0.068050
Epoch 782/1500 - train 0.052294 - val 0.061203
Epoch 783/1500 - train 0.052733 - val 0.060025
Epoch 784/1500 - train 0.052551 - val 0.062739
Epoch 785/1500 - train 0.054738 - val 0.073996
Epoch 786/1500 - train 0.054148 - val 0.057180
Epoch 787/1500 - train 0.050539 - val 0.065264
Epoch 788/1500 - train 0.053553 - val 0.052228
Epoch 789/1500 - train 0.053074 - val 0.074174
Epoch 790/1500 - train 0.057588 - val 0.082984
Epoch 791/1500 - train 0.053613 - val 0.060845
Epoch 792/1500 - train 0.051871 - val 0.049467
Epoch 793/1500 - train 0.054018 - val 0.055484
Epoch 794/1500 - train 0.052068 - val 0.081590
Epoch 795/1500 - train 0.057196 - val 0.052457
Epoch 796/1500 - train 0.050831 - val 0.052337
Epoch 797/1500 - train 0.054016 - val 0.067253
Epoch 798/1500 - train 0.052845 - val 0.056219
Epoch 799/1500 - train 0.050671 - val 0.054053
Epoch 800/1500 - train 0.057170 - val 0.058247
Epoch 801/1500 - train 0.051046 - val 0.061511
Epoch 802/1500 - train 0.050903 - val 0.052669
Epoch 803/1500 - train 0.055270 - val 0.062207
Epoch 804/1500 - train 0.051390 - val 0.073903
Epoch 805/1500 - train 0.050146 - val 0.098803
Epoch 806/1500 - train 0.057752 - val 0.059542
Epoch 807/1500 - train 0.050727 - val 0.084941
Epoch 808/1500 - train 0.056595 - val 0.052579
Epoch 809/1500 - train 0.052281 - val 0.112103
Epoch 810/1500 - train 0.058490 - val 0.068219
Epoch 811/1500 - train 0.052674 - val 0.061461
Epoch 812/1500 - train 0.052203 - val 0.061554
Epoch 813/1500 - train 0.052272 - val 0.047788
Epoch 814/1500 - train 0.054374 - val 0.066732
Epoch 815/1500 - train 0.052141 - val 0.058659
Epoch 816/1500 - train 0.050650 - val 0.091621
Epoch 817/1500 - train 0.060071 - val 0.059547
Epoch 818/1500 - train 0.055164 - val 0.066756
Epoch 819/1500 - train 0.051316 - val 0.075400
Epoch 820/1500 - train 0.051884 - val 0.053202
Epoch 821/1500 - train 0.056822 - val 0.060649
Epoch 822/1500 - train 0.051749 - val 0.052819
Epoch 823/1500 - train 0.052327 - val 0.052889
Epoch 824/1500 - train 0.053219 - val 0.057656
Epoch 825/1500 - train 0.054292 - val 0.056080
Epoch 826/1500 - train 0.053879 - val 0.052466
Epoch 827/1500 - train 0.049946 - val 0.047581
Epoch 828/1500 - train 0.050592 - val 0.055195
Epoch 829/1500 - train 0.050582 - val 0.070287
Epoch 830/1500 - train 0.053431 - val 0.061704
Epoch 831/1500 - train 0.058450 - val 0.063623
Epoch 832/1500 - train 0.054854 - val 0.066927
Epoch 833/1500 - train 0.054601 - val 0.055808
Epoch 834/1500 - train 0.054477 - val 0.054318
Epoch 835/1500 - train 0.054125 - val 0.057021
Epoch 836/1500 - train 0.050126 - val 0.114186
Epoch 837/1500 - train 0.060491 - val 0.066863
Epoch 838/1500 - train 0.053179 - val 0.054022
Epoch 839/1500 - train 0.049211 - val 0.053058
Epoch 840/1500 - train 0.055593 - val 0.051411
Epoch 841/1500 - train 0.051849 - val 0.052727
Epoch 842/1500 - train 0.049319 - val 0.054455
Epoch 843/1500 - train 0.053787 - val 0.059216
Epoch 844/1500 - train 0.054368 - val 0.066781
Epoch 845/1500 - train 0.052176 - val 0.059241
Epoch 846/1500 - train 0.053753 - val 0.064624
Epoch 847/1500 - train 0.053273 - val 0.093545
Epoch 848/1500 - train 0.053348 - val 0.060417
Epoch 849/1500 - train 0.054200 - val 0.063259
Epoch 850/1500 - train 0.055031 - val 0.061677
Epoch 851/1500 - train 0.051216 - val 0.055356
Epoch 852/1500 - train 0.053503 - val 0.069244
Epoch 853/1500 - train 0.049861 - val 0.060310
Epoch 854/1500 - train 0.052078 - val 0.057822
Epoch 855/1500 - train 0.051611 - val 0.058965
Epoch 856/1500 - train 0.051614 - val 0.070608
Epoch 857/1500 - train 0.053915 - val 0.081226
Epoch 858/1500 - train 0.056454 - val 0.048490
Epoch 859/1500 - train 0.050767 - val 0.094553
Epoch 860/1500 - train 0.054345 - val 0.054896
Epoch 861/1500 - train 0.051246 - val 0.048386
Epoch 862/1500 - train 0.052865 - val 0.086868
Epoch 863/1500 - train 0.059414 - val 0.052948
Epoch 864/1500 - train 0.051510 - val 0.059679
Epoch 865/1500 - train 0.049843 - val 0.064144
Epoch 866/1500 - train 0.054413 - val 0.061450
Epoch 867/1500 - train 0.050518 - val 0.051060
Epoch 868/1500 - train 0.054405 - val 0.054206
Epoch 869/1500 - train 0.051562 - val 0.057251
Epoch 870/1500 - train 0.054452 - val 0.074065
Epoch 871/1500 - train 0.050852 - val 0.052639
Epoch 872/1500 - train 0.054646 - val 0.048857
Epoch 873/1500 - train 0.050930 - val 0.057935
Epoch 874/1500 - train 0.052564 - val 0.057840
Epoch 875/1500 - train 0.053180 - val 0.074364
Epoch 876/1500 - train 0.049920 - val 0.083361
Epoch 877/1500 - train 0.057602 - val 0.054952
Epoch 878/1500 - train 0.051626 - val 0.058039
Epoch 879/1500 - train 0.053307 - val 0.081682
Epoch 880/1500 - train 0.053124 - val 0.050572
Epoch 881/1500 - train 0.052025 - val 0.069894
Epoch 882/1500 - train 0.050209 - val 0.066668
Epoch 883/1500 - train 0.058693 - val 0.056779
Epoch 884/1500 - train 0.049456 - val 0.050715
Epoch 885/1500 - train 0.053109 - val 0.066149
Epoch 886/1500 - train 0.051628 - val 0.059835
Epoch 887/1500 - train 0.049778 - val 0.096562
Epoch 888/1500 - train 0.057139 - val 0.059185
Epoch 889/1500 - train 0.053104 - val 0.081729
Epoch 890/1500 - train 0.052271 - val 0.082553
Epoch 891/1500 - train 0.053225 - val 0.055730
Epoch 892/1500 - train 0.055243 - val 0.060180
Epoch 893/1500 - train 0.051133 - val 0.062760
Epoch 894/1500 - train 0.054527 - val 0.050967
Epoch 895/1500 - train 0.050469 - val 0.075673
Epoch 896/1500 - train 0.055449 - val 0.054413
Epoch 897/1500 - train 0.051769 - val 0.052846
Epoch 898/1500 - train 0.053379 - val 0.064292
Epoch 899/1500 - train 0.053391 - val 0.071129
Epoch 900/1500 - train 0.051986 - val 0.059165
Epoch 901/1500 - train 0.053842 - val 0.052374
Epoch 902/1500 - train 0.050200 - val 0.061799
Epoch 903/1500 - train 0.052112 - val 0.060544
Epoch 904/1500 - train 0.050662 - val 0.056772
Epoch 905/1500 - train 0.053324 - val 0.070609
Epoch 906/1500 - train 0.056353 - val 0.070968
Epoch 907/1500 - train 0.058476 - val 0.059491
Epoch 908/1500 - train 0.049597 - val 0.046350
Epoch 909/1500 - train 0.053641 - val 0.058498
Epoch 910/1500 - train 0.054081 - val 0.057344
Epoch 911/1500 - train 0.048714 - val 0.050474
Epoch 912/1500 - train 0.054085 - val 0.050427
Epoch 913/1500 - train 0.049621 - val 0.060324
Epoch 914/1500 - train 0.052294 - val 0.061445
Epoch 915/1500 - train 0.050856 - val 0.058023
Epoch 916/1500 - train 0.051268 - val 0.056209
Epoch 917/1500 - train 0.051051 - val 0.058155
Epoch 918/1500 - train 0.053096 - val 0.049391
Epoch 919/1500 - train 0.050309 - val 0.056914
Epoch 920/1500 - train 0.048178 - val 0.055242
Epoch 921/1500 - train 0.056397 - val 0.050550
Epoch 922/1500 - train 0.051625 - val 0.053809
Epoch 923/1500 - train 0.051601 - val 0.048856
Epoch 924/1500 - train 0.051906 - val 0.062134
Epoch 925/1500 - train 0.051108 - val 0.113055
Epoch 926/1500 - train 0.063719 - val 0.057369
Epoch 927/1500 - train 0.050678 - val 0.047085
Epoch 928/1500 - train 0.050238 - val 0.083213
Epoch 929/1500 - train 0.048594 - val 0.073265
Epoch 930/1500 - train 0.063855 - val 0.049109
Epoch 931/1500 - train 0.054842 - val 0.050117
Epoch 932/1500 - train 0.054051 - val 0.091355
Epoch 933/1500 - train 0.054954 - val 0.054612
Epoch 934/1500 - train 0.050940 - val 0.062985
Epoch 935/1500 - train 0.051068 - val 0.063422
Epoch 936/1500 - train 0.057178 - val 0.054052
Epoch 937/1500 - train 0.050695 - val 0.059842
Epoch 938/1500 - train 0.051133 - val 0.055957
Epoch 939/1500 - train 0.054423 - val 0.067251
Epoch 940/1500 - train 0.051413 - val 0.055274
Epoch 941/1500 - train 0.050716 - val 0.050314
Epoch 942/1500 - train 0.047967 - val 0.058956
Epoch 943/1500 - train 0.054319 - val 0.074628
Epoch 944/1500 - train 0.055161 - val 0.059273
Epoch 945/1500 - train 0.050197 - val 0.055346
Epoch 946/1500 - train 0.051219 - val 0.059476
Epoch 947/1500 - train 0.052012 - val 0.078536
Epoch 948/1500 - train 0.052173 - val 0.087952
Epoch 949/1500 - train 0.050691 - val 0.086322
Epoch 950/1500 - train 0.053619 - val 0.054091
Epoch 951/1500 - train 0.048863 - val 0.055681
Epoch 952/1500 - train 0.050902 - val 0.076954
Epoch 953/1500 - train 0.052091 - val 0.057954
Epoch 954/1500 - train 0.052932 - val 0.074682
Epoch 955/1500 - train 0.054167 - val 0.049947
Epoch 956/1500 - train 0.049936 - val 0.095567
Epoch 957/1500 - train 0.052298 - val 0.053047
Epoch 958/1500 - train 0.053859 - val 0.065260
Epoch 959/1500 - train 0.051803 - val 0.056054
Epoch 960/1500 - train 0.048981 - val 0.049740
Epoch 961/1500 - train 0.051085 - val 0.063456
Epoch 962/1500 - train 0.057914 - val 0.056438
Epoch 963/1500 - train 0.050620 - val 0.061032
Epoch 964/1500 - train 0.055649 - val 0.048194
Epoch 965/1500 - train 0.052561 - val 0.082704
Epoch 966/1500 - train 0.051348 - val 0.051563
Epoch 967/1500 - train 0.050518 - val 0.077177
Epoch 968/1500 - train 0.050585 - val 0.065013
Epoch 969/1500 - train 0.054340 - val 0.060455
Epoch 970/1500 - train 0.053162 - val 0.055850
Epoch 971/1500 - train 0.050259 - val 0.063548
Epoch 972/1500 - train 0.049871 - val 0.047138
Epoch 973/1500 - train 0.051656 - val 0.056905
Epoch 974/1500 - train 0.051740 - val 0.075073
Epoch 975/1500 - train 0.055896 - val 0.051896
Epoch 976/1500 - train 0.053333 - val 0.058822
Epoch 977/1500 - train 0.050232 - val 0.048520
Epoch 978/1500 - train 0.051198 - val 0.052421
Epoch 979/1500 - train 0.052469 - val 0.065194
Epoch 980/1500 - train 0.053316 - val 0.059620
Epoch 981/1500 - train 0.049883 - val 0.057352
Epoch 982/1500 - train 0.051666 - val 0.053773
Epoch 983/1500 - train 0.052202 - val 0.046804
Epoch 984/1500 - train 0.056746 - val 0.073158
Epoch 985/1500 - train 0.053409 - val 0.056896
Epoch 986/1500 - train 0.049031 - val 0.047286
Epoch 987/1500 - train 0.050040 - val 0.065424
Epoch 988/1500 - train 0.052913 - val 0.048615
Epoch 989/1500 - train 0.048733 - val 0.048415
Epoch 990/1500 - train 0.050277 - val 0.055735
Epoch 991/1500 - train 0.048776 - val 0.069350
Epoch 992/1500 - train 0.055783 - val 0.070789
Epoch 993/1500 - train 0.052058 - val 0.046626
Epoch 994/1500 - train 0.051772 - val 0.070473
Epoch 995/1500 - train 0.056660 - val 0.064616
Epoch 996/1500 - train 0.051339 - val 0.052357
Epoch 997/1500 - train 0.049086 - val 0.057881
Epoch 998/1500 - train 0.052242 - val 0.067509
Epoch 999/1500 - train 0.051696 - val 0.050820
Epoch 1000/1500 - train 0.053211 - val 0.054089
Epoch 1001/1500 - train 0.049369 - val 0.066111
Epoch 1002/1500 - train 0.051528 - val 0.056717
Epoch 1003/1500 - train 0.053826 - val 0.063903
Epoch 1004/1500 - train 0.051792 - val 0.061332
Epoch 1005/1500 - train 0.051355 - val 0.055120
Epoch 1006/1500 - train 0.052111 - val 0.060741
Epoch 1007/1500 - train 0.053468 - val 0.049879
Epoch 1008/1500 - train 0.053486 - val 0.052167
Epoch 1009/1500 - train 0.050355 - val 0.060524
Epoch 1010/1500 - train 0.052837 - val 0.055767
Epoch 1011/1500 - train 0.057860 - val 0.062547
Epoch 1012/1500 - train 0.049957 - val 0.055123
Epoch 1013/1500 - train 0.054032 - val 0.051405
Epoch 1014/1500 - train 0.049980 - val 0.134902
Epoch 1015/1500 - train 0.056330 - val 0.059999
Epoch 1016/1500 - train 0.052118 - val 0.054424
Epoch 1017/1500 - train 0.052899 - val 0.052300
Epoch 1018/1500 - train 0.048768 - val 0.052858
Epoch 1019/1500 - train 0.049552 - val 0.052038
Epoch 1020/1500 - train 0.050885 - val 0.058169
Epoch 1021/1500 - train 0.051585 - val 0.054062
Epoch 1022/1500 - train 0.050158 - val 0.059249
Epoch 1023/1500 - train 0.050846 - val 0.060160
Epoch 1024/1500 - train 0.052371 - val 0.084620
Epoch 1025/1500 - train 0.049750 - val 0.097048
Epoch 1026/1500 - train 0.058076 - val 0.048498
Epoch 1027/1500 - train 0.048004 - val 0.075320
Epoch 1028/1500 - train 0.049468 - val 0.051989
Epoch 1029/1500 - train 0.048479 - val 0.050458
Epoch 1030/1500 - train 0.049069 - val 0.068963
Epoch 1031/1500 - train 0.053253 - val 0.051805
Epoch 1032/1500 - train 0.048367 - val 0.061972
Epoch 1033/1500 - train 0.052494 - val 0.050115
Epoch 1034/1500 - train 0.049228 - val 0.061637
Epoch 1035/1500 - train 0.050490 - val 0.048866
Epoch 1036/1500 - train 0.050533 - val 0.128741
Epoch 1037/1500 - train 0.059416 - val 0.087843
Epoch 1038/1500 - train 0.052213 - val 0.049370
Epoch 1039/1500 - train 0.051629 - val 0.050107
Epoch 1040/1500 - train 0.050571 - val 0.056902
Epoch 1041/1500 - train 0.054911 - val 0.049469
Epoch 1042/1500 - train 0.050546 - val 0.053947
Epoch 1043/1500 - train 0.054975 - val 0.051905
Epoch 1044/1500 - train 0.054498 - val 0.051331
Epoch 1045/1500 - train 0.048938 - val 0.061932
Epoch 1046/1500 - train 0.055003 - val 0.059027
Epoch 1047/1500 - train 0.049749 - val 0.078124
Epoch 1048/1500 - train 0.052753 - val 0.056692
Epoch 1049/1500 - train 0.048620 - val 0.070730
Epoch 1050/1500 - train 0.053361 - val 0.078049
Epoch 1051/1500 - train 0.053103 - val 0.071104
Epoch 1052/1500 - train 0.052195 - val 0.070496
Epoch 1053/1500 - train 0.051151 - val 0.053755
Epoch 1054/1500 - train 0.056333 - val 0.066789
Epoch 1055/1500 - train 0.049230 - val 0.053180
Epoch 1056/1500 - train 0.053284 - val 0.047784
Epoch 1057/1500 - train 0.048035 - val 0.048871
Epoch 1058/1500 - train 0.051856 - val 0.048661
Epoch 1059/1500 - train 0.047829 - val 0.046862
Epoch 1060/1500 - train 0.060143 - val 0.078391
Epoch 1061/1500 - train 0.053089 - val 0.052453
Epoch 1062/1500 - train 0.048702 - val 0.052300
Epoch 1063/1500 - train 0.046411 - val 0.044668
Epoch 1064/1500 - train 0.055844 - val 0.085705
Epoch 1065/1500 - train 0.050661 - val 0.051238
Epoch 1066/1500 - train 0.052446 - val 0.051528
Epoch 1067/1500 - train 0.049210 - val 0.052680
Epoch 1068/1500 - train 0.050286 - val 0.047971
Epoch 1069/1500 - train 0.047858 - val 0.119199
Epoch 1070/1500 - train 0.060791 - val 0.049833
Epoch 1071/1500 - train 0.052003 - val 0.053088
Epoch 1072/1500 - train 0.052739 - val 0.073182
Epoch 1073/1500 - train 0.052284 - val 0.077629
Epoch 1074/1500 - train 0.051240 - val 0.050400
Epoch 1075/1500 - train 0.051384 - val 0.062279
Epoch 1076/1500 - train 0.067833 - val 0.050882
Epoch 1077/1500 - train 0.049635 - val 0.060939
Epoch 1078/1500 - train 0.050748 - val 0.072276
Epoch 1079/1500 - train 0.051393 - val 0.045995
Epoch 1080/1500 - train 0.052292 - val 0.061597
Epoch 1081/1500 - train 0.048959 - val 0.054531
Epoch 1082/1500 - train 0.048380 - val 0.044957
Epoch 1083/1500 - train 0.060671 - val 0.061113
Epoch 1084/1500 - train 0.048808 - val 0.065004
Epoch 1085/1500 - train 0.049562 - val 0.056919
Epoch 1086/1500 - train 0.050595 - val 0.051578
Epoch 1087/1500 - train 0.051767 - val 0.067572
Epoch 1088/1500 - train 0.050268 - val 0.071436
Epoch 1089/1500 - train 0.051433 - val 0.059496
Epoch 1090/1500 - train 0.048551 - val 0.067058
Epoch 1091/1500 - train 0.053660 - val 0.057175
Epoch 1092/1500 - train 0.050825 - val 0.073121
Epoch 1093/1500 - train 0.053694 - val 0.055390
Epoch 1094/1500 - train 0.052203 - val 0.052454
Epoch 1095/1500 - train 0.052554 - val 0.057373
Epoch 1096/1500 - train 0.052066 - val 0.049061
Epoch 1097/1500 - train 0.053040 - val 0.055040
Epoch 1098/1500 - train 0.047264 - val 0.050501
Epoch 1099/1500 - train 0.049322 - val 0.055061
Epoch 1100/1500 - train 0.048479 - val 0.052341
Epoch 1101/1500 - train 0.050449 - val 0.066125
Epoch 1102/1500 - train 0.050777 - val 0.057627
Epoch 1103/1500 - train 0.055508 - val 0.077799
Epoch 1104/1500 - train 0.049548 - val 0.058078
Epoch 1105/1500 - train 0.048865 - val 0.067517
Epoch 1106/1500 - train 0.051348 - val 0.070508
Epoch 1107/1500 - train 0.051584 - val 0.081404
Epoch 1108/1500 - train 0.053167 - val 0.052076
Epoch 1109/1500 - train 0.051222 - val 0.050627
Epoch 1110/1500 - train 0.054669 - val 0.053576
Epoch 1111/1500 - train 0.048910 - val 0.053517
Epoch 1112/1500 - train 0.052634 - val 0.048761
Epoch 1113/1500 - train 0.051854 - val 0.089712
Epoch 1114/1500 - train 0.055775 - val 0.051876
Epoch 1115/1500 - train 0.050157 - val 0.092994
Epoch 1116/1500 - train 0.051206 - val 0.048883
Epoch 1117/1500 - train 0.054121 - val 0.062256
Epoch 1118/1500 - train 0.048714 - val 0.081853
Epoch 1119/1500 - train 0.052951 - val 0.047026
Epoch 1120/1500 - train 0.050493 - val 0.069431
Epoch 1121/1500 - train 0.051602 - val 0.056096
Epoch 1122/1500 - train 0.049941 - val 0.070916
Epoch 1123/1500 - train 0.054939 - val 0.051367
Epoch 1124/1500 - train 0.049411 - val 0.052528
Epoch 1125/1500 - train 0.050923 - val 0.050107
Epoch 1126/1500 - train 0.054052 - val 0.060303
Epoch 1127/1500 - train 0.048336 - val 0.049478
Epoch 1128/1500 - train 0.055176 - val 0.063246
Epoch 1129/1500 - train 0.052077 - val 0.056579
Epoch 1130/1500 - train 0.049599 - val 0.052293
Epoch 1131/1500 - train 0.046423 - val 0.072969
Epoch 1132/1500 - train 0.054654 - val 0.060447
Epoch 1133/1500 - train 0.048242 - val 0.061145
Epoch 1134/1500 - train 0.049863 - val 0.057758
Epoch 1135/1500 - train 0.049311 - val 0.056656
Epoch 1136/1500 - train 0.049604 - val 0.060039
Epoch 1137/1500 - train 0.055078 - val 0.068649
Epoch 1138/1500 - train 0.053367 - val 0.050494
Epoch 1139/1500 - train 0.052137 - val 0.050274
Epoch 1140/1500 - train 0.048035 - val 0.045167
Epoch 1141/1500 - train 0.049435 - val 0.057979
Epoch 1142/1500 - train 0.048478 - val 0.067098
Epoch 1143/1500 - train 0.049731 - val 0.065787
Epoch 1144/1500 - train 0.051839 - val 0.049689
Epoch 1145/1500 - train 0.049395 - val 0.055405
Epoch 1146/1500 - train 0.053924 - val 0.079653
Epoch 1147/1500 - train 0.049265 - val 0.046432
Epoch 1148/1500 - train 0.055095 - val 0.051409
Epoch 1149/1500 - train 0.050682 - val 0.048498
Epoch 1150/1500 - train 0.049870 - val 0.049294
Epoch 1151/1500 - train 0.050748 - val 0.049727
Epoch 1152/1500 - train 0.048620 - val 0.080904
Epoch 1153/1500 - train 0.058463 - val 0.069789
Epoch 1154/1500 - train 0.051392 - val 0.056789
Epoch 1155/1500 - train 0.050910 - val 0.055028
Epoch 1156/1500 - train 0.052803 - val 0.059762
Epoch 1157/1500 - train 0.049959 - val 0.055789
Epoch 1158/1500 - train 0.051310 - val 0.050522
Epoch 1159/1500 - train 0.051786 - val 0.086850
Epoch 1160/1500 - train 0.054606 - val 0.052962
Epoch 1161/1500 - train 0.051005 - val 0.061102
Epoch 1162/1500 - train 0.047832 - val 0.087752
Epoch 1163/1500 - train 0.052619 - val 0.050993
Epoch 1164/1500 - train 0.050254 - val 0.052609
Epoch 1165/1500 - train 0.051847 - val 0.051024
Epoch 1166/1500 - train 0.050578 - val 0.073390
Epoch 1167/1500 - train 0.049384 - val 0.045775
Epoch 1168/1500 - train 0.052051 - val 0.046657
Epoch 1169/1500 - train 0.050401 - val 0.073991
Epoch 1170/1500 - train 0.049117 - val 0.049106
Epoch 1171/1500 - train 0.050880 - val 0.059078
Epoch 1172/1500 - train 0.050804 - val 0.052626
Epoch 1173/1500 - train 0.050160 - val 0.047155
Epoch 1174/1500 - train 0.047613 - val 0.052833
Epoch 1175/1500 - train 0.049622 - val 0.054412
Epoch 1176/1500 - train 0.049862 - val 0.048033
Epoch 1177/1500 - train 0.050990 - val 0.053985
Epoch 1178/1500 - train 0.053042 - val 0.056969
Epoch 1179/1500 - train 0.055818 - val 0.055421
Epoch 1180/1500 - train 0.048445 - val 0.055659
Epoch 1181/1500 - train 0.051320 - val 0.078407
Epoch 1182/1500 - train 0.049087 - val 0.051265
Epoch 1183/1500 - train 0.052997 - val 0.053700
Epoch 1184/1500 - train 0.050848 - val 0.084460
Epoch 1185/1500 - train 0.054755 - val 0.051476
Epoch 1186/1500 - train 0.047935 - val 0.076905
Epoch 1187/1500 - train 0.049171 - val 0.055015
Epoch 1188/1500 - train 0.050913 - val 0.058744
Epoch 1189/1500 - train 0.050720 - val 0.062648
Epoch 1190/1500 - train 0.050437 - val 0.049228
Epoch 1191/1500 - train 0.050798 - val 0.047499
Epoch 1192/1500 - train 0.048597 - val 0.047840
Epoch 1193/1500 - train 0.050023 - val 0.054346
Epoch 1194/1500 - train 0.051053 - val 0.093771
Epoch 1195/1500 - train 0.054154 - val 0.048839
Epoch 1196/1500 - train 0.047296 - val 0.054713
Epoch 1197/1500 - train 0.052813 - val 0.059933
Epoch 1198/1500 - train 0.047083 - val 0.073885
Epoch 1199/1500 - train 0.049662 - val 0.051582
Epoch 1200/1500 - train 0.060050 - val 0.050167
Epoch 1201/1500 - train 0.048295 - val 0.061666
Epoch 1202/1500 - train 0.048865 - val 0.068496
Epoch 1203/1500 - train 0.049255 - val 0.070699
Epoch 1204/1500 - train 0.052060 - val 0.057584
Epoch 1205/1500 - train 0.050031 - val 0.057310
Epoch 1206/1500 - train 0.050047 - val 0.054510
Epoch 1207/1500 - train 0.050772 - val 0.052463
Epoch 1208/1500 - train 0.048257 - val 0.046569
Epoch 1209/1500 - train 0.049963 - val 0.049613
Epoch 1210/1500 - train 0.051099 - val 0.062719
Epoch 1211/1500 - train 0.051661 - val 0.055729
Epoch 1212/1500 - train 0.050412 - val 0.049305
Epoch 1213/1500 - train 0.048796 - val 0.051933
Epoch 1214/1500 - train 0.053624 - val 0.068315
Epoch 1215/1500 - train 0.050367 - val 0.077715
Epoch 1216/1500 - train 0.052089 - val 0.049560
Epoch 1217/1500 - train 0.052148 - val 0.053799
Epoch 1218/1500 - train 0.048597 - val 0.056187
Epoch 1219/1500 - train 0.050055 - val 0.058977
Epoch 1220/1500 - train 0.051751 - val 0.054195
Epoch 1221/1500 - train 0.055127 - val 0.049570
Epoch 1222/1500 - train 0.049910 - val 0.063013
Epoch 1223/1500 - train 0.057053 - val 0.059365
Epoch 1224/1500 - train 0.048781 - val 0.049513
Epoch 1225/1500 - train 0.050632 - val 0.065702
Epoch 1226/1500 - train 0.045974 - val 0.060724
Epoch 1227/1500 - train 0.052943 - val 0.060693
Epoch 1228/1500 - train 0.049780 - val 0.055769
Epoch 1229/1500 - train 0.051678 - val 0.048091
Epoch 1230/1500 - train 0.049401 - val 0.047872
Epoch 1231/1500 - train 0.048572 - val 0.054732
Epoch 1232/1500 - train 0.048278 - val 0.061056
Epoch 1233/1500 - train 0.050899 - val 0.056494
Epoch 1234/1500 - train 0.048864 - val 0.057594
Epoch 1235/1500 - train 0.053311 - val 0.050611
Epoch 1236/1500 - train 0.048628 - val 0.045367
Epoch 1237/1500 - train 0.049237 - val 0.087785
Epoch 1238/1500 - train 0.051896 - val 0.055276
Epoch 1239/1500 - train 0.053172 - val 0.058369
Epoch 1240/1500 - train 0.050496 - val 0.056565
Epoch 1241/1500 - train 0.049745 - val 0.056674
Epoch 1242/1500 - train 0.049777 - val 0.047453
Epoch 1243/1500 - train 0.052164 - val 0.052972
Epoch 1244/1500 - train 0.048005 - val 0.049342
Epoch 1245/1500 - train 0.052979 - val 0.053872
Epoch 1246/1500 - train 0.051756 - val 0.063660
Epoch 1247/1500 - train 0.047150 - val 0.057761
Epoch 1248/1500 - train 0.047896 - val 0.055476
Epoch 1249/1500 - train 0.058884 - val 0.051756
Epoch 1250/1500 - train 0.050155 - val 0.065471
Epoch 1251/1500 - train 0.049824 - val 0.057599
Epoch 1252/1500 - train 0.047104 - val 0.078184
Epoch 1253/1500 - train 0.051562 - val 0.058848
Epoch 1254/1500 - train 0.052174 - val 0.077280
Epoch 1255/1500 - train 0.049739 - val 0.060074
Epoch 1256/1500 - train 0.048734 - val 0.050354
Epoch 1257/1500 - train 0.056469 - val 0.063884
Epoch 1258/1500 - train 0.050350 - val 0.048098
Epoch 1259/1500 - train 0.046950 - val 0.055626
Epoch 1260/1500 - train 0.049907 - val 0.047297
Epoch 1261/1500 - train 0.047641 - val 0.062518
Epoch 1262/1500 - train 0.050218 - val 0.059830
Epoch 1263/1500 - train 0.051010 - val 0.052444
Epoch 1264/1500 - train 0.047494 - val 0.068751
Epoch 1265/1500 - train 0.051564 - val 0.063779
Epoch 1266/1500 - train 0.049150 - val 0.057825
Epoch 1267/1500 - train 0.047451 - val 0.048168
Epoch 1268/1500 - train 0.049636 - val 0.092973
Epoch 1269/1500 - train 0.054111 - val 0.051155
Epoch 1270/1500 - train 0.051659 - val 0.058689
Epoch 1271/1500 - train 0.046755 - val 0.048004
Epoch 1272/1500 - train 0.049110 - val 0.052256
Epoch 1273/1500 - train 0.047850 - val 0.051774
Epoch 1274/1500 - train 0.051602 - val 0.046206
Epoch 1275/1500 - train 0.051396 - val 0.061243
Epoch 1276/1500 - train 0.050214 - val 0.069072
Epoch 1277/1500 - train 0.050575 - val 0.053391
Epoch 1278/1500 - train 0.049847 - val 0.070468
Epoch 1279/1500 - train 0.048555 - val 0.058565
Epoch 1280/1500 - train 0.050883 - val 0.074343
Epoch 1281/1500 - train 0.051827 - val 0.059867
Epoch 1282/1500 - train 0.048730 - val 0.066315
Epoch 1283/1500 - train 0.052519 - val 0.053225
Epoch 1284/1500 - train 0.053196 - val 0.066960
Epoch 1285/1500 - train 0.051638 - val 0.054984
Epoch 1286/1500 - train 0.051157 - val 0.047313
Epoch 1287/1500 - train 0.048773 - val 0.071530
Epoch 1288/1500 - train 0.051348 - val 0.062049
Epoch 1289/1500 - train 0.048340 - val 0.080418
Epoch 1290/1500 - train 0.049898 - val 0.050481
Epoch 1291/1500 - train 0.052735 - val 0.061323
Epoch 1292/1500 - train 0.050131 - val 0.056051
Epoch 1293/1500 - train 0.049601 - val 0.055625
Epoch 1294/1500 - train 0.048012 - val 0.064790
Epoch 1295/1500 - train 0.047321 - val 0.101086
Epoch 1296/1500 - train 0.054237 - val 0.056076
Epoch 1297/1500 - train 0.052871 - val 0.052274
Epoch 1298/1500 - train 0.054087 - val 0.056711
Epoch 1299/1500 - train 0.046570 - val 0.081184
Epoch 1300/1500 - train 0.048590 - val 0.067736
Epoch 1301/1500 - train 0.050208 - val 0.057550
Epoch 1302/1500 - train 0.048988 - val 0.071981
Epoch 1303/1500 - train 0.048899 - val 0.052225
Epoch 1304/1500 - train 0.050970 - val 0.069611
Epoch 1305/1500 - train 0.054914 - val 0.060149
Epoch 1306/1500 - train 0.048175 - val 0.059330
Epoch 1307/1500 - train 0.051319 - val 0.066124
Epoch 1308/1500 - train 0.052355 - val 0.051025
Epoch 1309/1500 - train 0.049545 - val 0.046691
Epoch 1310/1500 - train 0.049274 - val 0.066457
Epoch 1311/1500 - train 0.051531 - val 0.049047
Epoch 1312/1500 - train 0.045143 - val 0.054736
Epoch 1313/1500 - train 0.055794 - val 0.063352
Epoch 1314/1500 - train 0.049135 - val 0.050579
Epoch 1315/1500 - train 0.049361 - val 0.078172
Epoch 1316/1500 - train 0.049560 - val 0.063703
Epoch 1317/1500 - train 0.047842 - val 0.046935
Epoch 1318/1500 - train 0.050398 - val 0.053195
Epoch 1319/1500 - train 0.053569 - val 0.065315
Epoch 1320/1500 - train 0.051180 - val 0.058946
Epoch 1321/1500 - train 0.051157 - val 0.051511
Epoch 1322/1500 - train 0.048663 - val 0.049137
Epoch 1323/1500 - train 0.049176 - val 0.049672
Epoch 1324/1500 - train 0.051598 - val 0.052339
Epoch 1325/1500 - train 0.051469 - val 0.055786
Epoch 1326/1500 - train 0.047423 - val 0.049196
Epoch 1327/1500 - train 0.052487 - val 0.065154
Epoch 1328/1500 - train 0.049024 - val 0.055882
Epoch 1329/1500 - train 0.052237 - val 0.059789
Epoch 1330/1500 - train 0.052673 - val 0.105899
Epoch 1331/1500 - train 0.056849 - val 0.074118
Epoch 1332/1500 - train 0.052463 - val 0.058079
Epoch 1333/1500 - train 0.051029 - val 0.061851
Epoch 1334/1500 - train 0.051379 - val 0.049171
Epoch 1335/1500 - train 0.047876 - val 0.058566
Epoch 1336/1500 - train 0.049583 - val 0.077648
Epoch 1337/1500 - train 0.049274 - val 0.053023
Epoch 1338/1500 - train 0.051755 - val 0.067534
Epoch 1339/1500 - train 0.047740 - val 0.114210
Epoch 1340/1500 - train 0.069547 - val 0.053161
Epoch 1341/1500 - train 0.047706 - val 0.079913
Epoch 1342/1500 - train 0.050201 - val 0.046780
Epoch 1343/1500 - train 0.051492 - val 0.068582
Epoch 1344/1500 - train 0.048415 - val 0.047507
Epoch 1345/1500 - train 0.048272 - val 0.055989
Epoch 1346/1500 - train 0.048147 - val 0.052245
Epoch 1347/1500 - train 0.049795 - val 0.048367
Epoch 1348/1500 - train 0.048335 - val 0.049778
Epoch 1349/1500 - train 0.050290 - val 0.054850
Epoch 1350/1500 - train 0.049499 - val 0.053716
Epoch 1351/1500 - train 0.048389 - val 0.071051
Epoch 1352/1500 - train 0.048439 - val 0.055547
Epoch 1353/1500 - train 0.053489 - val 0.048707
Epoch 1354/1500 - train 0.049330 - val 0.062315
Epoch 1355/1500 - train 0.053091 - val 0.056112
Epoch 1356/1500 - train 0.048838 - val 0.056232
Epoch 1357/1500 - train 0.048207 - val 0.052924
Epoch 1358/1500 - train 0.047863 - val 0.049115
Epoch 1359/1500 - train 0.048566 - val 0.070227
Epoch 1360/1500 - train 0.049504 - val 0.058901
Epoch 1361/1500 - train 0.055309 - val 0.070309
Epoch 1362/1500 - train 0.053219 - val 0.053268
Epoch 1363/1500 - train 0.048530 - val 0.049245
Epoch 1364/1500 - train 0.057927 - val 0.062842
Epoch 1365/1500 - train 0.051206 - val 0.046376
Epoch 1366/1500 - train 0.048026 - val 0.046060
Epoch 1367/1500 - train 0.050574 - val 0.089757
Epoch 1368/1500 - train 0.051236 - val 0.046311
Epoch 1369/1500 - train 0.045478 - val 0.056636
Epoch 1370/1500 - train 0.050787 - val 0.051066
Epoch 1371/1500 - train 0.049571 - val 0.046952
Epoch 1372/1500 - train 0.047510 - val 0.055241
Epoch 1373/1500 - train 0.049789 - val 0.244521
Epoch 1374/1500 - train 0.079109 - val 0.058669
Epoch 1375/1500 - train 0.051683 - val 0.050859
Epoch 1376/1500 - train 0.049227 - val 0.048876
Epoch 1377/1500 - train 0.049798 - val 0.046579
Epoch 1378/1500 - train 0.046348 - val 0.067072
Epoch 1379/1500 - train 0.058188 - val 0.067532
Epoch 1380/1500 - train 0.050261 - val 0.050905
Epoch 1381/1500 - train 0.051653 - val 0.055850
Epoch 1382/1500 - train 0.051130 - val 0.053219
Epoch 1383/1500 - train 0.048156 - val 0.051418
Epoch 1384/1500 - train 0.049045 - val 0.059200
Epoch 1385/1500 - train 0.045146 - val 0.059790
Epoch 1386/1500 - train 0.047640 - val 0.051619
Epoch 1387/1500 - train 0.060951 - val 0.052704
Epoch 1388/1500 - train 0.046519 - val 0.077115
Epoch 1389/1500 - train 0.049926 - val 0.052767
Epoch 1390/1500 - train 0.050358 - val 0.048774
Epoch 1391/1500 - train 0.049005 - val 0.053434
Epoch 1392/1500 - train 0.050422 - val 0.061622
Epoch 1393/1500 - train 0.048744 - val 0.073646
Epoch 1394/1500 - train 0.048338 - val 0.053959
Epoch 1395/1500 - train 0.050534 - val 0.080284
Epoch 1396/1500 - train 0.050175 - val 0.051975
Epoch 1397/1500 - train 0.049461 - val 0.054959
Epoch 1398/1500 - train 0.050703 - val 0.064764
Epoch 1399/1500 - train 0.049432 - val 0.055549
Epoch 1400/1500 - train 0.049564 - val 0.051338
Epoch 1401/1500 - train 0.052991 - val 0.060180
Epoch 1402/1500 - train 0.047646 - val 0.050260
Epoch 1403/1500 - train 0.049516 - val 0.060203
Epoch 1404/1500 - train 0.050523 - val 0.047721
Epoch 1405/1500 - train 0.050348 - val 0.067156
Epoch 1406/1500 - train 0.051899 - val 0.059510
Epoch 1407/1500 - train 0.051706 - val 0.058120
Epoch 1408/1500 - train 0.046563 - val 0.058661
Epoch 1409/1500 - train 0.050065 - val 0.048698
Epoch 1410/1500 - train 0.053309 - val 0.055525
Epoch 1411/1500 - train 0.048576 - val 0.065797
Epoch 1412/1500 - train 0.047619 - val 0.051935
Epoch 1413/1500 - train 0.048170 - val 0.064862
Epoch 1414/1500 - train 0.050883 - val 0.092487
Epoch 1415/1500 - train 0.058326 - val 0.052780
Epoch 1416/1500 - train 0.049883 - val 0.068083
Epoch 1417/1500 - train 0.049532 - val 0.054629
Epoch 1418/1500 - train 0.049418 - val 0.054441
Epoch 1419/1500 - train 0.047457 - val 0.080959
Epoch 1420/1500 - train 0.054311 - val 0.046868
Epoch 1421/1500 - train 0.048710 - val 0.082981
Epoch 1422/1500 - train 0.052703 - val 0.069554
Epoch 1423/1500 - train 0.049262 - val 0.048657
Epoch 1424/1500 - train 0.045871 - val 0.056633
Epoch 1425/1500 - train 0.044719 - val 0.125178
Epoch 1426/1500 - train 0.067116 - val 0.049053
Epoch 1427/1500 - train 0.050679 - val 0.047794
Epoch 1428/1500 - train 0.050980 - val 0.063019
Epoch 1429/1500 - train 0.049173 - val 0.066702
Epoch 1430/1500 - train 0.048126 - val 0.059460
Epoch 1431/1500 - train 0.049869 - val 0.059638
Epoch 1432/1500 - train 0.047005 - val 0.074384
Epoch 1433/1500 - train 0.056326 - val 0.073408
Epoch 1434/1500 - train 0.049337 - val 0.053293
Epoch 1435/1500 - train 0.048368 - val 0.059298
Epoch 1436/1500 - train 0.050222 - val 0.050091
Epoch 1437/1500 - train 0.047472 - val 0.059795
Epoch 1438/1500 - train 0.047957 - val 0.053442
Epoch 1439/1500 - train 0.047986 - val 0.072809
Epoch 1440/1500 - train 0.055608 - val 0.052708
Epoch 1441/1500 - train 0.045338 - val 0.047853
Epoch 1442/1500 - train 0.054357 - val 0.070400
Epoch 1443/1500 - train 0.049015 - val 0.048353
Epoch 1444/1500 - train 0.052880 - val 0.063824
Epoch 1445/1500 - train 0.052586 - val 0.055450
Epoch 1446/1500 - train 0.049921 - val 0.054311
Epoch 1447/1500 - train 0.052946 - val 0.075699
Epoch 1448/1500 - train 0.053875 - val 0.057032
Epoch 1449/1500 - train 0.046914 - val 0.068636
Epoch 1450/1500 - train 0.046645 - val 0.067697
Epoch 1451/1500 - train 0.050806 - val 0.052466
Epoch 1452/1500 - train 0.048137 - val 0.064518
Epoch 1453/1500 - train 0.050563 - val 0.046340
Epoch 1454/1500 - train 0.051376 - val 0.058739
Epoch 1455/1500 - train 0.047151 - val 0.050956
Epoch 1456/1500 - train 0.047009 - val 0.052289
Epoch 1457/1500 - train 0.050230 - val 0.050534
Epoch 1458/1500 - train 0.047095 - val 0.063579
Epoch 1459/1500 - train 0.048097 - val 0.049092
Epoch 1460/1500 - train 0.051373 - val 0.074483
Epoch 1461/1500 - train 0.050356 - val 0.048040
Epoch 1462/1500 - train 0.049810 - val 0.058080
Epoch 1463/1500 - train 0.046553 - val 0.046487
Epoch 1464/1500 - train 0.047456 - val 0.059014
Epoch 1465/1500 - train 0.050861 - val 0.063760
Epoch 1466/1500 - train 0.048646 - val 0.054174
Epoch 1467/1500 - train 0.054954 - val 0.063851
Epoch 1468/1500 - train 0.047574 - val 0.059458
Epoch 1469/1500 - train 0.051761 - val 0.065222
Epoch 1470/1500 - train 0.048047 - val 0.069697
Epoch 1471/1500 - train 0.050933 - val 0.064833
Epoch 1472/1500 - train 0.050662 - val 0.075031
Epoch 1473/1500 - train 0.049350 - val 0.045460
Epoch 1474/1500 - train 0.048690 - val 0.050097
Epoch 1475/1500 - train 0.045704 - val 0.066403
Epoch 1476/1500 - train 0.049949 - val 0.055134
Epoch 1477/1500 - train 0.046042 - val 0.061895
Epoch 1478/1500 - train 0.051492 - val 0.053494
Epoch 1479/1500 - train 0.047761 - val 0.047388
Epoch 1480/1500 - train 0.047337 - val 0.052659
Epoch 1481/1500 - train 0.052126 - val 0.075490
Epoch 1482/1500 - train 0.052167 - val 0.052261
Epoch 1483/1500 - train 0.050284 - val 0.047983
Epoch 1484/1500 - train 0.050437 - val 0.053661
Epoch 1485/1500 - train 0.049500 - val 0.063683
Epoch 1486/1500 - train 0.048250 - val 0.059405
Epoch 1487/1500 - train 0.046382 - val 0.063509
Epoch 1488/1500 - train 0.045517 - val 0.049195
Epoch 1489/1500 - train 0.051455 - val 0.045876
Epoch 1490/1500 - train 0.047988 - val 0.055716
Epoch 1491/1500 - train 0.049664 - val 0.085177
Epoch 1492/1500 - train 0.049634 - val 0.065739
Epoch 1493/1500 - train 0.048487 - val 0.047533
Epoch 1494/1500 - train 0.046568 - val 0.043089
Epoch 1495/1500 - train 0.053036 - val 0.053462
Epoch 1496/1500 - train 0.048389 - val 0.059494
Epoch 1497/1500 - train 0.051088 - val 0.050501
Epoch 1498/1500 - train 0.047787 - val 0.056193
Epoch 1499/1500 - train 0.048234 - val 0.045742
Epoch 1500/1500 - train 0.048879 - val 0.060040
Saved model to /scratch/network/ak9088/NASA-RL-Wavefront-Control/RL/jobs/20251224_231912/exp-fc1-zscore-ep1500-bs2048-lr1e-3-s42-h128-64-images-wd0.0005/fc1_best.pth
