y: [[-3.01948577e-01 -1.56999201e-01 -8.37100446e-02 ... -4.71909642e-02
   2.47504022e-02  4.47161568e-07]
 [ 2.74821997e-01 -1.02294907e-01 -5.63746214e-01 ... -4.59444225e-02
  -5.64354733e-02  4.47161568e-07]
 [ 5.95149398e-02  2.33263269e-01 -3.06408316e-01 ...  2.25831587e-02
  -1.20181506e-02  4.47161568e-07]
 ...
 [ 4.42554802e-01  3.15719873e-01  2.77699292e-01 ... -3.95034067e-02
  -1.14195935e-01  4.47161568e-07]
 [ 4.53366876e-01  1.46775022e-01  2.77601451e-01 ...  6.94388151e-03
  -6.98646232e-02  4.47161568e-07]
 [ 4.41307187e-01 -6.00950122e-01 -7.07667843e-02 ... -9.30655524e-02
   9.98187251e-03  4.47161568e-07]]
Dataset loaded: N=100000 (original 100000), C=3, H=28, W=28, y_dim=26
using device: cpu
Epoch 1/1500 - train 0.403430 - val 0.336579
Epoch 2/1500 - train 0.347438 - val 0.323126
Epoch 3/1500 - train 0.338634 - val 0.315263
Epoch 4/1500 - train 0.331918 - val 0.311554
Epoch 5/1500 - train 0.327859 - val 0.305816
Epoch 6/1500 - train 0.324862 - val 0.300319
Epoch 7/1500 - train 0.320358 - val 0.293189
Epoch 8/1500 - train 0.316923 - val 0.294055
Epoch 9/1500 - train 0.314408 - val 0.289706
Epoch 10/1500 - train 0.311408 - val 0.283627
Epoch 11/1500 - train 0.308696 - val 0.280578
Epoch 12/1500 - train 0.306609 - val 0.281332
Epoch 13/1500 - train 0.303682 - val 0.280834
Epoch 14/1500 - train 0.302096 - val 0.270832
Epoch 15/1500 - train 0.299053 - val 0.271270
Epoch 16/1500 - train 0.297755 - val 0.273845
Epoch 17/1500 - train 0.296382 - val 0.267062
Epoch 18/1500 - train 0.294990 - val 0.268750
Epoch 19/1500 - train 0.292957 - val 0.260743
Epoch 20/1500 - train 0.292139 - val 0.262782
Epoch 21/1500 - train 0.291062 - val 0.262672
Epoch 22/1500 - train 0.289914 - val 0.266745
Epoch 23/1500 - train 0.289458 - val 0.262600
Epoch 24/1500 - train 0.288138 - val 0.258269
Epoch 25/1500 - train 0.288323 - val 0.260431
Epoch 26/1500 - train 0.287021 - val 0.256263
Epoch 27/1500 - train 0.286661 - val 0.257296
Epoch 28/1500 - train 0.285876 - val 0.253389
Epoch 29/1500 - train 0.285975 - val 0.255767
Epoch 30/1500 - train 0.285028 - val 0.254410
Epoch 31/1500 - train 0.284572 - val 0.260085
Epoch 32/1500 - train 0.284133 - val 0.253554
Epoch 33/1500 - train 0.283658 - val 0.251075
Epoch 34/1500 - train 0.283740 - val 0.256338
Epoch 35/1500 - train 0.284500 - val 0.254398
Epoch 36/1500 - train 0.282825 - val 0.251641
Epoch 37/1500 - train 0.283714 - val 0.252294
Epoch 38/1500 - train 0.282648 - val 0.256076
Epoch 39/1500 - train 0.283150 - val 0.252987
Epoch 40/1500 - train 0.282511 - val 0.252256
Epoch 41/1500 - train 0.282895 - val 0.252668
Epoch 42/1500 - train 0.282876 - val 0.256111
Epoch 43/1500 - train 0.282006 - val 0.250318
Epoch 44/1500 - train 0.281938 - val 0.253706
Epoch 45/1500 - train 0.282280 - val 0.249181
Epoch 46/1500 - train 0.281189 - val 0.250159
Epoch 47/1500 - train 0.281569 - val 0.256792
Epoch 48/1500 - train 0.281225 - val 0.251682
Epoch 49/1500 - train 0.281251 - val 0.248482
Epoch 50/1500 - train 0.281847 - val 0.254249
Epoch 51/1500 - train 0.280725 - val 0.254913
Epoch 52/1500 - train 0.281486 - val 0.255076
Epoch 53/1500 - train 0.280722 - val 0.247402
Epoch 54/1500 - train 0.280591 - val 0.250316
Epoch 55/1500 - train 0.280333 - val 0.245626
Epoch 56/1500 - train 0.280574 - val 0.249705
Epoch 57/1500 - train 0.281063 - val 0.252157
Epoch 58/1500 - train 0.280491 - val 0.255685
Epoch 59/1500 - train 0.280526 - val 0.249318
Epoch 60/1500 - train 0.280827 - val 0.248322
Epoch 61/1500 - train 0.280464 - val 0.250869
Epoch 62/1500 - train 0.280281 - val 0.249186
Epoch 63/1500 - train 0.280109 - val 0.258788
Epoch 64/1500 - train 0.280882 - val 0.247201
Epoch 65/1500 - train 0.280509 - val 0.250100
Epoch 66/1500 - train 0.280243 - val 0.250530
Epoch 67/1500 - train 0.280877 - val 0.249271
Epoch 68/1500 - train 0.279128 - val 0.248680
Epoch 69/1500 - train 0.280562 - val 0.247223
Epoch 70/1500 - train 0.280197 - val 0.250347
Epoch 71/1500 - train 0.280001 - val 0.251777
Epoch 72/1500 - train 0.280608 - val 0.248360
Epoch 73/1500 - train 0.280670 - val 0.252384
Epoch 74/1500 - train 0.280248 - val 0.251095
Epoch 75/1500 - train 0.280205 - val 0.247969
Epoch 76/1500 - train 0.280340 - val 0.246341
Epoch 77/1500 - train 0.280012 - val 0.249539
Epoch 78/1500 - train 0.280029 - val 0.251899
Epoch 79/1500 - train 0.280248 - val 0.252514
Epoch 80/1500 - train 0.280370 - val 0.251466
Epoch 81/1500 - train 0.279932 - val 0.252264
Epoch 82/1500 - train 0.279887 - val 0.247958
Epoch 83/1500 - train 0.279750 - val 0.249138
Epoch 84/1500 - train 0.280152 - val 0.248717
Epoch 85/1500 - train 0.280110 - val 0.249219
Epoch 86/1500 - train 0.279195 - val 0.247265
Epoch 87/1500 - train 0.280178 - val 0.252394
Epoch 88/1500 - train 0.279811 - val 0.250111
Epoch 89/1500 - train 0.280206 - val 0.249105
Epoch 90/1500 - train 0.280276 - val 0.249221
Epoch 91/1500 - train 0.279785 - val 0.249793
Epoch 92/1500 - train 0.279852 - val 0.253382
Epoch 93/1500 - train 0.279975 - val 0.248787
Epoch 94/1500 - train 0.280525 - val 0.249896
Epoch 95/1500 - train 0.279704 - val 0.247764
Epoch 96/1500 - train 0.279673 - val 0.243322
Epoch 97/1500 - train 0.280208 - val 0.248286
Epoch 98/1500 - train 0.279325 - val 0.250588
Epoch 99/1500 - train 0.280058 - val 0.248739
Epoch 100/1500 - train 0.280288 - val 0.249766
Epoch 101/1500 - train 0.280105 - val 0.249614
Epoch 102/1500 - train 0.279444 - val 0.246151
Epoch 103/1500 - train 0.280108 - val 0.248898
Epoch 104/1500 - train 0.280625 - val 0.253530
Epoch 105/1500 - train 0.280345 - val 0.247802
Epoch 106/1500 - train 0.279340 - val 0.251325
Epoch 107/1500 - train 0.279885 - val 0.246668
Epoch 108/1500 - train 0.279666 - val 0.252438
Epoch 109/1500 - train 0.280424 - val 0.247316
Epoch 110/1500 - train 0.280473 - val 0.248737
Epoch 111/1500 - train 0.279685 - val 0.248283
Epoch 112/1500 - train 0.279015 - val 0.250959
Epoch 113/1500 - train 0.279490 - val 0.248550
Epoch 114/1500 - train 0.280052 - val 0.248667
Epoch 115/1500 - train 0.279546 - val 0.245838
Epoch 116/1500 - train 0.279500 - val 0.249763
Epoch 117/1500 - train 0.279625 - val 0.248007
Epoch 118/1500 - train 0.280639 - val 0.249161
Epoch 119/1500 - train 0.279704 - val 0.251993
Epoch 120/1500 - train 0.280052 - val 0.247129
Epoch 121/1500 - train 0.279737 - val 0.247659
Epoch 122/1500 - train 0.279559 - val 0.251409
Epoch 123/1500 - train 0.279706 - val 0.246171
Epoch 124/1500 - train 0.279776 - val 0.251369
Epoch 125/1500 - train 0.280605 - val 0.247413
Epoch 126/1500 - train 0.280035 - val 0.252488
Epoch 127/1500 - train 0.279769 - val 0.247917
Epoch 128/1500 - train 0.279956 - val 0.250985
Epoch 129/1500 - train 0.280001 - val 0.249719
Epoch 130/1500 - train 0.279887 - val 0.248168
Epoch 131/1500 - train 0.280364 - val 0.243626
Epoch 132/1500 - train 0.279740 - val 0.249030
Epoch 133/1500 - train 0.279589 - val 0.250856
Epoch 134/1500 - train 0.279565 - val 0.247329
Epoch 135/1500 - train 0.280163 - val 0.251765
Epoch 136/1500 - train 0.279708 - val 0.248484
Epoch 137/1500 - train 0.280199 - val 0.248622
Epoch 138/1500 - train 0.279983 - val 0.245346
Epoch 139/1500 - train 0.279509 - val 0.247303
Epoch 140/1500 - train 0.280223 - val 0.250513
Epoch 141/1500 - train 0.279998 - val 0.247897
Epoch 142/1500 - train 0.279413 - val 0.245610
Epoch 143/1500 - train 0.279573 - val 0.249714
Epoch 144/1500 - train 0.279645 - val 0.251337
Epoch 145/1500 - train 0.279386 - val 0.245818
Epoch 146/1500 - train 0.279134 - val 0.246168
Epoch 147/1500 - train 0.280047 - val 0.245344
Epoch 148/1500 - train 0.279823 - val 0.247250
Epoch 149/1500 - train 0.279539 - val 0.246863
Epoch 150/1500 - train 0.279909 - val 0.246719
Epoch 151/1500 - train 0.279407 - val 0.250415
Epoch 152/1500 - train 0.278884 - val 0.244333
Epoch 153/1500 - train 0.279301 - val 0.250412
Epoch 154/1500 - train 0.279615 - val 0.249150
Epoch 155/1500 - train 0.280271 - val 0.248217
Epoch 156/1500 - train 0.280210 - val 0.246782
Epoch 157/1500 - train 0.279790 - val 0.254708
Epoch 158/1500 - train 0.279832 - val 0.246826
Epoch 159/1500 - train 0.279682 - val 0.248305
Epoch 160/1500 - train 0.279907 - val 0.248650
Epoch 161/1500 - train 0.279975 - val 0.248024
Epoch 162/1500 - train 0.279563 - val 0.244736
Epoch 163/1500 - train 0.279730 - val 0.250909
Epoch 164/1500 - train 0.278757 - val 0.247327
Epoch 165/1500 - train 0.279796 - val 0.246963
Epoch 166/1500 - train 0.279212 - val 0.245625
Epoch 167/1500 - train 0.279379 - val 0.251632
Epoch 168/1500 - train 0.279913 - val 0.251726
Epoch 169/1500 - train 0.279895 - val 0.248101
Epoch 170/1500 - train 0.279551 - val 0.246107
Epoch 171/1500 - train 0.279581 - val 0.248368
Epoch 172/1500 - train 0.279423 - val 0.249963
Epoch 173/1500 - train 0.280080 - val 0.246037
Epoch 174/1500 - train 0.280117 - val 0.251411
Epoch 175/1500 - train 0.279257 - val 0.247473
Epoch 176/1500 - train 0.279190 - val 0.252231
Epoch 177/1500 - train 0.280438 - val 0.248287
Epoch 178/1500 - train 0.279342 - val 0.251851
Epoch 179/1500 - train 0.278734 - val 0.247345
Epoch 180/1500 - train 0.279683 - val 0.248663
Epoch 181/1500 - train 0.280076 - val 0.250174
Epoch 182/1500 - train 0.279667 - val 0.246925
Epoch 183/1500 - train 0.280214 - val 0.249668
Epoch 184/1500 - train 0.279643 - val 0.249897
Epoch 185/1500 - train 0.279210 - val 0.247684
Epoch 186/1500 - train 0.280230 - val 0.248560
Epoch 187/1500 - train 0.279804 - val 0.248223
Epoch 188/1500 - train 0.279525 - val 0.247756
Epoch 189/1500 - train 0.279457 - val 0.246866
Epoch 190/1500 - train 0.279488 - val 0.249202
Epoch 191/1500 - train 0.279781 - val 0.249578
Epoch 192/1500 - train 0.279510 - val 0.246583
Epoch 193/1500 - train 0.279318 - val 0.251338
Epoch 194/1500 - train 0.279209 - val 0.245664
Epoch 195/1500 - train 0.278774 - val 0.245106
Epoch 196/1500 - train 0.279115 - val 0.250540
Epoch 197/1500 - train 0.280188 - val 0.250467
Epoch 198/1500 - train 0.278838 - val 0.250197
Epoch 199/1500 - train 0.278862 - val 0.246367
Epoch 200/1500 - train 0.280879 - val 0.251818
Epoch 201/1500 - train 0.279101 - val 0.248008
Epoch 202/1500 - train 0.279294 - val 0.247788
Epoch 203/1500 - train 0.279714 - val 0.252020
Epoch 204/1500 - train 0.279871 - val 0.246508
Epoch 205/1500 - train 0.279411 - val 0.245907
Epoch 206/1500 - train 0.279045 - val 0.245948
Epoch 207/1500 - train 0.278723 - val 0.246510
Epoch 208/1500 - train 0.279398 - val 0.252104
Epoch 209/1500 - train 0.279527 - val 0.249417
Epoch 210/1500 - train 0.279272 - val 0.244949
Epoch 211/1500 - train 0.279190 - val 0.250758
Epoch 212/1500 - train 0.279454 - val 0.248670
Epoch 213/1500 - train 0.279479 - val 0.245308
Epoch 214/1500 - train 0.279991 - val 0.245443
Epoch 215/1500 - train 0.279718 - val 0.251522
Epoch 216/1500 - train 0.278927 - val 0.252494
Epoch 217/1500 - train 0.279223 - val 0.249684
Epoch 218/1500 - train 0.279793 - val 0.245807
Epoch 219/1500 - train 0.279766 - val 0.249979
Epoch 220/1500 - train 0.280022 - val 0.245837
Epoch 221/1500 - train 0.279489 - val 0.246210
Epoch 222/1500 - train 0.279355 - val 0.244860
Epoch 223/1500 - train 0.279093 - val 0.245623
Epoch 224/1500 - train 0.279408 - val 0.248888
Epoch 225/1500 - train 0.280019 - val 0.250185
Epoch 226/1500 - train 0.279749 - val 0.249735
Epoch 227/1500 - train 0.279758 - val 0.248611
Epoch 228/1500 - train 0.279405 - val 0.248122
Epoch 229/1500 - train 0.279190 - val 0.249313
Epoch 230/1500 - train 0.280366 - val 0.251093
Epoch 231/1500 - train 0.279404 - val 0.246143
Epoch 232/1500 - train 0.279157 - val 0.245757
Epoch 233/1500 - train 0.279936 - val 0.249694
Epoch 234/1500 - train 0.279670 - val 0.245819
Epoch 235/1500 - train 0.279841 - val 0.249482
Epoch 236/1500 - train 0.279488 - val 0.255641
Epoch 237/1500 - train 0.279614 - val 0.251395
Epoch 238/1500 - train 0.279371 - val 0.248186
Epoch 239/1500 - train 0.278816 - val 0.249929
Epoch 240/1500 - train 0.279009 - val 0.248586
Epoch 241/1500 - train 0.280177 - val 0.246477
Epoch 242/1500 - train 0.278865 - val 0.245867
Epoch 243/1500 - train 0.279042 - val 0.246591
Epoch 244/1500 - train 0.279085 - val 0.247772
Epoch 245/1500 - train 0.279695 - val 0.247375
Epoch 246/1500 - train 0.279106 - val 0.247622
Epoch 247/1500 - train 0.279175 - val 0.250145
Epoch 248/1500 - train 0.279463 - val 0.247501
Epoch 249/1500 - train 0.279326 - val 0.244437
Epoch 250/1500 - train 0.279125 - val 0.245208
Epoch 251/1500 - train 0.279199 - val 0.248736
Epoch 252/1500 - train 0.279643 - val 0.251568
Epoch 253/1500 - train 0.279137 - val 0.248309
Epoch 254/1500 - train 0.279481 - val 0.247326
Epoch 255/1500 - train 0.279594 - val 0.247608
Epoch 256/1500 - train 0.280123 - val 0.249136
Epoch 257/1500 - train 0.279240 - val 0.248512
Epoch 258/1500 - train 0.278865 - val 0.251997
Epoch 259/1500 - train 0.279466 - val 0.249362
Epoch 260/1500 - train 0.279011 - val 0.245183
Epoch 261/1500 - train 0.279221 - val 0.247791
Epoch 262/1500 - train 0.279235 - val 0.244478
Epoch 263/1500 - train 0.279591 - val 0.247113
Epoch 264/1500 - train 0.279466 - val 0.246757
Epoch 265/1500 - train 0.279196 - val 0.245940
Epoch 266/1500 - train 0.279607 - val 0.247042
Epoch 267/1500 - train 0.279408 - val 0.246135
Epoch 268/1500 - train 0.279656 - val 0.246585
Epoch 269/1500 - train 0.279460 - val 0.249965
Epoch 270/1500 - train 0.279651 - val 0.247821
Epoch 271/1500 - train 0.279767 - val 0.250232
Epoch 272/1500 - train 0.279664 - val 0.250283
Epoch 273/1500 - train 0.279677 - val 0.246560
Epoch 274/1500 - train 0.279420 - val 0.248743
Epoch 275/1500 - train 0.279021 - val 0.248451
Epoch 276/1500 - train 0.279713 - val 0.248548
Epoch 277/1500 - train 0.279874 - val 0.250123
Epoch 278/1500 - train 0.279958 - val 0.245341
Epoch 279/1500 - train 0.279406 - val 0.247758
Epoch 280/1500 - train 0.279661 - val 0.246069
Epoch 281/1500 - train 0.279696 - val 0.245819
Epoch 282/1500 - train 0.279525 - val 0.246660
Epoch 283/1500 - train 0.279536 - val 0.250807
Epoch 284/1500 - train 0.279553 - val 0.244719
Epoch 285/1500 - train 0.279143 - val 0.246308
Epoch 286/1500 - train 0.279942 - val 0.244208
Epoch 287/1500 - train 0.279369 - val 0.246951
Epoch 288/1500 - train 0.279186 - val 0.248966
Epoch 289/1500 - train 0.279725 - val 0.248845
Epoch 290/1500 - train 0.279682 - val 0.245640
Epoch 291/1500 - train 0.278693 - val 0.253059
Epoch 292/1500 - train 0.279343 - val 0.247770
Epoch 293/1500 - train 0.279422 - val 0.248324
Epoch 294/1500 - train 0.280145 - val 0.245982
Epoch 295/1500 - train 0.278740 - val 0.247742
Epoch 296/1500 - train 0.279215 - val 0.252610
Epoch 297/1500 - train 0.279407 - val 0.246973
Epoch 298/1500 - train 0.279471 - val 0.246450
Epoch 299/1500 - train 0.280260 - val 0.246980
Epoch 300/1500 - train 0.279474 - val 0.249519
Epoch 301/1500 - train 0.279282 - val 0.251471
Epoch 302/1500 - train 0.278960 - val 0.246816
Epoch 303/1500 - train 0.279571 - val 0.249720
Epoch 304/1500 - train 0.279244 - val 0.246613
Epoch 305/1500 - train 0.279082 - val 0.255175
Epoch 306/1500 - train 0.280147 - val 0.245986
Epoch 307/1500 - train 0.279452 - val 0.245732
Epoch 308/1500 - train 0.279067 - val 0.246882
Epoch 309/1500 - train 0.279629 - val 0.246017
Epoch 310/1500 - train 0.279796 - val 0.247457
Epoch 311/1500 - train 0.279247 - val 0.252464
Epoch 312/1500 - train 0.279210 - val 0.246342
Epoch 313/1500 - train 0.279456 - val 0.250563
Epoch 314/1500 - train 0.279021 - val 0.249611
Epoch 315/1500 - train 0.279532 - val 0.244688
Epoch 316/1500 - train 0.279272 - val 0.245973
Epoch 317/1500 - train 0.279272 - val 0.243345
Epoch 318/1500 - train 0.279485 - val 0.249650
Epoch 319/1500 - train 0.278971 - val 0.248314
Epoch 320/1500 - train 0.279340 - val 0.247877
Epoch 321/1500 - train 0.279041 - val 0.253680
Epoch 322/1500 - train 0.279746 - val 0.245251
Epoch 323/1500 - train 0.280420 - val 0.247051
Epoch 324/1500 - train 0.279098 - val 0.248486
Epoch 325/1500 - train 0.279405 - val 0.250205
Epoch 326/1500 - train 0.279315 - val 0.247438
Epoch 327/1500 - train 0.279305 - val 0.249328
Epoch 328/1500 - train 0.279192 - val 0.247276
Epoch 329/1500 - train 0.279453 - val 0.252889
Epoch 330/1500 - train 0.279336 - val 0.250724
Epoch 331/1500 - train 0.278925 - val 0.245610
Epoch 332/1500 - train 0.279679 - val 0.244747
Epoch 333/1500 - train 0.278499 - val 0.244920
Epoch 334/1500 - train 0.278747 - val 0.254956
Epoch 335/1500 - train 0.280083 - val 0.248500
Epoch 336/1500 - train 0.279146 - val 0.246389
Epoch 337/1500 - train 0.279268 - val 0.247672
Epoch 338/1500 - train 0.279432 - val 0.251470
Epoch 339/1500 - train 0.279283 - val 0.244864
Epoch 340/1500 - train 0.279099 - val 0.247674
Epoch 341/1500 - train 0.279466 - val 0.248917
Epoch 342/1500 - train 0.278544 - val 0.252976
Epoch 343/1500 - train 0.279216 - val 0.248196
Epoch 344/1500 - train 0.280072 - val 0.249491
Epoch 345/1500 - train 0.278848 - val 0.251051
Epoch 346/1500 - train 0.279025 - val 0.248419
Epoch 347/1500 - train 0.279292 - val 0.244756
Epoch 348/1500 - train 0.278935 - val 0.249192
Epoch 349/1500 - train 0.278567 - val 0.249844
Epoch 350/1500 - train 0.279680 - val 0.246815
Epoch 351/1500 - train 0.279083 - val 0.247230
Epoch 352/1500 - train 0.279178 - val 0.247803
Epoch 353/1500 - train 0.278617 - val 0.247096
Epoch 354/1500 - train 0.279308 - val 0.245026
Epoch 355/1500 - train 0.279391 - val 0.247195
Epoch 356/1500 - train 0.279357 - val 0.247626
Epoch 357/1500 - train 0.278787 - val 0.246256
Epoch 358/1500 - train 0.278648 - val 0.246697
Epoch 359/1500 - train 0.279280 - val 0.246891
Epoch 360/1500 - train 0.279224 - val 0.248440
Epoch 361/1500 - train 0.279030 - val 0.252255
Epoch 362/1500 - train 0.279564 - val 0.250791
Epoch 363/1500 - train 0.278798 - val 0.243553
Epoch 364/1500 - train 0.279240 - val 0.247281
Epoch 365/1500 - train 0.279058 - val 0.247815
Epoch 366/1500 - train 0.278977 - val 0.244127
Epoch 367/1500 - train 0.279751 - val 0.248341
Epoch 368/1500 - train 0.279987 - val 0.248882
Epoch 369/1500 - train 0.278984 - val 0.245953
Epoch 370/1500 - train 0.279738 - val 0.248318
Epoch 371/1500 - train 0.279034 - val 0.250746
Epoch 372/1500 - train 0.279494 - val 0.246805
Epoch 373/1500 - train 0.279256 - val 0.247318
Epoch 374/1500 - train 0.279323 - val 0.250928
Epoch 375/1500 - train 0.279060 - val 0.249179
Epoch 376/1500 - train 0.280234 - val 0.247450
Epoch 377/1500 - train 0.279739 - val 0.249703
Epoch 378/1500 - train 0.279355 - val 0.249400
Epoch 379/1500 - train 0.279075 - val 0.248033
Epoch 380/1500 - train 0.279656 - val 0.254391
Epoch 381/1500 - train 0.279865 - val 0.245574
Epoch 382/1500 - train 0.279084 - val 0.245525
Epoch 383/1500 - train 0.278504 - val 0.249458
Epoch 384/1500 - train 0.279600 - val 0.251549
Epoch 385/1500 - train 0.279072 - val 0.246354
Epoch 386/1500 - train 0.278756 - val 0.244570
Epoch 387/1500 - train 0.278787 - val 0.246424
Epoch 388/1500 - train 0.279765 - val 0.250632
Epoch 389/1500 - train 0.279265 - val 0.244565
Epoch 390/1500 - train 0.279111 - val 0.249970
Epoch 391/1500 - train 0.278900 - val 0.244071
Epoch 392/1500 - train 0.278720 - val 0.249550
Epoch 393/1500 - train 0.278829 - val 0.246795
Epoch 394/1500 - train 0.278960 - val 0.247646
Epoch 395/1500 - train 0.279469 - val 0.253991
Epoch 396/1500 - train 0.279697 - val 0.245545
Epoch 397/1500 - train 0.278429 - val 0.246945
Epoch 398/1500 - train 0.278932 - val 0.248257
Epoch 399/1500 - train 0.278860 - val 0.248927
Epoch 400/1500 - train 0.278986 - val 0.247441
Epoch 401/1500 - train 0.279578 - val 0.244683
Epoch 402/1500 - train 0.279346 - val 0.246029
Epoch 403/1500 - train 0.279019 - val 0.251853
Epoch 404/1500 - train 0.279252 - val 0.250375
Epoch 405/1500 - train 0.279445 - val 0.249001
Epoch 406/1500 - train 0.278898 - val 0.248562
Epoch 407/1500 - train 0.279572 - val 0.247111
Epoch 408/1500 - train 0.278682 - val 0.248160
Epoch 409/1500 - train 0.279447 - val 0.251421
Epoch 410/1500 - train 0.279756 - val 0.245008
Epoch 411/1500 - train 0.279500 - val 0.246347
Epoch 412/1500 - train 0.278947 - val 0.247844
Epoch 413/1500 - train 0.279279 - val 0.243866
Epoch 414/1500 - train 0.278963 - val 0.251820
Epoch 415/1500 - train 0.279315 - val 0.246963
Epoch 416/1500 - train 0.279002 - val 0.250819
Epoch 417/1500 - train 0.278303 - val 0.248562
Epoch 418/1500 - train 0.279358 - val 0.244634
Epoch 419/1500 - train 0.279221 - val 0.248918
Epoch 420/1500 - train 0.279624 - val 0.250019
Epoch 421/1500 - train 0.278514 - val 0.247693
Epoch 422/1500 - train 0.279195 - val 0.249386
Epoch 423/1500 - train 0.278818 - val 0.254629
Epoch 424/1500 - train 0.279314 - val 0.250300
Epoch 425/1500 - train 0.278686 - val 0.251419
Epoch 426/1500 - train 0.279696 - val 0.248006
Epoch 427/1500 - train 0.279194 - val 0.246966
Epoch 428/1500 - train 0.278514 - val 0.247274
Epoch 429/1500 - train 0.279321 - val 0.252536
Epoch 430/1500 - train 0.279293 - val 0.248891
Epoch 431/1500 - train 0.279364 - val 0.248155
Epoch 432/1500 - train 0.278694 - val 0.248391
Epoch 433/1500 - train 0.279168 - val 0.243785
Epoch 434/1500 - train 0.279158 - val 0.245864
Epoch 435/1500 - train 0.278909 - val 0.248989
Epoch 436/1500 - train 0.279344 - val 0.249248
Epoch 437/1500 - train 0.279658 - val 0.250879
Epoch 438/1500 - train 0.279156 - val 0.250665
Epoch 439/1500 - train 0.278740 - val 0.247178
Epoch 440/1500 - train 0.279528 - val 0.246953
Epoch 441/1500 - train 0.278470 - val 0.245111
Epoch 442/1500 - train 0.278710 - val 0.249884
Epoch 443/1500 - train 0.278463 - val 0.251470
Epoch 444/1500 - train 0.279074 - val 0.250362
Epoch 445/1500 - train 0.279089 - val 0.246058
Epoch 446/1500 - train 0.278801 - val 0.245133
Epoch 447/1500 - train 0.278768 - val 0.246766
Epoch 448/1500 - train 0.278906 - val 0.260213
Epoch 449/1500 - train 0.278918 - val 0.245445
Epoch 450/1500 - train 0.279177 - val 0.247493
Epoch 451/1500 - train 0.278972 - val 0.245762
Epoch 452/1500 - train 0.279452 - val 0.249991
Epoch 453/1500 - train 0.278641 - val 0.246100
Epoch 454/1500 - train 0.278825 - val 0.248195
Epoch 455/1500 - train 0.279035 - val 0.245993
Epoch 456/1500 - train 0.278931 - val 0.247327
Epoch 457/1500 - train 0.279251 - val 0.247227
Epoch 458/1500 - train 0.279151 - val 0.250801
Epoch 459/1500 - train 0.279123 - val 0.247227
Epoch 460/1500 - train 0.278856 - val 0.245160
Epoch 461/1500 - train 0.279436 - val 0.251468
Epoch 462/1500 - train 0.279605 - val 0.248796
Epoch 463/1500 - train 0.279129 - val 0.247618
Epoch 464/1500 - train 0.279008 - val 0.248467
Epoch 465/1500 - train 0.279290 - val 0.248097
Epoch 466/1500 - train 0.279491 - val 0.251834
Epoch 467/1500 - train 0.279209 - val 0.251393
Epoch 468/1500 - train 0.279613 - val 0.248448
Epoch 469/1500 - train 0.278930 - val 0.248442
Epoch 470/1500 - train 0.278638 - val 0.245842
Epoch 471/1500 - train 0.279235 - val 0.248511
Epoch 472/1500 - train 0.279212 - val 0.250262
Epoch 473/1500 - train 0.279454 - val 0.248559
Epoch 474/1500 - train 0.279252 - val 0.244340
Epoch 475/1500 - train 0.279015 - val 0.247346
Epoch 476/1500 - train 0.278719 - val 0.247441
Epoch 477/1500 - train 0.278705 - val 0.245083
Epoch 478/1500 - train 0.279340 - val 0.247270
Epoch 479/1500 - train 0.278405 - val 0.250233
Epoch 480/1500 - train 0.279031 - val 0.249510
Epoch 481/1500 - train 0.279125 - val 0.244898
Epoch 482/1500 - train 0.279579 - val 0.250412
Epoch 483/1500 - train 0.278427 - val 0.245841
Epoch 484/1500 - train 0.279016 - val 0.246074
Epoch 485/1500 - train 0.278498 - val 0.248701
Epoch 486/1500 - train 0.279256 - val 0.246673
Epoch 487/1500 - train 0.278877 - val 0.250390
Epoch 488/1500 - train 0.279229 - val 0.247619
Epoch 489/1500 - train 0.279493 - val 0.247616
Epoch 490/1500 - train 0.278664 - val 0.243827
Epoch 491/1500 - train 0.278748 - val 0.251012
Epoch 492/1500 - train 0.279141 - val 0.246810
Epoch 493/1500 - train 0.278708 - val 0.247010
Epoch 494/1500 - train 0.278935 - val 0.248712
Epoch 495/1500 - train 0.278741 - val 0.247311
Epoch 496/1500 - train 0.278664 - val 0.248970
Epoch 497/1500 - train 0.279035 - val 0.247540
Epoch 498/1500 - train 0.278957 - val 0.249936
Epoch 499/1500 - train 0.279484 - val 0.248153
Epoch 500/1500 - train 0.278975 - val 0.250026
Epoch 501/1500 - train 0.279008 - val 0.245899
Epoch 502/1500 - train 0.279055 - val 0.245380
Epoch 503/1500 - train 0.279255 - val 0.246359
Epoch 504/1500 - train 0.279068 - val 0.256012
Epoch 505/1500 - train 0.279549 - val 0.251375
Epoch 506/1500 - train 0.279394 - val 0.250189
Epoch 507/1500 - train 0.278939 - val 0.248491
Epoch 508/1500 - train 0.279915 - val 0.251100
Epoch 509/1500 - train 0.278855 - val 0.246062
Epoch 510/1500 - train 0.279295 - val 0.245685
Epoch 511/1500 - train 0.279266 - val 0.247122
Epoch 512/1500 - train 0.279090 - val 0.249601
Epoch 513/1500 - train 0.279317 - val 0.247266
Epoch 514/1500 - train 0.279296 - val 0.248679
Epoch 515/1500 - train 0.278936 - val 0.249443
Epoch 516/1500 - train 0.279147 - val 0.247919
Epoch 517/1500 - train 0.278650 - val 0.249188
Epoch 518/1500 - train 0.278864 - val 0.248963
Epoch 519/1500 - train 0.279057 - val 0.245479
Epoch 520/1500 - train 0.279147 - val 0.250983
Epoch 521/1500 - train 0.278952 - val 0.244943
Epoch 522/1500 - train 0.278765 - val 0.247849
Epoch 523/1500 - train 0.279420 - val 0.246239
Epoch 524/1500 - train 0.278822 - val 0.248364
Epoch 525/1500 - train 0.279034 - val 0.246712
Epoch 526/1500 - train 0.278824 - val 0.249081
Epoch 527/1500 - train 0.279177 - val 0.247308
Epoch 528/1500 - train 0.278319 - val 0.245863
Epoch 529/1500 - train 0.279173 - val 0.247992
Epoch 530/1500 - train 0.278976 - val 0.246910
Epoch 531/1500 - train 0.279121 - val 0.248714
Epoch 532/1500 - train 0.278923 - val 0.251787
Epoch 533/1500 - train 0.278883 - val 0.245558
Epoch 534/1500 - train 0.279632 - val 0.247769
Epoch 535/1500 - train 0.279039 - val 0.244194
Epoch 536/1500 - train 0.279064 - val 0.249419
Epoch 537/1500 - train 0.278753 - val 0.249521
Epoch 538/1500 - train 0.279272 - val 0.246710
Epoch 539/1500 - train 0.279267 - val 0.251059
Epoch 540/1500 - train 0.278992 - val 0.247123
Epoch 541/1500 - train 0.278833 - val 0.250307
Epoch 542/1500 - train 0.279057 - val 0.249228
Epoch 543/1500 - train 0.279155 - val 0.247986
Epoch 544/1500 - train 0.278854 - val 0.246120
Epoch 545/1500 - train 0.279113 - val 0.249134
Epoch 546/1500 - train 0.278876 - val 0.250283
Epoch 547/1500 - train 0.278789 - val 0.247435
Epoch 548/1500 - train 0.279437 - val 0.254072
Epoch 549/1500 - train 0.278903 - val 0.244016
Epoch 550/1500 - train 0.278892 - val 0.251164
Epoch 551/1500 - train 0.279890 - val 0.244346
Epoch 552/1500 - train 0.279444 - val 0.247224
Epoch 553/1500 - train 0.278780 - val 0.249135
Epoch 554/1500 - train 0.278999 - val 0.246832
Epoch 555/1500 - train 0.279355 - val 0.248847
Epoch 556/1500 - train 0.278676 - val 0.247260
Epoch 557/1500 - train 0.278721 - val 0.247537
Epoch 558/1500 - train 0.278452 - val 0.248605
Epoch 559/1500 - train 0.279288 - val 0.244826
Epoch 560/1500 - train 0.278862 - val 0.244421
Epoch 561/1500 - train 0.278664 - val 0.246407
Epoch 562/1500 - train 0.279560 - val 0.248225
Epoch 563/1500 - train 0.279219 - val 0.250545
Epoch 564/1500 - train 0.278323 - val 0.249316
Epoch 565/1500 - train 0.278964 - val 0.249406
Epoch 566/1500 - train 0.279349 - val 0.245410
Epoch 567/1500 - train 0.278456 - val 0.253064
Epoch 568/1500 - train 0.278810 - val 0.249423
Epoch 569/1500 - train 0.278792 - val 0.246406
Epoch 570/1500 - train 0.279307 - val 0.247328
Epoch 571/1500 - train 0.279763 - val 0.244058
Epoch 572/1500 - train 0.278546 - val 0.249832
Epoch 573/1500 - train 0.279477 - val 0.252082
Epoch 574/1500 - train 0.279040 - val 0.250065
Epoch 575/1500 - train 0.278815 - val 0.243126
Epoch 576/1500 - train 0.278408 - val 0.251106
Epoch 577/1500 - train 0.279510 - val 0.243724
Epoch 578/1500 - train 0.278723 - val 0.247780
Epoch 579/1500 - train 0.278902 - val 0.249467
Epoch 580/1500 - train 0.278678 - val 0.246585
Epoch 581/1500 - train 0.278966 - val 0.246264
Epoch 582/1500 - train 0.278487 - val 0.244898
Epoch 583/1500 - train 0.278964 - val 0.245432
Epoch 584/1500 - train 0.278746 - val 0.247011
Epoch 585/1500 - train 0.279387 - val 0.247064
Epoch 586/1500 - train 0.279021 - val 0.249383
Epoch 587/1500 - train 0.279035 - val 0.244035
Epoch 588/1500 - train 0.278564 - val 0.244906
Epoch 589/1500 - train 0.279054 - val 0.246169
Epoch 590/1500 - train 0.278503 - val 0.247127
Epoch 591/1500 - train 0.278537 - val 0.247163
Epoch 592/1500 - train 0.279206 - val 0.247495
Epoch 593/1500 - train 0.278449 - val 0.249121
Epoch 594/1500 - train 0.278705 - val 0.247611
Epoch 595/1500 - train 0.278771 - val 0.246267
Epoch 596/1500 - train 0.279315 - val 0.249274
Epoch 597/1500 - train 0.278750 - val 0.247918
Epoch 598/1500 - train 0.279528 - val 0.245326
Epoch 599/1500 - train 0.279563 - val 0.245945
Epoch 600/1500 - train 0.278563 - val 0.249872
Epoch 601/1500 - train 0.279023 - val 0.247110
Epoch 602/1500 - train 0.279513 - val 0.246603
Epoch 603/1500 - train 0.278951 - val 0.250486
Epoch 604/1500 - train 0.278951 - val 0.246423
Epoch 605/1500 - train 0.279327 - val 0.248088
Epoch 606/1500 - train 0.278068 - val 0.251166
Epoch 607/1500 - train 0.278779 - val 0.246323
Epoch 608/1500 - train 0.279051 - val 0.246047
Epoch 609/1500 - train 0.278867 - val 0.251756
Epoch 610/1500 - train 0.279004 - val 0.249946
Epoch 611/1500 - train 0.279371 - val 0.247808
Epoch 612/1500 - train 0.279057 - val 0.244849
Epoch 613/1500 - train 0.278638 - val 0.247990
Epoch 614/1500 - train 0.279363 - val 0.247344
Epoch 615/1500 - train 0.278749 - val 0.247105
Epoch 616/1500 - train 0.278746 - val 0.247641
Epoch 617/1500 - train 0.278744 - val 0.243967
Epoch 618/1500 - train 0.279056 - val 0.248499
Epoch 619/1500 - train 0.279248 - val 0.247826
Epoch 620/1500 - train 0.278372 - val 0.246037
Epoch 621/1500 - train 0.279122 - val 0.247126
Epoch 622/1500 - train 0.278782 - val 0.249332
Epoch 623/1500 - train 0.279307 - val 0.249257
Epoch 624/1500 - train 0.278539 - val 0.251421
Epoch 625/1500 - train 0.278740 - val 0.247428
Epoch 626/1500 - train 0.279351 - val 0.248593
Epoch 627/1500 - train 0.279090 - val 0.249641
Epoch 628/1500 - train 0.278058 - val 0.248270
Epoch 629/1500 - train 0.278889 - val 0.246400
Epoch 630/1500 - train 0.279058 - val 0.248734
Epoch 631/1500 - train 0.278885 - val 0.247746
Epoch 632/1500 - train 0.279418 - val 0.244659
Epoch 633/1500 - train 0.279192 - val 0.243216
Epoch 634/1500 - train 0.279420 - val 0.245748
Epoch 635/1500 - train 0.279133 - val 0.248471
Epoch 636/1500 - train 0.278379 - val 0.245782
Epoch 637/1500 - train 0.279062 - val 0.247339
Epoch 638/1500 - train 0.278215 - val 0.250642
Epoch 639/1500 - train 0.279107 - val 0.245868
Epoch 640/1500 - train 0.279033 - val 0.247755
Epoch 641/1500 - train 0.278836 - val 0.248111
Epoch 642/1500 - train 0.278527 - val 0.247319
Epoch 643/1500 - train 0.279547 - val 0.246783
Epoch 644/1500 - train 0.279139 - val 0.247837
Epoch 645/1500 - train 0.278725 - val 0.248431
Epoch 646/1500 - train 0.279107 - val 0.248584
Epoch 647/1500 - train 0.279137 - val 0.244680
Epoch 648/1500 - train 0.279266 - val 0.255042
Epoch 649/1500 - train 0.278772 - val 0.248458
Epoch 650/1500 - train 0.278577 - val 0.244245
Epoch 651/1500 - train 0.279446 - val 0.247210
Epoch 652/1500 - train 0.278402 - val 0.251081
Epoch 653/1500 - train 0.279208 - val 0.244646
Epoch 654/1500 - train 0.278907 - val 0.247867
Epoch 655/1500 - train 0.278894 - val 0.253456
Epoch 656/1500 - train 0.278473 - val 0.245188
Epoch 657/1500 - train 0.278832 - val 0.248771
Epoch 658/1500 - train 0.279236 - val 0.249085
Epoch 659/1500 - train 0.279041 - val 0.246395
Epoch 660/1500 - train 0.278089 - val 0.245982
Epoch 661/1500 - train 0.279138 - val 0.250600
Epoch 662/1500 - train 0.279401 - val 0.247577
Epoch 663/1500 - train 0.278785 - val 0.250695
Epoch 664/1500 - train 0.279428 - val 0.249765
Epoch 665/1500 - train 0.279008 - val 0.246005
Epoch 666/1500 - train 0.279094 - val 0.245341
Epoch 667/1500 - train 0.278588 - val 0.251428
Epoch 668/1500 - train 0.278833 - val 0.248011
Epoch 669/1500 - train 0.278740 - val 0.250401
Epoch 670/1500 - train 0.278989 - val 0.242693
Epoch 671/1500 - train 0.279263 - val 0.248315
Epoch 672/1500 - train 0.278389 - val 0.249228
Epoch 673/1500 - train 0.278805 - val 0.257746
Epoch 674/1500 - train 0.278935 - val 0.252546
Epoch 675/1500 - train 0.278893 - val 0.250836
Epoch 676/1500 - train 0.279125 - val 0.247734
Epoch 677/1500 - train 0.278825 - val 0.245924
Epoch 678/1500 - train 0.278779 - val 0.244027
Epoch 679/1500 - train 0.278573 - val 0.243747
Epoch 680/1500 - train 0.278677 - val 0.247924
Epoch 681/1500 - train 0.279044 - val 0.246916
Epoch 682/1500 - train 0.278708 - val 0.252558
Epoch 683/1500 - train 0.279707 - val 0.248614
Epoch 684/1500 - train 0.279108 - val 0.245996
Epoch 685/1500 - train 0.278639 - val 0.246993
Epoch 686/1500 - train 0.279120 - val 0.248845
Epoch 687/1500 - train 0.278511 - val 0.247873
Epoch 688/1500 - train 0.279041 - val 0.248894
Epoch 689/1500 - train 0.278586 - val 0.248547
Epoch 690/1500 - train 0.278897 - val 0.248975
Epoch 691/1500 - train 0.278814 - val 0.247623
Epoch 692/1500 - train 0.278811 - val 0.249400
Epoch 693/1500 - train 0.278890 - val 0.252206
Epoch 694/1500 - train 0.279585 - val 0.249828
Epoch 695/1500 - train 0.278979 - val 0.249001
Epoch 696/1500 - train 0.278571 - val 0.246809
Epoch 697/1500 - train 0.279213 - val 0.244858
Epoch 698/1500 - train 0.279254 - val 0.244704
Epoch 699/1500 - train 0.278850 - val 0.246851
Epoch 700/1500 - train 0.278925 - val 0.247768
Epoch 701/1500 - train 0.278833 - val 0.250468
Epoch 702/1500 - train 0.279054 - val 0.245364
Epoch 703/1500 - train 0.279053 - val 0.248846
Epoch 704/1500 - train 0.278471 - val 0.248908
Epoch 705/1500 - train 0.279468 - val 0.243624
Epoch 706/1500 - train 0.278893 - val 0.249801
Epoch 707/1500 - train 0.278763 - val 0.248168
Epoch 708/1500 - train 0.278920 - val 0.245370
Epoch 709/1500 - train 0.278630 - val 0.247827
Epoch 710/1500 - train 0.279273 - val 0.246585
Epoch 711/1500 - train 0.279106 - val 0.247555
Epoch 712/1500 - train 0.278638 - val 0.249522
Epoch 713/1500 - train 0.279099 - val 0.250442
Epoch 714/1500 - train 0.278579 - val 0.247023
Epoch 715/1500 - train 0.278337 - val 0.248732
Epoch 716/1500 - train 0.278255 - val 0.247992
Epoch 717/1500 - train 0.278882 - val 0.250324
Epoch 718/1500 - train 0.278826 - val 0.248290
Epoch 719/1500 - train 0.278815 - val 0.248065
Epoch 720/1500 - train 0.278697 - val 0.251988
Epoch 721/1500 - train 0.278976 - val 0.248352
Epoch 722/1500 - train 0.279465 - val 0.246508
Epoch 723/1500 - train 0.279099 - val 0.248128
Epoch 724/1500 - train 0.278463 - val 0.245977
Epoch 725/1500 - train 0.279578 - val 0.246988
Epoch 726/1500 - train 0.278780 - val 0.246838
Epoch 727/1500 - train 0.279420 - val 0.249558
Epoch 728/1500 - train 0.278519 - val 0.248612
Epoch 729/1500 - train 0.278753 - val 0.249987
Epoch 730/1500 - train 0.279184 - val 0.245778
Epoch 731/1500 - train 0.278726 - val 0.251174
Epoch 732/1500 - train 0.278477 - val 0.247707
Epoch 733/1500 - train 0.279127 - val 0.247673
Epoch 734/1500 - train 0.279042 - val 0.252405
Epoch 735/1500 - train 0.278885 - val 0.247329
Epoch 736/1500 - train 0.278956 - val 0.245478
Epoch 737/1500 - train 0.278641 - val 0.248344
Epoch 738/1500 - train 0.278850 - val 0.245715
Epoch 739/1500 - train 0.278512 - val 0.247395
Epoch 740/1500 - train 0.278953 - val 0.249040
Epoch 741/1500 - train 0.279202 - val 0.252504
Epoch 742/1500 - train 0.278608 - val 0.247309
Epoch 743/1500 - train 0.278818 - val 0.248643
Epoch 744/1500 - train 0.279513 - val 0.245317
Epoch 745/1500 - train 0.279065 - val 0.251509
Epoch 746/1500 - train 0.278760 - val 0.249354
Epoch 747/1500 - train 0.278847 - val 0.244751
Epoch 748/1500 - train 0.278426 - val 0.256096
Epoch 749/1500 - train 0.279099 - val 0.252022
Epoch 750/1500 - train 0.279299 - val 0.249928
Epoch 751/1500 - train 0.278732 - val 0.253263
Epoch 752/1500 - train 0.279130 - val 0.244760
Epoch 753/1500 - train 0.278652 - val 0.249025
Epoch 754/1500 - train 0.279337 - val 0.247655
Epoch 755/1500 - train 0.278845 - val 0.250401
Epoch 756/1500 - train 0.278836 - val 0.251368
Epoch 757/1500 - train 0.279386 - val 0.246450
Epoch 758/1500 - train 0.278647 - val 0.247700
Epoch 759/1500 - train 0.278869 - val 0.243904
Epoch 760/1500 - train 0.279093 - val 0.251884
Epoch 761/1500 - train 0.278440 - val 0.249022
Epoch 762/1500 - train 0.278725 - val 0.248435
Epoch 763/1500 - train 0.278379 - val 0.247083
Epoch 764/1500 - train 0.279146 - val 0.252441
Epoch 765/1500 - train 0.278939 - val 0.246621
Epoch 766/1500 - train 0.278449 - val 0.247122
Epoch 767/1500 - train 0.278677 - val 0.248521
Epoch 768/1500 - train 0.278543 - val 0.243784
Epoch 769/1500 - train 0.279043 - val 0.246197
Epoch 770/1500 - train 0.278882 - val 0.246270
Epoch 771/1500 - train 0.278073 - val 0.249453
Epoch 772/1500 - train 0.279068 - val 0.246787
Epoch 773/1500 - train 0.278695 - val 0.246390
Epoch 774/1500 - train 0.278626 - val 0.244871
Epoch 775/1500 - train 0.279153 - val 0.246054
Epoch 776/1500 - train 0.278107 - val 0.246081
Epoch 777/1500 - train 0.279185 - val 0.249146
Epoch 778/1500 - train 0.278910 - val 0.245401
Epoch 779/1500 - train 0.278883 - val 0.247870
Epoch 780/1500 - train 0.279078 - val 0.244206
Epoch 781/1500 - train 0.279169 - val 0.250377
Epoch 782/1500 - train 0.278741 - val 0.245668
Epoch 783/1500 - train 0.279217 - val 0.241534
Epoch 784/1500 - train 0.278937 - val 0.248828
Epoch 785/1500 - train 0.279137 - val 0.244605
Epoch 786/1500 - train 0.278941 - val 0.246502
Epoch 787/1500 - train 0.278597 - val 0.245235
Epoch 788/1500 - train 0.278538 - val 0.246136
Epoch 789/1500 - train 0.278862 - val 0.247056
Epoch 790/1500 - train 0.278339 - val 0.250057
Epoch 791/1500 - train 0.278934 - val 0.245001
Epoch 792/1500 - train 0.278893 - val 0.251437
Epoch 793/1500 - train 0.278779 - val 0.243049
Epoch 794/1500 - train 0.278789 - val 0.247359
Epoch 795/1500 - train 0.279260 - val 0.251508
Epoch 796/1500 - train 0.278347 - val 0.246945
Epoch 797/1500 - train 0.278949 - val 0.248591
Epoch 798/1500 - train 0.278517 - val 0.248578
Epoch 799/1500 - train 0.279016 - val 0.245523
Epoch 800/1500 - train 0.279214 - val 0.248281
Epoch 801/1500 - train 0.278624 - val 0.246983
Epoch 802/1500 - train 0.278968 - val 0.248084
Epoch 803/1500 - train 0.278550 - val 0.247215
Epoch 804/1500 - train 0.278436 - val 0.246885
Epoch 805/1500 - train 0.279616 - val 0.243999
Epoch 806/1500 - train 0.278493 - val 0.245449
Epoch 807/1500 - train 0.278551 - val 0.245783
Epoch 808/1500 - train 0.278483 - val 0.243985
Epoch 809/1500 - train 0.278525 - val 0.248612
Epoch 810/1500 - train 0.279051 - val 0.253992
Epoch 811/1500 - train 0.278822 - val 0.251158
Epoch 812/1500 - train 0.279060 - val 0.250268
Epoch 813/1500 - train 0.278861 - val 0.250151
Epoch 814/1500 - train 0.278506 - val 0.247928
Epoch 815/1500 - train 0.278631 - val 0.247312
Epoch 816/1500 - train 0.278183 - val 0.246789
Epoch 817/1500 - train 0.279017 - val 0.249885
Epoch 818/1500 - train 0.278679 - val 0.245308
Epoch 819/1500 - train 0.278512 - val 0.250526
Epoch 820/1500 - train 0.278851 - val 0.247645
Epoch 821/1500 - train 0.279211 - val 0.248252
Epoch 822/1500 - train 0.278624 - val 0.244238
Epoch 823/1500 - train 0.278624 - val 0.249098
Epoch 824/1500 - train 0.278795 - val 0.252575
Epoch 825/1500 - train 0.278548 - val 0.254220
Epoch 826/1500 - train 0.279565 - val 0.247097
Epoch 827/1500 - train 0.278739 - val 0.248768
Epoch 828/1500 - train 0.278695 - val 0.252105
Epoch 829/1500 - train 0.278792 - val 0.245893
Epoch 830/1500 - train 0.279454 - val 0.252734
Epoch 831/1500 - train 0.278636 - val 0.246756
Epoch 832/1500 - train 0.278335 - val 0.244561
Epoch 833/1500 - train 0.278528 - val 0.245272
Epoch 834/1500 - train 0.279440 - val 0.250518
Epoch 835/1500 - train 0.278898 - val 0.244551
Epoch 836/1500 - train 0.278464 - val 0.251509
Epoch 837/1500 - train 0.278962 - val 0.246090
Epoch 838/1500 - train 0.278691 - val 0.244671
Epoch 839/1500 - train 0.279216 - val 0.248247
Epoch 840/1500 - train 0.278875 - val 0.250704
Epoch 841/1500 - train 0.278966 - val 0.250931
Epoch 842/1500 - train 0.278609 - val 0.249279
Epoch 843/1500 - train 0.278427 - val 0.246444
Epoch 844/1500 - train 0.278667 - val 0.249143
Epoch 845/1500 - train 0.279525 - val 0.246186
Epoch 846/1500 - train 0.278620 - val 0.246596
Epoch 847/1500 - train 0.278747 - val 0.242342
Epoch 848/1500 - train 0.279004 - val 0.250001
Epoch 849/1500 - train 0.278767 - val 0.248412
Epoch 850/1500 - train 0.278461 - val 0.253685
Epoch 851/1500 - train 0.279402 - val 0.250836
Epoch 852/1500 - train 0.278744 - val 0.246740
Epoch 853/1500 - train 0.278812 - val 0.244274
Epoch 854/1500 - train 0.278989 - val 0.246774
Epoch 855/1500 - train 0.278783 - val 0.248122
Epoch 856/1500 - train 0.278867 - val 0.249162
Epoch 857/1500 - train 0.277854 - val 0.246629
Epoch 858/1500 - train 0.278811 - val 0.247244
Epoch 859/1500 - train 0.279614 - val 0.247949
Epoch 860/1500 - train 0.278264 - val 0.247875
Epoch 861/1500 - train 0.278584 - val 0.246398
Epoch 862/1500 - train 0.278763 - val 0.247452
Epoch 863/1500 - train 0.279215 - val 0.247991
Epoch 864/1500 - train 0.278834 - val 0.246856
Epoch 865/1500 - train 0.278985 - val 0.247050
Epoch 866/1500 - train 0.278477 - val 0.245501
Epoch 867/1500 - train 0.278919 - val 0.244151
Epoch 868/1500 - train 0.278669 - val 0.245508
Epoch 869/1500 - train 0.279181 - val 0.246174
Epoch 870/1500 - train 0.279161 - val 0.245978
Epoch 871/1500 - train 0.279660 - val 0.248973
Epoch 872/1500 - train 0.278565 - val 0.249052
Epoch 873/1500 - train 0.279464 - val 0.251167
Epoch 874/1500 - train 0.278905 - val 0.247711
Epoch 875/1500 - train 0.278565 - val 0.248661
Epoch 876/1500 - train 0.278552 - val 0.244705
Epoch 877/1500 - train 0.279173 - val 0.244757
Epoch 878/1500 - train 0.278899 - val 0.249745
Epoch 879/1500 - train 0.278446 - val 0.247625
Epoch 880/1500 - train 0.278549 - val 0.248049
Epoch 881/1500 - train 0.279578 - val 0.247251
Epoch 882/1500 - train 0.278989 - val 0.249295
Epoch 883/1500 - train 0.278503 - val 0.246801
Epoch 884/1500 - train 0.278998 - val 0.252981
Epoch 885/1500 - train 0.278035 - val 0.246245
Epoch 886/1500 - train 0.278721 - val 0.248381
Epoch 887/1500 - train 0.278526 - val 0.246034
Epoch 888/1500 - train 0.279373 - val 0.249934
Epoch 889/1500 - train 0.278829 - val 0.246763
Epoch 890/1500 - train 0.278552 - val 0.247768
Epoch 891/1500 - train 0.279246 - val 0.251165
Epoch 892/1500 - train 0.278747 - val 0.245148
Epoch 893/1500 - train 0.278400 - val 0.249053
Epoch 894/1500 - train 0.279438 - val 0.245424
Epoch 895/1500 - train 0.278561 - val 0.245468
Epoch 896/1500 - train 0.278792 - val 0.247828
Epoch 897/1500 - train 0.278667 - val 0.249596
Epoch 898/1500 - train 0.279128 - val 0.248191
Epoch 899/1500 - train 0.278525 - val 0.249710
Epoch 900/1500 - train 0.278943 - val 0.243830
Epoch 901/1500 - train 0.278506 - val 0.244315
Epoch 902/1500 - train 0.279002 - val 0.248508
Epoch 903/1500 - train 0.278990 - val 0.247753
Epoch 904/1500 - train 0.278941 - val 0.244453
Epoch 905/1500 - train 0.277931 - val 0.249908
Epoch 906/1500 - train 0.278756 - val 0.248139
Epoch 907/1500 - train 0.279028 - val 0.246371
Epoch 908/1500 - train 0.278770 - val 0.248424
Epoch 909/1500 - train 0.278812 - val 0.249575
Epoch 910/1500 - train 0.279132 - val 0.246500
Epoch 911/1500 - train 0.278596 - val 0.248177
Epoch 912/1500 - train 0.278589 - val 0.247375
Epoch 913/1500 - train 0.279004 - val 0.246502
Epoch 914/1500 - train 0.278368 - val 0.246985
Epoch 915/1500 - train 0.279076 - val 0.247546
Epoch 916/1500 - train 0.278696 - val 0.254374
Epoch 917/1500 - train 0.278962 - val 0.245980
Epoch 918/1500 - train 0.278984 - val 0.244675
Epoch 919/1500 - train 0.278566 - val 0.244867
Epoch 920/1500 - train 0.278887 - val 0.246644
Epoch 921/1500 - train 0.278740 - val 0.247250
Epoch 922/1500 - train 0.278759 - val 0.248215
Epoch 923/1500 - train 0.278348 - val 0.244736
Epoch 924/1500 - train 0.278493 - val 0.252549
Epoch 925/1500 - train 0.278537 - val 0.246425
Epoch 926/1500 - train 0.278508 - val 0.244795
Epoch 927/1500 - train 0.278819 - val 0.250249
Epoch 928/1500 - train 0.278362 - val 0.244277
Epoch 929/1500 - train 0.278438 - val 0.246039
Epoch 930/1500 - train 0.278973 - val 0.249894
Epoch 931/1500 - train 0.279033 - val 0.251202
Epoch 932/1500 - train 0.279103 - val 0.248383
Epoch 933/1500 - train 0.279088 - val 0.252793
Epoch 934/1500 - train 0.278962 - val 0.247949
Epoch 935/1500 - train 0.278863 - val 0.243685
Epoch 936/1500 - train 0.278334 - val 0.249732
Epoch 937/1500 - train 0.278657 - val 0.245625
Epoch 938/1500 - train 0.279150 - val 0.246515
Epoch 939/1500 - train 0.278593 - val 0.247095
Epoch 940/1500 - train 0.278651 - val 0.245489
Epoch 941/1500 - train 0.278321 - val 0.245639
Epoch 942/1500 - train 0.278971 - val 0.248650
Epoch 943/1500 - train 0.278588 - val 0.244424
Epoch 944/1500 - train 0.278151 - val 0.249591
Epoch 945/1500 - train 0.279123 - val 0.244313
Epoch 946/1500 - train 0.279040 - val 0.247964
Epoch 947/1500 - train 0.278597 - val 0.249689
Epoch 948/1500 - train 0.278175 - val 0.248864
Epoch 949/1500 - train 0.278539 - val 0.248948
Epoch 950/1500 - train 0.278922 - val 0.248917
Epoch 951/1500 - train 0.278479 - val 0.247354
Epoch 952/1500 - train 0.278780 - val 0.246176
Epoch 953/1500 - train 0.278977 - val 0.245629
Epoch 954/1500 - train 0.278565 - val 0.245211
Epoch 955/1500 - train 0.278349 - val 0.248421
Epoch 956/1500 - train 0.279265 - val 0.247454
Epoch 957/1500 - train 0.279285 - val 0.246788
Epoch 958/1500 - train 0.278807 - val 0.248299
Epoch 959/1500 - train 0.279383 - val 0.245947
Epoch 960/1500 - train 0.278421 - val 0.245001
Epoch 961/1500 - train 0.279079 - val 0.245311
Epoch 962/1500 - train 0.278507 - val 0.247723
Epoch 963/1500 - train 0.278668 - val 0.247729
Epoch 964/1500 - train 0.278886 - val 0.245039
Epoch 965/1500 - train 0.278203 - val 0.246781
Epoch 966/1500 - train 0.278490 - val 0.246582
Epoch 967/1500 - train 0.279270 - val 0.247030
Epoch 968/1500 - train 0.278844 - val 0.250908
Epoch 969/1500 - train 0.278718 - val 0.246224
Epoch 970/1500 - train 0.278718 - val 0.251350
Epoch 971/1500 - train 0.279107 - val 0.249867
Epoch 972/1500 - train 0.278653 - val 0.243474
Epoch 973/1500 - train 0.279428 - val 0.250261
Epoch 974/1500 - train 0.278236 - val 0.245959
Epoch 975/1500 - train 0.279414 - val 0.246272
Epoch 976/1500 - train 0.278920 - val 0.247122
Epoch 977/1500 - train 0.278775 - val 0.248768
Epoch 978/1500 - train 0.278756 - val 0.248127
Epoch 979/1500 - train 0.279075 - val 0.246287
Epoch 980/1500 - train 0.278487 - val 0.247446
Epoch 981/1500 - train 0.279061 - val 0.243872
Epoch 982/1500 - train 0.279217 - val 0.251100
Epoch 983/1500 - train 0.278463 - val 0.246897
Epoch 984/1500 - train 0.278535 - val 0.250734
Epoch 985/1500 - train 0.279368 - val 0.244547
Epoch 986/1500 - train 0.278543 - val 0.247637
Epoch 987/1500 - train 0.278827 - val 0.250205
Epoch 988/1500 - train 0.278348 - val 0.247335
Epoch 989/1500 - train 0.278870 - val 0.253760
Epoch 990/1500 - train 0.279090 - val 0.244743
Epoch 991/1500 - train 0.279063 - val 0.246824
Epoch 992/1500 - train 0.278773 - val 0.244851
Epoch 993/1500 - train 0.279184 - val 0.250973
Epoch 994/1500 - train 0.278325 - val 0.248038
Epoch 995/1500 - train 0.278953 - val 0.250842
Epoch 996/1500 - train 0.278770 - val 0.245039
Epoch 997/1500 - train 0.278828 - val 0.251091
Epoch 998/1500 - train 0.278935 - val 0.243637
Epoch 999/1500 - train 0.278660 - val 0.250931
Epoch 1000/1500 - train 0.278845 - val 0.248436
Epoch 1001/1500 - train 0.278814 - val 0.245704
Epoch 1002/1500 - train 0.278149 - val 0.250779
Epoch 1003/1500 - train 0.278382 - val 0.248038
Epoch 1004/1500 - train 0.278889 - val 0.244542
Epoch 1005/1500 - train 0.278552 - val 0.249515
Epoch 1006/1500 - train 0.278364 - val 0.244926
Epoch 1007/1500 - train 0.278183 - val 0.243944
Epoch 1008/1500 - train 0.278719 - val 0.244520
Epoch 1009/1500 - train 0.279002 - val 0.250412
Epoch 1010/1500 - train 0.278715 - val 0.246314
Epoch 1011/1500 - train 0.278514 - val 0.244181
Epoch 1012/1500 - train 0.278550 - val 0.247628
Epoch 1013/1500 - train 0.278085 - val 0.246861
Epoch 1014/1500 - train 0.278925 - val 0.247624
Epoch 1015/1500 - train 0.278962 - val 0.243666
Epoch 1016/1500 - train 0.278359 - val 0.244299
Epoch 1017/1500 - train 0.279167 - val 0.247471
Epoch 1018/1500 - train 0.279312 - val 0.243124
Epoch 1019/1500 - train 0.278005 - val 0.246681
Epoch 1020/1500 - train 0.278835 - val 0.244660
Epoch 1021/1500 - train 0.278940 - val 0.246144
Epoch 1022/1500 - train 0.278569 - val 0.246248
Epoch 1023/1500 - train 0.278950 - val 0.247644
Epoch 1024/1500 - train 0.278244 - val 0.248096
Epoch 1025/1500 - train 0.278403 - val 0.248355
Epoch 1026/1500 - train 0.278713 - val 0.248833
Epoch 1027/1500 - train 0.278384 - val 0.249009
Epoch 1028/1500 - train 0.278837 - val 0.245081
Epoch 1029/1500 - train 0.278852 - val 0.249341
Epoch 1030/1500 - train 0.278493 - val 0.246347
Epoch 1031/1500 - train 0.278417 - val 0.245721
Epoch 1032/1500 - train 0.278639 - val 0.247120
Epoch 1033/1500 - train 0.278166 - val 0.247554
Epoch 1034/1500 - train 0.278753 - val 0.245762
Epoch 1035/1500 - train 0.278514 - val 0.245919
Epoch 1036/1500 - train 0.278456 - val 0.248008
Epoch 1037/1500 - train 0.278911 - val 0.249816
Epoch 1038/1500 - train 0.279601 - val 0.246266
Epoch 1039/1500 - train 0.278759 - val 0.247845
Epoch 1040/1500 - train 0.278552 - val 0.245321
Epoch 1041/1500 - train 0.278609 - val 0.244446
Epoch 1042/1500 - train 0.278675 - val 0.246230
Epoch 1043/1500 - train 0.278339 - val 0.250093
Epoch 1044/1500 - train 0.279265 - val 0.247153
Epoch 1045/1500 - train 0.278091 - val 0.245800
Epoch 1046/1500 - train 0.279507 - val 0.255131
Epoch 1047/1500 - train 0.278420 - val 0.243912
Epoch 1048/1500 - train 0.278978 - val 0.244256
Epoch 1049/1500 - train 0.278196 - val 0.247324
Epoch 1050/1500 - train 0.279466 - val 0.254594
Epoch 1051/1500 - train 0.279032 - val 0.246078
Epoch 1052/1500 - train 0.278865 - val 0.243714
Epoch 1053/1500 - train 0.278657 - val 0.247069
Epoch 1054/1500 - train 0.278590 - val 0.246651
Epoch 1055/1500 - train 0.278407 - val 0.245845
Epoch 1056/1500 - train 0.279253 - val 0.247146
Epoch 1057/1500 - train 0.278520 - val 0.246126
Epoch 1058/1500 - train 0.278190 - val 0.252431
Epoch 1059/1500 - train 0.278045 - val 0.249458
Epoch 1060/1500 - train 0.278846 - val 0.245342
Epoch 1061/1500 - train 0.278173 - val 0.243780
Epoch 1062/1500 - train 0.278703 - val 0.247730
Epoch 1063/1500 - train 0.278339 - val 0.253742
Epoch 1064/1500 - train 0.278942 - val 0.252436
Epoch 1065/1500 - train 0.278457 - val 0.248424
Epoch 1066/1500 - train 0.278875 - val 0.251028
Epoch 1067/1500 - train 0.278751 - val 0.245885
Epoch 1068/1500 - train 0.278889 - val 0.248355
Epoch 1069/1500 - train 0.279264 - val 0.247211
Epoch 1070/1500 - train 0.278692 - val 0.245793
Epoch 1071/1500 - train 0.279088 - val 0.248282
Epoch 1072/1500 - train 0.278220 - val 0.242396
Epoch 1073/1500 - train 0.278627 - val 0.246853
Epoch 1074/1500 - train 0.278872 - val 0.247315
Epoch 1075/1500 - train 0.278761 - val 0.252599
Epoch 1076/1500 - train 0.278624 - val 0.247103
Epoch 1077/1500 - train 0.278585 - val 0.247800
Epoch 1078/1500 - train 0.278668 - val 0.246374
Epoch 1079/1500 - train 0.278699 - val 0.245615
Epoch 1080/1500 - train 0.278922 - val 0.245452
Epoch 1081/1500 - train 0.278141 - val 0.247499
Epoch 1082/1500 - train 0.279051 - val 0.247823
Epoch 1083/1500 - train 0.278967 - val 0.250598
Epoch 1084/1500 - train 0.278900 - val 0.243684
Epoch 1085/1500 - train 0.278248 - val 0.246095
Epoch 1086/1500 - train 0.278777 - val 0.247187
Epoch 1087/1500 - train 0.279082 - val 0.249799
Epoch 1088/1500 - train 0.277914 - val 0.248474
Epoch 1089/1500 - train 0.279559 - val 0.249360
Epoch 1090/1500 - train 0.278263 - val 0.248021
Epoch 1091/1500 - train 0.279271 - val 0.247378
Epoch 1092/1500 - train 0.278456 - val 0.247604
Epoch 1093/1500 - train 0.277958 - val 0.247056
Epoch 1094/1500 - train 0.279411 - val 0.247414
Epoch 1095/1500 - train 0.278762 - val 0.247879
Epoch 1096/1500 - train 0.278150 - val 0.248195
Epoch 1097/1500 - train 0.279173 - val 0.249956
Epoch 1098/1500 - train 0.278791 - val 0.247387
Epoch 1099/1500 - train 0.278487 - val 0.246731
Epoch 1100/1500 - train 0.279066 - val 0.253225
Epoch 1101/1500 - train 0.279097 - val 0.248538
Epoch 1102/1500 - train 0.278567 - val 0.247405
Epoch 1103/1500 - train 0.278196 - val 0.246973
Epoch 1104/1500 - train 0.278471 - val 0.247927
Epoch 1105/1500 - train 0.277781 - val 0.248301
Epoch 1106/1500 - train 0.278433 - val 0.245882
Epoch 1107/1500 - train 0.278808 - val 0.250167
Epoch 1108/1500 - train 0.278984 - val 0.247891
Epoch 1109/1500 - train 0.278975 - val 0.247482
Epoch 1110/1500 - train 0.278336 - val 0.245967
Epoch 1111/1500 - train 0.278794 - val 0.250542
Epoch 1112/1500 - train 0.278158 - val 0.249430
Epoch 1113/1500 - train 0.279103 - val 0.247408
Epoch 1114/1500 - train 0.279380 - val 0.245527
Epoch 1115/1500 - train 0.278471 - val 0.247319
Epoch 1116/1500 - train 0.278995 - val 0.246463
Epoch 1117/1500 - train 0.279111 - val 0.248277
Epoch 1118/1500 - train 0.279178 - val 0.247682
Epoch 1119/1500 - train 0.278839 - val 0.247989
Epoch 1120/1500 - train 0.279223 - val 0.249751
Epoch 1121/1500 - train 0.278687 - val 0.244115
Epoch 1122/1500 - train 0.278489 - val 0.246979
Epoch 1123/1500 - train 0.278359 - val 0.243547
Epoch 1124/1500 - train 0.279191 - val 0.246224
Epoch 1125/1500 - train 0.278493 - val 0.246652
Epoch 1126/1500 - train 0.278554 - val 0.243151
Epoch 1127/1500 - train 0.278830 - val 0.248151
Epoch 1128/1500 - train 0.278340 - val 0.246893
Epoch 1129/1500 - train 0.279489 - val 0.245840
Epoch 1130/1500 - train 0.278731 - val 0.246670
Epoch 1131/1500 - train 0.279030 - val 0.245656
Epoch 1132/1500 - train 0.278683 - val 0.246258
Epoch 1133/1500 - train 0.278544 - val 0.248325
Epoch 1134/1500 - train 0.278680 - val 0.248102
Epoch 1135/1500 - train 0.278676 - val 0.248378
Epoch 1136/1500 - train 0.279093 - val 0.244853
Epoch 1137/1500 - train 0.279371 - val 0.246576
Epoch 1138/1500 - train 0.278709 - val 0.247490
Epoch 1139/1500 - train 0.278565 - val 0.243027
Epoch 1140/1500 - train 0.278463 - val 0.246175
Epoch 1141/1500 - train 0.278930 - val 0.249410
Epoch 1142/1500 - train 0.279456 - val 0.247429
Epoch 1143/1500 - train 0.278880 - val 0.249253
Epoch 1144/1500 - train 0.278921 - val 0.249746
Epoch 1145/1500 - train 0.278746 - val 0.250561
Epoch 1146/1500 - train 0.278560 - val 0.247897
Epoch 1147/1500 - train 0.278827 - val 0.245419
Epoch 1148/1500 - train 0.279053 - val 0.244740
Epoch 1149/1500 - train 0.278489 - val 0.251346
Epoch 1150/1500 - train 0.278792 - val 0.247629
Epoch 1151/1500 - train 0.279210 - val 0.244732
Epoch 1152/1500 - train 0.278655 - val 0.250722
Epoch 1153/1500 - train 0.278494 - val 0.247763
Epoch 1154/1500 - train 0.279216 - val 0.245378
Epoch 1155/1500 - train 0.279007 - val 0.249606
Epoch 1156/1500 - train 0.277490 - val 0.245207
Epoch 1157/1500 - train 0.279590 - val 0.250606
Epoch 1158/1500 - train 0.278657 - val 0.242257
Epoch 1159/1500 - train 0.278421 - val 0.244571
Epoch 1160/1500 - train 0.278897 - val 0.248257
Epoch 1161/1500 - train 0.278890 - val 0.245808
Epoch 1162/1500 - train 0.278676 - val 0.247825
Epoch 1163/1500 - train 0.279287 - val 0.248497
Epoch 1164/1500 - train 0.278580 - val 0.249659
Epoch 1165/1500 - train 0.278571 - val 0.249625
Epoch 1166/1500 - train 0.279248 - val 0.247801
Epoch 1167/1500 - train 0.278521 - val 0.248240
Epoch 1168/1500 - train 0.278717 - val 0.248225
Epoch 1169/1500 - train 0.278993 - val 0.245129
Epoch 1170/1500 - train 0.278971 - val 0.248046
Epoch 1171/1500 - train 0.278427 - val 0.248120
Epoch 1172/1500 - train 0.279074 - val 0.247749
Epoch 1173/1500 - train 0.278603 - val 0.245285
Epoch 1174/1500 - train 0.279394 - val 0.245689
Epoch 1175/1500 - train 0.278240 - val 0.249459
Epoch 1176/1500 - train 0.278575 - val 0.246565
Epoch 1177/1500 - train 0.278751 - val 0.245655
Epoch 1178/1500 - train 0.279460 - val 0.243865
Epoch 1179/1500 - train 0.279156 - val 0.243587
Epoch 1180/1500 - train 0.278374 - val 0.241914
Epoch 1181/1500 - train 0.278412 - val 0.250649
Epoch 1182/1500 - train 0.278534 - val 0.245767
Epoch 1183/1500 - train 0.279414 - val 0.248534
Epoch 1184/1500 - train 0.279042 - val 0.246018
Epoch 1185/1500 - train 0.279172 - val 0.248784
Epoch 1186/1500 - train 0.278769 - val 0.247159
Epoch 1187/1500 - train 0.279132 - val 0.251765
Epoch 1188/1500 - train 0.278928 - val 0.247168
Epoch 1189/1500 - train 0.278197 - val 0.246032
Epoch 1190/1500 - train 0.278463 - val 0.248882
Epoch 1191/1500 - train 0.278797 - val 0.249396
Epoch 1192/1500 - train 0.278656 - val 0.251424
Epoch 1193/1500 - train 0.279487 - val 0.246088
Epoch 1194/1500 - train 0.278984 - val 0.244670
Epoch 1195/1500 - train 0.278530 - val 0.245341
Epoch 1196/1500 - train 0.278397 - val 0.245708
Epoch 1197/1500 - train 0.278749 - val 0.244935
Epoch 1198/1500 - train 0.278714 - val 0.244609
Epoch 1199/1500 - train 0.278691 - val 0.246513
Epoch 1200/1500 - train 0.278657 - val 0.246190
Epoch 1201/1500 - train 0.278522 - val 0.246595
Epoch 1202/1500 - train 0.279022 - val 0.245219
Epoch 1203/1500 - train 0.278822 - val 0.246235
Epoch 1204/1500 - train 0.278955 - val 0.251572
Epoch 1205/1500 - train 0.278801 - val 0.244686
Epoch 1206/1500 - train 0.278902 - val 0.246994
Epoch 1207/1500 - train 0.279477 - val 0.247568
Epoch 1208/1500 - train 0.278627 - val 0.252559
Epoch 1209/1500 - train 0.278694 - val 0.249052
Epoch 1210/1500 - train 0.279260 - val 0.249132
Epoch 1211/1500 - train 0.278622 - val 0.249560
Epoch 1212/1500 - train 0.278712 - val 0.250445
Epoch 1213/1500 - train 0.278489 - val 0.253129
Epoch 1214/1500 - train 0.278848 - val 0.246903
Epoch 1215/1500 - train 0.278243 - val 0.251764
Epoch 1216/1500 - train 0.279034 - val 0.248411
Epoch 1217/1500 - train 0.278681 - val 0.244532
Epoch 1218/1500 - train 0.279107 - val 0.246582
Epoch 1219/1500 - train 0.278936 - val 0.248297
Epoch 1220/1500 - train 0.278891 - val 0.247722
Epoch 1221/1500 - train 0.279280 - val 0.244249
Epoch 1222/1500 - train 0.278883 - val 0.246752
Epoch 1223/1500 - train 0.279134 - val 0.249301
Epoch 1224/1500 - train 0.279051 - val 0.247501
Epoch 1225/1500 - train 0.279006 - val 0.250600
Epoch 1226/1500 - train 0.278850 - val 0.245951
Epoch 1227/1500 - train 0.278453 - val 0.248289
Epoch 1228/1500 - train 0.279364 - val 0.247987
Epoch 1229/1500 - train 0.279227 - val 0.248546
Epoch 1230/1500 - train 0.278388 - val 0.248777
Epoch 1231/1500 - train 0.278712 - val 0.243909
Epoch 1232/1500 - train 0.279083 - val 0.245952
Epoch 1233/1500 - train 0.278957 - val 0.244642
Epoch 1234/1500 - train 0.278304 - val 0.247933
Epoch 1235/1500 - train 0.278433 - val 0.247447
Epoch 1236/1500 - train 0.278597 - val 0.250121
Epoch 1237/1500 - train 0.278966 - val 0.245459
Epoch 1238/1500 - train 0.278361 - val 0.247889
Epoch 1239/1500 - train 0.278927 - val 0.245908
Epoch 1240/1500 - train 0.279199 - val 0.251164
Epoch 1241/1500 - train 0.278375 - val 0.246527
Epoch 1242/1500 - train 0.278498 - val 0.247800
Epoch 1243/1500 - train 0.278766 - val 0.244364
Epoch 1244/1500 - train 0.278797 - val 0.246312
Epoch 1245/1500 - train 0.278575 - val 0.245029
Epoch 1246/1500 - train 0.278593 - val 0.246804
Epoch 1247/1500 - train 0.279054 - val 0.247866
Epoch 1248/1500 - train 0.278673 - val 0.247987
Epoch 1249/1500 - train 0.278483 - val 0.246227
Epoch 1250/1500 - train 0.278045 - val 0.245038
Epoch 1251/1500 - train 0.279513 - val 0.246482
Epoch 1252/1500 - train 0.277809 - val 0.244303
Epoch 1253/1500 - train 0.279231 - val 0.246976
Epoch 1254/1500 - train 0.278579 - val 0.248826
Epoch 1255/1500 - train 0.278631 - val 0.246767
Epoch 1256/1500 - train 0.278496 - val 0.248735
Epoch 1257/1500 - train 0.278139 - val 0.243805
Epoch 1258/1500 - train 0.279180 - val 0.249664
Epoch 1259/1500 - train 0.279130 - val 0.248153
Epoch 1260/1500 - train 0.279134 - val 0.249488
Epoch 1261/1500 - train 0.278378 - val 0.247379
Epoch 1262/1500 - train 0.278595 - val 0.240964
Epoch 1263/1500 - train 0.278837 - val 0.247212
Epoch 1264/1500 - train 0.278886 - val 0.249843
Epoch 1265/1500 - train 0.278677 - val 0.248661
Epoch 1266/1500 - train 0.279035 - val 0.246292
Epoch 1267/1500 - train 0.278819 - val 0.248650
Epoch 1268/1500 - train 0.278559 - val 0.248170
Epoch 1269/1500 - train 0.278998 - val 0.246297
Epoch 1270/1500 - train 0.278798 - val 0.250327
Epoch 1271/1500 - train 0.278698 - val 0.248488
Epoch 1272/1500 - train 0.278310 - val 0.249551
Epoch 1273/1500 - train 0.278713 - val 0.251620
Epoch 1274/1500 - train 0.278740 - val 0.243649
Epoch 1275/1500 - train 0.278081 - val 0.251021
Epoch 1276/1500 - train 0.278159 - val 0.243656
Epoch 1277/1500 - train 0.278858 - val 0.248234
Epoch 1278/1500 - train 0.278976 - val 0.250071
Epoch 1279/1500 - train 0.278700 - val 0.244883
Epoch 1280/1500 - train 0.278600 - val 0.246913
Epoch 1281/1500 - train 0.278925 - val 0.248836
Epoch 1282/1500 - train 0.278331 - val 0.251034
Epoch 1283/1500 - train 0.278753 - val 0.244385
Epoch 1284/1500 - train 0.278492 - val 0.247247
Epoch 1285/1500 - train 0.278552 - val 0.246045
Epoch 1286/1500 - train 0.278511 - val 0.244729
Epoch 1287/1500 - train 0.278455 - val 0.245075
Epoch 1288/1500 - train 0.279132 - val 0.245787
Epoch 1289/1500 - train 0.279194 - val 0.248952
Epoch 1290/1500 - train 0.278486 - val 0.252350
Epoch 1291/1500 - train 0.279231 - val 0.250313
Epoch 1292/1500 - train 0.278807 - val 0.248813
Epoch 1293/1500 - train 0.278706 - val 0.246604
Epoch 1294/1500 - train 0.278465 - val 0.246022
Epoch 1295/1500 - train 0.278567 - val 0.247131
Epoch 1296/1500 - train 0.278638 - val 0.244478
Epoch 1297/1500 - train 0.279022 - val 0.245433
Epoch 1298/1500 - train 0.278910 - val 0.244013
Epoch 1299/1500 - train 0.278534 - val 0.245613
Epoch 1300/1500 - train 0.279039 - val 0.245005
Epoch 1301/1500 - train 0.278986 - val 0.248762
Epoch 1302/1500 - train 0.278563 - val 0.252960
Epoch 1303/1500 - train 0.278735 - val 0.248583
Epoch 1304/1500 - train 0.278917 - val 0.243935
Epoch 1305/1500 - train 0.278760 - val 0.247675
Epoch 1306/1500 - train 0.278641 - val 0.244286
Epoch 1307/1500 - train 0.279181 - val 0.250231
Epoch 1308/1500 - train 0.279306 - val 0.246080
Epoch 1309/1500 - train 0.278886 - val 0.249224
Epoch 1310/1500 - train 0.278916 - val 0.249737
Epoch 1311/1500 - train 0.279134 - val 0.252927
Epoch 1312/1500 - train 0.278730 - val 0.247466
Epoch 1313/1500 - train 0.278726 - val 0.246930
Epoch 1314/1500 - train 0.278705 - val 0.247380
Epoch 1315/1500 - train 0.278680 - val 0.246894
Epoch 1316/1500 - train 0.278647 - val 0.246059
Epoch 1317/1500 - train 0.278867 - val 0.246953
Epoch 1318/1500 - train 0.278974 - val 0.246546
Epoch 1319/1500 - train 0.278934 - val 0.243307
Epoch 1320/1500 - train 0.278932 - val 0.249420
Epoch 1321/1500 - train 0.278825 - val 0.246785
Epoch 1322/1500 - train 0.278598 - val 0.246821
Epoch 1323/1500 - train 0.278441 - val 0.247603
Epoch 1324/1500 - train 0.278590 - val 0.249455
Epoch 1325/1500 - train 0.279567 - val 0.243324
Epoch 1326/1500 - train 0.278229 - val 0.247993
Epoch 1327/1500 - train 0.278761 - val 0.247610
Epoch 1328/1500 - train 0.278725 - val 0.246332
Epoch 1329/1500 - train 0.278690 - val 0.250020
Epoch 1330/1500 - train 0.278851 - val 0.245484
Epoch 1331/1500 - train 0.278916 - val 0.247300
Epoch 1332/1500 - train 0.278382 - val 0.256742
Epoch 1333/1500 - train 0.279131 - val 0.252269
Epoch 1334/1500 - train 0.278492 - val 0.249636
Epoch 1335/1500 - train 0.278535 - val 0.245930
Epoch 1336/1500 - train 0.279138 - val 0.248389
Epoch 1337/1500 - train 0.278423 - val 0.244920
Epoch 1338/1500 - train 0.279324 - val 0.245209
Epoch 1339/1500 - train 0.278510 - val 0.245966
Epoch 1340/1500 - train 0.278787 - val 0.248389
Epoch 1341/1500 - train 0.278562 - val 0.247912
Epoch 1342/1500 - train 0.278832 - val 0.247916
Epoch 1343/1500 - train 0.278538 - val 0.248023
Epoch 1344/1500 - train 0.279217 - val 0.248280
Epoch 1345/1500 - train 0.278123 - val 0.245704
Epoch 1346/1500 - train 0.278979 - val 0.246522
Epoch 1347/1500 - train 0.278558 - val 0.248713
Epoch 1348/1500 - train 0.279232 - val 0.247705
Epoch 1349/1500 - train 0.278747 - val 0.247587
Epoch 1350/1500 - train 0.278267 - val 0.254313
Epoch 1351/1500 - train 0.279028 - val 0.247084
Epoch 1352/1500 - train 0.278959 - val 0.243951
Epoch 1353/1500 - train 0.279059 - val 0.247033
Epoch 1354/1500 - train 0.277982 - val 0.245473
Epoch 1355/1500 - train 0.279392 - val 0.245930
Epoch 1356/1500 - train 0.278097 - val 0.244186
Epoch 1357/1500 - train 0.279324 - val 0.245701
Epoch 1358/1500 - train 0.279363 - val 0.248660
Epoch 1359/1500 - train 0.279346 - val 0.248113
Epoch 1360/1500 - train 0.278262 - val 0.249730
Epoch 1361/1500 - train 0.279082 - val 0.249273
Epoch 1362/1500 - train 0.279585 - val 0.245631
Epoch 1363/1500 - train 0.278882 - val 0.250196
Epoch 1364/1500 - train 0.278877 - val 0.247841
Epoch 1365/1500 - train 0.278846 - val 0.245651
Epoch 1366/1500 - train 0.278387 - val 0.246736
Epoch 1367/1500 - train 0.278833 - val 0.246659
Epoch 1368/1500 - train 0.278514 - val 0.246071
Epoch 1369/1500 - train 0.278877 - val 0.245077
Epoch 1370/1500 - train 0.278912 - val 0.248766
Epoch 1371/1500 - train 0.278407 - val 0.246956
Epoch 1372/1500 - train 0.279058 - val 0.249278
Epoch 1373/1500 - train 0.279252 - val 0.249605
Epoch 1374/1500 - train 0.279259 - val 0.243320
Epoch 1375/1500 - train 0.278344 - val 0.245129
Epoch 1376/1500 - train 0.278503 - val 0.244796
Epoch 1377/1500 - train 0.278376 - val 0.249004
Epoch 1378/1500 - train 0.278547 - val 0.246853
Epoch 1379/1500 - train 0.278460 - val 0.250428
Epoch 1380/1500 - train 0.278965 - val 0.246050
Epoch 1381/1500 - train 0.279137 - val 0.247797
Epoch 1382/1500 - train 0.278542 - val 0.248481
Epoch 1383/1500 - train 0.278832 - val 0.243957
Epoch 1384/1500 - train 0.278494 - val 0.250660
Epoch 1385/1500 - train 0.279061 - val 0.247798
Epoch 1386/1500 - train 0.278853 - val 0.249822
Epoch 1387/1500 - train 0.279201 - val 0.244880
Epoch 1388/1500 - train 0.278265 - val 0.251582
Epoch 1389/1500 - train 0.278467 - val 0.247895
Epoch 1390/1500 - train 0.278865 - val 0.247619
Epoch 1391/1500 - train 0.278584 - val 0.251369
Epoch 1392/1500 - train 0.279038 - val 0.245026
Epoch 1393/1500 - train 0.278882 - val 0.248130
Epoch 1394/1500 - train 0.278866 - val 0.252347
Epoch 1395/1500 - train 0.279277 - val 0.248013
Epoch 1396/1500 - train 0.279104 - val 0.247482
Epoch 1397/1500 - train 0.278745 - val 0.251798
Epoch 1398/1500 - train 0.279356 - val 0.244139
Epoch 1399/1500 - train 0.278717 - val 0.245989
Epoch 1400/1500 - train 0.278783 - val 0.246082
Epoch 1401/1500 - train 0.278698 - val 0.249007
Epoch 1402/1500 - train 0.279478 - val 0.245210
Epoch 1403/1500 - train 0.279172 - val 0.244351
Epoch 1404/1500 - train 0.278632 - val 0.249962
Epoch 1405/1500 - train 0.279066 - val 0.251254
Epoch 1406/1500 - train 0.278696 - val 0.246196
Epoch 1407/1500 - train 0.278639 - val 0.244401
Epoch 1408/1500 - train 0.278259 - val 0.246756
Epoch 1409/1500 - train 0.278718 - val 0.246675
Epoch 1410/1500 - train 0.278896 - val 0.244605
Epoch 1411/1500 - train 0.279084 - val 0.247788
Epoch 1412/1500 - train 0.278735 - val 0.243872
Epoch 1413/1500 - train 0.279011 - val 0.248221
Epoch 1414/1500 - train 0.278360 - val 0.248261
Epoch 1415/1500 - train 0.279090 - val 0.256296
Epoch 1416/1500 - train 0.279089 - val 0.250049
Epoch 1417/1500 - train 0.278983 - val 0.245616
Epoch 1418/1500 - train 0.279091 - val 0.249933
Epoch 1419/1500 - train 0.279011 - val 0.247464
Epoch 1420/1500 - train 0.278676 - val 0.247598
Epoch 1421/1500 - train 0.279047 - val 0.246408
Epoch 1422/1500 - train 0.278361 - val 0.250356
Epoch 1423/1500 - train 0.278777 - val 0.247357
Epoch 1424/1500 - train 0.279139 - val 0.250198
Epoch 1425/1500 - train 0.278937 - val 0.250813
Epoch 1426/1500 - train 0.278705 - val 0.247706
Epoch 1427/1500 - train 0.278769 - val 0.247027
Epoch 1428/1500 - train 0.278328 - val 0.247361
Epoch 1429/1500 - train 0.278680 - val 0.248575
Epoch 1430/1500 - train 0.279347 - val 0.246124
Epoch 1431/1500 - train 0.279509 - val 0.247025
Epoch 1432/1500 - train 0.278375 - val 0.245485
Epoch 1433/1500 - train 0.278367 - val 0.245060
Epoch 1434/1500 - train 0.278897 - val 0.250969
Epoch 1435/1500 - train 0.278353 - val 0.247254
Epoch 1436/1500 - train 0.278688 - val 0.245027
Epoch 1437/1500 - train 0.278279 - val 0.247592
Epoch 1438/1500 - train 0.279055 - val 0.243313
Epoch 1439/1500 - train 0.278751 - val 0.245385
Epoch 1440/1500 - train 0.278931 - val 0.250417
Epoch 1441/1500 - train 0.278989 - val 0.248840
Epoch 1442/1500 - train 0.278669 - val 0.245847
Epoch 1443/1500 - train 0.278636 - val 0.246188
Epoch 1444/1500 - train 0.278660 - val 0.247951
Epoch 1445/1500 - train 0.279179 - val 0.249358
Epoch 1446/1500 - train 0.279145 - val 0.243804
Epoch 1447/1500 - train 0.279054 - val 0.246416
Epoch 1448/1500 - train 0.279022 - val 0.245762
Epoch 1449/1500 - train 0.278515 - val 0.247299
Epoch 1450/1500 - train 0.279340 - val 0.246856
Epoch 1451/1500 - train 0.278476 - val 0.244927
Epoch 1452/1500 - train 0.278950 - val 0.248916
Epoch 1453/1500 - train 0.278776 - val 0.245760
Epoch 1454/1500 - train 0.278927 - val 0.248455
Epoch 1455/1500 - train 0.279141 - val 0.246625
Epoch 1456/1500 - train 0.279221 - val 0.246997
Epoch 1457/1500 - train 0.278251 - val 0.250153
Epoch 1458/1500 - train 0.279355 - val 0.248343
Epoch 1459/1500 - train 0.278375 - val 0.244354
Epoch 1460/1500 - train 0.278656 - val 0.248869
Epoch 1461/1500 - train 0.278378 - val 0.248453
Epoch 1462/1500 - train 0.278905 - val 0.245248
Epoch 1463/1500 - train 0.278658 - val 0.247246
Epoch 1464/1500 - train 0.278848 - val 0.247433
Epoch 1465/1500 - train 0.278483 - val 0.248797
Epoch 1466/1500 - train 0.278698 - val 0.245928
Epoch 1467/1500 - train 0.278385 - val 0.246931
Epoch 1468/1500 - train 0.279146 - val 0.247886
Epoch 1469/1500 - train 0.278627 - val 0.246417
Epoch 1470/1500 - train 0.278575 - val 0.242226
Epoch 1471/1500 - train 0.278730 - val 0.245918
Epoch 1472/1500 - train 0.279101 - val 0.246704
Epoch 1473/1500 - train 0.278448 - val 0.250017
Epoch 1474/1500 - train 0.278811 - val 0.248846
Epoch 1475/1500 - train 0.278980 - val 0.248169
Epoch 1476/1500 - train 0.278224 - val 0.245662
Epoch 1477/1500 - train 0.278444 - val 0.248661
Epoch 1478/1500 - train 0.279057 - val 0.250165
Epoch 1479/1500 - train 0.279072 - val 0.246548
Epoch 1480/1500 - train 0.279047 - val 0.249085
Epoch 1481/1500 - train 0.278654 - val 0.246903
Epoch 1482/1500 - train 0.279116 - val 0.248857
Epoch 1483/1500 - train 0.279036 - val 0.245468
Epoch 1484/1500 - train 0.279217 - val 0.247487
Epoch 1485/1500 - train 0.278530 - val 0.243758
Epoch 1486/1500 - train 0.279070 - val 0.248199
Epoch 1487/1500 - train 0.279158 - val 0.247244
Epoch 1488/1500 - train 0.278361 - val 0.247005
Epoch 1489/1500 - train 0.278349 - val 0.253040
Epoch 1490/1500 - train 0.278850 - val 0.246004
Epoch 1491/1500 - train 0.278689 - val 0.250817
Epoch 1492/1500 - train 0.278791 - val 0.244863
Epoch 1493/1500 - train 0.278755 - val 0.247180
Epoch 1494/1500 - train 0.278820 - val 0.246058
Epoch 1495/1500 - train 0.278921 - val 0.246590
Epoch 1496/1500 - train 0.278617 - val 0.243476
Epoch 1497/1500 - train 0.279207 - val 0.246095
Epoch 1498/1500 - train 0.279265 - val 0.246165
Epoch 1499/1500 - train 0.278709 - val 0.248082
Epoch 1500/1500 - train 0.278879 - val 0.248444
Saved model to /scratch/network/ak9088/NASA-RL-Wavefront-Control/RL/jobs/20251227_135147/exp-fc1-zscore-ep1500-bs256-lr1e-3-s42-h512-256-128-images-wd0.0005-mc0-do0.1/fc1_best.pth
